******************************************************************************
                  TI ARM Linker PC v20.2.5                     
******************************************************************************
>> Linked Tue Jun  7 22:47:17 2022

OUTPUT FILE NAME:   <EGH456MotorProject.out>
ENTRY POINT SYMBOL: "_c_int00"  address: 0000dba1


MEMORY CONFIGURATION

         name            origin    length      used     unused   attr    fill
----------------------  --------  ---------  --------  --------  ----  --------
  FLASH                 00000000   00100000  00019cb6  000e634a  R  X
  SRAM                  20000000   00040000  00006c9c  00039364  RW X


SEGMENT ALLOCATION MAP

run origin  load origin   length   init length attrs members
----------  ----------- ---------- ----------- ----- -------
00000000    00000000    00019cc0   00019cc0    r-x
  00000000    00000000    0000003c   0000003c    r-- .resetVecs
  00000040    00000040    00011372   00011372    r-x .text
  000113b8    000113b8    000084a0   000084a0    r-- .const
  00019858    00019858    00000468   00000468    r-- .cinit
20000000    20000000    00000360   00000000    rw-
  20000000    20000000    00000360   00000000    rw- .vecs
20000400    20000400    00006940   00000000    rw-
  20000400    20000400    000057e0   00000000    rw- .bss
  20005be0    20005be0    00000d5c   00000000    rw- .data
  20006940    20006940    00000400   00000000    rw- .stack


SECTION ALLOCATION MAP

 output                                  attributes/
section   page    origin      length       input sections
--------  ----  ----------  ----------   ----------------
.text      0    00000040    00011372     
                  00000040    00000a4e     rtsv7M4_T_le_v4SPD16_eabi.lib : _printfi.c.obj (.text:__TI_printfi)
                  00000a8e    00000002                                   : _lock.c.obj (.text:_nop)
                  00000a90    000006ac     MotorLib.lib : motorlib.obj (.text)
                  0000113c    00000438     ustdlib.obj (.text:uvsnprintf)
                  00001574    00000004     driverlib.lib : i2c.obj (.text:I2CMasterControl)
                  00001578    00000430     sysbios.aem4f : BIOS.obj (.text:ti_sysbios_family_arm_m3_Hwi_excDumpRegs__I)
                  000019a8    000003f4     GlobalDraw.obj (.text:MotorPage)
                  00001d9c    000003c8     GlobalDraw.obj (.text:GraphPrimitive)
                  00002164    00000388     GlobalDraw.obj (.text:SensorPage)
                  000024ec    00000374     grlib.lib : image.obj (.text:InternalImageDraw)
                  00002860    0000034c     ti.targets.arm.rtsarm.aem4f : System.oem4f (.text:xdc_runtime_System_doPrint__I)
                  00002bac    00000004     driverlib.lib : i2c.obj (.text:I2CMasterDataGet)
                  00002bb0    00000320     sysbios.aem4f : BIOS.obj (.text:ti_sysbios_knl_Event_pend__E)
                  00002ed0    00000318     Motor.obj (.text:RegulateSpeed)
                  000031e8    000002f8     grlib.lib : image.obj (.text:PixelTransparentDraw)
                  000034e0    000002c6               : slider.obj (.text:SliderPaint)
                  000037a6    00000002     rtsv7M4_T_le_v4SPD16_eabi.lib : div0.asm.obj (.text)
                  000037a8    000002b0     Clock.obj (.text:timeConvert)
                  00003a58    000002a4     sysbios.aem4f : BIOS.obj (.text:ti_sysbios_knl_Semaphore_pend__E)
                  00003cfc    00000270     rtsv7M4_T_le_v4SPD16_eabi.lib : _printfi.c.obj (.text:_pconv_a)
                  00003f6c    00000004     driverlib.lib : i2c.obj (.text:I2CMasterDataPut)
                  00003f70    0000026c     sysbios.aem4f : BIOS.obj (.text:ti_sysbios_heaps_HeapMem_free__E)
                  000041dc    00000268     touch.obj (.text:TouchScreenDebouncer)
                  00004444    00000254     grlib.lib : string.obj (.text:GrFontGlyphRender)
                  00004698    00000250     sysbios.aem4f : BIOS.obj (.text:ti_sysbios_heaps_HeapMem_alloc__E)
                  000048e8    00000234                   : BIOS.obj (.text:ti_sysbios_knl_Task_Instance_finalize__E)
                  00004b1c    00000224     empty.obj (.text:main)
                  00004d40    00000214     GlobalDraw.obj (.text:TopBarDraw)
                  00004f54    0000020c     drivers_tivaware.aem4f : UARTTiva.oem4f (.text:UARTTiva_open)
                  00005160    00000204     Boot.aem4f : Boot_sysctl.oem4f (.text:ti_catalog_arm_cortexm4_tiva_ce_Boot_sysCtlClockFreqSetI__I)
                  00005364    00000200     rtsv7M4_T_le_v4SPD16_eabi.lib : s_exp2.c.obj (.text:exp2)
                  00005564    000001f8     GlobalDraw.obj (.text:updateSensorPage)
                  0000575c    00000004     driverlib.lib : uart.obj (.text:UARTIntClear)
                  00005760    000001f4     sysbios.aem4f : BIOS.obj (.text:ti_sysbios_family_arm_m3_Hwi_excHandlerMax__I)
                  00005954    000001e8     GlobalDraw.obj (.text:MotorPageUpdate)
                  00005b3c    000001e4     Kentec320x240x16_ssd2119_spi.obj (.text:Kentec320x240x16_SSD2119Init)
                  00005d20    000001dc     Kentec320x240x16_ssd2119_spi.obj (.text:Kentec320x240x16_SSD2119PixelDrawMultiple)
                  00005efc    000001d0     rtsv7M4_T_le_v4SPD16_eabi.lib : _printfi.c.obj (.text:_pconv_g)
                  000060cc    00000004     grlib.lib : widget.obj (.text:WidgetDefaultMsgProc)
                  000060d0    000001c8     sysbios.aem4f : BIOS.obj (.text:ti_sysbios_knl_Task_sleep__E)
                  00006298    000001c4     empty.obj (.text:heartBeatFxn)
                  0000645c    00000004     rtsv7M4_T_le_v4SPD16_eabi.lib : exit.c.obj (.text:abort:abort)
                  00006460    000001c0     sysbios.aem4f : BIOS.obj (.text:ti_sysbios_knl_Task_Instance_init__E)
                  00006620    000001b6     rtsv7M4_T_le_v4SPD16_eabi.lib : fd_add_t2.asm.obj (.text)
                  000067d6    00000002     empty_pem4f.oem4f (.text:ti_sysbios_BIOS_nullFunc__I)
                  000067d8    000001b4     sensors.obj (.text:readOptFxn)
                  0000698c    000001a4     pinout.obj (.text:PinoutSet)
                  00006b30    000001a4     GlobalDraw.obj (.text:UpdateGraphPlot)
                  00006cd4    00000004     empty_pem4f.oem4f (.text:ti_sysbios_BIOS_RtsGateProxy_enter__E)
                  00006cd8    000001a0     sysbios.aem4f : BIOS.obj (.text:ti_sysbios_gates_GateMutexPri_enter__E)
                  00006e78    00000190     grlib.lib : canvas.obj (.text:CanvasPaint)
                  00007008    0000017e               : pushbutton.obj (.text:RectangularButtonPaint)
                  00007186    00000002     empty_pem4f.oem4f (.text:xdc_runtime_Startup_reset__I)
                  00007188    00000178     touch.obj (.text:TouchScreenIntHandler)
                  00007300    00000174     sysbios.aem4f : BIOS.obj (.text:ti_sysbios_family_arm_m3_Hwi_excBusFault__I)
                  00007474    00000170     drivers_tivaware.aem4f : PWMTiva.oem4f (.text:PWMTiva_open)
                  000075e4    00000004     empty_pem4f.oem4f (.text:ti_sysbios_BIOS_RtsGateProxy_leave__E)
                  000075e8    00000164     sysbios.aem4f : BIOS.obj (.text:ti_sysbios_family_arm_m3_Hwi_excUsageFault__I)
                  0000774c    0000015c     sensors.obj (.text:accelSensorFilterFxn)
                  000078a8    00000158     sensors.obj (.text:readCurrentFxn)
                  00007a00    00000150     drivers_tivaware.aem4f : GPIOTiva.oem4f (.text:GPIO_setConfig)
                  00007b50    0000014c     sensors.obj (.text:readAccFxn)
                  00007c9c    00000004     sysbios.aem4f : BIOS.obj (.text:ti_sysbios_family_arm_lm4_Timer_masterEnable__I)
                  00007ca0    00000148                   : BIOS.obj (.text:ti_sysbios_family_arm_m3_Hwi_excMemFault__I)
                  00007de8    0000013c     rtsv7M4_T_le_v4SPD16_eabi.lib : _printfi.c.obj (.text:_pconv_e)
                  00007f24    00000004     empty_pem4f.oem4f (.text:ti_sysbios_family_arm_m3_Hwi_destruct)
                  00007f28    0000013c     sysbios.aem4f : BIOS.obj (.text:ti_sysbios_heaps_HeapMem_Instance_init__E)
                  00008064    00000136     rtsv7M4_T_le_v4SPD16_eabi.lib : fd_div_t2.asm.obj (.text)
                  0000819a    00000006     driverlib.lib : gpio.obj (.text:GPIOIntClear)
                  000081a0    00000134     sysbios.aem4f : BIOS.obj (.text:ti_sysbios_knl_Task_setPri__E)
                  000082d4    00000130     GlobalDraw.obj (.text:BannerInit)
                  00008404    00000130     driverlib.lib : gpio.obj (.text:GPIOPadConfigSet)
                  00008534    00000128     Motor.obj (.text:PIControl)
                  0000865c    00000124     rtsv7M4_T_le_v4SPD16_eabi.lib : _printfi.c.obj (.text:fcvt)
                  00008780    00000118     ti.targets.arm.rtsarm.aem4f : Error.oem4f (.text:xdc_runtime_Error_policyDefault__E)
                  00008898    00000114     drivers_tivaware.aem4f : PWMTimerTiva.oem4f (.text:PWMTimerTiva_open)
                  000089ac    00000110     rtsv7M4_T_le_v4SPD16_eabi.lib : s_scalbn.c.obj (.text:scalbn)
                  00008abc    0000010c     Kentec320x240x16_ssd2119_spi.obj (.text:Kentec320x240x16_SSD2119RectFill)
                  00008bc8    0000010c     touch.obj (.text:TouchScreenInit)
                  00008cd4    00000004     empty_pem4f.oem4f (.text:ti_sysbios_family_arm_m3_TaskSupport_Module__startupDone__S)
                  00008cd8    00000108     sysbios.aem4f : BIOS.obj (.text:ti_sysbios_family_arm_lm4_Timer_start__E)
                  00008de0    00000108                   : BIOS.obj (.text:ti_sysbios_knl_Clock_Instance_init__E)
                  00008ee8    00000106     grlib.lib : line.obj (.text:GrLineDraw)
                  00008fee    00000002     --HOLE-- [fill = 0]
                  00008ff0    00000104     Motor.obj (.text:MotorMain)
                  000090f4    00000104     GlobalDraw.obj (.text:graphSelectPage)
                  000091f8    00000104     sysbios.aem4f : BIOS.obj (.text:ti_sysbios_knl_Event_post__E)
                  000092fc    00000100     ti.targets.arm.rtsarm.aem4f : Core-mem.oem4f (.text:xdc_runtime_Core_createObject__I)
                  000093fc    000000fc     rtsv7M4_T_le_v4SPD16_eabi.lib : fd_mul_t2.asm.obj (.text)
                  000094f8    000000f8     sensors.obj (.text:currentSensorFilterFxn)
                  000095f0    000000f8     rtsv7M4_T_le_v4SPD16_eabi.lib : s_floor.c.obj (.text:floor)
                  000096e8    000000f8     ti.targets.arm.rtsarm.aem4f : Startup.oem4f (.text:xdc_runtime_Startup_startMods__I)
                  000097e0    000000f8     empty_pem4f.oem4f (.text:xdc_runtime_System_printfExtend__I)
                  000098d8    000000f4     sysbios.aem4f : m3_Hwi_asm.obj (.text:ti_sysbios_family_arm_m3_Hwi_dispatch__I)
                  000099cc    000000f2     grlib.lib : pushbutton.obj (.text:RectangularButtonClick)
                  00009abe    000000f0     drivers_tivaware.aem4f : PWMTiva.oem4f (.text:PWMTiva_setDuty)
                  00009bae    000000f0     bmi160.obj (.text:bmi160_init)
                  00009c9e    00000002     --HOLE-- [fill = 0]
                  00009ca0    000000ec     sysbios.aem4f : BIOS.obj (.text:ti_sysbios_knl_Semaphore_post__E)
                  00009d8c    000000e8     GlobalDraw.obj (.text:MainPage)
                  00009e74    000000e8     grlib.lib : widget.obj (.text:WidgetMessageQueueAdd)
                  00009f5c    000000e0     drivers_tivaware.aem4f : I2CTiva.oem4f (.text:I2CTiva_open)
                  0000a03c    000000d6                            : I2CTiva.oem4f (.text:I2CTiva_hwiFxn)
                  0000a112    000000d6     grlib.lib : slider.obj (.text:SliderClick)
                  0000a1e8    000000d4     sysbios.aem4f : BIOS.obj (.text:ti_sysbios_knl_Swi_Instance_init__E)
                  0000a2bc    000000cc     ti.targets.arm.rtsarm.aem4f : Core-smem.oem4f (.text:xdc_runtime_Core_constructObject__I)
                  0000a388    000000c0     grlib.lib : string.obj (.text:GrDefaultStringRenderer)
                  0000a448    000000bc     sysbios.aem4f : BIOS.obj (.text:ti_sysbios_family_arm_m3_Hwi_excDebugMon__I)
                  0000a504    00000004     empty_pem4f.oem4f (.text:ti_sysbios_heaps_HeapMem_Module_GateProxy_enter__E)
                  0000a508    000000bc     sysbios.aem4f : BIOS.obj (.text:ti_sysbios_family_arm_m3_Hwi_excHardFault__I)
                  0000a5c4    000000b8     EK_TM4C1294XL.obj (.text:EK_TM4C1294XL_initGeneral)
                  0000a67c    000000b8     grlib.lib : line.obj (.text:GrLineClip)
                  0000a734    000000b8     Kentec320x240x16_ssd2119_spi.obj (.text:InitSPILCDInterface)
                  0000a7ec    000000b8     drivers_tivaware.aem4f : PWMTimerTiva.oem4f (.text:PWMTimerTiva_setDuty)
                  0000a8a4    000000b4     GlobalDraw.obj (.text:GraphPageCurrent)
                  0000a958    000000b4     grlib.lib : widget.obj (.text:WidgetMessageSendPostOrder)
                  0000aa0c    00000004     empty_pem4f.oem4f (.text:ti_sysbios_heaps_HeapMem_Module_GateProxy_leave__E)
                  0000aa10    000000b4     sysbios.aem4f : BIOS.obj (.text:ti_sysbios_gates_GateMutex_enter__E)
                  0000aac4    00000004     empty_pem4f.oem4f (.text:ti_sysbios_knl_Clock_TimerProxy_getFreq__E)
                  0000aac8    000000b4     sysbios.aem4f : BIOS.obj (.text:ti_sysbios_knl_Task_checkStacks__E)
                  0000ab7c    000000b1     rtsv7M4_T_le_v4SPD16_eabi.lib : _printfi.c.obj (.text:_ltostr)
                  0000ac2d    00000003     --HOLE-- [fill = 0]
                  0000ac30    000000b0     GlobalDraw.obj (.text:GraphPageAccel)
                  0000ace0    000000b0     GlobalDraw.obj (.text:GraphPageLight)
                  0000ad90    000000b0     grlib.lib : slider.obj (.text:SliderValueToPosition)
                  0000ae40    000000ac     drivers_tivaware.aem4f : UARTTiva.oem4f (.text:readTaskBlocking)
                  0000aeec    00000004     empty_pem4f.oem4f (.text:ti_sysbios_knl_Clock_TimerProxy_getMaxTicks__E)
                  0000aef0    000000ac     sysbios.aem4f : BIOS.obj (.text:ti_sysbios_family_arm_lm4_Timer_enableTiva__I)
                  0000af9c    00000004     empty_pem4f.oem4f (.text:ti_sysbios_knl_Clock_TimerProxy_getPeriod__E)
                  0000afa0    000000a4     sysbios.aem4f : BIOS.obj (.text:ti_sysbios_knl_Clock_Instance_finalize__E)
                  0000b044    000000a0     auto_init.aem4f : auto_init.oem4f (.text)
                  0000b0e4    000000a0     ti.targets.arm.rtsarm.aem4f : Text.oem4f (.text:xdc_runtime_Text_putMod__E)
                  0000b184    0000009c     GlobalDraw.obj (.text:ChangeMotorStat)
                  0000b220    0000009c     EK_TM4C1294XL.obj (.text:EK_TM4C1294XL_initI2C)
                  0000b2bc    0000009c     rtsv7M4_T_le_v4SPD16_eabi.lib : memcpy_t2.asm.obj (.text)
                  0000b358    0000009c     sysbios.aem4f : BIOS.obj (.text:ti_sysbios_knl_Semaphore_Instance_init__E)
                  0000b3f4    0000009a     ti.targets.arm.rtsarm.aem4f : Text.oem4f (.text:xdc_runtime_Text_putSite__E)
                  0000b48e    00000098     drivers_tivaware.aem4f : UARTTiva.oem4f (.text:UARTTiva_readPolling)
                  0000b526    00000002     --HOLE-- [fill = 0]
                  0000b528    00000098     Boot.aem4f : Boot.oem4f (.text:ti_catalog_arm_cortexm4_tiva_ce_Boot_sysCtlClockFreqSet__E)
                  0000b5c0    00000096     rtsv7M4_T_le_v4SPD16_eabi.lib : ull_div_t2.asm.obj (.text)
                  0000b656    00000002     --HOLE-- [fill = 0]
                  0000b658    00000094     GlobalDraw.obj (.text:GraphPageVelocity)
                  0000b6ec    00000094     drivers_tivaware.aem4f : UARTTiva.oem4f (.text:UARTTiva_write)
                  0000b780    00000094     sysbios.aem4f : BIOS.obj (.text:ti_sysbios_family_arm_m3_Hwi_Instance_init__E)
                  0000b814    00000004     empty_pem4f.oem4f (.text:ti_sysbios_knl_Clock_destruct)
                  0000b818    00000094     sysbios.aem4f : BIOS.obj (.text:ti_sysbios_family_arm_m3_Hwi_initNVIC__E)
                  0000b8ac    00000004     empty_pem4f.oem4f (.text:ti_sysbios_knl_Queue_destruct)
                  0000b8b0    00000094     sysbios.aem4f : BIOS.obj (.text:ti_sysbios_knl_Task_postInit__I)
                  0000b944    00000090     GlobalDraw.obj (.text:UpdateAccelGraph)
                  0000b9d4    00000090     GlobalDraw.obj (.text:UpdateCurrentGraph)
                  0000ba64    00000090     GlobalDraw.obj (.text:UpdateLightGraph)
                  0000baf4    0000008c     drivers_tivaware.aem4f : GPIOTiva.oem4f (.text:GPIO_init)
                  0000bb80    0000008c                            : UARTTiva.oem4f (.text:UARTTiva_control)
                  0000bc0c    0000008c     sysbios.aem4f : m3_TaskSupport_asm.obj (.text:ti_sysbios_family_arm_m3_TaskSupport_buildTaskStack)
                  0000bc98    0000008c                   : BIOS.obj (.text:ti_sysbios_hal_SecondsClock_Module_startup__E)
                  0000bd24    0000008a     drivers_tivaware.aem4f : UARTTiva.oem4f (.text:readIsrTextBlocking)
                  0000bdae    00000002     --HOLE-- [fill = 0]
                  0000bdb0    00000088                            : PWMTiva.oem4f (.text:PWMTiva_control)
                  0000be38    00000086     grlib.lib : rectangle.obj (.text:GrRectFill)
                  0000bebe    00000086     rtsv7M4_T_le_v4SPD16_eabi.lib : fd_cmp_t2.asm.obj (.text:__aeabi_cdcmple)
                  0000bf44    00000086                                   : fd_cmp_t2.asm.obj (.text:__aeabi_cdrcmple)
                  0000bfca    00000006     driverlib.lib : gpio.obj (.text:GPIOPinRead)
                  0000bfd0    00000084     sysbios.aem4f : BIOS.obj (.text:ti_sysbios_family_arm_m3_Hwi_postInit__I)
                  0000c054    00000082     opt3001.obj (.text:opt3001_init)
                  0000c0d6    00000082     drivers_tivaware.aem4f : UARTTiva.oem4f (.text:readIsrTextCallback)
                  0000c158    00000080     grlib.lib : rectangle.obj (.text:GrRectIntersectGet)
                  0000c1d8    0000007e     drivers_tivaware.aem4f : I2CTiva.oem4f (.text:I2CTiva_transfer)
                  0000c256    00000002     --HOLE-- [fill = 0]
                  0000c258    0000007c     sensors.obj (.text:adc_init)
                  0000c2d4    0000007a     driverlib.lib : adc.obj (.text:ADCSequenceStepConfigure)
                  0000c34e    0000007a     drivers_tivaware.aem4f : UARTTiva.oem4f (.text:readTaskCallback)
                  0000c3c8    0000007a     rtsv7M4_T_le_v4SPD16_eabi.lib : memset_t2.asm.obj (.text)
                  0000c442    00000076     GraphFunctions.obj (.text:ArrayUpdate)
                  0000c4b8    00000074     GlobalDraw.obj (.text:InitScreen)
                  0000c52c    00000074     empty.obj (.text:TouchCheckTask)
                  0000c5a0    00000074     GlobalDraw.obj (.text:UpdateVelocityGraph)
                  0000c614    00000004     empty_pem4f.oem4f (.text:ti_sysbios_knl_Semaphore_destruct)
                  0000c618    00000074     sysbios.aem4f : BIOS.obj (.text:ti_sysbios_knl_Clock_start__E)
                  0000c68c    00000070     GlobalDraw.obj (.text:BackMainMotorPage)
                  0000c6fc    00000070     sensors.obj (.text:lightSensorFilterFxn)
                  0000c76c    00000070     opt3001.obj (.text:opt3001_read)
                  0000c7dc    00000004     ti.targets.arm.rtsarm.aem4f : Error.oem4f (.text:xdc_runtime_Error_getSite__E)
                  0000c7e0    00000070     sysbios.aem4f : BIOS.obj (.text:ti_sysbios_knl_Clock_workFunc__E)
                  0000c850    00000070                   : BIOS.obj (.text:ti_sysbios_knl_Task_exit__E)
                  0000c8c0    0000006e     rtsv7M4_T_le_v4SPD16_eabi.lib : _printfi.c.obj (.text:_mcpy)
                  0000c92e    00000002     --HOLE-- [fill = 0]
                  0000c930    0000006d     ti.targets.arm.rtsarm.aem4f : System.oem4f (.text:xdc_runtime_System_formatNum__I)
                  0000c99d    00000003     --HOLE-- [fill = 0]
                  0000c9a0    0000006c     GraphFunctions.obj (.text:CalcAvg)
                  0000ca0c    0000006c     Motor.obj (.text:HAllF)
                  0000ca78    0000006c     Motor.obj (.text:MotorStart)
                  0000cae4    0000006c     drivers_tivaware.aem4f : PWMTimerTiva.oem4f (.text:PWMTimerTiva_control)
                  0000cb50    0000006c     sysbios.aem4f : BIOS.obj (.text:ti_sysbios_gates_GateMutexPri_leave__E)
                  0000cbbc    00000004     empty_pem4f.oem4f (.text:xdc_runtime_System_Module_GateProxy_enter__E)
                  0000cbc0    0000006c     sysbios.aem4f : BIOS.obj (.text:ti_sysbios_knl_Swi_restoreHwi__E)
                  0000cc2c    0000006c     drivers_tivaware.aem4f : UARTTiva.oem4f (.text:writeData)
                  0000cc98    0000006c     ti.targets.arm.rtsarm.aem4f : Error.oem4f (.text:xdc_runtime_Error_print__E)
                  0000cd04    0000006c                                 : Memory.oem4f (.text:xdc_runtime_Memory_alloc__E)
                  0000cd70    0000006a     drivers_tivaware.aem4f : PWMTiva.oem4f (.text:PWMTiva_close)
                  0000cdda    00000002     --HOLE-- [fill = 0]
                  0000cddc    00000068     grlib.lib : context.obj (.text:GrContextInit)
                  0000ce44    00000068               : string.obj (.text:GrStringWidthGet)
                  0000ceac    00000068     driverlib.lib : interrupt.obj (.text:IntEnable)
                  0000cf14    00000068     Kentec320x240x16_ssd2119_spi.obj (.text:Kentec320x240x16_SSD2119LineDrawH)
                  0000cf7c    00000068     Kentec320x240x16_ssd2119_spi.obj (.text:Kentec320x240x16_SSD2119LineDrawV)
                  0000cfe4    00000068     rtsv7M4_T_le_v4SPD16_eabi.lib : copy_decompress_lzss.c.obj (.text:decompress:lzss:__TI_decompress_lzss)
                  0000d04c    00000068     opt3001.obj (.text:opt3001_convert)
                  0000d0b4    00000066     grlib.lib : context.obj (.text:GrContextClipRegionSet)
                  0000d11a    00000066               : rectangle.obj (.text:GrRectDraw)
                  0000d180    00000066     ti.targets.arm.rtsarm.aem4f : Core-mem.oem4f (.text:xdc_runtime_Core_deleteObject__I)
                  0000d1e6    00000002     --HOLE-- [fill = 0]
                  0000d1e8    00000064     drivers_tivaware.aem4f : GPIOTiva.oem4f (.text:GPIO_hwiIntFxn)
                  0000d24c    00000064     grlib.lib : widget.obj (.text:WidgetMessageQueueProcess)
                  0000d2b0    00000064     rtsv7M4_T_le_v4SPD16_eabi.lib : s_frexp.c.obj (.text:frexp)
                  0000d314    00000064     GraphFunctions.obj (.text:min_element)
                  0000d378    00000064     sysbios.aem4f : BIOS.obj (.text:ti_sysbios_family_arm_lm4_Timer_Module_startup__E)
                  0000d3dc    00000064     empty_pem4f.oem4f (.text:ti_sysbios_family_arm_m3_Hwi_create)
                  0000d440    00000064     sysbios.aem4f : BIOS.obj (.text:ti_sysbios_family_arm_m3_Hwi_dispatchC__I)
                  0000d4a4    00000062     drivers_tivaware.aem4f : I2CTiva.oem4f (.text:I2CTiva_primeTransfer)
                  0000d506    00000002     --HOLE-- [fill = 0]
                  0000d508    00000060     driverlib.lib : timer.obj (.text:TimerConfigure)
                  0000d568    00000060     Kentec320x240x16_ssd2119_spi.obj (.text:WriteDataSPI)
                  0000d5c8    00000060     sysbios.aem4f : BIOS.obj (.text:ti_sysbios_knl_Task_schedule__I)
                  0000d628    0000005e     grlib.lib : widget.obj (.text:WidgetMessageSendPreOrder)
                  0000d686    0000005e     bmi160.obj (.text:bmi160_getAccel)
                  0000d6e4    0000005e     drivers_tivaware.aem4f : UARTTiva.oem4f (.text:readIsrBinaryBlocking)
                  0000d742    00000002     --HOLE-- [fill = 0]
                  0000d744    0000005c     GlobalDraw.obj (.text:OnSliderChange)
                  0000d7a0    0000005c     Kentec320x240x16_ssd2119_spi.obj (.text:WriteCommandSPI)
                  0000d7fc    0000005c     Motor.obj (.text:freq2ticks)
                  0000d858    0000005c     GraphFunctions.obj (.text:max_element)
                  0000d8b4    0000005c     empty_pem4f.oem4f (.text:ti_sysbios_knl_Swi_create)
                  0000d910    0000005c     sysbios.aem4f : BIOS.obj (.text:ti_sysbios_knl_Swi_run__I)
                  0000d96c    00000004     empty_pem4f.oem4f (.text:xdc_runtime_System_Module_GateProxy_leave__E)
                  0000d970    0000005c     sysbios.aem4f : BIOS.obj (.text:ti_sysbios_knl_Swi_schedule__I)
                  0000d9cc    00000004     ti.targets.arm.rtsarm.aem4f : System.oem4f (.text:xdc_runtime_System_aprintf_va__F)
                  0000d9d0    0000005c     sysbios.aem4f : BIOS.obj (.text:ti_sysbios_knl_Task_Module_startup__E)
                  0000da2c    00000004     ti.targets.arm.rtsarm.aem4f : System.oem4f (.text:xdc_runtime_System_printf_va__F)
                  0000da30    0000005c     sysbios.aem4f : BIOS.obj (.text:ti_sysbios_knl_Task_startCore__E)
                  0000da8c    0000005c     i2cDriver.obj (.text:writeI2C)
                  0000dae8    0000005b     ti.targets.arm.rtsarm.aem4f : Text.oem4f (.text:xdc_runtime_Text_putLab__E)
                  0000db43    00000001     --HOLE-- [fill = 0]
                  0000db44    0000005a     grlib.lib : string.obj (.text:FontWideGlyphDataGet)
                  0000db9e    00000002     --HOLE-- [fill = 0]
                  0000dba0    00000058     boot.aem4f : boot.oem4f (.text)
                  0000dbf8    00000058     Motor.obj (.text:GetCurrentSpeed)
                  0000dc50    00000058     rtsv7M4_T_le_v4SPD16_eabi.lib : hostwrite.c.obj (.text:HOSTwrite)
                  0000dca8    00000058     grlib.lib : slider.obj (.text:SliderPositionToValue)
                  0000dd00    00000058     driverlib.lib : timer.obj (.text:TimerControlTrigger)
                  0000dd58    00000058     empty_pem4f.oem4f (.text:ti_sysbios_family_arm_m3_Hwi_construct)
                  0000ddb0    00000058     sysbios.aem4f : m3_Hwi_asm_switch.obj (.text:ti_sysbios_family_arm_m3_Hwi_initStacks__E)
                  0000de08    00000058     ustdlib.obj (.text:ustrncpy)
                  0000de60    00000057     Motor.obj (.text:MotorInit)
                  0000deb7    00000001     --HOLE-- [fill = 0]
                  0000deb8    00000056     driverlib.lib : gpio.obj (.text:GPIOIntTypeSet)
                  0000df0e    00000056     rtsv7M4_T_le_v4SPD16_eabi.lib : _printfi.c.obj (.text:_pconv_f)
                  0000df64    00000054                                   : _ltoa.c.obj (.text:__TI_ltoa)
                  0000dfb8    00000054     sensors.obj (.text:i2c_Open)
                  0000e00c    00000054     drivers_tivaware.aem4f : UARTTiva.oem4f (.text:readIsrBinaryCallback)
                  0000e060    00000054     sysbios.aem4f : BIOS.obj (.text:ti_sysbios_family_arm_lm4_Timer_initDevice__I)
                  0000e0b4    00000004     --HOLE-- [fill = 0]
                  0000e0b8    00000054                   : BIOS.obj (.text:ti_sysbios_knl_Swi_Instance_finalize__E)
                  0000e10c    00000054     empty_pem4f.oem4f (.text:ti_sysbios_knl_Task_construct)
                  0000e160    00000054     ti.targets.arm.rtsarm.aem4f : Assert.oem4f (.text:xdc_runtime_Assert_raise__I)
                  0000e1b4    00000052     rtsv7M4_T_le_v4SPD16_eabi.lib : _printfi.c.obj (.text:_ecpy)
                  0000e206    00000002     --HOLE-- [fill = 0]
                  0000e208    00000050     drivers_tivaware.aem4f : GPIOTiva.oem4f (.text:GPIO_setCallback)
                  0000e258    00000050                            : GPIOTiva.oem4f (.text:GPIO_write)
                  0000e2a8    00000050                            : UARTTiva.oem4f (.text:UARTTiva_writeCancel)
                  0000e2f8    00000050     Boot.aem4f : Boot_sysctl.oem4f (.text:_SysCtlFrequencyGet)
                  0000e348    00000050     sysbios.aem4f : BIOS.obj (.text:ti_sysbios_family_arm_m3_Hwi_Module_startup__E)
                  0000e398    00000050     ti.targets.arm.rtsarm.aem4f : Startup.oem4f (.text:xdc_runtime_Startup_exec__E)
                  0000e3e8    00000050                                 : Text.oem4f (.text:xdc_runtime_Text_visitRope2__I)
                  0000e438    0000004c     drivers_tivaware.aem4f : UARTTiva.oem4f (.text:UARTTiva_close)
                  0000e484    0000004c     grlib.lib : widget.obj (.text:WidgetRemove)
                  0000e4d0    0000004c     rtsv7M4_T_le_v4SPD16_eabi.lib : atoi.c.obj (.text:atoi)
                  0000e51c    0000004c                                   : cpy_tbl.c.obj (.text:copy_in)
                  0000e568    0000004c     i2cDriver.obj (.text:readI2C)
                  0000e5b4    00000004     --HOLE-- [fill = 0]
                  0000e5b8    0000004c     sysbios.aem4f : BIOS.obj (.text:ti_sysbios_family_arm_lm4_Timer_setAvailMask__E)
                  0000e604    00000004     --HOLE-- [fill = 0]
                  0000e608    0000004c                   : BIOS.obj (.text:ti_sysbios_heaps_HeapMem_getStats__E)
                  0000e654    00000004     --HOLE-- [fill = 0]
                  0000e658    0000004c                   : BIOS.obj (.text:ti_sysbios_knl_Swi_runLoop__I)
                  0000e6a4    00000004     --HOLE-- [fill = 0]
                  0000e6a8    0000004c                   : BIOS.obj (.text:ti_sysbios_knl_Task_allBlockedFunction__I)
                  0000e6f4    00000004     --HOLE-- [fill = 0]
                  0000e6f8    0000004c                   : BIOS.obj (.text:ti_sysbios_knl_Task_block__E)
                  0000e744    0000004a     drivers_tivaware.aem4f : PWMTimerTiva.oem4f (.text:PWMTimerTiva_close)
                  0000e78e    0000004a     grlib.lib : string.obj (.text:UpdateContextCharMapping)
                  0000e7d8    00000048     driverlib.lib : gpio.obj (.text:GPIOPinConfigure)
                  0000e820    00000048                   : i2c.obj (.text:I2CMasterInitExpClk)
                  0000e868    00000048     rtsv7M4_T_le_v4SPD16_eabi.lib : fd_toi_t2.asm.obj (.text)
                  0000e8b0    00000048     sysbios.aem4f : BIOS.obj (.text:ti_sysbios_family_arm_lm4_Timer_enableTimers__I)
                  0000e8f8    00000048                   : BIOS.obj (.text:ti_sysbios_family_arm_m3_Hwi_disableInterrupt__E)
                  0000e940    00000048                   : BIOS.obj (.text:ti_sysbios_family_arm_m3_Hwi_enableInterrupt__E)
                  0000e988    00000048                   : BIOS.obj (.text:ti_sysbios_family_arm_m3_Hwi_excReserved__I)
                  0000e9d0    00000048                   : BIOS.obj (.text:ti_sysbios_hal_SecondsClock_increment__I)
                  0000ea18    00000048                   : BIOS.obj (.text:ti_sysbios_knl_Mailbox_Module_startup__E)
                  0000ea60    00000046     grlib.lib : line.obj (.text:GrLineDrawH)
                  0000eaa6    00000046               : line.obj (.text:GrLineDrawV)
                  0000eaec    00000046     Kentec320x240x16_ssd2119_spi.obj (.text:Kentec320x240x16_SSD2119PixelDraw)
                  0000eb32    00000046     drivers_tivaware.aem4f : RingBuf.oem4f (.text:RingBuf_put)
                  0000eb78    00000046     UARTLocal.obj (.text:initUART)
                  0000ebbe    00000046     ti.targets.arm.rtsarm.aem4f : Core-params.oem4f (.text:xdc_runtime_Core_assignParams__I)
                  0000ec04    00000044     GraphFunctions.obj (.text:CalcNoRemainder)
                  0000ec48    00000044     sysbios.aem4f : BIOS.obj (.text:ti_sysbios_family_arm_lm4_Timer_isrStub__E)
                  0000ec8c    00000004     --HOLE-- [fill = 0]
                  0000ec90    00000044                   : BIOS.obj (.text:ti_sysbios_family_arm_m3_Hwi_getStackInfo__E)
                  0000ecd4    00000004     --HOLE-- [fill = 0]
                  0000ecd8    00000044                   : BIOS.obj (.text:ti_sysbios_knl_Mailbox_postInit__I)
                  0000ed1c    00000004     --HOLE-- [fill = 0]
                  0000ed20    00000044                   : BIOS.obj (.text:ti_sysbios_knl_Swi_post__E)
                  0000ed64    00000044     ti.targets.arm.rtsarm.aem4f : Error.oem4f (.text:xdc_runtime_Error_setX__E)
                  0000eda8    00000044                                 : SysMin.oem4f (.text:xdc_runtime_SysMin_flush__E)
                  0000edec    00000044                                 : Text.oem4f (.text:xdc_runtime_Text_xprintf__I)
                  0000ee30    00000042     driverlib.lib : uart.obj (.text:UARTConfigSetExpClk)
                  0000ee72    00000042     drivers_tivaware.aem4f : UARTTiva.oem4f (.text:UARTTiva_hwiIntFxn)
                  0000eeb4    00000042                            : UARTTiva.oem4f (.text:UARTTiva_writePolling)
                  0000eef6    00000002     --HOLE-- [fill = 0]
                  0000eef8    00000040     GraphData.obj (.text:InitsingleBuffer)
                  0000ef38    00000040     drivers_tivaware.aem4f : RingBuf.oem4f (.text:RingBuf_get)
                  0000ef78    00000040                            : UARTTiva.oem4f (.text:UARTTiva_read)
                  0000efb8    00000040     rtsv7M4_T_le_v4SPD16_eabi.lib : u_divt2.asm.obj (.text)
                  0000eff8    00000040                                   : sprintf.c.obj (.text:sprintf)
                  0000f038    00000040     sysbios.aem4f : BIOS.obj (.text:ti_sysbios_family_arm_lm4_Timer_startup__E)
                  0000f078    00000040                   : BIOS.obj (.text:ti_sysbios_hal_SecondsClock_getTime__E)
                  0000f0b8    0000003e     driverlib.lib : adc.obj (.text:ADCSequenceConfigure)
                  0000f0f6    0000003e     rtsv7M4_T_le_v4SPD16_eabi.lib : _printfi.c.obj (.text:_fcpy)
                  0000f134    0000003c     driverlib.lib : ssi.obj (.text:SSIConfigSetExpClk)
                  0000f170    0000003c     Estop.obj (.text:checkEstop)
                  0000f1ac    00000004     --HOLE-- [fill = 0]
                  0000f1b0    0000003c     sysbios.aem4f : BIOS.obj (.text:ti_sysbios_family_arm_m3_Hwi_excSvCall__I)
                  0000f1ec    00000004     --HOLE-- [fill = 0]
                  0000f1f0    0000003c                   : BIOS.obj (.text:ti_sysbios_heaps_HeapMem_init__I)
                  0000f22c    00000004     --HOLE-- [fill = 0]
                  0000f230    0000003c                   : BIOS.obj (.text:ti_sysbios_knl_Swi_restore__E)
                  0000f26c    0000003a     grlib.lib : string.obj (.text:FontGlyphDataGet)
                  0000f2a6    0000003a     drivers_tivaware.aem4f : I2CTiva.oem4f (.text:I2CTiva_completeTransfer)
                  0000f2e0    00000038     grlib.lib : rectangle.obj (.text:GrRectOverlapCheck)
                  0000f318    00000038     drivers_tivaware.aem4f : I2C.oem4f (.text:I2C_init)
                  0000f350    00000038                            : PWM.oem4f (.text:PWM_init)
                  0000f388    00000038     GlobalDraw.obj (.text:RemoveGraph)
                  0000f3c0    00000038     GlobalDraw.obj (.text:RemoveGraphSelect)
                  0000f3f8    00000038     driverlib.lib : sysctl.obj (.text:SysCtlPeripheralReady)
                  0000f430    00000038     drivers_tivaware.aem4f : UART.oem4f (.text:UART_init)
                  0000f468    00000038     rtsv7M4_T_le_v4SPD16_eabi.lib : trgmsg.c.obj (.text:__TI_writemsg)
                  0000f4a0    00000038     sysbios.aem4f : BIOS.obj (.text:ti_sysbios_family_arm_m3_Hwi_excNoIsr__I)
                  0000f4d8    00000038                   : BIOS.obj (.text:ti_sysbios_knl_Task_processVitalTaskFlag__I)
                  0000f510    00000038     ti.targets.arm.rtsarm.aem4f : SysMin.oem4f (.text:xdc_runtime_SysMin_putch__E)
                  0000f548    00000038                                 : System.oem4f (.text:xdc_runtime_System_atexit__E)
                  0000f580    00000036     grlib.lib : line.obj (.text:GrClipCodeGet)
                  0000f5b6    00000036     drivers_tivaware.aem4f : I2CTiva.oem4f (.text:I2CTiva_close)
                  0000f5ec    00000036                            : UARTTiva.oem4f (.text:UARTTiva_readCancel)
                  0000f622    00000002     --HOLE-- [fill = 0]
                  0000f624    00000034     driverlib.lib : sysctl.obj (.text:SysCtlPeripheralEnable)
                  0000f658    00000034     rtsv7M4_T_le_v4SPD16_eabi.lib : trgmsg.c.obj (.text:__TI_readmsg)
                  0000f68c    00000034     bmi160.obj (.text:bmi160_readConvert)
                  0000f6c0    00000034     GraphData.obj (.text:initGraphBuffers)
                  0000f6f4    00000004     --HOLE-- [fill = 0]
                  0000f6f8    00000034     sysbios.aem4f : BIOS.obj (.text:ti_sysbios_family_arm_m3_Hwi_Instance_finalize__E)
                  0000f72c    00000004     --HOLE-- [fill = 0]
                  0000f730    00000034                   : BIOS.obj (.text:ti_sysbios_family_arm_m3_Hwi_excNmi__I)
                  0000f764    00000004     --HOLE-- [fill = 0]
                  0000f768    00000034                   : BIOS.obj (.text:ti_sysbios_hal_Hwi_checkStack)
                  0000f79c    00000034     empty_pem4f.oem4f (.text:ti_sysbios_knl_Clock_construct)
                  0000f7d0    00000034     ti.targets.arm.rtsarm.aem4f : Core-label.oem4f (.text:xdc_runtime_Core_assignLabel__I)
                  0000f804    00000033                                 : Text.oem4f (.text:xdc_runtime_Text_printVisFxn__I)
                  0000f837    00000001     --HOLE-- [fill = 0]
                  0000f838    00000032     sysbios.aem4f : BIOS.obj (.text:ti_sysbios_hal_Hwi_initStack)
                  0000f86a    00000032     ustdlib.obj (.text:usprintf)
                  0000f89c    00000030     drivers_tivaware.aem4f : GPIOTiva.oem4f (.text:GPIO_enableInt)
                  0000f8cc    00000030                            : GPIOTiva.oem4f (.text:GPIO_read)
                  0000f8fc    00000030                            : I2C.oem4f (.text:I2C_open)
                  0000f92c    00000030                            : PWMTiva.oem4f (.text:PWMTiva_init)
                  0000f95c    00000030                            : PWM.oem4f (.text:PWM_open)
                  0000f98c    00000030                            : UART.oem4f (.text:UART_open)
                  0000f9bc    00000030     empty_pem4f.oem4f (.text:ti_sysbios_BIOS_atExitFunc__I)
                  0000f9ec    00000004     --HOLE-- [fill = 0]
                  0000f9f0    00000030     sysbios.aem4f : BIOS.obj (.text:ti_sysbios_family_arm_lm4_Timer_stop__E)
                  0000fa20    00000030                   : BIOS.obj (.text:ti_sysbios_family_arm_m3_TaskSupport_start__E)
                  0000fa50    00000030     empty_pem4f.oem4f (.text:ti_sysbios_gates_GateHwi_Object__create__S)
                  0000fa80    00000030     empty_pem4f.oem4f (.text:ti_sysbios_gates_GateHwi_create)
                  0000fab0    00000030     empty_pem4f.oem4f (.text:ti_sysbios_gates_GateMutexPri_Object__create__S)
                  0000fae0    00000030     empty_pem4f.oem4f (.text:ti_sysbios_gates_GateMutexPri_create)
                  0000fb10    00000030     empty_pem4f.oem4f (.text:ti_sysbios_gates_GateMutex_Object__create__S)
                  0000fb40    00000030     empty_pem4f.oem4f (.text:ti_sysbios_heaps_HeapMem_Object__create__S)
                  0000fb70    00000030     sysbios.aem4f : BIOS.obj (.text:ti_sysbios_knl_Event_pendTimeout__I)
                  0000fba0    00000030     empty_pem4f.oem4f (.text:ti_sysbios_knl_Semaphore_construct)
                  0000fbd0    00000030     sysbios.aem4f : BIOS.obj (.text:ti_sysbios_knl_Semaphore_pendTimeout__I)
                  0000fc00    00000030                   : BIOS.obj (.text:ti_sysbios_knl_Task_unblockI__E)
                  0000fc30    00000030     ti.targets.arm.rtsarm.aem4f : SysMin.oem4f (.text:xdc_runtime_SysMin_abort__E)
                  0000fc60    00000030                                 : System.oem4f (.text:xdc_runtime_System_processAtExit__E)
                  0000fc90    0000002e     driverlib.lib : adc.obj (.text:ADCIntStatus)
                  0000fcbe    0000002e     grlib.lib : string.obj (.text:GrStringNextCharGet)
                  0000fcec    0000002e     rtsv7M4_T_le_v4SPD16_eabi.lib : i_tofd_t2.asm.obj (.text)
                  0000fd1a    00000002     --HOLE-- [fill = 0]
                  0000fd1c    0000002c     EK_TM4C1294XL.obj (.text:EK_TM4C1294XL_initUART)
                  0000fd48    0000002c     grlib.lib : string.obj (.text:GrFontBaselineGet)
                  0000fd74    0000002c               : string.obj (.text:GrFontHeightGet)
                  0000fda0    0000002c               : pushbutton.obj (.text:RectangularButtonMsgProc)
                  0000fdcc    0000002c               : slider.obj (.text:SliderMsgProc)
                  0000fdf8    0000002c               : widget.obj (.text:WidgetIsInTree)
                  0000fe24    0000002c     GlobalDraw.obj (.text:removeSensorPage)
                  0000fe50    0000002c     empty_pem4f.oem4f (.text:ti_sysbios_knl_Clock_doTick__I)
                  0000fe7c    0000002c     empty_pem4f.oem4f (.text:ti_sysbios_knl_Event_construct)
                  0000fea8    0000002c     empty_pem4f.oem4f (.text:ti_sysbios_knl_Queue_construct)
                  0000fed4    00000004     --HOLE-- [fill = 0]
                  0000fed8    0000002c     sysbios.aem4f : BIOS.obj (.text:ti_sysbios_knl_Task_restore__E)
                  0000ff04    0000002c     ti.targets.arm.rtsarm.aem4f : Text.oem4f (.text:xdc_runtime_Text_cordText__E)
                  0000ff30    0000002a     driverlib.lib : gpio.obj (.text:GPIODirModeSet)
                  0000ff5a    0000002a     bmi160.obj (.text:bmi160_delay)
                  0000ff84    0000002a     ti.targets.arm.rtsarm.aem4f : System.oem4f (.text:xdc_runtime_System_putchar__I)
                  0000ffae    00000028     Kentec320x240x16_ssd2119_spi.obj (.text:Kentec320x240x16_SSD2119ColorTranslate)
                  0000ffd6    00000002     --HOLE-- [fill = 0]
                  0000ffd8    00000028     sysbios.aem4f : BIOS.obj (.text:ti_sysbios_knl_Clock_addI__E)
                  00010000    00000028                   : BIOS.obj (.text:ti_sysbios_knl_Swi_Module_startup__E)
                  00010028    00000026     grlib.lib : string.obj (.text:GrFontInfoGet)
                  0001004e    00000026     sysbios.aem4f : m3_Hwi_asm.obj (.text:ti_sysbios_family_arm_m3_Hwi_pendSV__I)
                  00010074    00000026     ti.targets.arm.rtsarm.aem4f : System.oem4f (.text:xdc_runtime_System_avprintf__E)
                  0001009a    00000002     --HOLE-- [fill = 0]
                  0001009c    00000024     GlobalDraw.obj (.text:BackGraphSelect)
                  000100c0    00000024     GlobalDraw.obj (.text:BackMainGraph)
                  000100e4    00000024     GlobalDraw.obj (.text:ChangeCurrentDown)
                  00010108    00000024     GlobalDraw.obj (.text:ChangeCurrentUp)
                  0001012c    00000024     GlobalDraw.obj (.text:RemoveMainPage)
                  00010150    00000024     GlobalDraw.obj (.text:backMainSensor)
                  00010174    00000024     empty_pem4f.oem4f (.text:ti_sysbios_BIOS_errorRaiseHook__I)
                  00010198    00000024     empty_pem4f.oem4f (.text:ti_sysbios_BIOS_registerRTSLock__I)
                  000101bc    00000024     empty_pem4f.oem4f (.text:ti_sysbios_BIOS_removeRTSLock__I)
                  000101e0    00000024     empty_pem4f.oem4f (.text:ti_sysbios_BIOS_startFunc__I)
                  00010204    00000024     empty_pem4f.oem4f (.text:ti_sysbios_gates_GateMutexPri_Object__delete__S)
                  00010228    00000024     empty_pem4f.oem4f (.text:ti_sysbios_gates_GateMutex_Object__delete__S)
                  0001024c    00000004     --HOLE-- [fill = 0]
                  00010250    00000024     sysbios.aem4f : BIOS.obj (.text:ti_sysbios_knl_Clock_Module_startup__E)
                  00010274    00000004     --HOLE-- [fill = 0]
                  00010278    00000024                   : BIOS.obj (.text:ti_sysbios_knl_Task_restoreHwi__E)
                  0001029c    00000024     ti.targets.arm.rtsarm.aem4f : System.oem4f (.text:xdc_runtime_System_vprintf__E)
                  000102c0    00000022     grlib.lib : string.obj (.text:GrFontGlyphDataGet)
                  000102e2    00000022     driverlib.lib : pwm.obj (.text:PWMGenConfigure)
                  00010304    00000022     drivers_tivaware.aem4f : PWMTiva.oem4f (.text:PWMTiva_getPeriodCounts)
                  00010326    00000002     --HOLE-- [fill = 0]
                  00010328    00000022     sysbios.aem4f : BIOS.obj (.text:ti_sysbios_family_arm_lm4_Timer_write__I)
                  0001034a    00000022     empty_pem4f.oem4f (.text:xdc_runtime_SysMin_output__I)
                  0001036c    00000020     Boot.aem4f : Boot_sysctl.oem4f (.text:_SysCtlMemTimingGet)
                  0001038c    00000020     Estop.obj (.text:initEstop)
                  000103ac    00000020     rtsv7M4_T_le_v4SPD16_eabi.lib : u_tofd_t2.asm.obj (.text)
                  000103cc    00000020     empty_pem4f.oem4f (.text:ti_sysbios_BIOS_rtsLock__I)
                  000103ec    00000004     --HOLE-- [fill = 0]
                  000103f0    00000020     sysbios.aem4f : BIOS.obj (.text:ti_sysbios_family_arm_lm4_Timer_getFreq__E)
                  00010410    00000020                   : m3_Hwi_asm.obj (.text:ti_sysbios_family_arm_m3_Hwi_excHandlerAsm__I)
                  00010430    00000020                   : BIOS.obj (.text:ti_sysbios_family_arm_m3_Hwi_excHandler__I)
                  00010450    00000020     empty_pem4f.oem4f (.text:ti_sysbios_gates_GateHwi_Object__delete__S)
                  00010470    00000020     empty_pem4f.oem4f (.text:ti_sysbios_heaps_HeapMem_Object__delete__S)
                  00010490    00000020     empty_pem4f.oem4f (.text:ti_sysbios_knl_Clock_Object__destruct__S)
                  000104b0    00000020     sysbios.aem4f : BIOS.obj (.text:ti_sysbios_knl_Idle_run__E)
                  000104d0    00000020     empty_pem4f.oem4f (.text:ti_sysbios_knl_Semaphore_Object__destruct__S)
                  000104f0    00000020     ti.targets.arm.rtsarm.aem4f : Registry.oem4f (.text:xdc_runtime_Registry_findById__E)
                  00010510    00000020                                 : SysMin.oem4f (.text:xdc_runtime_SysMin_Module_startup__E)
                  00010530    0000001e     driverlib.lib : adc.obj (.text:ADCSequenceDataGet)
                  0001054e    0000001e     grlib.lib : string.obj (.text:GrFontCodepageGet)
                  0001056c    0000001e     driverlib.lib : pwm.obj (.text:PWMPulseWidthSet)
                  0001058a    0000001e     drivers_tivaware.aem4f : PWMTiva.oem4f (.text:PWMTiva_getPeriodMicroSecs)
                  000105a8    0000001e     grlib.lib : widget.obj (.text:WidgetAdd)
                  000105c6    0000001e     sysbios.aem4f : m3_Hwi_asm_switch.obj (.text:ti_sysbios_family_xxx_Hwi_switchAndRunFunc)
                  000105e4    0000001e     Clock.obj (.text:updatetime)
                  00010602    00000002     --HOLE-- [fill = 0]
                  00010604    0000001c     driverlib.lib : uart.obj (.text:UARTDisable)
                  00010620    0000001c     grlib.lib : widget.obj (.text:WidgetPointerMessage)
                  0001063c    0000001c     drivers_tivaware.aem4f : GPIOTiva.oem4f (.text:getGpioIntIndex)
                  00010658    0000001c     rtsv7M4_T_le_v4SPD16_eabi.lib : memccpy.c.obj (.text:memccpy)
                  00010674    0000001c     empty_pem4f.oem4f (.text:ti_sysbios_family_arm_m3_Hwi_Object__destruct__S)
                  00010690    0000001c     sysbios.aem4f : BIOS.obj (.text:ti_sysbios_gates_GateMutexPri_Instance_init__E)
                  000106ac    00000004     --HOLE-- [fill = 0]
                  000106b0    0000001c                   : BIOS.obj (.text:ti_sysbios_gates_GateMutex_Instance_init__E)
                  000106cc    0000001c     empty_pem4f.oem4f (.text:ti_sysbios_knl_Queue_Object__destruct__S)
                  000106e8    0000001c     sysbios.aem4f : BIOS.obj (.text:ti_sysbios_knl_Queue_put__E)
                  00010704    00000004     --HOLE-- [fill = 0]
                  00010708    0000001c                   : BIOS.obj (.text:ti_sysbios_knl_Task_enter__I)
                  00010724    0000001c     ti.targets.arm.rtsarm.aem4f : Error.oem4f (.text:xdc_runtime_Error_raiseX__E)
                  00010740    0000001c                                 : Memory.oem4f (.text:xdc_runtime_Memory_valloc__E)
                  0001075c    0000001c                                 : SysMin.oem4f (.text:xdc_runtime_SysMin_exit__E)
                  00010778    0000001c                                 : System.oem4f (.text:xdc_runtime_System_abort__E)
                  00010794    0000001a     rtsv7M4_T_le_v4SPD16_eabi.lib : s_copysign.c.obj (.text:copysign)
                  000107ae    0000001a     empty_pem4f.oem4f (.text:ti_sysbios_family_arm_m3_Hwi_Handle__label__S)
                  000107c8    0000001a     empty_pem4f.oem4f (.text:ti_sysbios_gates_GateHwi_Handle__label__S)
                  000107e2    0000001a     empty_pem4f.oem4f (.text:ti_sysbios_gates_GateMutexPri_Handle__label__S)
                  000107fc    0000001a     empty_pem4f.oem4f (.text:ti_sysbios_gates_GateMutex_Handle__label__S)
                  00010816    0000001a     empty_pem4f.oem4f (.text:ti_sysbios_heaps_HeapMem_Handle__label__S)
                  00010830    0000001a     empty_pem4f.oem4f (.text:ti_sysbios_knl_Swi_Handle__label__S)
                  0001084a    0000001a     empty_pem4f.oem4f (.text:ti_sysbios_knl_Task_Handle__label__S)
                  00010864    0000001a     empty_pem4f.oem4f (.text:xdc_runtime_System_aprintf__E)
                  0001087e    0000001a     empty_pem4f.oem4f (.text:xdc_runtime_System_printf__E)
                  00010898    00000018     driverlib.lib : adc.obj (.text:ADCProcessorTrigger)
                  000108b0    00000018     Estop.obj (.text:EstopPower)
                  000108c8    00000018     driverlib.lib : gpio.obj (.text:GPIOPinTypeGPIOOutput)
                  000108e0    00000018                   : timer.obj (.text:TimerControlLevel)
                  000108f8    00000018     drivers_tivaware.aem4f : UART.oem4f (.text:UART_Params_init)
                  00010910    00000018     rtsv7M4_T_le_v4SPD16_eabi.lib : args_main.c.obj (.text:_args_main)
                  00010928    00000018                                   : sprintf.c.obj (.text:_outs)
                  00010940    00000018     Motor.obj (.text:clk0Fxn)
                  00010958    00000018     empty_pem4f.oem4f (.text:ti_sysbios_BIOS_rtsUnlock__I)
                  00010970    00000018     empty_pem4f.oem4f (.text:ti_sysbios_family_arm_lm4_Timer_Module__startupDone__F)
                  00010988    00000018     empty_pem4f.oem4f (.text:ti_sysbios_family_arm_m3_Hwi_Module__startupDone__F)
                  000109a0    00000018     sysbios.aem4f : m3_TaskSupport_asm.obj (.text:ti_sysbios_family_arm_m3_TaskSupport_swap__E)
                  000109b8    00000018                   : BIOS.obj (.text:ti_sysbios_gates_GateMutex_leave__E)
                  000109d0    00000018     empty_pem4f.oem4f (.text:ti_sysbios_knl_Clock_Module__startupDone__F)
                  000109e8    00000018     sysbios.aem4f : BIOS.obj (.text:ti_sysbios_knl_Task_sleepTimeout__I)
                  00010a00    00000018     ti.targets.arm.rtsarm.aem4f : Error.oem4f (.text:xdc_runtime_Error_check__E)
                  00010a18    00000018                                 : System.oem4f (.text:xdc_runtime_System_exit__E)
                  00010a30    00000018                                 : Text.oem4f (.text:xdc_runtime_Text_ropeText__E)
                  00010a48    00000016     grlib.lib : string.obj (.text:GrStringDraw)
                  00010a5e    00000016     driverlib.lib : i2c.obj (.text:I2CMasterErr)
                  00010a74    00000016     rtsv7M4_T_le_v4SPD16_eabi.lib : strchr.c.obj (.text:strchr)
                  00010a8a    00000016     empty_pem4f.oem4f (.text:ti_sysbios_BIOS_exitFunc__I)
                  00010aa0    00000016     Motor.obj (.text:ti_sysbios_gates_GateHwi_Params_init)
                  00010ab6    00000016     GlobalDraw.obj (.text:ti_sysbios_gates_GateMutexPri_Params_init)
                  00010acc    00000016     Motor.obj (.text:ti_sysbios_knl_Clock_Params_init)
                  00010ae2    00000016     Motor.obj (.text:ti_sysbios_knl_Swi_Params_init)
                  00010af8    00000016     empty.obj (.text:ti_sysbios_knl_Swi_Params_init)
                  00010b0e    00000016     empty.obj (.text:ti_sysbios_knl_Task_Params_init)
                  00010b24    00000014     grlib.lib : canvas.obj (.text:CanvasMsgProc)
                  00010b38    00000014     Kentec320x240x16_ssd2119_spi.obj (.text:LED_OFF)
                  00010b4c    00000014     Kentec320x240x16_ssd2119_spi.obj (.text:LED_ON)
                  00010b60    00000014     driverlib.lib : pwm.obj (.text:PWMClockSet)
                  00010b74    00000014                   : sysctl.obj (.text:SysCtlPWMClockSet)
                  00010b88    00000014                   : timer.obj (.text:TimerDisable)
                  00010b9c    00000014     touch.obj (.text:TouchScreenCallbackSet)
                  00010bb0    00000014     driverlib.lib : uart.obj (.text:UARTEnable)
                  00010bc4    00000014     grlib.lib : widget.obj (.text:WidgetMutexGet)
                  00010bd8    00000014     rtsv7M4_T_le_v4SPD16_eabi.lib : strlen.c.obj (.text:strlen)
                  00010bec    00000014     empty_pem4f.oem4f (.text:ti_sysbios_family_arm_m3_Hwi_Object__get__S)
                  00010c00    00000014     sysbios.aem4f : BIOS.obj (.text:ti_sysbios_family_arm_m3_Hwi_switchFromBootStack__E)
                  00010c14    00000014     empty_pem4f.oem4f (.text:ti_sysbios_heaps_HeapMem_Object__get__S)
                  00010c28    00000014     sysbios.aem4f : BIOS.obj (.text:ti_sysbios_knl_Event_Instance_init__E)
                  00010c3c    00000014     empty_pem4f.oem4f (.text:ti_sysbios_knl_Swi_Object__get__S)
                  00010c50    00000012     driverlib.lib : gpio.obj (.text:GPIOPinTypeADC)
                  00010c62    00000012                   : gpio.obj (.text:GPIOPinTypeEthernetLED)
                  00010c74    00000012                   : gpio.obj (.text:GPIOPinTypeGPIOInput)
                  00010c86    00000012                   : gpio.obj (.text:GPIOPinTypeI2C)
                  00010c98    00000012                   : gpio.obj (.text:GPIOPinTypeI2CSCL)
                  00010caa    00000012                   : gpio.obj (.text:GPIOPinTypePWM)
                  00010cbc    00000012                   : gpio.obj (.text:GPIOPinTypeSSI)
                  00010cce    00000012                   : gpio.obj (.text:GPIOPinTypeTimer)
                  00010ce0    00000012                   : gpio.obj (.text:GPIOPinTypeUART)
                  00010cf2    00000012                   : gpio.obj (.text:GPIOPinTypeUSBAnalog)
                  00010d04    00000012                   : gpio.obj (.text:GPIOPinTypeUSBDigital)
                  00010d16    00000012                   : pwm.obj (.text:PWMGenPeriodGet)
                  00010d28    00000012                   : pwm.obj (.text:PWMOutputInvert)
                  00010d3a    00000012                   : pwm.obj (.text:PWMOutputState)
                  00010d4c    00000012     drivers_tivaware.aem4f : RingBuf.oem4f (.text:RingBuf_construct)
                  00010d5e    00000012     driverlib.lib : ssi.obj (.text:SSIDataGetNonBlocking)
                  00010d70    00000012                   : timer.obj (.text:TimerLoadSet)
                  00010d82    00000012                   : timer.obj (.text:TimerMatchSet)
                  00010d94    00000012                   : timer.obj (.text:TimerPrescaleMatchSet)
                  00010da6    00000012                   : timer.obj (.text:TimerPrescaleSet)
                  00010db8    00000012     sysbios.aem4f : BIOS.obj (.text:ti_sysbios_hal_Hwi_Module_startup__E)
                  00010dca    00000006     driverlib.lib : gpio.obj (.text:GPIOPinWrite)
                  00010dd0    00000012     sysbios.aem4f : BIOS.obj (.text:ti_sysbios_hal_Timer_Module_startup__E)
                  00010de2    00000012     rtsv7M4_T_le_v4SPD16_eabi.lib : wcslen.c.obj (.text:wcslen)
                  00010df4    00000012     empty_pem4f.oem4f (.text:xdc_runtime_Startup_exec__I)
                  00010e06    00000002     --HOLE-- [fill = 0]
                  00010e08    00000010     empty_pem4f.oem4f (.text:.bootCodeSection:ti_catalog_arm_cortexm4_tiva_ce_Boot_init__I)
                  00010e18    00000010     driverlib.lib : adc.obj (.text:ADCIntEnable)
                  00010e28    00000010     GlobalDraw.obj (.text:ChangeAccelDown)
                  00010e38    00000010     GlobalDraw.obj (.text:ChangeAccelUp)
                  00010e48    00000010     driverlib.lib : fpu.obj (.text:FPUEnable)
                  00010e58    00000010                   : fpu.obj (.text:FPULazyStackingEnable)
                  00010e68    00000010     drivers_tivaware.aem4f : I2C.oem4f (.text:I2C_Params_init)
                  00010e78    00000010     driverlib.lib : pwm.obj (.text:PWMGenPeriodSet)
                  00010e88    00000010     drivers_tivaware.aem4f : PWM.oem4f (.text:PWM_Params_init)
                  00010e98    00000010                            : UARTTiva.oem4f (.text:readBlockingTimeout)
                  00010ea8    00000010     sysbios.aem4f : BIOS.obj (.text:ti_sysbios_BIOS_getCpuFreq__E)
                  00010eb8    00000010                   : BIOS.obj (.text:ti_sysbios_BIOS_setThreadType__E)
                  00010ec8    00000010                   : BIOS.obj (.text:ti_sysbios_BIOS_start__E)
                  00010ed8    00000010                   : BIOS.obj (.text:ti_sysbios_family_arm_lm4_TimestampProvider_rolloverFunc__E)
                  00010ee8    00000010                   : m3_TaskSupport_asm.obj (.text:ti_sysbios_family_arm_m3_TaskSupport_glue)
                  00010ef8    00000010                   : BIOS.obj (.text:ti_sysbios_gates_GateMutexPri_Instance_finalize__E)
                  00010f08    00000010                   : BIOS.obj (.text:ti_sysbios_gates_GateMutex_Instance_finalize__E)
                  00010f18    00000010     empty_pem4f.oem4f (.text:ti_sysbios_knl_Mailbox_Object__get__S)
                  00010f28    00000010     sysbios.aem4f : BIOS.obj (.text:ti_sysbios_knl_Semaphore_Instance_finalize__E)
                  00010f38    00000010                   : BIOS.obj (.text:ti_sysbios_knl_Swi_disable__E)
                  00010f48    00000010     empty_pem4f.oem4f (.text:ti_sysbios_knl_Task_Object__get__S)
                  00010f58    00000010     sysbios.aem4f : BIOS.obj (.text:ti_sysbios_knl_Task_disable__E)
                  00010f68    00000010     driverlib.lib : udma.obj (.text:uDMAEnable)
                  00010f78    00000010     ti.targets.arm.rtsarm.aem4f : Gate.oem4f (.text:xdc_runtime_Gate_leaveSystem__E)
                  00010f88    00000010                                 : Memory.oem4f (.text:xdc_runtime_Memory_free__E)
                  00010f98    00000010                                 : SysMin.oem4f (.text:xdc_runtime_SysMin_ready__E)
                  00010fa8    00000010                                 : System.oem4f (.text:xdc_runtime_System_vsnprintf__E)
                  00010fb8    00000010     empty_pem4f.oem4f (.text:xdc_runtime_Text_visitRope__I)
                  00010fc8    0000000e     driverlib.lib : adc.obj (.text:ADCSequenceEnable)
                  00010fd6    0000000e                   : gpio.obj (.text:GPIOIntStatus)
                  00010fe4    0000000e     grlib.lib : image.obj (.text:GrImageDraw)
                  00010ff2    0000000e     driverlib.lib : timer.obj (.text:TimerEnable)
                  00011000    0000000e                   : uart.obj (.text:UARTCharGetNonBlocking)
                  0001100e    0000000e                   : uart.obj (.text:UARTCharPutNonBlocking)
                  0001101c    0000000e     rtsv7M4_T_le_v4SPD16_eabi.lib : copy_decompress_none.c.obj (.text:decompress:none:__TI_decompress_none)
                  0001102a    00000006     grlib.lib : string.obj (.text:GrContextFontSet)
                  00011030    0000000e     sysbios.aem4f : BIOS.obj (.text:ti_sysbios_knl_Idle_loop__E)
                  0001103e    00000002     --HOLE-- [fill = 0]
                  00011040    0000000e                   : BIOS.obj (.text:ti_sysbios_knl_Queue_empty__E)
                  0001104e    0000000c     driverlib.lib : gpio.obj (.text:GPIOIntEnable)
                  0001105a    0000000c                   : pwm.obj (.text:PWMGenDisable)
                  00011066    0000000c                   : pwm.obj (.text:PWMGenEnable)
                  00011072    0000000c     drivers_tivaware.aem4f : RingBuf.oem4f (.text:RingBuf_peek)
                  0001107e    0000000c     driverlib.lib : uart.obj (.text:UARTFlowControlSet)
                  0001108a    0000000c     drivers_tivaware.aem4f : UARTTiva.oem4f (.text:UARTTiva_init)
                  00011096    00000002     --HOLE-- [fill = 0]
                  00011098    0000000c     rtsv7M4_T_le_v4SPD16_eabi.lib : _lock.c.obj (.text:_register_lock)
                  000110a4    0000000c                                   : _lock.c.obj (.text:_register_unlock)
                  000110b0    0000000c     GlobalDraw.obj (.text:btntest)
                  000110bc    0000000c     rtsv7M4_T_le_v4SPD16_eabi.lib : copy_zero_init.c.obj (.text:decompress:ZI:__TI_zero_init)
                  000110c8    0000000c     sysbios.aem4f : BIOS.obj (.text:ti_sysbios_family_arm_lm4_Timer_getAvailMask__E)
                  000110d4    00000004     --HOLE-- [fill = 0]
                  000110d8    0000000c                   : BIOS.obj (.text:ti_sysbios_family_arm_lm4_Timer_getMaxTicks__E)
                  000110e4    00000004     --HOLE-- [fill = 0]
                  000110e8    0000000c                   : BIOS.obj (.text:ti_sysbios_family_arm_lm4_TimestampProvider_startTimer__E)
                  000110f4    0000000c     empty_pem4f.oem4f (.text:ti_sysbios_family_arm_m3_Hwi_Params__init__S)
                  00011100    0000000c     sysbios.aem4f : BIOS.obj (.text:ti_sysbios_family_arm_m3_Hwi_disableFxn__E)
                  0001110c    00000004     --HOLE-- [fill = 0]
                  00011110    0000000c                   : BIOS.obj (.text:ti_sysbios_family_arm_m3_TaskSupport_checkStack__E)
                  0001111c    00000004     --HOLE-- [fill = 0]
                  00011120    0000000c                   : BIOS.obj (.text:ti_sysbios_family_arm_m3_TaskSupport_getStackAlignment__E)
                  0001112c    0000000c     empty_pem4f.oem4f (.text:ti_sysbios_gates_GateHwi_Params__init__S)
                  00011138    0000000c     sysbios.aem4f : BIOS.obj (.text:ti_sysbios_gates_GateHwi_enter__E)
                  00011144    0000000c     empty_pem4f.oem4f (.text:ti_sysbios_gates_GateMutexPri_Params__init__S)
                  00011150    0000000c     empty_pem4f.oem4f (.text:ti_sysbios_knl_Clock_Params__init__S)
                  0001115c    00000004     --HOLE-- [fill = 0]
                  00011160    0000000c     sysbios.aem4f : BIOS.obj (.text:ti_sysbios_knl_Clock_getTicks__E)
                  0001116c    0000000c     Estop.obj (.text:ti_sysbios_knl_Event_handle)
                  00011178    0000000c     empty_pem4f.oem4f (.text:ti_sysbios_knl_Queue_Object__get__S)
                  00011184    0000000c     empty_pem4f.oem4f (.text:ti_sysbios_knl_Semaphore_Params__init__S)
                  00011190    0000000c     empty_pem4f.oem4f (.text:ti_sysbios_knl_Swi_Params__init__S)
                  0001119c    0000000c     empty_pem4f.oem4f (.text:ti_sysbios_knl_Task_Params__init__S)
                  000111a8    0000000c     driverlib.lib : udma.obj (.text:uDMAControlBaseSet)
                  000111b4    0000000c     ti.targets.arm.rtsarm.aem4f : Error.oem4f (.text:xdc_runtime_Error_init__E)
                  000111c0    0000000c                                 : Gate.oem4f (.text:xdc_runtime_Gate_enterSystem__E)
                  000111cc    0000000c                                 : Memory.oem4f (.text:xdc_runtime_Memory_calloc__E)
                  000111d8    0000000c                                 : Memory.oem4f (.text:xdc_runtime_Memory_getMaxDefaultTypeAlign__E)
                  000111e4    0000000a     driverlib.lib : adc.obj (.text:ADCIntClear)
                  000111ee    0000000a                   : i2c.obj (.text:I2CMasterDisable)
                  000111f8    0000000a                   : i2c.obj (.text:I2CMasterEnable)
                  00011202    0000000a     drivers_tivaware.aem4f : I2CTiva.oem4f (.text:I2CTiva_init)
                  0001120c    0000000a                            : I2C.oem4f (.text:I2C_transfer)
                  00011216    0000000a     Kentec320x240x16_ssd2119_spi.obj (.text:Kentec320x240x16_SSD2119Flush)
                  00011220    0000000a     drivers_tivaware.aem4f : PWMTimerTiva.oem4f (.text:PWMTimerTiva_getPeriodCounts)
                  0001122a    0000000a                            : PWM.oem4f (.text:PWM_setDuty)
                  00011234    0000000a     driverlib.lib : ssi.obj (.text:SSIDataPut)
                  0001123e    0000000a                   : ssi.obj (.text:SSIEnable)
                  00011248    0000000a                   : uart.obj (.text:UARTCharGet)
                  00011252    0000000a                   : uart.obj (.text:UARTCharPut)
                  0001125c    0000000a                   : uart.obj (.text:UARTIntDisable)
                  00011266    0000000a                   : uart.obj (.text:UARTIntStatus)
                  00011270    0000000a     rtsv7M4_T_le_v4SPD16_eabi.lib : sprintf.c.obj (.text:_outc)
                  0001127a    0000000a     empty_pem4f.oem4f (.text:xdc_runtime_IHeap_alloc)
                  00011284    0000000a     empty_pem4f.oem4f (.text:xdc_runtime_IHeap_free)
                  0001128e    00000008     EK_TM4C1294XL.obj (.text:EK_TM4C1294XL_initGPIO)
                  00011296    00000008     grlib.lib : charmap.obj (.text:GrMapISO8859_1_Unicode)
                  0001129e    00000008     driverlib.lib : i2c.obj (.text:I2CMasterIntClear)
                  000112a6    00000008                   : i2c.obj (.text:I2CMasterSlaveAddrSet)
                  000112ae    00000008     drivers_tivaware.aem4f : I2CTiva.oem4f (.text:I2CTiva_blockingCallback)
                  000112b6    00000008                            : PWMTimerTiva.oem4f (.text:PWMTimerTiva_init)
                  000112be    00000008     driverlib.lib : ssi.obj (.text:SSIBusy)
                  000112c6    00000008                   : uart.obj (.text:UARTIntEnable)
                  000112ce    00000008                   : uart.obj (.text:UARTRxErrorGet)
                  000112d6    00000002     --HOLE-- [fill = 0]
                  000112d8    00000008     rtsv7M4_T_le_v4SPD16_eabi.lib : errno.c.obj (.text:__aeabi_errno_addr)
                  000112e0    00000008     drivers_tivaware.aem4f : UARTTiva.oem4f (.text:readSemCallback)
                  000112e8    00000008     sysbios.aem4f : BIOS.obj (.text:ti_sysbios_family_arm_lm4_Timer_masterDisable__I)
                  000112f0    00000008                   : BIOS.obj (.text:ti_sysbios_family_arm_m3_Hwi_doSwiRestore__I)
                  000112f8    00000008                   : BIOS.obj (.text:ti_sysbios_family_arm_m3_Hwi_startup__E)
                  00011300    00000008     drivers_tivaware.aem4f : UARTTiva.oem4f (.text:writeSemCallback)
                  00011308    00000006     driverlib.lib : i2c.obj (.text:I2CMasterIntDisable)
                  0001130e    00000006                   : i2c.obj (.text:I2CMasterIntEnable)
                  00011314    00000006     drivers_tivaware.aem4f : I2CTiva.oem4f (.text:I2CTiva_control)
                  0001131a    00000006                            : PWMTimerTiva.oem4f (.text:PWMTimerTiva_getPeriodMicroSecs)
                  00011320    00000006     driverlib.lib : sysctl.obj (.text:SysCtlDelay)
                  00011326    00000006                   : uart.obj (.text:UARTFIFOLevelSet)
                  0001132c    00000006                   : uart.obj (.text:UARTRxErrorClear)
                  00011332    00000006     grlib.lib : widget.obj (.text:WidgetMutexPut)
                  00011338    00000006     sysbios.aem4f : BIOS.obj (.text:ti_sysbios_family_arm_lm4_TimestampProvider_Module_startup__E)
                  0001133e    00000002     --HOLE-- [fill = 0]
                  00011340    00000006                   : BIOS.obj (.text:ti_sysbios_family_arm_m3_Hwi_doTaskRestore__I)
                  00011346    00000002     --HOLE-- [fill = 0]
                  00011348    00000006                   : BIOS.obj (.text:ti_sysbios_family_arm_m3_Hwi_restoreFxn__E)
                  0001134e    00000002     --HOLE-- [fill = 0]
                  00011350    00000006                   : BIOS.obj (.text:ti_sysbios_gates_GateHwi_leave__E)
                  00011356    00000002     --HOLE-- [fill = 0]
                  00011358    00000006                   : BIOS.obj (.text:ti_sysbios_heaps_HeapMem_isBlocking__E)
                  0001135e    00000002     --HOLE-- [fill = 0]
                  00011360    00000006                   : BIOS.obj (.text:ti_sysbios_knl_Clock_stop__E)
                  00011366    00000002     --HOLE-- [fill = 0]
                  00011368    00000006                   : BIOS.obj (.text:ti_sysbios_knl_Queue_Instance_init__E)
                  0001136e    00000002     --HOLE-- [fill = 0]
                  00011370    00000006                   : BIOS.obj (.text:ti_sysbios_knl_Swi_startup__E)
                  00011376    00000006     ti.targets.arm.rtsarm.aem4f : System.oem4f (.text:xdc_runtime_System_Module_startup__E)
                  0001137c    00000004     --HOLE-- [fill = 0]
                  00011380    00000004     sysbios.aem4f : BIOS.obj (.text:ti_sysbios_family_arm_lm4_Timer_getPeriod__E)
                  00011384    00000004     --HOLE-- [fill = 0]
                  00011388    00000004                   : BIOS.obj (.text:ti_sysbios_gates_GateHwi_query__E)
                  0001138c    00000004     --HOLE-- [fill = 0]
                  00011390    00000004                   : BIOS.obj (.text:ti_sysbios_gates_GateMutexPri_query__E)
                  00011394    00000004     --HOLE-- [fill = 0]
                  00011398    00000004                   : BIOS.obj (.text:ti_sysbios_gates_GateMutex_query__E)
                  0001139c    00000004     --HOLE-- [fill = 0]
                  000113a0    00000004                   : BIOS.obj (.text:ti_sysbios_knl_Task_startup__E)
                  000113a4    00000004     --HOLE-- [fill = 0]
                  000113a8    00000002                   : BIOS.obj (.text:ti_sysbios_gates_GateHwi_Instance_init__E)
                  000113aa    00000006     --HOLE-- [fill = 0]
                  000113b0    00000002                   : BIOS.obj (.text:ti_sysbios_knl_Clock_logTick__E)

.const     0    000113b8    000084a0     
                  000113b8    00001950     empty_pem4f.oem4f (.const:xdc_runtime_Text_charTab__A)
                  00012d08    00001000     rtsv7M4_T_le_v4SPD16_eabi.lib : s_exp2.c.obj (.const:tbl)
                  00013d08    0000095e     grlib.lib : fontcm20.obj (.const:.string:g_pui8Cm20Data)
                  00014666    000008c1               : fontcmss20.obj (.const:.string:g_pui8Cmss20Data)
                  00014f27    00000782               : fontcmss18b.obj (.const:.string:g_pui8Cmss18bData)
                  000156a9    00000759               : fontcm16.obj (.const:.string:g_pui8Cm16Data)
                  00015e02    000005c7               : fontcmss12b.obj (.const:.string:g_pui8Cmss12bData)
                  000163c9    00000514               : fontcmss12.obj (.const:.string:g_pui8Cmss12Data)
                  000168dd    00000261     GUIImg.obj (.const:.string:VelText)
                  00016b3e    0000024f     GUIImg.obj (.const:.string:BrightText)
                  00016d8d    0000024d     GUIImg.obj (.const:.string:g_pui8Logo)
                  00016fda    0000020d     GUIImg.obj (.const:.string:g_pui8btn140x40)
                  000171e7    0000020d     GUIImg.obj (.const:.string:g_pui8btn150x40Press)
                  000173f4    00000208     GUIImg.obj (.const:.string:accelText)
                  000175fc    000001c4     GUIImg.obj (.const:.string:CurrentText)
                  000177c0    0000017b     Images.obj (.const:.string:g_pui8accSlow)
                  0001793b    0000017b     Images.obj (.const:.string:g_pui8accfast)
                  00017ab6    0000017b     Images.obj (.const:.string:g_pui8accmid)
                  00017c31    00000163     Images.obj (.const:.string:g_pui8Stop)
                  00017d94    00000160     Images.obj (.const:.string:g_pui8Go)
                  00017ef4    0000015d     Images.obj (.const:.string:g_pui8idle)
                  00018051    00000124     Images.obj (.const:.string:g_pui8Night)
                  00018175    00000001     empty_pem4f.oem4f (.const:xdc_runtime_Error_policy__C)
                  00018176    00000002     empty_pem4f.oem4f (.const:ti_catalog_arm_cortexm4_tiva_ce_Boot_Module__id__C)
                  00018178    00000120     Boot.aem4f : Boot_sysctl.oem4f (.const:g_pppui32XTALtoVCO)
                  00018298    00000107     GUIImg.obj (.const:.string:g_pui8arrowRight)
                  0001839f    00000101     rtsv7M4_T_le_v4SPD16_eabi.lib : ctype.c.obj (.const:.string:_ctypes_)
                  000184a0    000000f8     Images.obj (.const:.string:g_pui8Day)
                  00018598    000000dc     empty_pem4f.oem4f (.const:xdc_runtime_Text_nodeTab__A)
                  00018674    000000c8     grlib.lib : fontcm16.obj (.const:g_sFontCm16)
                  0001873c    000000c8               : fontcm20.obj (.const:g_sFontCm20)
                  00018804    000000c8               : fontcmss12.obj (.const:g_sFontCmss12)
                  000188cc    000000c8               : fontcmss12b.obj (.const:g_sFontCmss12b)
                  00018994    000000c8               : fontcmss18b.obj (.const:g_sFontCmss18b)
                  00018a5c    000000c8               : fontcmss20.obj (.const:g_sFontCmss20)
                  00018b24    000000a5     GUIImg.obj (.const:.string:g_pui8arrowLeft)
                  00018bc9    00000001     --HOLE-- [fill = 0]
                  00018bca    00000002     empty_pem4f.oem4f (.const:ti_sysbios_family_arm_m3_Hwi_Module__id__C)
                  00018bcc    00000090     driverlib.lib : gpio.obj (.const:g_pui32GPIOBaseAddrs)
                  00018c5c    0000008e     GlobalDraw.obj (.const:.string)
                  00018cea    00000076     GUIImg.obj (.const:.string:g_pui8backBtn)
                  00018d60    00000070     driverlib.lib : interrupt.obj (.const)
                  00018dd0    0000006c     Boot.aem4f : Boot_sysctl.oem4f (.const:g_pui32Xtals)
                  00018e3c    00000060     MotorLib.lib : motorlib.obj (.const:PWM_config)
                  00018e9c    00000054     drivers_tivaware.aem4f : GPIOTiva.oem4f (.const:.string)
                  00018ef0    00000054     MotorLib.lib : motorlib.obj (.const:motorLibPWMTivaHWAttrs)
                  00018f44    0000004c     drivers_tivaware.aem4f : UARTTiva.oem4f (.const)
                  00018f90    00000048     empty_pem4f.oem4f (.const:.string)
                  00018fd8    00000048     drivers_tivaware.aem4f : GPIOTiva.oem4f (.const:gpioBaseAddresses)
                  00019020    0000003c     empty_pem4f.oem4f (.const:ti_sysbios_knl_Task_Object__PARAMS__C)
                  0001905c    00000030     EK_TM4C1294XL.obj (.const:I2C_config)
                  0001908c    00000030     Boot.aem4f : Boot_sysctl.oem4f (.const:g_sXTALtoMEMTIM)
                  000190bc    00000030     empty_pem4f.oem4f (.const:ti_sysbios_family_arm_m3_Hwi_Object__PARAMS__C)
                  000190ec    00000030     empty_pem4f.oem4f (.const:xdc_runtime_Startup_sfxnTab__A)
                  0001911c    00000028     drivers_tivaware.aem4f : UARTTiva.oem4f (.const:UARTTiva_fxnTable)
                  00019144    00000028     Kentec320x240x16_ssd2119_spi.obj (.const:g_sKentec320x240x16_SSD2119)
                  0001916c    00000028     empty_pem4f.oem4f (.const:ti_sysbios_heaps_HeapMem_Module__FXNS__C)
                  00019194    00000028     empty_pem4f.oem4f (.const:ti_sysbios_knl_Swi_Object__PARAMS__C)
                  000191bc    00000024     drivers_tivaware.aem4f : UART.oem4f (.const:UART_defaultParams)
                  000191e0    00000024     EK_TM4C1294XL.obj (.const:i2cTivaHWAttrs)
                  00019204    00000024     empty_pem4f.oem4f (.const:ti_sysbios_gates_GateHwi_Module__FXNS__C)
                  00019228    00000024     empty_pem4f.oem4f (.const:ti_sysbios_gates_GateMutexPri_Module__FXNS__C)
                  0001924c    00000024     empty_pem4f.oem4f (.const:ti_sysbios_gates_GateMutex_Module__FXNS__C)
                  00019270    00000024     empty_pem4f.oem4f (.const:ti_sysbios_heaps_HeapMem_Object__PARAMS__C)
                  00019294    00000024     empty_pem4f.oem4f (.const:ti_sysbios_knl_Clock_Object__PARAMS__C)
                  000192b8    00000024     empty_pem4f.oem4f (.const:ti_sysbios_knl_Semaphore_Object__PARAMS__C)
                  000192dc    00000020     drivers_tivaware.aem4f : PWMTimerTiva.oem4f (.const)
                  000192fc    00000020                            : PWMTiva.oem4f (.const)
                  0001931c    00000020     empty_pem4f.oem4f (.const:ti_sysbios_family_arm_m3_Hwi_Object__DESC__C)
                  0001933c    00000020     empty_pem4f.oem4f (.const:ti_sysbios_gates_GateHwi_Object__DESC__C)
                  0001935c    00000020     empty_pem4f.oem4f (.const:ti_sysbios_gates_GateMutexPri_Object__DESC__C)
                  0001937c    00000020     empty_pem4f.oem4f (.const:ti_sysbios_gates_GateMutex_Object__DESC__C)
                  0001939c    00000020     empty_pem4f.oem4f (.const:ti_sysbios_heaps_HeapMem_Object__DESC__C)
                  000193bc    00000020     empty_pem4f.oem4f (.const:ti_sysbios_knl_Clock_Object__DESC__C)
                  000193dc    00000020     empty_pem4f.oem4f (.const:ti_sysbios_knl_Event_Object__DESC__C)
                  000193fc    00000020     empty_pem4f.oem4f (.const:ti_sysbios_knl_Queue_Object__DESC__C)
                  0001941c    00000020     empty_pem4f.oem4f (.const:ti_sysbios_knl_Semaphore_Object__DESC__C)
                  0001943c    00000020     empty_pem4f.oem4f (.const:ti_sysbios_knl_Swi_Object__DESC__C)
[...]
000197a0  xdc_runtime_Assert_E_assertFailed__C                                 
000197a4  xdc_runtime_Core_A_initializedParams__C                              
000197a8  xdc_runtime_Core_Module__diagsEnabled__C                             
000197ac  xdc_runtime_Core_Module__diagsIncluded__C                            
000197b0  xdc_runtime_Core_Module__diagsMask__C                                
000197b4  xdc_runtime_Error_E_generic__C                                       
000197b8  xdc_runtime_Error_E_memory__C                                        
000197bc  xdc_runtime_Error_Module__diagsEnabled__C                            
000197c0  xdc_runtime_Error_Module__diagsIncluded__C                           
000197c4  xdc_runtime_Error_Module__diagsMask__C                               
000197c8  xdc_runtime_Error_Module__loggerFxn8__C                              
000197cc  xdc_runtime_Error_Module__loggerObj__C                               
000197d0  xdc_runtime_Error_policyFxn__C                                       
000197d4  xdc_runtime_Error_raiseHook__C                                       
000197d8  xdc_runtime_IGateProvider_Interface__BASE__C                         
000197dc  xdc_runtime_IHeap_Interface__BASE__C                                 
000197e0  xdc_runtime_IModule_Interface__BASE__C                               
000197e4  xdc_runtime_Log_L_error__C                                           
000197e8  xdc_runtime_Memory_defaultHeapInstance__C                            
000197ec  xdc_runtime_Startup_execImpl__C                                      
000197f0  xdc_runtime_Startup_lastFxns__A                                      
000197f4  xdc_runtime_Startup_maxPasses__C                                     
000197f8  xdc_runtime_Startup_sfxnRts__C                                       
000197fc  xdc_runtime_Startup_sfxnTab__C                                       
00019800  xdc_runtime_SysMin_bufSize__C                                        
00019804  xdc_runtime_SysMin_outputFunc__C                                     
00019808  xdc_runtime_System_Module__gateObj__C                                
0001980c  xdc_runtime_System_abortFxn__C                                       
00019810  xdc_runtime_System_exitFxn__C                                        
00019814  xdc_runtime_System_extendFxn__C                                      
00019818  xdc_runtime_System_maxAtexitHandlers__C                              
0001981c  xdc_runtime_Text_charTab__C                                          
00019820  xdc_runtime_Text_nameEmpty__C                                        
00019824  xdc_runtime_Text_nameStatic__C                                       
00019828  xdc_runtime_Text_nameUnknown__C                                      
0001982c  xdc_runtime_Text_nodeTab__C                                          
00019830  xdc_runtime_Text_visitRopeFxn__C                                     
00019834  ti_sysbios_gates_GateMutex_Module__id__C                             
00019836  ti_sysbios_hal_Hwi_Module__id__C                                     
00019838  ti_sysbios_heaps_HeapMem_Module__id__C                               
0001983a  ti_sysbios_knl_Clock_Module__id__C                                   
0001983c  ti_sysbios_knl_Event_Module__id__C                                   
0001983e  ti_sysbios_knl_Semaphore_Module__id__C                               
00019840  ti_sysbios_knl_Swi_Module__id__C                                     
00019842  ti_sysbios_knl_Task_Module__id__C                                    
00019844  xdc_runtime_Core_Module__id__C                                       
00019846  xdc_runtime_Error_Module__loggerDefined__C                           
00019848  xdc_runtime_Error_maxDepth__C                                        
0001984a  xdc_runtime_Main_Module__id__C                                       
0001984c  xdc_runtime_Memory_Module__id__C                                     
0001984e  xdc_runtime_SysMin_flushAtExit__C                                    
00019850  xdc_runtime_Text_charCnt__C                                          
00019852  xdc_runtime_Text_isLoaded__C                                         
00019854  xdc_runtime_Text_registryModsLastId__C                               
00019856  xdc_runtime_Text_unnamedModsLastId__C                                
00019858  __TI_static_base__                                                   
00019c8c  __TI_Handler_Table_Base                                              
00019c98  __TI_Handler_Table_Limit                                             
00019ca8  __TI_CINIT_Base                                                      
00019cc0  __TI_CINIT_Limit                                                     
20000000  __start___llvm_prf_cnts                                              
20000000  __stop___llvm_prf_cnts                                               
20000000  ti_sysbios_family_arm_m3_Hwi_ramVectors                              
20000400  ti_sysbios_heaps_HeapMem_Instance_State_0_buf__A                     
20001400  readAccelStack                                                       
20001c00  readCurrentStack                                                     
20002400  readLightStack                                                       
20002c00  task0Stack                                                           
20003400  taskTouchStack                                                       
20003c00  psDMAControlTable                                                    
20004000  xdc_runtime_SysMin_Module_State_0_outbuf__A                          
20004400  ti_sysbios_family_arm_m3_Hwi_dispatchTable                           
20004760  ti_sysbios_knl_Task_Instance_State_0_stack__A                        
20004960  AccelData                                                            
20004af0  CurrentData                                                          
20004c80  LightData                                                            
20004e10  VelocityData                                                         
20004fa0  i2cTivaObjects                                                       
20005260  __CIOBUF_                                                            
20005380  adcBuffer2                                                           
20005488  bmi160_accel_values                                                  
20005578  uartTivaObjects                                                      
20005644  EstopEvent                                                           
20005648  Sensor_Filtered_Buffer                                               
200056e8  VelocityBuffer                                                       
20005818  readAccelStruct                                                      
20005868  readCurrentStruct                                                    
200058b8  readLightStruct                                                      
20005908  task0Struct                                                          
20005958  taskTouchStruct                                                      
200059a8  motorLibPWMObjects                                                   
200059e0  sContext                                                             
20005a0c  ScreenGate                                                           
20005a10  adc_current_values                                                   
20005a38  opt3001_light_values                                                 
20005a60  clk0Struct                                                           
20005ac4  uartTivaRingBuffer                                                   
20005ae4  datetime                                                             
20005afc  gHwiprms                                                             
20005b14  motorLibPWMTimerObjects                                              
20005b2c  evtStruct                                                            
20005b50  i2cParams                                                            
20005b74  AccBox                                                               
20005b7c  Banner                                                               
20005b84  BannerB                                                              
20005b8c  Distbox                                                              
20005b94  clearBox                                                             
20005b9c  graphClear                                                           
20005ba4  parmbuf                                                              
20005bac  SwiHandle                                                            
20005bb0  g_pi32ParmSet                                                        
20005bb8  g_ui32Panel                                                          
20005bbc  gateHwi                                                              
20005bc4  i2c                                                                  
20005bc8  postedStop                                                           
20005bcc  swiAccelSensorFilterHandle                                           
20005bd0  swiCurrentSensorFilterHandle                                         
20005bd4  swiLightSensorFilterHandle                                           
20005bd8  uart                                                                 
20005bdc  g_i16TouchX                                                          
20005bde  g_i16TouchY                                                          
20005be0  ti_sysbios_family_arm_lm4_Timer_Object__table__V                     
20005c60  ti_sysbios_knl_Swi_Module_State_0_readyQ__A                          
20005ce0  ti_sysbios_knl_Task_Module_State_0_readyQ__A                         
20005d60  VelocitySecond                                                       
20005d68  bufferpos                                                            
20005d70  current_Des                                                          
20005d78  Hall_changed                                                         
20005d80  desired_speed                                                        
20005d88  estop                                                                
20005d90  pwm_current                                                          
20005d98  error_sum                                                            
20005da0  current_speed                                                        
20005da8  current_speed_estop                                                  
20005db0  previous_speed                                                       
20005db8  previous_speed_estop                                                 
20005dc0  noMove                                                               
20005dc4  Stop                                                                 
20005dc5  OnSensorPage                                                         
20005dc6  OnMotorPage                                                          
20005dc7  SelectedScreen                                                       
20005dc8  MotorSpeedSlider                                                     
20005e24  AccDownBtn                                                           
20005e74  AccUpBtn                                                             
20005ec4  CurrentDownBtn                                                       
20005f14  CurrentUpBtn                                                         
20005f64  DistDownBtn                                                          
20005fb4  DistUpBtn                                                            
20006004  GraphPgBtn                                                           
20006054  LightGraphBtn                                                        
200060a4  MotorGraphBtn                                                        
200060f4  MotorMode                                                            
20006144  MotorPgBtn                                                           
20006194  PowerGraphBtn                                                        
200061e4  SensorPgBtn                                                          
20006234  TestGraphBtn                                                         
20006284  backGraphBtn                                                         
200062d4  backGraphSelectBtn                                                   
20006324  backMotorBtn                                                         
20006374  backSensorBtn                                                        
200063c4  ti_sysbios_knl_Task_Object__table__V                                 
20006410  ti_sysbios_family_arm_m3_Hwi_Object__table__V                        
20006458  LightSecond                                                          
20006460  CurrentSecond                                                        
20006468  AccelSecond                                                          
20006470  MaxCurrent                                                           
20006478  opt3001_filteredValue                                                
20006480  FilteredAccelPos                                                     
20006488  bmi160_filteredValue                                                 
20006490  current_filteredValue                                                
20006498  bufferCurrent                                                        
2000649c  ti_sysbios_knl_Task_Module__state__V                                 
200064e0  g_Acceleration                                                       
20006520  g_MotorStat                                                          
20006560  g_sCanvas2                                                           
200065a0  g_sCanvas3                                                           
200065e0  g_text                                                               
20006620  ti_sysbios_family_arm_lm4_Timer_Module_State_0_device__A             
20006660  ti_sysbios_hal_SecondsClock_Module__state__V                         
2000669c  ti_sysbios_family_arm_m3_Hwi_Module__state__V                        
200066d0  ti_sysbios_knl_Swi_Object__table__V                                  
20006700  g_sRoot                                                              
2000672e  ti_sysbios_family_arm_m3_Hwi_Module_State_0_excActive__A             
20006730  ti_sysbios_knl_Clock_Module__state__V                                
2000675c  ti_sysbios_BIOS_Module__state__V                                     
20006780  ti_sysbios_family_arm_lm4_Timer_Module_State_0_handles__A            
200067a0  gpioPinConfigs                                                       
200067bc  ti_sysbios_gates_GateMutex_Object__table__V                          
200067d8  ti_sysbios_knl_Swi_Module__state__V                                  
2000680c  ti_sysbios_gates_GateMutexPri_Object__table__V                       
20006824  ti_sysbios_heaps_HeapMem_Object__table__V                            
2000683c  motorStartStop                                                       
2000683d  HA                                                                   
2000683e  HB                                                                   
2000683f  HC                                                                   
20006840  LowLight                                                             
20006841  ongraph                                                              
20006844  currentDirection                                                     
20006848  CurrentMotorStat                                                     
2000684c  CurrentAcceleration                                                  
20006850  ti_sysbios_family_arm_lm4_Timer_Module__state__V                     
2000685c  xdc_runtime_SysMin_Module__state__V                                  
20006868  _lock                                                                
2000686c  _unlock                                                              
20006870  gpioCallbackFunctions                                                
20006878  ti_sysbios_family_arm_lm4_TimestampProvider_Module__state__V         
20006880  ti_sysbios_family_arm_m3_Hwi_Module__root__V                         
20006888  ti_sysbios_gates_GateHwi_Module__root__V                             
20006890  ti_sysbios_gates_GateMutexPri_Module__root__V                        
20006898  ti_sysbios_gates_GateMutex_Module__root__V                           
200068a0  ti_sysbios_heaps_HeapMem_Module__root__V                             
200068a8  ti_sysbios_knl_Clock_Module__root__V                                 
200068b0  ti_sysbios_knl_Event_Module__root__V                                 
200068b8  ti_sysbios_knl_Queue_Module__root__V                                 
200068c0  ti_sysbios_knl_Semaphore_Module__root__V                             
200068c8  ti_sysbios_knl_Swi_Module__root__V                                   
200068d0  ti_sysbios_knl_Task_Module__root__V                                  
200068d8  xdc_runtime_Registry_Module__state__V                                
200068e0  xdc_runtime_Startup_Module__state__V                                 
200068e8  xdc_runtime_System_Module_State_0_atexitHandlers__A                  
200068f0  xdc_runtime_System_Module__state__V                                  
200068f8  AccelStop                                                            
200068fa  PowerEstop                                                           
200068fc  EStop                                                                
200068fe  xdc_runtime_Error_Module__state__V                                   
20006905  LightGraph                                                           
20006906  AccelGraph                                                           
20006907  CurrentGraph                                                         
20006908  VelocityGraph                                                        
2000690c  MaxAccel                                                             
2000691c  errno                                                                
20006920  main_func_sp                                                         
20006924  ti_sysbios_family_arm_m3_Hwi_Module_State_0_excContext__A            
20006928  ti_sysbios_family_arm_m3_Hwi_Module_State_0_excStack__A              
2000692c  ti_sysbios_gates_GateHwi_Object__table__V                            
20006930  ti_sysbios_knl_Task_Module_State_0_idleTask__A                       
20006934  g_i16TouchMin                                                        
20006938  xdc_runtime_Memory_Module__state__V                                  
20006940  __stack                                                              
20006d40  __STACK_END                                                          
e000e000  ti_sysbios_family_arm_m3_Hwi_nvic                                    
ffffffff  __TI_pprof_out_hndl                                                  
ffffffff  __TI_prof_data_size                                                  
ffffffff  __TI_prof_data_start                                                 
ffffffff  __binit__                                                            
ffffffff  __c_args__                                                           
ffffffff  binit                                                                
UNDEFED   SHT$$INIT_ARRAY$$Base                                                
UNDEFED   SHT$$INIT_ARRAY$$Limit                                               

[1110 symbols]
