******************************************************************************
                  TI ARM Linker PC v20.2.5                     
******************************************************************************
>> Linked Wed Jun  1 14:05:55 2022

OUTPUT FILE NAME:   <EGH456MotorProject.out>
ENTRY POINT SYMBOL: "_c_int00"  address: 0000d501


MEMORY CONFIGURATION

         name            origin    length      used     unused   attr    fill
----------------------  --------  ---------  --------  --------  ----  --------
  FLASH                 00000000   00100000  0001947e  000e6b82  R  X
  SRAM                  20000000   00040000  00006788  00039878  RW X


SEGMENT ALLOCATION MAP

run origin  load origin   length   init length attrs members
----------  ----------- ---------- ----------- ----- -------
00000000    00000000    00019488   00019488    r-x
  00000000    00000000    0000003c   0000003c    r-- .resetVecs
  00000040    00000040    00010d32   00010d32    r-x .text
  00010d78    00010d78    000082b8   000082b8    r-- .const
  00019030    00019030    00000458   00000458    r-- .cinit
20000000    20000000    00000360   00000000    rw-
  20000000    20000000    00000360   00000000    rw- .vecs
20000400    20000400    00006428   00000000    rw-
  20000400    20000400    00005318   00000000    rw- .bss
  20005718    20005718    00000d10   00000000    rw- .data
  20006428    20006428    00000400   00000000    rw- .stack


SECTION ALLOCATION MAP

 output                                  attributes/
section   page    origin      length       input sections
--------  ----  ----------  ----------   ----------------
.text      0    00000040    00010d32     
                  00000040    00000a4e     rtsv7M4_T_le_v4SPD16_eabi.lib : _printfi.c.obj (.text:__TI_printfi)
                  00000a8e    00000002                                   : _lock.c.obj (.text:_nop)
                  00000a90    000006ac     MotorLib.lib : motorlib.obj (.text)
                  0000113c    000005e4     Motor.obj (.text:RegulateSpeed)
                  00001720    00000430     sysbios.aem4f : BIOS.obj (.text:ti_sysbios_family_arm_m3_Hwi_excDumpRegs__I)
                  00001b50    0000039c     GlobalDraw.obj (.text:MotorPage)
                  00001eec    00000394     GlobalDraw.obj (.text:GraphPrimitive)
                  00002280    00000378     GlobalDraw.obj (.text:SensorPage)
                  000025f8    00000374     grlib.lib : image.obj (.text:InternalImageDraw)
                  0000296c    0000034c     ti.targets.arm.rtsarm.aem4f : System.oem4f (.text:xdc_runtime_System_doPrint__I)
                  00002cb8    00000320     sysbios.aem4f : BIOS.obj (.text:ti_sysbios_knl_Event_pend__E)
                  00002fd8    000002f8     grlib.lib : image.obj (.text:PixelTransparentDraw)
                  000032d0    000002c6               : slider.obj (.text:SliderPaint)
                  00003596    00000002     rtsv7M4_T_le_v4SPD16_eabi.lib : div0.asm.obj (.text)
                  00003598    000002b0     Clock.obj (.text:timeConvert)
                  00003848    000002a4     sysbios.aem4f : BIOS.obj (.text:ti_sysbios_knl_Semaphore_pend__E)
                  00003aec    000002a0     GlobalDraw.obj (.text:TopBarDraw)
                  00003d8c    00000270     rtsv7M4_T_le_v4SPD16_eabi.lib : _printfi.c.obj (.text:_pconv_a)
                  00003ffc    00000004     driverlib.lib : i2c.obj (.text:I2CMasterControl)
                  00004000    0000026c     sysbios.aem4f : BIOS.obj (.text:ti_sysbios_heaps_HeapMem_free__E)
                  0000426c    00000268     touch.obj (.text:TouchScreenDebouncer)
                  000044d4    00000254     grlib.lib : string.obj (.text:GrFontGlyphRender)
                  00004728    00000250     sysbios.aem4f : BIOS.obj (.text:ti_sysbios_heaps_HeapMem_alloc__E)
                  00004978    00000234     empty.obj (.text:main)
                  00004bac    00000004     driverlib.lib : i2c.obj (.text:I2CMasterDataGet)
                  00004bb0    00000234     sysbios.aem4f : BIOS.obj (.text:ti_sysbios_knl_Task_Instance_finalize__E)
                  00004de4    00000004     driverlib.lib : i2c.obj (.text:I2CMasterDataPut)
                  00004de8    0000021c     sysbios.aem4f : BIOS.obj (.text:ti_sysbios_family_arm_lm4_Timer_Instance_init__E)
                  00005004    0000020c     drivers_tivaware.aem4f : UARTTiva.oem4f (.text:UARTTiva_open)
                  00005210    00000204     Boot.aem4f : Boot_sysctl.oem4f (.text:ti_catalog_arm_cortexm4_tiva_ce_Boot_sysCtlClockFreqSetI__I)
                  00005414    00000200     rtsv7M4_T_le_v4SPD16_eabi.lib : s_exp2.c.obj (.text:exp2)
                  00005614    000001f8     GlobalDraw.obj (.text:updateSensorPage)
                  0000580c    00000004     driverlib.lib : uart.obj (.text:UARTIntClear)
                  00005810    000001f4     sysbios.aem4f : BIOS.obj (.text:ti_sysbios_family_arm_m3_Hwi_excHandlerMax__I)
                  00005a04    000001e4     Kentec320x240x16_ssd2119_spi.obj (.text:Kentec320x240x16_SSD2119Init)
                  00005be8    000001dc     Kentec320x240x16_ssd2119_spi.obj (.text:Kentec320x240x16_SSD2119PixelDrawMultiple)
                  00005dc4    000001d4     sensors.obj (.text:readOptFxn)
                  00005f98    000001d0     rtsv7M4_T_le_v4SPD16_eabi.lib : _printfi.c.obj (.text:_pconv_g)
                  00006168    000001c8     sysbios.aem4f : BIOS.obj (.text:ti_sysbios_knl_Task_sleep__E)
                  00006330    000001c0                   : BIOS.obj (.text:ti_sysbios_knl_Task_Instance_init__E)
                  000064f0    000001b6     rtsv7M4_T_le_v4SPD16_eabi.lib : fd_add_t2.asm.obj (.text)
                  000066a6    00000002     empty_pem4f.oem4f (.text:ti_sysbios_BIOS_nullFunc__I)
                  000066a8    000001a4     pinout.obj (.text:PinoutSet)
                  0000684c    00000004     grlib.lib : widget.obj (.text:WidgetDefaultMsgProc)
                  00006850    000001a0     sysbios.aem4f : BIOS.obj (.text:ti_sysbios_gates_GateMutexPri_enter__E)
                  000069f0    0000019c     GlobalDraw.obj (.text:UpdateGraphPlot)
                  00006b8c    00000190     grlib.lib : canvas.obj (.text:CanvasPaint)
                  00006d1c    00000184     empty.obj (.text:heartBeatFxn)
                  00006ea0    0000017e     grlib.lib : pushbutton.obj (.text:RectangularButtonPaint)
                  0000701e    00000002     empty_pem4f.oem4f (.text:xdc_runtime_Startup_reset__I)
                  00007020    00000178     touch.obj (.text:TouchScreenIntHandler)
                  00007198    00000174     sysbios.aem4f : BIOS.obj (.text:ti_sysbios_family_arm_m3_Hwi_excBusFault__I)
                  0000730c    00000170     drivers_tivaware.aem4f : PWMTiva.oem4f (.text:PWMTiva_open)
                  0000747c    00000004     rtsv7M4_T_le_v4SPD16_eabi.lib : exit.c.obj (.text:abort:abort)
                  00007480    00000164     sysbios.aem4f : BIOS.obj (.text:ti_sysbios_family_arm_m3_Hwi_excUsageFault__I)
                  000075e4    0000015c     sensors.obj (.text:accelSensorFilterFxn)
                  00007740    00000158     sensors.obj (.text:readCurrentFxn)
                  00007898    00000150     drivers_tivaware.aem4f : GPIOTiva.oem4f (.text:GPIO_setConfig)
                  000079e8    0000014c     sensors.obj (.text:readAccFxn)
                  00007b34    00000004     empty_pem4f.oem4f (.text:ti_sysbios_BIOS_RtsGateProxy_enter__E)
                  00007b38    00000148     sysbios.aem4f : BIOS.obj (.text:ti_sysbios_family_arm_m3_Hwi_excMemFault__I)
                  00007c80    0000013c     rtsv7M4_T_le_v4SPD16_eabi.lib : _printfi.c.obj (.text:_pconv_e)
                  00007dbc    00000004     empty_pem4f.oem4f (.text:ti_sysbios_BIOS_RtsGateProxy_leave__E)
                  00007dc0    0000013c     sysbios.aem4f : BIOS.obj (.text:ti_sysbios_heaps_HeapMem_Instance_init__E)
                  00007efc    00000136     rtsv7M4_T_le_v4SPD16_eabi.lib : fd_div_t2.asm.obj (.text)
                  00008032    00000006     driverlib.lib : gpio.obj (.text:GPIOIntClear)
                  00008038    00000134     sysbios.aem4f : BIOS.obj (.text:ti_sysbios_knl_Task_setPri__E)
                  0000816c    00000130     GlobalDraw.obj (.text:BannerInit)
                  0000829c    00000130     driverlib.lib : gpio.obj (.text:GPIOPadConfigSet)
                  000083cc    00000124     rtsv7M4_T_le_v4SPD16_eabi.lib : _printfi.c.obj (.text:fcvt)
                  000084f0    00000118     ti.targets.arm.rtsarm.aem4f : Error.oem4f (.text:xdc_runtime_Error_policyDefault__E)
                  00008608    00000114     drivers_tivaware.aem4f : PWMTimerTiva.oem4f (.text:PWMTimerTiva_open)
                  0000871c    00000110     rtsv7M4_T_le_v4SPD16_eabi.lib : s_scalbn.c.obj (.text:scalbn)
                  0000882c    0000010c     Kentec320x240x16_ssd2119_spi.obj (.text:Kentec320x240x16_SSD2119RectFill)
                  00008938    0000010c     touch.obj (.text:TouchScreenInit)
                  00008a44    00000004     sysbios.aem4f : BIOS.obj (.text:ti_sysbios_family_arm_lm4_Timer_masterEnable__I)
                  00008a48    00000108                   : BIOS.obj (.text:ti_sysbios_family_arm_lm4_Timer_start__E)
                  00008b50    00000108                   : BIOS.obj (.text:ti_sysbios_knl_Clock_Instance_init__E)
                  00008c58    00000106     grlib.lib : line.obj (.text:GrLineDraw)
                  00008d5e    00000002     --HOLE-- [fill = 0]
                  00008d60    00000104     sysbios.aem4f : BIOS.obj (.text:ti_sysbios_knl_Event_post__E)
                  00008e64    00000100     ti.targets.arm.rtsarm.aem4f : Core-mem.oem4f (.text:xdc_runtime_Core_createObject__I)
                  00008f64    000000fc     rtsv7M4_T_le_v4SPD16_eabi.lib : fd_mul_t2.asm.obj (.text)
                  00009060    000000f8                                   : s_floor.c.obj (.text:floor)
                  00009158    000000f8     ti.targets.arm.rtsarm.aem4f : Startup.oem4f (.text:xdc_runtime_Startup_startMods__I)
                  00009250    000000f8     empty_pem4f.oem4f (.text:xdc_runtime_System_printfExtend__I)
                  00009348    000000f4     Motor.obj (.text:MotorMain)
                  0000943c    000000f4     GlobalDraw.obj (.text:graphSelectPage)
                  00009530    000000f4     sysbios.aem4f : m3_Hwi_asm.obj (.text:ti_sysbios_family_arm_m3_Hwi_dispatch__I)
                  00009624    000000f2     grlib.lib : pushbutton.obj (.text:RectangularButtonClick)
                  00009716    000000f0     drivers_tivaware.aem4f : PWMTiva.oem4f (.text:PWMTiva_setDuty)
                  00009806    000000f0     bmi160.obj (.text:bmi160_init)
                  000098f6    00000002     --HOLE-- [fill = 0]
                  000098f8    000000ec     sysbios.aem4f : BIOS.obj (.text:ti_sysbios_knl_Semaphore_post__E)
                  000099e4    000000e8     grlib.lib : widget.obj (.text:WidgetMessageQueueAdd)
                  00009acc    000000e0     drivers_tivaware.aem4f : I2CTiva.oem4f (.text:I2CTiva_open)
                  00009bac    000000d8     GlobalDraw.obj (.text:MainPage)
                  00009c84    000000d6     drivers_tivaware.aem4f : I2CTiva.oem4f (.text:I2CTiva_hwiFxn)
                  00009d5a    000000d6     grlib.lib : slider.obj (.text:SliderClick)
                  00009e30    000000d4     sysbios.aem4f : BIOS.obj (.text:ti_sysbios_knl_Swi_Instance_init__E)
                  00009f04    000000cc     ti.targets.arm.rtsarm.aem4f : Core-smem.oem4f (.text:xdc_runtime_Core_constructObject__I)
                  00009fd0    000000c0     grlib.lib : string.obj (.text:GrDefaultStringRenderer)
                  0000a090    000000bc     sysbios.aem4f : BIOS.obj (.text:ti_sysbios_family_arm_m3_Hwi_excDebugMon__I)
                  0000a14c    00000004     empty_pem4f.oem4f (.text:ti_sysbios_family_arm_m3_Hwi_delete)
                  0000a150    000000bc     sysbios.aem4f : BIOS.obj (.text:ti_sysbios_family_arm_m3_Hwi_excHardFault__I)
                  0000a20c    000000b8     EK_TM4C1294XL.obj (.text:EK_TM4C1294XL_initGeneral)
                  0000a2c4    000000b8     grlib.lib : line.obj (.text:GrLineClip)
                  0000a37c    000000b8     Kentec320x240x16_ssd2119_spi.obj (.text:InitSPILCDInterface)
                  0000a434    000000b8     drivers_tivaware.aem4f : PWMTimerTiva.oem4f (.text:PWMTimerTiva_setDuty)
                  0000a4ec    000000b4     grlib.lib : widget.obj (.text:WidgetMessageSendPostOrder)
                  0000a5a0    000000b4     sysbios.aem4f : BIOS.obj (.text:ti_sysbios_gates_GateMutex_enter__E)
                  0000a654    00000004     empty_pem4f.oem4f (.text:ti_sysbios_family_arm_m3_Hwi_destruct)
                  0000a658    000000b4     sysbios.aem4f : BIOS.obj (.text:ti_sysbios_knl_Task_checkStacks__E)
                  0000a70c    000000b1     rtsv7M4_T_le_v4SPD16_eabi.lib : _printfi.c.obj (.text:_ltostr)
                  0000a7bd    00000001     --HOLE-- [fill = 0]
                  0000a7be    000000b0     grlib.lib : slider.obj (.text:SliderValueToPosition)
                  0000a86e    000000ac     drivers_tivaware.aem4f : UARTTiva.oem4f (.text:readTaskBlocking)
                  0000a91a    00000006     driverlib.lib : gpio.obj (.text:GPIOPinRead)
                  0000a920    000000ac     sysbios.aem4f : BIOS.obj (.text:ti_sysbios_family_arm_lm4_Timer_enableTiva__I)
                  0000a9cc    00000004     empty_pem4f.oem4f (.text:ti_sysbios_family_arm_m3_TaskSupport_Module__startupDone__S)
                  0000a9d0    000000a4     sysbios.aem4f : BIOS.obj (.text:ti_sysbios_knl_Clock_Instance_finalize__E)
                  0000aa74    000000a0     auto_init.aem4f : auto_init.oem4f (.text)
                  0000ab14    000000a0     ti.targets.arm.rtsarm.aem4f : Text.oem4f (.text:xdc_runtime_Text_putMod__E)
                  0000abb4    0000009c     EK_TM4C1294XL.obj (.text:EK_TM4C1294XL_initI2C)
                  0000ac50    0000009c     rtsv7M4_T_le_v4SPD16_eabi.lib : memcpy_t2.asm.obj (.text)
                  0000acec    00000004     empty_pem4f.oem4f (.text:ti_sysbios_hal_Timer_TimerProxy_delete)
                  0000acf0    0000009c     sysbios.aem4f : BIOS.obj (.text:ti_sysbios_knl_Semaphore_Instance_init__E)
                  0000ad8c    0000009a     ti.targets.arm.rtsarm.aem4f : Text.oem4f (.text:xdc_runtime_Text_putSite__E)
                  0000ae26    00000098     drivers_tivaware.aem4f : UARTTiva.oem4f (.text:UARTTiva_readPolling)
                  0000aebe    00000002     --HOLE-- [fill = 0]
                  0000aec0    00000098     Boot.aem4f : Boot.oem4f (.text:ti_catalog_arm_cortexm4_tiva_ce_Boot_sysCtlClockFreqSet__E)
                  0000af58    00000096     rtsv7M4_T_le_v4SPD16_eabi.lib : ull_div_t2.asm.obj (.text)
                  0000afee    00000094     drivers_tivaware.aem4f : UARTTiva.oem4f (.text:UARTTiva_write)
                  0000b082    00000006     driverlib.lib : gpio.obj (.text:GPIOPinWrite)
                  0000b088    00000094     sysbios.aem4f : BIOS.obj (.text:ti_sysbios_family_arm_m3_Hwi_Instance_init__E)
                  0000b11c    00000004     empty_pem4f.oem4f (.text:ti_sysbios_heaps_HeapMem_Module_GateProxy_enter__E)
                  0000b120    00000094     sysbios.aem4f : BIOS.obj (.text:ti_sysbios_family_arm_m3_Hwi_initNVIC__E)
                  0000b1b4    00000004     empty_pem4f.oem4f (.text:ti_sysbios_heaps_HeapMem_Module_GateProxy_leave__E)
                  0000b1b8    00000094     sysbios.aem4f : BIOS.obj (.text:ti_sysbios_knl_Task_postInit__I)
                  0000b24c    0000008c     drivers_tivaware.aem4f : GPIOTiva.oem4f (.text:GPIO_init)
                  0000b2d8    0000008c                            : UARTTiva.oem4f (.text:UARTTiva_control)
                  0000b364    0000008c     sysbios.aem4f : m3_TaskSupport_asm.obj (.text:ti_sysbios_family_arm_m3_TaskSupport_buildTaskStack)
                  0000b3f0    0000008c                   : BIOS.obj (.text:ti_sysbios_hal_SecondsClock_Module_startup__E)
                  0000b47c    0000008a     drivers_tivaware.aem4f : UARTTiva.oem4f (.text:readIsrTextBlocking)
                  0000b506    00000002     --HOLE-- [fill = 0]
                  0000b508    00000088                            : PWMTiva.oem4f (.text:PWMTiva_control)
                  0000b590    00000086     grlib.lib : rectangle.obj (.text:GrRectFill)
                  0000b616    00000086     rtsv7M4_T_le_v4SPD16_eabi.lib : fd_cmp_t2.asm.obj (.text:__aeabi_cdcmple)
                  0000b69c    00000086                                   : fd_cmp_t2.asm.obj (.text:__aeabi_cdrcmple)
                  0000b722    00000002     --HOLE-- [fill = 0]
                  0000b724    00000084     GlobalDraw.obj (.text:GraphPageAccel)
                  0000b7a8    00000084     GlobalDraw.obj (.text:GraphPageLight)
                  0000b82c    00000004     empty_pem4f.oem4f (.text:ti_sysbios_knl_Clock_TimerProxy_getFreq__E)
                  0000b830    00000084     sysbios.aem4f : BIOS.obj (.text:ti_sysbios_family_arm_m3_Hwi_postInit__I)
                  0000b8b4    00000082     opt3001.obj (.text:opt3001_init)
                  0000b936    00000082     drivers_tivaware.aem4f : UARTTiva.oem4f (.text:readIsrTextCallback)
                  0000b9b8    00000080     grlib.lib : rectangle.obj (.text:GrRectIntersectGet)
                  0000ba38    0000007e     drivers_tivaware.aem4f : I2CTiva.oem4f (.text:I2CTiva_transfer)
                  0000bab6    00000002     --HOLE-- [fill = 0]
                  0000bab8    0000007c     sensors.obj (.text:adc_init)
                  0000bb34    00000004     empty_pem4f.oem4f (.text:ti_sysbios_knl_Clock_TimerProxy_getMaxTicks__E)
                  0000bb38    0000007c     sysbios.aem4f : BIOS.obj (.text:ti_sysbios_family_arm_lm4_Timer_disableTiva__I)
                  0000bbb4    0000007a     driverlib.lib : adc.obj (.text:ADCSequenceStepConfigure)
                  0000bc2e    0000007a     drivers_tivaware.aem4f : UARTTiva.oem4f (.text:readTaskCallback)
                  0000bca8    0000007a     rtsv7M4_T_le_v4SPD16_eabi.lib : memset_t2.asm.obj (.text)
                  0000bd22    00000002     --HOLE-- [fill = 0]
                  0000bd24    00000078     GlobalDraw.obj (.text:UpdateAccelGraph)
                  0000bd9c    00000078     GlobalDraw.obj (.text:UpdateLightGraph)
                  0000be14    00000076     GraphFunctions.obj (.text:ArrayUpdate)
                  0000be8a    00000002     --HOLE-- [fill = 0]
                  0000be8c    00000074     GlobalDraw.obj (.text:InitScreen)
                  0000bf00    00000074     sysbios.aem4f : BIOS.obj (.text:ti_sysbios_knl_Clock_start__E)
                  0000bf74    00000070     sensors.obj (.text:currentSensorFilterFxn)
                  0000bfe4    00000070     sensors.obj (.text:lightSensorFilterFxn)
                  0000c054    00000070     opt3001.obj (.text:opt3001_read)
                  0000c0c4    00000004     empty_pem4f.oem4f (.text:ti_sysbios_knl_Clock_TimerProxy_getPeriod__E)
                  0000c0c8    00000070     sysbios.aem4f : BIOS.obj (.text:ti_sysbios_knl_Clock_workFunc__E)
                  0000c138    00000070                   : BIOS.obj (.text:ti_sysbios_knl_Task_exit__E)
                  0000c1a8    0000006e     rtsv7M4_T_le_v4SPD16_eabi.lib : _printfi.c.obj (.text:_mcpy)
                  0000c216    00000002     --HOLE-- [fill = 0]
                  0000c218    0000006d     ti.targets.arm.rtsarm.aem4f : System.oem4f (.text:xdc_runtime_System_formatNum__I)
                  0000c285    00000003     --HOLE-- [fill = 0]
                  0000c288    0000006c     GraphFunctions.obj (.text:CalcAvg)
                  0000c2f4    0000006c     Motor.obj (.text:HAllF)
                  0000c360    0000006c     drivers_tivaware.aem4f : PWMTimerTiva.oem4f (.text:PWMTimerTiva_control)
                  0000c3cc    0000006c     empty_pem4f.oem4f (.text:ti_sysbios_family_arm_lm4_Timer_Object__create__S)
                  0000c438    0000006c     sysbios.aem4f : BIOS.obj (.text:ti_sysbios_gates_GateMutexPri_leave__E)
                  0000c4a4    00000004     empty_pem4f.oem4f (.text:ti_sysbios_knl_Clock_destruct)
                  0000c4a8    0000006c     sysbios.aem4f : BIOS.obj (.text:ti_sysbios_knl_Swi_restoreHwi__E)
                  0000c514    0000006c     drivers_tivaware.aem4f : UARTTiva.oem4f (.text:writeData)
                  0000c580    0000006c     ti.targets.arm.rtsarm.aem4f : Error.oem4f (.text:xdc_runtime_Error_print__E)
                  0000c5ec    0000006c                                 : Memory.oem4f (.text:xdc_runtime_Memory_alloc__E)
                  0000c658    0000006a     drivers_tivaware.aem4f : PWMTiva.oem4f (.text:PWMTiva_close)
                  0000c6c2    00000002     --HOLE-- [fill = 0]
                  0000c6c4    00000068     GlobalDraw.obj (.text:BackMainMotorPage)
                  0000c72c    00000068     grlib.lib : context.obj (.text:GrContextInit)
                  0000c794    00000068               : string.obj (.text:GrStringWidthGet)
                  0000c7fc    00000068     driverlib.lib : interrupt.obj (.text:IntEnable)
                  0000c864    00000068     Kentec320x240x16_ssd2119_spi.obj (.text:Kentec320x240x16_SSD2119LineDrawH)
                  0000c8cc    00000068     Kentec320x240x16_ssd2119_spi.obj (.text:Kentec320x240x16_SSD2119LineDrawV)
                  0000c934    00000068     rtsv7M4_T_le_v4SPD16_eabi.lib : copy_decompress_lzss.c.obj (.text:decompress:lzss:__TI_decompress_lzss)
                  0000c99c    00000068     opt3001.obj (.text:opt3001_convert)
                  0000ca04    00000066     grlib.lib : context.obj (.text:GrContextClipRegionSet)
                  0000ca6a    00000066               : rectangle.obj (.text:GrRectDraw)
                  0000cad0    00000066     ti.targets.arm.rtsarm.aem4f : Core-mem.oem4f (.text:xdc_runtime_Core_deleteObject__I)
                  0000cb36    00000002     --HOLE-- [fill = 0]
                  0000cb38    00000064     drivers_tivaware.aem4f : GPIOTiva.oem4f (.text:GPIO_hwiIntFxn)
                  0000cb9c    00000064     grlib.lib : widget.obj (.text:WidgetMessageQueueProcess)
                  0000cc00    00000064     rtsv7M4_T_le_v4SPD16_eabi.lib : s_frexp.c.obj (.text:frexp)
                  0000cc64    00000064     GraphFunctions.obj (.text:min_element)
                  0000ccc8    00000064     sysbios.aem4f : BIOS.obj (.text:ti_sysbios_family_arm_lm4_Timer_Module_startup__E)
                  0000cd2c    00000064     empty_pem4f.oem4f (.text:ti_sysbios_family_arm_m3_Hwi_create)
                  0000cd90    00000064     sysbios.aem4f : BIOS.obj (.text:ti_sysbios_family_arm_m3_Hwi_dispatchC__I)
                  0000cdf4    00000064     empty_pem4f.oem4f (.text:ti_sysbios_hal_Timer_create)
                  0000ce58    00000064     Clock.obj (.text:timer1sec)
                  0000cebc    00000062     drivers_tivaware.aem4f : I2CTiva.oem4f (.text:I2CTiva_primeTransfer)
                  0000cf1e    00000002     --HOLE-- [fill = 0]
                  0000cf20    00000060     driverlib.lib : timer.obj (.text:TimerConfigure)
                  0000cf80    00000060     Kentec320x240x16_ssd2119_spi.obj (.text:WriteDataSPI)
                  0000cfe0    00000060     sysbios.aem4f : BIOS.obj (.text:ti_sysbios_knl_Task_schedule__I)
                  0000d040    0000005e     grlib.lib : widget.obj (.text:WidgetMessageSendPreOrder)
                  0000d09e    0000005e     bmi160.obj (.text:bmi160_getAccel)
                  0000d0fc    0000005e     drivers_tivaware.aem4f : UARTTiva.oem4f (.text:readIsrBinaryBlocking)
                  0000d15a    00000002     --HOLE-- [fill = 0]
                  0000d15c    0000005c     Kentec320x240x16_ssd2119_spi.obj (.text:WriteCommandSPI)
                  0000d1b8    0000005c     GraphFunctions.obj (.text:max_element)
                  0000d214    0000005c     empty_pem4f.oem4f (.text:ti_sysbios_knl_Swi_create)
                  0000d270    0000005c     sysbios.aem4f : BIOS.obj (.text:ti_sysbios_knl_Swi_run__I)
                  0000d2cc    00000004     empty_pem4f.oem4f (.text:ti_sysbios_knl_Queue_destruct)
                  0000d2d0    0000005c     sysbios.aem4f : BIOS.obj (.text:ti_sysbios_knl_Swi_schedule__I)
                  0000d32c    00000004     empty_pem4f.oem4f (.text:ti_sysbios_knl_Semaphore_destruct)
                  0000d330    0000005c     sysbios.aem4f : BIOS.obj (.text:ti_sysbios_knl_Task_Module_startup__E)
                  0000d38c    00000004     ti.targets.arm.rtsarm.aem4f : Error.oem4f (.text:xdc_runtime_Error_getSite__E)
                  0000d390    0000005c     sysbios.aem4f : BIOS.obj (.text:ti_sysbios_knl_Task_startCore__E)
                  0000d3ec    0000005c     i2cDriver.obj (.text:writeI2C)
                  0000d448    0000005b     ti.targets.arm.rtsarm.aem4f : Text.oem4f (.text:xdc_runtime_Text_putLab__E)
                  0000d4a3    00000001     --HOLE-- [fill = 0]
                  0000d4a4    0000005a     grlib.lib : string.obj (.text:FontWideGlyphDataGet)
                  0000d4fe    00000002     --HOLE-- [fill = 0]
                  0000d500    00000058     boot.aem4f : boot.oem4f (.text)
                  0000d558    00000058     rtsv7M4_T_le_v4SPD16_eabi.lib : hostwrite.c.obj (.text:HOSTwrite)
                  0000d5b0    00000058     grlib.lib : slider.obj (.text:SliderPositionToValue)
                  0000d608    00000058     driverlib.lib : timer.obj (.text:TimerControlTrigger)
                  0000d660    00000058     sysbios.aem4f : BIOS.obj (.text:ti_sysbios_family_arm_lm4_Timer_Instance_finalize__E)
                  0000d6b8    00000058     empty_pem4f.oem4f (.text:ti_sysbios_family_arm_m3_Hwi_construct)
                  0000d710    00000058     sysbios.aem4f : m3_Hwi_asm_switch.obj (.text:ti_sysbios_family_arm_m3_Hwi_initStacks__E)
                  0000d768    00000057     Motor.obj (.text:MotorInit)
                  0000d7bf    00000001     --HOLE-- [fill = 0]
                  0000d7c0    00000056     driverlib.lib : gpio.obj (.text:GPIOIntTypeSet)
                  0000d816    00000056     rtsv7M4_T_le_v4SPD16_eabi.lib : _printfi.c.obj (.text:_pconv_f)
                  0000d86c    00000054                                   : _ltoa.c.obj (.text:__TI_ltoa)
                  0000d8c0    00000054     sensors.obj (.text:i2c_Open)
                  0000d914    00000054     drivers_tivaware.aem4f : UARTTiva.oem4f (.text:readIsrBinaryCallback)
                  0000d968    00000054     sysbios.aem4f : BIOS.obj (.text:ti_sysbios_family_arm_lm4_Timer_initDevice__I)
                  0000d9bc    00000004     empty_pem4f.oem4f (.text:xdc_runtime_System_Module_GateProxy_enter__E)
                  0000d9c0    00000054     sysbios.aem4f : BIOS.obj (.text:ti_sysbios_knl_Swi_Instance_finalize__E)
                  0000da14    00000054     empty_pem4f.oem4f (.text:ti_sysbios_knl_Task_construct)
                  0000da68    00000054     ti.targets.arm.rtsarm.aem4f : Assert.oem4f (.text:xdc_runtime_Assert_raise__I)
                  0000dabc    00000052     rtsv7M4_T_le_v4SPD16_eabi.lib : _printfi.c.obj (.text:_ecpy)
                  0000db0e    00000002     --HOLE-- [fill = 0]
                  0000db10    00000050     drivers_tivaware.aem4f : GPIOTiva.oem4f (.text:GPIO_setCallback)
                  0000db60    00000050                            : GPIOTiva.oem4f (.text:GPIO_write)
                  0000dbb0    00000050                            : UARTTiva.oem4f (.text:UARTTiva_writeCancel)
                  0000dc00    00000050     Boot.aem4f : Boot_sysctl.oem4f (.text:_SysCtlFrequencyGet)
                  0000dc50    00000050     sysbios.aem4f : BIOS.obj (.text:ti_sysbios_family_arm_m3_Hwi_Module_startup__E)
                  0000dca0    00000050     ti.targets.arm.rtsarm.aem4f : Startup.oem4f (.text:xdc_runtime_Startup_exec__E)
                  0000dcf0    00000050                                 : Text.oem4f (.text:xdc_runtime_Text_visitRope2__I)
                  0000dd40    0000004c     drivers_tivaware.aem4f : UARTTiva.oem4f (.text:UARTTiva_close)
                  0000dd8c    0000004c     grlib.lib : widget.obj (.text:WidgetRemove)
                  0000ddd8    0000004c     rtsv7M4_T_le_v4SPD16_eabi.lib : atoi.c.obj (.text:atoi)
                  0000de24    0000004c                                   : cpy_tbl.c.obj (.text:copy_in)
                  0000de70    0000004c     i2cDriver.obj (.text:readI2C)
                  0000debc    00000004     empty_pem4f.oem4f (.text:xdc_runtime_System_Module_GateProxy_leave__E)
                  0000dec0    0000004c     sysbios.aem4f : BIOS.obj (.text:ti_sysbios_family_arm_lm4_Timer_setAvailMask__E)
                  0000df0c    00000004     ti.targets.arm.rtsarm.aem4f : System.oem4f (.text:xdc_runtime_System_aprintf_va__F)
                  0000df10    0000004c     sysbios.aem4f : BIOS.obj (.text:ti_sysbios_heaps_HeapMem_getStats__E)
                  0000df5c    00000004     ti.targets.arm.rtsarm.aem4f : System.oem4f (.text:xdc_runtime_System_printf_va__F)
                  0000df60    0000004c     sysbios.aem4f : BIOS.obj (.text:ti_sysbios_knl_Swi_runLoop__I)
                  0000dfac    00000004     --HOLE-- [fill = 0]
                  0000dfb0    0000004c                   : BIOS.obj (.text:ti_sysbios_knl_Task_allBlockedFunction__I)
                  0000dffc    00000004     --HOLE-- [fill = 0]
                  0000e000    0000004c                   : BIOS.obj (.text:ti_sysbios_knl_Task_block__E)
                  0000e04c    0000004a     drivers_tivaware.aem4f : PWMTimerTiva.oem4f (.text:PWMTimerTiva_close)
                  0000e096    0000004a     grlib.lib : string.obj (.text:UpdateContextCharMapping)
                  0000e0e0    00000048     driverlib.lib : gpio.obj (.text:GPIOPinConfigure)
                  0000e128    00000048                   : i2c.obj (.text:I2CMasterInitExpClk)
                  0000e170    00000048     rtsv7M4_T_le_v4SPD16_eabi.lib : fd_toi_t2.asm.obj (.text)
                  0000e1b8    00000048     sysbios.aem4f : BIOS.obj (.text:ti_sysbios_family_arm_lm4_Timer_enableTimers__I)
                  0000e200    00000048                   : BIOS.obj (.text:ti_sysbios_family_arm_m3_Hwi_disableInterrupt__E)
                  0000e248    00000048                   : BIOS.obj (.text:ti_sysbios_family_arm_m3_Hwi_enableInterrupt__E)
                  0000e290    00000048                   : BIOS.obj (.text:ti_sysbios_family_arm_m3_Hwi_excReserved__I)
                  0000e2d8    00000048                   : BIOS.obj (.text:ti_sysbios_hal_SecondsClock_increment__I)
                  0000e320    00000048                   : BIOS.obj (.text:ti_sysbios_knl_Mailbox_Module_startup__E)
                  0000e368    00000046     grlib.lib : line.obj (.text:GrLineDrawH)
                  0000e3ae    00000046               : line.obj (.text:GrLineDrawV)
                  0000e3f4    00000046     Kentec320x240x16_ssd2119_spi.obj (.text:Kentec320x240x16_SSD2119PixelDraw)
                  0000e43a    00000046     drivers_tivaware.aem4f : RingBuf.oem4f (.text:RingBuf_put)
                  0000e480    00000046     UARTLocal.obj (.text:initUART)
                  0000e4c6    00000046     ti.targets.arm.rtsarm.aem4f : Core-params.oem4f (.text:xdc_runtime_Core_assignParams__I)
                  0000e50c    00000044     Motor.obj (.text:GetCurrentSpeed)
                  0000e550    00000044     sysbios.aem4f : BIOS.obj (.text:ti_sysbios_family_arm_lm4_Timer_isrStub__E)
                  0000e594    00000004     --HOLE-- [fill = 0]
                  0000e598    00000044                   : BIOS.obj (.text:ti_sysbios_family_arm_m3_Hwi_getStackInfo__E)
                  0000e5dc    00000004     --HOLE-- [fill = 0]
                  0000e5e0    00000044                   : BIOS.obj (.text:ti_sysbios_knl_Mailbox_postInit__I)
                  0000e624    00000004     --HOLE-- [fill = 0]
                  0000e628    00000044                   : BIOS.obj (.text:ti_sysbios_knl_Swi_post__E)
                  0000e66c    00000044     ti.targets.arm.rtsarm.aem4f : Error.oem4f (.text:xdc_runtime_Error_setX__E)
                  0000e6b0    00000044                                 : SysMin.oem4f (.text:xdc_runtime_SysMin_flush__E)
                  0000e6f4    00000044                                 : Text.oem4f (.text:xdc_runtime_Text_xprintf__I)
                  0000e738    00000042     driverlib.lib : uart.obj (.text:UARTConfigSetExpClk)
                  0000e77a    00000042     drivers_tivaware.aem4f : UARTTiva.oem4f (.text:UARTTiva_hwiIntFxn)
                  0000e7bc    00000042                            : UARTTiva.oem4f (.text:UARTTiva_writePolling)
                  0000e7fe    00000002     --HOLE-- [fill = 0]
                  0000e800    00000040     GraphData.obj (.text:InitsingleBuffer)
                  0000e840    00000040     drivers_tivaware.aem4f : RingBuf.oem4f (.text:RingBuf_get)
                  0000e880    00000040                            : UARTTiva.oem4f (.text:UARTTiva_read)
                  0000e8c0    00000040     rtsv7M4_T_le_v4SPD16_eabi.lib : u_divt2.asm.obj (.text)
                  0000e900    00000040                                   : sprintf.c.obj (.text:sprintf)
                  0000e940    00000040     sysbios.aem4f : BIOS.obj (.text:ti_sysbios_family_arm_lm4_Timer_startup__E)
                  0000e980    00000040                   : BIOS.obj (.text:ti_sysbios_hal_SecondsClock_getTime__E)
                  0000e9c0    0000003e     driverlib.lib : adc.obj (.text:ADCSequenceConfigure)
                  0000e9fe    0000003e     rtsv7M4_T_le_v4SPD16_eabi.lib : _printfi.c.obj (.text:_fcpy)
                  0000ea3c    0000003c     GraphFunctions.obj (.text:CalcNoRemainder)
                  0000ea78    0000003c     driverlib.lib : ssi.obj (.text:SSIConfigSetExpClk)
                  0000eab4    0000003c     Estop.obj (.text:checkEstop)
                  0000eaf0    0000003c     sysbios.aem4f : BIOS.obj (.text:ti_sysbios_family_arm_m3_Hwi_excSvCall__I)
                  0000eb2c    00000004     --HOLE-- [fill = 0]
                  0000eb30    0000003c                   : BIOS.obj (.text:ti_sysbios_heaps_HeapMem_init__I)
                  0000eb6c    00000004     --HOLE-- [fill = 0]
                  0000eb70    0000003c                   : BIOS.obj (.text:ti_sysbios_knl_Swi_restore__E)
                  0000ebac    0000003a     grlib.lib : string.obj (.text:FontGlyphDataGet)
                  0000ebe6    0000003a     drivers_tivaware.aem4f : I2CTiva.oem4f (.text:I2CTiva_completeTransfer)
                  0000ec20    00000038     grlib.lib : rectangle.obj (.text:GrRectOverlapCheck)
                  0000ec58    00000038     drivers_tivaware.aem4f : I2C.oem4f (.text:I2C_init)
                  0000ec90    00000038                            : PWM.oem4f (.text:PWM_init)
                  0000ecc8    00000038     GlobalDraw.obj (.text:RemoveGraphSelect)
                  0000ed00    00000038     driverlib.lib : sysctl.obj (.text:SysCtlPeripheralReady)
                  0000ed38    00000038     drivers_tivaware.aem4f : UART.oem4f (.text:UART_init)
                  0000ed70    00000038     rtsv7M4_T_le_v4SPD16_eabi.lib : trgmsg.c.obj (.text:__TI_writemsg)
                  0000eda8    00000038     sysbios.aem4f : BIOS.obj (.text:ti_sysbios_family_arm_m3_Hwi_excNoIsr__I)
                  0000ede0    00000038                   : BIOS.obj (.text:ti_sysbios_knl_Task_processVitalTaskFlag__I)
                  0000ee18    00000038     ti.targets.arm.rtsarm.aem4f : SysMin.oem4f (.text:xdc_runtime_SysMin_putch__E)
                  0000ee50    00000038                                 : System.oem4f (.text:xdc_runtime_System_atexit__E)
                  0000ee88    00000036     grlib.lib : line.obj (.text:GrClipCodeGet)
                  0000eebe    00000036     drivers_tivaware.aem4f : I2CTiva.oem4f (.text:I2CTiva_close)
                  0000eef4    00000036                            : UARTTiva.oem4f (.text:UARTTiva_readCancel)
                  0000ef2a    00000002     --HOLE-- [fill = 0]
                  0000ef2c    00000034     driverlib.lib : sysctl.obj (.text:SysCtlPeripheralEnable)
                  0000ef60    00000034     rtsv7M4_T_le_v4SPD16_eabi.lib : trgmsg.c.obj (.text:__TI_readmsg)
                  0000ef94    00000034     bmi160.obj (.text:bmi160_readConvert)
                  0000efc8    00000034     sysbios.aem4f : BIOS.obj (.text:ti_sysbios_family_arm_lm4_Timer_setPeriodMicroSecs__E)
                  0000effc    00000004     --HOLE-- [fill = 0]
                  0000f000    00000034                   : BIOS.obj (.text:ti_sysbios_family_arm_m3_Hwi_Instance_finalize__E)
                  0000f034    00000004     --HOLE-- [fill = 0]
                  0000f038    00000034                   : BIOS.obj (.text:ti_sysbios_family_arm_m3_Hwi_excNmi__I)
                  0000f06c    00000004     --HOLE-- [fill = 0]
                  0000f070    00000034                   : BIOS.obj (.text:ti_sysbios_hal_Hwi_checkStack)
                  0000f0a4    00000034     empty_pem4f.oem4f (.text:ti_sysbios_knl_Clock_construct)
                  0000f0d8    00000034     ti.targets.arm.rtsarm.aem4f : Core-label.oem4f (.text:xdc_runtime_Core_assignLabel__I)
                  0000f10c    00000033                                 : Text.oem4f (.text:xdc_runtime_Text_printVisFxn__I)
                  0000f13f    00000001     --HOLE-- [fill = 0]
                  0000f140    00000032     sysbios.aem4f : BIOS.obj (.text:ti_sysbios_hal_Hwi_initStack)
                  0000f172    00000002     --HOLE-- [fill = 0]
                  0000f174    00000030     drivers_tivaware.aem4f : GPIOTiva.oem4f (.text:GPIO_enableInt)
                  0000f1a4    00000030                            : GPIOTiva.oem4f (.text:GPIO_read)
                  0000f1d4    00000030                            : I2C.oem4f (.text:I2C_open)
                  0000f204    00000030                            : PWMTiva.oem4f (.text:PWMTiva_init)
                  0000f234    00000030                            : PWM.oem4f (.text:PWM_open)
                  0000f264    00000030                            : UART.oem4f (.text:UART_open)
                  0000f294    00000030     empty_pem4f.oem4f (.text:ti_sysbios_BIOS_atExitFunc__I)
                  0000f2c4    00000004     --HOLE-- [fill = 0]
                  0000f2c8    00000030     sysbios.aem4f : BIOS.obj (.text:ti_sysbios_family_arm_lm4_Timer_stop__E)
                  0000f2f8    00000030                   : BIOS.obj (.text:ti_sysbios_family_arm_m3_TaskSupport_start__E)
                  0000f328    00000030     empty_pem4f.oem4f (.text:ti_sysbios_gates_GateHwi_Object__create__S)
                  0000f358    00000030     empty_pem4f.oem4f (.text:ti_sysbios_gates_GateHwi_create)
                  0000f388    00000030     empty_pem4f.oem4f (.text:ti_sysbios_gates_GateMutexPri_Object__create__S)
                  0000f3b8    00000030     empty_pem4f.oem4f (.text:ti_sysbios_gates_GateMutexPri_create)
                  0000f3e8    00000030     empty_pem4f.oem4f (.text:ti_sysbios_gates_GateMutex_Object__create__S)
                  0000f418    00000030     empty_pem4f.oem4f (.text:ti_sysbios_heaps_HeapMem_Object__create__S)
                  0000f448    00000030     sysbios.aem4f : BIOS.obj (.text:ti_sysbios_knl_Event_pendTimeout__I)
                  0000f478    00000030     empty_pem4f.oem4f (.text:ti_sysbios_knl_Semaphore_construct)
                  0000f4a8    00000030     sysbios.aem4f : BIOS.obj (.text:ti_sysbios_knl_Semaphore_pendTimeout__I)
                  0000f4d8    00000030                   : BIOS.obj (.text:ti_sysbios_knl_Task_unblockI__E)
                  0000f508    00000030     ti.targets.arm.rtsarm.aem4f : SysMin.oem4f (.text:xdc_runtime_SysMin_abort__E)
                  0000f538    00000030                                 : System.oem4f (.text:xdc_runtime_System_processAtExit__E)
                  0000f568    0000002e     driverlib.lib : adc.obj (.text:ADCIntStatus)
                  0000f596    0000002e     grlib.lib : string.obj (.text:GrStringNextCharGet)
                  0000f5c4    0000002e     rtsv7M4_T_le_v4SPD16_eabi.lib : i_tofd_t2.asm.obj (.text)
                  0000f5f2    00000002     --HOLE-- [fill = 0]
                  0000f5f4    0000002c     EK_TM4C1294XL.obj (.text:EK_TM4C1294XL_initUART)
                  0000f620    0000002c     grlib.lib : string.obj (.text:GrFontBaselineGet)
                  0000f64c    0000002c               : string.obj (.text:GrFontHeightGet)
                  0000f678    0000002c               : pushbutton.obj (.text:RectangularButtonMsgProc)
                  0000f6a4    0000002c               : slider.obj (.text:SliderMsgProc)
                  0000f6d0    0000002c               : widget.obj (.text:WidgetIsInTree)
                  0000f6fc    0000002c     Motor.obj (.text:clk0Fxn)
                  0000f728    0000002c     GlobalDraw.obj (.text:removeSensorPage)
                  0000f754    0000002c     empty_pem4f.oem4f (.text:ti_sysbios_knl_Clock_doTick__I)
                  0000f780    0000002c     empty_pem4f.oem4f (.text:ti_sysbios_knl_Event_construct)
                  0000f7ac    0000002c     empty_pem4f.oem4f (.text:ti_sysbios_knl_Queue_construct)
                  0000f7d8    0000002c     sysbios.aem4f : BIOS.obj (.text:ti_sysbios_knl_Task_restore__E)
                  0000f804    0000002c     ti.targets.arm.rtsarm.aem4f : Text.oem4f (.text:xdc_runtime_Text_cordText__E)
                  0000f830    0000002a     driverlib.lib : gpio.obj (.text:GPIODirModeSet)
                  0000f85a    0000002a     bmi160.obj (.text:bmi160_delay)
                  0000f884    0000002a     ti.targets.arm.rtsarm.aem4f : System.oem4f (.text:xdc_runtime_System_putchar__I)
                  0000f8ae    00000028     Kentec320x240x16_ssd2119_spi.obj (.text:Kentec320x240x16_SSD2119ColorTranslate)
                  0000f8d6    00000002     --HOLE-- [fill = 0]
                  0000f8d8    00000028     sysbios.aem4f : BIOS.obj (.text:ti_sysbios_hal_Timer_Instance_init__E)
                  0000f900    00000028                   : BIOS.obj (.text:ti_sysbios_knl_Clock_addI__E)
                  0000f928    00000028                   : BIOS.obj (.text:ti_sysbios_knl_Swi_Module_startup__E)
                  0000f950    00000026     grlib.lib : string.obj (.text:GrFontInfoGet)
                  0000f976    00000026     sysbios.aem4f : m3_Hwi_asm.obj (.text:ti_sysbios_family_arm_m3_Hwi_pendSV__I)
                  0000f99c    00000026     ti.targets.arm.rtsarm.aem4f : System.oem4f (.text:xdc_runtime_System_avprintf__E)
                  0000f9c2    00000002     --HOLE-- [fill = 0]
                  0000f9c4    00000024     GlobalDraw.obj (.text:BackGraphSelect)
                  0000f9e8    00000024     GlobalDraw.obj (.text:BackMainGraph)
                  0000fa0c    00000024     GlobalDraw.obj (.text:RemoveGraph)
                  0000fa30    00000024     GlobalDraw.obj (.text:RemoveMainPage)
                  0000fa54    00000024     GlobalDraw.obj (.text:backMainSensor)
                  0000fa78    00000024     empty_pem4f.oem4f (.text:ti_sysbios_BIOS_errorRaiseHook__I)
                  0000fa9c    00000024     empty_pem4f.oem4f (.text:ti_sysbios_BIOS_registerRTSLock__I)
                  0000fac0    00000024     empty_pem4f.oem4f (.text:ti_sysbios_BIOS_removeRTSLock__I)
                  0000fae4    00000024     empty_pem4f.oem4f (.text:ti_sysbios_BIOS_startFunc__I)
                  0000fb08    00000024     empty_pem4f.oem4f (.text:ti_sysbios_gates_GateMutexPri_Object__delete__S)
                  0000fb2c    00000024     empty_pem4f.oem4f (.text:ti_sysbios_gates_GateMutex_Object__delete__S)
                  0000fb50    00000024     sysbios.aem4f : BIOS.obj (.text:ti_sysbios_knl_Clock_Module_startup__E)
                  0000fb74    00000004     --HOLE-- [fill = 0]
                  0000fb78    00000024                   : BIOS.obj (.text:ti_sysbios_knl_Task_restoreHwi__E)
                  0000fb9c    00000024     ti.targets.arm.rtsarm.aem4f : System.oem4f (.text:xdc_runtime_System_vprintf__E)
                  0000fbc0    00000022     grlib.lib : string.obj (.text:GrFontGlyphDataGet)
                  0000fbe2    00000022     driverlib.lib : pwm.obj (.text:PWMGenConfigure)
                  0000fc04    00000022     drivers_tivaware.aem4f : PWMTiva.oem4f (.text:PWMTiva_getPeriodCounts)
                  0000fc26    00000002     --HOLE-- [fill = 0]
                  0000fc28    00000022     sysbios.aem4f : BIOS.obj (.text:ti_sysbios_family_arm_lm4_Timer_write__I)
                  0000fc4a    00000022     empty_pem4f.oem4f (.text:xdc_runtime_SysMin_output__I)
                  0000fc6c    00000020     Boot.aem4f : Boot_sysctl.oem4f (.text:_SysCtlMemTimingGet)
                  0000fc8c    00000020     Estop.obj (.text:initEstop)
                  0000fcac    00000020     rtsv7M4_T_le_v4SPD16_eabi.lib : u_tofd_t2.asm.obj (.text)
                  0000fccc    00000020     empty_pem4f.oem4f (.text:ti_sysbios_BIOS_rtsLock__I)
                  0000fcec    00000020     empty_pem4f.oem4f (.text:ti_sysbios_family_arm_lm4_Timer_Object__delete__S)
                  0000fd0c    00000004     --HOLE-- [fill = 0]
                  0000fd10    00000020     sysbios.aem4f : BIOS.obj (.text:ti_sysbios_family_arm_lm4_Timer_getFreq__E)
                  0000fd30    00000020     empty_pem4f.oem4f (.text:ti_sysbios_family_arm_m3_Hwi_Object__delete__S)
                  0000fd50    00000020     sysbios.aem4f : m3_Hwi_asm.obj (.text:ti_sysbios_family_arm_m3_Hwi_excHandlerAsm__I)
                  0000fd70    00000020                   : BIOS.obj (.text:ti_sysbios_family_arm_m3_Hwi_excHandler__I)
                  0000fd90    00000020     empty_pem4f.oem4f (.text:ti_sysbios_gates_GateHwi_Object__delete__S)
                  0000fdb0    00000020     empty_pem4f.oem4f (.text:ti_sysbios_heaps_HeapMem_Object__delete__S)
                  0000fdd0    00000020     empty_pem4f.oem4f (.text:ti_sysbios_knl_Clock_Object__destruct__S)
                  0000fdf0    00000020     sysbios.aem4f : BIOS.obj (.text:ti_sysbios_knl_Idle_run__E)
                  0000fe10    00000020     empty_pem4f.oem4f (.text:ti_sysbios_knl_Semaphore_Object__destruct__S)
                  0000fe30    00000020     ti.targets.arm.rtsarm.aem4f : Registry.oem4f (.text:xdc_runtime_Registry_findById__E)
                  0000fe50    00000020                                 : SysMin.oem4f (.text:xdc_runtime_SysMin_Module_startup__E)
                  0000fe70    0000001e     driverlib.lib : adc.obj (.text:ADCSequenceDataGet)
                  0000fe8e    0000001e     grlib.lib : string.obj (.text:GrFontCodepageGet)
                  0000feac    0000001e     driverlib.lib : pwm.obj (.text:PWMPulseWidthSet)
                  0000feca    0000001e     drivers_tivaware.aem4f : PWMTiva.oem4f (.text:PWMTiva_getPeriodMicroSecs)
                  0000fee8    0000001e     grlib.lib : widget.obj (.text:WidgetAdd)
                  0000ff06    0000001e     sysbios.aem4f : m3_Hwi_asm_switch.obj (.text:ti_sysbios_family_xxx_Hwi_switchAndRunFunc)
                  0000ff24    0000001e     Clock.obj (.text:updatetime)
                  0000ff42    00000002     --HOLE-- [fill = 0]
                  0000ff44    0000001c     driverlib.lib : uart.obj (.text:UARTDisable)
                  0000ff60    0000001c     grlib.lib : widget.obj (.text:WidgetPointerMessage)
                  0000ff7c    0000001c     drivers_tivaware.aem4f : GPIOTiva.oem4f (.text:getGpioIntIndex)
                  0000ff98    0000001c     GraphData.obj (.text:initGraphBuffers)
                  0000ffb4    0000001c     rtsv7M4_T_le_v4SPD16_eabi.lib : memccpy.c.obj (.text:memccpy)
                  0000ffd0    0000001c     empty_pem4f.oem4f (.text:ti_sysbios_family_arm_m3_Hwi_Object__destruct__S)
                  0000ffec    00000004     --HOLE-- [fill = 0]
                  0000fff0    0000001c     sysbios.aem4f : BIOS.obj (.text:ti_sysbios_gates_GateMutexPri_Instance_init__E)
                  0001000c    00000004     --HOLE-- [fill = 0]
                  00010010    0000001c                   : BIOS.obj (.text:ti_sysbios_gates_GateMutex_Instance_init__E)
                  0001002c    0000001c     empty_pem4f.oem4f (.text:ti_sysbios_hal_Timer_TimerProxy_create)
                  00010048    0000001c     empty_pem4f.oem4f (.text:ti_sysbios_knl_Queue_Object__destruct__S)
                  00010064    00000004     --HOLE-- [fill = 0]
                  00010068    0000001c     sysbios.aem4f : BIOS.obj (.text:ti_sysbios_knl_Queue_put__E)
                  00010084    00000004     --HOLE-- [fill = 0]
                  00010088    0000001c                   : BIOS.obj (.text:ti_sysbios_knl_Task_enter__I)
                  000100a4    0000001c     ti.targets.arm.rtsarm.aem4f : Error.oem4f (.text:xdc_runtime_Error_raiseX__E)
                  000100c0    0000001c                                 : Memory.oem4f (.text:xdc_runtime_Memory_valloc__E)
                  000100dc    0000001c                                 : SysMin.oem4f (.text:xdc_runtime_SysMin_exit__E)
                  000100f8    0000001c                                 : System.oem4f (.text:xdc_runtime_System_abort__E)
                  00010114    0000001a     rtsv7M4_T_le_v4SPD16_eabi.lib : s_copysign.c.obj (.text:copysign)
                  0001012e    0000001a     empty_pem4f.oem4f (.text:ti_sysbios_family_arm_m3_Hwi_Handle__label__S)
                  00010148    0000001a     empty_pem4f.oem4f (.text:ti_sysbios_gates_GateHwi_Handle__label__S)
                  00010162    0000001a     empty_pem4f.oem4f (.text:ti_sysbios_gates_GateMutexPri_Handle__label__S)
                  0001017c    0000001a     empty_pem4f.oem4f (.text:ti_sysbios_gates_GateMutex_Handle__label__S)
                  00010196    0000001a     empty_pem4f.oem4f (.text:ti_sysbios_heaps_HeapMem_Handle__label__S)
                  000101b0    0000001a     empty_pem4f.oem4f (.text:ti_sysbios_knl_Swi_Handle__label__S)
                  000101ca    0000001a     empty_pem4f.oem4f (.text:ti_sysbios_knl_Task_Handle__label__S)
                  000101e4    0000001a     empty_pem4f.oem4f (.text:xdc_runtime_System_aprintf__E)
                  000101fe    0000001a     empty_pem4f.oem4f (.text:xdc_runtime_System_printf__E)
                  00010218    00000018     driverlib.lib : adc.obj (.text:ADCProcessorTrigger)
                  00010230    00000018     Estop.obj (.text:EstopPower)
                  00010248    00000018     driverlib.lib : gpio.obj (.text:GPIOPinTypeGPIOOutput)
                  00010260    00000018                   : timer.obj (.text:TimerControlLevel)
                  00010278    00000018     drivers_tivaware.aem4f : UART.oem4f (.text:UART_Params_init)
                  00010290    00000018     rtsv7M4_T_le_v4SPD16_eabi.lib : args_main.c.obj (.text:_args_main)
                  000102a8    00000018                                   : sprintf.c.obj (.text:_outs)
                  000102c0    00000018     empty_pem4f.oem4f (.text:ti_sysbios_BIOS_rtsUnlock__I)
                  000102d8    00000018     empty_pem4f.oem4f (.text:ti_sysbios_family_arm_lm4_Timer_Module__startupDone__F)
                  000102f0    00000018     empty_pem4f.oem4f (.text:ti_sysbios_family_arm_m3_Hwi_Module__startupDone__F)
                  00010308    00000018     sysbios.aem4f : m3_TaskSupport_asm.obj (.text:ti_sysbios_family_arm_m3_TaskSupport_swap__E)
                  00010320    00000018                   : BIOS.obj (.text:ti_sysbios_gates_GateMutex_leave__E)
                  00010338    00000018     empty_pem4f.oem4f (.text:ti_sysbios_knl_Clock_Module__startupDone__F)
                  00010350    00000018     sysbios.aem4f : BIOS.obj (.text:ti_sysbios_knl_Task_sleepTimeout__I)
                  00010368    00000018     ti.targets.arm.rtsarm.aem4f : Error.oem4f (.text:xdc_runtime_Error_check__E)
                  00010380    00000018                                 : System.oem4f (.text:xdc_runtime_System_exit__E)
                  00010398    00000018                                 : Text.oem4f (.text:xdc_runtime_Text_ropeText__E)
                  000103b0    00000016     grlib.lib : string.obj (.text:GrStringDraw)
                  000103c6    00000016     driverlib.lib : i2c.obj (.text:I2CMasterErr)
                  000103dc    00000016     rtsv7M4_T_le_v4SPD16_eabi.lib : strchr.c.obj (.text:strchr)
                  000103f2    00000016     empty_pem4f.oem4f (.text:ti_sysbios_BIOS_exitFunc__I)
                  00010408    00000016     Motor.obj (.text:ti_sysbios_gates_GateHwi_Params_init)
                  0001041e    00000016     GlobalDraw.obj (.text:ti_sysbios_gates_GateMutexPri_Params_init)
                  00010434    00000016     Clock.obj (.text:ti_sysbios_hal_Timer_Params_init)
                  0001044a    00000016     Motor.obj (.text:ti_sysbios_knl_Clock_Params_init)
                  00010460    00000016     Motor.obj (.text:ti_sysbios_knl_Swi_Params_init)
                  00010476    00000016     empty.obj (.text:ti_sysbios_knl_Swi_Params_init)
                  0001048c    00000016     empty.obj (.text:ti_sysbios_knl_Task_Params_init)
                  000104a2    00000014     grlib.lib : canvas.obj (.text:CanvasMsgProc)
                  000104b6    00000002     --HOLE-- [fill = 0]
                  000104b8    00000014     Kentec320x240x16_ssd2119_spi.obj (.text:LED_OFF)
                  000104cc    00000014     Kentec320x240x16_ssd2119_spi.obj (.text:LED_ON)
                  000104e0    00000014     driverlib.lib : pwm.obj (.text:PWMClockSet)
                  000104f4    00000014                   : sysctl.obj (.text:SysCtlPWMClockSet)
                  00010508    00000014                   : timer.obj (.text:TimerDisable)
                  0001051c    00000014     touch.obj (.text:TouchScreenCallbackSet)
                  00010530    00000014     driverlib.lib : uart.obj (.text:UARTEnable)
                  00010544    00000014     grlib.lib : widget.obj (.text:WidgetMutexGet)
                  00010558    00000014     rtsv7M4_T_le_v4SPD16_eabi.lib : strlen.c.obj (.text:strlen)
                  0001056c    00000014     empty_pem4f.oem4f (.text:ti_sysbios_family_arm_m3_Hwi_Object__get__S)
                  00010580    00000014     sysbios.aem4f : BIOS.obj (.text:ti_sysbios_family_arm_m3_Hwi_switchFromBootStack__E)
                  00010594    00000014     empty_pem4f.oem4f (.text:ti_sysbios_heaps_HeapMem_Object__get__S)
                  000105a8    00000014     sysbios.aem4f : BIOS.obj (.text:ti_sysbios_knl_Event_Instance_init__E)
                  000105bc    00000014     empty_pem4f.oem4f (.text:ti_sysbios_knl_Swi_Object__get__S)
                  000105d0    00000012     driverlib.lib : gpio.obj (.text:GPIOPinTypeADC)
                  000105e2    00000012                   : gpio.obj (.text:GPIOPinTypeEthernetLED)
                  000105f4    00000012                   : gpio.obj (.text:GPIOPinTypeGPIOInput)
                  00010606    00000012                   : gpio.obj (.text:GPIOPinTypeI2C)
                  00010618    00000012                   : gpio.obj (.text:GPIOPinTypeI2CSCL)
                  0001062a    00000012                   : gpio.obj (.text:GPIOPinTypePWM)
                  0001063c    00000012                   : gpio.obj (.text:GPIOPinTypeSSI)
                  0001064e    00000012                   : gpio.obj (.text:GPIOPinTypeTimer)
                  00010660    00000012                   : gpio.obj (.text:GPIOPinTypeUART)
                  00010672    00000012                   : gpio.obj (.text:GPIOPinTypeUSBAnalog)
                  00010684    00000012                   : gpio.obj (.text:GPIOPinTypeUSBDigital)
                  00010696    00000012                   : pwm.obj (.text:PWMGenPeriodGet)
                  000106a8    00000012                   : pwm.obj (.text:PWMOutputInvert)
                  000106ba    00000012                   : pwm.obj (.text:PWMOutputState)
                  000106cc    00000012     drivers_tivaware.aem4f : RingBuf.oem4f (.text:RingBuf_construct)
                  000106de    00000012     driverlib.lib : ssi.obj (.text:SSIDataGetNonBlocking)
                  000106f0    00000012                   : timer.obj (.text:TimerLoadSet)
                  00010702    00000012                   : timer.obj (.text:TimerMatchSet)
                  00010714    00000012                   : timer.obj (.text:TimerPrescaleMatchSet)
                  00010726    00000012                   : timer.obj (.text:TimerPrescaleSet)
                  00010738    00000012     sysbios.aem4f : BIOS.obj (.text:ti_sysbios_hal_Hwi_Module_startup__E)
                  0001074a    00000006     grlib.lib : string.obj (.text:GrContextFontSet)
                  00010750    00000012     sysbios.aem4f : BIOS.obj (.text:ti_sysbios_hal_Timer_Module_startup__E)
                  00010762    00000012     rtsv7M4_T_le_v4SPD16_eabi.lib : wcslen.c.obj (.text:wcslen)
                  00010774    00000012     empty_pem4f.oem4f (.text:xdc_runtime_Startup_exec__I)
                  00010786    00000002     --HOLE-- [fill = 0]
                  00010788    00000010     empty_pem4f.oem4f (.text:.bootCodeSection:ti_catalog_arm_cortexm4_tiva_ce_Boot_init__I)
                  00010798    00000010     driverlib.lib : adc.obj (.text:ADCIntEnable)
                  000107a8    00000010     GlobalDraw.obj (.text:ChangeAccelDown)
                  000107b8    00000010     GlobalDraw.obj (.text:ChangeAccelUp)
                  000107c8    00000010     driverlib.lib : fpu.obj (.text:FPUEnable)
                  000107d8    00000010                   : fpu.obj (.text:FPULazyStackingEnable)
                  000107e8    00000010     drivers_tivaware.aem4f : I2C.oem4f (.text:I2C_Params_init)
                  000107f8    00000010     driverlib.lib : pwm.obj (.text:PWMGenPeriodSet)
                  00010808    00000010     drivers_tivaware.aem4f : PWM.oem4f (.text:PWM_Params_init)
                  00010818    00000010                            : UARTTiva.oem4f (.text:readBlockingTimeout)
                  00010828    00000010     sysbios.aem4f : BIOS.obj (.text:ti_sysbios_BIOS_getCpuFreq__E)
                  00010838    00000010                   : BIOS.obj (.text:ti_sysbios_BIOS_setThreadType__E)
                  00010848    00000010                   : BIOS.obj (.text:ti_sysbios_BIOS_start__E)
                  00010858    00000010                   : BIOS.obj (.text:ti_sysbios_family_arm_lm4_TimestampProvider_rolloverFunc__E)
                  00010868    00000010                   : m3_TaskSupport_asm.obj (.text:ti_sysbios_family_arm_m3_TaskSupport_glue)
                  00010878    00000010                   : BIOS.obj (.text:ti_sysbios_gates_GateMutexPri_Instance_finalize__E)
                  00010888    00000010                   : BIOS.obj (.text:ti_sysbios_gates_GateMutex_Instance_finalize__E)
                  00010898    00000010     empty_pem4f.oem4f (.text:ti_sysbios_hal_Timer_TimerProxy_Object__create__S)
                  000108a8    00000010     empty_pem4f.oem4f (.text:ti_sysbios_knl_Mailbox_Object__get__S)
                  000108b8    00000010     sysbios.aem4f : BIOS.obj (.text:ti_sysbios_knl_Semaphore_Instance_finalize__E)
                  000108c8    00000010                   : BIOS.obj (.text:ti_sysbios_knl_Swi_disable__E)
                  000108d8    00000010     empty_pem4f.oem4f (.text:ti_sysbios_knl_Task_Object__get__S)
                  000108e8    00000010     sysbios.aem4f : BIOS.obj (.text:ti_sysbios_knl_Task_disable__E)
                  000108f8    00000010     driverlib.lib : udma.obj (.text:uDMAEnable)
                  00010908    00000010     ti.targets.arm.rtsarm.aem4f : Gate.oem4f (.text:xdc_runtime_Gate_leaveSystem__E)
                  00010918    00000010                                 : Memory.oem4f (.text:xdc_runtime_Memory_free__E)
                  00010928    00000010                                 : SysMin.oem4f (.text:xdc_runtime_SysMin_ready__E)
                  00010938    00000010                                 : System.oem4f (.text:xdc_runtime_System_vsnprintf__E)
                  00010948    00000010     empty_pem4f.oem4f (.text:xdc_runtime_Text_visitRope__I)
                  00010958    0000000e     driverlib.lib : adc.obj (.text:ADCSequenceEnable)
                  00010966    0000000e                   : gpio.obj (.text:GPIOIntStatus)
                  00010974    0000000e     grlib.lib : image.obj (.text:GrImageDraw)
                  00010982    0000000e     driverlib.lib : timer.obj (.text:TimerEnable)
                  00010990    0000000e                   : uart.obj (.text:UARTCharGetNonBlocking)
                  0001099e    0000000e                   : uart.obj (.text:UARTCharPutNonBlocking)
                  000109ac    0000000e     rtsv7M4_T_le_v4SPD16_eabi.lib : copy_decompress_none.c.obj (.text:decompress:none:__TI_decompress_none)
                  000109ba    00000006     driverlib.lib : i2c.obj (.text:I2CMasterIntDisable)
                  000109c0    0000000e     sysbios.aem4f : BIOS.obj (.text:ti_sysbios_knl_Idle_loop__E)
                  000109ce    00000002     --HOLE-- [fill = 0]
                  000109d0    0000000e                   : BIOS.obj (.text:ti_sysbios_knl_Queue_empty__E)
                  000109de    0000000c     driverlib.lib : gpio.obj (.text:GPIOIntEnable)
                  000109ea    0000000c                   : pwm.obj (.text:PWMGenDisable)
                  000109f6    0000000c                   : pwm.obj (.text:PWMGenEnable)
                  00010a02    0000000c     drivers_tivaware.aem4f : RingBuf.oem4f (.text:RingBuf_peek)
                  00010a0e    0000000c     empty.obj (.text:TouchCheckTask)
                  00010a1a    0000000c     driverlib.lib : uart.obj (.text:UARTFlowControlSet)
                  00010a26    0000000c     drivers_tivaware.aem4f : UARTTiva.oem4f (.text:UARTTiva_init)
                  00010a32    00000002     --HOLE-- [fill = 0]
                  00010a34    0000000c     rtsv7M4_T_le_v4SPD16_eabi.lib : _lock.c.obj (.text:_register_lock)
                  00010a40    0000000c                                   : _lock.c.obj (.text:_register_unlock)
                  00010a4c    0000000c     GlobalDraw.obj (.text:btntest)
                  00010a58    0000000c     rtsv7M4_T_le_v4SPD16_eabi.lib : copy_zero_init.c.obj (.text:decompress:ZI:__TI_zero_init)
                  00010a64    00000004     --HOLE-- [fill = 0]
                  00010a68    0000000c     sysbios.aem4f : BIOS.obj (.text:ti_sysbios_family_arm_lm4_Timer_getAvailMask__E)
                  00010a74    00000004     --HOLE-- [fill = 0]
                  00010a78    0000000c                   : BIOS.obj (.text:ti_sysbios_family_arm_lm4_Timer_getMaxTicks__E)
                  00010a84    00000004     --HOLE-- [fill = 0]
                  00010a88    0000000c                   : BIOS.obj (.text:ti_sysbios_family_arm_lm4_TimestampProvider_startTimer__E)
                  00010a94    0000000c     empty_pem4f.oem4f (.text:ti_sysbios_family_arm_m3_Hwi_Params__init__S)
                  00010aa0    0000000c     sysbios.aem4f : BIOS.obj (.text:ti_sysbios_family_arm_m3_Hwi_disableFxn__E)
                  00010aac    00000004     --HOLE-- [fill = 0]
                  00010ab0    0000000c                   : BIOS.obj (.text:ti_sysbios_family_arm_m3_TaskSupport_checkStack__E)
                  00010abc    00000004     --HOLE-- [fill = 0]
                  00010ac0    0000000c                   : BIOS.obj (.text:ti_sysbios_family_arm_m3_TaskSupport_getStackAlignment__E)
                  00010acc    0000000c     empty_pem4f.oem4f (.text:ti_sysbios_gates_GateHwi_Params__init__S)
                  00010ad8    0000000c     sysbios.aem4f : BIOS.obj (.text:ti_sysbios_gates_GateHwi_enter__E)
                  00010ae4    0000000c     empty_pem4f.oem4f (.text:ti_sysbios_gates_GateMutexPri_Params__init__S)
                  00010af0    0000000c     sysbios.aem4f : BIOS.obj (.text:ti_sysbios_hal_SecondsClock_set__E)
                  00010afc    0000000c     empty_pem4f.oem4f (.text:ti_sysbios_hal_Timer_Params__init__S)
                  00010b08    0000000c     empty_pem4f.oem4f (.text:ti_sysbios_knl_Clock_Params__init__S)
                  00010b14    00000004     --HOLE-- [fill = 0]
                  00010b18    0000000c     sysbios.aem4f : BIOS.obj (.text:ti_sysbios_knl_Clock_getTicks__E)
                  00010b24    0000000c     Estop.obj (.text:ti_sysbios_knl_Event_handle)
                  00010b30    0000000c     empty_pem4f.oem4f (.text:ti_sysbios_knl_Queue_Object__get__S)
                  00010b3c    0000000c     empty_pem4f.oem4f (.text:ti_sysbios_knl_Semaphore_Params__init__S)
                  00010b48    0000000c     empty_pem4f.oem4f (.text:ti_sysbios_knl_Swi_Params__init__S)
                  00010b54    0000000c     empty_pem4f.oem4f (.text:ti_sysbios_knl_Task_Params__init__S)
                  00010b60    0000000c     driverlib.lib : udma.obj (.text:uDMAControlBaseSet)
                  00010b6c    0000000c     ti.targets.arm.rtsarm.aem4f : Error.oem4f (.text:xdc_runtime_Error_init__E)
                  00010b78    0000000c                                 : Gate.oem4f (.text:xdc_runtime_Gate_enterSystem__E)
                  00010b84    0000000c                                 : Memory.oem4f (.text:xdc_runtime_Memory_calloc__E)
                  00010b90    0000000c                                 : Memory.oem4f (.text:xdc_runtime_Memory_getMaxDefaultTypeAlign__E)
                  00010b9c    0000000a     driverlib.lib : adc.obj (.text:ADCIntClear)
                  00010ba6    0000000a                   : i2c.obj (.text:I2CMasterDisable)
                  00010bb0    0000000a                   : i2c.obj (.text:I2CMasterEnable)
                  00010bba    0000000a     drivers_tivaware.aem4f : I2CTiva.oem4f (.text:I2CTiva_init)
                  00010bc4    0000000a                            : I2C.oem4f (.text:I2C_transfer)
                  00010bce    0000000a     Kentec320x240x16_ssd2119_spi.obj (.text:Kentec320x240x16_SSD2119Flush)
                  00010bd8    0000000a     drivers_tivaware.aem4f : PWMTimerTiva.oem4f (.text:PWMTimerTiva_getPeriodCounts)
                  00010be2    0000000a                            : PWM.oem4f (.text:PWM_setDuty)
                  00010bec    0000000a     driverlib.lib : ssi.obj (.text:SSIDataPut)
                  00010bf6    0000000a                   : ssi.obj (.text:SSIEnable)
                  00010c00    0000000a                   : uart.obj (.text:UARTCharGet)
                  00010c0a    0000000a                   : uart.obj (.text:UARTCharPut)
                  00010c14    0000000a                   : uart.obj (.text:UARTIntDisable)
                  00010c1e    0000000a                   : uart.obj (.text:UARTIntStatus)
                  00010c28    0000000a     rtsv7M4_T_le_v4SPD16_eabi.lib : sprintf.c.obj (.text:_outc)
                  00010c32    00000006     driverlib.lib : i2c.obj (.text:I2CMasterIntEnable)
                  00010c38    0000000a     sysbios.aem4f : BIOS.obj (.text:ti_sysbios_hal_Timer_Instance_finalize__E)
                  00010c42    0000000a     empty_pem4f.oem4f (.text:xdc_runtime_IHeap_alloc)
                  00010c4c    0000000a     empty_pem4f.oem4f (.text:xdc_runtime_IHeap_free)
                  00010c56    00000008     EK_TM4C1294XL.obj (.text:EK_TM4C1294XL_initGPIO)
                  00010c5e    00000008     grlib.lib : charmap.obj (.text:GrMapISO8859_1_Unicode)
                  00010c66    00000008     driverlib.lib : i2c.obj (.text:I2CMasterIntClear)
                  00010c6e    00000008                   : i2c.obj (.text:I2CMasterSlaveAddrSet)
                  00010c76    00000008     drivers_tivaware.aem4f : I2CTiva.oem4f (.text:I2CTiva_blockingCallback)
                  00010c7e    00000008                            : PWMTimerTiva.oem4f (.text:PWMTimerTiva_init)
                  00010c86    00000008     driverlib.lib : ssi.obj (.text:SSIBusy)
                  00010c8e    00000008                   : uart.obj (.text:UARTIntEnable)
                  00010c96    00000008                   : uart.obj (.text:UARTRxErrorGet)
                  00010c9e    00000002     --HOLE-- [fill = 0]
                  00010ca0    00000008     rtsv7M4_T_le_v4SPD16_eabi.lib : errno.c.obj (.text:__aeabi_errno_addr)
                  00010ca8    00000008     drivers_tivaware.aem4f : UARTTiva.oem4f (.text:readSemCallback)
                  00010cb0    00000008     sysbios.aem4f : BIOS.obj (.text:ti_sysbios_family_arm_lm4_Timer_masterDisable__I)
                  00010cb8    00000008                   : BIOS.obj (.text:ti_sysbios_family_arm_m3_Hwi_doSwiRestore__I)
                  00010cc0    00000008                   : BIOS.obj (.text:ti_sysbios_family_arm_m3_Hwi_startup__E)
                  00010cc8    00000008     drivers_tivaware.aem4f : UARTTiva.oem4f (.text:writeSemCallback)
                  00010cd0    00000006                            : I2CTiva.oem4f (.text:I2CTiva_control)
                  00010cd6    00000006                            : PWMTimerTiva.oem4f (.text:PWMTimerTiva_getPeriodMicroSecs)
                  00010cdc    00000006     driverlib.lib : sysctl.obj (.text:SysCtlDelay)
                  00010ce2    00000006                   : uart.obj (.text:UARTFIFOLevelSet)
                  00010ce8    00000006                   : uart.obj (.text:UARTRxErrorClear)
                  00010cee    00000006     grlib.lib : widget.obj (.text:WidgetMutexPut)
                  00010cf4    00000004     --HOLE-- [fill = 0]
                  00010cf8    00000006     sysbios.aem4f : BIOS.obj (.text:ti_sysbios_family_arm_lm4_TimestampProvider_Module_startup__E)
                  00010cfe    00000002     --HOLE-- [fill = 0]
                  00010d00    00000006                   : BIOS.obj (.text:ti_sysbios_family_arm_m3_Hwi_doTaskRestore__I)
                  00010d06    00000002     --HOLE-- [fill = 0]
                  00010d08    00000006                   : BIOS.obj (.text:ti_sysbios_family_arm_m3_Hwi_restoreFxn__E)
                  00010d0e    00000002     --HOLE-- [fill = 0]
                  00010d10    00000006                   : BIOS.obj (.text:ti_sysbios_gates_GateHwi_leave__E)
                  00010d16    00000002     --HOLE-- [fill = 0]
                  00010d18    00000006                   : BIOS.obj (.text:ti_sysbios_heaps_HeapMem_isBlocking__E)
                  00010d1e    00000002     --HOLE-- [fill = 0]
                  00010d20    00000006                   : BIOS.obj (.text:ti_sysbios_knl_Clock_stop__E)
                  00010d26    00000002     --HOLE-- [fill = 0]
                  00010d28    00000006                   : BIOS.obj (.text:ti_sysbios_knl_Queue_Instance_init__E)
                  00010d2e    00000002     --HOLE-- [fill = 0]
                  00010d30    00000006                   : BIOS.obj (.text:ti_sysbios_knl_Swi_startup__E)
                  00010d36    00000006     ti.targets.arm.rtsarm.aem4f : System.oem4f (.text:xdc_runtime_System_Module_startup__E)
                  00010d3c    00000004     --HOLE-- [fill = 0]
                  00010d40    00000004     sysbios.aem4f : BIOS.obj (.text:ti_sysbios_family_arm_lm4_Timer_getPeriod__E)
                  00010d44    00000004     --HOLE-- [fill = 0]
                  00010d48    00000004                   : BIOS.obj (.text:ti_sysbios_gates_GateHwi_query__E)
                  00010d4c    00000004     --HOLE-- [fill = 0]
                  00010d50    00000004                   : BIOS.obj (.text:ti_sysbios_gates_GateMutexPri_query__E)
                  00010d54    00000004     --HOLE-- [fill = 0]
                  00010d58    00000004                   : BIOS.obj (.text:ti_sysbios_gates_GateMutex_query__E)
                  00010d5c    00000004     --HOLE-- [fill = 0]
                  00010d60    00000004                   : BIOS.obj (.text:ti_sysbios_knl_Task_startup__E)
                  00010d64    00000004     --HOLE-- [fill = 0]
                  00010d68    00000002                   : BIOS.obj (.text:ti_sysbios_gates_GateHwi_Instance_init__E)
                  00010d6a    00000006     --HOLE-- [fill = 0]
                  00010d70    00000002                   : BIOS.obj (.text:ti_sysbios_knl_Clock_logTick__E)

.const     0    00010d78    000082b8     
                  00010d78    00001950     empty_pem4f.oem4f (.const:xdc_runtime_Text_charTab__A)
                  000126c8    00001000     rtsv7M4_T_le_v4SPD16_eabi.lib : s_exp2.c.obj (.const:tbl)
                  000136c8    0000095e     grlib.lib : fontcm20.obj (.const:.string:g_pui8Cm20Data)
                  00014026    000008c1               : fontcmss20.obj (.const:.string:g_pui8Cmss20Data)
                  000148e7    00000782               : fontcmss18b.obj (.const:.string:g_pui8Cmss18bData)
                  00015069    00000759               : fontcm16.obj (.const:.string:g_pui8Cm16Data)
                  000157c2    000005c7               : fontcmss12b.obj (.const:.string:g_pui8Cmss12bData)
                  00015d89    00000514               : fontcmss12.obj (.const:.string:g_pui8Cmss12Data)
                  0001629d    0000024d     GUIImg.obj (.const:.string:g_pui8Logo)
                  000164ea    0000020d     GUIImg.obj (.const:.string:g_pui8btn140x40)
                  000166f7    0000020d     GUIImg.obj (.const:.string:g_pui8btn150x40Press)
                  00016904    0000017b     Images.obj (.const:.string:g_pui8CompS)
                  00016a7f    0000017b     Images.obj (.const:.string:g_pui8CompW)
                  00016bfa    0000017b     Images.obj (.const:.string:g_pui8accSlow)
                  00016d75    0000017b     Images.obj (.const:.string:g_pui8accfast)
                  00016ef0    0000017b     Images.obj (.const:.string:g_pui8accmid)
                  0001706b    00000178     Images.obj (.const:.string:g_pui8CompE)
                  000171e3    00000178     Images.obj (.const:.string:g_pui8CompN)
                  0001735b    00000163     Images.obj (.const:.string:g_pui8Stop)
                  000174be    00000160     Images.obj (.const:.string:g_pui8Go)
                  0001761e    0000015d     Images.obj (.const:.string:g_pui8idle)
                  0001777b    00000124     Images.obj (.const:.string:g_pui8Night)
                  0001789f    00000001     empty_pem4f.oem4f (.const:xdc_runtime_Error_policy__C)
                  000178a0    00000120     Boot.aem4f : Boot_sysctl.oem4f (.const:g_pppui32XTALtoVCO)
                  000179c0    00000107     GUIImg.obj (.const:.string:g_pui8arrowRight)
                  00017ac7    00000101     rtsv7M4_T_le_v4SPD16_eabi.lib : ctype.c.obj (.const:.string:_ctypes_)
                  00017bc8    000000f8     Images.obj (.const:.string:g_pui8Day)
                  00017cc0    000000dc     empty_pem4f.oem4f (.const:xdc_runtime_Text_nodeTab__A)
                  00017d9c    000000c8     grlib.lib : fontcm16.obj (.const:g_sFontCm16)
                  00017e64    000000c8               : fontcm20.obj (.const:g_sFontCm20)
                  00017f2c    000000c8               : fontcmss12.obj (.const:g_sFontCmss12)
                  00017ff4    000000c8               : fontcmss12b.obj (.const:g_sFontCmss12b)
                  000180bc    000000c8               : fontcmss18b.obj (.const:g_sFontCmss18b)
                  00018184    000000c8               : fontcmss20.obj (.const:g_sFontCmss20)
                  0001824c    000000a5     GUIImg.obj (.const:.string:g_pui8arrowLeft)
                  000182f1    00000001     --HOLE-- [fill = 0]
                  000182f2    00000002     empty_pem4f.oem4f (.const:ti_catalog_arm_cortexm4_tiva_ce_Boot_Module__id__C)
                  000182f4    00000090     driverlib.lib : gpio.obj (.const:g_pui32GPIOBaseAddrs)
                  00018384    0000008a     GlobalDraw.obj (.const:.string)
                  0001840e    00000076     GUIImg.obj (.const:.string:g_pui8backBtn)
                  00018484    00000070     driverlib.lib : interrupt.obj (.const)
                  000184f4    0000006c     Boot.aem4f : Boot_sysctl.oem4f (.const:g_pui32Xtals)
                  00018560    00000060     MotorLib.lib : motorlib.obj (.const:PWM_config)
                  000185c0    00000054     drivers_tivaware.aem4f : GPIOTiva.oem4f (.const:.string)
                  00018614    00000054     MotorLib.lib : motorlib.obj (.const:motorLibPWMTivaHWAttrs)
                  00018668    0000004c     drivers_tivaware.aem4f : UARTTiva.oem4f (.const)
                  000186b4    00000048     empty_pem4f.oem4f (.const:.string)
                  000186fc    00000048     drivers_tivaware.aem4f : GPIOTiva.oem4f (.const:gpioBaseAddresses)
                  00018744    0000003c     empty_pem4f.oem4f (.const:ti_sysbios_family_arm_lm4_Timer_Object__PARAMS__C)
                  00018780    0000003c     empty_pem4f.oem4f (.const:ti_sysbios_knl_Task_Object__PARAMS__C)
                  000187bc    00000030     EK_TM4C1294XL.obj (.const:I2C_config)
                  000187ec    00000030     Boot.aem4f : Boot_sysctl.oem4f (.const:g_sXTALtoMEMTIM)
                  0001881c    00000030     empty_pem4f.oem4f (.const:ti_sysbios_family_arm_m3_Hwi_Object__PARAMS__C)
                  0001884c    00000030     empty_pem4f.oem4f (.const:ti_sysbios_hal_Timer_Object__PARAMS__C)
                  0001887c    00000030     empty_pem4f.oem4f (.const:xdc_runtime_Startup_sfxnTab__A)
                  000188ac    00000028     drivers_tivaware.aem4f : UARTTiva.oem4f (.const:UARTTiva_fxnTable)
                  000188d4    00000028     Kentec320x240x16_ssd2119_spi.obj (.const:g_sKentec320x240x16_SSD2119)
                  000188fc    00000028     empty_pem4f.oem4f (.const:ti_sysbios_heaps_HeapMem_Module__FXNS__C)
                  00018924    00000028     empty_pem4f.oem4f (.const:ti_sysbios_knl_Swi_Object__PARAMS__C)
                  0001894c    00000024     drivers_tivaware.aem4f : UART.oem4f (.const:UART_defaultParams)
                  00018970    00000024     EK_TM4C1294XL.obj (.const:i2cTivaHWAttrs)
                  00018994    00000024     empty_pem4f.oem4f (.const:ti_sysbios_gates_GateHwi_Module__FXNS__C)
                  000189b8    00000024     empty_pem4f.oem4f (.const:ti_sysbios_gates_GateMutexPri_Module__FXNS__C)
                  000189dc    00000024     empty_pem4f.oem4f (.const:ti_sysbios_gates_GateMutex_Module__FXNS__C)
                  00018a00    00000024     empty_pem4f.oem4f (.const:ti_sysbios_heaps_HeapMem_Object__PARAMS__C)
                  00018a24    00000024     empty_pem4f.oem4f (.const:ti_sysbios_knl_Clock_Object__PARAMS__C)
                  00018a48    00000024     empty_pem4f.oem4f (.const:ti_sysbios_knl_Semaphore_Object__PARAMS__C)
                  00018a6c    00000020     drivers_tivaware.aem4f : PWMTimerTiva.oem4f (.const)
                  00018a8c    00000020                            : PWMTiva.oem4f (.const)
                  00018aac    00000020     empty_pem4f.oem4f (.const:ti_sysbios_family_arm_lm4_Timer_Object__DESC__C)
[...]
00018f50  ti_sysbios_knl_Task_Module__diagsEnabled__C                          
00018f54  ti_sysbios_knl_Task_Module__diagsIncluded__C                         
00018f58  ti_sysbios_knl_Task_Module__diagsMask__C                             
00018f5c  ti_sysbios_knl_Task_Object__count__C                                 
00018f60  ti_sysbios_knl_Task_allBlockedFunc__C                                
00018f64  ti_sysbios_knl_Task_defaultStackHeap__C                              
00018f68  ti_sysbios_knl_Task_defaultStackSize__C                              
00018f6c  ti_sysbios_knl_Task_numConstructedTasks__C                           
00018f70  xdc_runtime_Assert_E_assertFailed__C                                 
00018f74  xdc_runtime_Core_A_initializedParams__C                              
00018f78  xdc_runtime_Core_Module__diagsEnabled__C                             
00018f7c  xdc_runtime_Core_Module__diagsIncluded__C                            
00018f80  xdc_runtime_Core_Module__diagsMask__C                                
00018f84  xdc_runtime_Error_E_generic__C                                       
00018f88  xdc_runtime_Error_E_memory__C                                        
00018f8c  xdc_runtime_Error_Module__diagsEnabled__C                            
00018f90  xdc_runtime_Error_Module__diagsIncluded__C                           
00018f94  xdc_runtime_Error_Module__diagsMask__C                               
00018f98  xdc_runtime_Error_Module__loggerFxn8__C                              
00018f9c  xdc_runtime_Error_Module__loggerObj__C                               
00018fa0  xdc_runtime_Error_policyFxn__C                                       
00018fa4  xdc_runtime_Error_raiseHook__C                                       
00018fa8  xdc_runtime_IGateProvider_Interface__BASE__C                         
00018fac  xdc_runtime_IHeap_Interface__BASE__C                                 
00018fb0  xdc_runtime_IModule_Interface__BASE__C                               
00018fb4  xdc_runtime_Log_L_error__C                                           
00018fb8  xdc_runtime_Memory_defaultHeapInstance__C                            
00018fbc  xdc_runtime_Startup_execImpl__C                                      
00018fc0  xdc_runtime_Startup_lastFxns__A                                      
00018fc4  xdc_runtime_Startup_maxPasses__C                                     
00018fc8  xdc_runtime_Startup_sfxnRts__C                                       
00018fcc  xdc_runtime_Startup_sfxnTab__C                                       
00018fd0  xdc_runtime_SysMin_bufSize__C                                        
00018fd4  xdc_runtime_SysMin_outputFunc__C                                     
00018fd8  xdc_runtime_System_Module__gateObj__C                                
00018fdc  xdc_runtime_System_abortFxn__C                                       
00018fe0  xdc_runtime_System_exitFxn__C                                        
00018fe4  xdc_runtime_System_extendFxn__C                                      
00018fe8  xdc_runtime_System_maxAtexitHandlers__C                              
00018fec  xdc_runtime_Text_charTab__C                                          
00018ff0  xdc_runtime_Text_nameEmpty__C                                        
00018ff4  xdc_runtime_Text_nameStatic__C                                       
00018ff8  xdc_runtime_Text_nameUnknown__C                                      
00018ffc  xdc_runtime_Text_nodeTab__C                                          
00019000  xdc_runtime_Text_visitRopeFxn__C                                     
00019004  ti_sysbios_family_arm_lm4_Timer_Module__id__C                        
00019006  ti_sysbios_family_arm_lm4_Timer_supportsAltclk__C                    
00019008  ti_sysbios_family_arm_m3_Hwi_Module__id__C                           
0001900a  ti_sysbios_gates_GateMutexPri_Module__id__C                          
0001900c  ti_sysbios_gates_GateMutex_Module__id__C                             
0001900e  ti_sysbios_hal_Hwi_Module__id__C                                     
00019010  ti_sysbios_heaps_HeapMem_Module__id__C                               
00019012  ti_sysbios_knl_Clock_Module__id__C                                   
00019014  ti_sysbios_knl_Event_Module__id__C                                   
00019016  ti_sysbios_knl_Semaphore_Module__id__C                               
00019018  ti_sysbios_knl_Swi_Module__id__C                                     
0001901a  ti_sysbios_knl_Task_Module__id__C                                    
0001901c  xdc_runtime_Core_Module__id__C                                       
0001901e  xdc_runtime_Error_Module__loggerDefined__C                           
00019020  xdc_runtime_Error_maxDepth__C                                        
00019022  xdc_runtime_Main_Module__id__C                                       
00019024  xdc_runtime_Memory_Module__id__C                                     
00019026  xdc_runtime_SysMin_flushAtExit__C                                    
00019028  xdc_runtime_Text_charCnt__C                                          
0001902a  xdc_runtime_Text_isLoaded__C                                         
0001902c  xdc_runtime_Text_registryModsLastId__C                               
0001902e  xdc_runtime_Text_unnamedModsLastId__C                                
00019030  __TI_static_base__                                                   
00019454  __TI_Handler_Table_Base                                              
00019460  __TI_Handler_Table_Limit                                             
00019470  __TI_CINIT_Base                                                      
00019488  __TI_CINIT_Limit                                                     
20000000  __start___llvm_prf_cnts                                              
20000000  __stop___llvm_prf_cnts                                               
20000000  ti_sysbios_family_arm_m3_Hwi_ramVectors                              
20000400  ti_sysbios_heaps_HeapMem_Instance_State_0_buf__A                     
20001400  readAccelStack                                                       
20001c00  readCurrentStack                                                     
20002400  readLightStack                                                       
20002c00  task0Stack                                                           
20003400  taskTouchStack                                                       
20003c00  psDMAControlTable                                                    
20004000  xdc_runtime_SysMin_Module_State_0_outbuf__A                          
20004400  ti_sysbios_family_arm_m3_Hwi_dispatchTable                           
20004760  ti_sysbios_knl_Task_Instance_State_0_stack__A                        
20004960  AccelData                                                            
20004af0  LightData                                                            
20004c80  i2cTivaObjects                                                       
20004f40  __CIOBUF_                                                            
20005060  bmi160_accel_values                                                  
20005150  uartTivaObjects                                                      
2000521c  EstopEvent                                                           
20005220  Sensor_Filtered_Buffer                                               
20005350  readAccelStruct                                                      
200053a0  readCurrentStruct                                                    
200053f0  readLightStruct                                                      
20005440  task0Struct                                                          
20005490  taskTouchStruct                                                      
200054e0  motorLibPWMObjects                                                   
20005518  sContext                                                             
20005544  ScreenGate                                                           
20005548  adc_current_values                                                   
20005570  opt3001_light_values                                                 
20005598  clk0Struct                                                           
200055fc  uartTivaRingBuffer                                                   
2000561c  datetime                                                             
20005634  gHwiprms                                                             
2000564c  motorLibPWMTimerObjects                                              
20005664  evtStruct                                                            
20005688  i2cParams                                                            
200056a0  AccBox                                                               
200056a8  Banner                                                               
200056b0  BannerB                                                              
200056b8  CurrBox                                                              
200056c0  Distbox                                                              
200056c8  clearBox                                                             
200056d0  graphClear                                                           
200056d8  parmbuf                                                              
200056e0  SwiHandle                                                            
200056e4  g_pi32ParmSet                                                        
200056ec  g_ui32Panel                                                          
200056f0  gateHwi                                                              
200056f8  i2c                                                                  
200056fc  postedStop                                                           
20005700  swiAccelSensorFilterHandle                                           
20005704  swiCurrentSensorFilterHandle                                         
20005708  swiLightSensorFilterHandle                                           
2000570c  timerclock                                                           
20005710  uart                                                                 
20005714  g_i16TouchX                                                          
20005716  g_i16TouchY                                                          
20005718  ti_sysbios_family_arm_lm4_Timer_Object__table__V                     
20005798  ti_sysbios_knl_Swi_Module_State_0_readyQ__A                          
20005818  ti_sysbios_knl_Task_Module_State_0_readyQ__A                         
20005898  MotorSpeedSlider                                                     
200058f4  AccDownBtn                                                           
20005944  AccUpBtn                                                             
20005994  CurrentDownBtn                                                       
200059e4  CurrentUpBtn                                                         
20005a34  DistDownBtn                                                          
20005a84  DistUpBtn                                                            
20005ad4  GraphPgBtn                                                           
20005b24  LightGraphBtn                                                        
20005b74  MotorGraphBtn                                                        
20005bc4  MotorMode                                                            
20005c14  MotorPgBtn                                                           
20005c64  PowerGraphBtn                                                        
20005cb4  SensorPgBtn                                                          
20005d04  TestGraphBtn                                                         
20005d54  backGraphBtn                                                         
20005da4  backGraphSelectBtn                                                   
20005df4  backMotorBtn                                                         
20005e44  backSensorBtn                                                        
20005e94  ti_sysbios_knl_Task_Object__table__V                                 
20005ee0  ti_sysbios_family_arm_m3_Hwi_Object__table__V                        
20005f28  ti_sysbios_knl_Task_Module__state__V                                 
20005f6c  g_Acceleration                                                       
20005fac  g_MotorStat                                                          
20005fec  g_sCanvas2                                                           
2000602c  g_sCanvas3                                                           
2000606c  g_scompass                                                           
200060ac  ti_sysbios_family_arm_lm4_Timer_Module_State_0_device__A             
200060ec  ti_sysbios_hal_SecondsClock_Module__state__V                         
20006128  ti_sysbios_family_arm_m3_Hwi_Module__state__V                        
2000615c  MaxAccel                                                             
20006160  LightSecond                                                          
20006168  AccelSecond                                                          
20006170  opt3001_filteredValue                                                
20006178  FilteredAccelPos                                                     
20006180  bmi160_filteredValue                                                 
20006188  current_filteredValue                                                
20006190  ti_sysbios_knl_Swi_Object__table__V                                  
200061c0  g_sRoot                                                              
200061ed  LightGraph                                                           
200061ee  AccelGraph                                                           
200061ef  OnSensorPage                                                         
200061f0  ti_sysbios_knl_Clock_Module__state__V                                
2000621c  Hall_changed                                                         
20006220  desired_speed                                                        
20006224  estop                                                                
20006228  pwm_current                                                          
2000622c  error_sum                                                            
20006230  current_speed                                                        
20006234  current_speed_estop                                                  
20006238  previous_speed                                                       
2000623c  previous_speed_estop                                                 
20006240  ti_sysbios_BIOS_Module__state__V                                     
20006264  ti_sysbios_family_arm_lm4_Timer_Module_State_0_handles__A            
20006284  gpioPinConfigs                                                       
200062a0  ti_sysbios_gates_GateMutex_Object__table__V                          
200062bc  ti_sysbios_knl_Swi_Module__state__V                                  
200062f0  ti_sysbios_gates_GateMutexPri_Object__table__V                       
20006308  ti_sysbios_heaps_HeapMem_Object__table__V                            
20006320  motorStartStop                                                       
20006321  HA                                                                   
20006322  HB                                                                   
20006323  HC                                                                   
20006324  LowLight                                                             
20006325  ongraph                                                              
20006328  currentDirection                                                     
2000632c  CurrentMotorStat                                                     
20006330  CurrentAcceleration                                                  
20006334  ti_sysbios_family_arm_lm4_Timer_Module__state__V                     
20006340  xdc_runtime_SysMin_Module__state__V                                  
2000634c  _lock                                                                
20006350  _unlock                                                              
20006354  gpioCallbackFunctions                                                
2000635c  ti_sysbios_family_arm_lm4_Timer_Module__root__V                      
20006364  ti_sysbios_family_arm_lm4_TimestampProvider_Module__state__V         
2000636c  ti_sysbios_family_arm_m3_Hwi_Module__root__V                         
20006374  ti_sysbios_gates_GateHwi_Module__root__V                             
2000637c  ti_sysbios_gates_GateMutexPri_Module__root__V                        
20006384  ti_sysbios_gates_GateMutex_Module__root__V                           
2000638c  ti_sysbios_hal_Timer_Module__root__V                                 
20006394  ti_sysbios_heaps_HeapMem_Module__root__V                             
2000639c  ti_sysbios_knl_Clock_Module__root__V                                 
200063a4  ti_sysbios_knl_Event_Module__root__V                                 
200063ac  ti_sysbios_knl_Queue_Module__root__V                                 
200063b4  ti_sysbios_knl_Semaphore_Module__root__V                             
200063bc  ti_sysbios_knl_Swi_Module__root__V                                   
200063c4  ti_sysbios_knl_Task_Module__root__V                                  
200063cc  xdc_runtime_Registry_Module__state__V                                
200063d4  xdc_runtime_Startup_Module__state__V                                 
200063dc  xdc_runtime_System_Module_State_0_atexitHandlers__A                  
200063e4  xdc_runtime_System_Module__state__V                                  
200063ec  AccelStop                                                            
200063ee  PowerEstop                                                           
200063f0  EStop                                                                
200063f2  ti_sysbios_family_arm_m3_Hwi_Module_State_0_excActive__A             
200063fa  xdc_runtime_Error_Module__state__V                                   
20006408  errno                                                                
2000640c  main_func_sp                                                         
20006410  ti_sysbios_family_arm_m3_Hwi_Module_State_0_excContext__A            
20006414  ti_sysbios_family_arm_m3_Hwi_Module_State_0_excStack__A              
20006418  ti_sysbios_gates_GateHwi_Object__table__V                            
2000641c  ti_sysbios_knl_Task_Module_State_0_idleTask__A                       
20006420  g_i16TouchMin                                                        
20006424  xdc_runtime_Memory_Module__state__V                                  
20006428  __stack                                                              
20006828  __STACK_END                                                          
e000e000  ti_sysbios_family_arm_m3_Hwi_nvic                                    
ffffffff  __TI_pprof_out_hndl                                                  
ffffffff  __TI_prof_data_size                                                  
ffffffff  __TI_prof_data_start                                                 
ffffffff  __binit__                                                            
ffffffff  __c_args__                                                           
ffffffff  binit                                                                
UNDEFED   SHT$$INIT_ARRAY$$Base                                                
UNDEFED   SHT$$INIT_ARRAY$$Limit                                               

[1117 symbols]
