******************************************************************************
                  TI ARM Linker PC v20.2.5                     
******************************************************************************
>> Linked Sat May  7 15:25:42 2022

OUTPUT FILE NAME:   <EGH456MotorProject.out>
ENTRY POINT SYMBOL: "_c_int00"  address: 0000afd5


MEMORY CONFIGURATION

         name            origin    length      used     unused   attr    fill
----------------------  --------  ---------  --------  --------  ----  --------
  FLASH                 00000000   00100000  00019efe  000e6102  R  X
  SRAM                  20000000   00040000  00003420  0003cbe0  RW X


SEGMENT ALLOCATION MAP

run origin  load origin   length   init length attrs members
----------  ----------- ---------- ----------- ----- -------
00000000    00000000    00019f08   00019f08    r-x
  00000000    00000000    0000003c   0000003c    r-- .resetVecs
  00000040    00000040    0000de4a   0000de4a    r-x .text
  0000de8c    0000de8c    0000b948   0000b948    r-- .const
  000197d8    000197d8    00000730   00000730    r-- .cinit
20000000    20000000    00000360   00000000    rw-
  20000000    20000000    00000360   00000000    rw- .vecs
20000400    20000400    000030c0   00000000    rw-
  20000400    20000400    000017e8   00000000    rw- .bss
  20001be8    20001be8    000015d8   00000000    rw- .data
  200031c0    200031c0    00000300   00000000    rw- .stack


SECTION ALLOCATION MAP

 output                                  attributes/
section   page    origin      length       input sections
--------  ----  ----------  ----------   ----------------
.text      0    00000040    0000de4a     
                  00000040    00000a4e     rtsv7M4_T_le_v4SPD16_eabi.lib : _printfi.c.obj (.text:__TI_printfi)
                  00000a8e    00000002                                   : _lock.c.obj (.text:_nop)
                  00000a90    00000438     ustdlib.obj (.text:uvsnprintf)
                  00000ec8    00000430     sysbios.aem4f : BIOS.obj (.text:ti_sysbios_family_arm_m3_Hwi_excDumpRegs__I)
                  000012f8    00000374     grlib.lib : image.obj (.text:InternalImageDraw)
                  0000166c    0000034c     ti.targets.arm.rtsarm.aem4f : System.oem4f (.text:xdc_runtime_System_doPrint__I)
                  000019b8    000002f8     grlib.lib : image.obj (.text:PixelTransparentDraw)
                  00001cb0    000002c6               : slider.obj (.text:SliderPaint)
                  00001f76    00000002     rtsv7M4_T_le_v4SPD16_eabi.lib : div0.asm.obj (.text)
                  00001f78    000002b0     Clock.obj (.text:timeConvert)
                  00002228    000002a4     sysbios.aem4f : BIOS.obj (.text:ti_sysbios_knl_Semaphore_pend__E)
                  000024cc    00000278     frame.obj (.text:FrameDraw)
                  00002744    00000278     empty.obj (.text:OnPrimitivePaint)
                  000029bc    00000270     rtsv7M4_T_le_v4SPD16_eabi.lib : _printfi.c.obj (.text:_pconv_a)
                  00002c2c    00000004     driverlib.lib : i2c.obj (.text:I2CMasterControl)
                  00002c30    0000026c     sysbios.aem4f : BIOS.obj (.text:ti_sysbios_heaps_HeapMem_free__E)
                  00002e9c    00000268     touch.obj (.text:TouchScreenDebouncer)
                  00003104    0000025c     empty.obj (.text:main)
                  00003360    00000254     grlib.lib : string.obj (.text:GrFontGlyphRender)
                  000035b4    00000004     driverlib.lib : i2c.obj (.text:I2CMasterDataGet)
                  000035b8    00000250     sysbios.aem4f : BIOS.obj (.text:ti_sysbios_heaps_HeapMem_alloc__E)
                  00003808    00000234                   : BIOS.obj (.text:ti_sysbios_knl_Task_Instance_finalize__E)
                  00003a3c    00000228     empty.obj (.text:OnIntroPaint)
                  00003c64    00000004     driverlib.lib : i2c.obj (.text:I2CMasterDataPut)
                  00003c68    0000021c     sysbios.aem4f : BIOS.obj (.text:ti_sysbios_family_arm_lm4_Timer_Instance_init__E)
                  00003e84    0000020e     grlib.lib : checkbox.obj (.text:CheckBoxPaint)
                  00004092    00000002     empty_pem4f.oem4f (.text:ti_sysbios_BIOS_nullFunc__I)
                  00004094    0000020c     drivers_tivaware.aem4f : UARTTiva.oem4f (.text:UARTTiva_open)
                  000042a0    00000208     grlib.lib : circle.obj (.text:GrCircleDraw)
                  000044a8    00000204     Boot.aem4f : Boot_sysctl.oem4f (.text:ti_catalog_arm_cortexm4_tiva_ce_Boot_sysCtlClockFreqSetI__I)
                  000046ac    00000004     driverlib.lib : uart.obj (.text:UARTIntClear)
                  000046b0    000001f4     sysbios.aem4f : BIOS.obj (.text:ti_sysbios_family_arm_m3_Hwi_excHandlerMax__I)
                  000048a4    000001e4     Kentec320x240x16_ssd2119_spi.obj (.text:Kentec320x240x16_SSD2119Init)
                  00004a88    000001dc     Kentec320x240x16_ssd2119_spi.obj (.text:Kentec320x240x16_SSD2119PixelDrawMultiple)
                  00004c64    000001d0     rtsv7M4_T_le_v4SPD16_eabi.lib : _printfi.c.obj (.text:_pconv_g)
                  00004e34    00000004     grlib.lib : widget.obj (.text:WidgetDefaultMsgProc)
                  00004e38    000001c8     sysbios.aem4f : BIOS.obj (.text:ti_sysbios_knl_Task_sleep__E)
                  00005000    000001c0                   : BIOS.obj (.text:ti_sysbios_knl_Task_Instance_init__E)
                  000051c0    000001b6     grlib.lib : radiobutton.obj (.text:RadioButtonPaint)
                  00005376    000001b6     rtsv7M4_T_le_v4SPD16_eabi.lib : fd_add_t2.asm.obj (.text)
                  0000552c    000001a4     pinout.obj (.text:PinoutSet)
                  000056d0    00000190     grlib.lib : canvas.obj (.text:CanvasPaint)
                  00005860    0000017e               : pushbutton.obj (.text:RectangularButtonPaint)
                  000059de    00000002     empty_pem4f.oem4f (.text:xdc_runtime_Startup_reset__I)
                  000059e0    00000178     touch.obj (.text:TouchScreenIntHandler)
                  00005b58    00000174     sysbios.aem4f : BIOS.obj (.text:ti_sysbios_family_arm_m3_Hwi_excBusFault__I)
                  00005ccc    0000016e     grlib.lib : pushbutton.obj (.text:CircularButtonPaint)
                  00005e3a    00000006     driverlib.lib : gpio.obj (.text:GPIOIntClear)
                  00005e40    00000164     sysbios.aem4f : BIOS.obj (.text:ti_sysbios_family_arm_m3_Hwi_excUsageFault__I)
                  00005fa4    00000154     grlib.lib : container.obj (.text:ContainerPaint)
                  000060f8    00000150     drivers_tivaware.aem4f : GPIOTiva.oem4f (.text:GPIO_setConfig)
                  00006248    00000148     sysbios.aem4f : BIOS.obj (.text:ti_sysbios_family_arm_m3_Hwi_excMemFault__I)
                  00006390    00000144     grlib.lib : circle.obj (.text:GrCircleFill)
                  000064d4    0000013c     rtsv7M4_T_le_v4SPD16_eabi.lib : _printfi.c.obj (.text:_pconv_e)
                  00006610    0000013c     sysbios.aem4f : BIOS.obj (.text:ti_sysbios_heaps_HeapMem_Instance_init__E)
                  0000674c    00000136     rtsv7M4_T_le_v4SPD16_eabi.lib : fd_div_t2.asm.obj (.text)
                  00006882    00000130     driverlib.lib : gpio.obj (.text:GPIOPadConfigSet)
                  000069b2    00000002     --HOLE-- [fill = 0]
                  000069b4    00000128     empty.obj (.text:OnNext)
                  00006adc    00000128     empty.obj (.text:OnPrevious)
                  00006c04    00000124     rtsv7M4_T_le_v4SPD16_eabi.lib : _printfi.c.obj (.text:fcvt)
                  00006d28    00000118     ti.targets.arm.rtsarm.aem4f : Error.oem4f (.text:xdc_runtime_Error_policyDefault__E)
                  00006e40    00000110     rtsv7M4_T_le_v4SPD16_eabi.lib : s_scalbn.c.obj (.text:scalbn)
                  00006f50    0000010c     Kentec320x240x16_ssd2119_spi.obj (.text:Kentec320x240x16_SSD2119RectFill)
                  0000705c    0000010c     touch.obj (.text:TouchScreenInit)
                  00007168    00000108     sysbios.aem4f : BIOS.obj (.text:ti_sysbios_family_arm_lm4_Timer_start__E)
                  00007270    00000108                   : BIOS.obj (.text:ti_sysbios_knl_Clock_Instance_init__E)
                  00007378    00000106     grlib.lib : line.obj (.text:GrLineDraw)
                  0000747e    00000002     --HOLE-- [fill = 0]
                  00007480    00000100     ti.targets.arm.rtsarm.aem4f : Core-mem.oem4f (.text:xdc_runtime_Core_createObject__I)
                  00007580    000000fc     rtsv7M4_T_le_v4SPD16_eabi.lib : fd_mul_t2.asm.obj (.text)
                  0000767c    000000f8                                   : s_floor.c.obj (.text:floor)
                  00007774    000000f8     empty.obj (.text:heartBeatFxn)
                  0000786c    000000f8     ti.targets.arm.rtsarm.aem4f : Startup.oem4f (.text:xdc_runtime_Startup_startMods__I)
                  00007964    000000f8     empty_pem4f.oem4f (.text:xdc_runtime_System_printfExtend__I)
                  00007a5c    000000f4     sysbios.aem4f : m3_Hwi_asm.obj (.text:ti_sysbios_family_arm_m3_Hwi_dispatch__I)
                  00007b50    000000f2     grlib.lib : pushbutton.obj (.text:RectangularButtonClick)
                  00007c42    00000006     driverlib.lib : gpio.obj (.text:GPIOPinRead)
                  00007c48    000000ec     sysbios.aem4f : BIOS.obj (.text:ti_sysbios_knl_Semaphore_post__E)
                  00007d34    000000e8     grlib.lib : widget.obj (.text:WidgetMessageQueueAdd)
                  00007e1c    000000e0     drivers_tivaware.aem4f : I2CTiva.oem4f (.text:I2CTiva_open)
                  00007efc    000000d6                            : I2CTiva.oem4f (.text:I2CTiva_hwiFxn)
                  00007fd2    000000d6     grlib.lib : slider.obj (.text:SliderClick)
                  000080a8    000000d4               : pushbutton.obj (.text:CircularButtonClick)
                  0000817c    000000cc     ti.targets.arm.rtsarm.aem4f : Core-smem.oem4f (.text:xdc_runtime_Core_constructObject__I)
                  00008248    000000c0     grlib.lib : string.obj (.text:GrDefaultStringRenderer)
                  00008308    000000bc     sysbios.aem4f : BIOS.obj (.text:ti_sysbios_family_arm_m3_Hwi_excDebugMon__I)
                  000083c4    00000004     rtsv7M4_T_le_v4SPD16_eabi.lib : exit.c.obj (.text:abort:abort)
                  000083c8    000000bc     sysbios.aem4f : BIOS.obj (.text:ti_sysbios_family_arm_m3_Hwi_excHardFault__I)
                  00008484    000000b8     EK_TM4C1294XL.obj (.text:EK_TM4C1294XL_initGeneral)
                  0000853c    000000b8     grlib.lib : line.obj (.text:GrLineClip)
                  000085f4    000000b8     Kentec320x240x16_ssd2119_spi.obj (.text:InitSPILCDInterface)
                  000086ac    000000b4     empty.obj (.text:OnCanvasPaint)
                  00008760    000000b4     empty.obj (.text:OnRadioChange)
                  00008814    000000b4     empty.obj (.text:OnSliderChange)
                  000088c8    000000b4     grlib.lib : widget.obj (.text:WidgetMessageSendPostOrder)
                  0000897c    00000004     empty_pem4f.oem4f (.text:ti_sysbios_BIOS_RtsGateProxy_enter__E)
                  00008980    000000b4     sysbios.aem4f : BIOS.obj (.text:ti_sysbios_gates_GateMutex_enter__E)
                  00008a34    00000004     empty_pem4f.oem4f (.text:ti_sysbios_BIOS_RtsGateProxy_leave__E)
                  00008a38    000000b4     sysbios.aem4f : BIOS.obj (.text:ti_sysbios_knl_Task_checkStacks__E)
                  00008aec    000000b1     rtsv7M4_T_le_v4SPD16_eabi.lib : _printfi.c.obj (.text:_ltostr)
                  00008b9d    00000001     --HOLE-- [fill = 0]
                  00008b9e    000000b0     grlib.lib : slider.obj (.text:SliderValueToPosition)
                  00008c4e    000000ac     drivers_tivaware.aem4f : UARTTiva.oem4f (.text:readTaskBlocking)
                  00008cfa    00000006     driverlib.lib : gpio.obj (.text:GPIOPinWrite)
                  00008d00    000000ac     sysbios.aem4f : BIOS.obj (.text:ti_sysbios_family_arm_lm4_Timer_enableTiva__I)
                  00008dac    00000004                   : BIOS.obj (.text:ti_sysbios_family_arm_lm4_Timer_masterEnable__I)
                  00008db0    000000a4                   : BIOS.obj (.text:ti_sysbios_knl_Clock_Instance_finalize__E)
                  00008e54    000000a0     auto_init.aem4f : auto_init.oem4f (.text)
                  00008ef4    000000a0     ti.targets.arm.rtsarm.aem4f : Text.oem4f (.text:xdc_runtime_Text_putMod__E)
                  00008f94    0000009c     empty.obj (.text:OnButtonPress)
                  00009030    0000009c     rtsv7M4_T_le_v4SPD16_eabi.lib : memcpy_t2.asm.obj (.text)
                  000090cc    00000004     empty_pem4f.oem4f (.text:ti_sysbios_family_arm_m3_Hwi_delete)
                  000090d0    0000009c     sysbios.aem4f : BIOS.obj (.text:ti_sysbios_knl_Semaphore_Instance_init__E)
                  0000916c    0000009a     ti.targets.arm.rtsarm.aem4f : Text.oem4f (.text:xdc_runtime_Text_putSite__E)
                  00009206    00000098     drivers_tivaware.aem4f : UARTTiva.oem4f (.text:UARTTiva_readPolling)
                  0000929e    00000002     --HOLE-- [fill = 0]
                  000092a0    00000098     Boot.aem4f : Boot.oem4f (.text:ti_catalog_arm_cortexm4_tiva_ce_Boot_sysCtlClockFreqSet__E)
                  00009338    00000096     rtsv7M4_T_le_v4SPD16_eabi.lib : ull_div_t2.asm.obj (.text)
                  000093ce    00000094     drivers_tivaware.aem4f : UARTTiva.oem4f (.text:UARTTiva_write)
                  00009462    00000006     grlib.lib : string.obj (.text:GrContextFontSet)
                  00009468    00000094     sysbios.aem4f : BIOS.obj (.text:ti_sysbios_family_arm_m3_Hwi_Instance_init__E)
                  000094fc    00000004     empty_pem4f.oem4f (.text:ti_sysbios_family_arm_m3_Hwi_destruct)
                  00009500    00000094     sysbios.aem4f : BIOS.obj (.text:ti_sysbios_family_arm_m3_Hwi_initNVIC__E)
                  00009594    00000004     empty_pem4f.oem4f (.text:ti_sysbios_family_arm_m3_TaskSupport_Module__startupDone__S)
                  00009598    00000094     sysbios.aem4f : BIOS.obj (.text:ti_sysbios_knl_Task_postInit__I)
                  0000962c    00000090     grlib.lib : radiobutton.obj (.text:RadioButtonClick)
                  000096bc    0000008c     drivers_tivaware.aem4f : GPIOTiva.oem4f (.text:GPIO_init)
                  00009748    0000008c                            : UARTTiva.oem4f (.text:UARTTiva_control)
                  000097d4    0000008c     sysbios.aem4f : m3_TaskSupport_asm.obj (.text:ti_sysbios_family_arm_m3_TaskSupport_buildTaskStack)
                  00009860    0000008c                   : BIOS.obj (.text:ti_sysbios_hal_SecondsClock_Module_startup__E)
                  000098ec    0000008a     drivers_tivaware.aem4f : UARTTiva.oem4f (.text:readIsrTextBlocking)
                  00009976    00000086     grlib.lib : rectangle.obj (.text:GrRectFill)
                  000099fc    00000086     rtsv7M4_T_le_v4SPD16_eabi.lib : fd_cmp_t2.asm.obj (.text:__aeabi_cdcmple)
                  00009a82    00000086                                   : fd_cmp_t2.asm.obj (.text:__aeabi_cdrcmple)
                  00009b08    00000084     sysbios.aem4f : BIOS.obj (.text:ti_sysbios_family_arm_m3_Hwi_postInit__I)
                  00009b8c    00000082     drivers_tivaware.aem4f : UARTTiva.oem4f (.text:readIsrTextCallback)
                  00009c0e    00000080     grlib.lib : rectangle.obj (.text:GrRectIntersectGet)
                  00009c8e    00000002     --HOLE-- [fill = 0]
                  00009c90    00000080     empty.obj (.text:OnCheckChange)
                  00009d10    0000007e     drivers_tivaware.aem4f : I2CTiva.oem4f (.text:I2CTiva_transfer)
                  00009d8e    00000002     --HOLE-- [fill = 0]
                  00009d90    0000007c     sysbios.aem4f : BIOS.obj (.text:ti_sysbios_family_arm_lm4_Timer_disableTiva__I)
                  00009e0c    0000007a     driverlib.lib : adc.obj (.text:ADCSequenceStepConfigure)
                  00009e86    0000007a     drivers_tivaware.aem4f : UARTTiva.oem4f (.text:readTaskCallback)
                  00009f00    0000007a     rtsv7M4_T_le_v4SPD16_eabi.lib : memset_t2.asm.obj (.text)
                  00009f7a    00000006     driverlib.lib : i2c.obj (.text:I2CMasterIntDisable)
                  00009f80    00000074     sysbios.aem4f : BIOS.obj (.text:ti_sysbios_knl_Clock_start__E)
                  00009ff4    00000004     empty_pem4f.oem4f (.text:ti_sysbios_hal_Timer_TimerProxy_delete)
                  00009ff8    00000070     sysbios.aem4f : BIOS.obj (.text:ti_sysbios_knl_Clock_workFunc__E)
                  0000a068    00000070                   : BIOS.obj (.text:ti_sysbios_knl_Task_exit__E)
                  0000a0d8    0000006e     rtsv7M4_T_le_v4SPD16_eabi.lib : _printfi.c.obj (.text:_mcpy)
                  0000a146    00000002     --HOLE-- [fill = 0]
                  0000a148    0000006d     ti.targets.arm.rtsarm.aem4f : System.oem4f (.text:xdc_runtime_System_formatNum__I)
                  0000a1b5    00000003     --HOLE-- [fill = 0]
                  0000a1b8    0000006c     empty_pem4f.oem4f (.text:ti_sysbios_family_arm_lm4_Timer_Object__create__S)
                  0000a224    00000004     empty_pem4f.oem4f (.text:ti_sysbios_heaps_HeapMem_Module_GateProxy_enter__E)
                  0000a228    0000006c     sysbios.aem4f : BIOS.obj (.text:ti_sysbios_knl_Swi_restoreHwi__E)
                  0000a294    0000006c     drivers_tivaware.aem4f : UARTTiva.oem4f (.text:writeData)
                  0000a300    0000006c     ti.targets.arm.rtsarm.aem4f : Error.oem4f (.text:xdc_runtime_Error_print__E)
                  0000a36c    0000006c                                 : Memory.oem4f (.text:xdc_runtime_Memory_alloc__E)
                  0000a3d8    00000068     EK_TM4C1294XL.obj (.text:EK_TM4C1294XL_initI2C)
                  0000a440    00000068     grlib.lib : context.obj (.text:GrContextInit)
                  0000a4a8    00000068               : string.obj (.text:GrStringWidthGet)
                  0000a510    00000068     driverlib.lib : interrupt.obj (.text:IntEnable)
                  0000a578    00000068     Kentec320x240x16_ssd2119_spi.obj (.text:Kentec320x240x16_SSD2119LineDrawH)
                  0000a5e0    00000068     Kentec320x240x16_ssd2119_spi.obj (.text:Kentec320x240x16_SSD2119LineDrawV)
                  0000a648    00000068     rtsv7M4_T_le_v4SPD16_eabi.lib : copy_decompress_lzss.c.obj (.text:decompress:lzss:__TI_decompress_lzss)
                  0000a6b0    00000066     grlib.lib : context.obj (.text:GrContextClipRegionSet)
                  0000a716    00000066               : rectangle.obj (.text:GrRectDraw)
                  0000a77c    00000066     ti.targets.arm.rtsarm.aem4f : Core-mem.oem4f (.text:xdc_runtime_Core_deleteObject__I)
                  0000a7e2    00000002     --HOLE-- [fill = 0]
                  0000a7e4    00000064     drivers_tivaware.aem4f : GPIOTiva.oem4f (.text:GPIO_hwiIntFxn)
                  0000a848    00000064     grlib.lib : widget.obj (.text:WidgetMessageQueueProcess)
                  0000a8ac    00000064     rtsv7M4_T_le_v4SPD16_eabi.lib : s_frexp.c.obj (.text:frexp)
                  0000a910    00000064     sysbios.aem4f : BIOS.obj (.text:ti_sysbios_family_arm_lm4_Timer_Module_startup__E)
                  0000a974    00000064     empty_pem4f.oem4f (.text:ti_sysbios_family_arm_m3_Hwi_create)
                  0000a9d8    00000064     sysbios.aem4f : BIOS.obj (.text:ti_sysbios_family_arm_m3_Hwi_dispatchC__I)
                  0000aa3c    00000064     empty_pem4f.oem4f (.text:ti_sysbios_hal_Timer_create)
                  0000aaa0    00000064     Clock.obj (.text:timer1sec)
                  0000ab04    00000062     drivers_tivaware.aem4f : I2CTiva.oem4f (.text:I2CTiva_primeTransfer)
                  0000ab66    00000002     --HOLE-- [fill = 0]
                  0000ab68    00000060     driverlib.lib : timer.obj (.text:TimerConfigure)
                  0000abc8    00000060     Kentec320x240x16_ssd2119_spi.obj (.text:WriteDataSPI)
                  0000ac28    00000060     sysbios.aem4f : BIOS.obj (.text:ti_sysbios_knl_Task_schedule__I)
                  0000ac88    0000005e     grlib.lib : widget.obj (.text:WidgetMessageSendPreOrder)
                  0000ace6    0000005e     drivers_tivaware.aem4f : UARTTiva.oem4f (.text:readIsrBinaryBlocking)
                  0000ad44    0000005c     Kentec320x240x16_ssd2119_spi.obj (.text:WriteCommandSPI)
                  0000ada0    0000005c     sysbios.aem4f : BIOS.obj (.text:ti_sysbios_knl_Swi_run__I)
                  0000adfc    00000004     empty_pem4f.oem4f (.text:ti_sysbios_heaps_HeapMem_Module_GateProxy_leave__E)
                  0000ae00    0000005c     sysbios.aem4f : BIOS.obj (.text:ti_sysbios_knl_Swi_schedule__I)
                  0000ae5c    00000004     empty_pem4f.oem4f (.text:ti_sysbios_knl_Clock_TimerProxy_getFreq__E)
                  0000ae60    0000005c     sysbios.aem4f : BIOS.obj (.text:ti_sysbios_knl_Task_Module_startup__E)
                  0000aebc    00000004     empty_pem4f.oem4f (.text:ti_sysbios_knl_Clock_TimerProxy_getMaxTicks__E)
                  0000aec0    0000005c     sysbios.aem4f : BIOS.obj (.text:ti_sysbios_knl_Task_startCore__E)
                  0000af1c    0000005b     ti.targets.arm.rtsarm.aem4f : Text.oem4f (.text:xdc_runtime_Text_putLab__E)
                  0000af77    00000001     --HOLE-- [fill = 0]
                  0000af78    0000005a     grlib.lib : string.obj (.text:FontWideGlyphDataGet)
                  0000afd2    00000002     --HOLE-- [fill = 0]
                  0000afd4    00000058     boot.aem4f : boot.oem4f (.text)
                  0000b02c    00000058     rtsv7M4_T_le_v4SPD16_eabi.lib : hostwrite.c.obj (.text:HOSTwrite)
                  0000b084    00000058     grlib.lib : slider.obj (.text:SliderPositionToValue)
                  0000b0dc    00000058     driverlib.lib : timer.obj (.text:TimerControlTrigger)
                  0000b134    00000004     empty_pem4f.oem4f (.text:ti_sysbios_knl_Clock_TimerProxy_getPeriod__E)
                  0000b138    00000058     sysbios.aem4f : BIOS.obj (.text:ti_sysbios_family_arm_lm4_Timer_Instance_finalize__E)
                  0000b190    00000058     empty_pem4f.oem4f (.text:ti_sysbios_family_arm_m3_Hwi_construct)
                  0000b1e8    00000058     sysbios.aem4f : m3_Hwi_asm_switch.obj (.text:ti_sysbios_family_arm_m3_Hwi_initStacks__E)
                  0000b240    00000058     ustdlib.obj (.text:ustrncpy)
                  0000b298    00000056     driverlib.lib : gpio.obj (.text:GPIOIntTypeSet)
                  0000b2ee    00000056     rtsv7M4_T_le_v4SPD16_eabi.lib : _printfi.c.obj (.text:_pconv_f)
                  0000b344    00000054                                   : _ltoa.c.obj (.text:__TI_ltoa)
                  0000b398    00000054     drivers_tivaware.aem4f : UARTTiva.oem4f (.text:readIsrBinaryCallback)
                  0000b3ec    00000004     empty_pem4f.oem4f (.text:ti_sysbios_knl_Clock_destruct)
                  0000b3f0    00000054     sysbios.aem4f : BIOS.obj (.text:ti_sysbios_family_arm_lm4_Timer_initDevice__I)
                  0000b444    00000054     empty_pem4f.oem4f (.text:ti_sysbios_knl_Task_construct)
                  0000b498    00000054     ti.targets.arm.rtsarm.aem4f : Assert.oem4f (.text:xdc_runtime_Assert_raise__I)
                  0000b4ec    00000052     rtsv7M4_T_le_v4SPD16_eabi.lib : _printfi.c.obj (.text:_ecpy)
                  0000b53e    00000050     grlib.lib : checkbox.obj (.text:CheckBoxClick)
                  0000b58e    00000002     --HOLE-- [fill = 0]
                  0000b590    00000050     drivers_tivaware.aem4f : GPIOTiva.oem4f (.text:GPIO_setCallback)
                  0000b5e0    00000050                            : GPIOTiva.oem4f (.text:GPIO_toggle)
                  0000b630    00000050                            : GPIOTiva.oem4f (.text:GPIO_write)
                  0000b680    00000050                            : UARTTiva.oem4f (.text:UARTTiva_writeCancel)
                  0000b6d0    00000050     Boot.aem4f : Boot_sysctl.oem4f (.text:_SysCtlFrequencyGet)
                  0000b720    00000050     sysbios.aem4f : BIOS.obj (.text:ti_sysbios_family_arm_m3_Hwi_Module_startup__E)
                  0000b770    00000050     ti.targets.arm.rtsarm.aem4f : Startup.oem4f (.text:xdc_runtime_Startup_exec__E)
                  0000b7c0    00000050                                 : Text.oem4f (.text:xdc_runtime_Text_visitRope2__I)
                  0000b810    0000004c     drivers_tivaware.aem4f : UARTTiva.oem4f (.text:UARTTiva_close)
                  0000b85c    0000004c     grlib.lib : widget.obj (.text:WidgetRemove)
                  0000b8a8    0000004c     rtsv7M4_T_le_v4SPD16_eabi.lib : atoi.c.obj (.text:atoi)
                  0000b8f4    0000004c                                   : cpy_tbl.c.obj (.text:copy_in)
                  0000b940    0000004c     sysbios.aem4f : BIOS.obj (.text:ti_sysbios_heaps_HeapMem_getStats__E)
                  0000b98c    00000004     empty_pem4f.oem4f (.text:ti_sysbios_knl_Queue_destruct)
                  0000b990    0000004c     sysbios.aem4f : BIOS.obj (.text:ti_sysbios_knl_Swi_runLoop__I)
                  0000b9dc    00000004     empty_pem4f.oem4f (.text:ti_sysbios_knl_Semaphore_destruct)
                  0000b9e0    0000004c     sysbios.aem4f : BIOS.obj (.text:ti_sysbios_knl_Task_allBlockedFunction__I)
                  0000ba2c    0000004a     grlib.lib : string.obj (.text:UpdateContextCharMapping)
                  0000ba76    00000002     --HOLE-- [fill = 0]
                  0000ba78    00000048     driverlib.lib : gpio.obj (.text:GPIOPinConfigure)
                  0000bac0    00000048                   : i2c.obj (.text:I2CMasterInitExpClk)
                  0000bb08    00000048     rtsv7M4_T_le_v4SPD16_eabi.lib : fd_toi_t2.asm.obj (.text)
                  0000bb50    00000048     sysbios.aem4f : BIOS.obj (.text:ti_sysbios_family_arm_lm4_Timer_enableTimers__I)
                  0000bb98    00000048                   : BIOS.obj (.text:ti_sysbios_family_arm_m3_Hwi_disableInterrupt__E)
                  0000bbe0    00000048                   : BIOS.obj (.text:ti_sysbios_family_arm_m3_Hwi_enableInterrupt__E)
                  0000bc28    00000048                   : BIOS.obj (.text:ti_sysbios_family_arm_m3_Hwi_excReserved__I)
                  0000bc70    00000048                   : BIOS.obj (.text:ti_sysbios_hal_SecondsClock_increment__I)
                  0000bcb8    00000046     grlib.lib : line.obj (.text:GrLineDrawH)
                  0000bcfe    00000046               : line.obj (.text:GrLineDrawV)
                  0000bd44    00000046     Kentec320x240x16_ssd2119_spi.obj (.text:Kentec320x240x16_SSD2119PixelDraw)
                  0000bd8a    00000046     drivers_tivaware.aem4f : RingBuf.oem4f (.text:RingBuf_put)
                  0000bdd0    00000046     UARTLocal.obj (.text:initUART)
                  0000be16    00000046     ti.targets.arm.rtsarm.aem4f : Core-params.oem4f (.text:xdc_runtime_Core_assignParams__I)
                  0000be5c    00000004                                 : Error.oem4f (.text:xdc_runtime_Error_getSite__E)
                  0000be60    00000044     sysbios.aem4f : BIOS.obj (.text:ti_sysbios_family_arm_lm4_Timer_isrStub__E)
                  0000bea4    00000004     empty_pem4f.oem4f (.text:xdc_runtime_System_Module_GateProxy_enter__E)
                  0000bea8    00000044     sysbios.aem4f : BIOS.obj (.text:ti_sysbios_family_arm_m3_Hwi_getStackInfo__E)
                  0000beec    00000004     empty_pem4f.oem4f (.text:xdc_runtime_System_Module_GateProxy_leave__E)
                  0000bef0    00000044     sysbios.aem4f : BIOS.obj (.text:ti_sysbios_knl_Swi_post__E)
                  0000bf34    00000044     ti.targets.arm.rtsarm.aem4f : Error.oem4f (.text:xdc_runtime_Error_setX__E)
                  0000bf78    00000044                                 : SysMin.oem4f (.text:xdc_runtime_SysMin_flush__E)
                  0000bfbc    00000044                                 : Text.oem4f (.text:xdc_runtime_Text_xprintf__I)
                  0000c000    00000042     driverlib.lib : uart.obj (.text:UARTConfigSetExpClk)
                  0000c042    00000042     drivers_tivaware.aem4f : UARTTiva.oem4f (.text:UARTTiva_hwiIntFxn)
                  0000c084    00000042                            : UARTTiva.oem4f (.text:UARTTiva_writePolling)
                  0000c0c6    00000040                            : RingBuf.oem4f (.text:RingBuf_get)
                  0000c106    00000040                            : UARTTiva.oem4f (.text:UARTTiva_read)
                  0000c146    00000040     rtsv7M4_T_le_v4SPD16_eabi.lib : u_divt2.asm.obj (.text)
                  0000c186    00000002     --HOLE-- [fill = 0]
                  0000c188    00000040                                   : sprintf.c.obj (.text:sprintf)
                  0000c1c8    00000040     sysbios.aem4f : BIOS.obj (.text:ti_sysbios_family_arm_lm4_Timer_startup__E)
                  0000c208    00000040                   : BIOS.obj (.text:ti_sysbios_hal_SecondsClock_getTime__E)
                  0000c248    0000003e     driverlib.lib : adc.obj (.text:ADCSequenceConfigure)
                  0000c286    0000003e     rtsv7M4_T_le_v4SPD16_eabi.lib : _printfi.c.obj (.text:_fcpy)
                  0000c2c4    0000003c     driverlib.lib : ssi.obj (.text:SSIConfigSetExpClk)
                  0000c300    0000003c     sysbios.aem4f : BIOS.obj (.text:ti_sysbios_family_arm_m3_Hwi_excSvCall__I)
                  0000c33c    00000004     ti.targets.arm.rtsarm.aem4f : System.oem4f (.text:xdc_runtime_System_aprintf_va__F)
                  0000c340    0000003c     sysbios.aem4f : BIOS.obj (.text:ti_sysbios_heaps_HeapMem_init__I)
                  0000c37c    00000004     ti.targets.arm.rtsarm.aem4f : System.oem4f (.text:xdc_runtime_System_printf_va__F)
                  0000c380    0000003c     sysbios.aem4f : BIOS.obj (.text:ti_sysbios_knl_Swi_restore__E)
                  0000c3bc    0000003a     grlib.lib : string.obj (.text:FontGlyphDataGet)
                  0000c3f6    0000003a     drivers_tivaware.aem4f : I2CTiva.oem4f (.text:I2CTiva_completeTransfer)
                  0000c430    00000038     grlib.lib : rectangle.obj (.text:GrRectOverlapCheck)
                  0000c468    00000038     drivers_tivaware.aem4f : I2C.oem4f (.text:I2C_init)
                  0000c4a0    00000038                            : UART.oem4f (.text:UART_init)
                  0000c4d8    00000038     rtsv7M4_T_le_v4SPD16_eabi.lib : trgmsg.c.obj (.text:__TI_writemsg)
                  0000c510    00000038     sysbios.aem4f : BIOS.obj (.text:ti_sysbios_family_arm_m3_Hwi_excNoIsr__I)
                  0000c548    00000038                   : BIOS.obj (.text:ti_sysbios_knl_Task_processVitalTaskFlag__I)
                  0000c580    00000038     ti.targets.arm.rtsarm.aem4f : SysMin.oem4f (.text:xdc_runtime_SysMin_putch__E)
                  0000c5b8    00000038                                 : System.oem4f (.text:xdc_runtime_System_atexit__E)
                  0000c5f0    00000036     grlib.lib : line.obj (.text:GrClipCodeGet)
                  0000c626    00000036     drivers_tivaware.aem4f : I2CTiva.oem4f (.text:I2CTiva_close)
                  0000c65c    00000036                            : UARTTiva.oem4f (.text:UARTTiva_readCancel)
                  0000c692    00000002     --HOLE-- [fill = 0]
                  0000c694    00000034     driverlib.lib : sysctl.obj (.text:SysCtlPeripheralEnable)
                  0000c6c8    00000034     rtsv7M4_T_le_v4SPD16_eabi.lib : trgmsg.c.obj (.text:__TI_readmsg)
                  0000c6fc    00000004     --HOLE-- [fill = 0]
                  0000c700    00000034     sysbios.aem4f : BIOS.obj (.text:ti_sysbios_family_arm_lm4_Timer_setPeriodMicroSecs__E)
                  0000c734    00000004     --HOLE-- [fill = 0]
                  0000c738    00000034                   : BIOS.obj (.text:ti_sysbios_family_arm_m3_Hwi_Instance_finalize__E)
                  0000c76c    00000004     --HOLE-- [fill = 0]
                  0000c770    00000034                   : BIOS.obj (.text:ti_sysbios_family_arm_m3_Hwi_excNmi__I)
                  0000c7a4    00000004     --HOLE-- [fill = 0]
                  0000c7a8    00000034                   : BIOS.obj (.text:ti_sysbios_hal_Hwi_checkStack)
                  0000c7dc    00000034     empty_pem4f.oem4f (.text:ti_sysbios_knl_Clock_construct)
                  0000c810    00000034     ti.targets.arm.rtsarm.aem4f : Core-label.oem4f (.text:xdc_runtime_Core_assignLabel__I)
                  0000c844    00000033                                 : Text.oem4f (.text:xdc_runtime_Text_printVisFxn__I)
                  0000c877    00000001     --HOLE-- [fill = 0]
                  0000c878    00000032     sysbios.aem4f : BIOS.obj (.text:ti_sysbios_hal_Hwi_initStack)
                  0000c8aa    00000032     ustdlib.obj (.text:usprintf)
                  0000c8dc    00000030     drivers_tivaware.aem4f : UART.oem4f (.text:UART_open)
                  0000c90c    00000030     empty_pem4f.oem4f (.text:ti_sysbios_BIOS_atExitFunc__I)
                  0000c93c    00000004     --HOLE-- [fill = 0]
                  0000c940    00000030     sysbios.aem4f : BIOS.obj (.text:ti_sysbios_family_arm_lm4_Timer_stop__E)
                  0000c970    00000030                   : BIOS.obj (.text:ti_sysbios_family_arm_m3_TaskSupport_start__E)
                  0000c9a0    00000030     empty_pem4f.oem4f (.text:ti_sysbios_gates_GateHwi_Object__create__S)
                  0000c9d0    00000030     empty_pem4f.oem4f (.text:ti_sysbios_gates_GateMutex_Object__create__S)
                  0000ca00    00000030     empty_pem4f.oem4f (.text:ti_sysbios_heaps_HeapMem_Object__create__S)
                  0000ca30    00000030     empty_pem4f.oem4f (.text:ti_sysbios_knl_Semaphore_construct)
                  0000ca60    00000030     sysbios.aem4f : BIOS.obj (.text:ti_sysbios_knl_Semaphore_pendTimeout__I)
                  0000ca90    00000030                   : BIOS.obj (.text:ti_sysbios_knl_Task_unblockI__E)
                  0000cac0    00000030     ti.targets.arm.rtsarm.aem4f : SysMin.oem4f (.text:xdc_runtime_SysMin_abort__E)
                  0000caf0    00000030                                 : System.oem4f (.text:xdc_runtime_System_processAtExit__E)
                  0000cb20    0000002e     grlib.lib : checkbox.obj (.text:CheckBoxMsgProc)
                  0000cb4e    0000002e               : string.obj (.text:GrStringNextCharGet)
                  0000cb7c    0000002e               : radiobutton.obj (.text:RadioButtonMsgProc)
                  0000cbaa    0000002e     rtsv7M4_T_le_v4SPD16_eabi.lib : i_tofd_t2.asm.obj (.text)
                  0000cbd8    0000002c     grlib.lib : pushbutton.obj (.text:CircularButtonMsgProc)
                  0000cc04    0000002c     EK_TM4C1294XL.obj (.text:EK_TM4C1294XL_initUART)
                  0000cc30    0000002c     grlib.lib : string.obj (.text:GrFontBaselineGet)
                  0000cc5c    0000002c               : string.obj (.text:GrFontHeightGet)
                  0000cc88    0000002c               : pushbutton.obj (.text:RectangularButtonMsgProc)
                  0000ccb4    0000002c               : slider.obj (.text:SliderMsgProc)
                  0000cce0    0000002c               : widget.obj (.text:WidgetIsInTree)
                  0000cd0c    0000002c     empty_pem4f.oem4f (.text:ti_sysbios_knl_Clock_doTick__I)
                  0000cd38    0000002c     empty_pem4f.oem4f (.text:ti_sysbios_knl_Queue_construct)
                  0000cd64    00000004     --HOLE-- [fill = 0]
                  0000cd68    0000002c     sysbios.aem4f : BIOS.obj (.text:ti_sysbios_knl_Task_restore__E)
                  0000cd94    0000002c     ti.targets.arm.rtsarm.aem4f : Text.oem4f (.text:xdc_runtime_Text_cordText__E)
                  0000cdc0    0000002a     driverlib.lib : gpio.obj (.text:GPIODirModeSet)
                  0000cdea    0000002a     ti.targets.arm.rtsarm.aem4f : System.oem4f (.text:xdc_runtime_System_putchar__I)
                  0000ce14    00000028     empty.obj (.text:HAF)
                  0000ce3c    00000028     empty.obj (.text:HBF)
                  0000ce64    00000028     empty.obj (.text:HCF)
                  0000ce8c    00000028     Kentec320x240x16_ssd2119_spi.obj (.text:Kentec320x240x16_SSD2119ColorTranslate)
                  0000ceb4    00000004     --HOLE-- [fill = 0]
                  0000ceb8    00000028     sysbios.aem4f : BIOS.obj (.text:ti_sysbios_hal_Timer_Instance_init__E)
                  0000cee0    00000028                   : BIOS.obj (.text:ti_sysbios_knl_Clock_addI__E)
                  0000cf08    00000028                   : BIOS.obj (.text:ti_sysbios_knl_Swi_Module_startup__E)
                  0000cf30    00000026     grlib.lib : string.obj (.text:GrFontInfoGet)
                  0000cf56    00000026     sysbios.aem4f : m3_Hwi_asm.obj (.text:ti_sysbios_family_arm_m3_Hwi_pendSV__I)
                  0000cf7c    00000026     ti.targets.arm.rtsarm.aem4f : System.oem4f (.text:xdc_runtime_System_avprintf__E)
                  0000cfa2    00000002     --HOLE-- [fill = 0]
                  0000cfa4    00000024     empty_pem4f.oem4f (.text:ti_sysbios_BIOS_errorRaiseHook__I)
                  0000cfc8    00000024     empty_pem4f.oem4f (.text:ti_sysbios_BIOS_registerRTSLock__I)
                  0000cfec    00000024     empty_pem4f.oem4f (.text:ti_sysbios_BIOS_removeRTSLock__I)
                  0000d010    00000024     empty_pem4f.oem4f (.text:ti_sysbios_BIOS_startFunc__I)
                  0000d034    00000024     empty_pem4f.oem4f (.text:ti_sysbios_gates_GateMutex_Object__delete__S)
                  0000d058    00000024     sysbios.aem4f : BIOS.obj (.text:ti_sysbios_knl_Clock_Module_startup__E)
                  0000d07c    00000004     --HOLE-- [fill = 0]
                  0000d080    00000024                   : BIOS.obj (.text:ti_sysbios_knl_Task_restoreHwi__E)
                  0000d0a4    00000024     ti.targets.arm.rtsarm.aem4f : System.oem4f (.text:xdc_runtime_System_vprintf__E)
                  0000d0c8    00000022     grlib.lib : string.obj (.text:GrFontGlyphDataGet)
                  0000d0ea    00000006     driverlib.lib : i2c.obj (.text:I2CMasterIntEnable)
                  0000d0f0    00000022     sysbios.aem4f : BIOS.obj (.text:ti_sysbios_family_arm_lm4_Timer_write__I)
                  0000d112    00000022     empty_pem4f.oem4f (.text:xdc_runtime_SysMin_output__I)
                  0000d134    00000020     Boot.aem4f : Boot_sysctl.oem4f (.text:_SysCtlMemTimingGet)
                  0000d154    00000020     rtsv7M4_T_le_v4SPD16_eabi.lib : u_tofd_t2.asm.obj (.text)
                  0000d174    00000020     empty_pem4f.oem4f (.text:ti_sysbios_BIOS_rtsLock__I)
                  0000d194    00000020     empty_pem4f.oem4f (.text:ti_sysbios_family_arm_lm4_Timer_Object__delete__S)
                  0000d1b4    00000004     --HOLE-- [fill = 0]
                  0000d1b8    00000020     sysbios.aem4f : BIOS.obj (.text:ti_sysbios_family_arm_lm4_Timer_getFreq__E)
                  0000d1d8    00000020     empty_pem4f.oem4f (.text:ti_sysbios_family_arm_m3_Hwi_Object__delete__S)
                  0000d1f8    00000020     sysbios.aem4f : m3_Hwi_asm.obj (.text:ti_sysbios_family_arm_m3_Hwi_excHandlerAsm__I)
                  0000d218    00000020                   : BIOS.obj (.text:ti_sysbios_family_arm_m3_Hwi_excHandler__I)
                  0000d238    00000020     empty_pem4f.oem4f (.text:ti_sysbios_gates_GateHwi_Object__delete__S)
                  0000d258    00000020     empty_pem4f.oem4f (.text:ti_sysbios_heaps_HeapMem_Object__delete__S)
                  0000d278    00000020     empty_pem4f.oem4f (.text:ti_sysbios_knl_Clock_Object__destruct__S)
                  0000d298    00000020     sysbios.aem4f : BIOS.obj (.text:ti_sysbios_knl_Idle_run__E)
                  0000d2b8    00000020     empty_pem4f.oem4f (.text:ti_sysbios_knl_Semaphore_Object__destruct__S)
                  0000d2d8    00000020     ti.targets.arm.rtsarm.aem4f : Registry.oem4f (.text:xdc_runtime_Registry_findById__E)
                  0000d2f8    00000020                                 : SysMin.oem4f (.text:xdc_runtime_SysMin_Module_startup__E)
                  0000d318    0000001e     grlib.lib : string.obj (.text:GrFontCodepageGet)
                  0000d336    0000001e               : widget.obj (.text:WidgetAdd)
                  0000d354    0000001e     sysbios.aem4f : m3_Hwi_asm_switch.obj (.text:ti_sysbios_family_xxx_Hwi_switchAndRunFunc)
                  0000d372    0000001e     Clock.obj (.text:updatetime)
                  0000d390    0000001c     driverlib.lib : uart.obj (.text:UARTDisable)
                  0000d3ac    0000001c     grlib.lib : widget.obj (.text:WidgetPointerMessage)
                  0000d3c8    0000001c     drivers_tivaware.aem4f : GPIOTiva.oem4f (.text:getGpioIntIndex)
                  0000d3e4    0000001c     rtsv7M4_T_le_v4SPD16_eabi.lib : memccpy.c.obj (.text:memccpy)
                  0000d400    0000001c     empty_pem4f.oem4f (.text:ti_sysbios_family_arm_m3_Hwi_Object__destruct__S)
                  0000d41c    00000004     --HOLE-- [fill = 0]
                  0000d420    0000001c     sysbios.aem4f : BIOS.obj (.text:ti_sysbios_gates_GateMutex_Instance_init__E)
                  0000d43c    0000001c     empty_pem4f.oem4f (.text:ti_sysbios_hal_Timer_TimerProxy_create)
                  0000d458    0000001c     empty_pem4f.oem4f (.text:ti_sysbios_knl_Queue_Object__destruct__S)
                  0000d474    00000004     --HOLE-- [fill = 0]
                  0000d478    0000001c     sysbios.aem4f : BIOS.obj (.text:ti_sysbios_knl_Queue_put__E)
                  0000d494    00000004     --HOLE-- [fill = 0]
                  0000d498    0000001c                   : BIOS.obj (.text:ti_sysbios_knl_Task_enter__I)
                  0000d4b4    0000001c     ti.targets.arm.rtsarm.aem4f : Error.oem4f (.text:xdc_runtime_Error_raiseX__E)
                  0000d4d0    0000001c                                 : Memory.oem4f (.text:xdc_runtime_Memory_valloc__E)
                  0000d4ec    0000001c                                 : SysMin.oem4f (.text:xdc_runtime_SysMin_exit__E)
                  0000d508    0000001c                                 : System.oem4f (.text:xdc_runtime_System_abort__E)
                  0000d524    0000001a     rtsv7M4_T_le_v4SPD16_eabi.lib : s_copysign.c.obj (.text:copysign)
                  0000d53e    0000001a     empty_pem4f.oem4f (.text:ti_sysbios_family_arm_m3_Hwi_Handle__label__S)
                  0000d558    0000001a     empty_pem4f.oem4f (.text:ti_sysbios_gates_GateHwi_Handle__label__S)
                  0000d572    0000001a     empty_pem4f.oem4f (.text:ti_sysbios_gates_GateMutex_Handle__label__S)
                  0000d58c    0000001a     empty_pem4f.oem4f (.text:ti_sysbios_heaps_HeapMem_Handle__label__S)
                  0000d5a6    0000001a     empty_pem4f.oem4f (.text:ti_sysbios_knl_Swi_Handle__label__S)
                  0000d5c0    0000001a     empty_pem4f.oem4f (.text:ti_sysbios_knl_Task_Handle__label__S)
                  0000d5da    0000001a     empty_pem4f.oem4f (.text:xdc_runtime_System_aprintf__E)
                  0000d5f4    0000001a     empty_pem4f.oem4f (.text:xdc_runtime_System_printf__E)
                  0000d60e    00000018     driverlib.lib : gpio.obj (.text:GPIOPinTypeGPIOOutput)
                  0000d626    00000002     --HOLE-- [fill = 0]
                  0000d628    00000018     drivers_tivaware.aem4f : UART.oem4f (.text:UART_Params_init)
                  0000d640    00000018     rtsv7M4_T_le_v4SPD16_eabi.lib : args_main.c.obj (.text:_args_main)
                  0000d658    00000018                                   : sprintf.c.obj (.text:_outs)
                  0000d670    00000018     empty_pem4f.oem4f (.text:ti_sysbios_BIOS_rtsUnlock__I)
                  0000d688    00000018     empty_pem4f.oem4f (.text:ti_sysbios_family_arm_lm4_Timer_Module__startupDone__F)
                  0000d6a0    00000018     empty_pem4f.oem4f (.text:ti_sysbios_family_arm_m3_Hwi_Module__startupDone__F)
                  0000d6b8    00000018     sysbios.aem4f : m3_TaskSupport_asm.obj (.text:ti_sysbios_family_arm_m3_TaskSupport_swap__E)
                  0000d6d0    00000018                   : BIOS.obj (.text:ti_sysbios_gates_GateMutex_leave__E)
                  0000d6e8    00000018     empty_pem4f.oem4f (.text:ti_sysbios_knl_Clock_Module__startupDone__F)
                  0000d700    00000018     sysbios.aem4f : BIOS.obj (.text:ti_sysbios_knl_Task_sleepTimeout__I)
                  0000d718    00000018     ti.targets.arm.rtsarm.aem4f : Error.oem4f (.text:xdc_runtime_Error_check__E)
                  0000d730    00000018                                 : System.oem4f (.text:xdc_runtime_System_exit__E)
                  0000d748    00000018                                 : Text.oem4f (.text:xdc_runtime_Text_ropeText__E)
                  0000d760    00000016     grlib.lib : string.obj (.text:GrStringDraw)
                  0000d776    00000016     driverlib.lib : i2c.obj (.text:I2CMasterErr)
                  0000d78c    00000016     rtsv7M4_T_le_v4SPD16_eabi.lib : strchr.c.obj (.text:strchr)
                  0000d7a2    00000016     empty_pem4f.oem4f (.text:ti_sysbios_BIOS_exitFunc__I)
                  0000d7b8    00000016     Clock.obj (.text:ti_sysbios_hal_Timer_Params_init)
                  0000d7ce    00000016     empty.obj (.text:ti_sysbios_knl_Task_Params_init)
                  0000d7e4    00000014     grlib.lib : canvas.obj (.text:CanvasMsgProc)
                  0000d7f8    00000014               : container.obj (.text:ContainerMsgProc)
                  0000d80c    00000014     Kentec320x240x16_ssd2119_spi.obj (.text:LED_OFF)
                  0000d820    00000014     Kentec320x240x16_ssd2119_spi.obj (.text:LED_ON)
                  0000d834    00000014     touch.obj (.text:TouchScreenCallbackSet)
                  0000d848    00000014     driverlib.lib : uart.obj (.text:UARTEnable)
                  0000d85c    00000014     grlib.lib : widget.obj (.text:WidgetMutexGet)
                  0000d870    00000014     rtsv7M4_T_le_v4SPD16_eabi.lib : strlen.c.obj (.text:strlen)
                  0000d884    00000014     empty_pem4f.oem4f (.text:ti_sysbios_family_arm_m3_Hwi_Object__get__S)
                  0000d898    00000014     sysbios.aem4f : BIOS.obj (.text:ti_sysbios_family_arm_m3_Hwi_switchFromBootStack__E)
                  0000d8ac    00000014     empty_pem4f.oem4f (.text:ti_sysbios_heaps_HeapMem_Object__get__S)
                  0000d8c0    00000014     empty_pem4f.oem4f (.text:ti_sysbios_knl_Swi_Object__get__S)
                  0000d8d4    00000012     driverlib.lib : gpio.obj (.text:GPIOPinTypeEthernetLED)
                  0000d8e6    00000012                   : gpio.obj (.text:GPIOPinTypeGPIOInput)
                  0000d8f8    00000012                   : gpio.obj (.text:GPIOPinTypeI2C)
                  0000d90a    00000012                   : gpio.obj (.text:GPIOPinTypeI2CSCL)
                  0000d91c    00000012                   : gpio.obj (.text:GPIOPinTypeSSI)
                  0000d92e    00000012                   : gpio.obj (.text:GPIOPinTypeUART)
                  0000d940    00000012                   : gpio.obj (.text:GPIOPinTypeUSBAnalog)
                  0000d952    00000012                   : gpio.obj (.text:GPIOPinTypeUSBDigital)
                  0000d964    00000012     drivers_tivaware.aem4f : RingBuf.oem4f (.text:RingBuf_construct)
                  0000d976    00000012     driverlib.lib : ssi.obj (.text:SSIDataGetNonBlocking)
                  0000d988    00000012                   : timer.obj (.text:TimerLoadSet)
                  0000d99a    00000006     drivers_tivaware.aem4f : I2CTiva.oem4f (.text:I2CTiva_control)
                  0000d9a0    00000012     sysbios.aem4f : BIOS.obj (.text:ti_sysbios_hal_Hwi_Module_startup__E)
                  0000d9b2    00000006     driverlib.lib : sysctl.obj (.text:SysCtlDelay)
                  0000d9b8    00000012     sysbios.aem4f : BIOS.obj (.text:ti_sysbios_hal_Timer_Module_startup__E)
                  0000d9ca    00000012     rtsv7M4_T_le_v4SPD16_eabi.lib : wcslen.c.obj (.text:wcslen)
                  0000d9dc    00000012     empty_pem4f.oem4f (.text:xdc_runtime_Startup_exec__I)
                  0000d9ee    00000002     --HOLE-- [fill = 0]
                  0000d9f0    00000010     empty_pem4f.oem4f (.text:.bootCodeSection:ti_catalog_arm_cortexm4_tiva_ce_Boot_init__I)
                  0000da00    00000010     driverlib.lib : adc.obj (.text:ADCIntEnable)
                  0000da10    00000010                   : fpu.obj (.text:FPUEnable)
                  0000da20    00000010                   : fpu.obj (.text:FPULazyStackingEnable)
                  0000da30    00000010     drivers_tivaware.aem4f : UARTTiva.oem4f (.text:readBlockingTimeout)
                  0000da40    00000010     sysbios.aem4f : BIOS.obj (.text:ti_sysbios_BIOS_getCpuFreq__E)
                  0000da50    00000010                   : BIOS.obj (.text:ti_sysbios_BIOS_setThreadType__E)
                  0000da60    00000010                   : BIOS.obj (.text:ti_sysbios_BIOS_start__E)
                  0000da70    00000010                   : BIOS.obj (.text:ti_sysbios_family_arm_lm4_TimestampProvider_rolloverFunc__E)
                  0000da80    00000010                   : m3_TaskSupport_asm.obj (.text:ti_sysbios_family_arm_m3_TaskSupport_glue)
                  0000da90    00000010                   : BIOS.obj (.text:ti_sysbios_gates_GateMutex_Instance_finalize__E)
                  0000daa0    00000010     empty_pem4f.oem4f (.text:ti_sysbios_hal_Timer_TimerProxy_Object__create__S)
                  0000dab0    00000010     sysbios.aem4f : BIOS.obj (.text:ti_sysbios_knl_Semaphore_Instance_finalize__E)
                  0000dac0    00000010                   : BIOS.obj (.text:ti_sysbios_knl_Swi_disable__E)
                  0000dad0    00000010     empty_pem4f.oem4f (.text:ti_sysbios_knl_Task_Object__get__S)
                  0000dae0    00000010     sysbios.aem4f : BIOS.obj (.text:ti_sysbios_knl_Task_disable__E)
                  0000daf0    00000010     driverlib.lib : udma.obj (.text:uDMAEnable)
                  0000db00    00000010     ti.targets.arm.rtsarm.aem4f : Gate.oem4f (.text:xdc_runtime_Gate_leaveSystem__E)
                  0000db10    00000010                                 : Memory.oem4f (.text:xdc_runtime_Memory_free__E)
                  0000db20    00000010                                 : SysMin.oem4f (.text:xdc_runtime_SysMin_ready__E)
                  0000db30    00000010                                 : System.oem4f (.text:xdc_runtime_System_vsnprintf__E)
                  0000db40    00000010     empty_pem4f.oem4f (.text:xdc_runtime_Text_visitRope__I)
                  0000db50    0000000e     driverlib.lib : adc.obj (.text:ADCSequenceEnable)
                  0000db5e    0000000e                   : gpio.obj (.text:GPIOIntStatus)
                  0000db6c    0000000e     grlib.lib : image.obj (.text:GrImageDraw)
                  0000db7a    0000000e     driverlib.lib : timer.obj (.text:TimerEnable)
                  0000db88    0000000e                   : uart.obj (.text:UARTCharGetNonBlocking)
                  0000db96    0000000e                   : uart.obj (.text:UARTCharPutNonBlocking)
                  0000dba4    0000000e     rtsv7M4_T_le_v4SPD16_eabi.lib : copy_decompress_none.c.obj (.text:decompress:none:__TI_decompress_none)
                  0000dbb2    00000006     driverlib.lib : uart.obj (.text:UARTFIFOLevelSet)
                  0000dbb8    0000000e     sysbios.aem4f : BIOS.obj (.text:ti_sysbios_knl_Idle_loop__E)
                  0000dbc6    00000002     --HOLE-- [fill = 0]
                  0000dbc8    0000000e                   : BIOS.obj (.text:ti_sysbios_knl_Queue_empty__E)
                  0000dbd6    0000000c     drivers_tivaware.aem4f : RingBuf.oem4f (.text:RingBuf_peek)
                  0000dbe2    0000000c     driverlib.lib : uart.obj (.text:UARTFlowControlSet)
                  0000dbee    0000000c     drivers_tivaware.aem4f : UARTTiva.oem4f (.text:UARTTiva_init)
                  0000dbfa    00000002     --HOLE-- [fill = 0]
                  0000dbfc    0000000c     rtsv7M4_T_le_v4SPD16_eabi.lib : _lock.c.obj (.text:_register_lock)
                  0000dc08    0000000c                                   : _lock.c.obj (.text:_register_unlock)
                  0000dc14    0000000c                                   : copy_zero_init.c.obj (.text:decompress:ZI:__TI_zero_init)
                  0000dc20    0000000c     sysbios.aem4f : BIOS.obj (.text:ti_sysbios_family_arm_lm4_Timer_getMaxTicks__E)
                  0000dc2c    00000004     --HOLE-- [fill = 0]
                  0000dc30    0000000c                   : BIOS.obj (.text:ti_sysbios_family_arm_lm4_TimestampProvider_startTimer__E)
                  0000dc3c    0000000c     empty_pem4f.oem4f (.text:ti_sysbios_family_arm_m3_Hwi_Params__init__S)
                  0000dc48    0000000c     sysbios.aem4f : BIOS.obj (.text:ti_sysbios_family_arm_m3_Hwi_disableFxn__E)
                  0000dc54    00000004     --HOLE-- [fill = 0]
                  0000dc58    0000000c                   : BIOS.obj (.text:ti_sysbios_family_arm_m3_TaskSupport_checkStack__E)
                  0000dc64    00000004     --HOLE-- [fill = 0]
                  0000dc68    0000000c                   : BIOS.obj (.text:ti_sysbios_family_arm_m3_TaskSupport_getStackAlignment__E)
                  0000dc74    00000004     --HOLE-- [fill = 0]
                  0000dc78    0000000c                   : BIOS.obj (.text:ti_sysbios_gates_GateHwi_enter__E)
                  0000dc84    00000004     --HOLE-- [fill = 0]
                  0000dc88    0000000c                   : BIOS.obj (.text:ti_sysbios_hal_SecondsClock_set__E)
                  0000dc94    0000000c     empty_pem4f.oem4f (.text:ti_sysbios_hal_Timer_Params__init__S)
                  0000dca0    0000000c     empty_pem4f.oem4f (.text:ti_sysbios_knl_Clock_Params__init__S)
                  0000dcac    0000000c     empty_pem4f.oem4f (.text:ti_sysbios_knl_Queue_Object__get__S)
                  0000dcb8    0000000c     empty_pem4f.oem4f (.text:ti_sysbios_knl_Semaphore_Params__init__S)
                  0000dcc4    0000000c     empty_pem4f.oem4f (.text:ti_sysbios_knl_Task_Params__init__S)
                  0000dcd0    0000000c     driverlib.lib : udma.obj (.text:uDMAControlBaseSet)
                  0000dcdc    0000000c     ti.targets.arm.rtsarm.aem4f : Error.oem4f (.text:xdc_runtime_Error_init__E)
                  0000dce8    0000000c                                 : Gate.oem4f (.text:xdc_runtime_Gate_enterSystem__E)
                  0000dcf4    0000000c                                 : Memory.oem4f (.text:xdc_runtime_Memory_calloc__E)
                  0000dd00    0000000c                                 : Memory.oem4f (.text:xdc_runtime_Memory_getMaxDefaultTypeAlign__E)
                  0000dd0c    0000000a     driverlib.lib : i2c.obj (.text:I2CMasterDisable)
                  0000dd16    0000000a                   : i2c.obj (.text:I2CMasterEnable)
                  0000dd20    0000000a     drivers_tivaware.aem4f : I2CTiva.oem4f (.text:I2CTiva_init)
                  0000dd2a    0000000a     Kentec320x240x16_ssd2119_spi.obj (.text:Kentec320x240x16_SSD2119Flush)
                  0000dd34    0000000a     driverlib.lib : ssi.obj (.text:SSIDataPut)
                  0000dd3e    0000000a                   : ssi.obj (.text:SSIEnable)
                  0000dd48    0000000a                   : uart.obj (.text:UARTCharGet)
                  0000dd52    0000000a                   : uart.obj (.text:UARTCharPut)
                  0000dd5c    0000000a                   : uart.obj (.text:UARTIntDisable)
                  0000dd66    0000000a                   : uart.obj (.text:UARTIntStatus)
                  0000dd70    0000000a     rtsv7M4_T_le_v4SPD16_eabi.lib : sprintf.c.obj (.text:_outc)
                  0000dd7a    00000006     driverlib.lib : uart.obj (.text:UARTRxErrorClear)
                  0000dd80    0000000a     sysbios.aem4f : BIOS.obj (.text:ti_sysbios_hal_Timer_Instance_finalize__E)
                  0000dd8a    0000000a     empty_pem4f.oem4f (.text:xdc_runtime_IHeap_alloc)
                  0000dd94    0000000a     empty_pem4f.oem4f (.text:xdc_runtime_IHeap_free)
                  0000dd9e    00000008     EK_TM4C1294XL.obj (.text:EK_TM4C1294XL_initGPIO)
                  0000dda6    00000008     grlib.lib : charmap.obj (.text:GrMapISO8859_1_Unicode)
                  0000ddae    00000008     driverlib.lib : i2c.obj (.text:I2CMasterIntClear)
                  0000ddb6    00000008                   : i2c.obj (.text:I2CMasterSlaveAddrSet)
                  0000ddbe    00000008     drivers_tivaware.aem4f : I2CTiva.oem4f (.text:I2CTiva_blockingCallback)
                  0000ddc6    00000008     driverlib.lib : ssi.obj (.text:SSIBusy)
                  0000ddce    00000008                   : uart.obj (.text:UARTIntEnable)
                  0000ddd6    00000008                   : uart.obj (.text:UARTRxErrorGet)
                  0000ddde    00000002     --HOLE-- [fill = 0]
                  0000dde0    00000008     rtsv7M4_T_le_v4SPD16_eabi.lib : errno.c.obj (.text:__aeabi_errno_addr)
                  0000dde8    00000008     drivers_tivaware.aem4f : UARTTiva.oem4f (.text:readSemCallback)
                  0000ddf0    00000008     sysbios.aem4f : BIOS.obj (.text:ti_sysbios_family_arm_lm4_Timer_masterDisable__I)
                  0000ddf8    00000008                   : BIOS.obj (.text:ti_sysbios_family_arm_m3_Hwi_doSwiRestore__I)
                  0000de00    00000008                   : BIOS.obj (.text:ti_sysbios_family_arm_m3_Hwi_startup__E)
                  0000de08    00000008     drivers_tivaware.aem4f : UARTTiva.oem4f (.text:writeSemCallback)
                  0000de10    00000006     grlib.lib : widget.obj (.text:WidgetMutexPut)
                  0000de16    00000002     --HOLE-- [fill = 0]
                  0000de18    00000006     sysbios.aem4f : BIOS.obj (.text:ti_sysbios_family_arm_lm4_TimestampProvider_Module_startup__E)
                  0000de1e    00000002     --HOLE-- [fill = 0]
                  0000de20    00000006                   : BIOS.obj (.text:ti_sysbios_family_arm_m3_Hwi_doTaskRestore__I)
                  0000de26    00000002     --HOLE-- [fill = 0]
                  0000de28    00000006                   : BIOS.obj (.text:ti_sysbios_family_arm_m3_Hwi_restoreFxn__E)
                  0000de2e    00000002     --HOLE-- [fill = 0]
                  0000de30    00000006                   : BIOS.obj (.text:ti_sysbios_gates_GateHwi_leave__E)
                  0000de36    00000002     --HOLE-- [fill = 0]
                  0000de38    00000006                   : BIOS.obj (.text:ti_sysbios_heaps_HeapMem_isBlocking__E)
                  0000de3e    00000002     --HOLE-- [fill = 0]
                  0000de40    00000006                   : BIOS.obj (.text:ti_sysbios_knl_Clock_stop__E)
                  0000de46    00000002     --HOLE-- [fill = 0]
                  0000de48    00000006                   : BIOS.obj (.text:ti_sysbios_knl_Queue_Instance_init__E)
                  0000de4e    00000002     --HOLE-- [fill = 0]
                  0000de50    00000006                   : BIOS.obj (.text:ti_sysbios_knl_Swi_startup__E)
                  0000de56    00000006     ti.targets.arm.rtsarm.aem4f : System.oem4f (.text:xdc_runtime_System_Module_startup__E)
                  0000de5c    00000004     --HOLE-- [fill = 0]
                  0000de60    00000004     sysbios.aem4f : BIOS.obj (.text:ti_sysbios_family_arm_lm4_Timer_getPeriod__E)
                  0000de64    00000004     --HOLE-- [fill = 0]
                  0000de68    00000004                   : BIOS.obj (.text:ti_sysbios_gates_GateHwi_query__E)
                  0000de6c    00000004     --HOLE-- [fill = 0]
                  0000de70    00000004                   : BIOS.obj (.text:ti_sysbios_gates_GateMutex_query__E)
                  0000de74    00000004     --HOLE-- [fill = 0]
                  0000de78    00000004                   : BIOS.obj (.text:ti_sysbios_knl_Task_startup__E)
                  0000de7c    00000004     --HOLE-- [fill = 0]
                  0000de80    00000002                   : BIOS.obj (.text:ti_sysbios_gates_GateHwi_Instance_init__E)
                  0000de82    00000006     --HOLE-- [fill = 0]
                  0000de88    00000002                   : BIOS.obj (.text:ti_sysbios_knl_Clock_logTick__E)

.const     0    0000de8c    0000b948     
                  0000de8c    00001a46     frame.obj (.const:.string:g_pui8Top)
                  0000f8d2    000018ae     empty_pem4f.oem4f (.const:xdc_runtime_Text_charTab__A)
                  00011180    00000a60     grlib.lib : fontcm24.obj (.const:.string:g_pui8Cm24Data)
                  00011be0    00000960               : fontcm22.obj (.const:.string:g_pui8Cm22Data)
                  00012540    0000095e               : fontcm20.obj (.const:.string:g_pui8Cm20Data)
                  00012e9e    0000086e               : fontcm18.obj (.const:.string:g_pui8Cm18Data)
                  0001370c    0000083d     empty.obj (.const:.string:g_pui8RedSlider195x37)
                  00013f49    00000826     empty.obj (.const:.string:g_pui8GreenSlider195x37)
                  0001476f    00000786     frame.obj (.const:.string:g_pui8Bottom)
                  00014ef5    00000782     grlib.lib : fontcmss18b.obj (.const:.string:g_pui8Cmss18bData)
                  00015677    00000705     empty.obj (.const:.string:g_pui8GettingHotter28x148)
                  00015d7c    0000065a     grlib.lib : fontcm14.obj (.const:.string:g_pui8Cm14Data)
                  000163d6    0000055f               : fontcm12.obj (.const:.string:g_pui8Cm12Data)
                  00016935    00000546     frame.obj (.const:.string:g_pui8Left)
                  00016e7b    00000546     frame.obj (.const:.string:g_pui8Right)
                  000173c1    000003ad     empty.obj (.const:.string:g_pui8GettingHotter28x148Mono)
                  0001776e    00000230     empty.obj (.const:.string:g_pui8Logo)
                  0001799e    00000210     empty.obj (.const:.string:g_pui8Blue50x50)
                  00017bae    0000020e     empty.obj (.const:.string:g_pui8Blue50x50Press)
                  00017dbc    0000017c     frame.obj (.const:.string:g_pui8TopLeft)
                  00017f38    0000017a     empty.obj (.const:.string)
                  000180b2    00000173     frame.obj (.const:.string:g_pui8TopRight)
                  00018225    00000001     empty_pem4f.oem4f (.const:xdc_runtime_Error_policy__C)
                  00018226    00000002     empty_pem4f.oem4f (.const:ti_catalog_arm_cortexm4_tiva_ce_Boot_Module__id__C)
                  00018228    00000120     Boot.aem4f : Boot_sysctl.oem4f (.const:g_pppui32XTALtoVCO)
                  00018348    00000101     rtsv7M4_T_le_v4SPD16_eabi.lib : ctype.c.obj (.const:.string:_ctypes_)
                  00018449    000000f5     empty.obj (.const:.string:g_pui8LightOff)
                  0001853e    000000e6     empty.obj (.const:.string:g_pui8LightOn)
                  00018624    000000d0     frame.obj (.const:.string:g_pui8BottomLeft)
                  000186f4    000000d0     empty_pem4f.oem4f (.const:xdc_runtime_Text_nodeTab__A)
                  000187c4    000000c8     grlib.lib : fontcm12.obj (.const:g_sFontCm12)
                  0001888c    000000c8               : fontcm14.obj (.const:g_sFontCm14)
                  00018954    000000c8               : fontcm18.obj (.const:g_sFontCm18)
                  00018a1c    000000c8               : fontcm20.obj (.const:g_sFontCm20)
                  00018ae4    000000c8               : fontcm22.obj (.const:g_sFontCm22)
                  00018bac    000000c8               : fontcm24.obj (.const:g_sFontCm24)
                  00018c74    000000c8               : fontcmss18b.obj (.const:g_sFontCmss18b)
                  00018d3c    000000c4     frame.obj (.const:.string:g_pui8BottomRight)
                  00018e00    00000090     driverlib.lib : gpio.obj (.const:g_pui32GPIOBaseAddrs)
                  00018e90    00000070                   : interrupt.obj (.const)
                  00018f00    0000006c     Boot.aem4f : Boot_sysctl.oem4f (.const:g_pui32Xtals)
                  00018f6c    00000054     drivers_tivaware.aem4f : GPIOTiva.oem4f (.const:.string)
                  00018fc0    0000004c                            : UARTTiva.oem4f (.const)
                  0001900c    00000048     empty_pem4f.oem4f (.const:.string)
                  00019054    00000048     drivers_tivaware.aem4f : GPIOTiva.oem4f (.const:gpioBaseAddresses)
                  0001909c    0000003c     empty_pem4f.oem4f (.const:ti_sysbios_family_arm_lm4_Timer_Object__PARAMS__C)
                  000190d8    0000003c     empty_pem4f.oem4f (.const:ti_sysbios_knl_Task_Object__PARAMS__C)
                  00019114    00000030     Boot.aem4f : Boot_sysctl.oem4f (.const:g_sXTALtoMEMTIM)
                  00019144    00000030     empty_pem4f.oem4f (.const:ti_sysbios_family_arm_m3_Hwi_Object__PARAMS__C)
                  00019174    00000030     empty_pem4f.oem4f (.const:ti_sysbios_hal_Timer_Object__PARAMS__C)
                  000191a4    0000002c     empty_pem4f.oem4f (.const:xdc_runtime_Startup_sfxnTab__A)
                  000191d0    00000028     drivers_tivaware.aem4f : UARTTiva.oem4f (.const:UARTTiva_fxnTable)
                  000191f8    00000028     Kentec320x240x16_ssd2119_spi.obj (.const:g_sKentec320x240x16_SSD2119)
                  00019220    00000028     empty_pem4f.oem4f (.const:ti_sysbios_heaps_HeapMem_Module__FXNS__C)
                  00019248    00000024     EK_TM4C1294XL.obj (.const:I2C_config)
                  0001926c    00000024     drivers_tivaware.aem4f : UART.oem4f (.const:UART_defaultParams)
                  00019290    00000024     empty_pem4f.oem4f (.const:ti_sysbios_gates_GateHwi_Module__FXNS__C)
                  000192b4    00000024     empty_pem4f.oem4f (.const:ti_sysbios_gates_GateMutex_Module__FXNS__C)
                  000192d8    00000024     empty_pem4f.oem4f (.const:ti_sysbios_heaps_HeapMem_Object__PARAMS__C)
                  000192fc    00000024     empty_pem4f.oem4f (.const:ti_sysbios_knl_Clock_Object__PARAMS__C)
                  00019320    00000024     empty_pem4f.oem4f (.const:ti_sysbios_knl_Semaphore_Object__PARAMS__C)
                  00019344    00000020     empty_pem4f.oem4f (.const:ti_sysbios_family_arm_lm4_Timer_Object__DESC__C)
                  00019364    00000020     empty_pem4f.oem4f (.const:ti_sysbios_family_arm_m3_Hwi_Object__DESC__C)
                  00019384    00000020     empty_pem4f.oem4f (.const:ti_sysbios_gates_GateHwi_Object__DESC__C)
                  000193a4    00000020     empty_pem4f.oem4f (.const:ti_sysbios_gates_GateMutex_Object__DESC__C)
                  000193c4    00000020     empty_pem4f.oem4f (.const:ti_sysbios_hal_Timer_Object__DESC__C)
                  000193e4    00000020     empty_pem4f.oem4f (.const:ti_sysbios_heaps_HeapMem_Object__DESC__C)
                  00019404    00000020     empty_pem4f.oem4f (.const:ti_sysbios_knl_Clock_Object__DESC__C)
                  00019424    00000020     empty_pem4f.oem4f (.const:ti_sysbios_knl_Queue_Object__DESC__C)
                  00019444    00000020     empty_pem4f.oem4f (.const:ti_sysbios_knl_Semaphore_Object__DESC__C)
                  00019464    00000020     empty_pem4f.oem4f (.const:ti_sysbios_knl_Task_Object__DESC__C)
                  00019484    0000001c     drivers_tivaware.aem4f : I2CTiva.oem4f (.const)
                  000194a0    0000001c     touch.obj (.const:g_pi32TouchParameters)
                  000194bc    00000018     EK_TM4C1294XL.obj (.const:UART_config)
                  000194d4    00000018     EK_TM4C1294XL.obj (.const:i2cTivaHWAttrs)
                  000194ec    00000018     empty_pem4f.oem4f (.const:ti_sysbios_gates_GateHwi_Object__PARAMS__C)
                  00019504    00000018     empty_pem4f.oem4f (.const:ti_sysbios_gates_GateMutex_Object__PARAMS__C)
                  0001951c    00000018     empty_pem4f.oem4f (.const:ti_sysbios_knl_Queue_Object__PARAMS__C)
                  00019534    00000018     EK_TM4C1294XL.obj (.const:uartTivaHWAttrs)
                  0001954c    00000016     empty_pem4f.oem4f (.const:xdc_runtime_Startup_sfxnRts__A)
                  00019562    00000002     empty_pem4f.oem4f (.const:ti_sysbios_family_arm_lm4_Timer_Module__id__C)
                  00019564    00000014     EK_TM4C1294XL.obj (.const:GPIOTiva_config)
                  00019578    00000014     empty_pem4f.oem4f (.const:xdc_runtime_Startup_firstFxns__A)
                  0001958c    00000012     ustdlib.obj (.const:.string)
                  0001959e    00000002     empty_pem4f.oem4f (.const:ti_sysbios_family_arm_lm4_Timer_supportsAltclk__C)
                  000195a0    00000010     grlib.lib : context.obj (.const)
                  000195b0    00000008     Boot.aem4f : Boot_sysctl.oem4f (.const)
                  000195b8    00000008     empty_pem4f.oem4f (.const:ti_sysbios_family_arm_m3_Hwi_excHookFuncs__A)
                  000195c0    00000008     empty_pem4f.oem4f (.const:ti_sysbios_knl_Idle_funcList__C)
                  000195c8    00000008     empty_pem4f.oem4f (.const:xdc_runtime_Startup_firstFxns__C)
                  000195d0    00000008     empty_pem4f.oem4f (.const:xdc_runtime_Startup_lastFxns__C)
                  000195d8    00000004     empty_pem4f.oem4f (.const:ti_catalog_arm_cortexm4_tiva_ce_Boot_A_mustNotUseEnhancedClockMode__C)
                  000195dc    00000004     empty_pem4f.oem4f (.const:ti_catalog_arm_cortexm4_tiva_ce_Boot_Module__diagsEnabled__C)
                  000195e0    00000004     empty_pem4f.oem4f (.const:ti_catalog_arm_cortexm4_tiva_ce_Boot_Module__diagsIncluded__C)
                  000195e4    00000004     empty_pem4f.oem4f (.const:ti_catalog_arm_cortexm4_tiva_ce_Boot_Module__diagsMask__C)
                  000195e8    00000004     empty_pem4f.oem4f (.const:ti_sysbios_family_arm_lm4_Timer_E_cannotSupport__C)
                  000195ec    00000004     empty_pem4f.oem4f (.const:ti_sysbios_family_arm_lm4_Timer_E_invalidTimer__C)
                  000195f0    00000004     empty_pem4f.oem4f (.const:ti_sysbios_family_arm_lm4_Timer_E_noaltclk__C)
                  000195f4    00000004     empty_pem4f.oem4f (.const:ti_sysbios_family_arm_lm4_Timer_E_notAvailable__C)
                  000195f8    00000004     empty_pem4f.oem4f (.const:ti_sysbios_family_arm_lm4_Timer_anyMask__C)
                  000195fc    00000004     empty_pem4f.oem4f (.const:ti_sysbios_family_arm_lm4_Timer_disableFunc__C)
                  00019600    00000004     empty_pem4f.oem4f (.const:ti_sysbios_family_arm_lm4_Timer_enableFunc__C)
                  00019604    00000004     empty_pem4f.oem4f (.const:ti_sysbios_family_arm_lm4_Timer_numTimerDevices__C)
                  00019608    00000004     empty_pem4f.oem4f (.const:ti_sysbios_family_arm_lm4_Timer_startupNeeded__C)
                  0001960c    00000004     empty_pem4f.oem4f (.const:ti_sysbios_family_arm_m3_Hwi_E_NMI__C)
                  00019610    00000004     empty_pem4f.oem4f (.const:ti_sysbios_family_arm_m3_Hwi_E_alreadyDefined__C)
                  00019614    00000004     empty_pem4f.oem4f (.const:ti_sysbios_family_arm_m3_Hwi_E_busFault__C)
                  00019618    00000004     empty_pem4f.oem4f (.const:ti_sysbios_family_arm_m3_Hwi_E_debugMon__C)
                  0001961c    00000004     empty_pem4f.oem4f (.const:ti_sysbios_family_arm_m3_Hwi_E_hardFault__C)
                  00019620    00000004     empty_pem4f.oem4f (.const:ti_sysbios_family_arm_m3_Hwi_E_memFault__C)
                  00019624    00000004     empty_pem4f.oem4f (.const:ti_sysbios_family_arm_m3_Hwi_E_noIsr__C)
                  00019628    00000004     empty_pem4f.oem4f (.const:ti_sysbios_family_arm_m3_Hwi_E_reserved__C)
                  0001962c    00000004     empty_pem4f.oem4f (.const:ti_sysbios_family_arm_m3_Hwi_E_svCall__C)
                  00019630    00000004     empty_pem4f.oem4f (.const:ti_sysbios_family_arm_m3_Hwi_E_usageFault__C)
                  00019634    00000004     empty_pem4f.oem4f (.const:ti_sysbios_family_arm_m3_Hwi_NUM_INTERRUPTS__C)
                  00019638    00000004     empty_pem4f.oem4f (.const:ti_sysbios_family_arm_m3_Hwi_Object__count__C)
                  0001963c    00000004     empty_pem4f.oem4f (.const:ti_sysbios_family_arm_m3_Hwi_ccr__C)
                  00019640    00000004     empty_pem4f.oem4f (.const:ti_sysbios_family_arm_m3_Hwi_excHandlerFunc__C)
                  00019644    00000004     empty_pem4f.oem4f (.const:ti_sysbios_family_arm_m3_Hwi_excHookFuncs__C)
                  00019648    00000004     empty_pem4f.oem4f (.const:ti_sysbios_family_arm_m3_Hwi_nullIsrFunc__C)
                  0001964c    00000004     empty_pem4f.oem4f (.const:ti_sysbios_family_arm_m3_Hwi_priGroup__C)
                  00019650    00000004     empty_pem4f.oem4f (.const:ti_sysbios_family_arm_m3_TaskSupport_stackAlignment__C)
                  00019654    00000004     empty_pem4f.oem4f (.const:ti_sysbios_gates_GateMutex_A_badContext__C)
                  00019658    00000004     empty_pem4f.oem4f (.const:ti_sysbios_gates_GateMutex_Instance_State_sem__O)
                  0001965c    00000004     empty_pem4f.oem4f (.const:ti_sysbios_gates_GateMutex_Module__diagsEnabled__C)
                  00019660    00000004     empty_pem4f.oem4f (.const:ti_sysbios_gates_GateMutex_Module__diagsIncluded__C)
                  00019664    00000004     empty_pem4f.oem4f (.const:ti_sysbios_gates_GateMutex_Module__diagsMask__C)
                  00019668    00000004     empty_pem4f.oem4f (.const:ti_sysbios_hal_Hwi_E_stackOverflow__C)
                  0001966c    00000004     empty_pem4f.oem4f (.const:ti_sysbios_hal_SecondsClock_Module_State_clock__O)
                  00019670    00000004     empty_pem4f.oem4f (.const:ti_sysbios_heaps_HeapMem_A_align__C)
                  00019674    00000004     empty_pem4f.oem4f (.const:ti_sysbios_heaps_HeapMem_A_heapSize__C)
                  00019678    00000004     empty_pem4f.oem4f (.const:ti_sysbios_heaps_HeapMem_A_invalidFree__C)
                  0001967c    00000004     empty_pem4f.oem4f (.const:ti_sysbios_heaps_HeapMem_A_zeroBlock__C)
                  00019680    00000004     empty_pem4f.oem4f (.const:ti_sysbios_heaps_HeapMem_E_memory__C)
                  00019684    00000004     empty_pem4f.oem4f (.const:ti_sysbios_heaps_HeapMem_Module__diagsEnabled__C)
                  00019688    00000004     empty_pem4f.oem4f (.const:ti_sysbios_heaps_HeapMem_Module__diagsIncluded__C)
                  0001968c    00000004     empty_pem4f.oem4f (.const:ti_sysbios_heaps_HeapMem_Module__diagsMask__C)
                  00019690    00000004     empty_pem4f.oem4f (.const:ti_sysbios_heaps_HeapMem_Module__gateObj__C)
                  00019694    00000004     empty_pem4f.oem4f (.const:ti_sysbios_heaps_HeapMem_Object__count__C)
                  00019698    00000004     empty_pem4f.oem4f (.const:ti_sysbios_heaps_HeapMem_reqAlign__C)
                  0001969c    00000004     empty_pem4f.oem4f (.const:ti_sysbios_knl_Clock_A_badThreadType__C)
                  000196a0    00000004     empty_pem4f.oem4f (.const:ti_sysbios_knl_Clock_Module_State_clockQ__O)
                  000196a4    00000004     empty_pem4f.oem4f (.const:ti_sysbios_knl_Clock_Module__diagsEnabled__C)
                  000196a8    00000004     empty_pem4f.oem4f (.const:ti_sysbios_knl_Clock_Module__diagsIncluded__C)
                  000196ac    00000004     empty_pem4f.oem4f (.const:ti_sysbios_knl_Clock_Module__diagsMask__C)
                  000196b0    00000004     empty_pem4f.oem4f (.const:ti_sysbios_knl_Clock_tickPeriod__C)
                  000196b4    00000004     empty_pem4f.oem4f (.const:ti_sysbios_knl_Idle_funcList__A)
                  000196b8    00000004     empty_pem4f.oem4f (.const:ti_sysbios_knl_Semaphore_A_badContext__C)
                  000196bc    00000004     empty_pem4f.oem4f (.const:ti_sysbios_knl_Semaphore_A_noEvents__C)
                  000196c0    00000004     empty_pem4f.oem4f (.const:ti_sysbios_knl_Semaphore_A_overflow__C)
                  000196c4    00000004     empty_pem4f.oem4f (.const:ti_sysbios_knl_Semaphore_A_pendTaskDisabled__C)
                  000196c8    00000004     empty_pem4f.oem4f (.const:ti_sysbios_knl_Semaphore_Instance_State_pendQ__O)
                  000196cc    00000004     empty_pem4f.oem4f (.const:ti_sysbios_knl_Semaphore_Module__diagsEnabled__C)
                  000196d0    00000004     empty_pem4f.oem4f (.const:ti_sysbios_knl_Semaphore_Module__diagsIncluded__C)
                  000196d4    00000004     empty_pem4f.oem4f (.const:ti_sysbios_knl_Semaphore_Module__diagsMask__C)
                  000196d8    00000004     empty_pem4f.oem4f (.const:ti_sysbios_knl_Swi_Object__count__C)
                  000196dc    00000004     empty_pem4f.oem4f (.const:ti_sysbios_knl_Task_A_badPriority__C)
                  000196e0    00000004     empty_pem4f.oem4f (.const:ti_sysbios_knl_Task_A_badTaskState__C)
                  000196e4    00000004     empty_pem4f.oem4f (.const:ti_sysbios_knl_Task_A_badThreadType__C)
                  000196e8    00000004     empty_pem4f.oem4f (.const:ti_sysbios_knl_Task_A_badTimeout__C)
                  000196ec    00000004     empty_pem4f.oem4f (.const:ti_sysbios_knl_Task_A_noPendElem__C)
                  000196f0    00000004     empty_pem4f.oem4f (.const:ti_sysbios_knl_Task_A_sleepTaskDisabled__C)
                  000196f4    00000004     empty_pem4f.oem4f (.const:ti_sysbios_knl_Task_E_spOutOfBounds__C)
                  000196f8    00000004     empty_pem4f.oem4f (.const:ti_sysbios_knl_Task_E_stackOverflow__C)
                  000196fc    00000004     empty_pem4f.oem4f (.const:ti_sysbios_knl_Task_Module_State_inactiveQ__O)
                  00019700    00000004     empty_pem4f.oem4f (.const:ti_sysbios_knl_Task_Module__diagsEnabled__C)
                  00019704    00000004     empty_pem4f.oem4f (.const:ti_sysbios_knl_Task_Module__diagsIncluded__C)
                  00019708    00000004     empty_pem4f.oem4f (.const:ti_sysbios_knl_Task_Module__diagsMask__C)
                  0001970c    00000004     empty_pem4f.oem4f (.const:ti_sysbios_knl_Task_Object__count__C)
                  00019710    00000004     empty_pem4f.oem4f (.const:ti_sysbios_knl_Task_allBlockedFunc__C)
                  00019714    00000004     empty_pem4f.oem4f (.const:ti_sysbios_knl_Task_defaultStackHeap__C)
                  00019718    00000004     empty_pem4f.oem4f (.const:ti_sysbios_knl_Task_defaultStackSize__C)
                  0001971c    00000004     empty_pem4f.oem4f (.const:ti_sysbios_knl_Task_numConstructedTasks__C)
                  00019720    00000004     ustdlib.obj (.const)
                  00019724    00000004     empty_pem4f.oem4f (.const:xdc_runtime_Assert_E_assertFailed__C)
                  00019728    00000004     empty_pem4f.oem4f (.const:xdc_runtime_Core_A_initializedParams__C)
[...]
000195e0  ti_catalog_arm_cortexm4_tiva_ce_Boot_Module__diagsIncluded__C        
000195e4  ti_catalog_arm_cortexm4_tiva_ce_Boot_Module__diagsMask__C            
000195e8  ti_sysbios_family_arm_lm4_Timer_E_cannotSupport__C                   
000195ec  ti_sysbios_family_arm_lm4_Timer_E_invalidTimer__C                    
000195f0  ti_sysbios_family_arm_lm4_Timer_E_noaltclk__C                        
000195f4  ti_sysbios_family_arm_lm4_Timer_E_notAvailable__C                    
000195f8  ti_sysbios_family_arm_lm4_Timer_anyMask__C                           
000195fc  ti_sysbios_family_arm_lm4_Timer_disableFunc__C                       
00019600  ti_sysbios_family_arm_lm4_Timer_enableFunc__C                        
00019604  ti_sysbios_family_arm_lm4_Timer_numTimerDevices__C                   
00019608  ti_sysbios_family_arm_lm4_Timer_startupNeeded__C                     
0001960c  ti_sysbios_family_arm_m3_Hwi_E_NMI__C                                
00019610  ti_sysbios_family_arm_m3_Hwi_E_alreadyDefined__C                     
00019614  ti_sysbios_family_arm_m3_Hwi_E_busFault__C                           
00019618  ti_sysbios_family_arm_m3_Hwi_E_debugMon__C                           
0001961c  ti_sysbios_family_arm_m3_Hwi_E_hardFault__C                          
00019620  ti_sysbios_family_arm_m3_Hwi_E_memFault__C                           
00019624  ti_sysbios_family_arm_m3_Hwi_E_noIsr__C                              
00019628  ti_sysbios_family_arm_m3_Hwi_E_reserved__C                           
0001962c  ti_sysbios_family_arm_m3_Hwi_E_svCall__C                             
00019630  ti_sysbios_family_arm_m3_Hwi_E_usageFault__C                         
00019634  ti_sysbios_family_arm_m3_Hwi_NUM_INTERRUPTS__C                       
00019638  ti_sysbios_family_arm_m3_Hwi_Object__count__C                        
0001963c  ti_sysbios_family_arm_m3_Hwi_ccr__C                                  
00019640  ti_sysbios_family_arm_m3_Hwi_excHandlerFunc__C                       
00019644  ti_sysbios_family_arm_m3_Hwi_excHookFuncs__C                         
00019648  ti_sysbios_family_arm_m3_Hwi_nullIsrFunc__C                          
0001964c  ti_sysbios_family_arm_m3_Hwi_priGroup__C                             
00019650  ti_sysbios_family_arm_m3_TaskSupport_stackAlignment__C               
00019654  ti_sysbios_gates_GateMutex_A_badContext__C                           
00019658  ti_sysbios_gates_GateMutex_Instance_State_sem__O                     
0001965c  ti_sysbios_gates_GateMutex_Module__diagsEnabled__C                   
00019660  ti_sysbios_gates_GateMutex_Module__diagsIncluded__C                  
00019664  ti_sysbios_gates_GateMutex_Module__diagsMask__C                      
00019668  ti_sysbios_hal_Hwi_E_stackOverflow__C                                
0001966c  ti_sysbios_hal_SecondsClock_Module_State_clock__O                    
00019670  ti_sysbios_heaps_HeapMem_A_align__C                                  
00019674  ti_sysbios_heaps_HeapMem_A_heapSize__C                               
00019678  ti_sysbios_heaps_HeapMem_A_invalidFree__C                            
0001967c  ti_sysbios_heaps_HeapMem_A_zeroBlock__C                              
00019680  ti_sysbios_heaps_HeapMem_E_memory__C                                 
00019684  ti_sysbios_heaps_HeapMem_Module__diagsEnabled__C                     
00019688  ti_sysbios_heaps_HeapMem_Module__diagsIncluded__C                    
0001968c  ti_sysbios_heaps_HeapMem_Module__diagsMask__C                        
00019690  ti_sysbios_heaps_HeapMem_Module__gateObj__C                          
00019694  ti_sysbios_heaps_HeapMem_Object__count__C                            
00019698  ti_sysbios_heaps_HeapMem_reqAlign__C                                 
0001969c  ti_sysbios_knl_Clock_A_badThreadType__C                              
000196a0  ti_sysbios_knl_Clock_Module_State_clockQ__O                          
000196a4  ti_sysbios_knl_Clock_Module__diagsEnabled__C                         
000196a8  ti_sysbios_knl_Clock_Module__diagsIncluded__C                        
000196ac  ti_sysbios_knl_Clock_Module__diagsMask__C                            
000196b0  ti_sysbios_knl_Clock_tickPeriod__C                                   
000196b4  ti_sysbios_knl_Idle_funcList__A                                      
000196b8  ti_sysbios_knl_Semaphore_A_badContext__C                             
000196bc  ti_sysbios_knl_Semaphore_A_noEvents__C                               
000196c0  ti_sysbios_knl_Semaphore_A_overflow__C                               
000196c4  ti_sysbios_knl_Semaphore_A_pendTaskDisabled__C                       
000196c8  ti_sysbios_knl_Semaphore_Instance_State_pendQ__O                     
000196cc  ti_sysbios_knl_Semaphore_Module__diagsEnabled__C                     
000196d0  ti_sysbios_knl_Semaphore_Module__diagsIncluded__C                    
000196d4  ti_sysbios_knl_Semaphore_Module__diagsMask__C                        
000196d8  ti_sysbios_knl_Swi_Object__count__C                                  
000196dc  ti_sysbios_knl_Task_A_badPriority__C                                 
000196e0  ti_sysbios_knl_Task_A_badTaskState__C                                
000196e4  ti_sysbios_knl_Task_A_badThreadType__C                               
000196e8  ti_sysbios_knl_Task_A_badTimeout__C                                  
000196ec  ti_sysbios_knl_Task_A_noPendElem__C                                  
000196f0  ti_sysbios_knl_Task_A_sleepTaskDisabled__C                           
000196f4  ti_sysbios_knl_Task_E_spOutOfBounds__C                               
000196f8  ti_sysbios_knl_Task_E_stackOverflow__C                               
000196fc  ti_sysbios_knl_Task_Module_State_inactiveQ__O                        
00019700  ti_sysbios_knl_Task_Module__diagsEnabled__C                          
00019704  ti_sysbios_knl_Task_Module__diagsIncluded__C                         
00019708  ti_sysbios_knl_Task_Module__diagsMask__C                             
0001970c  ti_sysbios_knl_Task_Object__count__C                                 
00019710  ti_sysbios_knl_Task_allBlockedFunc__C                                
00019714  ti_sysbios_knl_Task_defaultStackHeap__C                              
00019718  ti_sysbios_knl_Task_defaultStackSize__C                              
0001971c  ti_sysbios_knl_Task_numConstructedTasks__C                           
00019724  xdc_runtime_Assert_E_assertFailed__C                                 
00019728  xdc_runtime_Core_A_initializedParams__C                              
0001972c  xdc_runtime_Core_Module__diagsEnabled__C                             
00019730  xdc_runtime_Core_Module__diagsIncluded__C                            
00019734  xdc_runtime_Core_Module__diagsMask__C                                
00019738  xdc_runtime_Error_E_memory__C                                        
0001973c  xdc_runtime_Error_Module__diagsEnabled__C                            
00019740  xdc_runtime_Error_Module__diagsIncluded__C                           
00019744  xdc_runtime_Error_Module__diagsMask__C                               
00019748  xdc_runtime_Error_Module__loggerFxn8__C                              
0001974c  xdc_runtime_Error_Module__loggerObj__C                               
00019750  xdc_runtime_Error_policyFxn__C                                       
00019754  xdc_runtime_Error_raiseHook__C                                       
00019758  xdc_runtime_IGateProvider_Interface__BASE__C                         
0001975c  xdc_runtime_IHeap_Interface__BASE__C                                 
00019760  xdc_runtime_IModule_Interface__BASE__C                               
00019764  xdc_runtime_Log_L_error__C                                           
00019768  xdc_runtime_Memory_defaultHeapInstance__C                            
0001976c  xdc_runtime_Startup_execImpl__C                                      
00019770  xdc_runtime_Startup_lastFxns__A                                      
00019774  xdc_runtime_Startup_maxPasses__C                                     
00019778  xdc_runtime_Startup_sfxnRts__C                                       
0001977c  xdc_runtime_Startup_sfxnTab__C                                       
00019780  xdc_runtime_SysMin_bufSize__C                                        
00019784  xdc_runtime_SysMin_outputFunc__C                                     
00019788  xdc_runtime_System_Module__gateObj__C                                
0001978c  xdc_runtime_System_abortFxn__C                                       
00019790  xdc_runtime_System_exitFxn__C                                        
00019794  xdc_runtime_System_extendFxn__C                                      
00019798  xdc_runtime_System_maxAtexitHandlers__C                              
0001979c  xdc_runtime_Text_charTab__C                                          
000197a0  xdc_runtime_Text_nameEmpty__C                                        
000197a4  xdc_runtime_Text_nameStatic__C                                       
000197a8  xdc_runtime_Text_nameUnknown__C                                      
000197ac  xdc_runtime_Text_nodeTab__C                                          
000197b0  xdc_runtime_Text_visitRopeFxn__C                                     
000197b4  ti_sysbios_family_arm_m3_Hwi_Module__id__C                           
000197b6  ti_sysbios_gates_GateMutex_Module__id__C                             
000197b8  ti_sysbios_hal_Hwi_Module__id__C                                     
000197ba  ti_sysbios_heaps_HeapMem_Module__id__C                               
000197bc  ti_sysbios_knl_Clock_Module__id__C                                   
000197be  ti_sysbios_knl_Semaphore_Module__id__C                               
000197c0  ti_sysbios_knl_Task_Module__id__C                                    
000197c2  xdc_runtime_Core_Module__id__C                                       
000197c4  xdc_runtime_Error_Module__loggerDefined__C                           
000197c6  xdc_runtime_Error_maxDepth__C                                        
000197c8  xdc_runtime_Memory_Module__id__C                                     
000197ca  xdc_runtime_SysMin_flushAtExit__C                                    
000197cc  xdc_runtime_Text_charCnt__C                                          
000197ce  xdc_runtime_Text_isLoaded__C                                         
000197d0  xdc_runtime_Text_registryModsLastId__C                               
000197d2  xdc_runtime_Text_unnamedModsLastId__C                                
000197d8  __TI_static_base__                                                   
00019ed0  __TI_Handler_Table_Base                                              
00019edc  __TI_Handler_Table_Limit                                             
00019ef0  __TI_CINIT_Base                                                      
00019f08  __TI_CINIT_Limit                                                     
20000000  __start___llvm_prf_cnts                                              
20000000  __stop___llvm_prf_cnts                                               
20000000  ti_sysbios_family_arm_m3_Hwi_ramVectors                              
20000400  psDMAControlTable                                                    
20000800  task0Stack                                                           
20000c00  ti_sysbios_heaps_HeapMem_Instance_State_0_buf__A                     
20001000  ti_sysbios_family_arm_m3_Hwi_dispatchTable                           
20001360  ti_sysbios_knl_Task_Instance_State_0_stack__A                        
200016a0  __CIOBUF_                                                            
200017c0  i2cTivaObjects                                                       
200018c0  uartTivaObjects                                                      
20001a1c  xdc_runtime_SysMin_Module_State_0_outbuf__A                          
20001a9c  task0Struct                                                          
20001aec  sContext                                                             
20001b38  tempc                                                                
20001b58  uartTivaRingBuffer                                                   
20001b78  datetime                                                             
20001bb8  parmbuf                                                              
20001bc0  sRect                                                                
20001bc8  g_pi32ParmSet                                                        
20001bd0  g_ui32ButtonState                                                    
20001bd4  g_ui32Panel                                                          
20001bdc  timerclock                                                           
20001be0  uart                                                                 
20001be4  g_i16TouchX                                                          
20001be6  g_i16TouchY                                                          
20001be8  g_psPushButtonIndicators                                             
20001e68  g_psSliders                                                          
20002090  g_psPanels                                                           
20002290  g_psPushButtons                                                      
20002470  g_psRadioButtonIndicators                                            
200025f0  g_psCheckBoxIndicators                                               
200026b0  g_psCheckBoxes                                                       
20002770  g_psRadioButtons1                                                    
20002830  g_psRadioButtons2                                                    
200028f0  ti_sysbios_family_arm_lm4_Timer_Object__table__V                     
20002970  ti_sysbios_knl_Swi_Module_State_0_readyQ__A                          
200029f0  ti_sysbios_knl_Task_Module_State_0_readyQ__A                         
20002a70  g_psRadioContainers                                                  
20002ae0  g_sNext                                                              
20002b30  g_sPrevious                                                          
20002b80  ti_sysbios_knl_Task_Object__table__V                                 
20002bcc  ti_sysbios_family_arm_m3_Hwi_Object__table__V                        
20002c14  ti_sysbios_knl_Task_Module__state__V                                 
20002c58  g_sCanvas1                                                           
20002c98  g_sCanvas2                                                           
20002cd8  g_sCanvas3                                                           
20002d18  g_sIntroduction                                                      
20002d58  g_sPrimitives                                                        
20002d98  g_sSliderValueCanvas                                                 
20002dd8  g_sTitle                                                             
20002e18  ti_sysbios_family_arm_lm4_Timer_Module_State_0_device__A             
20002e58  ti_sysbios_hal_SecondsClock_Module__state__V                         
20002e94  g_sContainer1                                                        
20002ecc  g_sContainer2                                                        
20002f04  g_sContainer3                                                        
20002f3c  ti_sysbios_gates_GateMutex_Object__table__V                          
20002f74  ti_sysbios_family_arm_m3_Hwi_Module__state__V                        
20002fa8  ti_sysbios_knl_Swi_Object__table__V                                  
20002fd8  g_sRoot                                                              
20003006  ti_sysbios_family_arm_m3_Hwi_Module_State_0_excActive__A             
20003008  ti_sysbios_knl_Clock_Module__state__V                                
20003034  g_pcPanei32Names                                                     
20003058  ti_sysbios_BIOS_Module__state__V                                     
2000307c  ti_sysbios_family_arm_lm4_Timer_Module_State_0_handles__A            
2000309c  gpioPinConfigs                                                       
200030b8  ti_sysbios_knl_Swi_Module__state__V                                  
200030d4  ti_sysbios_heaps_HeapMem_Object__table__V                            
200030ec  ti_sysbios_family_arm_lm4_Timer_Module__state__V                     
200030f8  xdc_runtime_SysMin_Module__state__V                                  
20003104  _lock                                                                
20003108  _unlock                                                              
2000310c  gpioCallbackFunctions                                                
20003114  ti_sysbios_family_arm_lm4_Timer_Module__root__V                      
2000311c  ti_sysbios_family_arm_lm4_TimestampProvider_Module__state__V         
20003124  ti_sysbios_family_arm_m3_Hwi_Module__root__V                         
2000312c  ti_sysbios_gates_GateHwi_Module__root__V                             
20003134  ti_sysbios_gates_GateMutex_Module__root__V                           
2000313c  ti_sysbios_hal_Timer_Module__root__V                                 
20003144  ti_sysbios_heaps_HeapMem_Module__root__V                             
2000314c  ti_sysbios_knl_Clock_Module__root__V                                 
20003154  ti_sysbios_knl_Queue_Module__root__V                                 
2000315c  ti_sysbios_knl_Semaphore_Module__root__V                             
20003164  ti_sysbios_knl_Task_Module__root__V                                  
2000316c  xdc_runtime_Registry_Module__state__V                                
20003174  xdc_runtime_Startup_Module__state__V                                 
2000317c  xdc_runtime_System_Module_State_0_atexitHandlers__A                  
20003184  xdc_runtime_System_Module__state__V                                  
20003192  xdc_runtime_Error_Module__state__V                                   
2000319c  motorStartStop                                                       
2000319d  HA                                                                   
2000319e  HB                                                                   
2000319f  HC                                                                   
200031a0  errno                                                                
200031a4  main_func_sp                                                         
200031a8  ti_sysbios_family_arm_m3_Hwi_Module_State_0_excContext__A            
200031ac  ti_sysbios_family_arm_m3_Hwi_Module_State_0_excStack__A              
200031b0  ti_sysbios_gates_GateHwi_Object__table__V                            
200031b4  ti_sysbios_knl_Task_Module_State_0_idleTask__A                       
200031b8  g_i16TouchMin                                                        
200031bc  xdc_runtime_Memory_Module__state__V                                  
200031c0  __stack                                                              
200034c0  __STACK_END                                                          
e000e000  ti_sysbios_family_arm_m3_Hwi_nvic                                    
ffffffff  __TI_pprof_out_hndl                                                  
ffffffff  __TI_prof_data_size                                                  
ffffffff  __TI_prof_data_start                                                 
ffffffff  __binit__                                                            
ffffffff  __c_args__                                                           
ffffffff  binit                                                                
UNDEFED   SHT$$INIT_ARRAY$$Base                                                
UNDEFED   SHT$$INIT_ARRAY$$Limit                                               

[874 symbols]
