******************************************************************************
                  TI ARM Linker PC v20.2.5                     
******************************************************************************
>> Linked Thu May 12 20:56:38 2022

OUTPUT FILE NAME:   <EGH456MotorProject.out>
ENTRY POINT SYMBOL: "_c_int00"  address: 0000c47d


MEMORY CONFIGURATION

         name            origin    length      used     unused   attr    fill
----------------------  --------  ---------  --------  --------  ----  --------
  FLASH                 00000000   00100000  0001bff6  000e400a  R  X
  SRAM                  20000000   00040000  00004620  0003b9e0  RW X


SEGMENT ALLOCATION MAP

run origin  load origin   length   init length attrs members
----------  ----------- ---------- ----------- ----- -------
00000000    00000000    0001c000   0001c000    r-x
  00000000    00000000    0000003c   0000003c    r-- .resetVecs
  00000040    00000040    0000f702   0000f702    r-x .text
  0000f748    0000f748    0000bfb0   0000bfb0    r-- .const
  0001b6f8    0001b6f8    00000908   00000908    r-- .cinit
20000000    20000000    00000360   00000000    rw-
  20000000    20000000    00000360   00000000    rw- .vecs
20000400    20000400    000042c8   00000000    rw-
  20000400    20000400    000024b4   00000000    rw- .bss
  200028b8    200028b8    00001b0c   00000000    rw- .data
  200043c8    200043c8    00000300   00000000    rw- .stack


SECTION ALLOCATION MAP

 output                                  attributes/
section   page    origin      length       input sections
--------  ----  ----------  ----------   ----------------
.text      0    00000040    0000f702     
                  00000040    00000a4e     rtsv7M4_T_le_v4SPD16_eabi.lib : _printfi.c.obj (.text:__TI_printfi)
                  00000a8e    00000002                                   : _lock.c.obj (.text:_nop)
                  00000a90    000006ac     MotorLib.lib : motorlib.obj (.text)
                  0000113c    00000438     ustdlib.obj (.text:uvsnprintf)
                  00001574    00000004     driverlib.lib : i2c.obj (.text:I2CMasterControl)
                  00001578    00000430     sysbios.aem4f : BIOS.obj (.text:ti_sysbios_family_arm_m3_Hwi_excDumpRegs__I)
                  000019a8    00000378     empty.obj (.text:MotorPage)
                  00001d20    00000374     empty.obj (.text:GraphPrimitive)
                  00002094    00000374     grlib.lib : image.obj (.text:InternalImageDraw)
                  00002408    0000034c     ti.targets.arm.rtsarm.aem4f : System.oem4f (.text:xdc_runtime_System_doPrint__I)
                  00002754    000002f8     grlib.lib : image.obj (.text:PixelTransparentDraw)
                  00002a4c    000002d8     empty.obj (.text:SensorPage)
                  00002d24    000002c6     grlib.lib : slider.obj (.text:SliderPaint)
                  00002fea    00000002     rtsv7M4_T_le_v4SPD16_eabi.lib : div0.asm.obj (.text)
                  00002fec    000002b0     Clock.obj (.text:timeConvert)
                  0000329c    00000004     driverlib.lib : i2c.obj (.text:I2CMasterDataGet)
                  000032a0    000002a4     sysbios.aem4f : BIOS.obj (.text:ti_sysbios_knl_Semaphore_pend__E)
                  00003544    000002a0     GlobalDraw.obj (.text:TopBarDraw)
                  000037e4    00000278     empty.obj (.text:OnPrimitivePaint)
                  00003a5c    00000270     rtsv7M4_T_le_v4SPD16_eabi.lib : _printfi.c.obj (.text:_pconv_a)
                  00003ccc    00000004     driverlib.lib : i2c.obj (.text:I2CMasterDataPut)
                  00003cd0    0000026c     sysbios.aem4f : BIOS.obj (.text:ti_sysbios_heaps_HeapMem_free__E)
                  00003f3c    00000268     touch.obj (.text:TouchScreenDebouncer)
                  000041a4    00000254     grlib.lib : string.obj (.text:GrFontGlyphRender)
                  000043f8    00000250     sysbios.aem4f : BIOS.obj (.text:ti_sysbios_heaps_HeapMem_alloc__E)
                  00004648    00000234                   : BIOS.obj (.text:ti_sysbios_knl_Task_Instance_finalize__E)
                  0000487c    00000228     empty.obj (.text:OnIntroPaint)
                  00004aa4    00000004     driverlib.lib : uart.obj (.text:UARTIntClear)
                  00004aa8    0000021c     sysbios.aem4f : BIOS.obj (.text:ti_sysbios_family_arm_lm4_Timer_Instance_init__E)
                  00004cc4    0000020e     grlib.lib : checkbox.obj (.text:CheckBoxPaint)
                  00004ed2    00000002     empty_pem4f.oem4f (.text:ti_sysbios_BIOS_nullFunc__I)
                  00004ed4    0000020c     drivers_tivaware.aem4f : UARTTiva.oem4f (.text:UARTTiva_open)
                  000050e0    00000208     grlib.lib : circle.obj (.text:GrCircleDraw)
                  000052e8    00000204     Boot.aem4f : Boot_sysctl.oem4f (.text:ti_catalog_arm_cortexm4_tiva_ce_Boot_sysCtlClockFreqSetI__I)
                  000054ec    00000004     grlib.lib : widget.obj (.text:WidgetDefaultMsgProc)
                  000054f0    000001f4     sysbios.aem4f : BIOS.obj (.text:ti_sysbios_family_arm_m3_Hwi_excHandlerMax__I)
                  000056e4    000001e4     Kentec320x240x16_ssd2119_spi.obj (.text:Kentec320x240x16_SSD2119Init)
                  000058c8    000001dc     Kentec320x240x16_ssd2119_spi.obj (.text:Kentec320x240x16_SSD2119PixelDrawMultiple)
                  00005aa4    000001d0     rtsv7M4_T_le_v4SPD16_eabi.lib : _printfi.c.obj (.text:_pconv_g)
                  00005c74    00000004                                   : exit.c.obj (.text:abort:abort)
                  00005c78    000001c8     sysbios.aem4f : BIOS.obj (.text:ti_sysbios_knl_Task_sleep__E)
                  00005e40    000001c0                   : BIOS.obj (.text:ti_sysbios_knl_Task_Instance_init__E)
                  00006000    000001b6     grlib.lib : radiobutton.obj (.text:RadioButtonPaint)
                  000061b6    000001b6     rtsv7M4_T_le_v4SPD16_eabi.lib : fd_add_t2.asm.obj (.text)
                  0000636c    00000190     grlib.lib : canvas.obj (.text:CanvasPaint)
                  000064fc    00000184     empty.obj (.text:UpdateGraphPlot)
                  00006680    0000017e     grlib.lib : pushbutton.obj (.text:RectangularButtonPaint)
                  000067fe    00000002     empty_pem4f.oem4f (.text:xdc_runtime_Startup_reset__I)
                  00006800    0000017c     empty.obj (.text:heartBeatFxn)
                  0000697c    0000017c     empty.obj (.text:main)
                  00006af8    00000178     touch.obj (.text:TouchScreenIntHandler)
                  00006c70    00000174     sysbios.aem4f : BIOS.obj (.text:ti_sysbios_family_arm_m3_Hwi_excBusFault__I)
                  00006de4    00000170     drivers_tivaware.aem4f : PWMTiva.oem4f (.text:PWMTiva_open)
                  00006f54    00000004     empty_pem4f.oem4f (.text:ti_sysbios_BIOS_RtsGateProxy_enter__E)
                  00006f58    00000164     sysbios.aem4f : BIOS.obj (.text:ti_sysbios_family_arm_m3_Hwi_excUsageFault__I)
                  000070bc    00000154     grlib.lib : container.obj (.text:ContainerPaint)
                  00007210    00000150     drivers_tivaware.aem4f : GPIOTiva.oem4f (.text:GPIO_setConfig)
                  00007360    00000148     sysbios.aem4f : BIOS.obj (.text:ti_sysbios_family_arm_m3_Hwi_excMemFault__I)
                  000074a8    00000144     grlib.lib : circle.obj (.text:GrCircleFill)
                  000075ec    0000013c     rtsv7M4_T_le_v4SPD16_eabi.lib : _printfi.c.obj (.text:_pconv_e)
                  00007728    0000013c     sysbios.aem4f : BIOS.obj (.text:ti_sysbios_heaps_HeapMem_Instance_init__E)
                  00007864    00000136     rtsv7M4_T_le_v4SPD16_eabi.lib : fd_div_t2.asm.obj (.text)
                  0000799a    00000002     --HOLE-- [fill = 0]
                  0000799c    00000130     GlobalDraw.obj (.text:BannerInit)
                  00007acc    00000130     driverlib.lib : gpio.obj (.text:GPIOPadConfigSet)
                  00007bfc    00000124     rtsv7M4_T_le_v4SPD16_eabi.lib : _printfi.c.obj (.text:fcvt)
                  00007d20    00000118     ti.targets.arm.rtsarm.aem4f : Error.oem4f (.text:xdc_runtime_Error_policyDefault__E)
                  00007e38    00000114     drivers_tivaware.aem4f : PWMTimerTiva.oem4f (.text:PWMTimerTiva_open)
                  00007f4c    00000110     rtsv7M4_T_le_v4SPD16_eabi.lib : s_scalbn.c.obj (.text:scalbn)
                  0000805c    0000010c     Kentec320x240x16_ssd2119_spi.obj (.text:Kentec320x240x16_SSD2119RectFill)
                  00008168    0000010c     touch.obj (.text:TouchScreenInit)
                  00008274    00000004     empty_pem4f.oem4f (.text:ti_sysbios_BIOS_RtsGateProxy_leave__E)
                  00008278    00000108     sysbios.aem4f : BIOS.obj (.text:ti_sysbios_family_arm_lm4_Timer_start__E)
                  00008380    00000108                   : BIOS.obj (.text:ti_sysbios_knl_Clock_Instance_init__E)
                  00008488    00000106     grlib.lib : line.obj (.text:GrLineDraw)
                  0000858e    00000002     --HOLE-- [fill = 0]
                  00008590    00000100     ti.targets.arm.rtsarm.aem4f : Core-mem.oem4f (.text:xdc_runtime_Core_createObject__I)
                  00008690    000000fc     rtsv7M4_T_le_v4SPD16_eabi.lib : fd_mul_t2.asm.obj (.text)
                  0000878c    000000f8                                   : s_floor.c.obj (.text:floor)
                  00008884    000000f8     ti.targets.arm.rtsarm.aem4f : Startup.oem4f (.text:xdc_runtime_Startup_startMods__I)
                  0000897c    000000f8     empty_pem4f.oem4f (.text:xdc_runtime_System_printfExtend__I)
                  00008a74    000000f4     sysbios.aem4f : m3_Hwi_asm.obj (.text:ti_sysbios_family_arm_m3_Hwi_dispatch__I)
                  00008b68    000000f2     grlib.lib : pushbutton.obj (.text:RectangularButtonClick)
                  00008c5a    000000f0     drivers_tivaware.aem4f : PWMTiva.oem4f (.text:PWMTiva_setDuty)
                  00008d4a    00000006     driverlib.lib : gpio.obj (.text:GPIOIntClear)
                  00008d50    000000ec     sysbios.aem4f : BIOS.obj (.text:ti_sysbios_knl_Semaphore_post__E)
                  00008e3c    000000e8     grlib.lib : widget.obj (.text:WidgetMessageQueueAdd)
                  00008f24    000000e0     drivers_tivaware.aem4f : I2CTiva.oem4f (.text:I2CTiva_open)
                  00009004    000000d8     empty.obj (.text:graphSelectPage)
                  000090dc    000000d6     drivers_tivaware.aem4f : I2CTiva.oem4f (.text:I2CTiva_hwiFxn)
                  000091b2    000000d6     grlib.lib : slider.obj (.text:SliderClick)
                  00009288    000000cc     ti.targets.arm.rtsarm.aem4f : Core-smem.oem4f (.text:xdc_runtime_Core_constructObject__I)
                  00009354    000000c0     grlib.lib : string.obj (.text:GrDefaultStringRenderer)
                  00009414    00000004     sysbios.aem4f : BIOS.obj (.text:ti_sysbios_family_arm_lm4_Timer_masterEnable__I)
                  00009418    000000bc                   : BIOS.obj (.text:ti_sysbios_family_arm_m3_Hwi_excDebugMon__I)
                  000094d4    00000004     empty_pem4f.oem4f (.text:ti_sysbios_family_arm_m3_Hwi_delete)
                  000094d8    000000bc     sysbios.aem4f : BIOS.obj (.text:ti_sysbios_family_arm_m3_Hwi_excHardFault__I)
                  00009594    000000b8     EK_TM4C1294XL.obj (.text:EK_TM4C1294XL_initGeneral)
                  0000964c    000000b8     grlib.lib : line.obj (.text:GrLineClip)
                  00009704    000000b8     Kentec320x240x16_ssd2119_spi.obj (.text:InitSPILCDInterface)
                  000097bc    000000b8     empty.obj (.text:MainPage)
                  00009874    000000b8     drivers_tivaware.aem4f : PWMTimerTiva.oem4f (.text:PWMTimerTiva_setDuty)
                  0000992c    000000b4     empty.obj (.text:OnCanvasPaint)
                  000099e0    000000b4     empty.obj (.text:OnRadioChange)
                  00009a94    000000b4     empty.obj (.text:OnSliderChange)
                  00009b48    000000b4     grlib.lib : widget.obj (.text:WidgetMessageSendPostOrder)
                  00009bfc    00000004     empty_pem4f.oem4f (.text:ti_sysbios_family_arm_m3_Hwi_destruct)
                  00009c00    000000b4     sysbios.aem4f : BIOS.obj (.text:ti_sysbios_gates_GateMutex_enter__E)
                  00009cb4    00000004     empty_pem4f.oem4f (.text:ti_sysbios_family_arm_m3_TaskSupport_Module__startupDone__S)
                  00009cb8    000000b4     sysbios.aem4f : BIOS.obj (.text:ti_sysbios_knl_Task_checkStacks__E)
                  00009d6c    000000b1     rtsv7M4_T_le_v4SPD16_eabi.lib : _printfi.c.obj (.text:_ltostr)
                  00009e1d    00000001     --HOLE-- [fill = 0]
                  00009e1e    000000b0     grlib.lib : slider.obj (.text:SliderValueToPosition)
                  00009ece    000000ac     drivers_tivaware.aem4f : UARTTiva.oem4f (.text:readTaskBlocking)
                  00009f7a    00000006     driverlib.lib : gpio.obj (.text:GPIOPinRead)
                  00009f80    000000ac     sysbios.aem4f : BIOS.obj (.text:ti_sysbios_family_arm_lm4_Timer_enableTiva__I)
                  0000a02c    00000004     empty_pem4f.oem4f (.text:ti_sysbios_hal_Timer_TimerProxy_delete)
                  0000a030    000000a4     sysbios.aem4f : BIOS.obj (.text:ti_sysbios_knl_Clock_Instance_finalize__E)
                  0000a0d4    000000a0     auto_init.aem4f : auto_init.oem4f (.text)
                  0000a174    000000a0     ti.targets.arm.rtsarm.aem4f : Text.oem4f (.text:xdc_runtime_Text_putMod__E)
                  0000a214    0000009c     rtsv7M4_T_le_v4SPD16_eabi.lib : memcpy_t2.asm.obj (.text)
                  0000a2b0    0000009c     sysbios.aem4f : BIOS.obj (.text:ti_sysbios_knl_Semaphore_Instance_init__E)
                  0000a34c    0000009a     ti.targets.arm.rtsarm.aem4f : Text.oem4f (.text:xdc_runtime_Text_putSite__E)
                  0000a3e6    00000098     drivers_tivaware.aem4f : UARTTiva.oem4f (.text:UARTTiva_readPolling)
                  0000a47e    00000002     --HOLE-- [fill = 0]
                  0000a480    00000098     Boot.aem4f : Boot.oem4f (.text:ti_catalog_arm_cortexm4_tiva_ce_Boot_sysCtlClockFreqSet__E)
                  0000a518    00000096     rtsv7M4_T_le_v4SPD16_eabi.lib : ull_div_t2.asm.obj (.text)
                  0000a5ae    00000094     drivers_tivaware.aem4f : UARTTiva.oem4f (.text:UARTTiva_write)
                  0000a642    00000006     driverlib.lib : gpio.obj (.text:GPIOPinWrite)
                  0000a648    00000094     sysbios.aem4f : BIOS.obj (.text:ti_sysbios_family_arm_m3_Hwi_Instance_init__E)
                  0000a6dc    00000004     empty_pem4f.oem4f (.text:ti_sysbios_heaps_HeapMem_Module_GateProxy_enter__E)
                  0000a6e0    00000094     sysbios.aem4f : BIOS.obj (.text:ti_sysbios_family_arm_m3_Hwi_initNVIC__E)
                  0000a774    00000004     empty_pem4f.oem4f (.text:ti_sysbios_heaps_HeapMem_Module_GateProxy_leave__E)
                  0000a778    00000094     sysbios.aem4f : BIOS.obj (.text:ti_sysbios_knl_Task_postInit__I)
                  0000a80c    00000090     grlib.lib : radiobutton.obj (.text:RadioButtonClick)
                  0000a89c    0000008c     drivers_tivaware.aem4f : GPIOTiva.oem4f (.text:GPIO_init)
                  0000a928    0000008c                            : UARTTiva.oem4f (.text:UARTTiva_control)
                  0000a9b4    0000008c     sysbios.aem4f : m3_TaskSupport_asm.obj (.text:ti_sysbios_family_arm_m3_TaskSupport_buildTaskStack)
                  0000aa40    0000008c                   : BIOS.obj (.text:ti_sysbios_hal_SecondsClock_Module_startup__E)
                  0000aacc    0000008a     drivers_tivaware.aem4f : UARTTiva.oem4f (.text:readIsrTextBlocking)
                  0000ab56    00000002     --HOLE-- [fill = 0]
                  0000ab58    00000088                            : PWMTiva.oem4f (.text:PWMTiva_control)
                  0000abe0    00000086     grlib.lib : rectangle.obj (.text:GrRectFill)
                  0000ac66    00000086     rtsv7M4_T_le_v4SPD16_eabi.lib : fd_cmp_t2.asm.obj (.text:__aeabi_cdcmple)
                  0000acec    00000086                                   : fd_cmp_t2.asm.obj (.text:__aeabi_cdrcmple)
                  0000ad72    00000084     empty.obj (.text:ArrayUpdate)
                  0000adf6    00000002     --HOLE-- [fill = 0]
                  0000adf8    00000084     sysbios.aem4f : BIOS.obj (.text:ti_sysbios_family_arm_m3_Hwi_postInit__I)
                  0000ae7c    00000082     drivers_tivaware.aem4f : UARTTiva.oem4f (.text:readIsrTextCallback)
                  0000aefe    00000080     grlib.lib : rectangle.obj (.text:GrRectIntersectGet)
                  0000af7e    00000002     --HOLE-- [fill = 0]
                  0000af80    00000080     empty.obj (.text:OnCheckChange)
                  0000b000    0000007e     drivers_tivaware.aem4f : I2CTiva.oem4f (.text:I2CTiva_transfer)
                  0000b07e    00000002     --HOLE-- [fill = 0]
                  0000b080    0000007c     sysbios.aem4f : BIOS.obj (.text:ti_sysbios_family_arm_lm4_Timer_disableTiva__I)
                  0000b0fc    0000007a     driverlib.lib : adc.obj (.text:ADCSequenceStepConfigure)
                  0000b176    0000007a     drivers_tivaware.aem4f : UARTTiva.oem4f (.text:readTaskCallback)
                  0000b1f0    0000007a     rtsv7M4_T_le_v4SPD16_eabi.lib : memset_t2.asm.obj (.text)
                  0000b26a    00000006     grlib.lib : string.obj (.text:GrContextFontSet)
                  0000b270    00000074     sysbios.aem4f : BIOS.obj (.text:ti_sysbios_knl_Clock_start__E)
                  0000b2e4    00000070     empty.obj (.text:GraphPage)
                  0000b354    00000004     empty_pem4f.oem4f (.text:ti_sysbios_knl_Clock_TimerProxy_getFreq__E)
                  0000b358    00000070     sysbios.aem4f : BIOS.obj (.text:ti_sysbios_knl_Clock_workFunc__E)
                  0000b3c8    00000070                   : BIOS.obj (.text:ti_sysbios_knl_Task_exit__E)
                  0000b438    0000006e     rtsv7M4_T_le_v4SPD16_eabi.lib : _printfi.c.obj (.text:_mcpy)
                  0000b4a6    00000002     --HOLE-- [fill = 0]
                  0000b4a8    0000006d     ti.targets.arm.rtsarm.aem4f : System.oem4f (.text:xdc_runtime_System_formatNum__I)
                  0000b515    00000003     --HOLE-- [fill = 0]
                  0000b518    0000006c     empty.obj (.text:CalcAvg)
                  0000b584    0000006c     drivers_tivaware.aem4f : PWMTimerTiva.oem4f (.text:PWMTimerTiva_control)
                  0000b5f0    0000006c     empty_pem4f.oem4f (.text:ti_sysbios_family_arm_lm4_Timer_Object__create__S)
                  0000b65c    00000004     empty_pem4f.oem4f (.text:ti_sysbios_knl_Clock_TimerProxy_getMaxTicks__E)
                  0000b660    0000006c     sysbios.aem4f : BIOS.obj (.text:ti_sysbios_knl_Swi_restoreHwi__E)
                  0000b6cc    0000006c     drivers_tivaware.aem4f : UARTTiva.oem4f (.text:writeData)
                  0000b738    0000006c     ti.targets.arm.rtsarm.aem4f : Error.oem4f (.text:xdc_runtime_Error_print__E)
                  0000b7a4    0000006c                                 : Memory.oem4f (.text:xdc_runtime_Memory_alloc__E)
                  0000b810    0000006a     drivers_tivaware.aem4f : PWMTiva.oem4f (.text:PWMTiva_close)
                  0000b87a    00000002     --HOLE-- [fill = 0]
                  0000b87c    00000068     EK_TM4C1294XL.obj (.text:EK_TM4C1294XL_initI2C)
                  0000b8e4    00000068     grlib.lib : context.obj (.text:GrContextInit)
                  0000b94c    00000068               : string.obj (.text:GrStringWidthGet)
                  0000b9b4    00000068     driverlib.lib : interrupt.obj (.text:IntEnable)
                  0000ba1c    00000068     Kentec320x240x16_ssd2119_spi.obj (.text:Kentec320x240x16_SSD2119LineDrawH)
                  0000ba84    00000068     Kentec320x240x16_ssd2119_spi.obj (.text:Kentec320x240x16_SSD2119LineDrawV)
                  0000baec    00000068     rtsv7M4_T_le_v4SPD16_eabi.lib : copy_decompress_lzss.c.obj (.text:decompress:lzss:__TI_decompress_lzss)
                  0000bb54    00000066     grlib.lib : context.obj (.text:GrContextClipRegionSet)
                  0000bbba    00000066               : rectangle.obj (.text:GrRectDraw)
                  0000bc20    00000066     ti.targets.arm.rtsarm.aem4f : Core-mem.oem4f (.text:xdc_runtime_Core_deleteObject__I)
                  0000bc86    00000002     --HOLE-- [fill = 0]
                  0000bc88    00000064     drivers_tivaware.aem4f : GPIOTiva.oem4f (.text:GPIO_hwiIntFxn)
                  0000bcec    00000064     grlib.lib : widget.obj (.text:WidgetMessageQueueProcess)
                  0000bd50    00000064     rtsv7M4_T_le_v4SPD16_eabi.lib : s_frexp.c.obj (.text:frexp)
                  0000bdb4    00000004     empty_pem4f.oem4f (.text:ti_sysbios_knl_Clock_TimerProxy_getPeriod__E)
                  0000bdb8    00000064     sysbios.aem4f : BIOS.obj (.text:ti_sysbios_family_arm_lm4_Timer_Module_startup__E)
                  0000be1c    00000064     empty_pem4f.oem4f (.text:ti_sysbios_family_arm_m3_Hwi_create)
                  0000be80    00000064     sysbios.aem4f : BIOS.obj (.text:ti_sysbios_family_arm_m3_Hwi_dispatchC__I)
                  0000bee4    00000064     empty_pem4f.oem4f (.text:ti_sysbios_hal_Timer_create)
                  0000bf48    00000064     Clock.obj (.text:timer1sec)
                  0000bfac    00000062     drivers_tivaware.aem4f : I2CTiva.oem4f (.text:I2CTiva_primeTransfer)
                  0000c00e    00000002     --HOLE-- [fill = 0]
                  0000c010    00000060     driverlib.lib : timer.obj (.text:TimerConfigure)
                  0000c070    00000060     Kentec320x240x16_ssd2119_spi.obj (.text:WriteDataSPI)
                  0000c0d0    00000060     sysbios.aem4f : BIOS.obj (.text:ti_sysbios_knl_Task_schedule__I)
                  0000c130    0000005e     grlib.lib : widget.obj (.text:WidgetMessageSendPreOrder)
                  0000c18e    0000005e     drivers_tivaware.aem4f : UARTTiva.oem4f (.text:readIsrBinaryBlocking)
                  0000c1ec    0000005c     Kentec320x240x16_ssd2119_spi.obj (.text:WriteCommandSPI)
                  0000c248    0000005c     sysbios.aem4f : BIOS.obj (.text:ti_sysbios_knl_Swi_run__I)
                  0000c2a4    00000004     empty_pem4f.oem4f (.text:ti_sysbios_knl_Clock_destruct)
                  0000c2a8    0000005c     sysbios.aem4f : BIOS.obj (.text:ti_sysbios_knl_Swi_schedule__I)
                  0000c304    00000004     empty_pem4f.oem4f (.text:ti_sysbios_knl_Queue_destruct)
                  0000c308    0000005c     sysbios.aem4f : BIOS.obj (.text:ti_sysbios_knl_Task_Module_startup__E)
                  0000c364    00000004     empty_pem4f.oem4f (.text:ti_sysbios_knl_Semaphore_destruct)
                  0000c368    0000005c     sysbios.aem4f : BIOS.obj (.text:ti_sysbios_knl_Task_startCore__E)
                  0000c3c4    0000005b     ti.targets.arm.rtsarm.aem4f : Text.oem4f (.text:xdc_runtime_Text_putLab__E)
                  0000c41f    00000001     --HOLE-- [fill = 0]
                  0000c420    0000005a     grlib.lib : string.obj (.text:FontWideGlyphDataGet)
                  0000c47a    00000002     --HOLE-- [fill = 0]
                  0000c47c    00000058     boot.aem4f : boot.oem4f (.text)
                  0000c4d4    00000058     rtsv7M4_T_le_v4SPD16_eabi.lib : hostwrite.c.obj (.text:HOSTwrite)
                  0000c52c    00000058     grlib.lib : slider.obj (.text:SliderPositionToValue)
                  0000c584    00000058     driverlib.lib : timer.obj (.text:TimerControlTrigger)
                  0000c5dc    00000004     ti.targets.arm.rtsarm.aem4f : Error.oem4f (.text:xdc_runtime_Error_getSite__E)
                  0000c5e0    00000058     sysbios.aem4f : BIOS.obj (.text:ti_sysbios_family_arm_lm4_Timer_Instance_finalize__E)
                  0000c638    00000058     empty_pem4f.oem4f (.text:ti_sysbios_family_arm_m3_Hwi_construct)
                  0000c690    00000058     sysbios.aem4f : m3_Hwi_asm_switch.obj (.text:ti_sysbios_family_arm_m3_Hwi_initStacks__E)
                  0000c6e8    00000058     ustdlib.obj (.text:ustrncpy)
                  0000c740    00000056     driverlib.lib : gpio.obj (.text:GPIOIntTypeSet)
                  0000c796    00000056     rtsv7M4_T_le_v4SPD16_eabi.lib : _printfi.c.obj (.text:_pconv_f)
                  0000c7ec    00000054                                   : _ltoa.c.obj (.text:__TI_ltoa)
                  0000c840    00000054     drivers_tivaware.aem4f : UARTTiva.oem4f (.text:readIsrBinaryCallback)
                  0000c894    00000004     empty_pem4f.oem4f (.text:xdc_runtime_System_Module_GateProxy_enter__E)
                  0000c898    00000054     sysbios.aem4f : BIOS.obj (.text:ti_sysbios_family_arm_lm4_Timer_initDevice__I)
                  0000c8ec    00000054     empty_pem4f.oem4f (.text:ti_sysbios_knl_Task_construct)
                  0000c940    00000054     ti.targets.arm.rtsarm.aem4f : Assert.oem4f (.text:xdc_runtime_Assert_raise__I)
                  0000c994    00000052     rtsv7M4_T_le_v4SPD16_eabi.lib : _printfi.c.obj (.text:_ecpy)
                  0000c9e6    00000002     --HOLE-- [fill = 0]
                  0000c9e8    00000050     empty.obj (.text:BackMainMotorPage)
                  0000ca38    00000050     grlib.lib : checkbox.obj (.text:CheckBoxClick)
                  0000ca88    00000050     drivers_tivaware.aem4f : GPIOTiva.oem4f (.text:GPIO_setCallback)
                  0000cad8    00000050                            : GPIOTiva.oem4f (.text:GPIO_toggle)
                  0000cb28    00000050                            : GPIOTiva.oem4f (.text:GPIO_write)
                  0000cb78    00000050                            : UARTTiva.oem4f (.text:UARTTiva_writeCancel)
                  0000cbc8    00000050     Boot.aem4f : Boot_sysctl.oem4f (.text:_SysCtlFrequencyGet)
                  0000cc18    00000050     sysbios.aem4f : BIOS.obj (.text:ti_sysbios_family_arm_m3_Hwi_Module_startup__E)
                  0000cc68    00000050     ti.targets.arm.rtsarm.aem4f : Startup.oem4f (.text:xdc_runtime_Startup_exec__E)
                  0000ccb8    00000050                                 : Text.oem4f (.text:xdc_runtime_Text_visitRope2__I)
                  0000cd08    0000004c     drivers_tivaware.aem4f : UARTTiva.oem4f (.text:UARTTiva_close)
                  0000cd54    0000004c     grlib.lib : widget.obj (.text:WidgetRemove)
                  0000cda0    0000004c     rtsv7M4_T_le_v4SPD16_eabi.lib : atoi.c.obj (.text:atoi)
                  0000cdec    0000004c                                   : cpy_tbl.c.obj (.text:copy_in)
                  0000ce38    0000004c     sysbios.aem4f : BIOS.obj (.text:ti_sysbios_family_arm_lm4_Timer_setAvailMask__E)
                  0000ce84    00000004     empty_pem4f.oem4f (.text:xdc_runtime_System_Module_GateProxy_leave__E)
                  0000ce88    0000004c     sysbios.aem4f : BIOS.obj (.text:ti_sysbios_heaps_HeapMem_getStats__E)
                  0000ced4    00000004     ti.targets.arm.rtsarm.aem4f : System.oem4f (.text:xdc_runtime_System_aprintf_va__F)
                  0000ced8    0000004c     sysbios.aem4f : BIOS.obj (.text:ti_sysbios_knl_Swi_runLoop__I)
                  0000cf24    00000004     ti.targets.arm.rtsarm.aem4f : System.oem4f (.text:xdc_runtime_System_printf_va__F)
                  0000cf28    0000004c     sysbios.aem4f : BIOS.obj (.text:ti_sysbios_knl_Task_allBlockedFunction__I)
                  0000cf74    0000004a     drivers_tivaware.aem4f : PWMTimerTiva.oem4f (.text:PWMTimerTiva_close)
                  0000cfbe    0000004a     grlib.lib : string.obj (.text:UpdateContextCharMapping)
                  0000d008    00000048     driverlib.lib : gpio.obj (.text:GPIOPinConfigure)
                  0000d050    00000048                   : i2c.obj (.text:I2CMasterInitExpClk)
                  0000d098    00000048     rtsv7M4_T_le_v4SPD16_eabi.lib : fd_toi_t2.asm.obj (.text)
                  0000d0e0    00000048     sysbios.aem4f : BIOS.obj (.text:ti_sysbios_family_arm_lm4_Timer_enableTimers__I)
                  0000d128    00000048                   : BIOS.obj (.text:ti_sysbios_family_arm_m3_Hwi_disableInterrupt__E)
                  0000d170    00000048                   : BIOS.obj (.text:ti_sysbios_family_arm_m3_Hwi_enableInterrupt__E)
                  0000d1b8    00000048                   : BIOS.obj (.text:ti_sysbios_family_arm_m3_Hwi_excReserved__I)
                  0000d200    00000048                   : BIOS.obj (.text:ti_sysbios_hal_SecondsClock_increment__I)
                  0000d248    00000046     grlib.lib : line.obj (.text:GrLineDrawH)
                  0000d28e    00000046               : line.obj (.text:GrLineDrawV)
                  0000d2d4    00000046     Kentec320x240x16_ssd2119_spi.obj (.text:Kentec320x240x16_SSD2119PixelDraw)
                  0000d31a    00000046     drivers_tivaware.aem4f : RingBuf.oem4f (.text:RingBuf_put)
                  0000d360    00000046     UARTLocal.obj (.text:initUART)
                  0000d3a6    00000046     ti.targets.arm.rtsarm.aem4f : Core-params.oem4f (.text:xdc_runtime_Core_assignParams__I)
                  0000d3ec    00000004     --HOLE-- [fill = 0]
                  0000d3f0    00000044     sysbios.aem4f : BIOS.obj (.text:ti_sysbios_family_arm_lm4_Timer_isrStub__E)
                  0000d434    00000004     --HOLE-- [fill = 0]
                  0000d438    00000044                   : BIOS.obj (.text:ti_sysbios_family_arm_m3_Hwi_getStackInfo__E)
                  0000d47c    00000004     --HOLE-- [fill = 0]
                  0000d480    00000044                   : BIOS.obj (.text:ti_sysbios_knl_Swi_post__E)
                  0000d4c4    00000044     ti.targets.arm.rtsarm.aem4f : Error.oem4f (.text:xdc_runtime_Error_setX__E)
                  0000d508    00000044                                 : SysMin.oem4f (.text:xdc_runtime_SysMin_flush__E)
                  0000d54c    00000044                                 : Text.oem4f (.text:xdc_runtime_Text_xprintf__I)
                  0000d590    00000042     driverlib.lib : uart.obj (.text:UARTConfigSetExpClk)
                  0000d5d2    00000042     drivers_tivaware.aem4f : UARTTiva.oem4f (.text:UARTTiva_hwiIntFxn)
                  0000d614    00000042                            : UARTTiva.oem4f (.text:UARTTiva_writePolling)
                  0000d656    00000040                            : RingBuf.oem4f (.text:RingBuf_get)
                  0000d696    00000040                            : UARTTiva.oem4f (.text:UARTTiva_read)
                  0000d6d6    00000040     rtsv7M4_T_le_v4SPD16_eabi.lib : u_divt2.asm.obj (.text)
                  0000d716    00000002     --HOLE-- [fill = 0]
                  0000d718    00000040                                   : sprintf.c.obj (.text:sprintf)
                  0000d758    00000040     sysbios.aem4f : BIOS.obj (.text:ti_sysbios_family_arm_lm4_Timer_startup__E)
                  0000d798    00000040                   : BIOS.obj (.text:ti_sysbios_hal_SecondsClock_getTime__E)
                  0000d7d8    0000003e     driverlib.lib : adc.obj (.text:ADCSequenceConfigure)
                  0000d816    0000003e     rtsv7M4_T_le_v4SPD16_eabi.lib : _printfi.c.obj (.text:_fcpy)
                  0000d854    0000003c     empty.obj (.text:CalcNoRemainder)
                  0000d890    0000003c     driverlib.lib : ssi.obj (.text:SSIConfigSetExpClk)
                  0000d8cc    00000004     --HOLE-- [fill = 0]
                  0000d8d0    0000003c     sysbios.aem4f : BIOS.obj (.text:ti_sysbios_family_arm_m3_Hwi_excSvCall__I)
                  0000d90c    00000004     --HOLE-- [fill = 0]
                  0000d910    0000003c                   : BIOS.obj (.text:ti_sysbios_heaps_HeapMem_init__I)
                  0000d94c    00000004     --HOLE-- [fill = 0]
                  0000d950    0000003c                   : BIOS.obj (.text:ti_sysbios_knl_Swi_restore__E)
                  0000d98c    0000003a     grlib.lib : string.obj (.text:FontGlyphDataGet)
                  0000d9c6    0000003a     drivers_tivaware.aem4f : I2CTiva.oem4f (.text:I2CTiva_completeTransfer)
                  0000da00    00000038     grlib.lib : rectangle.obj (.text:GrRectOverlapCheck)
                  0000da38    00000038     drivers_tivaware.aem4f : I2C.oem4f (.text:I2C_init)
                  0000da70    00000038                            : PWM.oem4f (.text:PWM_init)
                  0000daa8    00000038     empty.obj (.text:RemoveGraphSelect)
                  0000dae0    00000038     driverlib.lib : sysctl.obj (.text:SysCtlPeripheralReady)
                  0000db18    00000038     drivers_tivaware.aem4f : UART.oem4f (.text:UART_init)
                  0000db50    00000038     rtsv7M4_T_le_v4SPD16_eabi.lib : trgmsg.c.obj (.text:__TI_writemsg)
                  0000db88    00000038                                   : fs_tod_t2.asm.obj (.text)
                  0000dbc0    00000038     sysbios.aem4f : BIOS.obj (.text:ti_sysbios_family_arm_m3_Hwi_excNoIsr__I)
                  0000dbf8    00000038                   : BIOS.obj (.text:ti_sysbios_knl_Task_processVitalTaskFlag__I)
                  0000dc30    00000038     ti.targets.arm.rtsarm.aem4f : SysMin.oem4f (.text:xdc_runtime_SysMin_putch__E)
                  0000dc68    00000038                                 : System.oem4f (.text:xdc_runtime_System_atexit__E)
                  0000dca0    00000036     grlib.lib : line.obj (.text:GrClipCodeGet)
                  0000dcd6    00000036     drivers_tivaware.aem4f : I2CTiva.oem4f (.text:I2CTiva_close)
                  0000dd0c    00000036                            : UARTTiva.oem4f (.text:UARTTiva_readCancel)
                  0000dd42    00000002     --HOLE-- [fill = 0]
                  0000dd44    00000034     driverlib.lib : sysctl.obj (.text:SysCtlPeripheralEnable)
                  0000dd78    00000034     rtsv7M4_T_le_v4SPD16_eabi.lib : trgmsg.c.obj (.text:__TI_readmsg)
                  0000ddac    00000004     --HOLE-- [fill = 0]
                  0000ddb0    00000034     sysbios.aem4f : BIOS.obj (.text:ti_sysbios_family_arm_lm4_Timer_setPeriodMicroSecs__E)
                  0000dde4    00000004     --HOLE-- [fill = 0]
                  0000dde8    00000034                   : BIOS.obj (.text:ti_sysbios_family_arm_m3_Hwi_Instance_finalize__E)
                  0000de1c    00000004     --HOLE-- [fill = 0]
                  0000de20    00000034                   : BIOS.obj (.text:ti_sysbios_family_arm_m3_Hwi_excNmi__I)
                  0000de54    00000004     --HOLE-- [fill = 0]
                  0000de58    00000034                   : BIOS.obj (.text:ti_sysbios_hal_Hwi_checkStack)
                  0000de8c    00000034     empty_pem4f.oem4f (.text:ti_sysbios_knl_Clock_construct)
                  0000dec0    00000034     ti.targets.arm.rtsarm.aem4f : Core-label.oem4f (.text:xdc_runtime_Core_assignLabel__I)
                  0000def4    00000033                                 : Text.oem4f (.text:xdc_runtime_Text_printVisFxn__I)
                  0000df27    00000001     --HOLE-- [fill = 0]
                  0000df28    00000032     sysbios.aem4f : BIOS.obj (.text:ti_sysbios_hal_Hwi_initStack)
                  0000df5a    00000032     ustdlib.obj (.text:usprintf)
                  0000df8c    00000030     drivers_tivaware.aem4f : PWMTiva.oem4f (.text:PWMTiva_init)
                  0000dfbc    00000030                            : PWM.oem4f (.text:PWM_open)
                  0000dfec    00000030                            : UART.oem4f (.text:UART_open)
                  0000e01c    00000030     empty_pem4f.oem4f (.text:ti_sysbios_BIOS_atExitFunc__I)
                  0000e04c    00000004     --HOLE-- [fill = 0]
                  0000e050    00000030     sysbios.aem4f : BIOS.obj (.text:ti_sysbios_family_arm_lm4_Timer_stop__E)
                  0000e080    00000030                   : BIOS.obj (.text:ti_sysbios_family_arm_m3_TaskSupport_start__E)
                  0000e0b0    00000030     empty_pem4f.oem4f (.text:ti_sysbios_gates_GateHwi_Object__create__S)
                  0000e0e0    00000030     empty_pem4f.oem4f (.text:ti_sysbios_gates_GateMutex_Object__create__S)
                  0000e110    00000030     empty_pem4f.oem4f (.text:ti_sysbios_heaps_HeapMem_Object__create__S)
                  0000e140    00000030     empty_pem4f.oem4f (.text:ti_sysbios_knl_Semaphore_construct)
                  0000e170    00000030     sysbios.aem4f : BIOS.obj (.text:ti_sysbios_knl_Semaphore_pendTimeout__I)
                  0000e1a0    00000030                   : BIOS.obj (.text:ti_sysbios_knl_Task_unblockI__E)
                  0000e1d0    00000030     ti.targets.arm.rtsarm.aem4f : SysMin.oem4f (.text:xdc_runtime_SysMin_abort__E)
                  0000e200    00000030                                 : System.oem4f (.text:xdc_runtime_System_processAtExit__E)
                  0000e230    0000002e     grlib.lib : checkbox.obj (.text:CheckBoxMsgProc)
                  0000e25e    0000002e               : string.obj (.text:GrStringNextCharGet)
                  0000e28c    0000002e               : radiobutton.obj (.text:RadioButtonMsgProc)
                  0000e2ba    0000002e     rtsv7M4_T_le_v4SPD16_eabi.lib : i_tofd_t2.asm.obj (.text)
                  0000e2e8    0000002c     EK_TM4C1294XL.obj (.text:EK_TM4C1294XL_initUART)
                  0000e314    0000002c     grlib.lib : string.obj (.text:GrFontBaselineGet)
                  0000e340    0000002c               : string.obj (.text:GrFontHeightGet)
                  0000e36c    0000002c               : pushbutton.obj (.text:RectangularButtonMsgProc)
                  0000e398    0000002c               : slider.obj (.text:SliderMsgProc)
                  0000e3c4    0000002c               : widget.obj (.text:WidgetIsInTree)
                  0000e3f0    0000002c     empty_pem4f.oem4f (.text:ti_sysbios_knl_Clock_doTick__I)
                  0000e41c    0000002c     empty_pem4f.oem4f (.text:ti_sysbios_knl_Queue_construct)
                  0000e448    0000002c     sysbios.aem4f : BIOS.obj (.text:ti_sysbios_knl_Task_restore__E)
                  0000e474    0000002c     ti.targets.arm.rtsarm.aem4f : Text.oem4f (.text:xdc_runtime_Text_cordText__E)
                  0000e4a0    0000002a     driverlib.lib : gpio.obj (.text:GPIODirModeSet)
                  0000e4ca    0000002a     ti.targets.arm.rtsarm.aem4f : System.oem4f (.text:xdc_runtime_System_putchar__I)
                  0000e4f4    00000028     Kentec320x240x16_ssd2119_spi.obj (.text:Kentec320x240x16_SSD2119ColorTranslate)
                  0000e51c    00000004     --HOLE-- [fill = 0]
                  0000e520    00000028     sysbios.aem4f : BIOS.obj (.text:ti_sysbios_hal_Timer_Instance_init__E)
                  0000e548    00000028                   : BIOS.obj (.text:ti_sysbios_knl_Clock_addI__E)
                  0000e570    00000028                   : BIOS.obj (.text:ti_sysbios_knl_Swi_Module_startup__E)
                  0000e598    00000026     grlib.lib : string.obj (.text:GrFontInfoGet)
                  0000e5be    00000026     sysbios.aem4f : m3_Hwi_asm.obj (.text:ti_sysbios_family_arm_m3_Hwi_pendSV__I)
                  0000e5e4    00000026     ti.targets.arm.rtsarm.aem4f : System.oem4f (.text:xdc_runtime_System_avprintf__E)
                  0000e60a    00000002     --HOLE-- [fill = 0]
                  0000e60c    00000024     empty.obj (.text:RemoveMainPage)
                  0000e630    00000024     empty.obj (.text:removeSensorPage)
                  0000e654    00000024     empty_pem4f.oem4f (.text:ti_sysbios_BIOS_errorRaiseHook__I)
                  0000e678    00000024     empty_pem4f.oem4f (.text:ti_sysbios_BIOS_registerRTSLock__I)
                  0000e69c    00000024     empty_pem4f.oem4f (.text:ti_sysbios_BIOS_removeRTSLock__I)
                  0000e6c0    00000024     empty_pem4f.oem4f (.text:ti_sysbios_BIOS_startFunc__I)
                  0000e6e4    00000024     empty_pem4f.oem4f (.text:ti_sysbios_gates_GateMutex_Object__delete__S)
                  0000e708    00000024     sysbios.aem4f : BIOS.obj (.text:ti_sysbios_knl_Clock_Module_startup__E)
                  0000e72c    00000004     --HOLE-- [fill = 0]
                  0000e730    00000024                   : BIOS.obj (.text:ti_sysbios_knl_Task_restoreHwi__E)
                  0000e754    00000024     ti.targets.arm.rtsarm.aem4f : System.oem4f (.text:xdc_runtime_System_vprintf__E)
                  0000e778    00000022     grlib.lib : string.obj (.text:GrFontGlyphDataGet)
                  0000e79a    00000022     driverlib.lib : pwm.obj (.text:PWMGenConfigure)
                  0000e7bc    00000022     drivers_tivaware.aem4f : PWMTiva.oem4f (.text:PWMTiva_getPeriodCounts)
                  0000e7de    00000002     --HOLE-- [fill = 0]
                  0000e7e0    00000022     sysbios.aem4f : BIOS.obj (.text:ti_sysbios_family_arm_lm4_Timer_write__I)
                  0000e802    00000022     empty_pem4f.oem4f (.text:xdc_runtime_SysMin_output__I)
                  0000e824    00000020     Boot.aem4f : Boot_sysctl.oem4f (.text:_SysCtlMemTimingGet)
                  0000e844    00000020     rtsv7M4_T_le_v4SPD16_eabi.lib : u_tofd_t2.asm.obj (.text)
                  0000e864    00000020     empty_pem4f.oem4f (.text:ti_sysbios_BIOS_rtsLock__I)
                  0000e884    00000020     empty_pem4f.oem4f (.text:ti_sysbios_family_arm_lm4_Timer_Object__delete__S)
                  0000e8a4    00000004     --HOLE-- [fill = 0]
                  0000e8a8    00000020     sysbios.aem4f : BIOS.obj (.text:ti_sysbios_family_arm_lm4_Timer_getFreq__E)
                  0000e8c8    00000020     empty_pem4f.oem4f (.text:ti_sysbios_family_arm_m3_Hwi_Object__delete__S)
                  0000e8e8    00000020     sysbios.aem4f : m3_Hwi_asm.obj (.text:ti_sysbios_family_arm_m3_Hwi_excHandlerAsm__I)
                  0000e908    00000020                   : BIOS.obj (.text:ti_sysbios_family_arm_m3_Hwi_excHandler__I)
                  0000e928    00000020     empty_pem4f.oem4f (.text:ti_sysbios_gates_GateHwi_Object__delete__S)
                  0000e948    00000020     empty_pem4f.oem4f (.text:ti_sysbios_heaps_HeapMem_Object__delete__S)
                  0000e968    00000020     empty_pem4f.oem4f (.text:ti_sysbios_knl_Clock_Object__destruct__S)
                  0000e988    00000020     sysbios.aem4f : BIOS.obj (.text:ti_sysbios_knl_Idle_run__E)
                  0000e9a8    00000020     empty_pem4f.oem4f (.text:ti_sysbios_knl_Semaphore_Object__destruct__S)
                  0000e9c8    00000020     ti.targets.arm.rtsarm.aem4f : Registry.oem4f (.text:xdc_runtime_Registry_findById__E)
                  0000e9e8    00000020                                 : SysMin.oem4f (.text:xdc_runtime_SysMin_Module_startup__E)
                  0000ea08    0000001e     grlib.lib : string.obj (.text:GrFontCodepageGet)
                  0000ea26    0000001e     driverlib.lib : pwm.obj (.text:PWMPulseWidthSet)
                  0000ea44    0000001e     drivers_tivaware.aem4f : PWMTiva.oem4f (.text:PWMTiva_getPeriodMicroSecs)
                  0000ea62    0000001e     grlib.lib : widget.obj (.text:WidgetAdd)
                  0000ea80    0000001e     sysbios.aem4f : m3_Hwi_asm_switch.obj (.text:ti_sysbios_family_xxx_Hwi_switchAndRunFunc)
                  0000ea9e    0000001e     Clock.obj (.text:updatetime)
                  0000eabc    0000001c     driverlib.lib : uart.obj (.text:UARTDisable)
                  0000ead8    0000001c     grlib.lib : widget.obj (.text:WidgetPointerMessage)
                  0000eaf4    0000001c     drivers_tivaware.aem4f : GPIOTiva.oem4f (.text:getGpioIntIndex)
                  0000eb10    0000001c     rtsv7M4_T_le_v4SPD16_eabi.lib : memccpy.c.obj (.text:memccpy)
                  0000eb2c    0000001c     empty_pem4f.oem4f (.text:ti_sysbios_family_arm_m3_Hwi_Object__destruct__S)
                  0000eb48    0000001c     sysbios.aem4f : BIOS.obj (.text:ti_sysbios_gates_GateMutex_Instance_init__E)
                  0000eb64    0000001c     empty_pem4f.oem4f (.text:ti_sysbios_hal_Timer_TimerProxy_create)
                  0000eb80    0000001c     empty_pem4f.oem4f (.text:ti_sysbios_knl_Queue_Object__destruct__S)
                  0000eb9c    00000004     --HOLE-- [fill = 0]
                  0000eba0    0000001c     sysbios.aem4f : BIOS.obj (.text:ti_sysbios_knl_Queue_put__E)
                  0000ebbc    00000004     --HOLE-- [fill = 0]
                  0000ebc0    0000001c                   : BIOS.obj (.text:ti_sysbios_knl_Task_enter__I)
                  0000ebdc    0000001c     ti.targets.arm.rtsarm.aem4f : Error.oem4f (.text:xdc_runtime_Error_raiseX__E)
                  0000ebf8    0000001c                                 : Memory.oem4f (.text:xdc_runtime_Memory_valloc__E)
                  0000ec14    0000001c                                 : SysMin.oem4f (.text:xdc_runtime_SysMin_exit__E)
                  0000ec30    0000001c                                 : System.oem4f (.text:xdc_runtime_System_abort__E)
                  0000ec4c    0000001a     rtsv7M4_T_le_v4SPD16_eabi.lib : s_copysign.c.obj (.text:copysign)
                  0000ec66    0000001a     empty_pem4f.oem4f (.text:ti_sysbios_family_arm_m3_Hwi_Handle__label__S)
                  0000ec80    0000001a     empty_pem4f.oem4f (.text:ti_sysbios_gates_GateHwi_Handle__label__S)
                  0000ec9a    0000001a     empty_pem4f.oem4f (.text:ti_sysbios_gates_GateMutex_Handle__label__S)
                  0000ecb4    0000001a     empty_pem4f.oem4f (.text:ti_sysbios_heaps_HeapMem_Handle__label__S)
                  0000ecce    0000001a     empty_pem4f.oem4f (.text:ti_sysbios_knl_Swi_Handle__label__S)
                  0000ece8    0000001a     empty_pem4f.oem4f (.text:ti_sysbios_knl_Task_Handle__label__S)
                  0000ed02    0000001a     empty_pem4f.oem4f (.text:xdc_runtime_System_aprintf__E)
                  0000ed1c    0000001a     empty_pem4f.oem4f (.text:xdc_runtime_System_printf__E)
                  0000ed36    00000018     driverlib.lib : gpio.obj (.text:GPIOPinTypeGPIOOutput)
                  0000ed4e    00000002     --HOLE-- [fill = 0]
                  0000ed50    00000018     empty.obj (.text:RemoveGraph)
                  0000ed68    00000018     driverlib.lib : timer.obj (.text:TimerControlLevel)
                  0000ed80    00000018     drivers_tivaware.aem4f : UART.oem4f (.text:UART_Params_init)
                  0000ed98    00000018     rtsv7M4_T_le_v4SPD16_eabi.lib : args_main.c.obj (.text:_args_main)
                  0000edb0    00000018                                   : sprintf.c.obj (.text:_outs)
                  0000edc8    00000018     empty_pem4f.oem4f (.text:ti_sysbios_BIOS_rtsUnlock__I)
                  0000ede0    00000018     empty_pem4f.oem4f (.text:ti_sysbios_family_arm_lm4_Timer_Module__startupDone__F)
                  0000edf8    00000018     empty_pem4f.oem4f (.text:ti_sysbios_family_arm_m3_Hwi_Module__startupDone__F)
                  0000ee10    00000018     sysbios.aem4f : m3_TaskSupport_asm.obj (.text:ti_sysbios_family_arm_m3_TaskSupport_swap__E)
                  0000ee28    00000018                   : BIOS.obj (.text:ti_sysbios_gates_GateMutex_leave__E)
                  0000ee40    00000018     empty_pem4f.oem4f (.text:ti_sysbios_knl_Clock_Module__startupDone__F)
                  0000ee58    00000018     sysbios.aem4f : BIOS.obj (.text:ti_sysbios_knl_Task_sleepTimeout__I)
                  0000ee70    00000018     ti.targets.arm.rtsarm.aem4f : Error.oem4f (.text:xdc_runtime_Error_check__E)
                  0000ee88    00000018                                 : System.oem4f (.text:xdc_runtime_System_exit__E)
                  0000eea0    00000018                                 : Text.oem4f (.text:xdc_runtime_Text_ropeText__E)
                  0000eeb8    00000016     grlib.lib : string.obj (.text:GrStringDraw)
                  0000eece    00000016     driverlib.lib : i2c.obj (.text:I2CMasterErr)
                  0000eee4    00000016     empty.obj (.text:MotorInit)
                  0000eefa    00000016     rtsv7M4_T_le_v4SPD16_eabi.lib : strchr.c.obj (.text:strchr)
                  0000ef10    00000016     empty_pem4f.oem4f (.text:ti_sysbios_BIOS_exitFunc__I)
                  0000ef26    00000016     Clock.obj (.text:ti_sysbios_hal_Timer_Params_init)
                  0000ef3c    00000016     empty.obj (.text:ti_sysbios_knl_Task_Params_init)
                  0000ef52    00000014     grlib.lib : canvas.obj (.text:CanvasMsgProc)
                  0000ef66    00000014               : container.obj (.text:ContainerMsgProc)
                  0000ef7a    00000002     --HOLE-- [fill = 0]
                  0000ef7c    00000014     Kentec320x240x16_ssd2119_spi.obj (.text:LED_OFF)
                  0000ef90    00000014     Kentec320x240x16_ssd2119_spi.obj (.text:LED_ON)
                  0000efa4    00000014     driverlib.lib : pwm.obj (.text:PWMClockSet)
                  0000efb8    00000014                   : sysctl.obj (.text:SysCtlPWMClockSet)
                  0000efcc    00000014                   : timer.obj (.text:TimerDisable)
                  0000efe0    00000014     touch.obj (.text:TouchScreenCallbackSet)
                  0000eff4    00000014     driverlib.lib : uart.obj (.text:UARTEnable)
                  0000f008    00000014     grlib.lib : widget.obj (.text:WidgetMutexGet)
                  0000f01c    00000014     rtsv7M4_T_le_v4SPD16_eabi.lib : strlen.c.obj (.text:strlen)
                  0000f030    00000014     empty_pem4f.oem4f (.text:ti_sysbios_family_arm_m3_Hwi_Object__get__S)
                  0000f044    00000004     --HOLE-- [fill = 0]
                  0000f048    00000014     sysbios.aem4f : BIOS.obj (.text:ti_sysbios_family_arm_m3_Hwi_switchFromBootStack__E)
                  0000f05c    00000014     empty_pem4f.oem4f (.text:ti_sysbios_heaps_HeapMem_Object__get__S)
                  0000f070    00000014     empty_pem4f.oem4f (.text:ti_sysbios_knl_Swi_Object__get__S)
                  0000f084    00000012     driverlib.lib : gpio.obj (.text:GPIOPinTypeI2C)
                  0000f096    00000012                   : gpio.obj (.text:GPIOPinTypeI2CSCL)
                  0000f0a8    00000012                   : gpio.obj (.text:GPIOPinTypePWM)
                  0000f0ba    00000012                   : gpio.obj (.text:GPIOPinTypeSSI)
                  0000f0cc    00000012                   : gpio.obj (.text:GPIOPinTypeTimer)
                  0000f0de    00000012                   : gpio.obj (.text:GPIOPinTypeUART)
                  0000f0f0    00000012                   : pwm.obj (.text:PWMGenPeriodGet)
                  0000f102    00000012                   : pwm.obj (.text:PWMOutputInvert)
                  0000f114    00000012                   : pwm.obj (.text:PWMOutputState)
                  0000f126    00000012     drivers_tivaware.aem4f : RingBuf.oem4f (.text:RingBuf_construct)
                  0000f138    00000012     driverlib.lib : ssi.obj (.text:SSIDataGetNonBlocking)
                  0000f14a    00000012                   : timer.obj (.text:TimerLoadSet)
                  0000f15c    00000012                   : timer.obj (.text:TimerMatchSet)
                  0000f16e    00000012                   : timer.obj (.text:TimerPrescaleMatchSet)
                  0000f180    00000012                   : timer.obj (.text:TimerPrescaleSet)
                  0000f192    00000012     empty.obj (.text:TouchCheckTask)
                  0000f1a4    00000004     --HOLE-- [fill = 0]
                  0000f1a8    00000012     sysbios.aem4f : BIOS.obj (.text:ti_sysbios_hal_Hwi_Module_startup__E)
                  0000f1ba    00000006     driverlib.lib : i2c.obj (.text:I2CMasterIntDisable)
                  0000f1c0    00000012     sysbios.aem4f : BIOS.obj (.text:ti_sysbios_hal_Timer_Module_startup__E)
                  0000f1d2    00000012     rtsv7M4_T_le_v4SPD16_eabi.lib : wcslen.c.obj (.text:wcslen)
                  0000f1e4    00000012     empty_pem4f.oem4f (.text:xdc_runtime_Startup_exec__I)
                  0000f1f6    00000002     --HOLE-- [fill = 0]
                  0000f1f8    00000010     empty_pem4f.oem4f (.text:.bootCodeSection:ti_catalog_arm_cortexm4_tiva_ce_Boot_init__I)
                  0000f208    00000010     driverlib.lib : adc.obj (.text:ADCIntEnable)
                  0000f218    00000010                   : fpu.obj (.text:FPUEnable)
                  0000f228    00000010                   : fpu.obj (.text:FPULazyStackingEnable)
                  0000f238    00000010                   : pwm.obj (.text:PWMGenPeriodSet)
                  0000f248    00000010     drivers_tivaware.aem4f : PWM.oem4f (.text:PWM_Params_init)
                  0000f258    00000010                            : UARTTiva.oem4f (.text:readBlockingTimeout)
                  0000f268    00000010     sysbios.aem4f : BIOS.obj (.text:ti_sysbios_BIOS_getCpuFreq__E)
                  0000f278    00000010                   : BIOS.obj (.text:ti_sysbios_BIOS_setThreadType__E)
                  0000f288    00000010                   : BIOS.obj (.text:ti_sysbios_BIOS_start__E)
                  0000f298    00000010                   : BIOS.obj (.text:ti_sysbios_family_arm_lm4_TimestampProvider_rolloverFunc__E)
                  0000f2a8    00000010                   : m3_TaskSupport_asm.obj (.text:ti_sysbios_family_arm_m3_TaskSupport_glue)
                  0000f2b8    00000010                   : BIOS.obj (.text:ti_sysbios_gates_GateMutex_Instance_finalize__E)
                  0000f2c8    00000010     empty_pem4f.oem4f (.text:ti_sysbios_hal_Timer_TimerProxy_Object__create__S)
                  0000f2d8    00000010     sysbios.aem4f : BIOS.obj (.text:ti_sysbios_knl_Semaphore_Instance_finalize__E)
                  0000f2e8    00000010                   : BIOS.obj (.text:ti_sysbios_knl_Swi_disable__E)
                  0000f2f8    00000010     empty_pem4f.oem4f (.text:ti_sysbios_knl_Task_Object__get__S)
                  0000f308    00000010     sysbios.aem4f : BIOS.obj (.text:ti_sysbios_knl_Task_disable__E)
                  0000f318    00000010     driverlib.lib : udma.obj (.text:uDMAEnable)
                  0000f328    00000010     ti.targets.arm.rtsarm.aem4f : Gate.oem4f (.text:xdc_runtime_Gate_leaveSystem__E)
                  0000f338    00000010                                 : Memory.oem4f (.text:xdc_runtime_Memory_free__E)
                  0000f348    00000010                                 : SysMin.oem4f (.text:xdc_runtime_SysMin_ready__E)
                  0000f358    00000010                                 : System.oem4f (.text:xdc_runtime_System_vsnprintf__E)
                  0000f368    00000010     empty_pem4f.oem4f (.text:xdc_runtime_Text_visitRope__I)
                  0000f378    0000000e     driverlib.lib : adc.obj (.text:ADCSequenceEnable)
                  0000f386    0000000e                   : gpio.obj (.text:GPIOIntStatus)
                  0000f394    0000000e     grlib.lib : image.obj (.text:GrImageDraw)
                  0000f3a2    0000000e     driverlib.lib : timer.obj (.text:TimerEnable)
                  0000f3b0    0000000e                   : uart.obj (.text:UARTCharGetNonBlocking)
                  0000f3be    0000000e                   : uart.obj (.text:UARTCharPutNonBlocking)
                  0000f3cc    0000000e     rtsv7M4_T_le_v4SPD16_eabi.lib : copy_decompress_none.c.obj (.text:decompress:none:__TI_decompress_none)
                  0000f3da    00000006     driverlib.lib : i2c.obj (.text:I2CMasterIntEnable)
                  0000f3e0    0000000e     sysbios.aem4f : BIOS.obj (.text:ti_sysbios_knl_Idle_loop__E)
                  0000f3ee    00000002     --HOLE-- [fill = 0]
                  0000f3f0    0000000e                   : BIOS.obj (.text:ti_sysbios_knl_Queue_empty__E)
                  0000f3fe    0000000c     empty.obj (.text:BackGraphSelect)
                  0000f40a    0000000c     empty.obj (.text:BackMainGraph)
                  0000f416    0000000c     driverlib.lib : pwm.obj (.text:PWMGenDisable)
                  0000f422    0000000c                   : pwm.obj (.text:PWMGenEnable)
                  0000f42e    0000000c     drivers_tivaware.aem4f : RingBuf.oem4f (.text:RingBuf_peek)
                  0000f43a    0000000c     driverlib.lib : uart.obj (.text:UARTFlowControlSet)
                  0000f446    0000000c     drivers_tivaware.aem4f : UARTTiva.oem4f (.text:UARTTiva_init)
                  0000f452    00000002     --HOLE-- [fill = 0]
                  0000f454    0000000c     rtsv7M4_T_le_v4SPD16_eabi.lib : _lock.c.obj (.text:_register_lock)
                  0000f460    0000000c                                   : _lock.c.obj (.text:_register_unlock)
                  0000f46c    0000000c     empty.obj (.text:backMainSensor)
                  0000f478    0000000c     empty.obj (.text:btntest)
                  0000f484    0000000c     rtsv7M4_T_le_v4SPD16_eabi.lib : copy_zero_init.c.obj (.text:decompress:ZI:__TI_zero_init)
                  0000f490    0000000c     sysbios.aem4f : BIOS.obj (.text:ti_sysbios_family_arm_lm4_Timer_getAvailMask__E)
                  0000f49c    00000004     --HOLE-- [fill = 0]
                  0000f4a0    0000000c                   : BIOS.obj (.text:ti_sysbios_family_arm_lm4_Timer_getMaxTicks__E)
                  0000f4ac    00000004     --HOLE-- [fill = 0]
                  0000f4b0    0000000c                   : BIOS.obj (.text:ti_sysbios_family_arm_lm4_TimestampProvider_startTimer__E)
                  0000f4bc    0000000c     empty_pem4f.oem4f (.text:ti_sysbios_family_arm_m3_Hwi_Params__init__S)
                  0000f4c8    0000000c     sysbios.aem4f : BIOS.obj (.text:ti_sysbios_family_arm_m3_Hwi_disableFxn__E)
                  0000f4d4    00000004     --HOLE-- [fill = 0]
                  0000f4d8    0000000c                   : BIOS.obj (.text:ti_sysbios_family_arm_m3_TaskSupport_checkStack__E)
                  0000f4e4    00000004     --HOLE-- [fill = 0]
                  0000f4e8    0000000c                   : BIOS.obj (.text:ti_sysbios_family_arm_m3_TaskSupport_getStackAlignment__E)
                  0000f4f4    00000004     --HOLE-- [fill = 0]
                  0000f4f8    0000000c                   : BIOS.obj (.text:ti_sysbios_gates_GateHwi_enter__E)
                  0000f504    00000004     --HOLE-- [fill = 0]
                  0000f508    0000000c                   : BIOS.obj (.text:ti_sysbios_hal_SecondsClock_set__E)
                  0000f514    0000000c     empty_pem4f.oem4f (.text:ti_sysbios_hal_Timer_Params__init__S)
                  0000f520    0000000c     empty_pem4f.oem4f (.text:ti_sysbios_knl_Clock_Params__init__S)
                  0000f52c    0000000c     empty_pem4f.oem4f (.text:ti_sysbios_knl_Queue_Object__get__S)
                  0000f538    0000000c     empty_pem4f.oem4f (.text:ti_sysbios_knl_Semaphore_Params__init__S)
                  0000f544    0000000c     empty_pem4f.oem4f (.text:ti_sysbios_knl_Task_Params__init__S)
                  0000f550    0000000c     driverlib.lib : udma.obj (.text:uDMAControlBaseSet)
                  0000f55c    0000000c     ti.targets.arm.rtsarm.aem4f : Error.oem4f (.text:xdc_runtime_Error_init__E)
                  0000f568    0000000c                                 : Gate.oem4f (.text:xdc_runtime_Gate_enterSystem__E)
                  0000f574    0000000c                                 : Memory.oem4f (.text:xdc_runtime_Memory_calloc__E)
                  0000f580    0000000c                                 : Memory.oem4f (.text:xdc_runtime_Memory_getMaxDefaultTypeAlign__E)
                  0000f58c    0000000a     driverlib.lib : i2c.obj (.text:I2CMasterDisable)
                  0000f596    0000000a                   : i2c.obj (.text:I2CMasterEnable)
                  0000f5a0    0000000a     drivers_tivaware.aem4f : I2CTiva.oem4f (.text:I2CTiva_init)
                  0000f5aa    0000000a     Kentec320x240x16_ssd2119_spi.obj (.text:Kentec320x240x16_SSD2119Flush)
                  0000f5b4    0000000a     drivers_tivaware.aem4f : PWMTimerTiva.oem4f (.text:PWMTimerTiva_getPeriodCounts)
                  0000f5be    0000000a                            : PWM.oem4f (.text:PWM_setDuty)
                  0000f5c8    0000000a     driverlib.lib : ssi.obj (.text:SSIDataPut)
                  0000f5d2    0000000a                   : ssi.obj (.text:SSIEnable)
                  0000f5dc    0000000a                   : uart.obj (.text:UARTCharGet)
                  0000f5e6    0000000a                   : uart.obj (.text:UARTCharPut)
                  0000f5f0    0000000a                   : uart.obj (.text:UARTIntDisable)
                  0000f5fa    0000000a                   : uart.obj (.text:UARTIntStatus)
                  0000f604    0000000a     rtsv7M4_T_le_v4SPD16_eabi.lib : sprintf.c.obj (.text:_outc)
                  0000f60e    00000002     --HOLE-- [fill = 0]
                  0000f610    0000000a     sysbios.aem4f : BIOS.obj (.text:ti_sysbios_hal_Timer_Instance_finalize__E)
                  0000f61a    0000000a     empty_pem4f.oem4f (.text:xdc_runtime_IHeap_alloc)
                  0000f624    0000000a     empty_pem4f.oem4f (.text:xdc_runtime_IHeap_free)
                  0000f62e    00000008     EK_TM4C1294XL.obj (.text:EK_TM4C1294XL_initGPIO)
                  0000f636    00000008     grlib.lib : charmap.obj (.text:GrMapISO8859_1_Unicode)
                  0000f63e    00000008     driverlib.lib : i2c.obj (.text:I2CMasterIntClear)
                  0000f646    00000008                   : i2c.obj (.text:I2CMasterSlaveAddrSet)
                  0000f64e    00000008     drivers_tivaware.aem4f : I2CTiva.oem4f (.text:I2CTiva_blockingCallback)
                  0000f656    00000008                            : PWMTimerTiva.oem4f (.text:PWMTimerTiva_init)
                  0000f65e    00000008     driverlib.lib : ssi.obj (.text:SSIBusy)
                  0000f666    00000008                   : uart.obj (.text:UARTIntEnable)
                  0000f66e    00000008                   : uart.obj (.text:UARTRxErrorGet)
                  0000f676    00000002     --HOLE-- [fill = 0]
                  0000f678    00000008     rtsv7M4_T_le_v4SPD16_eabi.lib : errno.c.obj (.text:__aeabi_errno_addr)
                  0000f680    00000008     drivers_tivaware.aem4f : UARTTiva.oem4f (.text:readSemCallback)
                  0000f688    00000008     sysbios.aem4f : BIOS.obj (.text:ti_sysbios_family_arm_lm4_Timer_masterDisable__I)
                  0000f690    00000008                   : BIOS.obj (.text:ti_sysbios_family_arm_m3_Hwi_doSwiRestore__I)
                  0000f698    00000008                   : BIOS.obj (.text:ti_sysbios_family_arm_m3_Hwi_startup__E)
                  0000f6a0    00000008     drivers_tivaware.aem4f : UARTTiva.oem4f (.text:writeSemCallback)
                  0000f6a8    00000006                            : I2CTiva.oem4f (.text:I2CTiva_control)
                  0000f6ae    00000006                            : PWMTimerTiva.oem4f (.text:PWMTimerTiva_getPeriodMicroSecs)
                  0000f6b4    00000006     driverlib.lib : sysctl.obj (.text:SysCtlDelay)
                  0000f6ba    00000006                   : uart.obj (.text:UARTFIFOLevelSet)
                  0000f6c0    00000006                   : uart.obj (.text:UARTRxErrorClear)
                  0000f6c6    00000006     grlib.lib : widget.obj (.text:WidgetMutexPut)
                  0000f6cc    00000004     --HOLE-- [fill = 0]
                  0000f6d0    00000006     sysbios.aem4f : BIOS.obj (.text:ti_sysbios_family_arm_lm4_TimestampProvider_Module_startup__E)
                  0000f6d6    00000002     --HOLE-- [fill = 0]
                  0000f6d8    00000006                   : BIOS.obj (.text:ti_sysbios_family_arm_m3_Hwi_doTaskRestore__I)
                  0000f6de    00000002     --HOLE-- [fill = 0]
                  0000f6e0    00000006                   : BIOS.obj (.text:ti_sysbios_family_arm_m3_Hwi_restoreFxn__E)
                  0000f6e6    00000002     --HOLE-- [fill = 0]
                  0000f6e8    00000006                   : BIOS.obj (.text:ti_sysbios_gates_GateHwi_leave__E)
                  0000f6ee    00000002     --HOLE-- [fill = 0]
                  0000f6f0    00000006                   : BIOS.obj (.text:ti_sysbios_heaps_HeapMem_isBlocking__E)
                  0000f6f6    00000002     --HOLE-- [fill = 0]
                  0000f6f8    00000006                   : BIOS.obj (.text:ti_sysbios_knl_Clock_stop__E)
                  0000f6fe    00000002     --HOLE-- [fill = 0]
                  0000f700    00000006                   : BIOS.obj (.text:ti_sysbios_knl_Queue_Instance_init__E)
                  0000f706    00000002     --HOLE-- [fill = 0]
                  0000f708    00000006                   : BIOS.obj (.text:ti_sysbios_knl_Swi_startup__E)
                  0000f70e    00000006     ti.targets.arm.rtsarm.aem4f : System.oem4f (.text:xdc_runtime_System_Module_startup__E)
                  0000f714    00000004     --HOLE-- [fill = 0]
                  0000f718    00000004     sysbios.aem4f : BIOS.obj (.text:ti_sysbios_family_arm_lm4_Timer_getPeriod__E)
                  0000f71c    00000004     --HOLE-- [fill = 0]
                  0000f720    00000004                   : BIOS.obj (.text:ti_sysbios_gates_GateHwi_query__E)
                  0000f724    00000004     --HOLE-- [fill = 0]
                  0000f728    00000004                   : BIOS.obj (.text:ti_sysbios_gates_GateMutex_query__E)
                  0000f72c    00000004     --HOLE-- [fill = 0]
                  0000f730    00000004                   : BIOS.obj (.text:ti_sysbios_knl_Task_startup__E)
                  0000f734    00000004     --HOLE-- [fill = 0]
                  0000f738    00000002                   : BIOS.obj (.text:ti_sysbios_gates_GateHwi_Instance_init__E)
                  0000f73a    00000006     --HOLE-- [fill = 0]
                  0000f740    00000002                   : BIOS.obj (.text:ti_sysbios_knl_Clock_logTick__E)

.const     0    0000f748    0000bfb0     
                  0000f748    000018ae     empty_pem4f.oem4f (.const:xdc_runtime_Text_charTab__A)
                  00010ff6    00000a60     grlib.lib : fontcm24.obj (.const:.string:g_pui8Cm24Data)
                  00011a56    00000960               : fontcm22.obj (.const:.string:g_pui8Cm22Data)
                  000123b6    0000095e               : fontcm20.obj (.const:.string:g_pui8Cm20Data)
                  00012d14    000008c1               : fontcmss20.obj (.const:.string:g_pui8Cmss20Data)
                  000135d5    0000086e               : fontcm18.obj (.const:.string:g_pui8Cm18Data)
                  00013e43    0000083d     GUIImg.obj (.const:.string:g_pui8RedSlider195x37)
                  00014680    00000826     GUIImg.obj (.const:.string:g_pui8GreenSlider195x37)
                  00014ea6    00000782     grlib.lib : fontcmss18b.obj (.const:.string:g_pui8Cmss18bData)
                  00015628    00000759               : fontcm16.obj (.const:.string:g_pui8Cm16Data)
                  00015d81    00000705     GUIImg.obj (.const:.string:g_pui8GettingHotter28x148)
                  00016486    0000065a     grlib.lib : fontcm14.obj (.const:.string:g_pui8Cm14Data)
                  00016ae0    000005c7               : fontcmss12b.obj (.const:.string:g_pui8Cmss12bData)
                  000170a7    0000055f               : fontcm12.obj (.const:.string:g_pui8Cm12Data)
                  00017606    00000514               : fontcmss12.obj (.const:.string:g_pui8Cmss12Data)
                  00017b1a    000003ad     GUIImg.obj (.const:.string:g_pui8GettingHotter28x148Mono)
                  00017ec7    0000024d     GUIImg.obj (.const:.string:g_pui8Logo)
                  00018114    00000210     GUIImg.obj (.const:.string:g_pui8Blue50x50)
                  00018324    0000020e     GUIImg.obj (.const:.string:g_pui8Blue50x50Press)
                  00018532    0000020d     GUIImg.obj (.const:.string:g_pui8btn140x40)
                  0001873f    0000020d     GUIImg.obj (.const:.string:g_pui8btn150x40Press)
                  0001894c    00000204     empty.obj (.const:.string)
                  00018b50    0000017b     Images.obj (.const:.string:g_pui8CompS)
                  00018ccb    0000017b     Images.obj (.const:.string:g_pui8CompW)
                  00018e46    0000017b     Images.obj (.const:.string:g_pui8accSlow)
                  00018fc1    0000017b     Images.obj (.const:.string:g_pui8accfast)
                  0001913c    0000017b     Images.obj (.const:.string:g_pui8accmid)
                  000192b7    00000178     Images.obj (.const:.string:g_pui8CompE)
                  0001942f    00000178     Images.obj (.const:.string:g_pui8CompN)
                  000195a7    00000163     Images.obj (.const:.string:g_pui8Stop)
                  0001970a    00000160     Images.obj (.const:.string:g_pui8Go)
                  0001986a    0000015d     Images.obj (.const:.string:g_pui8idle)
                  000199c7    00000124     Images.obj (.const:.string:g_pui8Night)
                  00019aeb    00000001     empty_pem4f.oem4f (.const:xdc_runtime_Error_policy__C)
                  00019aec    00000120     Boot.aem4f : Boot_sysctl.oem4f (.const:g_pppui32XTALtoVCO)
                  00019c0c    00000107     GUIImg.obj (.const:.string:g_pui8arrowRight)
                  00019d13    00000101     rtsv7M4_T_le_v4SPD16_eabi.lib : ctype.c.obj (.const:.string:_ctypes_)
                  00019e14    000000f8     Images.obj (.const:.string:g_pui8Day)
                  00019f0c    000000f5     GUIImg.obj (.const:.string:g_pui8LightOff)
                  0001a001    000000e6     GUIImg.obj (.const:.string:g_pui8LightOn)
                  0001a0e7    00000001     --HOLE-- [fill = 0]
                  0001a0e8    000000d0     empty_pem4f.oem4f (.const:xdc_runtime_Text_nodeTab__A)
                  0001a1b8    000000c8     grlib.lib : fontcm12.obj (.const:g_sFontCm12)
                  0001a280    000000c8               : fontcm14.obj (.const:g_sFontCm14)
                  0001a348    000000c8               : fontcm16.obj (.const:g_sFontCm16)
                  0001a410    000000c8               : fontcm18.obj (.const:g_sFontCm18)
                  0001a4d8    000000c8               : fontcm20.obj (.const:g_sFontCm20)
                  0001a5a0    000000c8               : fontcm22.obj (.const:g_sFontCm22)
                  0001a668    000000c8               : fontcm24.obj (.const:g_sFontCm24)
                  0001a730    000000c8               : fontcmss12.obj (.const:g_sFontCmss12)
                  0001a7f8    000000c8               : fontcmss12b.obj (.const:g_sFontCmss12b)
                  0001a8c0    000000c8               : fontcmss18b.obj (.const:g_sFontCmss18b)
                  0001a988    000000c8               : fontcmss20.obj (.const:g_sFontCmss20)
                  0001aa50    000000a5     GUIImg.obj (.const:.string:g_pui8arrowLeft)
                  0001aaf5    00000001     --HOLE-- [fill = 0]
                  0001aaf6    00000002     empty_pem4f.oem4f (.const:ti_catalog_arm_cortexm4_tiva_ce_Boot_Module__id__C)
                  0001aaf8    000000a0     empty.obj (.const:$P$T0$3)
                  0001ab98    00000090     driverlib.lib : gpio.obj (.const:g_pui32GPIOBaseAddrs)
                  0001ac28    00000076     GUIImg.obj (.const:.string:g_pui8backBtn)
                  0001ac9e    00000002     empty_pem4f.oem4f (.const:ti_sysbios_family_arm_lm4_Timer_Module__id__C)
                  0001aca0    00000070     driverlib.lib : interrupt.obj (.const)
                  0001ad10    0000006c     Boot.aem4f : Boot_sysctl.oem4f (.const:g_pui32Xtals)
                  0001ad7c    00000060     MotorLib.lib : motorlib.obj (.const:PWM_config)
                  0001addc    00000054     drivers_tivaware.aem4f : GPIOTiva.oem4f (.const:.string)
                  0001ae30    00000054     MotorLib.lib : motorlib.obj (.const:motorLibPWMTivaHWAttrs)
                  0001ae84    0000004c     drivers_tivaware.aem4f : UARTTiva.oem4f (.const)
                  0001aed0    00000048     empty_pem4f.oem4f (.const:.string)
                  0001af18    00000048     drivers_tivaware.aem4f : GPIOTiva.oem4f (.const:gpioBaseAddresses)
                  0001af60    0000003c     empty_pem4f.oem4f (.const:ti_sysbios_family_arm_lm4_Timer_Object__PARAMS__C)
                  0001af9c    0000003c     empty_pem4f.oem4f (.const:ti_sysbios_knl_Task_Object__PARAMS__C)
                  0001afd8    00000030     Boot.aem4f : Boot_sysctl.oem4f (.const:g_sXTALtoMEMTIM)
                  0001b008    00000030     empty_pem4f.oem4f (.const:ti_sysbios_family_arm_m3_Hwi_Object__PARAMS__C)
                  0001b038    00000030     empty_pem4f.oem4f (.const:ti_sysbios_hal_Timer_Object__PARAMS__C)
                  0001b068    0000002c     empty_pem4f.oem4f (.const:xdc_runtime_Startup_sfxnTab__A)
                  0001b094    00000028     drivers_tivaware.aem4f : UARTTiva.oem4f (.const:UARTTiva_fxnTable)
                  0001b0bc    00000028     Kentec320x240x16_ssd2119_spi.obj (.const:g_sKentec320x240x16_SSD2119)
                  0001b0e4    00000028     empty_pem4f.oem4f (.const:ti_sysbios_heaps_HeapMem_Module__FXNS__C)
                  0001b10c    00000024     EK_TM4C1294XL.obj (.const:I2C_config)
                  0001b130    00000024     drivers_tivaware.aem4f : UART.oem4f (.const:UART_defaultParams)
                  0001b154    00000024     empty_pem4f.oem4f (.const:ti_sysbios_gates_GateHwi_Module__FXNS__C)
                  0001b178    00000024     empty_pem4f.oem4f (.const:ti_sysbios_gates_GateMutex_Module__FXNS__C)
                  0001b19c    00000024     empty_pem4f.oem4f (.const:ti_sysbios_heaps_HeapMem_Object__PARAMS__C)
                  0001b1c0    00000024     empty_pem4f.oem4f (.const:ti_sysbios_knl_Clock_Object__PARAMS__C)
                  0001b1e4    00000024     empty_pem4f.oem4f (.const:ti_sysbios_knl_Semaphore_Object__PARAMS__C)
                  0001b208    00000020     drivers_tivaware.aem4f : PWMTimerTiva.oem4f (.const)
                  0001b228    00000020                            : PWMTiva.oem4f (.const)
                  0001b248    00000020     empty_pem4f.oem4f (.const:ti_sysbios_family_arm_lm4_Timer_Object__DESC__C)
                  0001b268    00000020     empty_pem4f.oem4f (.const:ti_sysbios_family_arm_m3_Hwi_Object__DESC__C)
                  0001b288    00000020     empty_pem4f.oem4f (.const:ti_sysbios_gates_GateHwi_Object__DESC__C)
                  0001b2a8    00000020     empty_pem4f.oem4f (.const:ti_sysbios_gates_GateMutex_Object__DESC__C)
                  0001b2c8    00000020     empty_pem4f.oem4f (.const:ti_sysbios_hal_Timer_Object__DESC__C)
                  0001b2e8    00000020     empty_pem4f.oem4f (.const:ti_sysbios_heaps_HeapMem_Object__DESC__C)
                  0001b308    00000020     empty_pem4f.oem4f (.const:ti_sysbios_knl_Clock_Object__DESC__C)
                  0001b328    00000020     empty_pem4f.oem4f (.const:ti_sysbios_knl_Queue_Object__DESC__C)
                  0001b348    00000020     empty_pem4f.oem4f (.const:ti_sysbios_knl_Semaphore_Object__DESC__C)
                  0001b368    00000020     empty_pem4f.oem4f (.const:ti_sysbios_knl_Task_Object__DESC__C)
                  0001b388    0000001c     drivers_tivaware.aem4f : I2CTiva.oem4f (.const)
                  0001b3a4    0000001c     touch.obj (.const:g_pi32TouchParameters)
                  0001b3c0    00000018     EK_TM4C1294XL.obj (.const:UART_config)
                  0001b3d8    00000018     EK_TM4C1294XL.obj (.const:i2cTivaHWAttrs)
                  0001b3f0    00000018     empty_pem4f.oem4f (.const:ti_sysbios_gates_GateHwi_Object__PARAMS__C)
                  0001b408    00000018     empty_pem4f.oem4f (.const:ti_sysbios_gates_GateMutex_Object__PARAMS__C)
                  0001b420    00000018     empty_pem4f.oem4f (.const:ti_sysbios_knl_Queue_Object__PARAMS__C)
                  0001b438    00000018     EK_TM4C1294XL.obj (.const:uartTivaHWAttrs)
                  0001b450    00000016     empty_pem4f.oem4f (.const:xdc_runtime_Startup_sfxnRts__A)
                  0001b466    00000002     empty_pem4f.oem4f (.const:ti_sysbios_family_arm_lm4_Timer_supportsAltclk__C)
                  0001b468    00000014     EK_TM4C1294XL.obj (.const:GPIOTiva_config)
                  0001b47c    00000014     empty_pem4f.oem4f (.const:xdc_runtime_Startup_firstFxns__A)
                  0001b490    00000012     ustdlib.obj (.const:.string)
                  0001b4a2    00000002     empty_pem4f.oem4f (.const:ti_sysbios_family_arm_m3_Hwi_Module__id__C)
                  0001b4a4    00000010     grlib.lib : context.obj (.const)
                  0001b4b4    00000010     MotorLib.lib : motorlib.obj (.const:motorLibPWMTimerTivaHWAttrs)
                  0001b4c4    0000000c     drivers_tivaware.aem4f : PWM.oem4f (.const)
                  0001b4d0    00000008     Boot.aem4f : Boot_sysctl.oem4f (.const)
                  0001b4d8    00000008     empty_pem4f.oem4f (.const:ti_sysbios_family_arm_m3_Hwi_excHookFuncs__A)
                  0001b4e0    00000008     empty_pem4f.oem4f (.const:ti_sysbios_knl_Idle_funcList__C)
                  0001b4e8    00000008     empty_pem4f.oem4f (.const:xdc_runtime_Startup_firstFxns__C)
                  0001b4f0    00000008     empty_pem4f.oem4f (.const:xdc_runtime_Startup_lastFxns__C)
                  0001b4f8    00000004     empty_pem4f.oem4f (.const:ti_catalog_arm_cortexm4_tiva_ce_Boot_A_mustNotUseEnhancedClockMode__C)
                  0001b4fc    00000004     empty_pem4f.oem4f (.const:ti_catalog_arm_cortexm4_tiva_ce_Boot_Module__diagsEnabled__C)
                  0001b500    00000004     empty_pem4f.oem4f (.const:ti_catalog_arm_cortexm4_tiva_ce_Boot_Module__diagsIncluded__C)
                  0001b504    00000004     empty_pem4f.oem4f (.const:ti_catalog_arm_cortexm4_tiva_ce_Boot_Module__diagsMask__C)
                  0001b508    00000004     empty_pem4f.oem4f (.const:ti_sysbios_family_arm_lm4_Timer_E_cannotSupport__C)
                  0001b50c    00000004     empty_pem4f.oem4f (.const:ti_sysbios_family_arm_lm4_Timer_E_invalidTimer__C)
                  0001b510    00000004     empty_pem4f.oem4f (.const:ti_sysbios_family_arm_lm4_Timer_E_noaltclk__C)
                  0001b514    00000004     empty_pem4f.oem4f (.const:ti_sysbios_family_arm_lm4_Timer_E_notAvailable__C)
                  0001b518    00000004     empty_pem4f.oem4f (.const:ti_sysbios_family_arm_lm4_Timer_anyMask__C)
                  0001b51c    00000004     empty_pem4f.oem4f (.const:ti_sysbios_family_arm_lm4_Timer_disableFunc__C)
                  0001b520    00000004     empty_pem4f.oem4f (.const:ti_sysbios_family_arm_lm4_Timer_enableFunc__C)
                  0001b524    00000004     empty_pem4f.oem4f (.const:ti_sysbios_family_arm_lm4_Timer_numTimerDevices__C)
                  0001b528    00000004     empty_pem4f.oem4f (.const:ti_sysbios_family_arm_lm4_Timer_startupNeeded__C)
                  0001b52c    00000004     empty_pem4f.oem4f (.const:ti_sysbios_family_arm_m3_Hwi_E_NMI__C)
                  0001b530    00000004     empty_pem4f.oem4f (.const:ti_sysbios_family_arm_m3_Hwi_E_alreadyDefined__C)
                  0001b534    00000004     empty_pem4f.oem4f (.const:ti_sysbios_family_arm_m3_Hwi_E_busFault__C)
[...]
0001b5a4  ti_sysbios_heaps_HeapMem_Module__diagsEnabled__C                     
0001b5a8  ti_sysbios_heaps_HeapMem_Module__diagsIncluded__C                    
0001b5ac  ti_sysbios_heaps_HeapMem_Module__diagsMask__C                        
0001b5b0  ti_sysbios_heaps_HeapMem_Module__gateObj__C                          
0001b5b4  ti_sysbios_heaps_HeapMem_Object__count__C                            
0001b5b8  ti_sysbios_heaps_HeapMem_reqAlign__C                                 
0001b5bc  ti_sysbios_knl_Clock_A_badThreadType__C                              
0001b5c0  ti_sysbios_knl_Clock_Module_State_clockQ__O                          
0001b5c4  ti_sysbios_knl_Clock_Module__diagsEnabled__C                         
0001b5c8  ti_sysbios_knl_Clock_Module__diagsIncluded__C                        
0001b5cc  ti_sysbios_knl_Clock_Module__diagsMask__C                            
0001b5d0  ti_sysbios_knl_Clock_tickPeriod__C                                   
0001b5d4  ti_sysbios_knl_Idle_funcList__A                                      
0001b5d8  ti_sysbios_knl_Semaphore_A_badContext__C                             
0001b5dc  ti_sysbios_knl_Semaphore_A_noEvents__C                               
0001b5e0  ti_sysbios_knl_Semaphore_A_overflow__C                               
0001b5e4  ti_sysbios_knl_Semaphore_A_pendTaskDisabled__C                       
0001b5e8  ti_sysbios_knl_Semaphore_Instance_State_pendQ__O                     
0001b5ec  ti_sysbios_knl_Semaphore_Module__diagsEnabled__C                     
0001b5f0  ti_sysbios_knl_Semaphore_Module__diagsIncluded__C                    
0001b5f4  ti_sysbios_knl_Semaphore_Module__diagsMask__C                        
0001b5f8  ti_sysbios_knl_Swi_Object__count__C                                  
0001b5fc  ti_sysbios_knl_Task_A_badPriority__C                                 
0001b600  ti_sysbios_knl_Task_A_badTaskState__C                                
0001b604  ti_sysbios_knl_Task_A_badThreadType__C                               
0001b608  ti_sysbios_knl_Task_A_badTimeout__C                                  
0001b60c  ti_sysbios_knl_Task_A_noPendElem__C                                  
0001b610  ti_sysbios_knl_Task_A_sleepTaskDisabled__C                           
0001b614  ti_sysbios_knl_Task_E_spOutOfBounds__C                               
0001b618  ti_sysbios_knl_Task_E_stackOverflow__C                               
0001b61c  ti_sysbios_knl_Task_Module_State_inactiveQ__O                        
0001b620  ti_sysbios_knl_Task_Module__diagsEnabled__C                          
0001b624  ti_sysbios_knl_Task_Module__diagsIncluded__C                         
0001b628  ti_sysbios_knl_Task_Module__diagsMask__C                             
0001b62c  ti_sysbios_knl_Task_Object__count__C                                 
0001b630  ti_sysbios_knl_Task_allBlockedFunc__C                                
0001b634  ti_sysbios_knl_Task_defaultStackHeap__C                              
0001b638  ti_sysbios_knl_Task_defaultStackSize__C                              
0001b63c  ti_sysbios_knl_Task_numConstructedTasks__C                           
0001b644  xdc_runtime_Assert_E_assertFailed__C                                 
0001b648  xdc_runtime_Core_A_initializedParams__C                              
0001b64c  xdc_runtime_Core_Module__diagsEnabled__C                             
0001b650  xdc_runtime_Core_Module__diagsIncluded__C                            
0001b654  xdc_runtime_Core_Module__diagsMask__C                                
0001b658  xdc_runtime_Error_E_generic__C                                       
0001b65c  xdc_runtime_Error_E_memory__C                                        
0001b660  xdc_runtime_Error_Module__diagsEnabled__C                            
0001b664  xdc_runtime_Error_Module__diagsIncluded__C                           
0001b668  xdc_runtime_Error_Module__diagsMask__C                               
0001b66c  xdc_runtime_Error_Module__loggerFxn8__C                              
0001b670  xdc_runtime_Error_Module__loggerObj__C                               
0001b674  xdc_runtime_Error_policyFxn__C                                       
0001b678  xdc_runtime_Error_raiseHook__C                                       
0001b67c  xdc_runtime_IGateProvider_Interface__BASE__C                         
0001b680  xdc_runtime_IHeap_Interface__BASE__C                                 
0001b684  xdc_runtime_IModule_Interface__BASE__C                               
0001b688  xdc_runtime_Log_L_error__C                                           
0001b68c  xdc_runtime_Memory_defaultHeapInstance__C                            
0001b690  xdc_runtime_Startup_execImpl__C                                      
0001b694  xdc_runtime_Startup_lastFxns__A                                      
0001b698  xdc_runtime_Startup_maxPasses__C                                     
0001b69c  xdc_runtime_Startup_sfxnRts__C                                       
0001b6a0  xdc_runtime_Startup_sfxnTab__C                                       
0001b6a4  xdc_runtime_SysMin_bufSize__C                                        
0001b6a8  xdc_runtime_SysMin_outputFunc__C                                     
0001b6ac  xdc_runtime_System_Module__gateObj__C                                
0001b6b0  xdc_runtime_System_abortFxn__C                                       
0001b6b4  xdc_runtime_System_exitFxn__C                                        
0001b6b8  xdc_runtime_System_extendFxn__C                                      
0001b6bc  xdc_runtime_System_maxAtexitHandlers__C                              
0001b6c0  xdc_runtime_Text_charTab__C                                          
0001b6c4  xdc_runtime_Text_nameEmpty__C                                        
0001b6c8  xdc_runtime_Text_nameStatic__C                                       
0001b6cc  xdc_runtime_Text_nameUnknown__C                                      
0001b6d0  xdc_runtime_Text_nodeTab__C                                          
0001b6d4  xdc_runtime_Text_visitRopeFxn__C                                     
0001b6d8  ti_sysbios_gates_GateMutex_Module__id__C                             
0001b6da  ti_sysbios_hal_Hwi_Module__id__C                                     
0001b6dc  ti_sysbios_heaps_HeapMem_Module__id__C                               
0001b6de  ti_sysbios_knl_Clock_Module__id__C                                   
0001b6e0  ti_sysbios_knl_Semaphore_Module__id__C                               
0001b6e2  ti_sysbios_knl_Task_Module__id__C                                    
0001b6e4  xdc_runtime_Core_Module__id__C                                       
0001b6e6  xdc_runtime_Error_Module__loggerDefined__C                           
0001b6e8  xdc_runtime_Error_maxDepth__C                                        
0001b6ea  xdc_runtime_Main_Module__id__C                                       
0001b6ec  xdc_runtime_Memory_Module__id__C                                     
0001b6ee  xdc_runtime_SysMin_flushAtExit__C                                    
0001b6f0  xdc_runtime_Text_charCnt__C                                          
0001b6f2  xdc_runtime_Text_isLoaded__C                                         
0001b6f4  xdc_runtime_Text_registryModsLastId__C                               
0001b6f6  xdc_runtime_Text_unnamedModsLastId__C                                
0001b6f8  __TI_static_base__                                                   
0001bfc8  __TI_Handler_Table_Base                                              
0001bfd4  __TI_Handler_Table_Limit                                             
0001bfe8  __TI_CINIT_Base                                                      
0001c000  __TI_CINIT_Limit                                                     
20000000  __start___llvm_prf_cnts                                              
20000000  __stop___llvm_prf_cnts                                               
20000000  ti_sysbios_family_arm_m3_Hwi_ramVectors                              
20000400  task0Stack                                                           
20000c00  taskTouchStack                                                       
20001400  psDMAControlTable                                                    
20001800  ti_sysbios_heaps_HeapMem_Instance_State_0_buf__A                     
20001c00  ti_sysbios_family_arm_m3_Hwi_dispatchTable                           
20001f60  ti_sysbios_knl_Task_Instance_State_0_stack__A                        
200022a0  __CIOBUF_                                                            
200023c0  i2cTivaObjects                                                       
200024c0  uartTivaObjects                                                      
2000261c  xdc_runtime_SysMin_Module_State_0_outbuf__A                          
2000269c  task0Struct                                                          
200026ec  taskTouchStruct                                                      
2000273c  motorLibPWMObjects                                                   
20002774  sContext                                                             
200027e0  uartTivaRingBuffer                                                   
20002800  datetime                                                             
20002818  motorLibPWMTimerObjects                                              
20002858  AccBox                                                               
20002860  Banner                                                               
20002868  BannerB                                                              
20002870  CurrBox                                                              
20002878  Distbox                                                              
20002880  clearBox                                                             
20002888  graphClear                                                           
20002890  parmbuf                                                              
20002898  g_pi32ParmSet                                                        
200028a0  g_ui32Panel                                                          
200028a8  timerclock                                                           
200028ac  uart                                                                 
200028b0  g_i16TouchX                                                          
200028b2  g_i16TouchY                                                          
200028b8  g_psSliders                                                          
20002ae0  g_psPanels                                                           
20002ce0  dd                                                                   
20002e70  g_psRadioButtonIndicators                                            
20002ff0  sidertestC                                                           
200030f0  g_psCheckBoxIndicators                                               
200031b0  g_psCheckBoxes                                                       
20003270  g_psRadioButtons1                                                    
20003330  g_psRadioButtons2                                                    
200033f0  ti_sysbios_family_arm_lm4_Timer_Object__table__V                     
20003470  ti_sysbios_knl_Swi_Module_State_0_readyQ__A                          
200034f0  ti_sysbios_knl_Task_Module_State_0_readyQ__A                         
20003570  g_psRadioContainers                                                  
200035e0  MotorSpeedSlider                                                     
2000363c  slidertest                                                           
20003698  AccDownBtn                                                           
200036e8  AccUpBtn                                                             
20003738  CurrentDownBtn                                                       
20003788  CurrentUpBtn                                                         
200037d8  DistDownBtn                                                          
20003828  DistUpBtn                                                            
20003878  GraphPgBtn                                                           
200038c8  LightGraphBtn                                                        
20003918  MotorGraphBtn                                                        
20003968  MotorMode                                                            
200039b8  MotorPgBtn                                                           
20003a08  PowerGraphBtn                                                        
20003a58  SensorPgBtn                                                          
20003aa8  TestGraphBtn                                                         
20003af8  backGraphBtn                                                         
20003b48  backGraphSelectBtn                                                   
20003b98  backMotorBtn                                                         
20003be8  backSensorBtn                                                        
20003c38  brrrr2                                                               
20003c88  brrrr                                                                
20003cd8  ti_sysbios_knl_Task_Object__table__V                                 
20003d24  ti_sysbios_family_arm_m3_Hwi_Object__table__V                        
20003d6c  ti_sysbios_knl_Task_Module__state__V                                 
20003db0  g_Acceleration                                                       
20003df0  g_MotorStat                                                          
20003e30  g_sCanvas1                                                           
20003e70  g_sCanvas2                                                           
20003eb0  g_sCanvas3                                                           
20003ef0  g_sIntroduction                                                      
20003f30  g_sPrimitives                                                        
20003f70  g_sSliderValueCanvas                                                 
20003fb0  g_scompass                                                           
20003ff0  ti_sysbios_family_arm_lm4_Timer_Module_State_0_device__A             
20004030  ti_sysbios_hal_SecondsClock_Module__state__V                         
20004070  motorStartStop                                                       
20004071  HA                                                                   
20004072  HB                                                                   
20004073  HC                                                                   
20004074  LowLight                                                             
20004078  lux                                                                  
20004080  objectdist                                                           
20004088  ongraph                                                              
2000408c  currentDirection                                                     
20004090  CurrentMotorStat                                                     
20004094  CurrentAcceleration                                                  
20004098  x1                                                                   
2000409c  x2                                                                   
200040a0  y1                                                                   
200040a4  y2                                                                   
200040a8  g_sContainer1                                                        
200040e0  g_sContainer2                                                        
20004118  g_sContainer3                                                        
20004150  ti_sysbios_gates_GateMutex_Object__table__V                          
20004188  ti_sysbios_family_arm_m3_Hwi_Module__state__V                        
200041bc  ti_sysbios_knl_Swi_Object__table__V                                  
200041ec  g_sRoot                                                              
2000421a  ti_sysbios_family_arm_m3_Hwi_Module_State_0_excActive__A             
2000421c  ti_sysbios_knl_Clock_Module__state__V                                
20004248  ti_sysbios_BIOS_Module__state__V                                     
2000426c  ti_sysbios_family_arm_lm4_Timer_Module_State_0_handles__A            
2000428c  gpioPinConfigs                                                       
200042a8  ti_sysbios_knl_Swi_Module__state__V                                  
200042dc  ti_sysbios_heaps_HeapMem_Object__table__V                            
200042f4  ti_sysbios_family_arm_lm4_Timer_Module__state__V                     
20004300  xdc_runtime_SysMin_Module__state__V                                  
2000430c  _lock                                                                
20004310  _unlock                                                              
20004314  gpioCallbackFunctions                                                
2000431c  ti_sysbios_family_arm_lm4_Timer_Module__root__V                      
20004324  ti_sysbios_family_arm_lm4_TimestampProvider_Module__state__V         
2000432c  ti_sysbios_family_arm_m3_Hwi_Module__root__V                         
20004334  ti_sysbios_gates_GateHwi_Module__root__V                             
2000433c  ti_sysbios_gates_GateMutex_Module__root__V                           
20004344  ti_sysbios_hal_Timer_Module__root__V                                 
2000434c  ti_sysbios_heaps_HeapMem_Module__root__V                             
20004354  ti_sysbios_knl_Clock_Module__root__V                                 
2000435c  ti_sysbios_knl_Queue_Module__root__V                                 
20004364  ti_sysbios_knl_Semaphore_Module__root__V                             
2000436c  ti_sysbios_knl_Task_Module__root__V                                  
20004374  xdc_runtime_Registry_Module__state__V                                
2000437c  xdc_runtime_Startup_Module__state__V                                 
20004384  xdc_runtime_System_Module_State_0_atexitHandlers__A                  
2000438c  xdc_runtime_System_Module__state__V                                  
2000439a  xdc_runtime_Error_Module__state__V                                   
200043a4  errno                                                                
200043a8  main_func_sp                                                         
200043ac  ti_sysbios_family_arm_m3_Hwi_Module_State_0_excContext__A            
200043b0  ti_sysbios_family_arm_m3_Hwi_Module_State_0_excStack__A              
200043b4  ti_sysbios_gates_GateHwi_Object__table__V                            
200043b8  ti_sysbios_knl_Task_Module_State_0_idleTask__A                       
200043bc  g_i16TouchMin                                                        
200043c0  xdc_runtime_Memory_Module__state__V                                  
200043c8  __stack                                                              
200046c8  __STACK_END                                                          
e000e000  ti_sysbios_family_arm_m3_Hwi_nvic                                    
ffffffff  __TI_pprof_out_hndl                                                  
ffffffff  __TI_prof_data_size                                                  
ffffffff  __TI_prof_data_start                                                 
ffffffff  __binit__                                                            
ffffffff  __c_args__                                                           
ffffffff  binit                                                                
UNDEFED   SHT$$INIT_ARRAY$$Base                                                
UNDEFED   SHT$$INIT_ARRAY$$Limit                                               

[1004 symbols]
