******************************************************************************
                  TI ARM Linker PC v20.2.5                     
******************************************************************************
>> Linked Fri May  6 17:11:56 2022

OUTPUT FILE NAME:   <EGH456MotorProject.out>
ENTRY POINT SYMBOL: "_c_int00"  address: 00008ef5


MEMORY CONFIGURATION

         name            origin    length      used     unused   attr    fill
----------------------  --------  ---------  --------  --------  ----  --------
  FLASH                 00000000   00100000  0001239c  000edc64  R  X
  SRAM                  20000000   00040000  00001fec  0003e014  RW X


SEGMENT ALLOCATION MAP

run origin  load origin   length   init length attrs members
----------  ----------- ---------- ----------- ----- -------
00000000    00000000    000123a8   000123a8    r-x
  00000000    00000000    0000003c   0000003c    r-- .resetVecs
  00000040    00000040    0000ba82   0000ba82    r-x .text
  0000bac4    0000bac4    0000661e   0000661e    r-- .const
  000120e8    000120e8    000002c0   000002c0    r-- .cinit
20000000    20000000    00001ff0   00000000    rw-
  20000000    20000000    00000360   00000000    rw- .vecs
  20000360    20000360    000013c8   00000000    rw- .bss
  20001728    20001728    000005c4   00000000    rw- .data
  20001cf0    20001cf0    00000300   00000000    rw- .stack


SECTION ALLOCATION MAP

 output                                  attributes/
section   page    origin      length       input sections
--------  ----  ----------  ----------   ----------------
.text      0    00000040    0000ba82     
                  00000040    00000a4e     rtsv7M4_T_le_v4SPD16_eabi.lib : _printfi.c.obj (.text:__TI_printfi)
                  00000a8e    00000002                                   : _lock.c.obj (.text:_nop)
                  00000a90    00000430     sysbios.aem4f : BIOS.obj (.text:ti_sysbios_family_arm_m3_Hwi_excDumpRegs__I)
                  00000ec0    00000374     grlib.lib : image.obj (.text:InternalImageDraw)
                  00001234    0000034c     ti.targets.arm.rtsarm.aem4f : System.oem4f (.text:xdc_runtime_System_doPrint__I)
                  00001580    000002f8     grlib.lib : image.obj (.text:PixelTransparentDraw)
                  00001878    000002b0     Clock.obj (.text:timeConvert)
                  00001b28    000002a4     sysbios.aem4f : BIOS.obj (.text:ti_sysbios_knl_Semaphore_pend__E)
                  00001dcc    00000278     frame.obj (.text:FrameDraw)
                  00002044    00000270     rtsv7M4_T_le_v4SPD16_eabi.lib : _printfi.c.obj (.text:_pconv_a)
                  000022b4    00000004     driverlib.lib : i2c.obj (.text:I2CMasterControl)
                  000022b8    0000026c     sysbios.aem4f : BIOS.obj (.text:ti_sysbios_heaps_HeapMem_free__E)
                  00002524    00000268     touch.obj (.text:TouchScreenDebouncer)
                  0000278c    00000254     grlib.lib : string.obj (.text:GrFontGlyphRender)
                  000029e0    00000250     sysbios.aem4f : BIOS.obj (.text:ti_sysbios_heaps_HeapMem_alloc__E)
                  00002c30    00000234                   : BIOS.obj (.text:ti_sysbios_knl_Task_Instance_finalize__E)
                  00002e64    00000004     driverlib.lib : i2c.obj (.text:I2CMasterDataGet)
                  00002e68    0000021c     sysbios.aem4f : BIOS.obj (.text:ti_sysbios_family_arm_lm4_Timer_Instance_init__E)
                  00003084    0000020c     drivers_tivaware.aem4f : UARTTiva.oem4f (.text:UARTTiva_open)
                  00003290    00000204     Boot.aem4f : Boot_sysctl.oem4f (.text:ti_catalog_arm_cortexm4_tiva_ce_Boot_sysCtlClockFreqSetI__I)
                  00003494    00000004     driverlib.lib : i2c.obj (.text:I2CMasterDataPut)
                  00003498    000001f4     sysbios.aem4f : BIOS.obj (.text:ti_sysbios_family_arm_m3_Hwi_excHandlerMax__I)
                  0000368c    000001e4     Kentec320x240x16_ssd2119_spi.obj (.text:Kentec320x240x16_SSD2119Init)
                  00003870    000001dc     Kentec320x240x16_ssd2119_spi.obj (.text:Kentec320x240x16_SSD2119PixelDrawMultiple)
                  00003a4c    000001d0     rtsv7M4_T_le_v4SPD16_eabi.lib : _printfi.c.obj (.text:_pconv_g)
                  00003c1c    00000004     driverlib.lib : uart.obj (.text:UARTIntClear)
                  00003c20    000001c8     sysbios.aem4f : BIOS.obj (.text:ti_sysbios_knl_Task_sleep__E)
                  00003de8    000001c0                   : BIOS.obj (.text:ti_sysbios_knl_Task_Instance_init__E)
                  00003fa8    000001b6     rtsv7M4_T_le_v4SPD16_eabi.lib : fd_add_t2.asm.obj (.text)
                  0000415e    00000002                                   : div0.asm.obj (.text)
                  00004160    000001a4     pinout.obj (.text:PinoutSet)
                  00004304    00000190     grlib.lib : canvas.obj (.text:CanvasPaint)
                  00004494    0000017e               : pushbutton.obj (.text:RectangularButtonPaint)
                  00004612    00000002     empty_pem4f.oem4f (.text:ti_sysbios_BIOS_nullFunc__I)
                  00004614    00000178     touch.obj (.text:TouchScreenIntHandler)
                  0000478c    00000004     grlib.lib : widget.obj (.text:WidgetDefaultMsgProc)
                  00004790    00000174     sysbios.aem4f : BIOS.obj (.text:ti_sysbios_family_arm_m3_Hwi_excBusFault__I)
                  00004904    00000004     rtsv7M4_T_le_v4SPD16_eabi.lib : exit.c.obj (.text:abort:abort)
                  00004908    00000164     sysbios.aem4f : BIOS.obj (.text:ti_sysbios_family_arm_m3_Hwi_excUsageFault__I)
                  00004a6c    00000158     empty.obj (.text:main)
                  00004bc4    00000150     drivers_tivaware.aem4f : GPIOTiva.oem4f (.text:GPIO_setConfig)
                  00004d14    00000004     empty_pem4f.oem4f (.text:ti_sysbios_BIOS_RtsGateProxy_enter__E)
                  00004d18    00000148     sysbios.aem4f : BIOS.obj (.text:ti_sysbios_family_arm_m3_Hwi_excMemFault__I)
                  00004e60    0000013c     rtsv7M4_T_le_v4SPD16_eabi.lib : _printfi.c.obj (.text:_pconv_e)
                  00004f9c    00000004     empty_pem4f.oem4f (.text:ti_sysbios_BIOS_RtsGateProxy_leave__E)
                  00004fa0    0000013c     sysbios.aem4f : BIOS.obj (.text:ti_sysbios_heaps_HeapMem_Instance_init__E)
                  000050dc    00000136     rtsv7M4_T_le_v4SPD16_eabi.lib : fd_div_t2.asm.obj (.text)
                  00005212    00000130     driverlib.lib : gpio.obj (.text:GPIOPadConfigSet)
                  00005342    00000002     empty_pem4f.oem4f (.text:xdc_runtime_Startup_reset__I)
                  00005344    00000124     rtsv7M4_T_le_v4SPD16_eabi.lib : _printfi.c.obj (.text:fcvt)
                  00005468    00000118     ti.targets.arm.rtsarm.aem4f : Error.oem4f (.text:xdc_runtime_Error_policyDefault__E)
                  00005580    00000110     rtsv7M4_T_le_v4SPD16_eabi.lib : s_scalbn.c.obj (.text:scalbn)
                  00005690    0000010c     Kentec320x240x16_ssd2119_spi.obj (.text:Kentec320x240x16_SSD2119RectFill)
                  0000579c    0000010c     touch.obj (.text:TouchScreenInit)
                  000058a8    00000108     sysbios.aem4f : BIOS.obj (.text:ti_sysbios_family_arm_lm4_Timer_start__E)
                  000059b0    00000108                   : BIOS.obj (.text:ti_sysbios_knl_Clock_Instance_init__E)
                  00005ab8    00000100     ti.targets.arm.rtsarm.aem4f : Core-mem.oem4f (.text:xdc_runtime_Core_createObject__I)
                  00005bb8    000000fc     rtsv7M4_T_le_v4SPD16_eabi.lib : fd_mul_t2.asm.obj (.text)
                  00005cb4    000000f8                                   : s_floor.c.obj (.text:floor)
                  00005dac    000000f8     ti.targets.arm.rtsarm.aem4f : Startup.oem4f (.text:xdc_runtime_Startup_startMods__I)
                  00005ea4    000000f8     empty_pem4f.oem4f (.text:xdc_runtime_System_printfExtend__I)
                  00005f9c    000000f4     sysbios.aem4f : m3_Hwi_asm.obj (.text:ti_sysbios_family_arm_m3_Hwi_dispatch__I)
                  00006090    000000f2     grlib.lib : pushbutton.obj (.text:RectangularButtonClick)
                  00006182    00000006     driverlib.lib : gpio.obj (.text:GPIOIntClear)
                  00006188    000000ec     sysbios.aem4f : BIOS.obj (.text:ti_sysbios_knl_Semaphore_post__E)
                  00006274    000000e8     grlib.lib : widget.obj (.text:WidgetMessageQueueAdd)
                  0000635c    000000e0     drivers_tivaware.aem4f : I2CTiva.oem4f (.text:I2CTiva_open)
                  0000643c    000000d6                            : I2CTiva.oem4f (.text:I2CTiva_hwiFxn)
                  00006512    00000002     --HOLE-- [fill = 0]
                  00006514    000000cc     ti.targets.arm.rtsarm.aem4f : Core-smem.oem4f (.text:xdc_runtime_Core_constructObject__I)
                  000065e0    000000c0     grlib.lib : string.obj (.text:GrDefaultStringRenderer)
                  000066a0    000000bc     sysbios.aem4f : BIOS.obj (.text:ti_sysbios_family_arm_m3_Hwi_excDebugMon__I)
                  0000675c    00000004                   : BIOS.obj (.text:ti_sysbios_family_arm_lm4_Timer_masterEnable__I)
                  00006760    000000bc                   : BIOS.obj (.text:ti_sysbios_family_arm_m3_Hwi_excHardFault__I)
                  0000681c    000000b8     EK_TM4C1294XL.obj (.text:EK_TM4C1294XL_initGeneral)
                  000068d4    000000b8     Kentec320x240x16_ssd2119_spi.obj (.text:InitSPILCDInterface)
                  0000698c    000000b4     grlib.lib : widget.obj (.text:WidgetMessageSendPostOrder)
                  00006a40    000000b4     empty.obj (.text:heartBeatFxn)
                  00006af4    00000004     empty_pem4f.oem4f (.text:ti_sysbios_family_arm_m3_Hwi_delete)
                  00006af8    000000b4     sysbios.aem4f : BIOS.obj (.text:ti_sysbios_gates_GateMutex_enter__E)
                  00006bac    00000004     empty_pem4f.oem4f (.text:ti_sysbios_family_arm_m3_Hwi_destruct)
                  00006bb0    000000b4     sysbios.aem4f : BIOS.obj (.text:ti_sysbios_knl_Task_checkStacks__E)
                  00006c64    000000b1     rtsv7M4_T_le_v4SPD16_eabi.lib : _printfi.c.obj (.text:_ltostr)
                  00006d15    00000001     --HOLE-- [fill = 0]
                  00006d16    000000ac     drivers_tivaware.aem4f : UARTTiva.oem4f (.text:readTaskBlocking)
                  00006dc2    00000006     driverlib.lib : gpio.obj (.text:GPIOPinRead)
                  00006dc8    000000ac     sysbios.aem4f : BIOS.obj (.text:ti_sysbios_family_arm_lm4_Timer_enableTiva__I)
                  00006e74    00000004     empty_pem4f.oem4f (.text:ti_sysbios_family_arm_m3_TaskSupport_Module__startupDone__S)
                  00006e78    000000a4     sysbios.aem4f : BIOS.obj (.text:ti_sysbios_knl_Clock_Instance_finalize__E)
                  00006f1c    000000a0     auto_init.aem4f : auto_init.oem4f (.text)
                  00006fbc    000000a0     ti.targets.arm.rtsarm.aem4f : Text.oem4f (.text:xdc_runtime_Text_putMod__E)
                  0000705c    0000009c     rtsv7M4_T_le_v4SPD16_eabi.lib : memcpy_t2.asm.obj (.text)
                  000070f8    0000009c     sysbios.aem4f : BIOS.obj (.text:ti_sysbios_knl_Semaphore_Instance_init__E)
                  00007194    0000009a     ti.targets.arm.rtsarm.aem4f : Text.oem4f (.text:xdc_runtime_Text_putSite__E)
                  0000722e    00000098     drivers_tivaware.aem4f : UARTTiva.oem4f (.text:UARTTiva_readPolling)
                  000072c6    00000002     --HOLE-- [fill = 0]
                  000072c8    00000098     Boot.aem4f : Boot.oem4f (.text:ti_catalog_arm_cortexm4_tiva_ce_Boot_sysCtlClockFreqSet__E)
                  00007360    00000096     rtsv7M4_T_le_v4SPD16_eabi.lib : ull_div_t2.asm.obj (.text)
                  000073f6    00000094     drivers_tivaware.aem4f : UARTTiva.oem4f (.text:UARTTiva_write)
                  0000748a    00000006     driverlib.lib : gpio.obj (.text:GPIOPinWrite)
                  00007490    00000094     sysbios.aem4f : BIOS.obj (.text:ti_sysbios_family_arm_m3_Hwi_Instance_init__E)
                  00007524    00000004     empty_pem4f.oem4f (.text:ti_sysbios_hal_Timer_TimerProxy_delete)
                  00007528    00000094     sysbios.aem4f : BIOS.obj (.text:ti_sysbios_family_arm_m3_Hwi_initNVIC__E)
                  000075bc    00000004     empty_pem4f.oem4f (.text:ti_sysbios_heaps_HeapMem_Module_GateProxy_enter__E)
                  000075c0    00000094     sysbios.aem4f : BIOS.obj (.text:ti_sysbios_knl_Task_postInit__I)
                  00007654    0000008c     drivers_tivaware.aem4f : GPIOTiva.oem4f (.text:GPIO_init)
                  000076e0    0000008c                            : UARTTiva.oem4f (.text:UARTTiva_control)
                  0000776c    0000008c     sysbios.aem4f : m3_TaskSupport_asm.obj (.text:ti_sysbios_family_arm_m3_TaskSupport_buildTaskStack)
                  000077f8    0000008c                   : BIOS.obj (.text:ti_sysbios_hal_SecondsClock_Module_startup__E)
                  00007884    0000008a     drivers_tivaware.aem4f : UARTTiva.oem4f (.text:readIsrTextBlocking)
                  0000790e    00000086     grlib.lib : rectangle.obj (.text:GrRectFill)
                  00007994    00000086     rtsv7M4_T_le_v4SPD16_eabi.lib : fd_cmp_t2.asm.obj (.text:__aeabi_cdcmple)
                  00007a1a    00000086                                   : fd_cmp_t2.asm.obj (.text:__aeabi_cdrcmple)
                  00007aa0    00000084     empty.obj (.text:StartStopBttnPress)
                  00007b24    00000004     empty_pem4f.oem4f (.text:ti_sysbios_heaps_HeapMem_Module_GateProxy_leave__E)
                  00007b28    00000084     sysbios.aem4f : BIOS.obj (.text:ti_sysbios_family_arm_m3_Hwi_postInit__I)
                  00007bac    00000082     drivers_tivaware.aem4f : UARTTiva.oem4f (.text:readIsrTextCallback)
                  00007c2e    0000007e                            : I2CTiva.oem4f (.text:I2CTiva_transfer)
                  00007cac    00000004     empty_pem4f.oem4f (.text:ti_sysbios_knl_Clock_TimerProxy_getFreq__E)
                  00007cb0    0000007c     sysbios.aem4f : BIOS.obj (.text:ti_sysbios_family_arm_lm4_Timer_disableTiva__I)
                  00007d2c    0000007a     driverlib.lib : adc.obj (.text:ADCSequenceStepConfigure)
                  00007da6    0000007a     drivers_tivaware.aem4f : UARTTiva.oem4f (.text:readTaskCallback)
                  00007e20    0000007a     rtsv7M4_T_le_v4SPD16_eabi.lib : memset_t2.asm.obj (.text)
                  00007e9a    00000006     grlib.lib : string.obj (.text:GrContextFontSet)
                  00007ea0    00000074     sysbios.aem4f : BIOS.obj (.text:ti_sysbios_knl_Clock_start__E)
                  00007f14    00000004     empty_pem4f.oem4f (.text:ti_sysbios_knl_Clock_TimerProxy_getMaxTicks__E)
                  00007f18    00000070     sysbios.aem4f : BIOS.obj (.text:ti_sysbios_knl_Clock_workFunc__E)
                  00007f88    00000070                   : BIOS.obj (.text:ti_sysbios_knl_Task_exit__E)
                  00007ff8    0000006e     rtsv7M4_T_le_v4SPD16_eabi.lib : _printfi.c.obj (.text:_mcpy)
                  00008066    00000002     --HOLE-- [fill = 0]
                  00008068    0000006d     ti.targets.arm.rtsarm.aem4f : System.oem4f (.text:xdc_runtime_System_formatNum__I)
                  000080d5    00000003     --HOLE-- [fill = 0]
                  000080d8    0000006c     empty_pem4f.oem4f (.text:ti_sysbios_family_arm_lm4_Timer_Object__create__S)
                  00008144    00000004     empty_pem4f.oem4f (.text:ti_sysbios_knl_Clock_TimerProxy_getPeriod__E)
                  00008148    0000006c     sysbios.aem4f : BIOS.obj (.text:ti_sysbios_knl_Swi_restoreHwi__E)
                  000081b4    0000006c     drivers_tivaware.aem4f : UARTTiva.oem4f (.text:writeData)
                  00008220    0000006c     ti.targets.arm.rtsarm.aem4f : Error.oem4f (.text:xdc_runtime_Error_print__E)
                  0000828c    0000006c                                 : Memory.oem4f (.text:xdc_runtime_Memory_alloc__E)
                  000082f8    00000068     EK_TM4C1294XL.obj (.text:EK_TM4C1294XL_initI2C)
                  00008360    00000068     grlib.lib : context.obj (.text:GrContextInit)
                  000083c8    00000068               : string.obj (.text:GrStringWidthGet)
                  00008430    00000068     driverlib.lib : interrupt.obj (.text:IntEnable)
                  00008498    00000068     Kentec320x240x16_ssd2119_spi.obj (.text:Kentec320x240x16_SSD2119LineDrawH)
                  00008500    00000068     Kentec320x240x16_ssd2119_spi.obj (.text:Kentec320x240x16_SSD2119LineDrawV)
                  00008568    00000068     rtsv7M4_T_le_v4SPD16_eabi.lib : copy_decompress_lzss.c.obj (.text:decompress:lzss:__TI_decompress_lzss)
                  000085d0    00000066     grlib.lib : context.obj (.text:GrContextClipRegionSet)
                  00008636    00000066               : rectangle.obj (.text:GrRectDraw)
                  0000869c    00000066     ti.targets.arm.rtsarm.aem4f : Core-mem.oem4f (.text:xdc_runtime_Core_deleteObject__I)
                  00008702    00000002     --HOLE-- [fill = 0]
                  00008704    00000064     drivers_tivaware.aem4f : GPIOTiva.oem4f (.text:GPIO_hwiIntFxn)
                  00008768    00000064     grlib.lib : widget.obj (.text:WidgetMessageQueueProcess)
                  000087cc    00000064     rtsv7M4_T_le_v4SPD16_eabi.lib : s_frexp.c.obj (.text:frexp)
                  00008830    00000064     sysbios.aem4f : BIOS.obj (.text:ti_sysbios_family_arm_lm4_Timer_Module_startup__E)
                  00008894    00000064     empty_pem4f.oem4f (.text:ti_sysbios_family_arm_m3_Hwi_create)
                  000088f8    00000064     sysbios.aem4f : BIOS.obj (.text:ti_sysbios_family_arm_m3_Hwi_dispatchC__I)
                  0000895c    00000064     empty_pem4f.oem4f (.text:ti_sysbios_hal_Timer_create)
                  000089c0    00000064     Clock.obj (.text:timer1sec)
                  00008a24    00000062     drivers_tivaware.aem4f : I2CTiva.oem4f (.text:I2CTiva_primeTransfer)
                  00008a86    00000002     --HOLE-- [fill = 0]
                  00008a88    00000060     driverlib.lib : timer.obj (.text:TimerConfigure)
                  00008ae8    00000060     Kentec320x240x16_ssd2119_spi.obj (.text:WriteDataSPI)
                  00008b48    00000060     sysbios.aem4f : BIOS.obj (.text:ti_sysbios_knl_Task_schedule__I)
                  00008ba8    0000005e     grlib.lib : widget.obj (.text:WidgetMessageSendPreOrder)
                  00008c06    0000005e     drivers_tivaware.aem4f : UARTTiva.oem4f (.text:readIsrBinaryBlocking)
                  00008c64    0000005c     Kentec320x240x16_ssd2119_spi.obj (.text:WriteCommandSPI)
                  00008cc0    0000005c     sysbios.aem4f : BIOS.obj (.text:ti_sysbios_knl_Swi_run__I)
                  00008d1c    00000004     empty_pem4f.oem4f (.text:ti_sysbios_knl_Clock_destruct)
                  00008d20    0000005c     sysbios.aem4f : BIOS.obj (.text:ti_sysbios_knl_Swi_schedule__I)
                  00008d7c    00000004     empty_pem4f.oem4f (.text:ti_sysbios_knl_Queue_destruct)
                  00008d80    0000005c     sysbios.aem4f : BIOS.obj (.text:ti_sysbios_knl_Task_Module_startup__E)
                  00008ddc    00000004     empty_pem4f.oem4f (.text:ti_sysbios_knl_Semaphore_destruct)
                  00008de0    0000005c     sysbios.aem4f : BIOS.obj (.text:ti_sysbios_knl_Task_startCore__E)
                  00008e3c    0000005b     ti.targets.arm.rtsarm.aem4f : Text.oem4f (.text:xdc_runtime_Text_putLab__E)
                  00008e97    00000001     --HOLE-- [fill = 0]
                  00008e98    0000005a     grlib.lib : string.obj (.text:FontWideGlyphDataGet)
                  00008ef2    00000002     --HOLE-- [fill = 0]
                  00008ef4    00000058     boot.aem4f : boot.oem4f (.text)
                  00008f4c    00000058     rtsv7M4_T_le_v4SPD16_eabi.lib : hostwrite.c.obj (.text:HOSTwrite)
                  00008fa4    00000058     driverlib.lib : timer.obj (.text:TimerControlTrigger)
                  00008ffc    00000004     ti.targets.arm.rtsarm.aem4f : Error.oem4f (.text:xdc_runtime_Error_getSite__E)
                  00009000    00000058     sysbios.aem4f : BIOS.obj (.text:ti_sysbios_family_arm_lm4_Timer_Instance_finalize__E)
                  00009058    00000058     empty_pem4f.oem4f (.text:ti_sysbios_family_arm_m3_Hwi_construct)
                  000090b0    00000058     sysbios.aem4f : m3_Hwi_asm_switch.obj (.text:ti_sysbios_family_arm_m3_Hwi_initStacks__E)
                  00009108    00000056     driverlib.lib : gpio.obj (.text:GPIOIntTypeSet)
                  0000915e    00000056     rtsv7M4_T_le_v4SPD16_eabi.lib : _printfi.c.obj (.text:_pconv_f)
                  000091b4    00000054                                   : _ltoa.c.obj (.text:__TI_ltoa)
                  00009208    00000054     drivers_tivaware.aem4f : UARTTiva.oem4f (.text:readIsrBinaryCallback)
                  0000925c    00000004     empty_pem4f.oem4f (.text:xdc_runtime_System_Module_GateProxy_enter__E)
                  00009260    00000054     sysbios.aem4f : BIOS.obj (.text:ti_sysbios_family_arm_lm4_Timer_initDevice__I)
                  000092b4    00000054     empty_pem4f.oem4f (.text:ti_sysbios_knl_Task_construct)
                  00009308    00000054     ti.targets.arm.rtsarm.aem4f : Assert.oem4f (.text:xdc_runtime_Assert_raise__I)
                  0000935c    00000052     rtsv7M4_T_le_v4SPD16_eabi.lib : _printfi.c.obj (.text:_ecpy)
                  000093ae    00000002     --HOLE-- [fill = 0]
                  000093b0    00000050     drivers_tivaware.aem4f : GPIOTiva.oem4f (.text:GPIO_setCallback)
                  00009400    00000050                            : GPIOTiva.oem4f (.text:GPIO_toggle)
                  00009450    00000050                            : GPIOTiva.oem4f (.text:GPIO_write)
                  000094a0    00000050                            : UARTTiva.oem4f (.text:UARTTiva_writeCancel)
                  000094f0    00000050     Boot.aem4f : Boot_sysctl.oem4f (.text:_SysCtlFrequencyGet)
                  00009540    00000050     sysbios.aem4f : BIOS.obj (.text:ti_sysbios_family_arm_m3_Hwi_Module_startup__E)
                  00009590    00000050     ti.targets.arm.rtsarm.aem4f : Startup.oem4f (.text:xdc_runtime_Startup_exec__E)
                  000095e0    00000050                                 : Text.oem4f (.text:xdc_runtime_Text_visitRope2__I)
                  00009630    0000004c     drivers_tivaware.aem4f : UARTTiva.oem4f (.text:UARTTiva_close)
                  0000967c    0000004c     rtsv7M4_T_le_v4SPD16_eabi.lib : atoi.c.obj (.text:atoi)
                  000096c8    0000004c                                   : cpy_tbl.c.obj (.text:copy_in)
                  00009714    00000004     empty_pem4f.oem4f (.text:xdc_runtime_System_Module_GateProxy_leave__E)
                  00009718    0000004c     sysbios.aem4f : BIOS.obj (.text:ti_sysbios_heaps_HeapMem_getStats__E)
                  00009764    00000004     ti.targets.arm.rtsarm.aem4f : System.oem4f (.text:xdc_runtime_System_aprintf_va__F)
                  00009768    0000004c     sysbios.aem4f : BIOS.obj (.text:ti_sysbios_knl_Swi_runLoop__I)
                  000097b4    00000004     ti.targets.arm.rtsarm.aem4f : System.oem4f (.text:xdc_runtime_System_printf_va__F)
                  000097b8    0000004c     sysbios.aem4f : BIOS.obj (.text:ti_sysbios_knl_Task_allBlockedFunction__I)
                  00009804    0000004a     grlib.lib : string.obj (.text:UpdateContextCharMapping)
                  0000984e    00000002     --HOLE-- [fill = 0]
                  00009850    00000048     driverlib.lib : gpio.obj (.text:GPIOPinConfigure)
                  00009898    00000048                   : i2c.obj (.text:I2CMasterInitExpClk)
                  000098e0    00000048     rtsv7M4_T_le_v4SPD16_eabi.lib : fd_toi_t2.asm.obj (.text)
                  00009928    00000048     sysbios.aem4f : BIOS.obj (.text:ti_sysbios_family_arm_lm4_Timer_enableTimers__I)
                  00009970    00000048                   : BIOS.obj (.text:ti_sysbios_family_arm_m3_Hwi_disableInterrupt__E)
                  000099b8    00000048                   : BIOS.obj (.text:ti_sysbios_family_arm_m3_Hwi_enableInterrupt__E)
                  00009a00    00000048                   : BIOS.obj (.text:ti_sysbios_family_arm_m3_Hwi_excReserved__I)
                  00009a48    00000048                   : BIOS.obj (.text:ti_sysbios_hal_SecondsClock_increment__I)
                  00009a90    00000046     grlib.lib : line.obj (.text:GrLineDrawH)
                  00009ad6    00000046               : line.obj (.text:GrLineDrawV)
                  00009b1c    00000046     Kentec320x240x16_ssd2119_spi.obj (.text:Kentec320x240x16_SSD2119PixelDraw)
                  00009b62    00000046     drivers_tivaware.aem4f : RingBuf.oem4f (.text:RingBuf_put)
                  00009ba8    00000046     UARTLocal.obj (.text:initUART)
                  00009bee    00000046     ti.targets.arm.rtsarm.aem4f : Core-params.oem4f (.text:xdc_runtime_Core_assignParams__I)
                  00009c34    00000004     --HOLE-- [fill = 0]
                  00009c38    00000044     sysbios.aem4f : BIOS.obj (.text:ti_sysbios_family_arm_lm4_Timer_isrStub__E)
                  00009c7c    00000004     --HOLE-- [fill = 0]
                  00009c80    00000044                   : BIOS.obj (.text:ti_sysbios_family_arm_m3_Hwi_getStackInfo__E)
                  00009cc4    00000004     --HOLE-- [fill = 0]
                  00009cc8    00000044                   : BIOS.obj (.text:ti_sysbios_knl_Swi_post__E)
                  00009d0c    00000044     ti.targets.arm.rtsarm.aem4f : Error.oem4f (.text:xdc_runtime_Error_setX__E)
                  00009d50    00000044                                 : SysMin.oem4f (.text:xdc_runtime_SysMin_flush__E)
                  00009d94    00000044                                 : Text.oem4f (.text:xdc_runtime_Text_xprintf__I)
                  00009dd8    00000042     driverlib.lib : uart.obj (.text:UARTConfigSetExpClk)
                  00009e1a    00000042     drivers_tivaware.aem4f : UARTTiva.oem4f (.text:UARTTiva_hwiIntFxn)
                  00009e5c    00000042                            : UARTTiva.oem4f (.text:UARTTiva_writePolling)
                  00009e9e    00000040                            : RingBuf.oem4f (.text:RingBuf_get)
                  00009ede    00000040                            : UARTTiva.oem4f (.text:UARTTiva_read)
                  00009f1e    00000040     rtsv7M4_T_le_v4SPD16_eabi.lib : u_divt2.asm.obj (.text)
                  00009f5e    00000002     --HOLE-- [fill = 0]
                  00009f60    00000040                                   : sprintf.c.obj (.text:sprintf)
                  00009fa0    00000040     sysbios.aem4f : BIOS.obj (.text:ti_sysbios_family_arm_lm4_Timer_startup__E)
                  00009fe0    00000040                   : BIOS.obj (.text:ti_sysbios_hal_SecondsClock_getTime__E)
                  0000a020    0000003e     driverlib.lib : adc.obj (.text:ADCSequenceConfigure)
                  0000a05e    0000003e     rtsv7M4_T_le_v4SPD16_eabi.lib : _printfi.c.obj (.text:_fcpy)
                  0000a09c    0000003c     driverlib.lib : ssi.obj (.text:SSIConfigSetExpClk)
                  0000a0d8    0000003c     sysbios.aem4f : BIOS.obj (.text:ti_sysbios_family_arm_m3_Hwi_excSvCall__I)
                  0000a114    00000004     --HOLE-- [fill = 0]
                  0000a118    0000003c                   : BIOS.obj (.text:ti_sysbios_heaps_HeapMem_init__I)
                  0000a154    00000004     --HOLE-- [fill = 0]
                  0000a158    0000003c                   : BIOS.obj (.text:ti_sysbios_knl_Swi_restore__E)
                  0000a194    0000003a     grlib.lib : string.obj (.text:FontGlyphDataGet)
                  0000a1ce    0000003a     drivers_tivaware.aem4f : I2CTiva.oem4f (.text:I2CTiva_completeTransfer)
                  0000a208    00000038                            : I2C.oem4f (.text:I2C_init)
                  0000a240    00000038                            : UART.oem4f (.text:UART_init)
                  0000a278    00000038     rtsv7M4_T_le_v4SPD16_eabi.lib : trgmsg.c.obj (.text:__TI_writemsg)
                  0000a2b0    00000038     sysbios.aem4f : BIOS.obj (.text:ti_sysbios_family_arm_m3_Hwi_excNoIsr__I)
                  0000a2e8    00000038                   : BIOS.obj (.text:ti_sysbios_knl_Task_processVitalTaskFlag__I)
                  0000a320    00000038     ti.targets.arm.rtsarm.aem4f : SysMin.oem4f (.text:xdc_runtime_SysMin_putch__E)
                  0000a358    00000038                                 : System.oem4f (.text:xdc_runtime_System_atexit__E)
                  0000a390    00000036     drivers_tivaware.aem4f : I2CTiva.oem4f (.text:I2CTiva_close)
                  0000a3c6    00000036                            : UARTTiva.oem4f (.text:UARTTiva_readCancel)
                  0000a3fc    00000034     driverlib.lib : sysctl.obj (.text:SysCtlPeripheralEnable)
                  0000a430    00000034     rtsv7M4_T_le_v4SPD16_eabi.lib : trgmsg.c.obj (.text:__TI_readmsg)
                  0000a464    00000004     --HOLE-- [fill = 0]
                  0000a468    00000034     sysbios.aem4f : BIOS.obj (.text:ti_sysbios_family_arm_lm4_Timer_setPeriodMicroSecs__E)
                  0000a49c    00000004     --HOLE-- [fill = 0]
                  0000a4a0    00000034                   : BIOS.obj (.text:ti_sysbios_family_arm_m3_Hwi_Instance_finalize__E)
                  0000a4d4    00000004     --HOLE-- [fill = 0]
                  0000a4d8    00000034                   : BIOS.obj (.text:ti_sysbios_family_arm_m3_Hwi_excNmi__I)
                  0000a50c    00000004     --HOLE-- [fill = 0]
                  0000a510    00000034                   : BIOS.obj (.text:ti_sysbios_hal_Hwi_checkStack)
                  0000a544    00000034     empty_pem4f.oem4f (.text:ti_sysbios_knl_Clock_construct)
                  0000a578    00000034     ti.targets.arm.rtsarm.aem4f : Core-label.oem4f (.text:xdc_runtime_Core_assignLabel__I)
                  0000a5ac    00000033                                 : Text.oem4f (.text:xdc_runtime_Text_printVisFxn__I)
                  0000a5df    00000001     --HOLE-- [fill = 0]
                  0000a5e0    00000032     sysbios.aem4f : BIOS.obj (.text:ti_sysbios_hal_Hwi_initStack)
                  0000a612    00000002     --HOLE-- [fill = 0]
                  0000a614    00000030     drivers_tivaware.aem4f : UART.oem4f (.text:UART_open)
                  0000a644    00000030     empty_pem4f.oem4f (.text:ti_sysbios_BIOS_atExitFunc__I)
                  0000a674    00000004     --HOLE-- [fill = 0]
                  0000a678    00000030     sysbios.aem4f : BIOS.obj (.text:ti_sysbios_family_arm_lm4_Timer_stop__E)
                  0000a6a8    00000030                   : BIOS.obj (.text:ti_sysbios_family_arm_m3_TaskSupport_start__E)
                  0000a6d8    00000030     empty_pem4f.oem4f (.text:ti_sysbios_gates_GateHwi_Object__create__S)
                  0000a708    00000030     empty_pem4f.oem4f (.text:ti_sysbios_gates_GateMutex_Object__create__S)
                  0000a738    00000030     empty_pem4f.oem4f (.text:ti_sysbios_heaps_HeapMem_Object__create__S)
                  0000a768    00000030     empty_pem4f.oem4f (.text:ti_sysbios_knl_Semaphore_construct)
                  0000a798    00000030     sysbios.aem4f : BIOS.obj (.text:ti_sysbios_knl_Semaphore_pendTimeout__I)
                  0000a7c8    00000030                   : BIOS.obj (.text:ti_sysbios_knl_Task_unblockI__E)
                  0000a7f8    00000030     ti.targets.arm.rtsarm.aem4f : SysMin.oem4f (.text:xdc_runtime_SysMin_abort__E)
                  0000a828    00000030                                 : System.oem4f (.text:xdc_runtime_System_processAtExit__E)
                  0000a858    0000002e     grlib.lib : string.obj (.text:GrStringNextCharGet)
                  0000a886    0000002e     rtsv7M4_T_le_v4SPD16_eabi.lib : i_tofd_t2.asm.obj (.text)
                  0000a8b4    0000002c     EK_TM4C1294XL.obj (.text:EK_TM4C1294XL_initUART)
                  0000a8e0    0000002c     grlib.lib : string.obj (.text:GrFontBaselineGet)
                  0000a90c    0000002c               : string.obj (.text:GrFontHeightGet)
                  0000a938    0000002c               : pushbutton.obj (.text:RectangularButtonMsgProc)
                  0000a964    0000002c               : widget.obj (.text:WidgetIsInTree)
                  0000a990    0000002c     empty_pem4f.oem4f (.text:ti_sysbios_knl_Clock_doTick__I)
                  0000a9bc    0000002c     empty_pem4f.oem4f (.text:ti_sysbios_knl_Queue_construct)
                  0000a9e8    0000002c     sysbios.aem4f : BIOS.obj (.text:ti_sysbios_knl_Task_restore__E)
                  0000aa14    0000002c     ti.targets.arm.rtsarm.aem4f : Text.oem4f (.text:xdc_runtime_Text_cordText__E)
                  0000aa40    0000002a     driverlib.lib : gpio.obj (.text:GPIODirModeSet)
                  0000aa6a    0000002a     ti.targets.arm.rtsarm.aem4f : System.oem4f (.text:xdc_runtime_System_putchar__I)
                  0000aa94    00000028     empty.obj (.text:HAF)
                  0000aabc    00000028     empty.obj (.text:HBF)
                  0000aae4    00000028     empty.obj (.text:HCF)
                  0000ab0c    00000028     Kentec320x240x16_ssd2119_spi.obj (.text:Kentec320x240x16_SSD2119ColorTranslate)
                  0000ab34    00000004     --HOLE-- [fill = 0]
                  0000ab38    00000028     sysbios.aem4f : BIOS.obj (.text:ti_sysbios_hal_Timer_Instance_init__E)
                  0000ab60    00000028                   : BIOS.obj (.text:ti_sysbios_knl_Clock_addI__E)
                  0000ab88    00000028                   : BIOS.obj (.text:ti_sysbios_knl_Swi_Module_startup__E)
                  0000abb0    00000026     grlib.lib : string.obj (.text:GrFontInfoGet)
                  0000abd6    00000026     sysbios.aem4f : m3_Hwi_asm.obj (.text:ti_sysbios_family_arm_m3_Hwi_pendSV__I)
                  0000abfc    00000026     ti.targets.arm.rtsarm.aem4f : System.oem4f (.text:xdc_runtime_System_avprintf__E)
                  0000ac22    00000002     --HOLE-- [fill = 0]
                  0000ac24    00000024     empty_pem4f.oem4f (.text:ti_sysbios_BIOS_errorRaiseHook__I)
                  0000ac48    00000024     empty_pem4f.oem4f (.text:ti_sysbios_BIOS_registerRTSLock__I)
                  0000ac6c    00000024     empty_pem4f.oem4f (.text:ti_sysbios_BIOS_removeRTSLock__I)
                  0000ac90    00000024     empty_pem4f.oem4f (.text:ti_sysbios_BIOS_startFunc__I)
                  0000acb4    00000024     empty_pem4f.oem4f (.text:ti_sysbios_gates_GateMutex_Object__delete__S)
                  0000acd8    00000024     sysbios.aem4f : BIOS.obj (.text:ti_sysbios_knl_Clock_Module_startup__E)
                  0000acfc    00000004     --HOLE-- [fill = 0]
                  0000ad00    00000024                   : BIOS.obj (.text:ti_sysbios_knl_Task_restoreHwi__E)
                  0000ad24    00000024     ti.targets.arm.rtsarm.aem4f : System.oem4f (.text:xdc_runtime_System_vprintf__E)
                  0000ad48    00000022     grlib.lib : string.obj (.text:GrFontGlyphDataGet)
                  0000ad6a    00000006     driverlib.lib : i2c.obj (.text:I2CMasterIntDisable)
                  0000ad70    00000022     sysbios.aem4f : BIOS.obj (.text:ti_sysbios_family_arm_lm4_Timer_write__I)
                  0000ad92    00000022     empty_pem4f.oem4f (.text:xdc_runtime_SysMin_output__I)
                  0000adb4    00000020     Boot.aem4f : Boot_sysctl.oem4f (.text:_SysCtlMemTimingGet)
                  0000add4    00000020     rtsv7M4_T_le_v4SPD16_eabi.lib : u_tofd_t2.asm.obj (.text)
                  0000adf4    00000020     empty_pem4f.oem4f (.text:ti_sysbios_BIOS_rtsLock__I)
                  0000ae14    00000020     empty_pem4f.oem4f (.text:ti_sysbios_family_arm_lm4_Timer_Object__delete__S)
                  0000ae34    00000004     --HOLE-- [fill = 0]
                  0000ae38    00000020     sysbios.aem4f : BIOS.obj (.text:ti_sysbios_family_arm_lm4_Timer_getFreq__E)
                  0000ae58    00000020     empty_pem4f.oem4f (.text:ti_sysbios_family_arm_m3_Hwi_Object__delete__S)
                  0000ae78    00000020     sysbios.aem4f : m3_Hwi_asm.obj (.text:ti_sysbios_family_arm_m3_Hwi_excHandlerAsm__I)
                  0000ae98    00000020                   : BIOS.obj (.text:ti_sysbios_family_arm_m3_Hwi_excHandler__I)
                  0000aeb8    00000020     empty_pem4f.oem4f (.text:ti_sysbios_gates_GateHwi_Object__delete__S)
                  0000aed8    00000020     empty_pem4f.oem4f (.text:ti_sysbios_heaps_HeapMem_Object__delete__S)
                  0000aef8    00000020     empty_pem4f.oem4f (.text:ti_sysbios_knl_Clock_Object__destruct__S)
                  0000af18    00000020     sysbios.aem4f : BIOS.obj (.text:ti_sysbios_knl_Idle_run__E)
                  0000af38    00000020     empty_pem4f.oem4f (.text:ti_sysbios_knl_Semaphore_Object__destruct__S)
                  0000af58    00000020     ti.targets.arm.rtsarm.aem4f : Registry.oem4f (.text:xdc_runtime_Registry_findById__E)
                  0000af78    00000020                                 : SysMin.oem4f (.text:xdc_runtime_SysMin_Module_startup__E)
                  0000af98    0000001e     grlib.lib : string.obj (.text:GrFontCodepageGet)
                  0000afb6    0000001e               : widget.obj (.text:WidgetAdd)
                  0000afd4    0000001e     sysbios.aem4f : m3_Hwi_asm_switch.obj (.text:ti_sysbios_family_xxx_Hwi_switchAndRunFunc)
                  0000aff2    0000001e     Clock.obj (.text:updatetime)
                  0000b010    0000001c     driverlib.lib : uart.obj (.text:UARTDisable)
                  0000b02c    0000001c     grlib.lib : widget.obj (.text:WidgetPointerMessage)
                  0000b048    0000001c     drivers_tivaware.aem4f : GPIOTiva.oem4f (.text:getGpioIntIndex)
                  0000b064    0000001c     rtsv7M4_T_le_v4SPD16_eabi.lib : memccpy.c.obj (.text:memccpy)
                  0000b080    0000001c     empty_pem4f.oem4f (.text:ti_sysbios_family_arm_m3_Hwi_Object__destruct__S)
                  0000b09c    00000004     --HOLE-- [fill = 0]
                  0000b0a0    0000001c     sysbios.aem4f : BIOS.obj (.text:ti_sysbios_gates_GateMutex_Instance_init__E)
                  0000b0bc    0000001c     empty_pem4f.oem4f (.text:ti_sysbios_hal_Timer_TimerProxy_create)
                  0000b0d8    0000001c     empty_pem4f.oem4f (.text:ti_sysbios_knl_Queue_Object__destruct__S)
                  0000b0f4    00000004     --HOLE-- [fill = 0]
                  0000b0f8    0000001c     sysbios.aem4f : BIOS.obj (.text:ti_sysbios_knl_Queue_put__E)
                  0000b114    00000004     --HOLE-- [fill = 0]
                  0000b118    0000001c                   : BIOS.obj (.text:ti_sysbios_knl_Task_enter__I)
                  0000b134    0000001c     ti.targets.arm.rtsarm.aem4f : Error.oem4f (.text:xdc_runtime_Error_raiseX__E)
                  0000b150    0000001c                                 : Memory.oem4f (.text:xdc_runtime_Memory_valloc__E)
                  0000b16c    0000001c                                 : SysMin.oem4f (.text:xdc_runtime_SysMin_exit__E)
                  0000b188    0000001c                                 : System.oem4f (.text:xdc_runtime_System_abort__E)
                  0000b1a4    0000001a     rtsv7M4_T_le_v4SPD16_eabi.lib : s_copysign.c.obj (.text:copysign)
                  0000b1be    0000001a     empty_pem4f.oem4f (.text:ti_sysbios_family_arm_m3_Hwi_Handle__label__S)
                  0000b1d8    0000001a     empty_pem4f.oem4f (.text:ti_sysbios_gates_GateHwi_Handle__label__S)
                  0000b1f2    0000001a     empty_pem4f.oem4f (.text:ti_sysbios_gates_GateMutex_Handle__label__S)
                  0000b20c    0000001a     empty_pem4f.oem4f (.text:ti_sysbios_heaps_HeapMem_Handle__label__S)
                  0000b226    0000001a     empty_pem4f.oem4f (.text:ti_sysbios_knl_Swi_Handle__label__S)
                  0000b240    0000001a     empty_pem4f.oem4f (.text:ti_sysbios_knl_Task_Handle__label__S)
                  0000b25a    0000001a     empty_pem4f.oem4f (.text:xdc_runtime_System_aprintf__E)
                  0000b274    0000001a     empty_pem4f.oem4f (.text:xdc_runtime_System_printf__E)
                  0000b28e    00000018     driverlib.lib : gpio.obj (.text:GPIOPinTypeGPIOOutput)
                  0000b2a6    00000002     --HOLE-- [fill = 0]
                  0000b2a8    00000018     drivers_tivaware.aem4f : UART.oem4f (.text:UART_Params_init)
                  0000b2c0    00000018     rtsv7M4_T_le_v4SPD16_eabi.lib : args_main.c.obj (.text:_args_main)
                  0000b2d8    00000018                                   : sprintf.c.obj (.text:_outs)
                  0000b2f0    00000018     empty_pem4f.oem4f (.text:ti_sysbios_BIOS_rtsUnlock__I)
                  0000b308    00000018     empty_pem4f.oem4f (.text:ti_sysbios_family_arm_lm4_Timer_Module__startupDone__F)
                  0000b320    00000018     empty_pem4f.oem4f (.text:ti_sysbios_family_arm_m3_Hwi_Module__startupDone__F)
                  0000b338    00000018     sysbios.aem4f : m3_TaskSupport_asm.obj (.text:ti_sysbios_family_arm_m3_TaskSupport_swap__E)
                  0000b350    00000018                   : BIOS.obj (.text:ti_sysbios_gates_GateMutex_leave__E)
                  0000b368    00000018     empty_pem4f.oem4f (.text:ti_sysbios_knl_Clock_Module__startupDone__F)
                  0000b380    00000018     sysbios.aem4f : BIOS.obj (.text:ti_sysbios_knl_Task_sleepTimeout__I)
                  0000b398    00000018     ti.targets.arm.rtsarm.aem4f : Error.oem4f (.text:xdc_runtime_Error_check__E)
                  0000b3b0    00000018                                 : System.oem4f (.text:xdc_runtime_System_exit__E)
                  0000b3c8    00000018                                 : Text.oem4f (.text:xdc_runtime_Text_ropeText__E)
                  0000b3e0    00000016     grlib.lib : string.obj (.text:GrStringDraw)
                  0000b3f6    00000016     driverlib.lib : i2c.obj (.text:I2CMasterErr)
                  0000b40c    00000016     rtsv7M4_T_le_v4SPD16_eabi.lib : strchr.c.obj (.text:strchr)
                  0000b422    00000016     empty_pem4f.oem4f (.text:ti_sysbios_BIOS_exitFunc__I)
                  0000b438    00000016     Clock.obj (.text:ti_sysbios_hal_Timer_Params_init)
                  0000b44e    00000016     empty.obj (.text:ti_sysbios_knl_Task_Params_init)
                  0000b464    00000014     grlib.lib : canvas.obj (.text:CanvasMsgProc)
                  0000b478    00000014     Kentec320x240x16_ssd2119_spi.obj (.text:LED_OFF)
                  0000b48c    00000014     Kentec320x240x16_ssd2119_spi.obj (.text:LED_ON)
                  0000b4a0    00000014     touch.obj (.text:TouchScreenCallbackSet)
                  0000b4b4    00000014     driverlib.lib : uart.obj (.text:UARTEnable)
                  0000b4c8    00000014     grlib.lib : widget.obj (.text:WidgetMutexGet)
                  0000b4dc    00000014     rtsv7M4_T_le_v4SPD16_eabi.lib : strlen.c.obj (.text:strlen)
                  0000b4f0    00000014     empty_pem4f.oem4f (.text:ti_sysbios_family_arm_m3_Hwi_Object__get__S)
                  0000b504    00000004     --HOLE-- [fill = 0]
                  0000b508    00000014     sysbios.aem4f : BIOS.obj (.text:ti_sysbios_family_arm_m3_Hwi_switchFromBootStack__E)
                  0000b51c    00000014     empty_pem4f.oem4f (.text:ti_sysbios_heaps_HeapMem_Object__get__S)
                  0000b530    00000014     empty_pem4f.oem4f (.text:ti_sysbios_knl_Swi_Object__get__S)
                  0000b544    00000012     driverlib.lib : gpio.obj (.text:GPIOPinTypeEthernetLED)
                  0000b556    00000012                   : gpio.obj (.text:GPIOPinTypeGPIOInput)
                  0000b568    00000012                   : gpio.obj (.text:GPIOPinTypeI2C)
                  0000b57a    00000012                   : gpio.obj (.text:GPIOPinTypeI2CSCL)
                  0000b58c    00000012                   : gpio.obj (.text:GPIOPinTypeSSI)
                  0000b59e    00000012                   : gpio.obj (.text:GPIOPinTypeUART)
                  0000b5b0    00000012                   : gpio.obj (.text:GPIOPinTypeUSBAnalog)
                  0000b5c2    00000012                   : gpio.obj (.text:GPIOPinTypeUSBDigital)
                  0000b5d4    00000012     drivers_tivaware.aem4f : RingBuf.oem4f (.text:RingBuf_construct)
                  0000b5e6    00000012     driverlib.lib : ssi.obj (.text:SSIDataGetNonBlocking)
                  0000b5f8    00000012                   : timer.obj (.text:TimerLoadSet)
                  0000b60a    00000006                   : i2c.obj (.text:I2CMasterIntEnable)
                  0000b610    00000012     sysbios.aem4f : BIOS.obj (.text:ti_sysbios_hal_Hwi_Module_startup__E)
                  0000b622    00000006     drivers_tivaware.aem4f : I2CTiva.oem4f (.text:I2CTiva_control)
                  0000b628    00000012     sysbios.aem4f : BIOS.obj (.text:ti_sysbios_hal_Timer_Module_startup__E)
                  0000b63a    00000012     rtsv7M4_T_le_v4SPD16_eabi.lib : wcslen.c.obj (.text:wcslen)
                  0000b64c    00000012     empty_pem4f.oem4f (.text:xdc_runtime_Startup_exec__I)
                  0000b65e    00000002     --HOLE-- [fill = 0]
                  0000b660    00000010     empty_pem4f.oem4f (.text:.bootCodeSection:ti_catalog_arm_cortexm4_tiva_ce_Boot_init__I)
                  0000b670    00000010     driverlib.lib : adc.obj (.text:ADCIntEnable)
                  0000b680    00000010     drivers_tivaware.aem4f : UARTTiva.oem4f (.text:readBlockingTimeout)
                  0000b690    00000010     sysbios.aem4f : BIOS.obj (.text:ti_sysbios_BIOS_getCpuFreq__E)
                  0000b6a0    00000010                   : BIOS.obj (.text:ti_sysbios_BIOS_setThreadType__E)
                  0000b6b0    00000010                   : BIOS.obj (.text:ti_sysbios_BIOS_start__E)
                  0000b6c0    00000010                   : BIOS.obj (.text:ti_sysbios_family_arm_lm4_TimestampProvider_rolloverFunc__E)
                  0000b6d0    00000010                   : m3_TaskSupport_asm.obj (.text:ti_sysbios_family_arm_m3_TaskSupport_glue)
                  0000b6e0    00000010                   : BIOS.obj (.text:ti_sysbios_gates_GateMutex_Instance_finalize__E)
                  0000b6f0    00000010     empty_pem4f.oem4f (.text:ti_sysbios_hal_Timer_TimerProxy_Object__create__S)
                  0000b700    00000010     sysbios.aem4f : BIOS.obj (.text:ti_sysbios_knl_Semaphore_Instance_finalize__E)
                  0000b710    00000010                   : BIOS.obj (.text:ti_sysbios_knl_Swi_disable__E)
                  0000b720    00000010     empty_pem4f.oem4f (.text:ti_sysbios_knl_Task_Object__get__S)
                  0000b730    00000010     sysbios.aem4f : BIOS.obj (.text:ti_sysbios_knl_Task_disable__E)
                  0000b740    00000010     ti.targets.arm.rtsarm.aem4f : Gate.oem4f (.text:xdc_runtime_Gate_leaveSystem__E)
                  0000b750    00000010                                 : Memory.oem4f (.text:xdc_runtime_Memory_free__E)
                  0000b760    00000010                                 : SysMin.oem4f (.text:xdc_runtime_SysMin_ready__E)
                  0000b770    00000010                                 : System.oem4f (.text:xdc_runtime_System_vsnprintf__E)
                  0000b780    00000010     empty_pem4f.oem4f (.text:xdc_runtime_Text_visitRope__I)
                  0000b790    0000000e     driverlib.lib : adc.obj (.text:ADCSequenceEnable)
                  0000b79e    0000000e                   : gpio.obj (.text:GPIOIntStatus)
                  0000b7ac    0000000e     grlib.lib : image.obj (.text:GrImageDraw)
                  0000b7ba    0000000e     driverlib.lib : timer.obj (.text:TimerEnable)
                  0000b7c8    0000000e                   : uart.obj (.text:UARTCharGetNonBlocking)
                  0000b7d6    0000000e                   : uart.obj (.text:UARTCharPutNonBlocking)
                  0000b7e4    0000000e     rtsv7M4_T_le_v4SPD16_eabi.lib : copy_decompress_none.c.obj (.text:decompress:none:__TI_decompress_none)
                  0000b7f2    00000006     driverlib.lib : sysctl.obj (.text:SysCtlDelay)
                  0000b7f8    0000000e     sysbios.aem4f : BIOS.obj (.text:ti_sysbios_knl_Idle_loop__E)
                  0000b806    00000002     --HOLE-- [fill = 0]
                  0000b808    0000000e                   : BIOS.obj (.text:ti_sysbios_knl_Queue_empty__E)
                  0000b816    0000000c     drivers_tivaware.aem4f : RingBuf.oem4f (.text:RingBuf_peek)
                  0000b822    0000000c     driverlib.lib : uart.obj (.text:UARTFlowControlSet)
                  0000b82e    0000000c     drivers_tivaware.aem4f : UARTTiva.oem4f (.text:UARTTiva_init)
                  0000b83a    00000002     --HOLE-- [fill = 0]
                  0000b83c    0000000c     rtsv7M4_T_le_v4SPD16_eabi.lib : _lock.c.obj (.text:_register_lock)
                  0000b848    0000000c                                   : _lock.c.obj (.text:_register_unlock)
                  0000b854    0000000c                                   : copy_zero_init.c.obj (.text:decompress:ZI:__TI_zero_init)
                  0000b860    0000000c     sysbios.aem4f : BIOS.obj (.text:ti_sysbios_family_arm_lm4_Timer_getMaxTicks__E)
                  0000b86c    00000004     --HOLE-- [fill = 0]
                  0000b870    0000000c                   : BIOS.obj (.text:ti_sysbios_family_arm_lm4_TimestampProvider_startTimer__E)
                  0000b87c    0000000c     empty_pem4f.oem4f (.text:ti_sysbios_family_arm_m3_Hwi_Params__init__S)
                  0000b888    0000000c     sysbios.aem4f : BIOS.obj (.text:ti_sysbios_family_arm_m3_Hwi_disableFxn__E)
                  0000b894    00000004     --HOLE-- [fill = 0]
                  0000b898    0000000c                   : BIOS.obj (.text:ti_sysbios_family_arm_m3_TaskSupport_checkStack__E)
                  0000b8a4    00000004     --HOLE-- [fill = 0]
                  0000b8a8    0000000c                   : BIOS.obj (.text:ti_sysbios_family_arm_m3_TaskSupport_getStackAlignment__E)
                  0000b8b4    00000004     --HOLE-- [fill = 0]
                  0000b8b8    0000000c                   : BIOS.obj (.text:ti_sysbios_gates_GateHwi_enter__E)
                  0000b8c4    00000004     --HOLE-- [fill = 0]
                  0000b8c8    0000000c                   : BIOS.obj (.text:ti_sysbios_hal_SecondsClock_set__E)
                  0000b8d4    0000000c     empty_pem4f.oem4f (.text:ti_sysbios_hal_Timer_Params__init__S)
                  0000b8e0    0000000c     empty_pem4f.oem4f (.text:ti_sysbios_knl_Clock_Params__init__S)
                  0000b8ec    0000000c     empty_pem4f.oem4f (.text:ti_sysbios_knl_Queue_Object__get__S)
                  0000b8f8    0000000c     empty_pem4f.oem4f (.text:ti_sysbios_knl_Semaphore_Params__init__S)
                  0000b904    0000000c     empty_pem4f.oem4f (.text:ti_sysbios_knl_Task_Params__init__S)
                  0000b910    0000000c     ti.targets.arm.rtsarm.aem4f : Error.oem4f (.text:xdc_runtime_Error_init__E)
                  0000b91c    0000000c                                 : Gate.oem4f (.text:xdc_runtime_Gate_enterSystem__E)
                  0000b928    0000000c                                 : Memory.oem4f (.text:xdc_runtime_Memory_calloc__E)
                  0000b934    0000000c                                 : Memory.oem4f (.text:xdc_runtime_Memory_getMaxDefaultTypeAlign__E)
                  0000b940    0000000a     driverlib.lib : i2c.obj (.text:I2CMasterDisable)
                  0000b94a    0000000a                   : i2c.obj (.text:I2CMasterEnable)
                  0000b954    0000000a     drivers_tivaware.aem4f : I2CTiva.oem4f (.text:I2CTiva_init)
                  0000b95e    0000000a     Kentec320x240x16_ssd2119_spi.obj (.text:Kentec320x240x16_SSD2119Flush)
                  0000b968    0000000a     driverlib.lib : ssi.obj (.text:SSIDataPut)
                  0000b972    0000000a                   : ssi.obj (.text:SSIEnable)
                  0000b97c    0000000a                   : uart.obj (.text:UARTCharGet)
                  0000b986    0000000a                   : uart.obj (.text:UARTCharPut)
                  0000b990    0000000a                   : uart.obj (.text:UARTIntDisable)
                  0000b99a    0000000a                   : uart.obj (.text:UARTIntStatus)
                  0000b9a4    0000000a     rtsv7M4_T_le_v4SPD16_eabi.lib : sprintf.c.obj (.text:_outc)
                  0000b9ae    00000002     --HOLE-- [fill = 0]
                  0000b9b0    0000000a     sysbios.aem4f : BIOS.obj (.text:ti_sysbios_hal_Timer_Instance_finalize__E)
                  0000b9ba    0000000a     empty_pem4f.oem4f (.text:xdc_runtime_IHeap_alloc)
                  0000b9c4    0000000a     empty_pem4f.oem4f (.text:xdc_runtime_IHeap_free)
                  0000b9ce    00000008     EK_TM4C1294XL.obj (.text:EK_TM4C1294XL_initGPIO)
                  0000b9d6    00000008     grlib.lib : charmap.obj (.text:GrMapISO8859_1_Unicode)
                  0000b9de    00000008     driverlib.lib : i2c.obj (.text:I2CMasterIntClear)
                  0000b9e6    00000008                   : i2c.obj (.text:I2CMasterSlaveAddrSet)
                  0000b9ee    00000008     drivers_tivaware.aem4f : I2CTiva.oem4f (.text:I2CTiva_blockingCallback)
                  0000b9f6    00000008     driverlib.lib : ssi.obj (.text:SSIBusy)
                  0000b9fe    00000008                   : uart.obj (.text:UARTIntEnable)
                  0000ba06    00000008                   : uart.obj (.text:UARTRxErrorGet)
                  0000ba0e    00000002     --HOLE-- [fill = 0]
                  0000ba10    00000008     rtsv7M4_T_le_v4SPD16_eabi.lib : errno.c.obj (.text:__aeabi_errno_addr)
                  0000ba18    00000008     drivers_tivaware.aem4f : UARTTiva.oem4f (.text:readSemCallback)
                  0000ba20    00000008     sysbios.aem4f : BIOS.obj (.text:ti_sysbios_family_arm_lm4_Timer_masterDisable__I)
                  0000ba28    00000008                   : BIOS.obj (.text:ti_sysbios_family_arm_m3_Hwi_doSwiRestore__I)
                  0000ba30    00000008                   : BIOS.obj (.text:ti_sysbios_family_arm_m3_Hwi_startup__E)
                  0000ba38    00000008     drivers_tivaware.aem4f : UARTTiva.oem4f (.text:writeSemCallback)
                  0000ba40    00000006     driverlib.lib : uart.obj (.text:UARTFIFOLevelSet)
                  0000ba46    00000006                   : uart.obj (.text:UARTRxErrorClear)
                  0000ba4c    00000006     grlib.lib : widget.obj (.text:WidgetMutexPut)
                  0000ba52    00000006     ti.targets.arm.rtsarm.aem4f : System.oem4f (.text:xdc_runtime_System_Module_startup__E)
                  0000ba58    00000006     sysbios.aem4f : BIOS.obj (.text:ti_sysbios_family_arm_lm4_TimestampProvider_Module_startup__E)
                  0000ba5e    00000002     --HOLE-- [fill = 0]
                  0000ba60    00000006                   : BIOS.obj (.text:ti_sysbios_family_arm_m3_Hwi_doTaskRestore__I)
                  0000ba66    00000002     --HOLE-- [fill = 0]
                  0000ba68    00000006                   : BIOS.obj (.text:ti_sysbios_family_arm_m3_Hwi_restoreFxn__E)
                  0000ba6e    00000002     --HOLE-- [fill = 0]
                  0000ba70    00000006                   : BIOS.obj (.text:ti_sysbios_gates_GateHwi_leave__E)
                  0000ba76    00000002     --HOLE-- [fill = 0]
                  0000ba78    00000006                   : BIOS.obj (.text:ti_sysbios_heaps_HeapMem_isBlocking__E)
                  0000ba7e    00000002     --HOLE-- [fill = 0]
                  0000ba80    00000006                   : BIOS.obj (.text:ti_sysbios_knl_Clock_stop__E)
                  0000ba86    00000002     --HOLE-- [fill = 0]
                  0000ba88    00000006                   : BIOS.obj (.text:ti_sysbios_knl_Queue_Instance_init__E)
                  0000ba8e    00000002     --HOLE-- [fill = 0]
                  0000ba90    00000006                   : BIOS.obj (.text:ti_sysbios_knl_Swi_startup__E)
                  0000ba96    00000002     --HOLE-- [fill = 0]
                  0000ba98    00000004                   : BIOS.obj (.text:ti_sysbios_family_arm_lm4_Timer_getPeriod__E)
                  0000ba9c    00000004     --HOLE-- [fill = 0]
                  0000baa0    00000004                   : BIOS.obj (.text:ti_sysbios_gates_GateHwi_query__E)
                  0000baa4    00000004     --HOLE-- [fill = 0]
                  0000baa8    00000004                   : BIOS.obj (.text:ti_sysbios_gates_GateMutex_query__E)
                  0000baac    00000004     --HOLE-- [fill = 0]
                  0000bab0    00000004                   : BIOS.obj (.text:ti_sysbios_knl_Task_startup__E)
                  0000bab4    00000004     --HOLE-- [fill = 0]
                  0000bab8    00000002                   : BIOS.obj (.text:ti_sysbios_gates_GateHwi_Instance_init__E)
                  0000baba    00000006     --HOLE-- [fill = 0]
                  0000bac0    00000002                   : BIOS.obj (.text:ti_sysbios_knl_Clock_logTick__E)

.const     0    0000bac4    0000661e     
                  0000bac4    00001a46     frame.obj (.const:.string:g_pui8Top)
                  0000d50a    000018ae     empty_pem4f.oem4f (.const:xdc_runtime_Text_charTab__A)
                  0000edb8    00000786     frame.obj (.const:.string:g_pui8Bottom)
                  0000f53e    00000782     grlib.lib : fontcmss18b.obj (.const:.string:g_pui8Cmss18bData)
                  0000fcc0    000006ca               : fontcmss16b.obj (.const:.string:g_pui8Cmss16bData)
                  0001038a    00000546     frame.obj (.const:.string:g_pui8Left)
                  000108d0    00000546     frame.obj (.const:.string:g_pui8Right)
                  00010e16    0000017c     frame.obj (.const:.string:g_pui8TopLeft)
                  00010f92    00000173     frame.obj (.const:.string:g_pui8TopRight)
                  00011105    00000001     empty_pem4f.oem4f (.const:xdc_runtime_Error_policy__C)
                  00011106    00000002     empty_pem4f.oem4f (.const:ti_catalog_arm_cortexm4_tiva_ce_Boot_Module__id__C)
                  00011108    00000120     Boot.aem4f : Boot_sysctl.oem4f (.const:g_pppui32XTALtoVCO)
                  00011228    00000101     rtsv7M4_T_le_v4SPD16_eabi.lib : ctype.c.obj (.const:.string:_ctypes_)
                  00011329    000000d0     frame.obj (.const:.string:g_pui8BottomLeft)
                  000113f9    00000001     --HOLE-- [fill = 0]
                  000113fa    000000d0     empty_pem4f.oem4f (.const:xdc_runtime_Text_nodeTab__A)
                  000114ca    00000002     empty_pem4f.oem4f (.const:ti_sysbios_family_arm_lm4_Timer_Module__id__C)
                  000114cc    000000c8     grlib.lib : fontcmss16b.obj (.const:g_sFontCmss16b)
                  00011594    000000c8               : fontcmss18b.obj (.const:g_sFontCmss18b)
                  0001165c    000000c4     frame.obj (.const:.string:g_pui8BottomRight)
                  00011720    00000090     driverlib.lib : gpio.obj (.const:g_pui32GPIOBaseAddrs)
                  000117b0    00000070                   : interrupt.obj (.const)
                  00011820    0000006c     Boot.aem4f : Boot_sysctl.oem4f (.const:g_pui32Xtals)
                  0001188c    00000054     drivers_tivaware.aem4f : GPIOTiva.oem4f (.const:.string)
                  000118e0    0000004c                            : UARTTiva.oem4f (.const)
                  0001192c    00000048     empty_pem4f.oem4f (.const:.string)
                  00011974    00000048     drivers_tivaware.aem4f : GPIOTiva.oem4f (.const:gpioBaseAddresses)
                  000119bc    0000003c     empty_pem4f.oem4f (.const:ti_sysbios_family_arm_lm4_Timer_Object__PARAMS__C)
                  000119f8    0000003c     empty_pem4f.oem4f (.const:ti_sysbios_knl_Task_Object__PARAMS__C)
                  00011a34    00000030     Boot.aem4f : Boot_sysctl.oem4f (.const:g_sXTALtoMEMTIM)
                  00011a64    00000030     empty_pem4f.oem4f (.const:ti_sysbios_family_arm_m3_Hwi_Object__PARAMS__C)
                  00011a94    00000030     empty_pem4f.oem4f (.const:ti_sysbios_hal_Timer_Object__PARAMS__C)
                  00011ac4    0000002c     empty_pem4f.oem4f (.const:xdc_runtime_Startup_sfxnTab__A)
                  00011af0    00000028     drivers_tivaware.aem4f : UARTTiva.oem4f (.const:UARTTiva_fxnTable)
                  00011b18    00000028     Kentec320x240x16_ssd2119_spi.obj (.const:g_sKentec320x240x16_SSD2119)
                  00011b40    00000028     empty_pem4f.oem4f (.const:ti_sysbios_heaps_HeapMem_Module__FXNS__C)
                  00011b68    00000024     EK_TM4C1294XL.obj (.const:I2C_config)
                  00011b8c    00000024     drivers_tivaware.aem4f : UART.oem4f (.const:UART_defaultParams)
                  00011bb0    00000024     empty_pem4f.oem4f (.const:ti_sysbios_gates_GateHwi_Module__FXNS__C)
                  00011bd4    00000024     empty_pem4f.oem4f (.const:ti_sysbios_gates_GateMutex_Module__FXNS__C)
                  00011bf8    00000024     empty_pem4f.oem4f (.const:ti_sysbios_heaps_HeapMem_Object__PARAMS__C)
                  00011c1c    00000024     empty_pem4f.oem4f (.const:ti_sysbios_knl_Clock_Object__PARAMS__C)
                  00011c40    00000024     empty_pem4f.oem4f (.const:ti_sysbios_knl_Semaphore_Object__PARAMS__C)
                  00011c64    00000020     empty_pem4f.oem4f (.const:ti_sysbios_family_arm_lm4_Timer_Object__DESC__C)
                  00011c84    00000020     empty_pem4f.oem4f (.const:ti_sysbios_family_arm_m3_Hwi_Object__DESC__C)
                  00011ca4    00000020     empty_pem4f.oem4f (.const:ti_sysbios_gates_GateHwi_Object__DESC__C)
                  00011cc4    00000020     empty_pem4f.oem4f (.const:ti_sysbios_gates_GateMutex_Object__DESC__C)
                  00011ce4    00000020     empty_pem4f.oem4f (.const:ti_sysbios_hal_Timer_Object__DESC__C)
                  00011d04    00000020     empty_pem4f.oem4f (.const:ti_sysbios_heaps_HeapMem_Object__DESC__C)
                  00011d24    00000020     empty_pem4f.oem4f (.const:ti_sysbios_knl_Clock_Object__DESC__C)
                  00011d44    00000020     empty_pem4f.oem4f (.const:ti_sysbios_knl_Queue_Object__DESC__C)
                  00011d64    00000020     empty_pem4f.oem4f (.const:ti_sysbios_knl_Semaphore_Object__DESC__C)
                  00011d84    00000020     empty_pem4f.oem4f (.const:ti_sysbios_knl_Task_Object__DESC__C)
                  00011da4    0000001c     drivers_tivaware.aem4f : I2CTiva.oem4f (.const)
                  00011dc0    0000001c     touch.obj (.const:g_pi32TouchParameters)
                  00011ddc    00000018     EK_TM4C1294XL.obj (.const:UART_config)
                  00011df4    00000018     EK_TM4C1294XL.obj (.const:i2cTivaHWAttrs)
                  00011e0c    00000018     empty_pem4f.oem4f (.const:ti_sysbios_gates_GateHwi_Object__PARAMS__C)
                  00011e24    00000018     empty_pem4f.oem4f (.const:ti_sysbios_gates_GateMutex_Object__PARAMS__C)
                  00011e3c    00000018     empty_pem4f.oem4f (.const:ti_sysbios_knl_Queue_Object__PARAMS__C)
                  00011e54    00000018     EK_TM4C1294XL.obj (.const:uartTivaHWAttrs)
                  00011e6c    00000016     empty_pem4f.oem4f (.const:xdc_runtime_Startup_sfxnRts__A)
                  00011e82    00000002     empty_pem4f.oem4f (.const:ti_sysbios_family_arm_lm4_Timer_supportsAltclk__C)
                  00011e84    00000014     EK_TM4C1294XL.obj (.const:GPIOTiva_config)
                  00011e98    00000014     empty_pem4f.oem4f (.const:xdc_runtime_Startup_firstFxns__A)
                  00011eac    00000010     grlib.lib : context.obj (.const)
                  00011ebc    00000008     Boot.aem4f : Boot_sysctl.oem4f (.const)
                  00011ec4    00000008     empty_pem4f.oem4f (.const:ti_sysbios_family_arm_m3_Hwi_excHookFuncs__A)
                  00011ecc    00000008     empty_pem4f.oem4f (.const:ti_sysbios_knl_Idle_funcList__C)
                  00011ed4    00000008     empty_pem4f.oem4f (.const:xdc_runtime_Startup_firstFxns__C)
                  00011edc    00000008     empty_pem4f.oem4f (.const:xdc_runtime_Startup_lastFxns__C)
                  00011ee4    00000006     empty.obj (.const:.string)
                  00011eea    00000002     empty_pem4f.oem4f (.const:ti_sysbios_family_arm_m3_Hwi_Module__id__C)
                  00011eec    00000004     empty_pem4f.oem4f (.const:ti_catalog_arm_cortexm4_tiva_ce_Boot_A_mustNotUseEnhancedClockMode__C)
                  00011ef0    00000004     empty_pem4f.oem4f (.const:ti_catalog_arm_cortexm4_tiva_ce_Boot_Module__diagsEnabled__C)
                  00011ef4    00000004     empty_pem4f.oem4f (.const:ti_catalog_arm_cortexm4_tiva_ce_Boot_Module__diagsIncluded__C)
                  00011ef8    00000004     empty_pem4f.oem4f (.const:ti_catalog_arm_cortexm4_tiva_ce_Boot_Module__diagsMask__C)
                  00011efc    00000004     empty_pem4f.oem4f (.const:ti_sysbios_family_arm_lm4_Timer_E_cannotSupport__C)
                  00011f00    00000004     empty_pem4f.oem4f (.const:ti_sysbios_family_arm_lm4_Timer_E_invalidTimer__C)
                  00011f04    00000004     empty_pem4f.oem4f (.const:ti_sysbios_family_arm_lm4_Timer_E_noaltclk__C)
                  00011f08    00000004     empty_pem4f.oem4f (.const:ti_sysbios_family_arm_lm4_Timer_E_notAvailable__C)
                  00011f0c    00000004     empty_pem4f.oem4f (.const:ti_sysbios_family_arm_lm4_Timer_anyMask__C)
                  00011f10    00000004     empty_pem4f.oem4f (.const:ti_sysbios_family_arm_lm4_Timer_disableFunc__C)
                  00011f14    00000004     empty_pem4f.oem4f (.const:ti_sysbios_family_arm_lm4_Timer_enableFunc__C)
                  00011f18    00000004     empty_pem4f.oem4f (.const:ti_sysbios_family_arm_lm4_Timer_numTimerDevices__C)
                  00011f1c    00000004     empty_pem4f.oem4f (.const:ti_sysbios_family_arm_lm4_Timer_startupNeeded__C)
                  00011f20    00000004     empty_pem4f.oem4f (.const:ti_sysbios_family_arm_m3_Hwi_E_NMI__C)
                  00011f24    00000004     empty_pem4f.oem4f (.const:ti_sysbios_family_arm_m3_Hwi_E_alreadyDefined__C)
                  00011f28    00000004     empty_pem4f.oem4f (.const:ti_sysbios_family_arm_m3_Hwi_E_busFault__C)
                  00011f2c    00000004     empty_pem4f.oem4f (.const:ti_sysbios_family_arm_m3_Hwi_E_debugMon__C)
                  00011f30    00000004     empty_pem4f.oem4f (.const:ti_sysbios_family_arm_m3_Hwi_E_hardFault__C)
                  00011f34    00000004     empty_pem4f.oem4f (.const:ti_sysbios_family_arm_m3_Hwi_E_memFault__C)
                  00011f38    00000004     empty_pem4f.oem4f (.const:ti_sysbios_family_arm_m3_Hwi_E_noIsr__C)
                  00011f3c    00000004     empty_pem4f.oem4f (.const:ti_sysbios_family_arm_m3_Hwi_E_reserved__C)
                  00011f40    00000004     empty_pem4f.oem4f (.const:ti_sysbios_family_arm_m3_Hwi_E_svCall__C)
                  00011f44    00000004     empty_pem4f.oem4f (.const:ti_sysbios_family_arm_m3_Hwi_E_usageFault__C)
                  00011f48    00000004     empty_pem4f.oem4f (.const:ti_sysbios_family_arm_m3_Hwi_NUM_INTERRUPTS__C)
                  00011f4c    00000004     empty_pem4f.oem4f (.const:ti_sysbios_family_arm_m3_Hwi_Object__count__C)
                  00011f50    00000004     empty_pem4f.oem4f (.const:ti_sysbios_family_arm_m3_Hwi_ccr__C)
                  00011f54    00000004     empty_pem4f.oem4f (.const:ti_sysbios_family_arm_m3_Hwi_excHandlerFunc__C)
                  00011f58    00000004     empty_pem4f.oem4f (.const:ti_sysbios_family_arm_m3_Hwi_excHookFuncs__C)
                  00011f5c    00000004     empty_pem4f.oem4f (.const:ti_sysbios_family_arm_m3_Hwi_nullIsrFunc__C)
                  00011f60    00000004     empty_pem4f.oem4f (.const:ti_sysbios_family_arm_m3_Hwi_priGroup__C)
                  00011f64    00000004     empty_pem4f.oem4f (.const:ti_sysbios_family_arm_m3_TaskSupport_stackAlignment__C)
                  00011f68    00000004     empty_pem4f.oem4f (.const:ti_sysbios_gates_GateMutex_A_badContext__C)
                  00011f6c    00000004     empty_pem4f.oem4f (.const:ti_sysbios_gates_GateMutex_Instance_State_sem__O)
                  00011f70    00000004     empty_pem4f.oem4f (.const:ti_sysbios_gates_GateMutex_Module__diagsEnabled__C)
                  00011f74    00000004     empty_pem4f.oem4f (.const:ti_sysbios_gates_GateMutex_Module__diagsIncluded__C)
                  00011f78    00000004     empty_pem4f.oem4f (.const:ti_sysbios_gates_GateMutex_Module__diagsMask__C)
                  00011f7c    00000004     empty_pem4f.oem4f (.const:ti_sysbios_hal_Hwi_E_stackOverflow__C)
                  00011f80    00000004     empty_pem4f.oem4f (.const:ti_sysbios_hal_SecondsClock_Module_State_clock__O)
                  00011f84    00000004     empty_pem4f.oem4f (.const:ti_sysbios_heaps_HeapMem_A_align__C)
                  00011f88    00000004     empty_pem4f.oem4f (.const:ti_sysbios_heaps_HeapMem_A_heapSize__C)
                  00011f8c    00000004     empty_pem4f.oem4f (.const:ti_sysbios_heaps_HeapMem_A_invalidFree__C)
                  00011f90    00000004     empty_pem4f.oem4f (.const:ti_sysbios_heaps_HeapMem_A_zeroBlock__C)
                  00011f94    00000004     empty_pem4f.oem4f (.const:ti_sysbios_heaps_HeapMem_E_memory__C)
                  00011f98    00000004     empty_pem4f.oem4f (.const:ti_sysbios_heaps_HeapMem_Module__diagsEnabled__C)
                  00011f9c    00000004     empty_pem4f.oem4f (.const:ti_sysbios_heaps_HeapMem_Module__diagsIncluded__C)
                  00011fa0    00000004     empty_pem4f.oem4f (.const:ti_sysbios_heaps_HeapMem_Module__diagsMask__C)
                  00011fa4    00000004     empty_pem4f.oem4f (.const:ti_sysbios_heaps_HeapMem_Module__gateObj__C)
                  00011fa8    00000004     empty_pem4f.oem4f (.const:ti_sysbios_heaps_HeapMem_Object__count__C)
                  00011fac    00000004     empty_pem4f.oem4f (.const:ti_sysbios_heaps_HeapMem_reqAlign__C)
                  00011fb0    00000004     empty_pem4f.oem4f (.const:ti_sysbios_knl_Clock_A_badThreadType__C)
                  00011fb4    00000004     empty_pem4f.oem4f (.const:ti_sysbios_knl_Clock_Module_State_clockQ__O)
                  00011fb8    00000004     empty_pem4f.oem4f (.const:ti_sysbios_knl_Clock_Module__diagsEnabled__C)
                  00011fbc    00000004     empty_pem4f.oem4f (.const:ti_sysbios_knl_Clock_Module__diagsIncluded__C)
                  00011fc0    00000004     empty_pem4f.oem4f (.const:ti_sysbios_knl_Clock_Module__diagsMask__C)
                  00011fc4    00000004     empty_pem4f.oem4f (.const:ti_sysbios_knl_Clock_tickPeriod__C)
                  00011fc8    00000004     empty_pem4f.oem4f (.const:ti_sysbios_knl_Idle_funcList__A)
                  00011fcc    00000004     empty_pem4f.oem4f (.const:ti_sysbios_knl_Semaphore_A_badContext__C)
                  00011fd0    00000004     empty_pem4f.oem4f (.const:ti_sysbios_knl_Semaphore_A_noEvents__C)
                  00011fd4    00000004     empty_pem4f.oem4f (.const:ti_sysbios_knl_Semaphore_A_overflow__C)
                  00011fd8    00000004     empty_pem4f.oem4f (.const:ti_sysbios_knl_Semaphore_A_pendTaskDisabled__C)
                  00011fdc    00000004     empty_pem4f.oem4f (.const:ti_sysbios_knl_Semaphore_Instance_State_pendQ__O)
                  00011fe0    00000004     empty_pem4f.oem4f (.const:ti_sysbios_knl_Semaphore_Module__diagsEnabled__C)
                  00011fe4    00000004     empty_pem4f.oem4f (.const:ti_sysbios_knl_Semaphore_Module__diagsIncluded__C)
                  00011fe8    00000004     empty_pem4f.oem4f (.const:ti_sysbios_knl_Semaphore_Module__diagsMask__C)
                  00011fec    00000004     empty_pem4f.oem4f (.const:ti_sysbios_knl_Swi_Object__count__C)
                  00011ff0    00000004     empty_pem4f.oem4f (.const:ti_sysbios_knl_Task_A_badPriority__C)
                  00011ff4    00000004     empty_pem4f.oem4f (.const:ti_sysbios_knl_Task_A_badTaskState__C)
                  00011ff8    00000004     empty_pem4f.oem4f (.const:ti_sysbios_knl_Task_A_badThreadType__C)
                  00011ffc    00000004     empty_pem4f.oem4f (.const:ti_sysbios_knl_Task_A_badTimeout__C)
                  00012000    00000004     empty_pem4f.oem4f (.const:ti_sysbios_knl_Task_A_noPendElem__C)
                  00012004    00000004     empty_pem4f.oem4f (.const:ti_sysbios_knl_Task_A_sleepTaskDisabled__C)
                  00012008    00000004     empty_pem4f.oem4f (.const:ti_sysbios_knl_Task_E_spOutOfBounds__C)
                  0001200c    00000004     empty_pem4f.oem4f (.const:ti_sysbios_knl_Task_E_stackOverflow__C)
                  00012010    00000004     empty_pem4f.oem4f (.const:ti_sysbios_knl_Task_Module_State_inactiveQ__O)
                  00012014    00000004     empty_pem4f.oem4f (.const:ti_sysbios_knl_Task_Module__diagsEnabled__C)
                  00012018    00000004     empty_pem4f.oem4f (.const:ti_sysbios_knl_Task_Module__diagsIncluded__C)
                  0001201c    00000004     empty_pem4f.oem4f (.const:ti_sysbios_knl_Task_Module__diagsMask__C)
                  00012020    00000004     empty_pem4f.oem4f (.const:ti_sysbios_knl_Task_Object__count__C)
                  00012024    00000004     empty_pem4f.oem4f (.const:ti_sysbios_knl_Task_allBlockedFunc__C)
                  00012028    00000004     empty_pem4f.oem4f (.const:ti_sysbios_knl_Task_defaultStackHeap__C)
                  0001202c    00000004     empty_pem4f.oem4f (.const:ti_sysbios_knl_Task_defaultStackSize__C)
                  00012030    00000004     empty_pem4f.oem4f (.const:ti_sysbios_knl_Task_numConstructedTasks__C)
                  00012034    00000004     empty_pem4f.oem4f (.const:xdc_runtime_Assert_E_assertFailed__C)
                  00012038    00000004     empty_pem4f.oem4f (.const:xdc_runtime_Core_A_initializedParams__C)
                  0001203c    00000004     empty_pem4f.oem4f (.const:xdc_runtime_Core_Module__diagsEnabled__C)
                  00012040    00000004     empty_pem4f.oem4f (.const:xdc_runtime_Core_Module__diagsIncluded__C)
                  00012044    00000004     empty_pem4f.oem4f (.const:xdc_runtime_Core_Module__diagsMask__C)
                  00012048    00000004     empty_pem4f.oem4f (.const:xdc_runtime_Error_E_memory__C)
                  0001204c    00000004     empty_pem4f.oem4f (.const:xdc_runtime_Error_Module__diagsEnabled__C)
                  00012050    00000004     empty_pem4f.oem4f (.const:xdc_runtime_Error_Module__diagsIncluded__C)
                  00012054    00000004     empty_pem4f.oem4f (.const:xdc_runtime_Error_Module__diagsMask__C)
                  00012058    00000004     empty_pem4f.oem4f (.const:xdc_runtime_Error_Module__loggerFxn8__C)
                  0001205c    00000004     empty_pem4f.oem4f (.const:xdc_runtime_Error_Module__loggerObj__C)
                  00012060    00000004     empty_pem4f.oem4f (.const:xdc_runtime_Error_policyFxn__C)
                  00012064    00000004     empty_pem4f.oem4f (.const:xdc_runtime_Error_raiseHook__C)
                  00012068    00000004     empty_pem4f.oem4f (.const:xdc_runtime_IGateProvider_Interface__BASE__C)
                  0001206c    00000004     empty_pem4f.oem4f (.const:xdc_runtime_IHeap_Interface__BASE__C)
                  00012070    00000004     empty_pem4f.oem4f (.const:xdc_runtime_IModule_Interface__BASE__C)
                  00012074    00000004     empty_pem4f.oem4f (.const:xdc_runtime_Log_L_error__C)
                  00012078    00000004     empty_pem4f.oem4f (.const:xdc_runtime_Memory_defaultHeapInstance__C)
                  0001207c    00000004     empty_pem4f.oem4f (.const:xdc_runtime_Startup_execImpl__C)
                  00012080    00000004     empty_pem4f.oem4f (.const:xdc_runtime_Startup_lastFxns__A)
                  00012084    00000004     empty_pem4f.oem4f (.const:xdc_runtime_Startup_maxPasses__C)
                  00012088    00000004     empty_pem4f.oem4f (.const:xdc_runtime_Startup_sfxnRts__C)
                  0001208c    00000004     empty_pem4f.oem4f (.const:xdc_runtime_Startup_sfxnTab__C)
                  00012090    00000004     empty_pem4f.oem4f (.const:xdc_runtime_SysMin_bufSize__C)
                  00012094    00000004     empty_pem4f.oem4f (.const:xdc_runtime_SysMin_outputFunc__C)
                  00012098    00000004     empty_pem4f.oem4f (.const:xdc_runtime_System_Module__gateObj__C)
                  0001209c    00000004     empty_pem4f.oem4f (.const:xdc_runtime_System_abortFxn__C)
                  000120a0    00000004     empty_pem4f.oem4f (.const:xdc_runtime_System_exitFxn__C)
                  000120a4    00000004     empty_pem4f.oem4f (.const:xdc_runtime_System_extendFxn__C)
                  000120a8    00000004     empty_pem4f.oem4f (.const:xdc_runtime_System_maxAtexitHandlers__C)
                  000120ac    00000004     empty_pem4f.oem4f (.const:xdc_runtime_Text_charTab__C)
                  000120b0    00000004     empty_pem4f.oem4f (.const:xdc_runtime_Text_nameEmpty__C)
                  000120b4    00000004     empty_pem4f.oem4f (.const:xdc_runtime_Text_nameStatic__C)
                  000120b8    00000004     empty_pem4f.oem4f (.const:xdc_runtime_Text_nameUnknown__C)
                  000120bc    00000004     empty_pem4f.oem4f (.const:xdc_runtime_Text_nodeTab__C)
                  000120c0    00000004     empty_pem4f.oem4f (.const:xdc_runtime_Text_visitRopeFxn__C)
                  000120c4    00000002     empty_pem4f.oem4f (.const:ti_sysbios_gates_GateMutex_Module__id__C)
                  000120c6    00000002     empty_pem4f.oem4f (.const:ti_sysbios_hal_Hwi_Module__id__C)
                  000120c8    00000002     empty_pem4f.oem4f (.const:ti_sysbios_heaps_HeapMem_Module__id__C)
                  000120ca    00000002     empty_pem4f.oem4f (.const:ti_sysbios_knl_Clock_Module__id__C)
                  000120cc    00000002     empty_pem4f.oem4f (.const:ti_sysbios_knl_Semaphore_Module__id__C)
                  000120ce    00000002     empty_pem4f.oem4f (.const:ti_sysbios_knl_Task_Module__id__C)
                  000120d0    00000002     empty_pem4f.oem4f (.const:xdc_runtime_Core_Module__id__C)
                  000120d2    00000002     empty_pem4f.oem4f (.const:xdc_runtime_Error_Module__loggerDefined__C)
                  000120d4    00000002     empty_pem4f.oem4f (.const:xdc_runtime_Error_maxDepth__C)
                  000120d6    00000002     empty_pem4f.oem4f (.const:xdc_runtime_Memory_Module__id__C)
                  000120d8    00000002     empty_pem4f.oem4f (.const:xdc_runtime_SysMin_flushAtExit__C)
                  000120da    00000002     empty_pem4f.oem4f (.const:xdc_runtime_Text_charCnt__C)
                  000120dc    00000002     empty_pem4f.oem4f (.const:xdc_runtime_Text_isLoaded__C)
                  000120de    00000002     empty_pem4f.oem4f (.const:xdc_runtime_Text_registryModsLastId__C)
[...]
00011ce4  ti_sysbios_hal_Timer_Object__DESC__C                                 
00011d04  ti_sysbios_heaps_HeapMem_Object__DESC__C                             
00011d24  ti_sysbios_knl_Clock_Object__DESC__C                                 
00011d44  ti_sysbios_knl_Queue_Object__DESC__C                                 
00011d64  ti_sysbios_knl_Semaphore_Object__DESC__C                             
00011d84  ti_sysbios_knl_Task_Object__DESC__C                                  
00011da4  I2CTiva_fxnTable                                                     
00011dc0  g_pi32TouchParameters                                                
00011ddc  UART_config                                                          
00011df4  i2cTivaHWAttrs                                                       
00011e0c  ti_sysbios_gates_GateHwi_Object__PARAMS__C                           
00011e24  ti_sysbios_gates_GateMutex_Object__PARAMS__C                         
00011e3c  ti_sysbios_knl_Queue_Object__PARAMS__C                               
00011e54  uartTivaHWAttrs                                                      
00011e6c  xdc_runtime_Startup_sfxnRts__A                                       
00011e82  ti_sysbios_family_arm_lm4_Timer_supportsAltclk__C                    
00011e84  GPIOTiva_config                                                      
00011e98  xdc_runtime_Startup_firstFxns__A                                     
00011eac  g_psDefaultCodePointMapTable                                         
00011ec4  ti_sysbios_family_arm_m3_Hwi_excHookFuncs__A                         
00011ecc  ti_sysbios_knl_Idle_funcList__C                                      
00011ed4  xdc_runtime_Startup_firstFxns__C                                     
00011edc  xdc_runtime_Startup_lastFxns__C                                      
00011eea  ti_sysbios_family_arm_m3_Hwi_Module__id__C                           
00011eec  ti_catalog_arm_cortexm4_tiva_ce_Boot_A_mustNotUseEnhancedClockMode__C
00011ef0  ti_catalog_arm_cortexm4_tiva_ce_Boot_Module__diagsEnabled__C         
00011ef4  ti_catalog_arm_cortexm4_tiva_ce_Boot_Module__diagsIncluded__C        
00011ef8  ti_catalog_arm_cortexm4_tiva_ce_Boot_Module__diagsMask__C            
00011efc  ti_sysbios_family_arm_lm4_Timer_E_cannotSupport__C                   
00011f00  ti_sysbios_family_arm_lm4_Timer_E_invalidTimer__C                    
00011f04  ti_sysbios_family_arm_lm4_Timer_E_noaltclk__C                        
00011f08  ti_sysbios_family_arm_lm4_Timer_E_notAvailable__C                    
00011f0c  ti_sysbios_family_arm_lm4_Timer_anyMask__C                           
00011f10  ti_sysbios_family_arm_lm4_Timer_disableFunc__C                       
00011f14  ti_sysbios_family_arm_lm4_Timer_enableFunc__C                        
00011f18  ti_sysbios_family_arm_lm4_Timer_numTimerDevices__C                   
00011f1c  ti_sysbios_family_arm_lm4_Timer_startupNeeded__C                     
00011f20  ti_sysbios_family_arm_m3_Hwi_E_NMI__C                                
00011f24  ti_sysbios_family_arm_m3_Hwi_E_alreadyDefined__C                     
00011f28  ti_sysbios_family_arm_m3_Hwi_E_busFault__C                           
00011f2c  ti_sysbios_family_arm_m3_Hwi_E_debugMon__C                           
00011f30  ti_sysbios_family_arm_m3_Hwi_E_hardFault__C                          
00011f34  ti_sysbios_family_arm_m3_Hwi_E_memFault__C                           
00011f38  ti_sysbios_family_arm_m3_Hwi_E_noIsr__C                              
00011f3c  ti_sysbios_family_arm_m3_Hwi_E_reserved__C                           
00011f40  ti_sysbios_family_arm_m3_Hwi_E_svCall__C                             
00011f44  ti_sysbios_family_arm_m3_Hwi_E_usageFault__C                         
00011f48  ti_sysbios_family_arm_m3_Hwi_NUM_INTERRUPTS__C                       
00011f4c  ti_sysbios_family_arm_m3_Hwi_Object__count__C                        
00011f50  ti_sysbios_family_arm_m3_Hwi_ccr__C                                  
00011f54  ti_sysbios_family_arm_m3_Hwi_excHandlerFunc__C                       
00011f58  ti_sysbios_family_arm_m3_Hwi_excHookFuncs__C                         
00011f5c  ti_sysbios_family_arm_m3_Hwi_nullIsrFunc__C                          
00011f60  ti_sysbios_family_arm_m3_Hwi_priGroup__C                             
00011f64  ti_sysbios_family_arm_m3_TaskSupport_stackAlignment__C               
00011f68  ti_sysbios_gates_GateMutex_A_badContext__C                           
00011f6c  ti_sysbios_gates_GateMutex_Instance_State_sem__O                     
00011f70  ti_sysbios_gates_GateMutex_Module__diagsEnabled__C                   
00011f74  ti_sysbios_gates_GateMutex_Module__diagsIncluded__C                  
00011f78  ti_sysbios_gates_GateMutex_Module__diagsMask__C                      
00011f7c  ti_sysbios_hal_Hwi_E_stackOverflow__C                                
00011f80  ti_sysbios_hal_SecondsClock_Module_State_clock__O                    
00011f84  ti_sysbios_heaps_HeapMem_A_align__C                                  
00011f88  ti_sysbios_heaps_HeapMem_A_heapSize__C                               
00011f8c  ti_sysbios_heaps_HeapMem_A_invalidFree__C                            
00011f90  ti_sysbios_heaps_HeapMem_A_zeroBlock__C                              
00011f94  ti_sysbios_heaps_HeapMem_E_memory__C                                 
00011f98  ti_sysbios_heaps_HeapMem_Module__diagsEnabled__C                     
00011f9c  ti_sysbios_heaps_HeapMem_Module__diagsIncluded__C                    
00011fa0  ti_sysbios_heaps_HeapMem_Module__diagsMask__C                        
00011fa4  ti_sysbios_heaps_HeapMem_Module__gateObj__C                          
00011fa8  ti_sysbios_heaps_HeapMem_Object__count__C                            
00011fac  ti_sysbios_heaps_HeapMem_reqAlign__C                                 
00011fb0  ti_sysbios_knl_Clock_A_badThreadType__C                              
00011fb4  ti_sysbios_knl_Clock_Module_State_clockQ__O                          
00011fb8  ti_sysbios_knl_Clock_Module__diagsEnabled__C                         
00011fbc  ti_sysbios_knl_Clock_Module__diagsIncluded__C                        
00011fc0  ti_sysbios_knl_Clock_Module__diagsMask__C                            
00011fc4  ti_sysbios_knl_Clock_tickPeriod__C                                   
00011fc8  ti_sysbios_knl_Idle_funcList__A                                      
00011fcc  ti_sysbios_knl_Semaphore_A_badContext__C                             
00011fd0  ti_sysbios_knl_Semaphore_A_noEvents__C                               
00011fd4  ti_sysbios_knl_Semaphore_A_overflow__C                               
00011fd8  ti_sysbios_knl_Semaphore_A_pendTaskDisabled__C                       
00011fdc  ti_sysbios_knl_Semaphore_Instance_State_pendQ__O                     
00011fe0  ti_sysbios_knl_Semaphore_Module__diagsEnabled__C                     
00011fe4  ti_sysbios_knl_Semaphore_Module__diagsIncluded__C                    
00011fe8  ti_sysbios_knl_Semaphore_Module__diagsMask__C                        
00011fec  ti_sysbios_knl_Swi_Object__count__C                                  
00011ff0  ti_sysbios_knl_Task_A_badPriority__C                                 
00011ff4  ti_sysbios_knl_Task_A_badTaskState__C                                
00011ff8  ti_sysbios_knl_Task_A_badThreadType__C                               
00011ffc  ti_sysbios_knl_Task_A_badTimeout__C                                  
00012000  ti_sysbios_knl_Task_A_noPendElem__C                                  
00012004  ti_sysbios_knl_Task_A_sleepTaskDisabled__C                           
00012008  ti_sysbios_knl_Task_E_spOutOfBounds__C                               
0001200c  ti_sysbios_knl_Task_E_stackOverflow__C                               
00012010  ti_sysbios_knl_Task_Module_State_inactiveQ__O                        
00012014  ti_sysbios_knl_Task_Module__diagsEnabled__C                          
00012018  ti_sysbios_knl_Task_Module__diagsIncluded__C                         
0001201c  ti_sysbios_knl_Task_Module__diagsMask__C                             
00012020  ti_sysbios_knl_Task_Object__count__C                                 
00012024  ti_sysbios_knl_Task_allBlockedFunc__C                                
00012028  ti_sysbios_knl_Task_defaultStackHeap__C                              
0001202c  ti_sysbios_knl_Task_defaultStackSize__C                              
00012030  ti_sysbios_knl_Task_numConstructedTasks__C                           
00012034  xdc_runtime_Assert_E_assertFailed__C                                 
00012038  xdc_runtime_Core_A_initializedParams__C                              
0001203c  xdc_runtime_Core_Module__diagsEnabled__C                             
00012040  xdc_runtime_Core_Module__diagsIncluded__C                            
00012044  xdc_runtime_Core_Module__diagsMask__C                                
00012048  xdc_runtime_Error_E_memory__C                                        
0001204c  xdc_runtime_Error_Module__diagsEnabled__C                            
00012050  xdc_runtime_Error_Module__diagsIncluded__C                           
00012054  xdc_runtime_Error_Module__diagsMask__C                               
00012058  xdc_runtime_Error_Module__loggerFxn8__C                              
0001205c  xdc_runtime_Error_Module__loggerObj__C                               
00012060  xdc_runtime_Error_policyFxn__C                                       
00012064  xdc_runtime_Error_raiseHook__C                                       
00012068  xdc_runtime_IGateProvider_Interface__BASE__C                         
0001206c  xdc_runtime_IHeap_Interface__BASE__C                                 
00012070  xdc_runtime_IModule_Interface__BASE__C                               
00012074  xdc_runtime_Log_L_error__C                                           
00012078  xdc_runtime_Memory_defaultHeapInstance__C                            
0001207c  xdc_runtime_Startup_execImpl__C                                      
00012080  xdc_runtime_Startup_lastFxns__A                                      
00012084  xdc_runtime_Startup_maxPasses__C                                     
00012088  xdc_runtime_Startup_sfxnRts__C                                       
0001208c  xdc_runtime_Startup_sfxnTab__C                                       
00012090  xdc_runtime_SysMin_bufSize__C                                        
00012094  xdc_runtime_SysMin_outputFunc__C                                     
00012098  xdc_runtime_System_Module__gateObj__C                                
0001209c  xdc_runtime_System_abortFxn__C                                       
000120a0  xdc_runtime_System_exitFxn__C                                        
000120a4  xdc_runtime_System_extendFxn__C                                      
000120a8  xdc_runtime_System_maxAtexitHandlers__C                              
000120ac  xdc_runtime_Text_charTab__C                                          
000120b0  xdc_runtime_Text_nameEmpty__C                                        
000120b4  xdc_runtime_Text_nameStatic__C                                       
000120b8  xdc_runtime_Text_nameUnknown__C                                      
000120bc  xdc_runtime_Text_nodeTab__C                                          
000120c0  xdc_runtime_Text_visitRopeFxn__C                                     
000120c4  ti_sysbios_gates_GateMutex_Module__id__C                             
000120c6  ti_sysbios_hal_Hwi_Module__id__C                                     
000120c8  ti_sysbios_heaps_HeapMem_Module__id__C                               
000120ca  ti_sysbios_knl_Clock_Module__id__C                                   
000120cc  ti_sysbios_knl_Semaphore_Module__id__C                               
000120ce  ti_sysbios_knl_Task_Module__id__C                                    
000120d0  xdc_runtime_Core_Module__id__C                                       
000120d2  xdc_runtime_Error_Module__loggerDefined__C                           
000120d4  xdc_runtime_Error_maxDepth__C                                        
000120d6  xdc_runtime_Memory_Module__id__C                                     
000120d8  xdc_runtime_SysMin_flushAtExit__C                                    
000120da  xdc_runtime_Text_charCnt__C                                          
000120dc  xdc_runtime_Text_isLoaded__C                                         
000120de  xdc_runtime_Text_registryModsLastId__C                               
000120e0  xdc_runtime_Text_unnamedModsLastId__C                                
000120e8  __TI_static_base__                                                   
00012374  __TI_Handler_Table_Base                                              
00012380  __TI_Handler_Table_Limit                                             
00012390  __TI_CINIT_Base                                                      
000123a8  __TI_CINIT_Limit                                                     
20000000  __start___llvm_prf_cnts                                              
20000000  __stop___llvm_prf_cnts                                               
20000000  ti_sysbios_family_arm_m3_Hwi_ramVectors                              
20000360  task0Stack                                                           
20000760  ti_sysbios_heaps_HeapMem_Instance_State_0_buf__A                     
20000b60  ti_sysbios_family_arm_m3_Hwi_dispatchTable                           
20000ec0  ti_sysbios_knl_Task_Instance_State_0_stack__A                        
20001200  __CIOBUF_                                                            
20001320  i2cTivaObjects                                                       
20001420  uartTivaObjects                                                      
2000157c  xdc_runtime_SysMin_Module_State_0_outbuf__A                          
200015fc  task0Struct                                                          
2000164c  sContext                                                             
20001698  tempc                                                                
200016b8  uartTivaRingBuffer                                                   
200016d8  datetime                                                             
20001708  parmbuf                                                              
20001710  g_pi32ParmSet                                                        
2000171c  timerclock                                                           
20001720  uart                                                                 
20001724  g_i16TouchX                                                          
20001726  g_i16TouchY                                                          
20001728  ti_sysbios_family_arm_lm4_Timer_Object__table__V                     
200017a8  ti_sysbios_knl_Swi_Module_State_0_readyQ__A                          
20001828  ti_sysbios_knl_Task_Module_State_0_readyQ__A                         
200018a8  g_sStartStopBttn                                                     
200018f8  ti_sysbios_knl_Task_Object__table__V                                 
20001944  ti_sysbios_family_arm_m3_Hwi_Object__table__V                        
2000198c  ti_sysbios_knl_Task_Module__state__V                                 
200019d0  g_sBackground                                                        
20001a10  ti_sysbios_family_arm_lm4_Timer_Module_State_0_device__A             
20001a50  ti_sysbios_hal_SecondsClock_Module__state__V                         
20001a8c  ti_sysbios_gates_GateMutex_Object__table__V                          
20001ac4  ti_sysbios_family_arm_m3_Hwi_Module__state__V                        
20001af8  ti_sysbios_knl_Swi_Object__table__V                                  
20001b28  g_sRoot                                                              
20001b56  ti_sysbios_family_arm_m3_Hwi_Module_State_0_excActive__A             
20001b58  ti_sysbios_knl_Clock_Module__state__V                                
20001b84  ti_sysbios_BIOS_Module__state__V                                     
20001ba8  ti_sysbios_family_arm_lm4_Timer_Module_State_0_handles__A            
20001bc8  gpioPinConfigs                                                       
20001be4  ti_sysbios_knl_Swi_Module__state__V                                  
20001c00  ti_sysbios_heaps_HeapMem_Object__table__V                            
20001c18  ti_sysbios_family_arm_lm4_Timer_Module__state__V                     
20001c24  xdc_runtime_SysMin_Module__state__V                                  
20001c30  _lock                                                                
20001c34  _unlock                                                              
20001c38  gpioCallbackFunctions                                                
20001c40  ti_sysbios_family_arm_lm4_Timer_Module__root__V                      
20001c48  ti_sysbios_family_arm_lm4_TimestampProvider_Module__state__V         
20001c50  ti_sysbios_family_arm_m3_Hwi_Module__root__V                         
20001c58  ti_sysbios_gates_GateHwi_Module__root__V                             
20001c60  ti_sysbios_gates_GateMutex_Module__root__V                           
20001c68  ti_sysbios_hal_Timer_Module__root__V                                 
20001c70  ti_sysbios_heaps_HeapMem_Module__root__V                             
20001c78  ti_sysbios_knl_Clock_Module__root__V                                 
20001c80  ti_sysbios_knl_Queue_Module__root__V                                 
20001c88  ti_sysbios_knl_Semaphore_Module__root__V                             
20001c90  ti_sysbios_knl_Task_Module__root__V                                  
20001c98  xdc_runtime_Registry_Module__state__V                                
20001ca0  xdc_runtime_Startup_Module__state__V                                 
20001ca8  xdc_runtime_System_Module_State_0_atexitHandlers__A                  
20001cb0  xdc_runtime_System_Module__state__V                                  
20001cbe  xdc_runtime_Error_Module__state__V                                   
20001cc8  motorStartStop                                                       
20001cc9  HA                                                                   
20001cca  HB                                                                   
20001ccb  HC                                                                   
20001ccc  errno                                                                
20001cd0  main_func_sp                                                         
20001cd4  ti_sysbios_family_arm_m3_Hwi_Module_State_0_excContext__A            
20001cd8  ti_sysbios_family_arm_m3_Hwi_Module_State_0_excStack__A              
20001cdc  ti_sysbios_gates_GateHwi_Object__table__V                            
20001ce0  ti_sysbios_knl_Task_Module_State_0_idleTask__A                       
20001ce4  g_i16TouchMin                                                        
20001ce8  xdc_runtime_Memory_Module__state__V                                  
20001cf0  __stack                                                              
20001ff0  __STACK_END                                                          
e000e000  ti_sysbios_family_arm_m3_Hwi_nvic                                    
ffffffff  __TI_pprof_out_hndl                                                  
ffffffff  __TI_prof_data_size                                                  
ffffffff  __TI_prof_data_start                                                 
ffffffff  __binit__                                                            
ffffffff  __c_args__                                                           
ffffffff  binit                                                                
UNDEFED   SHT$$INIT_ARRAY$$Base                                                
UNDEFED   SHT$$INIT_ARRAY$$Limit                                               

[809 symbols]
