******************************************************************************
                  TI ARM Linker PC v20.2.5                     
******************************************************************************
>> Linked Tue Jun  7 21:48:39 2022

OUTPUT FILE NAME:   <EGH456MotorProject.out>
ENTRY POINT SYMBOL: "_c_int00"  address: 0000da61


MEMORY CONFIGURATION

         name            origin    length      used     unused   attr    fill
----------------------  --------  ---------  --------  --------  ----  --------
  FLASH                 00000000   00100000  0001946a  000e6b96  R  X
  SRAM                  20000000   00040000  00006c9c  00039364  RW X


SEGMENT ALLOCATION MAP

run origin  load origin   length   init length attrs members
----------  ----------- ---------- ----------- ----- -------
00000000    00000000    00019478   00019478    r-x
  00000000    00000000    0000003c   0000003c    r-- .resetVecs
  00000040    00000040    00011232   00011232    r-x .text
  00011278    00011278    00007d9c   00007d9c    r-- .const
  00019018    00019018    00000460   00000460    r-- .cinit
20000000    20000000    00000360   00000000    rw-
  20000000    20000000    00000360   00000000    rw- .vecs
20000400    20000400    00006940   00000000    rw-
  20000400    20000400    000057e0   00000000    rw- .bss
  20005be0    20005be0    00000d5c   00000000    rw- .data
  20006940    20006940    00000400   00000000    rw- .stack


SECTION ALLOCATION MAP

 output                                  attributes/
section   page    origin      length       input sections
--------  ----  ----------  ----------   ----------------
.text      0    00000040    00011232     
                  00000040    00000a4e     rtsv7M4_T_le_v4SPD16_eabi.lib : _printfi.c.obj (.text:__TI_printfi)
                  00000a8e    00000002                                   : _lock.c.obj (.text:_nop)
                  00000a90    000006ac     MotorLib.lib : motorlib.obj (.text)
                  0000113c    00000438     ustdlib.obj (.text:uvsnprintf)
                  00001574    00000004     driverlib.lib : i2c.obj (.text:I2CMasterControl)
                  00001578    00000430     sysbios.aem4f : BIOS.obj (.text:ti_sysbios_family_arm_m3_Hwi_excDumpRegs__I)
                  000019a8    000003dc     GlobalDraw.obj (.text:MotorPage)
                  00001d84    0000039c     GlobalDraw.obj (.text:GraphPrimitive)
                  00002120    00000378     GlobalDraw.obj (.text:SensorPage)
                  00002498    00000374     grlib.lib : image.obj (.text:InternalImageDraw)
                  0000280c    0000034c     ti.targets.arm.rtsarm.aem4f : System.oem4f (.text:xdc_runtime_System_doPrint__I)
                  00002b58    00000320     sysbios.aem4f : BIOS.obj (.text:ti_sysbios_knl_Event_pend__E)
                  00002e78    00000318     Motor.obj (.text:RegulateSpeed)
                  00003190    000002f8     grlib.lib : image.obj (.text:PixelTransparentDraw)
                  00003488    000002c6               : slider.obj (.text:SliderPaint)
                  0000374e    00000002     rtsv7M4_T_le_v4SPD16_eabi.lib : div0.asm.obj (.text)
                  00003750    000002b0     Clock.obj (.text:timeConvert)
                  00003a00    000002a4     sysbios.aem4f : BIOS.obj (.text:ti_sysbios_knl_Semaphore_pend__E)
                  00003ca4    00000270     rtsv7M4_T_le_v4SPD16_eabi.lib : _printfi.c.obj (.text:_pconv_a)
                  00003f14    00000004     driverlib.lib : i2c.obj (.text:I2CMasterDataGet)
                  00003f18    0000026c     sysbios.aem4f : BIOS.obj (.text:ti_sysbios_heaps_HeapMem_free__E)
                  00004184    00000268     touch.obj (.text:TouchScreenDebouncer)
                  000043ec    00000254     grlib.lib : string.obj (.text:GrFontGlyphRender)
                  00004640    00000250     sysbios.aem4f : BIOS.obj (.text:ti_sysbios_heaps_HeapMem_alloc__E)
                  00004890    00000234                   : BIOS.obj (.text:ti_sysbios_knl_Task_Instance_finalize__E)
                  00004ac4    0000022c     GlobalDraw.obj (.text:TopBarDraw)
                  00004cf0    00000224     empty.obj (.text:main)
                  00004f14    0000020c     drivers_tivaware.aem4f : UARTTiva.oem4f (.text:UARTTiva_open)
                  00005120    00000204     Boot.aem4f : Boot_sysctl.oem4f (.text:ti_catalog_arm_cortexm4_tiva_ce_Boot_sysCtlClockFreqSetI__I)
                  00005324    00000200     rtsv7M4_T_le_v4SPD16_eabi.lib : s_exp2.c.obj (.text:exp2)
                  00005524    000001f8     GlobalDraw.obj (.text:updateSensorPage)
                  0000571c    00000004     driverlib.lib : i2c.obj (.text:I2CMasterDataPut)
                  00005720    000001f4     sysbios.aem4f : BIOS.obj (.text:ti_sysbios_family_arm_m3_Hwi_excHandlerMax__I)
                  00005914    000001e8     GlobalDraw.obj (.text:MotorPageUpdate)
                  00005afc    000001e4     Kentec320x240x16_ssd2119_spi.obj (.text:Kentec320x240x16_SSD2119Init)
                  00005ce0    000001dc     Kentec320x240x16_ssd2119_spi.obj (.text:Kentec320x240x16_SSD2119PixelDrawMultiple)
                  00005ebc    000001d0     rtsv7M4_T_le_v4SPD16_eabi.lib : _printfi.c.obj (.text:_pconv_g)
                  0000608c    00000004     driverlib.lib : uart.obj (.text:UARTIntClear)
                  00006090    000001c8     sysbios.aem4f : BIOS.obj (.text:ti_sysbios_knl_Task_sleep__E)
                  00006258    000001c4     empty.obj (.text:heartBeatFxn)
                  0000641c    00000004     grlib.lib : widget.obj (.text:WidgetDefaultMsgProc)
                  00006420    000001c0     sysbios.aem4f : BIOS.obj (.text:ti_sysbios_knl_Task_Instance_init__E)
                  000065e0    000001b6     rtsv7M4_T_le_v4SPD16_eabi.lib : fd_add_t2.asm.obj (.text)
                  00006796    00000002     empty_pem4f.oem4f (.text:ti_sysbios_BIOS_nullFunc__I)
                  00006798    000001b4     sensors.obj (.text:readOptFxn)
                  0000694c    000001a4     pinout.obj (.text:PinoutSet)
                  00006af0    000001a4     GlobalDraw.obj (.text:UpdateGraphPlot)
                  00006c94    00000004     rtsv7M4_T_le_v4SPD16_eabi.lib : exit.c.obj (.text:abort:abort)
                  00006c98    000001a0     sysbios.aem4f : BIOS.obj (.text:ti_sysbios_gates_GateMutexPri_enter__E)
                  00006e38    00000190     grlib.lib : canvas.obj (.text:CanvasPaint)
                  00006fc8    0000017e               : pushbutton.obj (.text:RectangularButtonPaint)
                  00007146    00000002     empty_pem4f.oem4f (.text:xdc_runtime_Startup_reset__I)
                  00007148    00000178     touch.obj (.text:TouchScreenIntHandler)
                  000072c0    00000174     sysbios.aem4f : BIOS.obj (.text:ti_sysbios_family_arm_m3_Hwi_excBusFault__I)
                  00007434    00000170     drivers_tivaware.aem4f : PWMTiva.oem4f (.text:PWMTiva_open)
                  000075a4    00000004     empty_pem4f.oem4f (.text:ti_sysbios_BIOS_RtsGateProxy_enter__E)
                  000075a8    00000164     sysbios.aem4f : BIOS.obj (.text:ti_sysbios_family_arm_m3_Hwi_excUsageFault__I)
                  0000770c    0000015c     sensors.obj (.text:accelSensorFilterFxn)
                  00007868    00000158     sensors.obj (.text:readCurrentFxn)
                  000079c0    00000150     drivers_tivaware.aem4f : GPIOTiva.oem4f (.text:GPIO_setConfig)
                  00007b10    0000014c     sensors.obj (.text:readAccFxn)
                  00007c5c    00000004     empty_pem4f.oem4f (.text:ti_sysbios_BIOS_RtsGateProxy_leave__E)
                  00007c60    00000148     sysbios.aem4f : BIOS.obj (.text:ti_sysbios_family_arm_m3_Hwi_excMemFault__I)
                  00007da8    0000013c     rtsv7M4_T_le_v4SPD16_eabi.lib : _printfi.c.obj (.text:_pconv_e)
                  00007ee4    00000004     sysbios.aem4f : BIOS.obj (.text:ti_sysbios_family_arm_lm4_Timer_masterEnable__I)
                  00007ee8    0000013c                   : BIOS.obj (.text:ti_sysbios_heaps_HeapMem_Instance_init__E)
                  00008024    00000136     rtsv7M4_T_le_v4SPD16_eabi.lib : fd_div_t2.asm.obj (.text)
                  0000815a    00000006     driverlib.lib : gpio.obj (.text:GPIOIntClear)
                  00008160    00000134     sysbios.aem4f : BIOS.obj (.text:ti_sysbios_knl_Task_setPri__E)
                  00008294    00000130     GlobalDraw.obj (.text:BannerInit)
                  000083c4    00000130     driverlib.lib : gpio.obj (.text:GPIOPadConfigSet)
                  000084f4    00000128     Motor.obj (.text:PIControl)
                  0000861c    00000124     rtsv7M4_T_le_v4SPD16_eabi.lib : _printfi.c.obj (.text:fcvt)
                  00008740    00000118     ti.targets.arm.rtsarm.aem4f : Error.oem4f (.text:xdc_runtime_Error_policyDefault__E)
                  00008858    00000114     drivers_tivaware.aem4f : PWMTimerTiva.oem4f (.text:PWMTimerTiva_open)
                  0000896c    00000110     rtsv7M4_T_le_v4SPD16_eabi.lib : s_scalbn.c.obj (.text:scalbn)
                  00008a7c    0000010c     Kentec320x240x16_ssd2119_spi.obj (.text:Kentec320x240x16_SSD2119RectFill)
                  00008b88    0000010c     touch.obj (.text:TouchScreenInit)
                  00008c94    00000004     empty_pem4f.oem4f (.text:ti_sysbios_family_arm_m3_Hwi_destruct)
                  00008c98    00000108     sysbios.aem4f : BIOS.obj (.text:ti_sysbios_family_arm_lm4_Timer_start__E)
                  00008da0    00000108                   : BIOS.obj (.text:ti_sysbios_knl_Clock_Instance_init__E)
                  00008ea8    00000106     grlib.lib : line.obj (.text:GrLineDraw)
                  00008fae    00000002     --HOLE-- [fill = 0]
                  00008fb0    00000104     Motor.obj (.text:MotorMain)
                  000090b4    00000004     empty_pem4f.oem4f (.text:ti_sysbios_family_arm_m3_TaskSupport_Module__startupDone__S)
                  000090b8    00000104     sysbios.aem4f : BIOS.obj (.text:ti_sysbios_knl_Event_post__E)
                  000091bc    00000100     ti.targets.arm.rtsarm.aem4f : Core-mem.oem4f (.text:xdc_runtime_Core_createObject__I)
                  000092bc    000000fc     rtsv7M4_T_le_v4SPD16_eabi.lib : fd_mul_t2.asm.obj (.text)
                  000093b8    000000f8     sensors.obj (.text:currentSensorFilterFxn)
                  000094b0    000000f8     rtsv7M4_T_le_v4SPD16_eabi.lib : s_floor.c.obj (.text:floor)
                  000095a8    000000f8     ti.targets.arm.rtsarm.aem4f : Startup.oem4f (.text:xdc_runtime_Startup_startMods__I)
                  000096a0    000000f8     empty_pem4f.oem4f (.text:xdc_runtime_System_printfExtend__I)
                  00009798    000000f4     GlobalDraw.obj (.text:graphSelectPage)
                  0000988c    000000f4     sysbios.aem4f : m3_Hwi_asm.obj (.text:ti_sysbios_family_arm_m3_Hwi_dispatch__I)
                  00009980    000000f2     grlib.lib : pushbutton.obj (.text:RectangularButtonClick)
                  00009a72    000000f0     drivers_tivaware.aem4f : PWMTiva.oem4f (.text:PWMTiva_setDuty)
                  00009b62    000000f0     bmi160.obj (.text:bmi160_init)
                  00009c52    00000006     driverlib.lib : gpio.obj (.text:GPIOPinRead)
                  00009c58    000000ec     sysbios.aem4f : BIOS.obj (.text:ti_sysbios_knl_Semaphore_post__E)
                  00009d44    000000e8     grlib.lib : widget.obj (.text:WidgetMessageQueueAdd)
                  00009e2c    000000e0     drivers_tivaware.aem4f : I2CTiva.oem4f (.text:I2CTiva_open)
                  00009f0c    000000d6                            : I2CTiva.oem4f (.text:I2CTiva_hwiFxn)
                  00009fe2    000000d6     grlib.lib : slider.obj (.text:SliderClick)
                  0000a0b8    000000d4     sysbios.aem4f : BIOS.obj (.text:ti_sysbios_knl_Swi_Instance_init__E)
                  0000a18c    000000cc     ti.targets.arm.rtsarm.aem4f : Core-smem.oem4f (.text:xdc_runtime_Core_constructObject__I)
                  0000a258    000000c0     grlib.lib : string.obj (.text:GrDefaultStringRenderer)
                  0000a318    000000bc     sysbios.aem4f : BIOS.obj (.text:ti_sysbios_family_arm_m3_Hwi_excDebugMon__I)
                  0000a3d4    00000004     empty_pem4f.oem4f (.text:ti_sysbios_heaps_HeapMem_Module_GateProxy_enter__E)
                  0000a3d8    000000bc     sysbios.aem4f : BIOS.obj (.text:ti_sysbios_family_arm_m3_Hwi_excHardFault__I)
                  0000a494    000000b8     EK_TM4C1294XL.obj (.text:EK_TM4C1294XL_initGeneral)
                  0000a54c    000000b8     grlib.lib : line.obj (.text:GrLineClip)
                  0000a604    000000b8     Kentec320x240x16_ssd2119_spi.obj (.text:InitSPILCDInterface)
                  0000a6bc    000000b8     GlobalDraw.obj (.text:MainPage)
                  0000a774    000000b8     drivers_tivaware.aem4f : PWMTimerTiva.oem4f (.text:PWMTimerTiva_setDuty)
                  0000a82c    000000b4     grlib.lib : widget.obj (.text:WidgetMessageSendPostOrder)
                  0000a8e0    000000b4     sysbios.aem4f : BIOS.obj (.text:ti_sysbios_gates_GateMutex_enter__E)
                  0000a994    00000004     empty_pem4f.oem4f (.text:ti_sysbios_heaps_HeapMem_Module_GateProxy_leave__E)
                  0000a998    000000b4     sysbios.aem4f : BIOS.obj (.text:ti_sysbios_knl_Task_checkStacks__E)
                  0000aa4c    000000b1     rtsv7M4_T_le_v4SPD16_eabi.lib : _printfi.c.obj (.text:_ltostr)
                  0000aafd    00000001     --HOLE-- [fill = 0]
                  0000aafe    000000b0     grlib.lib : slider.obj (.text:SliderValueToPosition)
                  0000abae    000000ac     drivers_tivaware.aem4f : UARTTiva.oem4f (.text:readTaskBlocking)
                  0000ac5a    00000006     driverlib.lib : gpio.obj (.text:GPIOPinWrite)
                  0000ac60    000000ac     sysbios.aem4f : BIOS.obj (.text:ti_sysbios_family_arm_lm4_Timer_enableTiva__I)
                  0000ad0c    00000004     empty_pem4f.oem4f (.text:ti_sysbios_knl_Clock_TimerProxy_getFreq__E)
                  0000ad10    000000a4     sysbios.aem4f : BIOS.obj (.text:ti_sysbios_knl_Clock_Instance_finalize__E)
                  0000adb4    000000a0     GlobalDraw.obj (.text:GraphPageCurrent)
                  0000ae54    000000a0     auto_init.aem4f : auto_init.oem4f (.text)
                  0000aef4    000000a0     ti.targets.arm.rtsarm.aem4f : Text.oem4f (.text:xdc_runtime_Text_putMod__E)
                  0000af94    0000009c     GlobalDraw.obj (.text:ChangeMotorStat)
                  0000b030    0000009c     EK_TM4C1294XL.obj (.text:EK_TM4C1294XL_initI2C)
                  0000b0cc    0000009c     GlobalDraw.obj (.text:GraphPageAccel)
                  0000b168    0000009c     GlobalDraw.obj (.text:GraphPageLight)
                  0000b204    0000009c     rtsv7M4_T_le_v4SPD16_eabi.lib : memcpy_t2.asm.obj (.text)
                  0000b2a0    0000009c     sysbios.aem4f : BIOS.obj (.text:ti_sysbios_knl_Semaphore_Instance_init__E)
                  0000b33c    0000009a     ti.targets.arm.rtsarm.aem4f : Text.oem4f (.text:xdc_runtime_Text_putSite__E)
                  0000b3d6    00000098     drivers_tivaware.aem4f : UARTTiva.oem4f (.text:UARTTiva_readPolling)
                  0000b46e    00000002     --HOLE-- [fill = 0]
                  0000b470    00000098     Boot.aem4f : Boot.oem4f (.text:ti_catalog_arm_cortexm4_tiva_ce_Boot_sysCtlClockFreqSet__E)
                  0000b508    00000096     rtsv7M4_T_le_v4SPD16_eabi.lib : ull_div_t2.asm.obj (.text)
                  0000b59e    00000094     drivers_tivaware.aem4f : UARTTiva.oem4f (.text:UARTTiva_write)
                  0000b632    00000006     grlib.lib : string.obj (.text:GrContextFontSet)
                  0000b638    00000094     sysbios.aem4f : BIOS.obj (.text:ti_sysbios_family_arm_m3_Hwi_Instance_init__E)
                  0000b6cc    00000004     empty_pem4f.oem4f (.text:ti_sysbios_knl_Clock_TimerProxy_getMaxTicks__E)
                  0000b6d0    00000094     sysbios.aem4f : BIOS.obj (.text:ti_sysbios_family_arm_m3_Hwi_initNVIC__E)
                  0000b764    00000004     empty_pem4f.oem4f (.text:ti_sysbios_knl_Clock_TimerProxy_getPeriod__E)
                  0000b768    00000094     sysbios.aem4f : BIOS.obj (.text:ti_sysbios_knl_Task_postInit__I)
                  0000b7fc    00000090     GlobalDraw.obj (.text:UpdateAccelGraph)
                  0000b88c    00000090     GlobalDraw.obj (.text:UpdateCurrentGraph)
                  0000b91c    00000090     GlobalDraw.obj (.text:UpdateLightGraph)
                  0000b9ac    0000008c     drivers_tivaware.aem4f : GPIOTiva.oem4f (.text:GPIO_init)
                  0000ba38    0000008c                            : UARTTiva.oem4f (.text:UARTTiva_control)
                  0000bac4    0000008c     sysbios.aem4f : m3_TaskSupport_asm.obj (.text:ti_sysbios_family_arm_m3_TaskSupport_buildTaskStack)
                  0000bb50    0000008c                   : BIOS.obj (.text:ti_sysbios_hal_SecondsClock_Module_startup__E)
                  0000bbdc    0000008a     drivers_tivaware.aem4f : UARTTiva.oem4f (.text:readIsrTextBlocking)
                  0000bc66    00000002     --HOLE-- [fill = 0]
                  0000bc68    00000088                            : PWMTiva.oem4f (.text:PWMTiva_control)
                  0000bcf0    00000086     grlib.lib : rectangle.obj (.text:GrRectFill)
                  0000bd76    00000086     rtsv7M4_T_le_v4SPD16_eabi.lib : fd_cmp_t2.asm.obj (.text:__aeabi_cdcmple)
                  0000bdfc    00000086                                   : fd_cmp_t2.asm.obj (.text:__aeabi_cdrcmple)
                  0000be82    00000006     driverlib.lib : i2c.obj (.text:I2CMasterIntDisable)
                  0000be88    00000084     sysbios.aem4f : BIOS.obj (.text:ti_sysbios_family_arm_m3_Hwi_postInit__I)
                  0000bf0c    00000082     opt3001.obj (.text:opt3001_init)
                  0000bf8e    00000082     drivers_tivaware.aem4f : UARTTiva.oem4f (.text:readIsrTextCallback)
                  0000c010    00000080     grlib.lib : rectangle.obj (.text:GrRectIntersectGet)
                  0000c090    00000080     GlobalDraw.obj (.text:GraphPageVelocity)
                  0000c110    0000007e     drivers_tivaware.aem4f : I2CTiva.oem4f (.text:I2CTiva_transfer)
                  0000c18e    00000002     --HOLE-- [fill = 0]
                  0000c190    0000007c     sensors.obj (.text:adc_init)
                  0000c20c    0000007a     driverlib.lib : adc.obj (.text:ADCSequenceStepConfigure)
                  0000c286    0000007a     drivers_tivaware.aem4f : UARTTiva.oem4f (.text:readTaskCallback)
                  0000c300    0000007a     rtsv7M4_T_le_v4SPD16_eabi.lib : memset_t2.asm.obj (.text)
                  0000c37a    00000076     GraphFunctions.obj (.text:ArrayUpdate)
                  0000c3f0    00000074     GlobalDraw.obj (.text:InitScreen)
                  0000c464    00000074     GlobalDraw.obj (.text:UpdateVelocityGraph)
                  0000c4d8    00000074     sysbios.aem4f : BIOS.obj (.text:ti_sysbios_knl_Clock_start__E)
                  0000c54c    00000070     GlobalDraw.obj (.text:BackMainMotorPage)
                  0000c5bc    00000070     sensors.obj (.text:lightSensorFilterFxn)
                  0000c62c    00000070     opt3001.obj (.text:opt3001_read)
                  0000c69c    00000004     empty_pem4f.oem4f (.text:ti_sysbios_knl_Clock_destruct)
                  0000c6a0    00000070     sysbios.aem4f : BIOS.obj (.text:ti_sysbios_knl_Clock_workFunc__E)
                  0000c710    00000070                   : BIOS.obj (.text:ti_sysbios_knl_Task_exit__E)
                  0000c780    0000006e     rtsv7M4_T_le_v4SPD16_eabi.lib : _printfi.c.obj (.text:_mcpy)
                  0000c7ee    00000002     --HOLE-- [fill = 0]
                  0000c7f0    0000006d     ti.targets.arm.rtsarm.aem4f : System.oem4f (.text:xdc_runtime_System_formatNum__I)
                  0000c85d    00000003     --HOLE-- [fill = 0]
                  0000c860    0000006c     GraphFunctions.obj (.text:CalcAvg)
                  0000c8cc    0000006c     Motor.obj (.text:HAllF)
                  0000c938    0000006c     Motor.obj (.text:MotorStart)
                  0000c9a4    0000006c     drivers_tivaware.aem4f : PWMTimerTiva.oem4f (.text:PWMTimerTiva_control)
                  0000ca10    0000006c     sysbios.aem4f : BIOS.obj (.text:ti_sysbios_gates_GateMutexPri_leave__E)
                  0000ca7c    00000004     empty_pem4f.oem4f (.text:ti_sysbios_knl_Queue_destruct)
                  0000ca80    0000006c     sysbios.aem4f : BIOS.obj (.text:ti_sysbios_knl_Swi_restoreHwi__E)
                  0000caec    0000006c     drivers_tivaware.aem4f : UARTTiva.oem4f (.text:writeData)
                  0000cb58    0000006c     ti.targets.arm.rtsarm.aem4f : Error.oem4f (.text:xdc_runtime_Error_print__E)
                  0000cbc4    0000006c                                 : Memory.oem4f (.text:xdc_runtime_Memory_alloc__E)
                  0000cc30    0000006a     drivers_tivaware.aem4f : PWMTiva.oem4f (.text:PWMTiva_close)
                  0000cc9a    00000002     --HOLE-- [fill = 0]
                  0000cc9c    00000068     grlib.lib : context.obj (.text:GrContextInit)
                  0000cd04    00000068               : string.obj (.text:GrStringWidthGet)
                  0000cd6c    00000068     driverlib.lib : interrupt.obj (.text:IntEnable)
                  0000cdd4    00000068     Kentec320x240x16_ssd2119_spi.obj (.text:Kentec320x240x16_SSD2119LineDrawH)
                  0000ce3c    00000068     Kentec320x240x16_ssd2119_spi.obj (.text:Kentec320x240x16_SSD2119LineDrawV)
                  0000cea4    00000068     rtsv7M4_T_le_v4SPD16_eabi.lib : copy_decompress_lzss.c.obj (.text:decompress:lzss:__TI_decompress_lzss)
                  0000cf0c    00000068     opt3001.obj (.text:opt3001_convert)
                  0000cf74    00000066     grlib.lib : context.obj (.text:GrContextClipRegionSet)
                  0000cfda    00000066               : rectangle.obj (.text:GrRectDraw)
                  0000d040    00000066     ti.targets.arm.rtsarm.aem4f : Core-mem.oem4f (.text:xdc_runtime_Core_deleteObject__I)
                  0000d0a6    00000002     --HOLE-- [fill = 0]
                  0000d0a8    00000064     drivers_tivaware.aem4f : GPIOTiva.oem4f (.text:GPIO_hwiIntFxn)
                  0000d10c    00000064     grlib.lib : widget.obj (.text:WidgetMessageQueueProcess)
                  0000d170    00000064     rtsv7M4_T_le_v4SPD16_eabi.lib : s_frexp.c.obj (.text:frexp)
                  0000d1d4    00000064     GraphFunctions.obj (.text:min_element)
                  0000d238    00000064     sysbios.aem4f : BIOS.obj (.text:ti_sysbios_family_arm_lm4_Timer_Module_startup__E)
                  0000d29c    00000064     empty_pem4f.oem4f (.text:ti_sysbios_family_arm_m3_Hwi_create)
                  0000d300    00000064     sysbios.aem4f : BIOS.obj (.text:ti_sysbios_family_arm_m3_Hwi_dispatchC__I)
                  0000d364    00000062     drivers_tivaware.aem4f : I2CTiva.oem4f (.text:I2CTiva_primeTransfer)
                  0000d3c6    00000002     --HOLE-- [fill = 0]
                  0000d3c8    00000060     driverlib.lib : timer.obj (.text:TimerConfigure)
                  0000d428    00000060     Kentec320x240x16_ssd2119_spi.obj (.text:WriteDataSPI)
                  0000d488    00000060     sysbios.aem4f : BIOS.obj (.text:ti_sysbios_knl_Task_schedule__I)
                  0000d4e8    0000005e     grlib.lib : widget.obj (.text:WidgetMessageSendPreOrder)
                  0000d546    0000005e     bmi160.obj (.text:bmi160_getAccel)
                  0000d5a4    0000005e     drivers_tivaware.aem4f : UARTTiva.oem4f (.text:readIsrBinaryBlocking)
                  0000d602    00000002     --HOLE-- [fill = 0]
                  0000d604    0000005c     GlobalDraw.obj (.text:OnSliderChange)
                  0000d660    0000005c     Kentec320x240x16_ssd2119_spi.obj (.text:WriteCommandSPI)
                  0000d6bc    0000005c     Motor.obj (.text:freq2ticks)
                  0000d718    0000005c     GraphFunctions.obj (.text:max_element)
                  0000d774    0000005c     empty_pem4f.oem4f (.text:ti_sysbios_knl_Swi_create)
                  0000d7d0    0000005c     sysbios.aem4f : BIOS.obj (.text:ti_sysbios_knl_Swi_run__I)
                  0000d82c    00000004     empty_pem4f.oem4f (.text:ti_sysbios_knl_Semaphore_destruct)
                  0000d830    0000005c     sysbios.aem4f : BIOS.obj (.text:ti_sysbios_knl_Swi_schedule__I)
                  0000d88c    00000004     ti.targets.arm.rtsarm.aem4f : Error.oem4f (.text:xdc_runtime_Error_getSite__E)
                  0000d890    0000005c     sysbios.aem4f : BIOS.obj (.text:ti_sysbios_knl_Task_Module_startup__E)
                  0000d8ec    00000004     empty_pem4f.oem4f (.text:xdc_runtime_System_Module_GateProxy_enter__E)
                  0000d8f0    0000005c     sysbios.aem4f : BIOS.obj (.text:ti_sysbios_knl_Task_startCore__E)
                  0000d94c    0000005c     i2cDriver.obj (.text:writeI2C)
                  0000d9a8    0000005b     ti.targets.arm.rtsarm.aem4f : Text.oem4f (.text:xdc_runtime_Text_putLab__E)
                  0000da03    00000001     --HOLE-- [fill = 0]
                  0000da04    0000005a     grlib.lib : string.obj (.text:FontWideGlyphDataGet)
                  0000da5e    00000002     --HOLE-- [fill = 0]
                  0000da60    00000058     boot.aem4f : boot.oem4f (.text)
                  0000dab8    00000058     Motor.obj (.text:GetCurrentSpeed)
                  0000db10    00000058     rtsv7M4_T_le_v4SPD16_eabi.lib : hostwrite.c.obj (.text:HOSTwrite)
                  0000db68    00000058     grlib.lib : slider.obj (.text:SliderPositionToValue)
                  0000dbc0    00000058     driverlib.lib : timer.obj (.text:TimerControlTrigger)
                  0000dc18    00000058     empty_pem4f.oem4f (.text:ti_sysbios_family_arm_m3_Hwi_construct)
                  0000dc70    00000058     sysbios.aem4f : m3_Hwi_asm_switch.obj (.text:ti_sysbios_family_arm_m3_Hwi_initStacks__E)
                  0000dcc8    00000058     ustdlib.obj (.text:ustrncpy)
                  0000dd20    00000057     Motor.obj (.text:MotorInit)
                  0000dd77    00000001     --HOLE-- [fill = 0]
                  0000dd78    00000056     driverlib.lib : gpio.obj (.text:GPIOIntTypeSet)
                  0000ddce    00000056     rtsv7M4_T_le_v4SPD16_eabi.lib : _printfi.c.obj (.text:_pconv_f)
                  0000de24    00000054                                   : _ltoa.c.obj (.text:__TI_ltoa)
                  0000de78    00000054     sensors.obj (.text:i2c_Open)
                  0000decc    00000054     drivers_tivaware.aem4f : UARTTiva.oem4f (.text:readIsrBinaryCallback)
                  0000df20    00000054     sysbios.aem4f : BIOS.obj (.text:ti_sysbios_family_arm_lm4_Timer_initDevice__I)
                  0000df74    00000004     empty_pem4f.oem4f (.text:xdc_runtime_System_Module_GateProxy_leave__E)
                  0000df78    00000054     sysbios.aem4f : BIOS.obj (.text:ti_sysbios_knl_Swi_Instance_finalize__E)
                  0000dfcc    00000054     empty_pem4f.oem4f (.text:ti_sysbios_knl_Task_construct)
                  0000e020    00000054     ti.targets.arm.rtsarm.aem4f : Assert.oem4f (.text:xdc_runtime_Assert_raise__I)
                  0000e074    00000052     rtsv7M4_T_le_v4SPD16_eabi.lib : _printfi.c.obj (.text:_ecpy)
                  0000e0c6    00000002     --HOLE-- [fill = 0]
                  0000e0c8    00000050     drivers_tivaware.aem4f : GPIOTiva.oem4f (.text:GPIO_setCallback)
                  0000e118    00000050                            : GPIOTiva.oem4f (.text:GPIO_write)
                  0000e168    00000050                            : UARTTiva.oem4f (.text:UARTTiva_writeCancel)
                  0000e1b8    00000050     Boot.aem4f : Boot_sysctl.oem4f (.text:_SysCtlFrequencyGet)
                  0000e208    00000050     sysbios.aem4f : BIOS.obj (.text:ti_sysbios_family_arm_m3_Hwi_Module_startup__E)
                  0000e258    00000050     ti.targets.arm.rtsarm.aem4f : Startup.oem4f (.text:xdc_runtime_Startup_exec__E)
                  0000e2a8    00000050                                 : Text.oem4f (.text:xdc_runtime_Text_visitRope2__I)
                  0000e2f8    0000004c     drivers_tivaware.aem4f : UARTTiva.oem4f (.text:UARTTiva_close)
                  0000e344    0000004c     grlib.lib : widget.obj (.text:WidgetRemove)
                  0000e390    0000004c     rtsv7M4_T_le_v4SPD16_eabi.lib : atoi.c.obj (.text:atoi)
                  0000e3dc    0000004c                                   : cpy_tbl.c.obj (.text:copy_in)
                  0000e428    0000004c     i2cDriver.obj (.text:readI2C)
                  0000e474    00000004     ti.targets.arm.rtsarm.aem4f : System.oem4f (.text:xdc_runtime_System_aprintf_va__F)
                  0000e478    0000004c     sysbios.aem4f : BIOS.obj (.text:ti_sysbios_family_arm_lm4_Timer_setAvailMask__E)
                  0000e4c4    00000004     ti.targets.arm.rtsarm.aem4f : System.oem4f (.text:xdc_runtime_System_printf_va__F)
                  0000e4c8    0000004c     sysbios.aem4f : BIOS.obj (.text:ti_sysbios_heaps_HeapMem_getStats__E)
                  0000e514    00000004     --HOLE-- [fill = 0]
                  0000e518    0000004c                   : BIOS.obj (.text:ti_sysbios_knl_Swi_runLoop__I)
                  0000e564    00000004     --HOLE-- [fill = 0]
                  0000e568    0000004c                   : BIOS.obj (.text:ti_sysbios_knl_Task_allBlockedFunction__I)
                  0000e5b4    00000004     --HOLE-- [fill = 0]
                  0000e5b8    0000004c                   : BIOS.obj (.text:ti_sysbios_knl_Task_block__E)
                  0000e604    0000004a     drivers_tivaware.aem4f : PWMTimerTiva.oem4f (.text:PWMTimerTiva_close)
                  0000e64e    0000004a     grlib.lib : string.obj (.text:UpdateContextCharMapping)
                  0000e698    00000048     driverlib.lib : gpio.obj (.text:GPIOPinConfigure)
                  0000e6e0    00000048                   : i2c.obj (.text:I2CMasterInitExpClk)
                  0000e728    00000048     rtsv7M4_T_le_v4SPD16_eabi.lib : fd_toi_t2.asm.obj (.text)
                  0000e770    00000048     sysbios.aem4f : BIOS.obj (.text:ti_sysbios_family_arm_lm4_Timer_enableTimers__I)
                  0000e7b8    00000048                   : BIOS.obj (.text:ti_sysbios_family_arm_m3_Hwi_disableInterrupt__E)
                  0000e800    00000048                   : BIOS.obj (.text:ti_sysbios_family_arm_m3_Hwi_enableInterrupt__E)
                  0000e848    00000048                   : BIOS.obj (.text:ti_sysbios_family_arm_m3_Hwi_excReserved__I)
                  0000e890    00000048                   : BIOS.obj (.text:ti_sysbios_hal_SecondsClock_increment__I)
                  0000e8d8    00000048                   : BIOS.obj (.text:ti_sysbios_knl_Mailbox_Module_startup__E)
                  0000e920    00000046     grlib.lib : line.obj (.text:GrLineDrawH)
                  0000e966    00000046               : line.obj (.text:GrLineDrawV)
                  0000e9ac    00000046     Kentec320x240x16_ssd2119_spi.obj (.text:Kentec320x240x16_SSD2119PixelDraw)
                  0000e9f2    00000046     drivers_tivaware.aem4f : RingBuf.oem4f (.text:RingBuf_put)
                  0000ea38    00000046     UARTLocal.obj (.text:initUART)
                  0000ea7e    00000046     ti.targets.arm.rtsarm.aem4f : Core-params.oem4f (.text:xdc_runtime_Core_assignParams__I)
                  0000eac4    00000044     GraphFunctions.obj (.text:CalcNoRemainder)
                  0000eb08    00000044     sysbios.aem4f : BIOS.obj (.text:ti_sysbios_family_arm_lm4_Timer_isrStub__E)
                  0000eb4c    00000004     --HOLE-- [fill = 0]
                  0000eb50    00000044                   : BIOS.obj (.text:ti_sysbios_family_arm_m3_Hwi_getStackInfo__E)
                  0000eb94    00000004     --HOLE-- [fill = 0]
                  0000eb98    00000044                   : BIOS.obj (.text:ti_sysbios_knl_Mailbox_postInit__I)
                  0000ebdc    00000004     --HOLE-- [fill = 0]
                  0000ebe0    00000044                   : BIOS.obj (.text:ti_sysbios_knl_Swi_post__E)
                  0000ec24    00000044     ti.targets.arm.rtsarm.aem4f : Error.oem4f (.text:xdc_runtime_Error_setX__E)
                  0000ec68    00000044                                 : SysMin.oem4f (.text:xdc_runtime_SysMin_flush__E)
                  0000ecac    00000044                                 : Text.oem4f (.text:xdc_runtime_Text_xprintf__I)
                  0000ecf0    00000042     driverlib.lib : uart.obj (.text:UARTConfigSetExpClk)
                  0000ed32    00000042     drivers_tivaware.aem4f : UARTTiva.oem4f (.text:UARTTiva_hwiIntFxn)
                  0000ed74    00000042                            : UARTTiva.oem4f (.text:UARTTiva_writePolling)
                  0000edb6    00000002     --HOLE-- [fill = 0]
                  0000edb8    00000040     GraphData.obj (.text:InitsingleBuffer)
                  0000edf8    00000040     drivers_tivaware.aem4f : RingBuf.oem4f (.text:RingBuf_get)
                  0000ee38    00000040                            : UARTTiva.oem4f (.text:UARTTiva_read)
                  0000ee78    00000040     rtsv7M4_T_le_v4SPD16_eabi.lib : u_divt2.asm.obj (.text)
                  0000eeb8    00000040                                   : sprintf.c.obj (.text:sprintf)
                  0000eef8    00000040     sysbios.aem4f : BIOS.obj (.text:ti_sysbios_family_arm_lm4_Timer_startup__E)
                  0000ef38    00000040                   : BIOS.obj (.text:ti_sysbios_hal_SecondsClock_getTime__E)
                  0000ef78    0000003e     driverlib.lib : adc.obj (.text:ADCSequenceConfigure)
                  0000efb6    0000003e     rtsv7M4_T_le_v4SPD16_eabi.lib : _printfi.c.obj (.text:_fcpy)
                  0000eff4    0000003c     driverlib.lib : ssi.obj (.text:SSIConfigSetExpClk)
                  0000f030    0000003c     Estop.obj (.text:checkEstop)
                  0000f06c    00000004     --HOLE-- [fill = 0]
                  0000f070    0000003c     sysbios.aem4f : BIOS.obj (.text:ti_sysbios_family_arm_m3_Hwi_excSvCall__I)
                  0000f0ac    00000004     --HOLE-- [fill = 0]
                  0000f0b0    0000003c                   : BIOS.obj (.text:ti_sysbios_heaps_HeapMem_init__I)
                  0000f0ec    00000004     --HOLE-- [fill = 0]
                  0000f0f0    0000003c                   : BIOS.obj (.text:ti_sysbios_knl_Swi_restore__E)
                  0000f12c    0000003a     grlib.lib : string.obj (.text:FontGlyphDataGet)
                  0000f166    0000003a     drivers_tivaware.aem4f : I2CTiva.oem4f (.text:I2CTiva_completeTransfer)
                  0000f1a0    00000038     grlib.lib : rectangle.obj (.text:GrRectOverlapCheck)
                  0000f1d8    00000038     drivers_tivaware.aem4f : I2C.oem4f (.text:I2C_init)
                  0000f210    00000038                            : PWM.oem4f (.text:PWM_init)
                  0000f248    00000038     GlobalDraw.obj (.text:RemoveGraph)
                  0000f280    00000038     GlobalDraw.obj (.text:RemoveGraphSelect)
                  0000f2b8    00000038     driverlib.lib : sysctl.obj (.text:SysCtlPeripheralReady)
                  0000f2f0    00000038     drivers_tivaware.aem4f : UART.oem4f (.text:UART_init)
                  0000f328    00000038     rtsv7M4_T_le_v4SPD16_eabi.lib : trgmsg.c.obj (.text:__TI_writemsg)
                  0000f360    00000038     sysbios.aem4f : BIOS.obj (.text:ti_sysbios_family_arm_m3_Hwi_excNoIsr__I)
                  0000f398    00000038                   : BIOS.obj (.text:ti_sysbios_knl_Task_processVitalTaskFlag__I)
                  0000f3d0    00000038     ti.targets.arm.rtsarm.aem4f : SysMin.oem4f (.text:xdc_runtime_SysMin_putch__E)
                  0000f408    00000038                                 : System.oem4f (.text:xdc_runtime_System_atexit__E)
                  0000f440    00000036     grlib.lib : line.obj (.text:GrClipCodeGet)
                  0000f476    00000036     drivers_tivaware.aem4f : I2CTiva.oem4f (.text:I2CTiva_close)
                  0000f4ac    00000036                            : UARTTiva.oem4f (.text:UARTTiva_readCancel)
                  0000f4e2    00000002     --HOLE-- [fill = 0]
                  0000f4e4    00000034     driverlib.lib : sysctl.obj (.text:SysCtlPeripheralEnable)
                  0000f518    00000034     rtsv7M4_T_le_v4SPD16_eabi.lib : trgmsg.c.obj (.text:__TI_readmsg)
                  0000f54c    00000034     bmi160.obj (.text:bmi160_readConvert)
                  0000f580    00000034     GraphData.obj (.text:initGraphBuffers)
                  0000f5b4    00000004     --HOLE-- [fill = 0]
                  0000f5b8    00000034     sysbios.aem4f : BIOS.obj (.text:ti_sysbios_family_arm_m3_Hwi_Instance_finalize__E)
                  0000f5ec    00000004     --HOLE-- [fill = 0]
                  0000f5f0    00000034                   : BIOS.obj (.text:ti_sysbios_family_arm_m3_Hwi_excNmi__I)
                  0000f624    00000004     --HOLE-- [fill = 0]
                  0000f628    00000034                   : BIOS.obj (.text:ti_sysbios_hal_Hwi_checkStack)
                  0000f65c    00000034     empty_pem4f.oem4f (.text:ti_sysbios_knl_Clock_construct)
                  0000f690    00000034     ti.targets.arm.rtsarm.aem4f : Core-label.oem4f (.text:xdc_runtime_Core_assignLabel__I)
                  0000f6c4    00000033                                 : Text.oem4f (.text:xdc_runtime_Text_printVisFxn__I)
                  0000f6f7    00000001     --HOLE-- [fill = 0]
                  0000f6f8    00000032     sysbios.aem4f : BIOS.obj (.text:ti_sysbios_hal_Hwi_initStack)
                  0000f72a    00000032     ustdlib.obj (.text:usprintf)
                  0000f75c    00000030     drivers_tivaware.aem4f : GPIOTiva.oem4f (.text:GPIO_enableInt)
                  0000f78c    00000030                            : GPIOTiva.oem4f (.text:GPIO_read)
                  0000f7bc    00000030                            : I2C.oem4f (.text:I2C_open)
                  0000f7ec    00000030                            : PWMTiva.oem4f (.text:PWMTiva_init)
                  0000f81c    00000030                            : PWM.oem4f (.text:PWM_open)
                  0000f84c    00000030                            : UART.oem4f (.text:UART_open)
                  0000f87c    00000030     empty_pem4f.oem4f (.text:ti_sysbios_BIOS_atExitFunc__I)
                  0000f8ac    00000004     --HOLE-- [fill = 0]
                  0000f8b0    00000030     sysbios.aem4f : BIOS.obj (.text:ti_sysbios_family_arm_lm4_Timer_stop__E)
                  0000f8e0    00000030                   : BIOS.obj (.text:ti_sysbios_family_arm_m3_TaskSupport_start__E)
                  0000f910    00000030     empty_pem4f.oem4f (.text:ti_sysbios_gates_GateHwi_Object__create__S)
                  0000f940    00000030     empty_pem4f.oem4f (.text:ti_sysbios_gates_GateHwi_create)
                  0000f970    00000030     empty_pem4f.oem4f (.text:ti_sysbios_gates_GateMutexPri_Object__create__S)
                  0000f9a0    00000030     empty_pem4f.oem4f (.text:ti_sysbios_gates_GateMutexPri_create)
                  0000f9d0    00000030     empty_pem4f.oem4f (.text:ti_sysbios_gates_GateMutex_Object__create__S)
                  0000fa00    00000030     empty_pem4f.oem4f (.text:ti_sysbios_heaps_HeapMem_Object__create__S)
                  0000fa30    00000030     sysbios.aem4f : BIOS.obj (.text:ti_sysbios_knl_Event_pendTimeout__I)
                  0000fa60    00000030     empty_pem4f.oem4f (.text:ti_sysbios_knl_Semaphore_construct)
                  0000fa90    00000030     sysbios.aem4f : BIOS.obj (.text:ti_sysbios_knl_Semaphore_pendTimeout__I)
                  0000fac0    00000030                   : BIOS.obj (.text:ti_sysbios_knl_Task_unblockI__E)
                  0000faf0    00000030     ti.targets.arm.rtsarm.aem4f : SysMin.oem4f (.text:xdc_runtime_SysMin_abort__E)
                  0000fb20    00000030                                 : System.oem4f (.text:xdc_runtime_System_processAtExit__E)
                  0000fb50    0000002e     driverlib.lib : adc.obj (.text:ADCIntStatus)
                  0000fb7e    0000002e     grlib.lib : string.obj (.text:GrStringNextCharGet)
                  0000fbac    0000002e     rtsv7M4_T_le_v4SPD16_eabi.lib : i_tofd_t2.asm.obj (.text)
                  0000fbda    00000002     --HOLE-- [fill = 0]
                  0000fbdc    0000002c     EK_TM4C1294XL.obj (.text:EK_TM4C1294XL_initUART)
                  0000fc08    0000002c     grlib.lib : string.obj (.text:GrFontBaselineGet)
                  0000fc34    0000002c               : string.obj (.text:GrFontHeightGet)
                  0000fc60    0000002c               : pushbutton.obj (.text:RectangularButtonMsgProc)
                  0000fc8c    0000002c               : slider.obj (.text:SliderMsgProc)
                  0000fcb8    0000002c               : widget.obj (.text:WidgetIsInTree)
                  0000fce4    0000002c     GlobalDraw.obj (.text:removeSensorPage)
                  0000fd10    0000002c     empty_pem4f.oem4f (.text:ti_sysbios_knl_Clock_doTick__I)
                  0000fd3c    0000002c     empty_pem4f.oem4f (.text:ti_sysbios_knl_Event_construct)
                  0000fd68    0000002c     empty_pem4f.oem4f (.text:ti_sysbios_knl_Queue_construct)
                  0000fd94    00000004     --HOLE-- [fill = 0]
                  0000fd98    0000002c     sysbios.aem4f : BIOS.obj (.text:ti_sysbios_knl_Task_restore__E)
                  0000fdc4    0000002c     ti.targets.arm.rtsarm.aem4f : Text.oem4f (.text:xdc_runtime_Text_cordText__E)
                  0000fdf0    0000002a     driverlib.lib : gpio.obj (.text:GPIODirModeSet)
                  0000fe1a    0000002a     bmi160.obj (.text:bmi160_delay)
                  0000fe44    0000002a     ti.targets.arm.rtsarm.aem4f : System.oem4f (.text:xdc_runtime_System_putchar__I)
                  0000fe6e    00000028     Kentec320x240x16_ssd2119_spi.obj (.text:Kentec320x240x16_SSD2119ColorTranslate)
                  0000fe96    00000002     --HOLE-- [fill = 0]
                  0000fe98    00000028     sysbios.aem4f : BIOS.obj (.text:ti_sysbios_knl_Clock_addI__E)
                  0000fec0    00000028                   : BIOS.obj (.text:ti_sysbios_knl_Swi_Module_startup__E)
                  0000fee8    00000026     grlib.lib : string.obj (.text:GrFontInfoGet)
                  0000ff0e    00000026     sysbios.aem4f : m3_Hwi_asm.obj (.text:ti_sysbios_family_arm_m3_Hwi_pendSV__I)
                  0000ff34    00000026     ti.targets.arm.rtsarm.aem4f : System.oem4f (.text:xdc_runtime_System_avprintf__E)
                  0000ff5a    00000002     --HOLE-- [fill = 0]
                  0000ff5c    00000024     GlobalDraw.obj (.text:BackGraphSelect)
                  0000ff80    00000024     GlobalDraw.obj (.text:BackMainGraph)
                  0000ffa4    00000024     GlobalDraw.obj (.text:ChangeCurrentDown)
                  0000ffc8    00000024     GlobalDraw.obj (.text:ChangeCurrentUp)
                  0000ffec    00000024     GlobalDraw.obj (.text:RemoveMainPage)
                  00010010    00000024     GlobalDraw.obj (.text:backMainSensor)
                  00010034    00000024     empty_pem4f.oem4f (.text:ti_sysbios_BIOS_errorRaiseHook__I)
                  00010058    00000024     empty_pem4f.oem4f (.text:ti_sysbios_BIOS_registerRTSLock__I)
                  0001007c    00000024     empty_pem4f.oem4f (.text:ti_sysbios_BIOS_removeRTSLock__I)
                  000100a0    00000024     empty_pem4f.oem4f (.text:ti_sysbios_BIOS_startFunc__I)
                  000100c4    00000024     empty_pem4f.oem4f (.text:ti_sysbios_gates_GateMutexPri_Object__delete__S)
                  000100e8    00000024     empty_pem4f.oem4f (.text:ti_sysbios_gates_GateMutex_Object__delete__S)
                  0001010c    00000004     --HOLE-- [fill = 0]
                  00010110    00000024     sysbios.aem4f : BIOS.obj (.text:ti_sysbios_knl_Clock_Module_startup__E)
                  00010134    00000004     --HOLE-- [fill = 0]
                  00010138    00000024                   : BIOS.obj (.text:ti_sysbios_knl_Task_restoreHwi__E)
                  0001015c    00000024     ti.targets.arm.rtsarm.aem4f : System.oem4f (.text:xdc_runtime_System_vprintf__E)
                  00010180    00000022     grlib.lib : string.obj (.text:GrFontGlyphDataGet)
                  000101a2    00000022     driverlib.lib : pwm.obj (.text:PWMGenConfigure)
                  000101c4    00000022     drivers_tivaware.aem4f : PWMTiva.oem4f (.text:PWMTiva_getPeriodCounts)
                  000101e6    00000002     --HOLE-- [fill = 0]
                  000101e8    00000022     sysbios.aem4f : BIOS.obj (.text:ti_sysbios_family_arm_lm4_Timer_write__I)
                  0001020a    00000022     empty_pem4f.oem4f (.text:xdc_runtime_SysMin_output__I)
                  0001022c    00000020     Boot.aem4f : Boot_sysctl.oem4f (.text:_SysCtlMemTimingGet)
                  0001024c    00000020     Estop.obj (.text:initEstop)
                  0001026c    00000020     rtsv7M4_T_le_v4SPD16_eabi.lib : u_tofd_t2.asm.obj (.text)
                  0001028c    00000020     empty_pem4f.oem4f (.text:ti_sysbios_BIOS_rtsLock__I)
                  000102ac    00000004     --HOLE-- [fill = 0]
                  000102b0    00000020     sysbios.aem4f : BIOS.obj (.text:ti_sysbios_family_arm_lm4_Timer_getFreq__E)
                  000102d0    00000020                   : m3_Hwi_asm.obj (.text:ti_sysbios_family_arm_m3_Hwi_excHandlerAsm__I)
                  000102f0    00000020                   : BIOS.obj (.text:ti_sysbios_family_arm_m3_Hwi_excHandler__I)
                  00010310    00000020     empty_pem4f.oem4f (.text:ti_sysbios_gates_GateHwi_Object__delete__S)
                  00010330    00000020     empty_pem4f.oem4f (.text:ti_sysbios_heaps_HeapMem_Object__delete__S)
                  00010350    00000020     empty_pem4f.oem4f (.text:ti_sysbios_knl_Clock_Object__destruct__S)
                  00010370    00000020     sysbios.aem4f : BIOS.obj (.text:ti_sysbios_knl_Idle_run__E)
                  00010390    00000020     empty_pem4f.oem4f (.text:ti_sysbios_knl_Semaphore_Object__destruct__S)
                  000103b0    00000020     ti.targets.arm.rtsarm.aem4f : Registry.oem4f (.text:xdc_runtime_Registry_findById__E)
                  000103d0    00000020                                 : SysMin.oem4f (.text:xdc_runtime_SysMin_Module_startup__E)
                  000103f0    0000001e     driverlib.lib : adc.obj (.text:ADCSequenceDataGet)
                  0001040e    0000001e     grlib.lib : string.obj (.text:GrFontCodepageGet)
                  0001042c    0000001e     driverlib.lib : pwm.obj (.text:PWMPulseWidthSet)
                  0001044a    0000001e     drivers_tivaware.aem4f : PWMTiva.oem4f (.text:PWMTiva_getPeriodMicroSecs)
                  00010468    0000001e     grlib.lib : widget.obj (.text:WidgetAdd)
                  00010486    0000001e     sysbios.aem4f : m3_Hwi_asm_switch.obj (.text:ti_sysbios_family_xxx_Hwi_switchAndRunFunc)
                  000104a4    0000001e     Clock.obj (.text:updatetime)
                  000104c2    00000002     --HOLE-- [fill = 0]
                  000104c4    0000001c     driverlib.lib : uart.obj (.text:UARTDisable)
                  000104e0    0000001c     grlib.lib : widget.obj (.text:WidgetPointerMessage)
                  000104fc    0000001c     drivers_tivaware.aem4f : GPIOTiva.oem4f (.text:getGpioIntIndex)
                  00010518    0000001c     rtsv7M4_T_le_v4SPD16_eabi.lib : memccpy.c.obj (.text:memccpy)
                  00010534    0000001c     empty_pem4f.oem4f (.text:ti_sysbios_family_arm_m3_Hwi_Object__destruct__S)
                  00010550    0000001c     sysbios.aem4f : BIOS.obj (.text:ti_sysbios_gates_GateMutexPri_Instance_init__E)
                  0001056c    00000004     --HOLE-- [fill = 0]
                  00010570    0000001c                   : BIOS.obj (.text:ti_sysbios_gates_GateMutex_Instance_init__E)
                  0001058c    0000001c     empty_pem4f.oem4f (.text:ti_sysbios_knl_Queue_Object__destruct__S)
                  000105a8    0000001c     sysbios.aem4f : BIOS.obj (.text:ti_sysbios_knl_Queue_put__E)
                  000105c4    00000004     --HOLE-- [fill = 0]
                  000105c8    0000001c                   : BIOS.obj (.text:ti_sysbios_knl_Task_enter__I)
                  000105e4    0000001c     ti.targets.arm.rtsarm.aem4f : Error.oem4f (.text:xdc_runtime_Error_raiseX__E)
                  00010600    0000001c                                 : Memory.oem4f (.text:xdc_runtime_Memory_valloc__E)
                  0001061c    0000001c                                 : SysMin.oem4f (.text:xdc_runtime_SysMin_exit__E)
                  00010638    0000001c                                 : System.oem4f (.text:xdc_runtime_System_abort__E)
                  00010654    0000001a     rtsv7M4_T_le_v4SPD16_eabi.lib : s_copysign.c.obj (.text:copysign)
                  0001066e    0000001a     empty_pem4f.oem4f (.text:ti_sysbios_family_arm_m3_Hwi_Handle__label__S)
                  00010688    0000001a     empty_pem4f.oem4f (.text:ti_sysbios_gates_GateHwi_Handle__label__S)
                  000106a2    0000001a     empty_pem4f.oem4f (.text:ti_sysbios_gates_GateMutexPri_Handle__label__S)
                  000106bc    0000001a     empty_pem4f.oem4f (.text:ti_sysbios_gates_GateMutex_Handle__label__S)
                  000106d6    0000001a     empty_pem4f.oem4f (.text:ti_sysbios_heaps_HeapMem_Handle__label__S)
                  000106f0    0000001a     empty_pem4f.oem4f (.text:ti_sysbios_knl_Swi_Handle__label__S)
                  0001070a    0000001a     empty_pem4f.oem4f (.text:ti_sysbios_knl_Task_Handle__label__S)
                  00010724    0000001a     empty_pem4f.oem4f (.text:xdc_runtime_System_aprintf__E)
                  0001073e    0000001a     empty_pem4f.oem4f (.text:xdc_runtime_System_printf__E)
                  00010758    00000018     driverlib.lib : adc.obj (.text:ADCProcessorTrigger)
                  00010770    00000018     Estop.obj (.text:EstopPower)
                  00010788    00000018     driverlib.lib : gpio.obj (.text:GPIOPinTypeGPIOOutput)
                  000107a0    00000018                   : timer.obj (.text:TimerControlLevel)
                  000107b8    00000018     drivers_tivaware.aem4f : UART.oem4f (.text:UART_Params_init)
                  000107d0    00000018     rtsv7M4_T_le_v4SPD16_eabi.lib : args_main.c.obj (.text:_args_main)
                  000107e8    00000018                                   : sprintf.c.obj (.text:_outs)
                  00010800    00000018     Motor.obj (.text:clk0Fxn)
                  00010818    00000018     empty_pem4f.oem4f (.text:ti_sysbios_BIOS_rtsUnlock__I)
                  00010830    00000018     empty_pem4f.oem4f (.text:ti_sysbios_family_arm_lm4_Timer_Module__startupDone__F)
                  00010848    00000018     empty_pem4f.oem4f (.text:ti_sysbios_family_arm_m3_Hwi_Module__startupDone__F)
                  00010860    00000018     sysbios.aem4f : m3_TaskSupport_asm.obj (.text:ti_sysbios_family_arm_m3_TaskSupport_swap__E)
                  00010878    00000018                   : BIOS.obj (.text:ti_sysbios_gates_GateMutex_leave__E)
                  00010890    00000018     empty_pem4f.oem4f (.text:ti_sysbios_knl_Clock_Module__startupDone__F)
                  000108a8    00000018     sysbios.aem4f : BIOS.obj (.text:ti_sysbios_knl_Task_sleepTimeout__I)
                  000108c0    00000018     ti.targets.arm.rtsarm.aem4f : Error.oem4f (.text:xdc_runtime_Error_check__E)
                  000108d8    00000018                                 : System.oem4f (.text:xdc_runtime_System_exit__E)
                  000108f0    00000018                                 : Text.oem4f (.text:xdc_runtime_Text_ropeText__E)
                  00010908    00000016     grlib.lib : string.obj (.text:GrStringDraw)
                  0001091e    00000016     driverlib.lib : i2c.obj (.text:I2CMasterErr)
                  00010934    00000016     rtsv7M4_T_le_v4SPD16_eabi.lib : strchr.c.obj (.text:strchr)
                  0001094a    00000016     empty_pem4f.oem4f (.text:ti_sysbios_BIOS_exitFunc__I)
                  00010960    00000016     Motor.obj (.text:ti_sysbios_gates_GateHwi_Params_init)
                  00010976    00000016     GlobalDraw.obj (.text:ti_sysbios_gates_GateMutexPri_Params_init)
                  0001098c    00000016     Motor.obj (.text:ti_sysbios_knl_Clock_Params_init)
                  000109a2    00000016     Motor.obj (.text:ti_sysbios_knl_Swi_Params_init)
                  000109b8    00000016     empty.obj (.text:ti_sysbios_knl_Swi_Params_init)
                  000109ce    00000016     empty.obj (.text:ti_sysbios_knl_Task_Params_init)
                  000109e4    00000014     grlib.lib : canvas.obj (.text:CanvasMsgProc)
                  000109f8    00000014     Kentec320x240x16_ssd2119_spi.obj (.text:LED_OFF)
                  00010a0c    00000014     Kentec320x240x16_ssd2119_spi.obj (.text:LED_ON)
                  00010a20    00000014     driverlib.lib : pwm.obj (.text:PWMClockSet)
                  00010a34    00000014                   : sysctl.obj (.text:SysCtlPWMClockSet)
                  00010a48    00000014                   : timer.obj (.text:TimerDisable)
                  00010a5c    00000014     touch.obj (.text:TouchScreenCallbackSet)
                  00010a70    00000014     driverlib.lib : uart.obj (.text:UARTEnable)
                  00010a84    00000014     grlib.lib : widget.obj (.text:WidgetMutexGet)
                  00010a98    00000014     rtsv7M4_T_le_v4SPD16_eabi.lib : strlen.c.obj (.text:strlen)
                  00010aac    00000014     empty_pem4f.oem4f (.text:ti_sysbios_family_arm_m3_Hwi_Object__get__S)
                  00010ac0    00000014     sysbios.aem4f : BIOS.obj (.text:ti_sysbios_family_arm_m3_Hwi_switchFromBootStack__E)
                  00010ad4    00000014     empty_pem4f.oem4f (.text:ti_sysbios_heaps_HeapMem_Object__get__S)
                  00010ae8    00000014     sysbios.aem4f : BIOS.obj (.text:ti_sysbios_knl_Event_Instance_init__E)
                  00010afc    00000014     empty_pem4f.oem4f (.text:ti_sysbios_knl_Swi_Object__get__S)
                  00010b10    00000012     driverlib.lib : gpio.obj (.text:GPIOPinTypeADC)
                  00010b22    00000012                   : gpio.obj (.text:GPIOPinTypeEthernetLED)
                  00010b34    00000012                   : gpio.obj (.text:GPIOPinTypeGPIOInput)
                  00010b46    00000012                   : gpio.obj (.text:GPIOPinTypeI2C)
                  00010b58    00000012                   : gpio.obj (.text:GPIOPinTypeI2CSCL)
                  00010b6a    00000012                   : gpio.obj (.text:GPIOPinTypePWM)
                  00010b7c    00000012                   : gpio.obj (.text:GPIOPinTypeSSI)
                  00010b8e    00000012                   : gpio.obj (.text:GPIOPinTypeTimer)
                  00010ba0    00000012                   : gpio.obj (.text:GPIOPinTypeUART)
                  00010bb2    00000012                   : gpio.obj (.text:GPIOPinTypeUSBAnalog)
                  00010bc4    00000012                   : gpio.obj (.text:GPIOPinTypeUSBDigital)
                  00010bd6    00000012                   : pwm.obj (.text:PWMGenPeriodGet)
                  00010be8    00000012                   : pwm.obj (.text:PWMOutputInvert)
                  00010bfa    00000012                   : pwm.obj (.text:PWMOutputState)
                  00010c0c    00000012     drivers_tivaware.aem4f : RingBuf.oem4f (.text:RingBuf_construct)
                  00010c1e    00000012     driverlib.lib : ssi.obj (.text:SSIDataGetNonBlocking)
                  00010c30    00000012                   : timer.obj (.text:TimerLoadSet)
                  00010c42    00000012                   : timer.obj (.text:TimerMatchSet)
                  00010c54    00000012                   : timer.obj (.text:TimerPrescaleMatchSet)
                  00010c66    00000012                   : timer.obj (.text:TimerPrescaleSet)
                  00010c78    00000012     sysbios.aem4f : BIOS.obj (.text:ti_sysbios_hal_Hwi_Module_startup__E)
                  00010c8a    00000006     driverlib.lib : i2c.obj (.text:I2CMasterIntEnable)
                  00010c90    00000012     sysbios.aem4f : BIOS.obj (.text:ti_sysbios_hal_Timer_Module_startup__E)
                  00010ca2    00000012     rtsv7M4_T_le_v4SPD16_eabi.lib : wcslen.c.obj (.text:wcslen)
                  00010cb4    00000012     empty_pem4f.oem4f (.text:xdc_runtime_Startup_exec__I)
                  00010cc6    00000002     --HOLE-- [fill = 0]
                  00010cc8    00000010     empty_pem4f.oem4f (.text:.bootCodeSection:ti_catalog_arm_cortexm4_tiva_ce_Boot_init__I)
                  00010cd8    00000010     driverlib.lib : adc.obj (.text:ADCIntEnable)
                  00010ce8    00000010     GlobalDraw.obj (.text:ChangeAccelDown)
                  00010cf8    00000010     GlobalDraw.obj (.text:ChangeAccelUp)
                  00010d08    00000010     driverlib.lib : fpu.obj (.text:FPUEnable)
                  00010d18    00000010                   : fpu.obj (.text:FPULazyStackingEnable)
                  00010d28    00000010     drivers_tivaware.aem4f : I2C.oem4f (.text:I2C_Params_init)
                  00010d38    00000010     driverlib.lib : pwm.obj (.text:PWMGenPeriodSet)
                  00010d48    00000010     drivers_tivaware.aem4f : PWM.oem4f (.text:PWM_Params_init)
                  00010d58    00000010                            : UARTTiva.oem4f (.text:readBlockingTimeout)
                  00010d68    00000010     sysbios.aem4f : BIOS.obj (.text:ti_sysbios_BIOS_getCpuFreq__E)
                  00010d78    00000010                   : BIOS.obj (.text:ti_sysbios_BIOS_setThreadType__E)
                  00010d88    00000010                   : BIOS.obj (.text:ti_sysbios_BIOS_start__E)
                  00010d98    00000010                   : BIOS.obj (.text:ti_sysbios_family_arm_lm4_TimestampProvider_rolloverFunc__E)
                  00010da8    00000010                   : m3_TaskSupport_asm.obj (.text:ti_sysbios_family_arm_m3_TaskSupport_glue)
                  00010db8    00000010                   : BIOS.obj (.text:ti_sysbios_gates_GateMutexPri_Instance_finalize__E)
                  00010dc8    00000010                   : BIOS.obj (.text:ti_sysbios_gates_GateMutex_Instance_finalize__E)
                  00010dd8    00000010     empty_pem4f.oem4f (.text:ti_sysbios_knl_Mailbox_Object__get__S)
                  00010de8    00000010     sysbios.aem4f : BIOS.obj (.text:ti_sysbios_knl_Semaphore_Instance_finalize__E)
                  00010df8    00000010                   : BIOS.obj (.text:ti_sysbios_knl_Swi_disable__E)
                  00010e08    00000010     empty_pem4f.oem4f (.text:ti_sysbios_knl_Task_Object__get__S)
                  00010e18    00000010     sysbios.aem4f : BIOS.obj (.text:ti_sysbios_knl_Task_disable__E)
                  00010e28    00000010     driverlib.lib : udma.obj (.text:uDMAEnable)
                  00010e38    00000010     ti.targets.arm.rtsarm.aem4f : Gate.oem4f (.text:xdc_runtime_Gate_leaveSystem__E)
                  00010e48    00000010                                 : Memory.oem4f (.text:xdc_runtime_Memory_free__E)
                  00010e58    00000010                                 : SysMin.oem4f (.text:xdc_runtime_SysMin_ready__E)
                  00010e68    00000010                                 : System.oem4f (.text:xdc_runtime_System_vsnprintf__E)
                  00010e78    00000010     empty_pem4f.oem4f (.text:xdc_runtime_Text_visitRope__I)
                  00010e88    0000000e     driverlib.lib : adc.obj (.text:ADCSequenceEnable)
                  00010e96    0000000e                   : gpio.obj (.text:GPIOIntStatus)
                  00010ea4    0000000e     grlib.lib : image.obj (.text:GrImageDraw)
                  00010eb2    0000000e     driverlib.lib : timer.obj (.text:TimerEnable)
                  00010ec0    0000000e                   : uart.obj (.text:UARTCharGetNonBlocking)
                  00010ece    0000000e                   : uart.obj (.text:UARTCharPutNonBlocking)
                  00010edc    0000000e     rtsv7M4_T_le_v4SPD16_eabi.lib : copy_decompress_none.c.obj (.text:decompress:none:__TI_decompress_none)
                  00010eea    00000006     drivers_tivaware.aem4f : I2CTiva.oem4f (.text:I2CTiva_control)
                  00010ef0    0000000e     sysbios.aem4f : BIOS.obj (.text:ti_sysbios_knl_Idle_loop__E)
                  00010efe    00000002     --HOLE-- [fill = 0]
                  00010f00    0000000e                   : BIOS.obj (.text:ti_sysbios_knl_Queue_empty__E)
                  00010f0e    0000000c     driverlib.lib : gpio.obj (.text:GPIOIntEnable)
                  00010f1a    0000000c                   : pwm.obj (.text:PWMGenDisable)
                  00010f26    0000000c                   : pwm.obj (.text:PWMGenEnable)
                  00010f32    0000000c     drivers_tivaware.aem4f : RingBuf.oem4f (.text:RingBuf_peek)
                  00010f3e    0000000c     empty.obj (.text:TouchCheckTask)
                  00010f4a    0000000c     driverlib.lib : uart.obj (.text:UARTFlowControlSet)
                  00010f56    0000000c     drivers_tivaware.aem4f : UARTTiva.oem4f (.text:UARTTiva_init)
                  00010f62    00000002     --HOLE-- [fill = 0]
                  00010f64    0000000c     rtsv7M4_T_le_v4SPD16_eabi.lib : _lock.c.obj (.text:_register_lock)
                  00010f70    0000000c                                   : _lock.c.obj (.text:_register_unlock)
                  00010f7c    0000000c     GlobalDraw.obj (.text:btntest)
                  00010f88    0000000c     rtsv7M4_T_le_v4SPD16_eabi.lib : copy_zero_init.c.obj (.text:decompress:ZI:__TI_zero_init)
                  00010f94    00000004     --HOLE-- [fill = 0]
                  00010f98    0000000c     sysbios.aem4f : BIOS.obj (.text:ti_sysbios_family_arm_lm4_Timer_getAvailMask__E)
                  00010fa4    00000004     --HOLE-- [fill = 0]
                  00010fa8    0000000c                   : BIOS.obj (.text:ti_sysbios_family_arm_lm4_Timer_getMaxTicks__E)
                  00010fb4    00000004     --HOLE-- [fill = 0]
                  00010fb8    0000000c                   : BIOS.obj (.text:ti_sysbios_family_arm_lm4_TimestampProvider_startTimer__E)
                  00010fc4    0000000c     empty_pem4f.oem4f (.text:ti_sysbios_family_arm_m3_Hwi_Params__init__S)
                  00010fd0    0000000c     sysbios.aem4f : BIOS.obj (.text:ti_sysbios_family_arm_m3_Hwi_disableFxn__E)
                  00010fdc    00000004     --HOLE-- [fill = 0]
                  00010fe0    0000000c                   : BIOS.obj (.text:ti_sysbios_family_arm_m3_TaskSupport_checkStack__E)
                  00010fec    00000004     --HOLE-- [fill = 0]
                  00010ff0    0000000c                   : BIOS.obj (.text:ti_sysbios_family_arm_m3_TaskSupport_getStackAlignment__E)
                  00010ffc    0000000c     empty_pem4f.oem4f (.text:ti_sysbios_gates_GateHwi_Params__init__S)
                  00011008    0000000c     sysbios.aem4f : BIOS.obj (.text:ti_sysbios_gates_GateHwi_enter__E)
                  00011014    0000000c     empty_pem4f.oem4f (.text:ti_sysbios_gates_GateMutexPri_Params__init__S)
                  00011020    0000000c     empty_pem4f.oem4f (.text:ti_sysbios_knl_Clock_Params__init__S)
                  0001102c    00000004     --HOLE-- [fill = 0]
                  00011030    0000000c     sysbios.aem4f : BIOS.obj (.text:ti_sysbios_knl_Clock_getTicks__E)
                  0001103c    0000000c     Estop.obj (.text:ti_sysbios_knl_Event_handle)
                  00011048    0000000c     empty_pem4f.oem4f (.text:ti_sysbios_knl_Queue_Object__get__S)
                  00011054    0000000c     empty_pem4f.oem4f (.text:ti_sysbios_knl_Semaphore_Params__init__S)
                  00011060    0000000c     empty_pem4f.oem4f (.text:ti_sysbios_knl_Swi_Params__init__S)
                  0001106c    0000000c     empty_pem4f.oem4f (.text:ti_sysbios_knl_Task_Params__init__S)
                  00011078    0000000c     driverlib.lib : udma.obj (.text:uDMAControlBaseSet)
                  00011084    0000000c     ti.targets.arm.rtsarm.aem4f : Error.oem4f (.text:xdc_runtime_Error_init__E)
                  00011090    0000000c                                 : Gate.oem4f (.text:xdc_runtime_Gate_enterSystem__E)
                  0001109c    0000000c                                 : Memory.oem4f (.text:xdc_runtime_Memory_calloc__E)
                  000110a8    0000000c                                 : Memory.oem4f (.text:xdc_runtime_Memory_getMaxDefaultTypeAlign__E)
                  000110b4    0000000a     driverlib.lib : adc.obj (.text:ADCIntClear)
                  000110be    0000000a                   : i2c.obj (.text:I2CMasterDisable)
                  000110c8    0000000a                   : i2c.obj (.text:I2CMasterEnable)
                  000110d2    0000000a     drivers_tivaware.aem4f : I2CTiva.oem4f (.text:I2CTiva_init)
                  000110dc    0000000a                            : I2C.oem4f (.text:I2C_transfer)
                  000110e6    0000000a     Kentec320x240x16_ssd2119_spi.obj (.text:Kentec320x240x16_SSD2119Flush)
                  000110f0    0000000a     drivers_tivaware.aem4f : PWMTimerTiva.oem4f (.text:PWMTimerTiva_getPeriodCounts)
                  000110fa    0000000a                            : PWM.oem4f (.text:PWM_setDuty)
                  00011104    0000000a     driverlib.lib : ssi.obj (.text:SSIDataPut)
                  0001110e    0000000a                   : ssi.obj (.text:SSIEnable)
                  00011118    0000000a                   : uart.obj (.text:UARTCharGet)
                  00011122    0000000a                   : uart.obj (.text:UARTCharPut)
                  0001112c    0000000a                   : uart.obj (.text:UARTIntDisable)
                  00011136    0000000a                   : uart.obj (.text:UARTIntStatus)
                  00011140    0000000a     rtsv7M4_T_le_v4SPD16_eabi.lib : sprintf.c.obj (.text:_outc)
                  0001114a    0000000a     empty_pem4f.oem4f (.text:xdc_runtime_IHeap_alloc)
                  00011154    0000000a     empty_pem4f.oem4f (.text:xdc_runtime_IHeap_free)
                  0001115e    00000008     EK_TM4C1294XL.obj (.text:EK_TM4C1294XL_initGPIO)
                  00011166    00000008     grlib.lib : charmap.obj (.text:GrMapISO8859_1_Unicode)
                  0001116e    00000008     driverlib.lib : i2c.obj (.text:I2CMasterIntClear)
                  00011176    00000008                   : i2c.obj (.text:I2CMasterSlaveAddrSet)
                  0001117e    00000008     drivers_tivaware.aem4f : I2CTiva.oem4f (.text:I2CTiva_blockingCallback)
                  00011186    00000008                            : PWMTimerTiva.oem4f (.text:PWMTimerTiva_init)
                  0001118e    00000008     driverlib.lib : ssi.obj (.text:SSIBusy)
                  00011196    00000008                   : uart.obj (.text:UARTIntEnable)
                  0001119e    00000008                   : uart.obj (.text:UARTRxErrorGet)
                  000111a6    00000002     --HOLE-- [fill = 0]
                  000111a8    00000008     rtsv7M4_T_le_v4SPD16_eabi.lib : errno.c.obj (.text:__aeabi_errno_addr)
                  000111b0    00000008     drivers_tivaware.aem4f : UARTTiva.oem4f (.text:readSemCallback)
                  000111b8    00000008     sysbios.aem4f : BIOS.obj (.text:ti_sysbios_family_arm_lm4_Timer_masterDisable__I)
                  000111c0    00000008                   : BIOS.obj (.text:ti_sysbios_family_arm_m3_Hwi_doSwiRestore__I)
                  000111c8    00000008                   : BIOS.obj (.text:ti_sysbios_family_arm_m3_Hwi_startup__E)
                  000111d0    00000008     drivers_tivaware.aem4f : UARTTiva.oem4f (.text:writeSemCallback)
                  000111d8    00000006                            : PWMTimerTiva.oem4f (.text:PWMTimerTiva_getPeriodMicroSecs)
                  000111de    00000006     driverlib.lib : sysctl.obj (.text:SysCtlDelay)
                  000111e4    00000006                   : uart.obj (.text:UARTFIFOLevelSet)
                  000111ea    00000006                   : uart.obj (.text:UARTRxErrorClear)
                  000111f0    00000006     grlib.lib : widget.obj (.text:WidgetMutexPut)
                  000111f6    00000002     --HOLE-- [fill = 0]
                  000111f8    00000006     sysbios.aem4f : BIOS.obj (.text:ti_sysbios_family_arm_lm4_TimestampProvider_Module_startup__E)
                  000111fe    00000002     --HOLE-- [fill = 0]
                  00011200    00000006                   : BIOS.obj (.text:ti_sysbios_family_arm_m3_Hwi_doTaskRestore__I)
                  00011206    00000002     --HOLE-- [fill = 0]
                  00011208    00000006                   : BIOS.obj (.text:ti_sysbios_family_arm_m3_Hwi_restoreFxn__E)
                  0001120e    00000002     --HOLE-- [fill = 0]
                  00011210    00000006                   : BIOS.obj (.text:ti_sysbios_gates_GateHwi_leave__E)
                  00011216    00000002     --HOLE-- [fill = 0]
                  00011218    00000006                   : BIOS.obj (.text:ti_sysbios_heaps_HeapMem_isBlocking__E)
                  0001121e    00000002     --HOLE-- [fill = 0]
                  00011220    00000006                   : BIOS.obj (.text:ti_sysbios_knl_Clock_stop__E)
                  00011226    00000002     --HOLE-- [fill = 0]
                  00011228    00000006                   : BIOS.obj (.text:ti_sysbios_knl_Queue_Instance_init__E)
                  0001122e    00000002     --HOLE-- [fill = 0]
                  00011230    00000006                   : BIOS.obj (.text:ti_sysbios_knl_Swi_startup__E)
                  00011236    00000006     ti.targets.arm.rtsarm.aem4f : System.oem4f (.text:xdc_runtime_System_Module_startup__E)
                  0001123c    00000004     --HOLE-- [fill = 0]
                  00011240    00000004     sysbios.aem4f : BIOS.obj (.text:ti_sysbios_family_arm_lm4_Timer_getPeriod__E)
                  00011244    00000004     --HOLE-- [fill = 0]
                  00011248    00000004                   : BIOS.obj (.text:ti_sysbios_gates_GateHwi_query__E)
                  0001124c    00000004     --HOLE-- [fill = 0]
                  00011250    00000004                   : BIOS.obj (.text:ti_sysbios_gates_GateMutexPri_query__E)
                  00011254    00000004     --HOLE-- [fill = 0]
                  00011258    00000004                   : BIOS.obj (.text:ti_sysbios_gates_GateMutex_query__E)
                  0001125c    00000004     --HOLE-- [fill = 0]
                  00011260    00000004                   : BIOS.obj (.text:ti_sysbios_knl_Task_startup__E)
                  00011264    00000004     --HOLE-- [fill = 0]
                  00011268    00000002                   : BIOS.obj (.text:ti_sysbios_gates_GateHwi_Instance_init__E)
                  0001126a    00000006     --HOLE-- [fill = 0]
                  00011270    00000002                   : BIOS.obj (.text:ti_sysbios_knl_Clock_logTick__E)

.const     0    00011278    00007d9c     
                  00011278    00001950     empty_pem4f.oem4f (.const:xdc_runtime_Text_charTab__A)
                  00012bc8    00001000     rtsv7M4_T_le_v4SPD16_eabi.lib : s_exp2.c.obj (.const:tbl)
                  00013bc8    0000095e     grlib.lib : fontcm20.obj (.const:.string:g_pui8Cm20Data)
                  00014526    000008c1               : fontcmss20.obj (.const:.string:g_pui8Cmss20Data)
                  00014de7    00000782               : fontcmss18b.obj (.const:.string:g_pui8Cmss18bData)
                  00015569    00000759               : fontcm16.obj (.const:.string:g_pui8Cm16Data)
                  00015cc2    000005c7               : fontcmss12b.obj (.const:.string:g_pui8Cmss12bData)
                  00016289    00000514               : fontcmss12.obj (.const:.string:g_pui8Cmss12Data)
                  0001679d    0000024d     GUIImg.obj (.const:.string:g_pui8Logo)
                  000169ea    0000020d     GUIImg.obj (.const:.string:g_pui8btn140x40)
                  00016bf7    0000020d     GUIImg.obj (.const:.string:g_pui8btn150x40Press)
                  00016e04    0000017b     Images.obj (.const:.string:g_pui8accSlow)
                  00016f7f    0000017b     Images.obj (.const:.string:g_pui8accfast)
                  000170fa    0000017b     Images.obj (.const:.string:g_pui8accmid)
                  00017275    00000178     Images.obj (.const:.string:g_pui8CompN)
                  000173ed    00000163     Images.obj (.const:.string:g_pui8Stop)
                  00017550    00000160     Images.obj (.const:.string:g_pui8Go)
                  000176b0    0000015d     Images.obj (.const:.string:g_pui8idle)
                  0001780d    00000124     Images.obj (.const:.string:g_pui8Night)
                  00017931    00000001     empty_pem4f.oem4f (.const:xdc_runtime_Error_policy__C)
                  00017932    00000002     empty_pem4f.oem4f (.const:ti_catalog_arm_cortexm4_tiva_ce_Boot_Module__id__C)
                  00017934    00000120     Boot.aem4f : Boot_sysctl.oem4f (.const:g_pppui32XTALtoVCO)
                  00017a54    00000107     GUIImg.obj (.const:.string:g_pui8arrowRight)
                  00017b5b    00000101     rtsv7M4_T_le_v4SPD16_eabi.lib : ctype.c.obj (.const:.string:_ctypes_)
                  00017c5c    000000f8     Images.obj (.const:.string:g_pui8Day)
                  00017d54    000000dc     empty_pem4f.oem4f (.const:xdc_runtime_Text_nodeTab__A)
                  00017e30    000000c8     grlib.lib : fontcm16.obj (.const:g_sFontCm16)
                  00017ef8    000000c8               : fontcm20.obj (.const:g_sFontCm20)
                  00017fc0    000000c8               : fontcmss12.obj (.const:g_sFontCmss12)
                  00018088    000000c8               : fontcmss12b.obj (.const:g_sFontCmss12b)
                  00018150    000000c8               : fontcmss18b.obj (.const:g_sFontCmss18b)
                  00018218    000000c8               : fontcmss20.obj (.const:g_sFontCmss20)
                  000182e0    000000a5     GUIImg.obj (.const:.string:g_pui8arrowLeft)
                  00018385    00000001     --HOLE-- [fill = 0]
                  00018386    00000002     empty_pem4f.oem4f (.const:ti_sysbios_family_arm_m3_Hwi_Module__id__C)
                  00018388    00000090     driverlib.lib : gpio.obj (.const:g_pui32GPIOBaseAddrs)
                  00018418    0000008e     GlobalDraw.obj (.const:.string)
                  000184a6    00000076     GUIImg.obj (.const:.string:g_pui8backBtn)
                  0001851c    00000070     driverlib.lib : interrupt.obj (.const)
                  0001858c    0000006c     Boot.aem4f : Boot_sysctl.oem4f (.const:g_pui32Xtals)
                  000185f8    00000060     MotorLib.lib : motorlib.obj (.const:PWM_config)
                  00018658    00000054     drivers_tivaware.aem4f : GPIOTiva.oem4f (.const:.string)
                  000186ac    00000054     MotorLib.lib : motorlib.obj (.const:motorLibPWMTivaHWAttrs)
                  00018700    0000004c     drivers_tivaware.aem4f : UARTTiva.oem4f (.const)
                  0001874c    00000048     empty_pem4f.oem4f (.const:.string)
                  00018794    00000048     drivers_tivaware.aem4f : GPIOTiva.oem4f (.const:gpioBaseAddresses)
                  000187dc    0000003c     empty_pem4f.oem4f (.const:ti_sysbios_knl_Task_Object__PARAMS__C)
                  00018818    00000030     EK_TM4C1294XL.obj (.const:I2C_config)
                  00018848    00000030     Boot.aem4f : Boot_sysctl.oem4f (.const:g_sXTALtoMEMTIM)
                  00018878    00000030     empty_pem4f.oem4f (.const:ti_sysbios_family_arm_m3_Hwi_Object__PARAMS__C)
                  000188a8    00000030     empty_pem4f.oem4f (.const:xdc_runtime_Startup_sfxnTab__A)
                  000188d8    00000028     drivers_tivaware.aem4f : UARTTiva.oem4f (.const:UARTTiva_fxnTable)
                  00018900    00000028     Kentec320x240x16_ssd2119_spi.obj (.const:g_sKentec320x240x16_SSD2119)
                  00018928    00000028     empty_pem4f.oem4f (.const:ti_sysbios_heaps_HeapMem_Module__FXNS__C)
                  00018950    00000028     empty_pem4f.oem4f (.const:ti_sysbios_knl_Swi_Object__PARAMS__C)
                  00018978    00000024     drivers_tivaware.aem4f : UART.oem4f (.const:UART_defaultParams)
                  0001899c    00000024     EK_TM4C1294XL.obj (.const:i2cTivaHWAttrs)
                  000189c0    00000024     empty_pem4f.oem4f (.const:ti_sysbios_gates_GateHwi_Module__FXNS__C)
                  000189e4    00000024     empty_pem4f.oem4f (.const:ti_sysbios_gates_GateMutexPri_Module__FXNS__C)
                  00018a08    00000024     empty_pem4f.oem4f (.const:ti_sysbios_gates_GateMutex_Module__FXNS__C)
                  00018a2c    00000024     empty_pem4f.oem4f (.const:ti_sysbios_heaps_HeapMem_Object__PARAMS__C)
                  00018a50    00000024     empty_pem4f.oem4f (.const:ti_sysbios_knl_Clock_Object__PARAMS__C)
                  00018a74    00000024     empty_pem4f.oem4f (.const:ti_sysbios_knl_Semaphore_Object__PARAMS__C)
                  00018a98    00000020     drivers_tivaware.aem4f : PWMTimerTiva.oem4f (.const)
                  00018ab8    00000020                            : PWMTiva.oem4f (.const)
                  00018ad8    00000020     empty_pem4f.oem4f (.const:ti_sysbios_family_arm_m3_Hwi_Object__DESC__C)
                  00018af8    00000020     empty_pem4f.oem4f (.const:ti_sysbios_gates_GateHwi_Object__DESC__C)
                  00018b18    00000020     empty_pem4f.oem4f (.const:ti_sysbios_gates_GateMutexPri_Object__DESC__C)
                  00018b38    00000020     empty_pem4f.oem4f (.const:ti_sysbios_gates_GateMutex_Object__DESC__C)
                  00018b58    00000020     empty_pem4f.oem4f (.const:ti_sysbios_heaps_HeapMem_Object__DESC__C)
                  00018b78    00000020     empty_pem4f.oem4f (.const:ti_sysbios_knl_Clock_Object__DESC__C)
                  00018b98    00000020     empty_pem4f.oem4f (.const:ti_sysbios_knl_Event_Object__DESC__C)
                  00018bb8    00000020     empty_pem4f.oem4f (.const:ti_sysbios_knl_Queue_Object__DESC__C)
                  00018bd8    00000020     empty_pem4f.oem4f (.const:ti_sysbios_knl_Semaphore_Object__DESC__C)
                  00018bf8    00000020     empty_pem4f.oem4f (.const:ti_sysbios_knl_Swi_Object__DESC__C)
                  00018c18    00000020     empty_pem4f.oem4f (.const:ti_sysbios_knl_Task_Object__DESC__C)
                  00018c38    0000001c     drivers_tivaware.aem4f : I2CTiva.oem4f (.const)
                  00018c54    0000001c     touch.obj (.const:g_pi32TouchParameters)
                  00018c70    00000018     EK_TM4C1294XL.obj (.const:UART_config)
                  00018c88    00000018     empty_pem4f.oem4f (.const:ti_sysbios_gates_GateHwi_Object__PARAMS__C)
[...]
00018f54  ti_sysbios_knl_Task_numConstructedTasks__C                           
00018f5c  xdc_runtime_Assert_E_assertFailed__C                                 
00018f60  xdc_runtime_Core_A_initializedParams__C                              
00018f64  xdc_runtime_Core_Module__diagsEnabled__C                             
00018f68  xdc_runtime_Core_Module__diagsIncluded__C                            
00018f6c  xdc_runtime_Core_Module__diagsMask__C                                
00018f70  xdc_runtime_Error_E_generic__C                                       
00018f74  xdc_runtime_Error_E_memory__C                                        
00018f78  xdc_runtime_Error_Module__diagsEnabled__C                            
00018f7c  xdc_runtime_Error_Module__diagsIncluded__C                           
00018f80  xdc_runtime_Error_Module__diagsMask__C                               
00018f84  xdc_runtime_Error_Module__loggerFxn8__C                              
00018f88  xdc_runtime_Error_Module__loggerObj__C                               
00018f8c  xdc_runtime_Error_policyFxn__C                                       
00018f90  xdc_runtime_Error_raiseHook__C                                       
00018f94  xdc_runtime_IGateProvider_Interface__BASE__C                         
00018f98  xdc_runtime_IHeap_Interface__BASE__C                                 
00018f9c  xdc_runtime_IModule_Interface__BASE__C                               
00018fa0  xdc_runtime_Log_L_error__C                                           
00018fa4  xdc_runtime_Memory_defaultHeapInstance__C                            
00018fa8  xdc_runtime_Startup_execImpl__C                                      
00018fac  xdc_runtime_Startup_lastFxns__A                                      
00018fb0  xdc_runtime_Startup_maxPasses__C                                     
00018fb4  xdc_runtime_Startup_sfxnRts__C                                       
00018fb8  xdc_runtime_Startup_sfxnTab__C                                       
00018fbc  xdc_runtime_SysMin_bufSize__C                                        
00018fc0  xdc_runtime_SysMin_outputFunc__C                                     
00018fc4  xdc_runtime_System_Module__gateObj__C                                
00018fc8  xdc_runtime_System_abortFxn__C                                       
00018fcc  xdc_runtime_System_exitFxn__C                                        
00018fd0  xdc_runtime_System_extendFxn__C                                      
00018fd4  xdc_runtime_System_maxAtexitHandlers__C                              
00018fd8  xdc_runtime_Text_charTab__C                                          
00018fdc  xdc_runtime_Text_nameEmpty__C                                        
00018fe0  xdc_runtime_Text_nameStatic__C                                       
00018fe4  xdc_runtime_Text_nameUnknown__C                                      
00018fe8  xdc_runtime_Text_nodeTab__C                                          
00018fec  xdc_runtime_Text_visitRopeFxn__C                                     
00018ff0  ti_sysbios_gates_GateMutex_Module__id__C                             
00018ff2  ti_sysbios_hal_Hwi_Module__id__C                                     
00018ff4  ti_sysbios_heaps_HeapMem_Module__id__C                               
00018ff6  ti_sysbios_knl_Clock_Module__id__C                                   
00018ff8  ti_sysbios_knl_Event_Module__id__C                                   
00018ffa  ti_sysbios_knl_Semaphore_Module__id__C                               
00018ffc  ti_sysbios_knl_Swi_Module__id__C                                     
00018ffe  ti_sysbios_knl_Task_Module__id__C                                    
00019000  xdc_runtime_Core_Module__id__C                                       
00019002  xdc_runtime_Error_Module__loggerDefined__C                           
00019004  xdc_runtime_Error_maxDepth__C                                        
00019006  xdc_runtime_Main_Module__id__C                                       
00019008  xdc_runtime_Memory_Module__id__C                                     
0001900a  xdc_runtime_SysMin_flushAtExit__C                                    
0001900c  xdc_runtime_Text_charCnt__C                                          
0001900e  xdc_runtime_Text_isLoaded__C                                         
00019010  xdc_runtime_Text_registryModsLastId__C                               
00019012  xdc_runtime_Text_unnamedModsLastId__C                                
00019018  __TI_static_base__                                                   
00019440  __TI_Handler_Table_Base                                              
0001944c  __TI_Handler_Table_Limit                                             
00019460  __TI_CINIT_Base                                                      
00019478  __TI_CINIT_Limit                                                     
20000000  __start___llvm_prf_cnts                                              
20000000  __stop___llvm_prf_cnts                                               
20000000  ti_sysbios_family_arm_m3_Hwi_ramVectors                              
20000400  ti_sysbios_heaps_HeapMem_Instance_State_0_buf__A                     
20001400  readAccelStack                                                       
20001c00  readCurrentStack                                                     
20002400  readLightStack                                                       
20002c00  task0Stack                                                           
20003400  taskTouchStack                                                       
20003c00  psDMAControlTable                                                    
20004000  xdc_runtime_SysMin_Module_State_0_outbuf__A                          
20004400  ti_sysbios_family_arm_m3_Hwi_dispatchTable                           
20004760  ti_sysbios_knl_Task_Instance_State_0_stack__A                        
20004960  AccelData                                                            
20004af0  CurrentData                                                          
20004c80  LightData                                                            
20004e10  VelocityData                                                         
20004fa0  i2cTivaObjects                                                       
20005260  __CIOBUF_                                                            
20005380  adcBuffer2                                                           
20005488  bmi160_accel_values                                                  
20005578  uartTivaObjects                                                      
20005644  EstopEvent                                                           
20005648  Sensor_Filtered_Buffer                                               
200056e8  VelocityBuffer                                                       
20005818  readAccelStruct                                                      
20005868  readCurrentStruct                                                    
200058b8  readLightStruct                                                      
20005908  task0Struct                                                          
20005958  taskTouchStruct                                                      
200059a8  motorLibPWMObjects                                                   
200059e0  sContext                                                             
20005a0c  ScreenGate                                                           
20005a10  adc_current_values                                                   
20005a38  opt3001_light_values                                                 
20005a60  clk0Struct                                                           
20005ac4  uartTivaRingBuffer                                                   
20005ae4  datetime                                                             
20005afc  gHwiprms                                                             
20005b14  motorLibPWMTimerObjects                                              
20005b2c  evtStruct                                                            
20005b50  i2cParams                                                            
20005b74  AccBox                                                               
20005b7c  Banner                                                               
20005b84  BannerB                                                              
20005b8c  Distbox                                                              
20005b94  clearBox                                                             
20005b9c  graphClear                                                           
20005ba4  parmbuf                                                              
20005bac  SwiHandle                                                            
20005bb0  g_pi32ParmSet                                                        
20005bb8  g_ui32Panel                                                          
20005bbc  gateHwi                                                              
20005bc4  i2c                                                                  
20005bc8  postedStop                                                           
20005bcc  swiAccelSensorFilterHandle                                           
20005bd0  swiCurrentSensorFilterHandle                                         
20005bd4  swiLightSensorFilterHandle                                           
20005bd8  uart                                                                 
20005bdc  g_i16TouchX                                                          
20005bde  g_i16TouchY                                                          
20005be0  ti_sysbios_family_arm_lm4_Timer_Object__table__V                     
20005c60  ti_sysbios_knl_Swi_Module_State_0_readyQ__A                          
20005ce0  ti_sysbios_knl_Task_Module_State_0_readyQ__A                         
20005d60  VelocitySecond                                                       
20005d68  bufferpos                                                            
20005d70  current_Des                                                          
20005d78  Hall_changed                                                         
20005d80  desired_speed                                                        
20005d88  estop                                                                
20005d90  pwm_current                                                          
20005d98  error_sum                                                            
20005da0  current_speed                                                        
20005da8  current_speed_estop                                                  
20005db0  previous_speed                                                       
20005db8  previous_speed_estop                                                 
20005dc0  noMove                                                               
20005dc4  Stop                                                                 
20005dc5  OnSensorPage                                                         
20005dc6  OnMotorPage                                                          
20005dc8  MotorSpeedSlider                                                     
20005e24  AccDownBtn                                                           
20005e74  AccUpBtn                                                             
20005ec4  CurrentDownBtn                                                       
20005f14  CurrentUpBtn                                                         
20005f64  DistDownBtn                                                          
20005fb4  DistUpBtn                                                            
20006004  GraphPgBtn                                                           
20006054  LightGraphBtn                                                        
200060a4  MotorGraphBtn                                                        
200060f4  MotorMode                                                            
20006144  MotorPgBtn                                                           
20006194  PowerGraphBtn                                                        
200061e4  SensorPgBtn                                                          
20006234  TestGraphBtn                                                         
20006284  backGraphBtn                                                         
200062d4  backGraphSelectBtn                                                   
20006324  backMotorBtn                                                         
20006374  backSensorBtn                                                        
200063c4  ti_sysbios_knl_Task_Object__table__V                                 
20006410  ti_sysbios_family_arm_m3_Hwi_Object__table__V                        
20006458  LightSecond                                                          
20006460  CurrentSecond                                                        
20006468  AccelSecond                                                          
20006470  MaxCurrent                                                           
20006478  opt3001_filteredValue                                                
20006480  FilteredAccelPos                                                     
20006488  bmi160_filteredValue                                                 
20006490  current_filteredValue                                                
20006498  bufferCurrent                                                        
2000649c  ti_sysbios_knl_Task_Module__state__V                                 
200064e0  g_Acceleration                                                       
20006520  g_MotorStat                                                          
20006560  g_sCanvas2                                                           
200065a0  g_sCanvas3                                                           
200065e0  g_scompass                                                           
20006620  ti_sysbios_family_arm_lm4_Timer_Module_State_0_device__A             
20006660  ti_sysbios_hal_SecondsClock_Module__state__V                         
2000669c  ti_sysbios_family_arm_m3_Hwi_Module__state__V                        
200066d0  ti_sysbios_knl_Swi_Object__table__V                                  
20006700  g_sRoot                                                              
2000672e  ti_sysbios_family_arm_m3_Hwi_Module_State_0_excActive__A             
20006730  ti_sysbios_knl_Clock_Module__state__V                                
2000675c  ti_sysbios_BIOS_Module__state__V                                     
20006780  ti_sysbios_family_arm_lm4_Timer_Module_State_0_handles__A            
200067a0  gpioPinConfigs                                                       
200067bc  ti_sysbios_gates_GateMutex_Object__table__V                          
200067d8  ti_sysbios_knl_Swi_Module__state__V                                  
2000680c  ti_sysbios_gates_GateMutexPri_Object__table__V                       
20006824  ti_sysbios_heaps_HeapMem_Object__table__V                            
2000683c  motorStartStop                                                       
2000683d  HA                                                                   
2000683e  HB                                                                   
2000683f  HC                                                                   
20006840  LowLight                                                             
20006841  ongraph                                                              
20006844  currentDirection                                                     
20006848  CurrentMotorStat                                                     
2000684c  CurrentAcceleration                                                  
20006850  ti_sysbios_family_arm_lm4_Timer_Module__state__V                     
2000685c  xdc_runtime_SysMin_Module__state__V                                  
20006868  _lock                                                                
2000686c  _unlock                                                              
20006870  gpioCallbackFunctions                                                
20006878  ti_sysbios_family_arm_lm4_TimestampProvider_Module__state__V         
20006880  ti_sysbios_family_arm_m3_Hwi_Module__root__V                         
20006888  ti_sysbios_gates_GateHwi_Module__root__V                             
20006890  ti_sysbios_gates_GateMutexPri_Module__root__V                        
20006898  ti_sysbios_gates_GateMutex_Module__root__V                           
200068a0  ti_sysbios_heaps_HeapMem_Module__root__V                             
200068a8  ti_sysbios_knl_Clock_Module__root__V                                 
200068b0  ti_sysbios_knl_Event_Module__root__V                                 
200068b8  ti_sysbios_knl_Queue_Module__root__V                                 
200068c0  ti_sysbios_knl_Semaphore_Module__root__V                             
200068c8  ti_sysbios_knl_Swi_Module__root__V                                   
200068d0  ti_sysbios_knl_Task_Module__root__V                                  
200068d8  xdc_runtime_Registry_Module__state__V                                
200068e0  xdc_runtime_Startup_Module__state__V                                 
200068e8  xdc_runtime_System_Module_State_0_atexitHandlers__A                  
200068f0  xdc_runtime_System_Module__state__V                                  
200068f8  AccelStop                                                            
200068fa  PowerEstop                                                           
200068fc  EStop                                                                
200068fe  xdc_runtime_Error_Module__state__V                                   
20006905  LightGraph                                                           
20006906  AccelGraph                                                           
20006907  CurrentGraph                                                         
20006908  VelocityGraph                                                        
2000690c  MaxAccel                                                             
2000691c  errno                                                                
20006920  main_func_sp                                                         
20006924  ti_sysbios_family_arm_m3_Hwi_Module_State_0_excContext__A            
20006928  ti_sysbios_family_arm_m3_Hwi_Module_State_0_excStack__A              
2000692c  ti_sysbios_gates_GateHwi_Object__table__V                            
20006930  ti_sysbios_knl_Task_Module_State_0_idleTask__A                       
20006934  g_i16TouchMin                                                        
20006938  xdc_runtime_Memory_Module__state__V                                  
20006940  __stack                                                              
20006d40  __STACK_END                                                          
e000e000  ti_sysbios_family_arm_m3_Hwi_nvic                                    
ffffffff  __TI_pprof_out_hndl                                                  
ffffffff  __TI_prof_data_size                                                  
ffffffff  __TI_prof_data_start                                                 
ffffffff  __binit__                                                            
ffffffff  __c_args__                                                           
ffffffff  binit                                                                
UNDEFED   SHT$$INIT_ARRAY$$Base                                                
UNDEFED   SHT$$INIT_ARRAY$$Limit                                               

[1106 symbols]
