******************************************************************************
                  TI ARM Linker PC v20.2.5                     
******************************************************************************
>> Linked Wed Jun  1 19:40:13 2022

OUTPUT FILE NAME:   <EGH456MotorProject.out>
ENTRY POINT SYMBOL: "_c_int00"  address: 0000dae1


MEMORY CONFIGURATION

         name            origin    length      used     unused   attr    fill
----------------------  --------  ---------  --------  --------  ----  --------
  FLASH                 00000000   00100000  00019a00  000e6600  R  X
  SRAM                  20000000   00040000  00006c18  000393e8  RW X


SEGMENT ALLOCATION MAP

run origin  load origin   length   init length attrs members
----------  ----------- ---------- ----------- ----- -------
00000000    00000000    00019a10   00019a10    r-x
  00000000    00000000    0000003c   0000003c    r-- .resetVecs
  00000040    00000040    0001134a   0001134a    r-x .text
  00011390    00011390    0000820a   0000820a    r-- .const
  000195a0    000195a0    00000470   00000470    r-- .cinit
20000000    20000000    00000360   00000000    rw-
  20000000    20000000    00000360   00000000    rw- .vecs
20000400    20000400    000068b8   00000000    rw-
  20000400    20000400    00005770   00000000    rw- .bss
  20005b70    20005b70    00000d48   00000000    rw- .data
  200068b8    200068b8    00000400   00000000    rw- .stack


SECTION ALLOCATION MAP

 output                                  attributes/
section   page    origin      length       input sections
--------  ----  ----------  ----------   ----------------
.text      0    00000040    0001134a     
                  00000040    00000a4e     rtsv7M4_T_le_v4SPD16_eabi.lib : _printfi.c.obj (.text:__TI_printfi)
                  00000a8e    00000002                                   : _lock.c.obj (.text:_nop)
                  00000a90    000006ac     MotorLib.lib : motorlib.obj (.text)
                  0000113c    00000438     ustdlib.obj (.text:uvsnprintf)
                  00001574    00000004     driverlib.lib : i2c.obj (.text:I2CMasterControl)
                  00001578    00000430     sysbios.aem4f : BIOS.obj (.text:ti_sysbios_family_arm_m3_Hwi_excDumpRegs__I)
                  000019a8    0000041c     GlobalDraw.obj (.text:MotorPage)
                  00001dc4    000003bc     GlobalDraw.obj (.text:GraphPrimitive)
                  00002180    00000390     GlobalDraw.obj (.text:SensorPage)
                  00002510    00000374     grlib.lib : image.obj (.text:InternalImageDraw)
                  00002884    0000034c     ti.targets.arm.rtsarm.aem4f : System.oem4f (.text:xdc_runtime_System_doPrint__I)
                  00002bd0    00000320     sysbios.aem4f : BIOS.obj (.text:ti_sysbios_knl_Event_pend__E)
                  00002ef0    000002f8     grlib.lib : image.obj (.text:PixelTransparentDraw)
                  000031e8    000002c8     Motor.obj (.text:RegulateSpeed)
                  000034b0    000002c6     grlib.lib : slider.obj (.text:SliderPaint)
                  00003776    00000002     rtsv7M4_T_le_v4SPD16_eabi.lib : div0.asm.obj (.text)
                  00003778    000002b0     Clock.obj (.text:timeConvert)
                  00003a28    000002a4     sysbios.aem4f : BIOS.obj (.text:ti_sysbios_knl_Semaphore_pend__E)
                  00003ccc    000002a0     GlobalDraw.obj (.text:TopBarDraw)
                  00003f6c    00000270     rtsv7M4_T_le_v4SPD16_eabi.lib : _printfi.c.obj (.text:_pconv_a)
                  000041dc    00000004     driverlib.lib : i2c.obj (.text:I2CMasterDataGet)
                  000041e0    0000026c     sysbios.aem4f : BIOS.obj (.text:ti_sysbios_heaps_HeapMem_free__E)
                  0000444c    00000268     touch.obj (.text:TouchScreenDebouncer)
                  000046b4    00000254     grlib.lib : string.obj (.text:GrFontGlyphRender)
                  00004908    00000250     sysbios.aem4f : BIOS.obj (.text:ti_sysbios_heaps_HeapMem_alloc__E)
                  00004b58    00000234                   : BIOS.obj (.text:ti_sysbios_knl_Task_Instance_finalize__E)
                  00004d8c    00000224     empty.obj (.text:main)
                  00004fb0    00000210     GlobalDraw.obj (.text:updateSensorPage)
                  000051c0    0000020c     drivers_tivaware.aem4f : UARTTiva.oem4f (.text:UARTTiva_open)
                  000053cc    00000204     Boot.aem4f : Boot_sysctl.oem4f (.text:ti_catalog_arm_cortexm4_tiva_ce_Boot_sysCtlClockFreqSetI__I)
                  000055d0    00000200     Motor.obj (.text:PIControl)
                  000057d0    00000200     rtsv7M4_T_le_v4SPD16_eabi.lib : s_exp2.c.obj (.text:exp2)
                  000059d0    000001f4     sysbios.aem4f : BIOS.obj (.text:ti_sysbios_family_arm_m3_Hwi_excHandlerMax__I)
                  00005bc4    000001e4     Kentec320x240x16_ssd2119_spi.obj (.text:Kentec320x240x16_SSD2119Init)
                  00005da8    000001dc     Kentec320x240x16_ssd2119_spi.obj (.text:Kentec320x240x16_SSD2119PixelDrawMultiple)
                  00005f84    000001d4     sensors.obj (.text:readOptFxn)
                  00006158    000001d0     rtsv7M4_T_le_v4SPD16_eabi.lib : _printfi.c.obj (.text:_pconv_g)
                  00006328    000001c8     sysbios.aem4f : BIOS.obj (.text:ti_sysbios_knl_Task_sleep__E)
                  000064f0    000001c4     empty.obj (.text:heartBeatFxn)
                  000066b4    00000004     driverlib.lib : i2c.obj (.text:I2CMasterDataPut)
                  000066b8    000001c0     sysbios.aem4f : BIOS.obj (.text:ti_sysbios_knl_Task_Instance_init__E)
                  00006878    000001bc     GlobalDraw.obj (.text:UpdateGraphPlot)
                  00006a34    000001b6     rtsv7M4_T_le_v4SPD16_eabi.lib : fd_add_t2.asm.obj (.text)
                  00006bea    00000002     empty_pem4f.oem4f (.text:ti_sysbios_BIOS_nullFunc__I)
                  00006bec    000001a4     GlobalDraw.obj (.text:MotorPageUpdate)
                  00006d90    000001a4     pinout.obj (.text:PinoutSet)
                  00006f34    00000004     driverlib.lib : uart.obj (.text:UARTIntClear)
                  00006f38    000001a0     sysbios.aem4f : BIOS.obj (.text:ti_sysbios_gates_GateMutexPri_enter__E)
                  000070d8    00000190     grlib.lib : canvas.obj (.text:CanvasPaint)
                  00007268    0000017e               : pushbutton.obj (.text:RectangularButtonPaint)
                  000073e6    00000002     empty_pem4f.oem4f (.text:xdc_runtime_Startup_reset__I)
                  000073e8    00000178     touch.obj (.text:TouchScreenIntHandler)
                  00007560    00000174     sysbios.aem4f : BIOS.obj (.text:ti_sysbios_family_arm_m3_Hwi_excBusFault__I)
                  000076d4    00000170     drivers_tivaware.aem4f : PWMTiva.oem4f (.text:PWMTiva_open)
                  00007844    00000004     grlib.lib : widget.obj (.text:WidgetDefaultMsgProc)
                  00007848    00000164     sysbios.aem4f : BIOS.obj (.text:ti_sysbios_family_arm_m3_Hwi_excUsageFault__I)
                  000079ac    0000015c     sensors.obj (.text:accelSensorFilterFxn)
                  00007b08    00000158     sensors.obj (.text:readCurrentFxn)
                  00007c60    00000150     drivers_tivaware.aem4f : GPIOTiva.oem4f (.text:GPIO_setConfig)
                  00007db0    0000014c     sensors.obj (.text:readAccFxn)
                  00007efc    00000004     rtsv7M4_T_le_v4SPD16_eabi.lib : exit.c.obj (.text:abort:abort)
                  00007f00    00000148     sysbios.aem4f : BIOS.obj (.text:ti_sysbios_family_arm_m3_Hwi_excMemFault__I)
                  00008048    0000013c     rtsv7M4_T_le_v4SPD16_eabi.lib : _printfi.c.obj (.text:_pconv_e)
                  00008184    00000004     empty_pem4f.oem4f (.text:ti_sysbios_BIOS_RtsGateProxy_enter__E)
                  00008188    0000013c     sysbios.aem4f : BIOS.obj (.text:ti_sysbios_heaps_HeapMem_Instance_init__E)
                  000082c4    00000136     rtsv7M4_T_le_v4SPD16_eabi.lib : fd_div_t2.asm.obj (.text)
                  000083fa    00000006     driverlib.lib : gpio.obj (.text:GPIOIntClear)
                  00008400    00000134     sysbios.aem4f : BIOS.obj (.text:ti_sysbios_knl_Task_setPri__E)
                  00008534    00000130     GlobalDraw.obj (.text:BannerInit)
                  00008664    00000130     driverlib.lib : gpio.obj (.text:GPIOPadConfigSet)
                  00008794    00000124     rtsv7M4_T_le_v4SPD16_eabi.lib : _printfi.c.obj (.text:fcvt)
                  000088b8    00000118     ti.targets.arm.rtsarm.aem4f : Error.oem4f (.text:xdc_runtime_Error_policyDefault__E)
                  000089d0    00000114     drivers_tivaware.aem4f : PWMTimerTiva.oem4f (.text:PWMTimerTiva_open)
                  00008ae4    00000110     sensors.obj (.text:currentSensorFilterFxn)
                  00008bf4    00000110     rtsv7M4_T_le_v4SPD16_eabi.lib : s_scalbn.c.obj (.text:scalbn)
                  00008d04    0000010c     Kentec320x240x16_ssd2119_spi.obj (.text:Kentec320x240x16_SSD2119RectFill)
                  00008e10    0000010c     touch.obj (.text:TouchScreenInit)
                  00008f1c    0000010c     GlobalDraw.obj (.text:graphSelectPage)
                  00009028    00000108     sysbios.aem4f : BIOS.obj (.text:ti_sysbios_family_arm_lm4_Timer_start__E)
                  00009130    00000108                   : BIOS.obj (.text:ti_sysbios_knl_Clock_Instance_init__E)
                  00009238    00000106     grlib.lib : line.obj (.text:GrLineDraw)
                  0000933e    00000002     --HOLE-- [fill = 0]
                  00009340    00000104     sysbios.aem4f : BIOS.obj (.text:ti_sysbios_knl_Event_post__E)
                  00009444    00000100     ti.targets.arm.rtsarm.aem4f : Core-mem.oem4f (.text:xdc_runtime_Core_createObject__I)
                  00009544    000000fc     rtsv7M4_T_le_v4SPD16_eabi.lib : fd_mul_t2.asm.obj (.text)
                  00009640    000000f8                                   : s_floor.c.obj (.text:floor)
                  00009738    000000f8     ti.targets.arm.rtsarm.aem4f : Startup.oem4f (.text:xdc_runtime_Startup_startMods__I)
                  00009830    000000f8     empty_pem4f.oem4f (.text:xdc_runtime_System_printfExtend__I)
                  00009928    000000f4     Motor.obj (.text:MotorMain)
                  00009a1c    000000f4     sysbios.aem4f : m3_Hwi_asm.obj (.text:ti_sysbios_family_arm_m3_Hwi_dispatch__I)
                  00009b10    000000f2     grlib.lib : pushbutton.obj (.text:RectangularButtonClick)
                  00009c02    000000f0     drivers_tivaware.aem4f : PWMTiva.oem4f (.text:PWMTiva_setDuty)
                  00009cf2    000000f0     bmi160.obj (.text:bmi160_init)
                  00009de2    00000006     driverlib.lib : gpio.obj (.text:GPIOPinRead)
                  00009de8    000000ec     sysbios.aem4f : BIOS.obj (.text:ti_sysbios_knl_Semaphore_post__E)
                  00009ed4    000000e8     grlib.lib : widget.obj (.text:WidgetMessageQueueAdd)
                  00009fbc    000000e0     drivers_tivaware.aem4f : I2CTiva.oem4f (.text:I2CTiva_open)
                  0000a09c    000000d8     GlobalDraw.obj (.text:MainPage)
                  0000a174    000000d6     drivers_tivaware.aem4f : I2CTiva.oem4f (.text:I2CTiva_hwiFxn)
                  0000a24a    000000d6     grlib.lib : slider.obj (.text:SliderClick)
                  0000a320    000000d4     sysbios.aem4f : BIOS.obj (.text:ti_sysbios_knl_Swi_Instance_init__E)
                  0000a3f4    000000cc     ti.targets.arm.rtsarm.aem4f : Core-smem.oem4f (.text:xdc_runtime_Core_constructObject__I)
                  0000a4c0    000000c0     grlib.lib : string.obj (.text:GrDefaultStringRenderer)
                  0000a580    000000bc     sysbios.aem4f : BIOS.obj (.text:ti_sysbios_family_arm_m3_Hwi_excDebugMon__I)
                  0000a63c    00000004     empty_pem4f.oem4f (.text:ti_sysbios_BIOS_RtsGateProxy_leave__E)
                  0000a640    000000bc     sysbios.aem4f : BIOS.obj (.text:ti_sysbios_family_arm_m3_Hwi_excHardFault__I)
                  0000a6fc    000000b8     EK_TM4C1294XL.obj (.text:EK_TM4C1294XL_initGeneral)
                  0000a7b4    000000b8     grlib.lib : line.obj (.text:GrLineClip)
                  0000a86c    000000b8     Kentec320x240x16_ssd2119_spi.obj (.text:InitSPILCDInterface)
                  0000a924    000000b8     drivers_tivaware.aem4f : PWMTimerTiva.oem4f (.text:PWMTimerTiva_setDuty)
                  0000a9dc    000000b4     grlib.lib : widget.obj (.text:WidgetMessageSendPostOrder)
                  0000aa90    000000b4     sysbios.aem4f : BIOS.obj (.text:ti_sysbios_gates_GateMutex_enter__E)
                  0000ab44    00000004                   : BIOS.obj (.text:ti_sysbios_family_arm_lm4_Timer_masterEnable__I)
                  0000ab48    000000b4                   : BIOS.obj (.text:ti_sysbios_knl_Task_checkStacks__E)
                  0000abfc    000000b1     rtsv7M4_T_le_v4SPD16_eabi.lib : _printfi.c.obj (.text:_ltostr)
                  0000acad    00000001     --HOLE-- [fill = 0]
                  0000acae    000000b0     grlib.lib : slider.obj (.text:SliderValueToPosition)
                  0000ad5e    000000ac     drivers_tivaware.aem4f : UARTTiva.oem4f (.text:readTaskBlocking)
                  0000ae0a    00000006     driverlib.lib : gpio.obj (.text:GPIOPinWrite)
                  0000ae10    000000ac     sysbios.aem4f : BIOS.obj (.text:ti_sysbios_family_arm_lm4_Timer_enableTiva__I)
                  0000aebc    00000004     empty_pem4f.oem4f (.text:ti_sysbios_family_arm_m3_Hwi_destruct)
                  0000aec0    000000a4     sysbios.aem4f : BIOS.obj (.text:ti_sysbios_knl_Clock_Instance_finalize__E)
                  0000af64    000000a0     auto_init.aem4f : auto_init.oem4f (.text)
                  0000b004    000000a0     ti.targets.arm.rtsarm.aem4f : Text.oem4f (.text:xdc_runtime_Text_putMod__E)
                  0000b0a4    0000009c     GlobalDraw.obj (.text:ChangeMotorStat)
                  0000b140    0000009c     EK_TM4C1294XL.obj (.text:EK_TM4C1294XL_initI2C)
                  0000b1dc    0000009c     rtsv7M4_T_le_v4SPD16_eabi.lib : memcpy_t2.asm.obj (.text)
                  0000b278    0000009c     sysbios.aem4f : BIOS.obj (.text:ti_sysbios_knl_Semaphore_Instance_init__E)
                  0000b314    0000009a     ti.targets.arm.rtsarm.aem4f : Text.oem4f (.text:xdc_runtime_Text_putSite__E)
                  0000b3ae    00000098     drivers_tivaware.aem4f : UARTTiva.oem4f (.text:UARTTiva_readPolling)
                  0000b446    00000002     --HOLE-- [fill = 0]
                  0000b448    00000098     Boot.aem4f : Boot.oem4f (.text:ti_catalog_arm_cortexm4_tiva_ce_Boot_sysCtlClockFreqSet__E)
                  0000b4e0    00000096     rtsv7M4_T_le_v4SPD16_eabi.lib : ull_div_t2.asm.obj (.text)
                  0000b576    00000094     drivers_tivaware.aem4f : UARTTiva.oem4f (.text:UARTTiva_write)
                  0000b60a    00000006     grlib.lib : string.obj (.text:GrContextFontSet)
                  0000b610    00000094     sysbios.aem4f : BIOS.obj (.text:ti_sysbios_family_arm_m3_Hwi_Instance_init__E)
                  0000b6a4    00000004     empty_pem4f.oem4f (.text:ti_sysbios_family_arm_m3_TaskSupport_Module__startupDone__S)
                  0000b6a8    00000094     sysbios.aem4f : BIOS.obj (.text:ti_sysbios_family_arm_m3_Hwi_initNVIC__E)
                  0000b73c    00000004     empty_pem4f.oem4f (.text:ti_sysbios_heaps_HeapMem_Module_GateProxy_enter__E)
                  0000b740    00000094     sysbios.aem4f : BIOS.obj (.text:ti_sysbios_knl_Task_postInit__I)
                  0000b7d4    0000008c     drivers_tivaware.aem4f : GPIOTiva.oem4f (.text:GPIO_init)
                  0000b860    0000008c                            : UARTTiva.oem4f (.text:UARTTiva_control)
                  0000b8ec    0000008c     sysbios.aem4f : m3_TaskSupport_asm.obj (.text:ti_sysbios_family_arm_m3_TaskSupport_buildTaskStack)
                  0000b978    0000008c                   : BIOS.obj (.text:ti_sysbios_hal_SecondsClock_Module_startup__E)
                  0000ba04    0000008a     drivers_tivaware.aem4f : UARTTiva.oem4f (.text:readIsrTextBlocking)
                  0000ba8e    00000002     --HOLE-- [fill = 0]
                  0000ba90    00000088     GlobalDraw.obj (.text:BackMainMotorPage)
                  0000bb18    00000088     GlobalDraw.obj (.text:GraphPageCurrent)
                  0000bba0    00000088     drivers_tivaware.aem4f : PWMTiva.oem4f (.text:PWMTiva_control)
                  0000bc28    00000086     grlib.lib : rectangle.obj (.text:GrRectFill)
                  0000bcae    00000086     rtsv7M4_T_le_v4SPD16_eabi.lib : fd_cmp_t2.asm.obj (.text:__aeabi_cdcmple)
                  0000bd34    00000086                                   : fd_cmp_t2.asm.obj (.text:__aeabi_cdrcmple)
                  0000bdba    00000002     --HOLE-- [fill = 0]
                  0000bdbc    00000084     GlobalDraw.obj (.text:GraphPageAccel)
                  0000be40    00000084     GlobalDraw.obj (.text:GraphPageLight)
                  0000bec4    00000004     empty_pem4f.oem4f (.text:ti_sysbios_heaps_HeapMem_Module_GateProxy_leave__E)
                  0000bec8    00000084     sysbios.aem4f : BIOS.obj (.text:ti_sysbios_family_arm_m3_Hwi_postInit__I)
                  0000bf4c    00000082     opt3001.obj (.text:opt3001_init)
                  0000bfce    00000082     drivers_tivaware.aem4f : UARTTiva.oem4f (.text:readIsrTextCallback)
                  0000c050    00000080     grlib.lib : rectangle.obj (.text:GrRectIntersectGet)
                  0000c0d0    00000080     GlobalDraw.obj (.text:GraphPageVelocity)
                  0000c150    0000007e     drivers_tivaware.aem4f : I2CTiva.oem4f (.text:I2CTiva_transfer)
                  0000c1ce    00000002     --HOLE-- [fill = 0]
                  0000c1d0    0000007c     sensors.obj (.text:adc_init)
                  0000c24c    0000007a     driverlib.lib : adc.obj (.text:ADCSequenceStepConfigure)
                  0000c2c6    0000007a     drivers_tivaware.aem4f : UARTTiva.oem4f (.text:readTaskCallback)
                  0000c340    0000007a     rtsv7M4_T_le_v4SPD16_eabi.lib : memset_t2.asm.obj (.text)
                  0000c3ba    00000002     --HOLE-- [fill = 0]
                  0000c3bc    00000078     GlobalDraw.obj (.text:UpdateAccelGraph)
                  0000c434    00000078     GlobalDraw.obj (.text:UpdateCurrentGraph)
                  0000c4ac    00000078     GlobalDraw.obj (.text:UpdateLightGraph)
                  0000c524    00000076     GraphFunctions.obj (.text:ArrayUpdate)
                  0000c59a    00000002     --HOLE-- [fill = 0]
                  0000c59c    00000074     GlobalDraw.obj (.text:InitScreen)
                  0000c610    00000074     GlobalDraw.obj (.text:UpdateVelocityGraph)
                  0000c684    00000004     empty_pem4f.oem4f (.text:ti_sysbios_knl_Clock_TimerProxy_getFreq__E)
                  0000c688    00000074     sysbios.aem4f : BIOS.obj (.text:ti_sysbios_knl_Clock_start__E)
                  0000c6fc    00000070     sensors.obj (.text:lightSensorFilterFxn)
                  0000c76c    00000070     opt3001.obj (.text:opt3001_read)
                  0000c7dc    00000004     empty_pem4f.oem4f (.text:ti_sysbios_knl_Clock_TimerProxy_getMaxTicks__E)
                  0000c7e0    00000070     sysbios.aem4f : BIOS.obj (.text:ti_sysbios_knl_Clock_workFunc__E)
                  0000c850    00000070                   : BIOS.obj (.text:ti_sysbios_knl_Task_exit__E)
                  0000c8c0    0000006e     rtsv7M4_T_le_v4SPD16_eabi.lib : _printfi.c.obj (.text:_mcpy)
                  0000c92e    00000002     --HOLE-- [fill = 0]
                  0000c930    0000006d     ti.targets.arm.rtsarm.aem4f : System.oem4f (.text:xdc_runtime_System_formatNum__I)
                  0000c99d    00000003     --HOLE-- [fill = 0]
                  0000c9a0    0000006c     GraphFunctions.obj (.text:CalcAvg)
                  0000ca0c    0000006c     Motor.obj (.text:HAllF)
                  0000ca78    0000006c     drivers_tivaware.aem4f : PWMTimerTiva.oem4f (.text:PWMTimerTiva_control)
                  0000cae4    00000004     empty_pem4f.oem4f (.text:ti_sysbios_knl_Clock_TimerProxy_getPeriod__E)
                  0000cae8    0000006c     sysbios.aem4f : BIOS.obj (.text:ti_sysbios_gates_GateMutexPri_leave__E)
                  0000cb54    00000004     empty_pem4f.oem4f (.text:ti_sysbios_knl_Clock_destruct)
                  0000cb58    0000006c     sysbios.aem4f : BIOS.obj (.text:ti_sysbios_knl_Swi_restoreHwi__E)
                  0000cbc4    0000006c     drivers_tivaware.aem4f : UARTTiva.oem4f (.text:writeData)
                  0000cc30    0000006c     ti.targets.arm.rtsarm.aem4f : Error.oem4f (.text:xdc_runtime_Error_print__E)
                  0000cc9c    0000006c                                 : Memory.oem4f (.text:xdc_runtime_Memory_alloc__E)
                  0000cd08    0000006a     drivers_tivaware.aem4f : PWMTiva.oem4f (.text:PWMTiva_close)
                  0000cd72    00000002     --HOLE-- [fill = 0]
                  0000cd74    00000068     grlib.lib : context.obj (.text:GrContextInit)
                  0000cddc    00000068               : string.obj (.text:GrStringWidthGet)
                  0000ce44    00000068     driverlib.lib : interrupt.obj (.text:IntEnable)
                  0000ceac    00000068     Kentec320x240x16_ssd2119_spi.obj (.text:Kentec320x240x16_SSD2119LineDrawH)
                  0000cf14    00000068     Kentec320x240x16_ssd2119_spi.obj (.text:Kentec320x240x16_SSD2119LineDrawV)
                  0000cf7c    00000068     rtsv7M4_T_le_v4SPD16_eabi.lib : copy_decompress_lzss.c.obj (.text:decompress:lzss:__TI_decompress_lzss)
                  0000cfe4    00000068     opt3001.obj (.text:opt3001_convert)
                  0000d04c    00000066     grlib.lib : context.obj (.text:GrContextClipRegionSet)
                  0000d0b2    00000066               : rectangle.obj (.text:GrRectDraw)
                  0000d118    00000066     ti.targets.arm.rtsarm.aem4f : Core-mem.oem4f (.text:xdc_runtime_Core_deleteObject__I)
                  0000d17e    00000002     --HOLE-- [fill = 0]
                  0000d180    00000064     drivers_tivaware.aem4f : GPIOTiva.oem4f (.text:GPIO_hwiIntFxn)
                  0000d1e4    00000064     grlib.lib : widget.obj (.text:WidgetMessageQueueProcess)
                  0000d248    00000064     rtsv7M4_T_le_v4SPD16_eabi.lib : s_frexp.c.obj (.text:frexp)
                  0000d2ac    00000064     GraphFunctions.obj (.text:min_element)
                  0000d310    00000064     sysbios.aem4f : BIOS.obj (.text:ti_sysbios_family_arm_lm4_Timer_Module_startup__E)
                  0000d374    00000064     empty_pem4f.oem4f (.text:ti_sysbios_family_arm_m3_Hwi_create)
                  0000d3d8    00000064     sysbios.aem4f : BIOS.obj (.text:ti_sysbios_family_arm_m3_Hwi_dispatchC__I)
                  0000d43c    00000062     drivers_tivaware.aem4f : I2CTiva.oem4f (.text:I2CTiva_primeTransfer)
                  0000d49e    00000002     --HOLE-- [fill = 0]
                  0000d4a0    00000060     driverlib.lib : timer.obj (.text:TimerConfigure)
                  0000d500    00000060     Kentec320x240x16_ssd2119_spi.obj (.text:WriteDataSPI)
                  0000d560    00000060     sysbios.aem4f : BIOS.obj (.text:ti_sysbios_knl_Task_schedule__I)
                  0000d5c0    0000005e     grlib.lib : widget.obj (.text:WidgetMessageSendPreOrder)
                  0000d61e    0000005e     bmi160.obj (.text:bmi160_getAccel)
                  0000d67c    0000005e     drivers_tivaware.aem4f : UARTTiva.oem4f (.text:readIsrBinaryBlocking)
                  0000d6da    00000002     --HOLE-- [fill = 0]
                  0000d6dc    0000005c     GlobalDraw.obj (.text:OnSliderChange)
                  0000d738    0000005c     Kentec320x240x16_ssd2119_spi.obj (.text:WriteCommandSPI)
                  0000d794    0000005c     GraphFunctions.obj (.text:max_element)
                  0000d7f0    0000005c     empty_pem4f.oem4f (.text:ti_sysbios_knl_Swi_create)
                  0000d84c    00000004     empty_pem4f.oem4f (.text:ti_sysbios_knl_Queue_destruct)
                  0000d850    0000005c     sysbios.aem4f : BIOS.obj (.text:ti_sysbios_knl_Swi_run__I)
                  0000d8ac    00000004     empty_pem4f.oem4f (.text:ti_sysbios_knl_Semaphore_destruct)
                  0000d8b0    0000005c     sysbios.aem4f : BIOS.obj (.text:ti_sysbios_knl_Swi_schedule__I)
                  0000d90c    00000004     ti.targets.arm.rtsarm.aem4f : Error.oem4f (.text:xdc_runtime_Error_getSite__E)
                  0000d910    0000005c     sysbios.aem4f : BIOS.obj (.text:ti_sysbios_knl_Task_Module_startup__E)
                  0000d96c    00000004     empty_pem4f.oem4f (.text:xdc_runtime_System_Module_GateProxy_enter__E)
                  0000d970    0000005c     sysbios.aem4f : BIOS.obj (.text:ti_sysbios_knl_Task_startCore__E)
                  0000d9cc    0000005c     i2cDriver.obj (.text:writeI2C)
                  0000da28    0000005b     ti.targets.arm.rtsarm.aem4f : Text.oem4f (.text:xdc_runtime_Text_putLab__E)
                  0000da83    00000001     --HOLE-- [fill = 0]
                  0000da84    0000005a     grlib.lib : string.obj (.text:FontWideGlyphDataGet)
                  0000dade    00000002     --HOLE-- [fill = 0]
                  0000dae0    00000058     boot.aem4f : boot.oem4f (.text)
                  0000db38    00000058     rtsv7M4_T_le_v4SPD16_eabi.lib : hostwrite.c.obj (.text:HOSTwrite)
                  0000db90    00000058     grlib.lib : slider.obj (.text:SliderPositionToValue)
                  0000dbe8    00000058     driverlib.lib : timer.obj (.text:TimerControlTrigger)
                  0000dc40    00000058     empty_pem4f.oem4f (.text:ti_sysbios_family_arm_m3_Hwi_construct)
                  0000dc98    00000058     sysbios.aem4f : m3_Hwi_asm_switch.obj (.text:ti_sysbios_family_arm_m3_Hwi_initStacks__E)
                  0000dcf0    00000058     ustdlib.obj (.text:ustrncpy)
                  0000dd48    00000057     Motor.obj (.text:MotorInit)
                  0000dd9f    00000001     --HOLE-- [fill = 0]
                  0000dda0    00000056     driverlib.lib : gpio.obj (.text:GPIOIntTypeSet)
                  0000ddf6    00000056     rtsv7M4_T_le_v4SPD16_eabi.lib : _printfi.c.obj (.text:_pconv_f)
                  0000de4c    00000054     Motor.obj (.text:GetCurrentSpeed)
                  0000dea0    00000054     Motor.obj (.text:MotorStart)
                  0000def4    00000054     rtsv7M4_T_le_v4SPD16_eabi.lib : _ltoa.c.obj (.text:__TI_ltoa)
                  0000df48    00000054     sensors.obj (.text:i2c_Open)
                  0000df9c    00000054     drivers_tivaware.aem4f : UARTTiva.oem4f (.text:readIsrBinaryCallback)
                  0000dff0    00000054     sysbios.aem4f : BIOS.obj (.text:ti_sysbios_family_arm_lm4_Timer_initDevice__I)
                  0000e044    00000004     empty_pem4f.oem4f (.text:xdc_runtime_System_Module_GateProxy_leave__E)
                  0000e048    00000054     sysbios.aem4f : BIOS.obj (.text:ti_sysbios_knl_Swi_Instance_finalize__E)
                  0000e09c    00000054     empty_pem4f.oem4f (.text:ti_sysbios_knl_Task_construct)
                  0000e0f0    00000054     ti.targets.arm.rtsarm.aem4f : Assert.oem4f (.text:xdc_runtime_Assert_raise__I)
                  0000e144    00000052     rtsv7M4_T_le_v4SPD16_eabi.lib : _printfi.c.obj (.text:_ecpy)
                  0000e196    00000002     --HOLE-- [fill = 0]
                  0000e198    00000050     drivers_tivaware.aem4f : GPIOTiva.oem4f (.text:GPIO_setCallback)
                  0000e1e8    00000050                            : GPIOTiva.oem4f (.text:GPIO_write)
                  0000e238    00000050                            : UARTTiva.oem4f (.text:UARTTiva_writeCancel)
                  0000e288    00000050     Boot.aem4f : Boot_sysctl.oem4f (.text:_SysCtlFrequencyGet)
                  0000e2d8    00000050     sysbios.aem4f : BIOS.obj (.text:ti_sysbios_family_arm_m3_Hwi_Module_startup__E)
                  0000e328    00000050     ti.targets.arm.rtsarm.aem4f : Startup.oem4f (.text:xdc_runtime_Startup_exec__E)
                  0000e378    00000050                                 : Text.oem4f (.text:xdc_runtime_Text_visitRope2__I)
                  0000e3c8    0000004c     drivers_tivaware.aem4f : UARTTiva.oem4f (.text:UARTTiva_close)
                  0000e414    0000004c     grlib.lib : widget.obj (.text:WidgetRemove)
                  0000e460    0000004c     rtsv7M4_T_le_v4SPD16_eabi.lib : atoi.c.obj (.text:atoi)
                  0000e4ac    0000004c                                   : cpy_tbl.c.obj (.text:copy_in)
                  0000e4f8    0000004c     i2cDriver.obj (.text:readI2C)
                  0000e544    00000004     ti.targets.arm.rtsarm.aem4f : System.oem4f (.text:xdc_runtime_System_aprintf_va__F)
                  0000e548    0000004c     sysbios.aem4f : BIOS.obj (.text:ti_sysbios_family_arm_lm4_Timer_setAvailMask__E)
                  0000e594    00000004     ti.targets.arm.rtsarm.aem4f : System.oem4f (.text:xdc_runtime_System_printf_va__F)
                  0000e598    0000004c     sysbios.aem4f : BIOS.obj (.text:ti_sysbios_heaps_HeapMem_getStats__E)
                  0000e5e4    00000004     --HOLE-- [fill = 0]
                  0000e5e8    0000004c                   : BIOS.obj (.text:ti_sysbios_knl_Swi_runLoop__I)
                  0000e634    00000004     --HOLE-- [fill = 0]
                  0000e638    0000004c                   : BIOS.obj (.text:ti_sysbios_knl_Task_allBlockedFunction__I)
                  0000e684    00000004     --HOLE-- [fill = 0]
                  0000e688    0000004c                   : BIOS.obj (.text:ti_sysbios_knl_Task_block__E)
                  0000e6d4    0000004a     drivers_tivaware.aem4f : PWMTimerTiva.oem4f (.text:PWMTimerTiva_close)
                  0000e71e    0000004a     grlib.lib : string.obj (.text:UpdateContextCharMapping)
                  0000e768    00000048     driverlib.lib : gpio.obj (.text:GPIOPinConfigure)
                  0000e7b0    00000048                   : i2c.obj (.text:I2CMasterInitExpClk)
                  0000e7f8    00000048     rtsv7M4_T_le_v4SPD16_eabi.lib : fd_toi_t2.asm.obj (.text)
                  0000e840    00000048     sysbios.aem4f : BIOS.obj (.text:ti_sysbios_family_arm_lm4_Timer_enableTimers__I)
                  0000e888    00000048                   : BIOS.obj (.text:ti_sysbios_family_arm_m3_Hwi_disableInterrupt__E)
                  0000e8d0    00000048                   : BIOS.obj (.text:ti_sysbios_family_arm_m3_Hwi_enableInterrupt__E)
                  0000e918    00000048                   : BIOS.obj (.text:ti_sysbios_family_arm_m3_Hwi_excReserved__I)
                  0000e960    00000048                   : BIOS.obj (.text:ti_sysbios_hal_SecondsClock_increment__I)
                  0000e9a8    00000048                   : BIOS.obj (.text:ti_sysbios_knl_Mailbox_Module_startup__E)
                  0000e9f0    00000046     grlib.lib : line.obj (.text:GrLineDrawH)
                  0000ea36    00000046               : line.obj (.text:GrLineDrawV)
                  0000ea7c    00000046     Kentec320x240x16_ssd2119_spi.obj (.text:Kentec320x240x16_SSD2119PixelDraw)
                  0000eac2    00000046     drivers_tivaware.aem4f : RingBuf.oem4f (.text:RingBuf_put)
                  0000eb08    00000046     UARTLocal.obj (.text:initUART)
                  0000eb4e    00000046     ti.targets.arm.rtsarm.aem4f : Core-params.oem4f (.text:xdc_runtime_Core_assignParams__I)
                  0000eb94    00000044     GraphFunctions.obj (.text:CalcNoRemainder)
                  0000ebd8    00000044     sysbios.aem4f : BIOS.obj (.text:ti_sysbios_family_arm_lm4_Timer_isrStub__E)
                  0000ec1c    00000004     --HOLE-- [fill = 0]
                  0000ec20    00000044                   : BIOS.obj (.text:ti_sysbios_family_arm_m3_Hwi_getStackInfo__E)
                  0000ec64    00000004     --HOLE-- [fill = 0]
                  0000ec68    00000044                   : BIOS.obj (.text:ti_sysbios_knl_Mailbox_postInit__I)
                  0000ecac    00000004     --HOLE-- [fill = 0]
                  0000ecb0    00000044                   : BIOS.obj (.text:ti_sysbios_knl_Swi_post__E)
                  0000ecf4    00000044     ti.targets.arm.rtsarm.aem4f : Error.oem4f (.text:xdc_runtime_Error_setX__E)
                  0000ed38    00000044                                 : SysMin.oem4f (.text:xdc_runtime_SysMin_flush__E)
                  0000ed7c    00000044                                 : Text.oem4f (.text:xdc_runtime_Text_xprintf__I)
                  0000edc0    00000042     driverlib.lib : uart.obj (.text:UARTConfigSetExpClk)
                  0000ee02    00000042     drivers_tivaware.aem4f : UARTTiva.oem4f (.text:UARTTiva_hwiIntFxn)
                  0000ee44    00000042                            : UARTTiva.oem4f (.text:UARTTiva_writePolling)
                  0000ee86    00000002     --HOLE-- [fill = 0]
                  0000ee88    00000040     GraphData.obj (.text:InitsingleBuffer)
                  0000eec8    00000040     drivers_tivaware.aem4f : RingBuf.oem4f (.text:RingBuf_get)
                  0000ef08    00000040                            : UARTTiva.oem4f (.text:UARTTiva_read)
                  0000ef48    00000040     rtsv7M4_T_le_v4SPD16_eabi.lib : u_divt2.asm.obj (.text)
                  0000ef88    00000040                                   : sprintf.c.obj (.text:sprintf)
                  0000efc8    00000040     sysbios.aem4f : BIOS.obj (.text:ti_sysbios_family_arm_lm4_Timer_startup__E)
                  0000f008    00000040                   : BIOS.obj (.text:ti_sysbios_hal_SecondsClock_getTime__E)
                  0000f048    0000003e     driverlib.lib : adc.obj (.text:ADCSequenceConfigure)
                  0000f086    0000003e     rtsv7M4_T_le_v4SPD16_eabi.lib : _printfi.c.obj (.text:_fcpy)
                  0000f0c4    0000003c     GlobalDraw.obj (.text:BackGraphSelect)
                  0000f100    0000003c     GlobalDraw.obj (.text:BackMainGraph)
                  0000f13c    0000003c     driverlib.lib : ssi.obj (.text:SSIConfigSetExpClk)
                  0000f178    0000003c     GlobalDraw.obj (.text:backMainSensor)
                  0000f1b4    0000003c     Estop.obj (.text:checkEstop)
                  0000f1f0    0000003c     sysbios.aem4f : BIOS.obj (.text:ti_sysbios_family_arm_m3_Hwi_excSvCall__I)
                  0000f22c    00000004     --HOLE-- [fill = 0]
                  0000f230    0000003c                   : BIOS.obj (.text:ti_sysbios_heaps_HeapMem_init__I)
                  0000f26c    00000004     --HOLE-- [fill = 0]
                  0000f270    0000003c                   : BIOS.obj (.text:ti_sysbios_knl_Swi_restore__E)
                  0000f2ac    0000003a     grlib.lib : string.obj (.text:FontGlyphDataGet)
                  0000f2e6    0000003a     drivers_tivaware.aem4f : I2CTiva.oem4f (.text:I2CTiva_completeTransfer)
                  0000f320    00000038     grlib.lib : rectangle.obj (.text:GrRectOverlapCheck)
                  0000f358    00000038     drivers_tivaware.aem4f : I2C.oem4f (.text:I2C_init)
                  0000f390    00000038                            : PWM.oem4f (.text:PWM_init)
                  0000f3c8    00000038     GlobalDraw.obj (.text:RemoveGraph)
                  0000f400    00000038     GlobalDraw.obj (.text:RemoveGraphSelect)
                  0000f438    00000038     driverlib.lib : sysctl.obj (.text:SysCtlPeripheralReady)
                  0000f470    00000038     drivers_tivaware.aem4f : UART.oem4f (.text:UART_init)
                  0000f4a8    00000038     rtsv7M4_T_le_v4SPD16_eabi.lib : trgmsg.c.obj (.text:__TI_writemsg)
                  0000f4e0    00000038     sysbios.aem4f : BIOS.obj (.text:ti_sysbios_family_arm_m3_Hwi_excNoIsr__I)
                  0000f518    00000038                   : BIOS.obj (.text:ti_sysbios_knl_Task_processVitalTaskFlag__I)
                  0000f550    00000038     ti.targets.arm.rtsarm.aem4f : SysMin.oem4f (.text:xdc_runtime_SysMin_putch__E)
                  0000f588    00000038                                 : System.oem4f (.text:xdc_runtime_System_atexit__E)
                  0000f5c0    00000036     grlib.lib : line.obj (.text:GrClipCodeGet)
                  0000f5f6    00000036     drivers_tivaware.aem4f : I2CTiva.oem4f (.text:I2CTiva_close)
                  0000f62c    00000036                            : UARTTiva.oem4f (.text:UARTTiva_readCancel)
                  0000f662    00000002     --HOLE-- [fill = 0]
                  0000f664    00000034     driverlib.lib : sysctl.obj (.text:SysCtlPeripheralEnable)
                  0000f698    00000034     rtsv7M4_T_le_v4SPD16_eabi.lib : trgmsg.c.obj (.text:__TI_readmsg)
                  0000f6cc    00000034     bmi160.obj (.text:bmi160_readConvert)
                  0000f700    00000034     GraphData.obj (.text:initGraphBuffers)
                  0000f734    00000004     --HOLE-- [fill = 0]
                  0000f738    00000034     sysbios.aem4f : BIOS.obj (.text:ti_sysbios_family_arm_m3_Hwi_Instance_finalize__E)
                  0000f76c    00000004     --HOLE-- [fill = 0]
                  0000f770    00000034                   : BIOS.obj (.text:ti_sysbios_family_arm_m3_Hwi_excNmi__I)
                  0000f7a4    00000004     --HOLE-- [fill = 0]
                  0000f7a8    00000034                   : BIOS.obj (.text:ti_sysbios_hal_Hwi_checkStack)
                  0000f7dc    00000034     empty_pem4f.oem4f (.text:ti_sysbios_knl_Clock_construct)
                  0000f810    00000034     ti.targets.arm.rtsarm.aem4f : Core-label.oem4f (.text:xdc_runtime_Core_assignLabel__I)
                  0000f844    00000033                                 : Text.oem4f (.text:xdc_runtime_Text_printVisFxn__I)
                  0000f877    00000001     --HOLE-- [fill = 0]
                  0000f878    00000032     sysbios.aem4f : BIOS.obj (.text:ti_sysbios_hal_Hwi_initStack)
                  0000f8aa    00000032     ustdlib.obj (.text:usprintf)
                  0000f8dc    00000030     drivers_tivaware.aem4f : GPIOTiva.oem4f (.text:GPIO_enableInt)
                  0000f90c    00000030                            : GPIOTiva.oem4f (.text:GPIO_read)
                  0000f93c    00000030                            : I2C.oem4f (.text:I2C_open)
                  0000f96c    00000030                            : PWMTiva.oem4f (.text:PWMTiva_init)
                  0000f99c    00000030                            : PWM.oem4f (.text:PWM_open)
                  0000f9cc    00000030                            : UART.oem4f (.text:UART_open)
                  0000f9fc    00000030     empty_pem4f.oem4f (.text:ti_sysbios_BIOS_atExitFunc__I)
                  0000fa2c    00000004     --HOLE-- [fill = 0]
                  0000fa30    00000030     sysbios.aem4f : BIOS.obj (.text:ti_sysbios_family_arm_lm4_Timer_stop__E)
                  0000fa60    00000030                   : BIOS.obj (.text:ti_sysbios_family_arm_m3_TaskSupport_start__E)
                  0000fa90    00000030     empty_pem4f.oem4f (.text:ti_sysbios_gates_GateHwi_Object__create__S)
                  0000fac0    00000030     empty_pem4f.oem4f (.text:ti_sysbios_gates_GateHwi_create)
                  0000faf0    00000030     empty_pem4f.oem4f (.text:ti_sysbios_gates_GateMutexPri_Object__create__S)
                  0000fb20    00000030     empty_pem4f.oem4f (.text:ti_sysbios_gates_GateMutexPri_create)
                  0000fb50    00000030     empty_pem4f.oem4f (.text:ti_sysbios_gates_GateMutex_Object__create__S)
                  0000fb80    00000030     empty_pem4f.oem4f (.text:ti_sysbios_heaps_HeapMem_Object__create__S)
                  0000fbb0    00000030     sysbios.aem4f : BIOS.obj (.text:ti_sysbios_knl_Event_pendTimeout__I)
                  0000fbe0    00000030     empty_pem4f.oem4f (.text:ti_sysbios_knl_Semaphore_construct)
                  0000fc10    00000030     sysbios.aem4f : BIOS.obj (.text:ti_sysbios_knl_Semaphore_pendTimeout__I)
                  0000fc40    00000030                   : BIOS.obj (.text:ti_sysbios_knl_Task_unblockI__E)
                  0000fc70    00000030     ti.targets.arm.rtsarm.aem4f : SysMin.oem4f (.text:xdc_runtime_SysMin_abort__E)
                  0000fca0    00000030                                 : System.oem4f (.text:xdc_runtime_System_processAtExit__E)
                  0000fcd0    0000002e     driverlib.lib : adc.obj (.text:ADCIntStatus)
                  0000fcfe    0000002e     grlib.lib : string.obj (.text:GrStringNextCharGet)
                  0000fd2c    0000002e     rtsv7M4_T_le_v4SPD16_eabi.lib : i_tofd_t2.asm.obj (.text)
                  0000fd5a    00000002     --HOLE-- [fill = 0]
                  0000fd5c    0000002c     EK_TM4C1294XL.obj (.text:EK_TM4C1294XL_initUART)
                  0000fd88    0000002c     grlib.lib : string.obj (.text:GrFontBaselineGet)
                  0000fdb4    0000002c               : string.obj (.text:GrFontHeightGet)
                  0000fde0    0000002c               : pushbutton.obj (.text:RectangularButtonMsgProc)
                  0000fe0c    0000002c               : slider.obj (.text:SliderMsgProc)
                  0000fe38    0000002c               : widget.obj (.text:WidgetIsInTree)
                  0000fe64    0000002c     GlobalDraw.obj (.text:removeSensorPage)
                  0000fe90    0000002c     empty_pem4f.oem4f (.text:ti_sysbios_knl_Clock_doTick__I)
                  0000febc    0000002c     empty_pem4f.oem4f (.text:ti_sysbios_knl_Event_construct)
                  0000fee8    0000002c     empty_pem4f.oem4f (.text:ti_sysbios_knl_Queue_construct)
                  0000ff14    00000004     --HOLE-- [fill = 0]
                  0000ff18    0000002c     sysbios.aem4f : BIOS.obj (.text:ti_sysbios_knl_Task_restore__E)
                  0000ff44    0000002c     ti.targets.arm.rtsarm.aem4f : Text.oem4f (.text:xdc_runtime_Text_cordText__E)
                  0000ff70    0000002a     driverlib.lib : gpio.obj (.text:GPIODirModeSet)
                  0000ff9a    0000002a     bmi160.obj (.text:bmi160_delay)
                  0000ffc4    0000002a     ti.targets.arm.rtsarm.aem4f : System.oem4f (.text:xdc_runtime_System_putchar__I)
                  0000ffee    00000028     Kentec320x240x16_ssd2119_spi.obj (.text:Kentec320x240x16_SSD2119ColorTranslate)
                  00010016    00000002     --HOLE-- [fill = 0]
                  00010018    00000028     sysbios.aem4f : BIOS.obj (.text:ti_sysbios_knl_Clock_addI__E)
                  00010040    00000028                   : BIOS.obj (.text:ti_sysbios_knl_Swi_Module_startup__E)
                  00010068    00000026     grlib.lib : string.obj (.text:GrFontInfoGet)
                  0001008e    00000026     sysbios.aem4f : m3_Hwi_asm.obj (.text:ti_sysbios_family_arm_m3_Hwi_pendSV__I)
                  000100b4    00000026     ti.targets.arm.rtsarm.aem4f : System.oem4f (.text:xdc_runtime_System_avprintf__E)
                  000100da    00000002     --HOLE-- [fill = 0]
                  000100dc    00000024     GlobalDraw.obj (.text:ChangeCurrentDown)
                  00010100    00000024     GlobalDraw.obj (.text:ChangeCurrentUp)
                  00010124    00000024     GlobalDraw.obj (.text:RemoveMainPage)
                  00010148    00000024     empty_pem4f.oem4f (.text:ti_sysbios_BIOS_errorRaiseHook__I)
                  0001016c    00000024     empty_pem4f.oem4f (.text:ti_sysbios_BIOS_registerRTSLock__I)
                  00010190    00000024     empty_pem4f.oem4f (.text:ti_sysbios_BIOS_removeRTSLock__I)
                  000101b4    00000024     empty_pem4f.oem4f (.text:ti_sysbios_BIOS_startFunc__I)
                  000101d8    00000024     empty_pem4f.oem4f (.text:ti_sysbios_gates_GateMutexPri_Object__delete__S)
                  000101fc    00000024     empty_pem4f.oem4f (.text:ti_sysbios_gates_GateMutex_Object__delete__S)
                  00010220    00000024     sysbios.aem4f : BIOS.obj (.text:ti_sysbios_knl_Clock_Module_startup__E)
                  00010244    00000004     --HOLE-- [fill = 0]
                  00010248    00000024                   : BIOS.obj (.text:ti_sysbios_knl_Task_restoreHwi__E)
                  0001026c    00000024     ti.targets.arm.rtsarm.aem4f : System.oem4f (.text:xdc_runtime_System_vprintf__E)
                  00010290    00000022     grlib.lib : string.obj (.text:GrFontGlyphDataGet)
                  000102b2    00000022     driverlib.lib : pwm.obj (.text:PWMGenConfigure)
                  000102d4    00000022     drivers_tivaware.aem4f : PWMTiva.oem4f (.text:PWMTiva_getPeriodCounts)
                  000102f6    00000002     --HOLE-- [fill = 0]
                  000102f8    00000022     sysbios.aem4f : BIOS.obj (.text:ti_sysbios_family_arm_lm4_Timer_write__I)
                  0001031a    00000022     empty_pem4f.oem4f (.text:xdc_runtime_SysMin_output__I)
                  0001033c    00000020     Boot.aem4f : Boot_sysctl.oem4f (.text:_SysCtlMemTimingGet)
                  0001035c    00000020     Estop.obj (.text:initEstop)
                  0001037c    00000020     rtsv7M4_T_le_v4SPD16_eabi.lib : u_tofd_t2.asm.obj (.text)
                  0001039c    00000020     empty_pem4f.oem4f (.text:ti_sysbios_BIOS_rtsLock__I)
                  000103bc    00000004     --HOLE-- [fill = 0]
                  000103c0    00000020     sysbios.aem4f : BIOS.obj (.text:ti_sysbios_family_arm_lm4_Timer_getFreq__E)
                  000103e0    00000020                   : m3_Hwi_asm.obj (.text:ti_sysbios_family_arm_m3_Hwi_excHandlerAsm__I)
                  00010400    00000020                   : BIOS.obj (.text:ti_sysbios_family_arm_m3_Hwi_excHandler__I)
                  00010420    00000020     empty_pem4f.oem4f (.text:ti_sysbios_gates_GateHwi_Object__delete__S)
                  00010440    00000020     empty_pem4f.oem4f (.text:ti_sysbios_heaps_HeapMem_Object__delete__S)
                  00010460    00000020     empty_pem4f.oem4f (.text:ti_sysbios_knl_Clock_Object__destruct__S)
                  00010480    00000020     sysbios.aem4f : BIOS.obj (.text:ti_sysbios_knl_Idle_run__E)
                  000104a0    00000020     empty_pem4f.oem4f (.text:ti_sysbios_knl_Semaphore_Object__destruct__S)
                  000104c0    00000020     ti.targets.arm.rtsarm.aem4f : Registry.oem4f (.text:xdc_runtime_Registry_findById__E)
                  000104e0    00000020                                 : SysMin.oem4f (.text:xdc_runtime_SysMin_Module_startup__E)
                  00010500    0000001e     driverlib.lib : adc.obj (.text:ADCSequenceDataGet)
                  0001051e    0000001e     grlib.lib : string.obj (.text:GrFontCodepageGet)
                  0001053c    0000001e     driverlib.lib : pwm.obj (.text:PWMPulseWidthSet)
                  0001055a    0000001e     drivers_tivaware.aem4f : PWMTiva.oem4f (.text:PWMTiva_getPeriodMicroSecs)
                  00010578    0000001e     grlib.lib : widget.obj (.text:WidgetAdd)
                  00010596    0000001e     sysbios.aem4f : m3_Hwi_asm_switch.obj (.text:ti_sysbios_family_xxx_Hwi_switchAndRunFunc)
                  000105b4    0000001e     Clock.obj (.text:updatetime)
                  000105d2    00000002     --HOLE-- [fill = 0]
                  000105d4    0000001c     driverlib.lib : uart.obj (.text:UARTDisable)
                  000105f0    0000001c     grlib.lib : widget.obj (.text:WidgetPointerMessage)
                  0001060c    0000001c     drivers_tivaware.aem4f : GPIOTiva.oem4f (.text:getGpioIntIndex)
                  00010628    0000001c     rtsv7M4_T_le_v4SPD16_eabi.lib : memccpy.c.obj (.text:memccpy)
                  00010644    0000001c     empty_pem4f.oem4f (.text:ti_sysbios_family_arm_m3_Hwi_Object__destruct__S)
                  00010660    0000001c     sysbios.aem4f : BIOS.obj (.text:ti_sysbios_gates_GateMutexPri_Instance_init__E)
                  0001067c    00000004     --HOLE-- [fill = 0]
                  00010680    0000001c                   : BIOS.obj (.text:ti_sysbios_gates_GateMutex_Instance_init__E)
                  0001069c    0000001c     empty_pem4f.oem4f (.text:ti_sysbios_knl_Queue_Object__destruct__S)
                  000106b8    0000001c     sysbios.aem4f : BIOS.obj (.text:ti_sysbios_knl_Queue_put__E)
                  000106d4    00000004     --HOLE-- [fill = 0]
                  000106d8    0000001c                   : BIOS.obj (.text:ti_sysbios_knl_Task_enter__I)
                  000106f4    0000001c     ti.targets.arm.rtsarm.aem4f : Error.oem4f (.text:xdc_runtime_Error_raiseX__E)
                  00010710    0000001c                                 : Memory.oem4f (.text:xdc_runtime_Memory_valloc__E)
                  0001072c    0000001c                                 : SysMin.oem4f (.text:xdc_runtime_SysMin_exit__E)
                  00010748    0000001c                                 : System.oem4f (.text:xdc_runtime_System_abort__E)
                  00010764    0000001a     rtsv7M4_T_le_v4SPD16_eabi.lib : s_copysign.c.obj (.text:copysign)
                  0001077e    0000001a     empty_pem4f.oem4f (.text:ti_sysbios_family_arm_m3_Hwi_Handle__label__S)
                  00010798    0000001a     empty_pem4f.oem4f (.text:ti_sysbios_gates_GateHwi_Handle__label__S)
                  000107b2    0000001a     empty_pem4f.oem4f (.text:ti_sysbios_gates_GateMutexPri_Handle__label__S)
                  000107cc    0000001a     empty_pem4f.oem4f (.text:ti_sysbios_gates_GateMutex_Handle__label__S)
                  000107e6    0000001a     empty_pem4f.oem4f (.text:ti_sysbios_heaps_HeapMem_Handle__label__S)
                  00010800    0000001a     empty_pem4f.oem4f (.text:ti_sysbios_knl_Swi_Handle__label__S)
                  0001081a    0000001a     empty_pem4f.oem4f (.text:ti_sysbios_knl_Task_Handle__label__S)
                  00010834    0000001a     empty_pem4f.oem4f (.text:xdc_runtime_System_aprintf__E)
                  0001084e    0000001a     empty_pem4f.oem4f (.text:xdc_runtime_System_printf__E)
                  00010868    00000018     driverlib.lib : adc.obj (.text:ADCProcessorTrigger)
                  00010880    00000018     Estop.obj (.text:EstopPower)
                  00010898    00000018     driverlib.lib : gpio.obj (.text:GPIOPinTypeGPIOOutput)
                  000108b0    00000018                   : timer.obj (.text:TimerControlLevel)
                  000108c8    00000018     drivers_tivaware.aem4f : UART.oem4f (.text:UART_Params_init)
                  000108e0    00000018     rtsv7M4_T_le_v4SPD16_eabi.lib : args_main.c.obj (.text:_args_main)
                  000108f8    00000018                                   : sprintf.c.obj (.text:_outs)
                  00010910    00000018     Motor.obj (.text:clk0Fxn)
                  00010928    00000018     empty_pem4f.oem4f (.text:ti_sysbios_BIOS_rtsUnlock__I)
                  00010940    00000018     empty_pem4f.oem4f (.text:ti_sysbios_family_arm_lm4_Timer_Module__startupDone__F)
                  00010958    00000018     empty_pem4f.oem4f (.text:ti_sysbios_family_arm_m3_Hwi_Module__startupDone__F)
                  00010970    00000018     sysbios.aem4f : m3_TaskSupport_asm.obj (.text:ti_sysbios_family_arm_m3_TaskSupport_swap__E)
                  00010988    00000018                   : BIOS.obj (.text:ti_sysbios_gates_GateMutex_leave__E)
                  000109a0    00000018     empty_pem4f.oem4f (.text:ti_sysbios_knl_Clock_Module__startupDone__F)
                  000109b8    00000018     sysbios.aem4f : BIOS.obj (.text:ti_sysbios_knl_Task_sleepTimeout__I)
                  000109d0    00000018     ti.targets.arm.rtsarm.aem4f : Error.oem4f (.text:xdc_runtime_Error_check__E)
                  000109e8    00000018                                 : System.oem4f (.text:xdc_runtime_System_exit__E)
                  00010a00    00000018                                 : Text.oem4f (.text:xdc_runtime_Text_ropeText__E)
                  00010a18    00000016     grlib.lib : string.obj (.text:GrStringDraw)
                  00010a2e    00000016     driverlib.lib : i2c.obj (.text:I2CMasterErr)
                  00010a44    00000016     rtsv7M4_T_le_v4SPD16_eabi.lib : strchr.c.obj (.text:strchr)
                  00010a5a    00000016     empty_pem4f.oem4f (.text:ti_sysbios_BIOS_exitFunc__I)
                  00010a70    00000016     Motor.obj (.text:ti_sysbios_gates_GateHwi_Params_init)
                  00010a86    00000016     GlobalDraw.obj (.text:ti_sysbios_gates_GateMutexPri_Params_init)
                  00010a9c    00000016     Motor.obj (.text:ti_sysbios_knl_Clock_Params_init)
                  00010ab2    00000016     Motor.obj (.text:ti_sysbios_knl_Swi_Params_init)
                  00010ac8    00000016     empty.obj (.text:ti_sysbios_knl_Swi_Params_init)
                  00010ade    00000016     empty.obj (.text:ti_sysbios_knl_Task_Params_init)
                  00010af4    00000014     grlib.lib : canvas.obj (.text:CanvasMsgProc)
                  00010b08    00000014     Kentec320x240x16_ssd2119_spi.obj (.text:LED_OFF)
                  00010b1c    00000014     Kentec320x240x16_ssd2119_spi.obj (.text:LED_ON)
                  00010b30    00000014     driverlib.lib : pwm.obj (.text:PWMClockSet)
                  00010b44    00000014                   : sysctl.obj (.text:SysCtlPWMClockSet)
                  00010b58    00000014                   : timer.obj (.text:TimerDisable)
                  00010b6c    00000014     touch.obj (.text:TouchScreenCallbackSet)
                  00010b80    00000014     driverlib.lib : uart.obj (.text:UARTEnable)
                  00010b94    00000014     grlib.lib : widget.obj (.text:WidgetMutexGet)
                  00010ba8    00000014     rtsv7M4_T_le_v4SPD16_eabi.lib : strlen.c.obj (.text:strlen)
                  00010bbc    00000014     empty_pem4f.oem4f (.text:ti_sysbios_family_arm_m3_Hwi_Object__get__S)
                  00010bd0    00000014     sysbios.aem4f : BIOS.obj (.text:ti_sysbios_family_arm_m3_Hwi_switchFromBootStack__E)
                  00010be4    00000014     empty_pem4f.oem4f (.text:ti_sysbios_heaps_HeapMem_Object__get__S)
                  00010bf8    00000014     sysbios.aem4f : BIOS.obj (.text:ti_sysbios_knl_Event_Instance_init__E)
                  00010c0c    00000014     empty_pem4f.oem4f (.text:ti_sysbios_knl_Swi_Object__get__S)
                  00010c20    00000012     driverlib.lib : gpio.obj (.text:GPIOPinTypeADC)
                  00010c32    00000012                   : gpio.obj (.text:GPIOPinTypeEthernetLED)
                  00010c44    00000012                   : gpio.obj (.text:GPIOPinTypeGPIOInput)
                  00010c56    00000012                   : gpio.obj (.text:GPIOPinTypeI2C)
                  00010c68    00000012                   : gpio.obj (.text:GPIOPinTypeI2CSCL)
                  00010c7a    00000012                   : gpio.obj (.text:GPIOPinTypePWM)
                  00010c8c    00000012                   : gpio.obj (.text:GPIOPinTypeSSI)
                  00010c9e    00000012                   : gpio.obj (.text:GPIOPinTypeTimer)
                  00010cb0    00000012                   : gpio.obj (.text:GPIOPinTypeUART)
                  00010cc2    00000012                   : gpio.obj (.text:GPIOPinTypeUSBAnalog)
                  00010cd4    00000012                   : gpio.obj (.text:GPIOPinTypeUSBDigital)
                  00010ce6    00000012                   : pwm.obj (.text:PWMGenPeriodGet)
                  00010cf8    00000012                   : pwm.obj (.text:PWMOutputInvert)
                  00010d0a    00000012                   : pwm.obj (.text:PWMOutputState)
                  00010d1c    00000012     drivers_tivaware.aem4f : RingBuf.oem4f (.text:RingBuf_construct)
                  00010d2e    00000012     driverlib.lib : ssi.obj (.text:SSIDataGetNonBlocking)
                  00010d40    00000012                   : timer.obj (.text:TimerLoadSet)
                  00010d52    00000012                   : timer.obj (.text:TimerMatchSet)
                  00010d64    00000012                   : timer.obj (.text:TimerPrescaleMatchSet)
                  00010d76    00000012                   : timer.obj (.text:TimerPrescaleSet)
                  00010d88    00000012     sysbios.aem4f : BIOS.obj (.text:ti_sysbios_hal_Hwi_Module_startup__E)
                  00010d9a    00000006     driverlib.lib : i2c.obj (.text:I2CMasterIntDisable)
                  00010da0    00000012     sysbios.aem4f : BIOS.obj (.text:ti_sysbios_hal_Timer_Module_startup__E)
                  00010db2    00000012     rtsv7M4_T_le_v4SPD16_eabi.lib : wcslen.c.obj (.text:wcslen)
                  00010dc4    00000012     empty_pem4f.oem4f (.text:xdc_runtime_Startup_exec__I)
                  00010dd6    00000002     --HOLE-- [fill = 0]
                  00010dd8    00000010     empty_pem4f.oem4f (.text:.bootCodeSection:ti_catalog_arm_cortexm4_tiva_ce_Boot_init__I)
                  00010de8    00000010     driverlib.lib : adc.obj (.text:ADCIntEnable)
                  00010df8    00000010     GlobalDraw.obj (.text:ChangeAccelDown)
                  00010e08    00000010     GlobalDraw.obj (.text:ChangeAccelUp)
                  00010e18    00000010     driverlib.lib : fpu.obj (.text:FPUEnable)
                  00010e28    00000010                   : fpu.obj (.text:FPULazyStackingEnable)
                  00010e38    00000010     drivers_tivaware.aem4f : I2C.oem4f (.text:I2C_Params_init)
                  00010e48    00000010     driverlib.lib : pwm.obj (.text:PWMGenPeriodSet)
                  00010e58    00000010     drivers_tivaware.aem4f : PWM.oem4f (.text:PWM_Params_init)
                  00010e68    00000010                            : UARTTiva.oem4f (.text:readBlockingTimeout)
                  00010e78    00000010     sysbios.aem4f : BIOS.obj (.text:ti_sysbios_BIOS_getCpuFreq__E)
                  00010e88    00000010                   : BIOS.obj (.text:ti_sysbios_BIOS_setThreadType__E)
                  00010e98    00000010                   : BIOS.obj (.text:ti_sysbios_BIOS_start__E)
                  00010ea8    00000010                   : BIOS.obj (.text:ti_sysbios_family_arm_lm4_TimestampProvider_rolloverFunc__E)
                  00010eb8    00000010                   : m3_TaskSupport_asm.obj (.text:ti_sysbios_family_arm_m3_TaskSupport_glue)
                  00010ec8    00000010                   : BIOS.obj (.text:ti_sysbios_gates_GateMutexPri_Instance_finalize__E)
                  00010ed8    00000010                   : BIOS.obj (.text:ti_sysbios_gates_GateMutex_Instance_finalize__E)
                  00010ee8    00000010     empty_pem4f.oem4f (.text:ti_sysbios_knl_Mailbox_Object__get__S)
                  00010ef8    00000010     sysbios.aem4f : BIOS.obj (.text:ti_sysbios_knl_Semaphore_Instance_finalize__E)
                  00010f08    00000010                   : BIOS.obj (.text:ti_sysbios_knl_Swi_disable__E)
                  00010f18    00000010     empty_pem4f.oem4f (.text:ti_sysbios_knl_Task_Object__get__S)
                  00010f28    00000010     sysbios.aem4f : BIOS.obj (.text:ti_sysbios_knl_Task_disable__E)
                  00010f38    00000010     driverlib.lib : udma.obj (.text:uDMAEnable)
                  00010f48    00000010     ti.targets.arm.rtsarm.aem4f : Gate.oem4f (.text:xdc_runtime_Gate_leaveSystem__E)
                  00010f58    00000010                                 : Memory.oem4f (.text:xdc_runtime_Memory_free__E)
                  00010f68    00000010                                 : SysMin.oem4f (.text:xdc_runtime_SysMin_ready__E)
                  00010f78    00000010                                 : System.oem4f (.text:xdc_runtime_System_vsnprintf__E)
                  00010f88    00000010     empty_pem4f.oem4f (.text:xdc_runtime_Text_visitRope__I)
                  00010f98    0000000e     driverlib.lib : adc.obj (.text:ADCSequenceEnable)
                  00010fa6    0000000e                   : gpio.obj (.text:GPIOIntStatus)
                  00010fb4    0000000e     grlib.lib : image.obj (.text:GrImageDraw)
                  00010fc2    0000000e     driverlib.lib : timer.obj (.text:TimerEnable)
                  00010fd0    0000000e                   : uart.obj (.text:UARTCharGetNonBlocking)
                  00010fde    0000000e                   : uart.obj (.text:UARTCharPutNonBlocking)
                  00010fec    0000000e     rtsv7M4_T_le_v4SPD16_eabi.lib : copy_decompress_none.c.obj (.text:decompress:none:__TI_decompress_none)
                  00010ffa    00000006     driverlib.lib : i2c.obj (.text:I2CMasterIntEnable)
                  00011000    0000000e     sysbios.aem4f : BIOS.obj (.text:ti_sysbios_knl_Idle_loop__E)
                  0001100e    00000002     --HOLE-- [fill = 0]
                  00011010    0000000e                   : BIOS.obj (.text:ti_sysbios_knl_Queue_empty__E)
                  0001101e    0000000c     driverlib.lib : gpio.obj (.text:GPIOIntEnable)
                  0001102a    0000000c                   : pwm.obj (.text:PWMGenDisable)
                  00011036    0000000c                   : pwm.obj (.text:PWMGenEnable)
                  00011042    0000000c     drivers_tivaware.aem4f : RingBuf.oem4f (.text:RingBuf_peek)
                  0001104e    0000000c     empty.obj (.text:TouchCheckTask)
                  0001105a    0000000c     driverlib.lib : uart.obj (.text:UARTFlowControlSet)
                  00011066    0000000c     drivers_tivaware.aem4f : UARTTiva.oem4f (.text:UARTTiva_init)
                  00011072    00000002     --HOLE-- [fill = 0]
                  00011074    0000000c     rtsv7M4_T_le_v4SPD16_eabi.lib : _lock.c.obj (.text:_register_lock)
                  00011080    0000000c                                   : _lock.c.obj (.text:_register_unlock)
                  0001108c    0000000c     GlobalDraw.obj (.text:btntest)
                  00011098    0000000c     rtsv7M4_T_le_v4SPD16_eabi.lib : copy_zero_init.c.obj (.text:decompress:ZI:__TI_zero_init)
                  000110a4    00000004     --HOLE-- [fill = 0]
                  000110a8    0000000c     sysbios.aem4f : BIOS.obj (.text:ti_sysbios_family_arm_lm4_Timer_getAvailMask__E)
                  000110b4    00000004     --HOLE-- [fill = 0]
                  000110b8    0000000c                   : BIOS.obj (.text:ti_sysbios_family_arm_lm4_Timer_getMaxTicks__E)
                  000110c4    00000004     --HOLE-- [fill = 0]
                  000110c8    0000000c                   : BIOS.obj (.text:ti_sysbios_family_arm_lm4_TimestampProvider_startTimer__E)
                  000110d4    0000000c     empty_pem4f.oem4f (.text:ti_sysbios_family_arm_m3_Hwi_Params__init__S)
                  000110e0    0000000c     sysbios.aem4f : BIOS.obj (.text:ti_sysbios_family_arm_m3_Hwi_disableFxn__E)
                  000110ec    00000004     --HOLE-- [fill = 0]
                  000110f0    0000000c                   : BIOS.obj (.text:ti_sysbios_family_arm_m3_TaskSupport_checkStack__E)
                  000110fc    00000004     --HOLE-- [fill = 0]
                  00011100    0000000c                   : BIOS.obj (.text:ti_sysbios_family_arm_m3_TaskSupport_getStackAlignment__E)
                  0001110c    0000000c     empty_pem4f.oem4f (.text:ti_sysbios_gates_GateHwi_Params__init__S)
                  00011118    0000000c     sysbios.aem4f : BIOS.obj (.text:ti_sysbios_gates_GateHwi_enter__E)
                  00011124    0000000c     empty_pem4f.oem4f (.text:ti_sysbios_gates_GateMutexPri_Params__init__S)
                  00011130    0000000c     empty_pem4f.oem4f (.text:ti_sysbios_knl_Clock_Params__init__S)
                  0001113c    00000004     --HOLE-- [fill = 0]
                  00011140    0000000c     sysbios.aem4f : BIOS.obj (.text:ti_sysbios_knl_Clock_getTicks__E)
                  0001114c    0000000c     Estop.obj (.text:ti_sysbios_knl_Event_handle)
                  00011158    0000000c     empty_pem4f.oem4f (.text:ti_sysbios_knl_Queue_Object__get__S)
                  00011164    0000000c     empty_pem4f.oem4f (.text:ti_sysbios_knl_Semaphore_Params__init__S)
                  00011170    0000000c     empty_pem4f.oem4f (.text:ti_sysbios_knl_Swi_Params__init__S)
                  0001117c    0000000c     empty_pem4f.oem4f (.text:ti_sysbios_knl_Task_Params__init__S)
                  00011188    0000000c     driverlib.lib : udma.obj (.text:uDMAControlBaseSet)
                  00011194    0000000c     ti.targets.arm.rtsarm.aem4f : Error.oem4f (.text:xdc_runtime_Error_init__E)
                  000111a0    0000000c                                 : Gate.oem4f (.text:xdc_runtime_Gate_enterSystem__E)
                  000111ac    0000000c                                 : Memory.oem4f (.text:xdc_runtime_Memory_calloc__E)
                  000111b8    0000000c                                 : Memory.oem4f (.text:xdc_runtime_Memory_getMaxDefaultTypeAlign__E)
                  000111c4    0000000a     driverlib.lib : adc.obj (.text:ADCIntClear)
                  000111ce    0000000a                   : i2c.obj (.text:I2CMasterDisable)
                  000111d8    0000000a                   : i2c.obj (.text:I2CMasterEnable)
                  000111e2    0000000a     drivers_tivaware.aem4f : I2CTiva.oem4f (.text:I2CTiva_init)
                  000111ec    0000000a                            : I2C.oem4f (.text:I2C_transfer)
                  000111f6    0000000a     Kentec320x240x16_ssd2119_spi.obj (.text:Kentec320x240x16_SSD2119Flush)
                  00011200    0000000a     drivers_tivaware.aem4f : PWMTimerTiva.oem4f (.text:PWMTimerTiva_getPeriodCounts)
                  0001120a    0000000a                            : PWM.oem4f (.text:PWM_setDuty)
                  00011214    0000000a     driverlib.lib : ssi.obj (.text:SSIDataPut)
                  0001121e    0000000a                   : ssi.obj (.text:SSIEnable)
                  00011228    0000000a                   : uart.obj (.text:UARTCharGet)
                  00011232    0000000a                   : uart.obj (.text:UARTCharPut)
                  0001123c    0000000a                   : uart.obj (.text:UARTIntDisable)
                  00011246    0000000a                   : uart.obj (.text:UARTIntStatus)
                  00011250    0000000a     rtsv7M4_T_le_v4SPD16_eabi.lib : sprintf.c.obj (.text:_outc)
                  0001125a    0000000a     empty_pem4f.oem4f (.text:xdc_runtime_IHeap_alloc)
                  00011264    0000000a     empty_pem4f.oem4f (.text:xdc_runtime_IHeap_free)
                  0001126e    00000008     EK_TM4C1294XL.obj (.text:EK_TM4C1294XL_initGPIO)
                  00011276    00000008     grlib.lib : charmap.obj (.text:GrMapISO8859_1_Unicode)
                  0001127e    00000008     driverlib.lib : i2c.obj (.text:I2CMasterIntClear)
                  00011286    00000008                   : i2c.obj (.text:I2CMasterSlaveAddrSet)
                  0001128e    00000008     drivers_tivaware.aem4f : I2CTiva.oem4f (.text:I2CTiva_blockingCallback)
                  00011296    00000008                            : PWMTimerTiva.oem4f (.text:PWMTimerTiva_init)
                  0001129e    00000008     driverlib.lib : ssi.obj (.text:SSIBusy)
                  000112a6    00000008                   : uart.obj (.text:UARTIntEnable)
                  000112ae    00000008                   : uart.obj (.text:UARTRxErrorGet)
                  000112b6    00000002     --HOLE-- [fill = 0]
                  000112b8    00000008     rtsv7M4_T_le_v4SPD16_eabi.lib : errno.c.obj (.text:__aeabi_errno_addr)
                  000112c0    00000008     drivers_tivaware.aem4f : UARTTiva.oem4f (.text:readSemCallback)
                  000112c8    00000008     sysbios.aem4f : BIOS.obj (.text:ti_sysbios_family_arm_lm4_Timer_masterDisable__I)
                  000112d0    00000008                   : BIOS.obj (.text:ti_sysbios_family_arm_m3_Hwi_doSwiRestore__I)
                  000112d8    00000008                   : BIOS.obj (.text:ti_sysbios_family_arm_m3_Hwi_startup__E)
                  000112e0    00000008     drivers_tivaware.aem4f : UARTTiva.oem4f (.text:writeSemCallback)
                  000112e8    00000006                            : I2CTiva.oem4f (.text:I2CTiva_control)
                  000112ee    00000006                            : PWMTimerTiva.oem4f (.text:PWMTimerTiva_getPeriodMicroSecs)
                  000112f4    00000006     driverlib.lib : sysctl.obj (.text:SysCtlDelay)
                  000112fa    00000006                   : uart.obj (.text:UARTFIFOLevelSet)
                  00011300    00000006                   : uart.obj (.text:UARTRxErrorClear)
                  00011306    00000006     grlib.lib : widget.obj (.text:WidgetMutexPut)
                  0001130c    00000004     --HOLE-- [fill = 0]
                  00011310    00000006     sysbios.aem4f : BIOS.obj (.text:ti_sysbios_family_arm_lm4_TimestampProvider_Module_startup__E)
                  00011316    00000002     --HOLE-- [fill = 0]
                  00011318    00000006                   : BIOS.obj (.text:ti_sysbios_family_arm_m3_Hwi_doTaskRestore__I)
                  0001131e    00000002     --HOLE-- [fill = 0]
                  00011320    00000006                   : BIOS.obj (.text:ti_sysbios_family_arm_m3_Hwi_restoreFxn__E)
                  00011326    00000002     --HOLE-- [fill = 0]
                  00011328    00000006                   : BIOS.obj (.text:ti_sysbios_gates_GateHwi_leave__E)
                  0001132e    00000002     --HOLE-- [fill = 0]
                  00011330    00000006                   : BIOS.obj (.text:ti_sysbios_heaps_HeapMem_isBlocking__E)
                  00011336    00000002     --HOLE-- [fill = 0]
                  00011338    00000006                   : BIOS.obj (.text:ti_sysbios_knl_Clock_stop__E)
                  0001133e    00000002     --HOLE-- [fill = 0]
                  00011340    00000006                   : BIOS.obj (.text:ti_sysbios_knl_Queue_Instance_init__E)
                  00011346    00000002     --HOLE-- [fill = 0]
                  00011348    00000006                   : BIOS.obj (.text:ti_sysbios_knl_Swi_startup__E)
                  0001134e    00000006     ti.targets.arm.rtsarm.aem4f : System.oem4f (.text:xdc_runtime_System_Module_startup__E)
                  00011354    00000004     --HOLE-- [fill = 0]
                  00011358    00000004     sysbios.aem4f : BIOS.obj (.text:ti_sysbios_family_arm_lm4_Timer_getPeriod__E)
                  0001135c    00000004     --HOLE-- [fill = 0]
                  00011360    00000004                   : BIOS.obj (.text:ti_sysbios_gates_GateHwi_query__E)
                  00011364    00000004     --HOLE-- [fill = 0]
                  00011368    00000004                   : BIOS.obj (.text:ti_sysbios_gates_GateMutexPri_query__E)
                  0001136c    00000004     --HOLE-- [fill = 0]
                  00011370    00000004                   : BIOS.obj (.text:ti_sysbios_gates_GateMutex_query__E)
                  00011374    00000004     --HOLE-- [fill = 0]
                  00011378    00000004                   : BIOS.obj (.text:ti_sysbios_knl_Task_startup__E)
                  0001137c    00000004     --HOLE-- [fill = 0]
                  00011380    00000002                   : BIOS.obj (.text:ti_sysbios_gates_GateHwi_Instance_init__E)
                  00011382    00000006     --HOLE-- [fill = 0]
                  00011388    00000002                   : BIOS.obj (.text:ti_sysbios_knl_Clock_logTick__E)

.const     0    00011390    0000820a     
                  00011390    00001950     empty_pem4f.oem4f (.const:xdc_runtime_Text_charTab__A)
                  00012ce0    00001000     rtsv7M4_T_le_v4SPD16_eabi.lib : s_exp2.c.obj (.const:tbl)
                  00013ce0    0000095e     grlib.lib : fontcm20.obj (.const:.string:g_pui8Cm20Data)
                  0001463e    000008c1               : fontcmss20.obj (.const:.string:g_pui8Cmss20Data)
                  00014eff    00000782               : fontcmss18b.obj (.const:.string:g_pui8Cmss18bData)
                  00015681    00000759               : fontcm16.obj (.const:.string:g_pui8Cm16Data)
                  00015dda    000005c7               : fontcmss12b.obj (.const:.string:g_pui8Cmss12bData)
                  000163a1    00000514               : fontcmss12.obj (.const:.string:g_pui8Cmss12Data)
                  000168b5    0000024d     GUIImg.obj (.const:.string:g_pui8Logo)
                  00016b02    0000020d     GUIImg.obj (.const:.string:g_pui8btn140x40)
                  00016d0f    0000020d     GUIImg.obj (.const:.string:g_pui8btn150x40Press)
                  00016f1c    0000017b     Images.obj (.const:.string:g_pui8CompS)
                  00017097    0000017b     Images.obj (.const:.string:g_pui8CompW)
                  00017212    0000017b     Images.obj (.const:.string:g_pui8accSlow)
                  0001738d    0000017b     Images.obj (.const:.string:g_pui8accfast)
                  00017508    0000017b     Images.obj (.const:.string:g_pui8accmid)
                  00017683    00000178     Images.obj (.const:.string:g_pui8CompE)
                  000177fb    00000178     Images.obj (.const:.string:g_pui8CompN)
                  00017973    00000163     Images.obj (.const:.string:g_pui8Stop)
                  00017ad6    00000160     Images.obj (.const:.string:g_pui8Go)
                  00017c36    0000015d     Images.obj (.const:.string:g_pui8idle)
                  00017d93    00000124     Images.obj (.const:.string:g_pui8Night)
                  00017eb7    00000001     empty_pem4f.oem4f (.const:xdc_runtime_Error_policy__C)
                  00017eb8    00000120     Boot.aem4f : Boot_sysctl.oem4f (.const:g_pppui32XTALtoVCO)
                  00017fd8    00000107     GUIImg.obj (.const:.string:g_pui8arrowRight)
                  000180df    00000101     rtsv7M4_T_le_v4SPD16_eabi.lib : ctype.c.obj (.const:.string:_ctypes_)
                  000181e0    000000f8     Images.obj (.const:.string:g_pui8Day)
                  000182d8    000000dc     empty_pem4f.oem4f (.const:xdc_runtime_Text_nodeTab__A)
                  000183b4    000000c8     grlib.lib : fontcm16.obj (.const:g_sFontCm16)
                  0001847c    000000c8               : fontcm20.obj (.const:g_sFontCm20)
                  00018544    000000c8               : fontcmss12.obj (.const:g_sFontCmss12)
                  0001860c    000000c8               : fontcmss12b.obj (.const:g_sFontCmss12b)
                  000186d4    000000c8               : fontcmss18b.obj (.const:g_sFontCmss18b)
                  0001879c    000000c8               : fontcmss20.obj (.const:g_sFontCmss20)
                  00018864    000000a5     GUIImg.obj (.const:.string:g_pui8arrowLeft)
                  00018909    00000001     --HOLE-- [fill = 0]
                  0001890a    00000002     empty_pem4f.oem4f (.const:ti_catalog_arm_cortexm4_tiva_ce_Boot_Module__id__C)
                  0001890c    00000090     driverlib.lib : gpio.obj (.const:g_pui32GPIOBaseAddrs)
                  0001899c    0000008e     GlobalDraw.obj (.const:.string)
                  00018a2a    00000076     GUIImg.obj (.const:.string:g_pui8backBtn)
                  00018aa0    00000070     driverlib.lib : interrupt.obj (.const)
                  00018b10    0000006c     Boot.aem4f : Boot_sysctl.oem4f (.const:g_pui32Xtals)
                  00018b7c    00000060     MotorLib.lib : motorlib.obj (.const:PWM_config)
                  00018bdc    00000054     drivers_tivaware.aem4f : GPIOTiva.oem4f (.const:.string)
                  00018c30    00000054     MotorLib.lib : motorlib.obj (.const:motorLibPWMTivaHWAttrs)
                  00018c84    0000004c     drivers_tivaware.aem4f : UARTTiva.oem4f (.const)
                  00018cd0    00000048     empty_pem4f.oem4f (.const:.string)
                  00018d18    00000048     drivers_tivaware.aem4f : GPIOTiva.oem4f (.const:gpioBaseAddresses)
                  00018d60    0000003c     empty_pem4f.oem4f (.const:ti_sysbios_knl_Task_Object__PARAMS__C)
                  00018d9c    00000030     EK_TM4C1294XL.obj (.const:I2C_config)
                  00018dcc    00000030     Boot.aem4f : Boot_sysctl.oem4f (.const:g_sXTALtoMEMTIM)
                  00018dfc    00000030     empty_pem4f.oem4f (.const:ti_sysbios_family_arm_m3_Hwi_Object__PARAMS__C)
                  00018e2c    00000030     empty_pem4f.oem4f (.const:xdc_runtime_Startup_sfxnTab__A)
                  00018e5c    00000028     drivers_tivaware.aem4f : UARTTiva.oem4f (.const:UARTTiva_fxnTable)
                  00018e84    00000028     Kentec320x240x16_ssd2119_spi.obj (.const:g_sKentec320x240x16_SSD2119)
                  00018eac    00000028     empty_pem4f.oem4f (.const:ti_sysbios_heaps_HeapMem_Module__FXNS__C)
                  00018ed4    00000028     empty_pem4f.oem4f (.const:ti_sysbios_knl_Swi_Object__PARAMS__C)
                  00018efc    00000024     drivers_tivaware.aem4f : UART.oem4f (.const:UART_defaultParams)
                  00018f20    00000024     EK_TM4C1294XL.obj (.const:i2cTivaHWAttrs)
                  00018f44    00000024     empty_pem4f.oem4f (.const:ti_sysbios_gates_GateHwi_Module__FXNS__C)
                  00018f68    00000024     empty_pem4f.oem4f (.const:ti_sysbios_gates_GateMutexPri_Module__FXNS__C)
                  00018f8c    00000024     empty_pem4f.oem4f (.const:ti_sysbios_gates_GateMutex_Module__FXNS__C)
                  00018fb0    00000024     empty_pem4f.oem4f (.const:ti_sysbios_heaps_HeapMem_Object__PARAMS__C)
                  00018fd4    00000024     empty_pem4f.oem4f (.const:ti_sysbios_knl_Clock_Object__PARAMS__C)
                  00018ff8    00000024     empty_pem4f.oem4f (.const:ti_sysbios_knl_Semaphore_Object__PARAMS__C)
                  0001901c    00000020     drivers_tivaware.aem4f : PWMTimerTiva.oem4f (.const)
                  0001903c    00000020                            : PWMTiva.oem4f (.const)
                  0001905c    00000020     empty_pem4f.oem4f (.const:ti_sysbios_family_arm_m3_Hwi_Object__DESC__C)
                  0001907c    00000020     empty_pem4f.oem4f (.const:ti_sysbios_gates_GateHwi_Object__DESC__C)
                  0001909c    00000020     empty_pem4f.oem4f (.const:ti_sysbios_gates_GateMutexPri_Object__DESC__C)
                  000190bc    00000020     empty_pem4f.oem4f (.const:ti_sysbios_gates_GateMutex_Object__DESC__C)
                  000190dc    00000020     empty_pem4f.oem4f (.const:ti_sysbios_heaps_HeapMem_Object__DESC__C)
                  000190fc    00000020     empty_pem4f.oem4f (.const:ti_sysbios_knl_Clock_Object__DESC__C)
                  0001911c    00000020     empty_pem4f.oem4f (.const:ti_sysbios_knl_Event_Object__DESC__C)
                  0001913c    00000020     empty_pem4f.oem4f (.const:ti_sysbios_knl_Queue_Object__DESC__C)
                  0001915c    00000020     empty_pem4f.oem4f (.const:ti_sysbios_knl_Semaphore_Object__DESC__C)
                  0001917c    00000020     empty_pem4f.oem4f (.const:ti_sysbios_knl_Swi_Object__DESC__C)
                  0001919c    00000020     empty_pem4f.oem4f (.const:ti_sysbios_knl_Task_Object__DESC__C)
                  000191bc    0000001c     drivers_tivaware.aem4f : I2CTiva.oem4f (.const)
                  000191d8    0000001c     touch.obj (.const:g_pi32TouchParameters)
                  000191f4    00000018     EK_TM4C1294XL.obj (.const:UART_config)
[...]
000194d8  ti_sysbios_knl_Task_numConstructedTasks__C                           
000194e0  xdc_runtime_Assert_E_assertFailed__C                                 
000194e4  xdc_runtime_Core_A_initializedParams__C                              
000194e8  xdc_runtime_Core_Module__diagsEnabled__C                             
000194ec  xdc_runtime_Core_Module__diagsIncluded__C                            
000194f0  xdc_runtime_Core_Module__diagsMask__C                                
000194f4  xdc_runtime_Error_E_generic__C                                       
000194f8  xdc_runtime_Error_E_memory__C                                        
000194fc  xdc_runtime_Error_Module__diagsEnabled__C                            
00019500  xdc_runtime_Error_Module__diagsIncluded__C                           
00019504  xdc_runtime_Error_Module__diagsMask__C                               
00019508  xdc_runtime_Error_Module__loggerFxn8__C                              
0001950c  xdc_runtime_Error_Module__loggerObj__C                               
00019510  xdc_runtime_Error_policyFxn__C                                       
00019514  xdc_runtime_Error_raiseHook__C                                       
00019518  xdc_runtime_IGateProvider_Interface__BASE__C                         
0001951c  xdc_runtime_IHeap_Interface__BASE__C                                 
00019520  xdc_runtime_IModule_Interface__BASE__C                               
00019524  xdc_runtime_Log_L_error__C                                           
00019528  xdc_runtime_Memory_defaultHeapInstance__C                            
0001952c  xdc_runtime_Startup_execImpl__C                                      
00019530  xdc_runtime_Startup_lastFxns__A                                      
00019534  xdc_runtime_Startup_maxPasses__C                                     
00019538  xdc_runtime_Startup_sfxnRts__C                                       
0001953c  xdc_runtime_Startup_sfxnTab__C                                       
00019540  xdc_runtime_SysMin_bufSize__C                                        
00019544  xdc_runtime_SysMin_outputFunc__C                                     
00019548  xdc_runtime_System_Module__gateObj__C                                
0001954c  xdc_runtime_System_abortFxn__C                                       
00019550  xdc_runtime_System_exitFxn__C                                        
00019554  xdc_runtime_System_extendFxn__C                                      
00019558  xdc_runtime_System_maxAtexitHandlers__C                              
0001955c  xdc_runtime_Text_charTab__C                                          
00019560  xdc_runtime_Text_nameEmpty__C                                        
00019564  xdc_runtime_Text_nameStatic__C                                       
00019568  xdc_runtime_Text_nameUnknown__C                                      
0001956c  xdc_runtime_Text_nodeTab__C                                          
00019570  xdc_runtime_Text_visitRopeFxn__C                                     
00019574  ti_sysbios_gates_GateMutexPri_Module__id__C                          
00019576  ti_sysbios_gates_GateMutex_Module__id__C                             
00019578  ti_sysbios_hal_Hwi_Module__id__C                                     
0001957a  ti_sysbios_heaps_HeapMem_Module__id__C                               
0001957c  ti_sysbios_knl_Clock_Module__id__C                                   
0001957e  ti_sysbios_knl_Event_Module__id__C                                   
00019580  ti_sysbios_knl_Semaphore_Module__id__C                               
00019582  ti_sysbios_knl_Swi_Module__id__C                                     
00019584  ti_sysbios_knl_Task_Module__id__C                                    
00019586  xdc_runtime_Core_Module__id__C                                       
00019588  xdc_runtime_Error_Module__loggerDefined__C                           
0001958a  xdc_runtime_Error_maxDepth__C                                        
0001958c  xdc_runtime_Main_Module__id__C                                       
0001958e  xdc_runtime_Memory_Module__id__C                                     
00019590  xdc_runtime_SysMin_flushAtExit__C                                    
00019592  xdc_runtime_Text_charCnt__C                                          
00019594  xdc_runtime_Text_isLoaded__C                                         
00019596  xdc_runtime_Text_registryModsLastId__C                               
00019598  xdc_runtime_Text_unnamedModsLastId__C                                
000195a0  __TI_static_base__                                                   
000199d8  __TI_Handler_Table_Base                                              
000199e4  __TI_Handler_Table_Limit                                             
000199f8  __TI_CINIT_Base                                                      
00019a10  __TI_CINIT_Limit                                                     
20000000  __start___llvm_prf_cnts                                              
20000000  __stop___llvm_prf_cnts                                               
20000000  ti_sysbios_family_arm_m3_Hwi_ramVectors                              
20000400  ti_sysbios_heaps_HeapMem_Instance_State_0_buf__A                     
20001400  readAccelStack                                                       
20001c00  readCurrentStack                                                     
20002400  readLightStack                                                       
20002c00  task0Stack                                                           
20003400  taskTouchStack                                                       
20003c00  psDMAControlTable                                                    
20004000  xdc_runtime_SysMin_Module_State_0_outbuf__A                          
20004400  ti_sysbios_family_arm_m3_Hwi_dispatchTable                           
20004760  ti_sysbios_knl_Task_Instance_State_0_stack__A                        
20004960  AccelData                                                            
20004af0  CurrentData                                                          
20004c80  LightData                                                            
20004e10  VelocityData                                                         
20004fa0  i2cTivaObjects                                                       
20005260  __CIOBUF_                                                            
20005380  adcBuffer2                                                           
20005488  bmi160_accel_values                                                  
20005578  uartTivaObjects                                                      
20005644  EstopEvent                                                           
20005648  Sensor_Filtered_Buffer                                               
20005778  readAccelStruct                                                      
200057c8  readCurrentStruct                                                    
20005818  readLightStruct                                                      
20005868  task0Struct                                                          
200058b8  taskTouchStruct                                                      
20005908  motorLibPWMObjects                                                   
20005940  sContext                                                             
2000596c  ScreenGate                                                           
20005970  VelocityBuffer                                                       
20005998  adc_current_values                                                   
200059c0  opt3001_light_values                                                 
200059e8  clk0Struct                                                           
20005a4c  uartTivaRingBuffer                                                   
20005a6c  datetime                                                             
20005a84  gHwiprms                                                             
20005a9c  motorLibPWMTimerObjects                                              
20005ab4  evtStruct                                                            
20005ad8  i2cParams                                                            
20005afc  AccBox                                                               
20005b04  Banner                                                               
20005b0c  BannerB                                                              
20005b14  CurrBox                                                              
20005b1c  Distbox                                                              
20005b24  clearBox                                                             
20005b2c  graphClear                                                           
20005b34  parmbuf                                                              
20005b3c  SwiHandle                                                            
20005b40  g_pi32ParmSet                                                        
20005b48  g_ui32Panel                                                          
20005b4c  gateHwi                                                              
20005b54  i2c                                                                  
20005b58  postedStop                                                           
20005b5c  swiAccelSensorFilterHandle                                           
20005b60  swiCurrentSensorFilterHandle                                         
20005b64  swiLightSensorFilterHandle                                           
20005b68  uart                                                                 
20005b6c  g_i16TouchX                                                          
20005b6e  g_i16TouchY                                                          
20005b70  ti_sysbios_family_arm_lm4_Timer_Object__table__V                     
20005bf0  ti_sysbios_knl_Swi_Module_State_0_readyQ__A                          
20005c70  ti_sysbios_knl_Task_Module_State_0_readyQ__A                         
20005cf0  MotorSpeedSlider                                                     
20005d4c  LightGraph                                                           
20005d4d  AccelGraph                                                           
20005d4e  CurrentGraph                                                         
20005d4f  VelocityGraph                                                        
20005d50  VelocitySecond                                                       
20005d58  bufferpos                                                            
20005d5c  Hall_changed                                                         
20005d60  desired_speed                                                        
20005d68  estop                                                                
20005d70  pwm_current                                                          
20005d78  error_sum                                                            
20005d80  current_speed                                                        
20005d88  current_speed_estop                                                  
20005d90  previous_speed                                                       
20005d98  previous_speed_estop                                                 
20005da0  Stop                                                                 
20005da1  OnSensorPage                                                         
20005da2  OnMotorPage                                                          
20005da4  AccDownBtn                                                           
20005df4  AccUpBtn                                                             
20005e44  CurrentDownBtn                                                       
20005e94  CurrentUpBtn                                                         
20005ee4  DistDownBtn                                                          
20005f34  DistUpBtn                                                            
20005f84  GraphPgBtn                                                           
20005fd4  LightGraphBtn                                                        
20006024  MotorGraphBtn                                                        
20006074  MotorMode                                                            
200060c4  MotorPgBtn                                                           
20006114  PowerGraphBtn                                                        
20006164  SensorPgBtn                                                          
200061b4  TestGraphBtn                                                         
20006204  backGraphBtn                                                         
20006254  backGraphSelectBtn                                                   
200062a4  backMotorBtn                                                         
200062f4  backSensorBtn                                                        
20006344  ti_sysbios_knl_Task_Object__table__V                                 
20006390  ti_sysbios_family_arm_m3_Hwi_Object__table__V                        
200063d8  LightSecond                                                          
200063e0  CurrentSecond                                                        
200063e8  AccelSecond                                                          
200063f0  MaxCurrent                                                           
200063f8  opt3001_filteredValue                                                
20006400  FilteredAccelPos                                                     
20006408  bmi160_filteredValue                                                 
20006410  current_filteredValue                                                
20006418  bufferCurrent                                                        
2000641c  ti_sysbios_knl_Task_Module__state__V                                 
20006460  g_Acceleration                                                       
200064a0  g_MotorStat                                                          
200064e0  g_sCanvas2                                                           
20006520  g_sCanvas3                                                           
20006560  g_scompass                                                           
200065a0  ti_sysbios_family_arm_lm4_Timer_Module_State_0_device__A             
200065e0  ti_sysbios_hal_SecondsClock_Module__state__V                         
2000661c  ti_sysbios_family_arm_m3_Hwi_Module__state__V                        
20006650  ti_sysbios_knl_Swi_Object__table__V                                  
20006680  g_sRoot                                                              
200066ae  ti_sysbios_family_arm_m3_Hwi_Module_State_0_excActive__A             
200066b0  ti_sysbios_knl_Clock_Module__state__V                                
200066dc  ti_sysbios_BIOS_Module__state__V                                     
20006700  ti_sysbios_family_arm_lm4_Timer_Module_State_0_handles__A            
20006720  gpioPinConfigs                                                       
2000673c  ti_sysbios_gates_GateMutex_Object__table__V                          
20006758  ti_sysbios_knl_Swi_Module__state__V                                  
2000678c  ti_sysbios_gates_GateMutexPri_Object__table__V                       
200067a4  ti_sysbios_heaps_HeapMem_Object__table__V                            
200067bc  motorStartStop                                                       
200067bd  HA                                                                   
200067be  HB                                                                   
200067bf  HC                                                                   
200067c0  LowLight                                                             
200067c1  ongraph                                                              
200067c4  currentDirection                                                     
200067c8  CurrentMotorStat                                                     
200067cc  CurrentAcceleration                                                  
200067d0  ti_sysbios_family_arm_lm4_Timer_Module__state__V                     
200067dc  xdc_runtime_SysMin_Module__state__V                                  
200067e8  _lock                                                                
200067ec  _unlock                                                              
200067f0  gpioCallbackFunctions                                                
200067f8  ti_sysbios_family_arm_lm4_TimestampProvider_Module__state__V         
20006800  ti_sysbios_family_arm_m3_Hwi_Module__root__V                         
20006808  ti_sysbios_gates_GateHwi_Module__root__V                             
20006810  ti_sysbios_gates_GateMutexPri_Module__root__V                        
20006818  ti_sysbios_gates_GateMutex_Module__root__V                           
20006820  ti_sysbios_heaps_HeapMem_Module__root__V                             
20006828  ti_sysbios_knl_Clock_Module__root__V                                 
20006830  ti_sysbios_knl_Event_Module__root__V                                 
20006838  ti_sysbios_knl_Queue_Module__root__V                                 
20006840  ti_sysbios_knl_Semaphore_Module__root__V                             
20006848  ti_sysbios_knl_Swi_Module__root__V                                   
20006850  ti_sysbios_knl_Task_Module__root__V                                  
20006858  xdc_runtime_Registry_Module__state__V                                
20006860  xdc_runtime_Startup_Module__state__V                                 
20006868  xdc_runtime_System_Module_State_0_atexitHandlers__A                  
20006870  xdc_runtime_System_Module__state__V                                  
20006878  AccelStop                                                            
2000687a  PowerEstop                                                           
2000687c  EStop                                                                
2000687e  xdc_runtime_Error_Module__state__V                                   
20006888  MaxAccel                                                             
20006898  errno                                                                
2000689c  main_func_sp                                                         
200068a0  ti_sysbios_family_arm_m3_Hwi_Module_State_0_excContext__A            
200068a4  ti_sysbios_family_arm_m3_Hwi_Module_State_0_excStack__A              
200068a8  ti_sysbios_gates_GateHwi_Object__table__V                            
200068ac  ti_sysbios_knl_Task_Module_State_0_idleTask__A                       
200068b0  g_i16TouchMin                                                        
200068b4  xdc_runtime_Memory_Module__state__V                                  
200068b8  __stack                                                              
20006cb8  __STACK_END                                                          
e000e000  ti_sysbios_family_arm_m3_Hwi_nvic                                    
ffffffff  __TI_pprof_out_hndl                                                  
ffffffff  __TI_prof_data_size                                                  
ffffffff  __TI_prof_data_start                                                 
ffffffff  __binit__                                                            
ffffffff  __c_args__                                                           
ffffffff  binit                                                                
UNDEFED   SHT$$INIT_ARRAY$$Base                                                
UNDEFED   SHT$$INIT_ARRAY$$Limit                                               

[1107 symbols]
