******************************************************************************
                  TI ARM Linker PC v20.2.5                     
******************************************************************************
>> Linked Sat May  7 19:43:44 2022

OUTPUT FILE NAME:   <EGH456MotorProject.out>
ENTRY POINT SYMBOL: "_c_int00"  address: 0000b03d


MEMORY CONFIGURATION

         name            origin    length      used     unused   attr    fill
----------------------  --------  ---------  --------  --------  ----  --------
  FLASH                 00000000   00100000  0001a1a8  000e5e58  R  X
  SRAM                  20000000   00040000  00003420  0003cbe0  RW X


SEGMENT ALLOCATION MAP

run origin  load origin   length   init length attrs members
----------  ----------- ---------- ----------- ----- -------
00000000    00000000    0001a1b0   0001a1b0    r-x
  00000000    00000000    0000003c   0000003c    r-- .resetVecs
  00000040    00000040    0000deb2   0000deb2    r-x .text
  0000def4    0000def4    0000bb82   0000bb82    r-- .const
  00019a78    00019a78    00000738   00000738    r-- .cinit
20000000    20000000    00000360   00000000    rw-
  20000000    20000000    00000360   00000000    rw- .vecs
20000400    20000400    000030c0   00000000    rw-
  20000400    20000400    000017e8   00000000    rw- .bss
  20001be8    20001be8    000015d8   00000000    rw- .data
  200031c0    200031c0    00000300   00000000    rw- .stack


SECTION ALLOCATION MAP

 output                                  attributes/
section   page    origin      length       input sections
--------  ----  ----------  ----------   ----------------
.text      0    00000040    0000deb2     
                  00000040    00000a4e     rtsv7M4_T_le_v4SPD16_eabi.lib : _printfi.c.obj (.text:__TI_printfi)
                  00000a8e    00000002                                   : _lock.c.obj (.text:_nop)
                  00000a90    00000438     ustdlib.obj (.text:uvsnprintf)
                  00000ec8    00000430     sysbios.aem4f : BIOS.obj (.text:ti_sysbios_family_arm_m3_Hwi_excDumpRegs__I)
                  000012f8    00000374     grlib.lib : image.obj (.text:InternalImageDraw)
                  0000166c    0000034c     ti.targets.arm.rtsarm.aem4f : System.oem4f (.text:xdc_runtime_System_doPrint__I)
                  000019b8    000002f8     grlib.lib : image.obj (.text:PixelTransparentDraw)
                  00001cb0    000002c6               : slider.obj (.text:SliderPaint)
                  00001f76    00000002     rtsv7M4_T_le_v4SPD16_eabi.lib : div0.asm.obj (.text)
                  00001f78    000002b0     Clock.obj (.text:timeConvert)
                  00002228    000002a4     sysbios.aem4f : BIOS.obj (.text:ti_sysbios_knl_Semaphore_pend__E)
                  000024cc    00000278     frame.obj (.text:FrameDraw)
                  00002744    00000278     empty.obj (.text:OnPrimitivePaint)
                  000029bc    00000270     rtsv7M4_T_le_v4SPD16_eabi.lib : _printfi.c.obj (.text:_pconv_a)
                  00002c2c    00000004     driverlib.lib : i2c.obj (.text:I2CMasterControl)
                  00002c30    0000026c     sysbios.aem4f : BIOS.obj (.text:ti_sysbios_heaps_HeapMem_free__E)
                  00002e9c    00000268     touch.obj (.text:TouchScreenDebouncer)
                  00003104    0000025c     empty.obj (.text:main)
                  00003360    00000254     grlib.lib : string.obj (.text:GrFontGlyphRender)
                  000035b4    00000004     driverlib.lib : i2c.obj (.text:I2CMasterDataGet)
                  000035b8    00000250     sysbios.aem4f : BIOS.obj (.text:ti_sysbios_heaps_HeapMem_alloc__E)
                  00003808    00000234                   : BIOS.obj (.text:ti_sysbios_knl_Task_Instance_finalize__E)
                  00003a3c    00000228     empty.obj (.text:OnIntroPaint)
                  00003c64    00000004     driverlib.lib : i2c.obj (.text:I2CMasterDataPut)
                  00003c68    0000021c     sysbios.aem4f : BIOS.obj (.text:ti_sysbios_family_arm_lm4_Timer_Instance_init__E)
                  00003e84    0000020e     grlib.lib : checkbox.obj (.text:CheckBoxPaint)
                  00004092    00000002     empty_pem4f.oem4f (.text:ti_sysbios_BIOS_nullFunc__I)
                  00004094    0000020c     drivers_tivaware.aem4f : UARTTiva.oem4f (.text:UARTTiva_open)
                  000042a0    00000208     grlib.lib : circle.obj (.text:GrCircleDraw)
                  000044a8    00000204     Boot.aem4f : Boot_sysctl.oem4f (.text:ti_catalog_arm_cortexm4_tiva_ce_Boot_sysCtlClockFreqSetI__I)
                  000046ac    00000004     driverlib.lib : uart.obj (.text:UARTIntClear)
                  000046b0    000001f4     sysbios.aem4f : BIOS.obj (.text:ti_sysbios_family_arm_m3_Hwi_excHandlerMax__I)
                  000048a4    000001e4     Kentec320x240x16_ssd2119_spi.obj (.text:Kentec320x240x16_SSD2119Init)
                  00004a88    000001dc     Kentec320x240x16_ssd2119_spi.obj (.text:Kentec320x240x16_SSD2119PixelDrawMultiple)
                  00004c64    000001d0     rtsv7M4_T_le_v4SPD16_eabi.lib : _printfi.c.obj (.text:_pconv_g)
                  00004e34    00000004     grlib.lib : widget.obj (.text:WidgetDefaultMsgProc)
                  00004e38    000001c8     sysbios.aem4f : BIOS.obj (.text:ti_sysbios_knl_Task_sleep__E)
                  00005000    000001c0                   : BIOS.obj (.text:ti_sysbios_knl_Task_Instance_init__E)
                  000051c0    000001b6     grlib.lib : radiobutton.obj (.text:RadioButtonPaint)
                  00005376    000001b6     rtsv7M4_T_le_v4SPD16_eabi.lib : fd_add_t2.asm.obj (.text)
                  0000552c    000001a4     pinout.obj (.text:PinoutSet)
                  000056d0    00000190     grlib.lib : canvas.obj (.text:CanvasPaint)
                  00005860    0000017e               : pushbutton.obj (.text:RectangularButtonPaint)
                  000059de    00000002     empty_pem4f.oem4f (.text:xdc_runtime_Startup_reset__I)
                  000059e0    00000178     touch.obj (.text:TouchScreenIntHandler)
                  00005b58    00000174     sysbios.aem4f : BIOS.obj (.text:ti_sysbios_family_arm_m3_Hwi_excBusFault__I)
                  00005ccc    0000016e     grlib.lib : pushbutton.obj (.text:CircularButtonPaint)
                  00005e3a    00000006     driverlib.lib : gpio.obj (.text:GPIOIntClear)
                  00005e40    00000164     sysbios.aem4f : BIOS.obj (.text:ti_sysbios_family_arm_m3_Hwi_excUsageFault__I)
                  00005fa4    00000160     empty.obj (.text:heartBeatFxn)
                  00006104    00000154     grlib.lib : container.obj (.text:ContainerPaint)
                  00006258    00000150     drivers_tivaware.aem4f : GPIOTiva.oem4f (.text:GPIO_setConfig)
                  000063a8    00000148     sysbios.aem4f : BIOS.obj (.text:ti_sysbios_family_arm_m3_Hwi_excMemFault__I)
                  000064f0    00000144     grlib.lib : circle.obj (.text:GrCircleFill)
                  00006634    0000013c     rtsv7M4_T_le_v4SPD16_eabi.lib : _printfi.c.obj (.text:_pconv_e)
                  00006770    0000013c     sysbios.aem4f : BIOS.obj (.text:ti_sysbios_heaps_HeapMem_Instance_init__E)
                  000068ac    00000136     rtsv7M4_T_le_v4SPD16_eabi.lib : fd_div_t2.asm.obj (.text)
                  000069e2    00000130     driverlib.lib : gpio.obj (.text:GPIOPadConfigSet)
                  00006b12    00000002     --HOLE-- [fill = 0]
                  00006b14    00000128     empty.obj (.text:OnNext)
                  00006c3c    00000128     empty.obj (.text:OnPrevious)
                  00006d64    00000124     rtsv7M4_T_le_v4SPD16_eabi.lib : _printfi.c.obj (.text:fcvt)
                  00006e88    00000118     ti.targets.arm.rtsarm.aem4f : Error.oem4f (.text:xdc_runtime_Error_policyDefault__E)
                  00006fa0    00000110     rtsv7M4_T_le_v4SPD16_eabi.lib : s_scalbn.c.obj (.text:scalbn)
                  000070b0    0000010c     Kentec320x240x16_ssd2119_spi.obj (.text:Kentec320x240x16_SSD2119RectFill)
                  000071bc    0000010c     touch.obj (.text:TouchScreenInit)
                  000072c8    00000108     sysbios.aem4f : BIOS.obj (.text:ti_sysbios_family_arm_lm4_Timer_start__E)
                  000073d0    00000108                   : BIOS.obj (.text:ti_sysbios_knl_Clock_Instance_init__E)
                  000074d8    00000106     grlib.lib : line.obj (.text:GrLineDraw)
                  000075de    00000002     --HOLE-- [fill = 0]
                  000075e0    00000100     ti.targets.arm.rtsarm.aem4f : Core-mem.oem4f (.text:xdc_runtime_Core_createObject__I)
                  000076e0    000000fc     rtsv7M4_T_le_v4SPD16_eabi.lib : fd_mul_t2.asm.obj (.text)
                  000077dc    000000f8                                   : s_floor.c.obj (.text:floor)
                  000078d4    000000f8     ti.targets.arm.rtsarm.aem4f : Startup.oem4f (.text:xdc_runtime_Startup_startMods__I)
                  000079cc    000000f8     empty_pem4f.oem4f (.text:xdc_runtime_System_printfExtend__I)
                  00007ac4    000000f4     sysbios.aem4f : m3_Hwi_asm.obj (.text:ti_sysbios_family_arm_m3_Hwi_dispatch__I)
                  00007bb8    000000f2     grlib.lib : pushbutton.obj (.text:RectangularButtonClick)
                  00007caa    00000006     driverlib.lib : gpio.obj (.text:GPIOPinRead)
                  00007cb0    000000ec     sysbios.aem4f : BIOS.obj (.text:ti_sysbios_knl_Semaphore_post__E)
                  00007d9c    000000e8     grlib.lib : widget.obj (.text:WidgetMessageQueueAdd)
                  00007e84    000000e0     drivers_tivaware.aem4f : I2CTiva.oem4f (.text:I2CTiva_open)
                  00007f64    000000d6                            : I2CTiva.oem4f (.text:I2CTiva_hwiFxn)
                  0000803a    000000d6     grlib.lib : slider.obj (.text:SliderClick)
                  00008110    000000d4               : pushbutton.obj (.text:CircularButtonClick)
                  000081e4    000000cc     ti.targets.arm.rtsarm.aem4f : Core-smem.oem4f (.text:xdc_runtime_Core_constructObject__I)
                  000082b0    000000c0     grlib.lib : string.obj (.text:GrDefaultStringRenderer)
                  00008370    000000bc     sysbios.aem4f : BIOS.obj (.text:ti_sysbios_family_arm_m3_Hwi_excDebugMon__I)
                  0000842c    00000004     rtsv7M4_T_le_v4SPD16_eabi.lib : exit.c.obj (.text:abort:abort)
                  00008430    000000bc     sysbios.aem4f : BIOS.obj (.text:ti_sysbios_family_arm_m3_Hwi_excHardFault__I)
                  000084ec    000000b8     EK_TM4C1294XL.obj (.text:EK_TM4C1294XL_initGeneral)
                  000085a4    000000b8     grlib.lib : line.obj (.text:GrLineClip)
                  0000865c    000000b8     Kentec320x240x16_ssd2119_spi.obj (.text:InitSPILCDInterface)
                  00008714    000000b4     empty.obj (.text:OnCanvasPaint)
                  000087c8    000000b4     empty.obj (.text:OnRadioChange)
                  0000887c    000000b4     empty.obj (.text:OnSliderChange)
                  00008930    000000b4     grlib.lib : widget.obj (.text:WidgetMessageSendPostOrder)
                  000089e4    00000004     empty_pem4f.oem4f (.text:ti_sysbios_BIOS_RtsGateProxy_enter__E)
                  000089e8    000000b4     sysbios.aem4f : BIOS.obj (.text:ti_sysbios_gates_GateMutex_enter__E)
                  00008a9c    00000004     empty_pem4f.oem4f (.text:ti_sysbios_BIOS_RtsGateProxy_leave__E)
                  00008aa0    000000b4     sysbios.aem4f : BIOS.obj (.text:ti_sysbios_knl_Task_checkStacks__E)
                  00008b54    000000b1     rtsv7M4_T_le_v4SPD16_eabi.lib : _printfi.c.obj (.text:_ltostr)
                  00008c05    00000001     --HOLE-- [fill = 0]
                  00008c06    000000b0     grlib.lib : slider.obj (.text:SliderValueToPosition)
                  00008cb6    000000ac     drivers_tivaware.aem4f : UARTTiva.oem4f (.text:readTaskBlocking)
                  00008d62    00000006     driverlib.lib : gpio.obj (.text:GPIOPinWrite)
                  00008d68    000000ac     sysbios.aem4f : BIOS.obj (.text:ti_sysbios_family_arm_lm4_Timer_enableTiva__I)
                  00008e14    00000004                   : BIOS.obj (.text:ti_sysbios_family_arm_lm4_Timer_masterEnable__I)
                  00008e18    000000a4                   : BIOS.obj (.text:ti_sysbios_knl_Clock_Instance_finalize__E)
                  00008ebc    000000a0     auto_init.aem4f : auto_init.oem4f (.text)
                  00008f5c    000000a0     ti.targets.arm.rtsarm.aem4f : Text.oem4f (.text:xdc_runtime_Text_putMod__E)
                  00008ffc    0000009c     empty.obj (.text:OnButtonPress)
                  00009098    0000009c     rtsv7M4_T_le_v4SPD16_eabi.lib : memcpy_t2.asm.obj (.text)
                  00009134    00000004     empty_pem4f.oem4f (.text:ti_sysbios_family_arm_m3_Hwi_delete)
                  00009138    0000009c     sysbios.aem4f : BIOS.obj (.text:ti_sysbios_knl_Semaphore_Instance_init__E)
                  000091d4    0000009a     ti.targets.arm.rtsarm.aem4f : Text.oem4f (.text:xdc_runtime_Text_putSite__E)
                  0000926e    00000098     drivers_tivaware.aem4f : UARTTiva.oem4f (.text:UARTTiva_readPolling)
                  00009306    00000002     --HOLE-- [fill = 0]
                  00009308    00000098     Boot.aem4f : Boot.oem4f (.text:ti_catalog_arm_cortexm4_tiva_ce_Boot_sysCtlClockFreqSet__E)
                  000093a0    00000096     rtsv7M4_T_le_v4SPD16_eabi.lib : ull_div_t2.asm.obj (.text)
                  00009436    00000094     drivers_tivaware.aem4f : UARTTiva.oem4f (.text:UARTTiva_write)
                  000094ca    00000006     grlib.lib : string.obj (.text:GrContextFontSet)
                  000094d0    00000094     sysbios.aem4f : BIOS.obj (.text:ti_sysbios_family_arm_m3_Hwi_Instance_init__E)
                  00009564    00000004     empty_pem4f.oem4f (.text:ti_sysbios_family_arm_m3_Hwi_destruct)
                  00009568    00000094     sysbios.aem4f : BIOS.obj (.text:ti_sysbios_family_arm_m3_Hwi_initNVIC__E)
                  000095fc    00000004     empty_pem4f.oem4f (.text:ti_sysbios_family_arm_m3_TaskSupport_Module__startupDone__S)
                  00009600    00000094     sysbios.aem4f : BIOS.obj (.text:ti_sysbios_knl_Task_postInit__I)
                  00009694    00000090     grlib.lib : radiobutton.obj (.text:RadioButtonClick)
                  00009724    0000008c     drivers_tivaware.aem4f : GPIOTiva.oem4f (.text:GPIO_init)
                  000097b0    0000008c                            : UARTTiva.oem4f (.text:UARTTiva_control)
                  0000983c    0000008c     sysbios.aem4f : m3_TaskSupport_asm.obj (.text:ti_sysbios_family_arm_m3_TaskSupport_buildTaskStack)
                  000098c8    0000008c                   : BIOS.obj (.text:ti_sysbios_hal_SecondsClock_Module_startup__E)
                  00009954    0000008a     drivers_tivaware.aem4f : UARTTiva.oem4f (.text:readIsrTextBlocking)
                  000099de    00000086     grlib.lib : rectangle.obj (.text:GrRectFill)
                  00009a64    00000086     rtsv7M4_T_le_v4SPD16_eabi.lib : fd_cmp_t2.asm.obj (.text:__aeabi_cdcmple)
                  00009aea    00000086                                   : fd_cmp_t2.asm.obj (.text:__aeabi_cdrcmple)
                  00009b70    00000084     sysbios.aem4f : BIOS.obj (.text:ti_sysbios_family_arm_m3_Hwi_postInit__I)
                  00009bf4    00000082     drivers_tivaware.aem4f : UARTTiva.oem4f (.text:readIsrTextCallback)
                  00009c76    00000080     grlib.lib : rectangle.obj (.text:GrRectIntersectGet)
                  00009cf6    00000002     --HOLE-- [fill = 0]
                  00009cf8    00000080     empty.obj (.text:OnCheckChange)
                  00009d78    0000007e     drivers_tivaware.aem4f : I2CTiva.oem4f (.text:I2CTiva_transfer)
                  00009df6    00000002     --HOLE-- [fill = 0]
                  00009df8    0000007c     sysbios.aem4f : BIOS.obj (.text:ti_sysbios_family_arm_lm4_Timer_disableTiva__I)
                  00009e74    0000007a     driverlib.lib : adc.obj (.text:ADCSequenceStepConfigure)
                  00009eee    0000007a     drivers_tivaware.aem4f : UARTTiva.oem4f (.text:readTaskCallback)
                  00009f68    0000007a     rtsv7M4_T_le_v4SPD16_eabi.lib : memset_t2.asm.obj (.text)
                  00009fe2    00000006     driverlib.lib : i2c.obj (.text:I2CMasterIntDisable)
                  00009fe8    00000074     sysbios.aem4f : BIOS.obj (.text:ti_sysbios_knl_Clock_start__E)
                  0000a05c    00000004     empty_pem4f.oem4f (.text:ti_sysbios_hal_Timer_TimerProxy_delete)
                  0000a060    00000070     sysbios.aem4f : BIOS.obj (.text:ti_sysbios_knl_Clock_workFunc__E)
                  0000a0d0    00000070                   : BIOS.obj (.text:ti_sysbios_knl_Task_exit__E)
                  0000a140    0000006e     rtsv7M4_T_le_v4SPD16_eabi.lib : _printfi.c.obj (.text:_mcpy)
                  0000a1ae    00000002     --HOLE-- [fill = 0]
                  0000a1b0    0000006d     ti.targets.arm.rtsarm.aem4f : System.oem4f (.text:xdc_runtime_System_formatNum__I)
                  0000a21d    00000003     --HOLE-- [fill = 0]
                  0000a220    0000006c     empty_pem4f.oem4f (.text:ti_sysbios_family_arm_lm4_Timer_Object__create__S)
                  0000a28c    00000004     empty_pem4f.oem4f (.text:ti_sysbios_heaps_HeapMem_Module_GateProxy_enter__E)
                  0000a290    0000006c     sysbios.aem4f : BIOS.obj (.text:ti_sysbios_knl_Swi_restoreHwi__E)
                  0000a2fc    0000006c     drivers_tivaware.aem4f : UARTTiva.oem4f (.text:writeData)
                  0000a368    0000006c     ti.targets.arm.rtsarm.aem4f : Error.oem4f (.text:xdc_runtime_Error_print__E)
                  0000a3d4    0000006c                                 : Memory.oem4f (.text:xdc_runtime_Memory_alloc__E)
                  0000a440    00000068     EK_TM4C1294XL.obj (.text:EK_TM4C1294XL_initI2C)
                  0000a4a8    00000068     grlib.lib : context.obj (.text:GrContextInit)
                  0000a510    00000068               : string.obj (.text:GrStringWidthGet)
                  0000a578    00000068     driverlib.lib : interrupt.obj (.text:IntEnable)
                  0000a5e0    00000068     Kentec320x240x16_ssd2119_spi.obj (.text:Kentec320x240x16_SSD2119LineDrawH)
                  0000a648    00000068     Kentec320x240x16_ssd2119_spi.obj (.text:Kentec320x240x16_SSD2119LineDrawV)
                  0000a6b0    00000068     rtsv7M4_T_le_v4SPD16_eabi.lib : copy_decompress_lzss.c.obj (.text:decompress:lzss:__TI_decompress_lzss)
                  0000a718    00000066     grlib.lib : context.obj (.text:GrContextClipRegionSet)
                  0000a77e    00000066               : rectangle.obj (.text:GrRectDraw)
                  0000a7e4    00000066     ti.targets.arm.rtsarm.aem4f : Core-mem.oem4f (.text:xdc_runtime_Core_deleteObject__I)
                  0000a84a    00000002     --HOLE-- [fill = 0]
                  0000a84c    00000064     drivers_tivaware.aem4f : GPIOTiva.oem4f (.text:GPIO_hwiIntFxn)
                  0000a8b0    00000064     grlib.lib : widget.obj (.text:WidgetMessageQueueProcess)
                  0000a914    00000064     rtsv7M4_T_le_v4SPD16_eabi.lib : s_frexp.c.obj (.text:frexp)
                  0000a978    00000064     sysbios.aem4f : BIOS.obj (.text:ti_sysbios_family_arm_lm4_Timer_Module_startup__E)
                  0000a9dc    00000064     empty_pem4f.oem4f (.text:ti_sysbios_family_arm_m3_Hwi_create)
                  0000aa40    00000064     sysbios.aem4f : BIOS.obj (.text:ti_sysbios_family_arm_m3_Hwi_dispatchC__I)
                  0000aaa4    00000064     empty_pem4f.oem4f (.text:ti_sysbios_hal_Timer_create)
                  0000ab08    00000064     Clock.obj (.text:timer1sec)
                  0000ab6c    00000062     drivers_tivaware.aem4f : I2CTiva.oem4f (.text:I2CTiva_primeTransfer)
                  0000abce    00000002     --HOLE-- [fill = 0]
                  0000abd0    00000060     driverlib.lib : timer.obj (.text:TimerConfigure)
                  0000ac30    00000060     Kentec320x240x16_ssd2119_spi.obj (.text:WriteDataSPI)
                  0000ac90    00000060     sysbios.aem4f : BIOS.obj (.text:ti_sysbios_knl_Task_schedule__I)
                  0000acf0    0000005e     grlib.lib : widget.obj (.text:WidgetMessageSendPreOrder)
                  0000ad4e    0000005e     drivers_tivaware.aem4f : UARTTiva.oem4f (.text:readIsrBinaryBlocking)
                  0000adac    0000005c     Kentec320x240x16_ssd2119_spi.obj (.text:WriteCommandSPI)
                  0000ae08    0000005c     sysbios.aem4f : BIOS.obj (.text:ti_sysbios_knl_Swi_run__I)
                  0000ae64    00000004     empty_pem4f.oem4f (.text:ti_sysbios_heaps_HeapMem_Module_GateProxy_leave__E)
                  0000ae68    0000005c     sysbios.aem4f : BIOS.obj (.text:ti_sysbios_knl_Swi_schedule__I)
                  0000aec4    00000004     empty_pem4f.oem4f (.text:ti_sysbios_knl_Clock_TimerProxy_getFreq__E)
                  0000aec8    0000005c     sysbios.aem4f : BIOS.obj (.text:ti_sysbios_knl_Task_Module_startup__E)
                  0000af24    00000004     empty_pem4f.oem4f (.text:ti_sysbios_knl_Clock_TimerProxy_getMaxTicks__E)
                  0000af28    0000005c     sysbios.aem4f : BIOS.obj (.text:ti_sysbios_knl_Task_startCore__E)
                  0000af84    0000005b     ti.targets.arm.rtsarm.aem4f : Text.oem4f (.text:xdc_runtime_Text_putLab__E)
                  0000afdf    00000001     --HOLE-- [fill = 0]
                  0000afe0    0000005a     grlib.lib : string.obj (.text:FontWideGlyphDataGet)
                  0000b03a    00000002     --HOLE-- [fill = 0]
                  0000b03c    00000058     boot.aem4f : boot.oem4f (.text)
                  0000b094    00000058     rtsv7M4_T_le_v4SPD16_eabi.lib : hostwrite.c.obj (.text:HOSTwrite)
                  0000b0ec    00000058     grlib.lib : slider.obj (.text:SliderPositionToValue)
                  0000b144    00000058     driverlib.lib : timer.obj (.text:TimerControlTrigger)
                  0000b19c    00000004     empty_pem4f.oem4f (.text:ti_sysbios_knl_Clock_TimerProxy_getPeriod__E)
                  0000b1a0    00000058     sysbios.aem4f : BIOS.obj (.text:ti_sysbios_family_arm_lm4_Timer_Instance_finalize__E)
                  0000b1f8    00000058     empty_pem4f.oem4f (.text:ti_sysbios_family_arm_m3_Hwi_construct)
                  0000b250    00000058     sysbios.aem4f : m3_Hwi_asm_switch.obj (.text:ti_sysbios_family_arm_m3_Hwi_initStacks__E)
                  0000b2a8    00000058     ustdlib.obj (.text:ustrncpy)
                  0000b300    00000056     driverlib.lib : gpio.obj (.text:GPIOIntTypeSet)
                  0000b356    00000056     rtsv7M4_T_le_v4SPD16_eabi.lib : _printfi.c.obj (.text:_pconv_f)
                  0000b3ac    00000054                                   : _ltoa.c.obj (.text:__TI_ltoa)
                  0000b400    00000054     drivers_tivaware.aem4f : UARTTiva.oem4f (.text:readIsrBinaryCallback)
                  0000b454    00000004     empty_pem4f.oem4f (.text:ti_sysbios_knl_Clock_destruct)
                  0000b458    00000054     sysbios.aem4f : BIOS.obj (.text:ti_sysbios_family_arm_lm4_Timer_initDevice__I)
                  0000b4ac    00000054     empty_pem4f.oem4f (.text:ti_sysbios_knl_Task_construct)
                  0000b500    00000054     ti.targets.arm.rtsarm.aem4f : Assert.oem4f (.text:xdc_runtime_Assert_raise__I)
                  0000b554    00000052     rtsv7M4_T_le_v4SPD16_eabi.lib : _printfi.c.obj (.text:_ecpy)
                  0000b5a6    00000050     grlib.lib : checkbox.obj (.text:CheckBoxClick)
                  0000b5f6    00000002     --HOLE-- [fill = 0]
                  0000b5f8    00000050     drivers_tivaware.aem4f : GPIOTiva.oem4f (.text:GPIO_setCallback)
                  0000b648    00000050                            : GPIOTiva.oem4f (.text:GPIO_toggle)
                  0000b698    00000050                            : GPIOTiva.oem4f (.text:GPIO_write)
                  0000b6e8    00000050                            : UARTTiva.oem4f (.text:UARTTiva_writeCancel)
                  0000b738    00000050     Boot.aem4f : Boot_sysctl.oem4f (.text:_SysCtlFrequencyGet)
                  0000b788    00000050     sysbios.aem4f : BIOS.obj (.text:ti_sysbios_family_arm_m3_Hwi_Module_startup__E)
                  0000b7d8    00000050     ti.targets.arm.rtsarm.aem4f : Startup.oem4f (.text:xdc_runtime_Startup_exec__E)
                  0000b828    00000050                                 : Text.oem4f (.text:xdc_runtime_Text_visitRope2__I)
                  0000b878    0000004c     drivers_tivaware.aem4f : UARTTiva.oem4f (.text:UARTTiva_close)
                  0000b8c4    0000004c     grlib.lib : widget.obj (.text:WidgetRemove)
                  0000b910    0000004c     rtsv7M4_T_le_v4SPD16_eabi.lib : atoi.c.obj (.text:atoi)
                  0000b95c    0000004c                                   : cpy_tbl.c.obj (.text:copy_in)
                  0000b9a8    0000004c     sysbios.aem4f : BIOS.obj (.text:ti_sysbios_heaps_HeapMem_getStats__E)
                  0000b9f4    00000004     empty_pem4f.oem4f (.text:ti_sysbios_knl_Queue_destruct)
                  0000b9f8    0000004c     sysbios.aem4f : BIOS.obj (.text:ti_sysbios_knl_Swi_runLoop__I)
                  0000ba44    00000004     empty_pem4f.oem4f (.text:ti_sysbios_knl_Semaphore_destruct)
                  0000ba48    0000004c     sysbios.aem4f : BIOS.obj (.text:ti_sysbios_knl_Task_allBlockedFunction__I)
                  0000ba94    0000004a     grlib.lib : string.obj (.text:UpdateContextCharMapping)
                  0000bade    00000002     --HOLE-- [fill = 0]
                  0000bae0    00000048     driverlib.lib : gpio.obj (.text:GPIOPinConfigure)
                  0000bb28    00000048                   : i2c.obj (.text:I2CMasterInitExpClk)
                  0000bb70    00000048     rtsv7M4_T_le_v4SPD16_eabi.lib : fd_toi_t2.asm.obj (.text)
                  0000bbb8    00000048     sysbios.aem4f : BIOS.obj (.text:ti_sysbios_family_arm_lm4_Timer_enableTimers__I)
                  0000bc00    00000048                   : BIOS.obj (.text:ti_sysbios_family_arm_m3_Hwi_disableInterrupt__E)
                  0000bc48    00000048                   : BIOS.obj (.text:ti_sysbios_family_arm_m3_Hwi_enableInterrupt__E)
                  0000bc90    00000048                   : BIOS.obj (.text:ti_sysbios_family_arm_m3_Hwi_excReserved__I)
                  0000bcd8    00000048                   : BIOS.obj (.text:ti_sysbios_hal_SecondsClock_increment__I)
                  0000bd20    00000046     grlib.lib : line.obj (.text:GrLineDrawH)
                  0000bd66    00000046               : line.obj (.text:GrLineDrawV)
                  0000bdac    00000046     Kentec320x240x16_ssd2119_spi.obj (.text:Kentec320x240x16_SSD2119PixelDraw)
                  0000bdf2    00000046     drivers_tivaware.aem4f : RingBuf.oem4f (.text:RingBuf_put)
                  0000be38    00000046     UARTLocal.obj (.text:initUART)
                  0000be7e    00000046     ti.targets.arm.rtsarm.aem4f : Core-params.oem4f (.text:xdc_runtime_Core_assignParams__I)
                  0000bec4    00000004                                 : Error.oem4f (.text:xdc_runtime_Error_getSite__E)
                  0000bec8    00000044     sysbios.aem4f : BIOS.obj (.text:ti_sysbios_family_arm_lm4_Timer_isrStub__E)
                  0000bf0c    00000004     empty_pem4f.oem4f (.text:xdc_runtime_System_Module_GateProxy_enter__E)
                  0000bf10    00000044     sysbios.aem4f : BIOS.obj (.text:ti_sysbios_family_arm_m3_Hwi_getStackInfo__E)
                  0000bf54    00000004     empty_pem4f.oem4f (.text:xdc_runtime_System_Module_GateProxy_leave__E)
                  0000bf58    00000044     sysbios.aem4f : BIOS.obj (.text:ti_sysbios_knl_Swi_post__E)
                  0000bf9c    00000044     ti.targets.arm.rtsarm.aem4f : Error.oem4f (.text:xdc_runtime_Error_setX__E)
                  0000bfe0    00000044                                 : SysMin.oem4f (.text:xdc_runtime_SysMin_flush__E)
                  0000c024    00000044                                 : Text.oem4f (.text:xdc_runtime_Text_xprintf__I)
                  0000c068    00000042     driverlib.lib : uart.obj (.text:UARTConfigSetExpClk)
                  0000c0aa    00000042     drivers_tivaware.aem4f : UARTTiva.oem4f (.text:UARTTiva_hwiIntFxn)
                  0000c0ec    00000042                            : UARTTiva.oem4f (.text:UARTTiva_writePolling)
                  0000c12e    00000040                            : RingBuf.oem4f (.text:RingBuf_get)
                  0000c16e    00000040                            : UARTTiva.oem4f (.text:UARTTiva_read)
                  0000c1ae    00000040     rtsv7M4_T_le_v4SPD16_eabi.lib : u_divt2.asm.obj (.text)
                  0000c1ee    00000002     --HOLE-- [fill = 0]
                  0000c1f0    00000040                                   : sprintf.c.obj (.text:sprintf)
                  0000c230    00000040     sysbios.aem4f : BIOS.obj (.text:ti_sysbios_family_arm_lm4_Timer_startup__E)
                  0000c270    00000040                   : BIOS.obj (.text:ti_sysbios_hal_SecondsClock_getTime__E)
                  0000c2b0    0000003e     driverlib.lib : adc.obj (.text:ADCSequenceConfigure)
                  0000c2ee    0000003e     rtsv7M4_T_le_v4SPD16_eabi.lib : _printfi.c.obj (.text:_fcpy)
                  0000c32c    0000003c     driverlib.lib : ssi.obj (.text:SSIConfigSetExpClk)
                  0000c368    0000003c     sysbios.aem4f : BIOS.obj (.text:ti_sysbios_family_arm_m3_Hwi_excSvCall__I)
                  0000c3a4    00000004     ti.targets.arm.rtsarm.aem4f : System.oem4f (.text:xdc_runtime_System_aprintf_va__F)
                  0000c3a8    0000003c     sysbios.aem4f : BIOS.obj (.text:ti_sysbios_heaps_HeapMem_init__I)
                  0000c3e4    00000004     ti.targets.arm.rtsarm.aem4f : System.oem4f (.text:xdc_runtime_System_printf_va__F)
                  0000c3e8    0000003c     sysbios.aem4f : BIOS.obj (.text:ti_sysbios_knl_Swi_restore__E)
                  0000c424    0000003a     grlib.lib : string.obj (.text:FontGlyphDataGet)
                  0000c45e    0000003a     drivers_tivaware.aem4f : I2CTiva.oem4f (.text:I2CTiva_completeTransfer)
                  0000c498    00000038     grlib.lib : rectangle.obj (.text:GrRectOverlapCheck)
                  0000c4d0    00000038     drivers_tivaware.aem4f : I2C.oem4f (.text:I2C_init)
                  0000c508    00000038                            : UART.oem4f (.text:UART_init)
                  0000c540    00000038     rtsv7M4_T_le_v4SPD16_eabi.lib : trgmsg.c.obj (.text:__TI_writemsg)
                  0000c578    00000038     sysbios.aem4f : BIOS.obj (.text:ti_sysbios_family_arm_m3_Hwi_excNoIsr__I)
                  0000c5b0    00000038                   : BIOS.obj (.text:ti_sysbios_knl_Task_processVitalTaskFlag__I)
                  0000c5e8    00000038     ti.targets.arm.rtsarm.aem4f : SysMin.oem4f (.text:xdc_runtime_SysMin_putch__E)
                  0000c620    00000038                                 : System.oem4f (.text:xdc_runtime_System_atexit__E)
                  0000c658    00000036     grlib.lib : line.obj (.text:GrClipCodeGet)
                  0000c68e    00000036     drivers_tivaware.aem4f : I2CTiva.oem4f (.text:I2CTiva_close)
                  0000c6c4    00000036                            : UARTTiva.oem4f (.text:UARTTiva_readCancel)
                  0000c6fa    00000002     --HOLE-- [fill = 0]
                  0000c6fc    00000034     driverlib.lib : sysctl.obj (.text:SysCtlPeripheralEnable)
                  0000c730    00000034     rtsv7M4_T_le_v4SPD16_eabi.lib : trgmsg.c.obj (.text:__TI_readmsg)
                  0000c764    00000004     --HOLE-- [fill = 0]
                  0000c768    00000034     sysbios.aem4f : BIOS.obj (.text:ti_sysbios_family_arm_lm4_Timer_setPeriodMicroSecs__E)
                  0000c79c    00000004     --HOLE-- [fill = 0]
                  0000c7a0    00000034                   : BIOS.obj (.text:ti_sysbios_family_arm_m3_Hwi_Instance_finalize__E)
                  0000c7d4    00000004     --HOLE-- [fill = 0]
                  0000c7d8    00000034                   : BIOS.obj (.text:ti_sysbios_family_arm_m3_Hwi_excNmi__I)
                  0000c80c    00000004     --HOLE-- [fill = 0]
                  0000c810    00000034                   : BIOS.obj (.text:ti_sysbios_hal_Hwi_checkStack)
                  0000c844    00000034     empty_pem4f.oem4f (.text:ti_sysbios_knl_Clock_construct)
                  0000c878    00000034     ti.targets.arm.rtsarm.aem4f : Core-label.oem4f (.text:xdc_runtime_Core_assignLabel__I)
                  0000c8ac    00000033                                 : Text.oem4f (.text:xdc_runtime_Text_printVisFxn__I)
                  0000c8df    00000001     --HOLE-- [fill = 0]
                  0000c8e0    00000032     sysbios.aem4f : BIOS.obj (.text:ti_sysbios_hal_Hwi_initStack)
                  0000c912    00000032     ustdlib.obj (.text:usprintf)
                  0000c944    00000030     drivers_tivaware.aem4f : UART.oem4f (.text:UART_open)
                  0000c974    00000030     empty_pem4f.oem4f (.text:ti_sysbios_BIOS_atExitFunc__I)
                  0000c9a4    00000004     --HOLE-- [fill = 0]
                  0000c9a8    00000030     sysbios.aem4f : BIOS.obj (.text:ti_sysbios_family_arm_lm4_Timer_stop__E)
                  0000c9d8    00000030                   : BIOS.obj (.text:ti_sysbios_family_arm_m3_TaskSupport_start__E)
                  0000ca08    00000030     empty_pem4f.oem4f (.text:ti_sysbios_gates_GateHwi_Object__create__S)
                  0000ca38    00000030     empty_pem4f.oem4f (.text:ti_sysbios_gates_GateMutex_Object__create__S)
                  0000ca68    00000030     empty_pem4f.oem4f (.text:ti_sysbios_heaps_HeapMem_Object__create__S)
                  0000ca98    00000030     empty_pem4f.oem4f (.text:ti_sysbios_knl_Semaphore_construct)
                  0000cac8    00000030     sysbios.aem4f : BIOS.obj (.text:ti_sysbios_knl_Semaphore_pendTimeout__I)
                  0000caf8    00000030                   : BIOS.obj (.text:ti_sysbios_knl_Task_unblockI__E)
                  0000cb28    00000030     ti.targets.arm.rtsarm.aem4f : SysMin.oem4f (.text:xdc_runtime_SysMin_abort__E)
                  0000cb58    00000030                                 : System.oem4f (.text:xdc_runtime_System_processAtExit__E)
                  0000cb88    0000002e     grlib.lib : checkbox.obj (.text:CheckBoxMsgProc)
                  0000cbb6    0000002e               : string.obj (.text:GrStringNextCharGet)
                  0000cbe4    0000002e               : radiobutton.obj (.text:RadioButtonMsgProc)
                  0000cc12    0000002e     rtsv7M4_T_le_v4SPD16_eabi.lib : i_tofd_t2.asm.obj (.text)
                  0000cc40    0000002c     grlib.lib : pushbutton.obj (.text:CircularButtonMsgProc)
                  0000cc6c    0000002c     EK_TM4C1294XL.obj (.text:EK_TM4C1294XL_initUART)
                  0000cc98    0000002c     grlib.lib : string.obj (.text:GrFontBaselineGet)
                  0000ccc4    0000002c               : string.obj (.text:GrFontHeightGet)
                  0000ccf0    0000002c               : pushbutton.obj (.text:RectangularButtonMsgProc)
                  0000cd1c    0000002c               : slider.obj (.text:SliderMsgProc)
                  0000cd48    0000002c               : widget.obj (.text:WidgetIsInTree)
                  0000cd74    0000002c     empty_pem4f.oem4f (.text:ti_sysbios_knl_Clock_doTick__I)
                  0000cda0    0000002c     empty_pem4f.oem4f (.text:ti_sysbios_knl_Queue_construct)
                  0000cdcc    00000004     --HOLE-- [fill = 0]
                  0000cdd0    0000002c     sysbios.aem4f : BIOS.obj (.text:ti_sysbios_knl_Task_restore__E)
                  0000cdfc    0000002c     ti.targets.arm.rtsarm.aem4f : Text.oem4f (.text:xdc_runtime_Text_cordText__E)
                  0000ce28    0000002a     driverlib.lib : gpio.obj (.text:GPIODirModeSet)
                  0000ce52    0000002a     ti.targets.arm.rtsarm.aem4f : System.oem4f (.text:xdc_runtime_System_putchar__I)
                  0000ce7c    00000028     empty.obj (.text:HAF)
                  0000cea4    00000028     empty.obj (.text:HBF)
                  0000cecc    00000028     empty.obj (.text:HCF)
                  0000cef4    00000028     Kentec320x240x16_ssd2119_spi.obj (.text:Kentec320x240x16_SSD2119ColorTranslate)
                  0000cf1c    00000004     --HOLE-- [fill = 0]
                  0000cf20    00000028     sysbios.aem4f : BIOS.obj (.text:ti_sysbios_hal_Timer_Instance_init__E)
                  0000cf48    00000028                   : BIOS.obj (.text:ti_sysbios_knl_Clock_addI__E)
                  0000cf70    00000028                   : BIOS.obj (.text:ti_sysbios_knl_Swi_Module_startup__E)
                  0000cf98    00000026     grlib.lib : string.obj (.text:GrFontInfoGet)
                  0000cfbe    00000026     sysbios.aem4f : m3_Hwi_asm.obj (.text:ti_sysbios_family_arm_m3_Hwi_pendSV__I)
                  0000cfe4    00000026     ti.targets.arm.rtsarm.aem4f : System.oem4f (.text:xdc_runtime_System_avprintf__E)
                  0000d00a    00000002     --HOLE-- [fill = 0]
                  0000d00c    00000024     empty_pem4f.oem4f (.text:ti_sysbios_BIOS_errorRaiseHook__I)
                  0000d030    00000024     empty_pem4f.oem4f (.text:ti_sysbios_BIOS_registerRTSLock__I)
                  0000d054    00000024     empty_pem4f.oem4f (.text:ti_sysbios_BIOS_removeRTSLock__I)
                  0000d078    00000024     empty_pem4f.oem4f (.text:ti_sysbios_BIOS_startFunc__I)
                  0000d09c    00000024     empty_pem4f.oem4f (.text:ti_sysbios_gates_GateMutex_Object__delete__S)
                  0000d0c0    00000024     sysbios.aem4f : BIOS.obj (.text:ti_sysbios_knl_Clock_Module_startup__E)
                  0000d0e4    00000004     --HOLE-- [fill = 0]
                  0000d0e8    00000024                   : BIOS.obj (.text:ti_sysbios_knl_Task_restoreHwi__E)
                  0000d10c    00000024     ti.targets.arm.rtsarm.aem4f : System.oem4f (.text:xdc_runtime_System_vprintf__E)
                  0000d130    00000022     grlib.lib : string.obj (.text:GrFontGlyphDataGet)
                  0000d152    00000006     driverlib.lib : i2c.obj (.text:I2CMasterIntEnable)
                  0000d158    00000022     sysbios.aem4f : BIOS.obj (.text:ti_sysbios_family_arm_lm4_Timer_write__I)
                  0000d17a    00000022     empty_pem4f.oem4f (.text:xdc_runtime_SysMin_output__I)
                  0000d19c    00000020     Boot.aem4f : Boot_sysctl.oem4f (.text:_SysCtlMemTimingGet)
                  0000d1bc    00000020     rtsv7M4_T_le_v4SPD16_eabi.lib : u_tofd_t2.asm.obj (.text)
                  0000d1dc    00000020     empty_pem4f.oem4f (.text:ti_sysbios_BIOS_rtsLock__I)
                  0000d1fc    00000020     empty_pem4f.oem4f (.text:ti_sysbios_family_arm_lm4_Timer_Object__delete__S)
                  0000d21c    00000004     --HOLE-- [fill = 0]
                  0000d220    00000020     sysbios.aem4f : BIOS.obj (.text:ti_sysbios_family_arm_lm4_Timer_getFreq__E)
                  0000d240    00000020     empty_pem4f.oem4f (.text:ti_sysbios_family_arm_m3_Hwi_Object__delete__S)
                  0000d260    00000020     sysbios.aem4f : m3_Hwi_asm.obj (.text:ti_sysbios_family_arm_m3_Hwi_excHandlerAsm__I)
                  0000d280    00000020                   : BIOS.obj (.text:ti_sysbios_family_arm_m3_Hwi_excHandler__I)
                  0000d2a0    00000020     empty_pem4f.oem4f (.text:ti_sysbios_gates_GateHwi_Object__delete__S)
                  0000d2c0    00000020     empty_pem4f.oem4f (.text:ti_sysbios_heaps_HeapMem_Object__delete__S)
                  0000d2e0    00000020     empty_pem4f.oem4f (.text:ti_sysbios_knl_Clock_Object__destruct__S)
                  0000d300    00000020     sysbios.aem4f : BIOS.obj (.text:ti_sysbios_knl_Idle_run__E)
                  0000d320    00000020     empty_pem4f.oem4f (.text:ti_sysbios_knl_Semaphore_Object__destruct__S)
                  0000d340    00000020     ti.targets.arm.rtsarm.aem4f : Registry.oem4f (.text:xdc_runtime_Registry_findById__E)
                  0000d360    00000020                                 : SysMin.oem4f (.text:xdc_runtime_SysMin_Module_startup__E)
                  0000d380    0000001e     grlib.lib : string.obj (.text:GrFontCodepageGet)
                  0000d39e    0000001e               : widget.obj (.text:WidgetAdd)
                  0000d3bc    0000001e     sysbios.aem4f : m3_Hwi_asm_switch.obj (.text:ti_sysbios_family_xxx_Hwi_switchAndRunFunc)
                  0000d3da    0000001e     Clock.obj (.text:updatetime)
                  0000d3f8    0000001c     driverlib.lib : uart.obj (.text:UARTDisable)
                  0000d414    0000001c     grlib.lib : widget.obj (.text:WidgetPointerMessage)
                  0000d430    0000001c     drivers_tivaware.aem4f : GPIOTiva.oem4f (.text:getGpioIntIndex)
                  0000d44c    0000001c     rtsv7M4_T_le_v4SPD16_eabi.lib : memccpy.c.obj (.text:memccpy)
                  0000d468    0000001c     empty_pem4f.oem4f (.text:ti_sysbios_family_arm_m3_Hwi_Object__destruct__S)
                  0000d484    00000004     --HOLE-- [fill = 0]
                  0000d488    0000001c     sysbios.aem4f : BIOS.obj (.text:ti_sysbios_gates_GateMutex_Instance_init__E)
                  0000d4a4    0000001c     empty_pem4f.oem4f (.text:ti_sysbios_hal_Timer_TimerProxy_create)
                  0000d4c0    0000001c     empty_pem4f.oem4f (.text:ti_sysbios_knl_Queue_Object__destruct__S)
                  0000d4dc    00000004     --HOLE-- [fill = 0]
                  0000d4e0    0000001c     sysbios.aem4f : BIOS.obj (.text:ti_sysbios_knl_Queue_put__E)
                  0000d4fc    00000004     --HOLE-- [fill = 0]
                  0000d500    0000001c                   : BIOS.obj (.text:ti_sysbios_knl_Task_enter__I)
                  0000d51c    0000001c     ti.targets.arm.rtsarm.aem4f : Error.oem4f (.text:xdc_runtime_Error_raiseX__E)
                  0000d538    0000001c                                 : Memory.oem4f (.text:xdc_runtime_Memory_valloc__E)
                  0000d554    0000001c                                 : SysMin.oem4f (.text:xdc_runtime_SysMin_exit__E)
                  0000d570    0000001c                                 : System.oem4f (.text:xdc_runtime_System_abort__E)
                  0000d58c    0000001a     rtsv7M4_T_le_v4SPD16_eabi.lib : s_copysign.c.obj (.text:copysign)
                  0000d5a6    0000001a     empty_pem4f.oem4f (.text:ti_sysbios_family_arm_m3_Hwi_Handle__label__S)
                  0000d5c0    0000001a     empty_pem4f.oem4f (.text:ti_sysbios_gates_GateHwi_Handle__label__S)
                  0000d5da    0000001a     empty_pem4f.oem4f (.text:ti_sysbios_gates_GateMutex_Handle__label__S)
                  0000d5f4    0000001a     empty_pem4f.oem4f (.text:ti_sysbios_heaps_HeapMem_Handle__label__S)
                  0000d60e    0000001a     empty_pem4f.oem4f (.text:ti_sysbios_knl_Swi_Handle__label__S)
                  0000d628    0000001a     empty_pem4f.oem4f (.text:ti_sysbios_knl_Task_Handle__label__S)
                  0000d642    0000001a     empty_pem4f.oem4f (.text:xdc_runtime_System_aprintf__E)
                  0000d65c    0000001a     empty_pem4f.oem4f (.text:xdc_runtime_System_printf__E)
                  0000d676    00000018     driverlib.lib : gpio.obj (.text:GPIOPinTypeGPIOOutput)
                  0000d68e    00000002     --HOLE-- [fill = 0]
                  0000d690    00000018     drivers_tivaware.aem4f : UART.oem4f (.text:UART_Params_init)
                  0000d6a8    00000018     rtsv7M4_T_le_v4SPD16_eabi.lib : args_main.c.obj (.text:_args_main)
                  0000d6c0    00000018                                   : sprintf.c.obj (.text:_outs)
                  0000d6d8    00000018     empty_pem4f.oem4f (.text:ti_sysbios_BIOS_rtsUnlock__I)
                  0000d6f0    00000018     empty_pem4f.oem4f (.text:ti_sysbios_family_arm_lm4_Timer_Module__startupDone__F)
                  0000d708    00000018     empty_pem4f.oem4f (.text:ti_sysbios_family_arm_m3_Hwi_Module__startupDone__F)
                  0000d720    00000018     sysbios.aem4f : m3_TaskSupport_asm.obj (.text:ti_sysbios_family_arm_m3_TaskSupport_swap__E)
                  0000d738    00000018                   : BIOS.obj (.text:ti_sysbios_gates_GateMutex_leave__E)
                  0000d750    00000018     empty_pem4f.oem4f (.text:ti_sysbios_knl_Clock_Module__startupDone__F)
                  0000d768    00000018     sysbios.aem4f : BIOS.obj (.text:ti_sysbios_knl_Task_sleepTimeout__I)
                  0000d780    00000018     ti.targets.arm.rtsarm.aem4f : Error.oem4f (.text:xdc_runtime_Error_check__E)
                  0000d798    00000018                                 : System.oem4f (.text:xdc_runtime_System_exit__E)
                  0000d7b0    00000018                                 : Text.oem4f (.text:xdc_runtime_Text_ropeText__E)
                  0000d7c8    00000016     grlib.lib : string.obj (.text:GrStringDraw)
                  0000d7de    00000016     driverlib.lib : i2c.obj (.text:I2CMasterErr)
                  0000d7f4    00000016     rtsv7M4_T_le_v4SPD16_eabi.lib : strchr.c.obj (.text:strchr)
                  0000d80a    00000016     empty_pem4f.oem4f (.text:ti_sysbios_BIOS_exitFunc__I)
                  0000d820    00000016     Clock.obj (.text:ti_sysbios_hal_Timer_Params_init)
                  0000d836    00000016     empty.obj (.text:ti_sysbios_knl_Task_Params_init)
                  0000d84c    00000014     grlib.lib : canvas.obj (.text:CanvasMsgProc)
                  0000d860    00000014               : container.obj (.text:ContainerMsgProc)
                  0000d874    00000014     Kentec320x240x16_ssd2119_spi.obj (.text:LED_OFF)
                  0000d888    00000014     Kentec320x240x16_ssd2119_spi.obj (.text:LED_ON)
                  0000d89c    00000014     touch.obj (.text:TouchScreenCallbackSet)
                  0000d8b0    00000014     driverlib.lib : uart.obj (.text:UARTEnable)
                  0000d8c4    00000014     grlib.lib : widget.obj (.text:WidgetMutexGet)
                  0000d8d8    00000014     rtsv7M4_T_le_v4SPD16_eabi.lib : strlen.c.obj (.text:strlen)
                  0000d8ec    00000014     empty_pem4f.oem4f (.text:ti_sysbios_family_arm_m3_Hwi_Object__get__S)
                  0000d900    00000014     sysbios.aem4f : BIOS.obj (.text:ti_sysbios_family_arm_m3_Hwi_switchFromBootStack__E)
                  0000d914    00000014     empty_pem4f.oem4f (.text:ti_sysbios_heaps_HeapMem_Object__get__S)
                  0000d928    00000014     empty_pem4f.oem4f (.text:ti_sysbios_knl_Swi_Object__get__S)
                  0000d93c    00000012     driverlib.lib : gpio.obj (.text:GPIOPinTypeEthernetLED)
                  0000d94e    00000012                   : gpio.obj (.text:GPIOPinTypeGPIOInput)
                  0000d960    00000012                   : gpio.obj (.text:GPIOPinTypeI2C)
                  0000d972    00000012                   : gpio.obj (.text:GPIOPinTypeI2CSCL)
                  0000d984    00000012                   : gpio.obj (.text:GPIOPinTypeSSI)
                  0000d996    00000012                   : gpio.obj (.text:GPIOPinTypeUART)
                  0000d9a8    00000012                   : gpio.obj (.text:GPIOPinTypeUSBAnalog)
                  0000d9ba    00000012                   : gpio.obj (.text:GPIOPinTypeUSBDigital)
                  0000d9cc    00000012     drivers_tivaware.aem4f : RingBuf.oem4f (.text:RingBuf_construct)
                  0000d9de    00000012     driverlib.lib : ssi.obj (.text:SSIDataGetNonBlocking)
                  0000d9f0    00000012                   : timer.obj (.text:TimerLoadSet)
                  0000da02    00000006     drivers_tivaware.aem4f : I2CTiva.oem4f (.text:I2CTiva_control)
                  0000da08    00000012     sysbios.aem4f : BIOS.obj (.text:ti_sysbios_hal_Hwi_Module_startup__E)
                  0000da1a    00000006     driverlib.lib : sysctl.obj (.text:SysCtlDelay)
                  0000da20    00000012     sysbios.aem4f : BIOS.obj (.text:ti_sysbios_hal_Timer_Module_startup__E)
                  0000da32    00000012     rtsv7M4_T_le_v4SPD16_eabi.lib : wcslen.c.obj (.text:wcslen)
                  0000da44    00000012     empty_pem4f.oem4f (.text:xdc_runtime_Startup_exec__I)
                  0000da56    00000002     --HOLE-- [fill = 0]
                  0000da58    00000010     empty_pem4f.oem4f (.text:.bootCodeSection:ti_catalog_arm_cortexm4_tiva_ce_Boot_init__I)
                  0000da68    00000010     driverlib.lib : adc.obj (.text:ADCIntEnable)
                  0000da78    00000010                   : fpu.obj (.text:FPUEnable)
                  0000da88    00000010                   : fpu.obj (.text:FPULazyStackingEnable)
                  0000da98    00000010     drivers_tivaware.aem4f : UARTTiva.oem4f (.text:readBlockingTimeout)
                  0000daa8    00000010     sysbios.aem4f : BIOS.obj (.text:ti_sysbios_BIOS_getCpuFreq__E)
                  0000dab8    00000010                   : BIOS.obj (.text:ti_sysbios_BIOS_setThreadType__E)
                  0000dac8    00000010                   : BIOS.obj (.text:ti_sysbios_BIOS_start__E)
                  0000dad8    00000010                   : BIOS.obj (.text:ti_sysbios_family_arm_lm4_TimestampProvider_rolloverFunc__E)
                  0000dae8    00000010                   : m3_TaskSupport_asm.obj (.text:ti_sysbios_family_arm_m3_TaskSupport_glue)
                  0000daf8    00000010                   : BIOS.obj (.text:ti_sysbios_gates_GateMutex_Instance_finalize__E)
                  0000db08    00000010     empty_pem4f.oem4f (.text:ti_sysbios_hal_Timer_TimerProxy_Object__create__S)
                  0000db18    00000010     sysbios.aem4f : BIOS.obj (.text:ti_sysbios_knl_Semaphore_Instance_finalize__E)
                  0000db28    00000010                   : BIOS.obj (.text:ti_sysbios_knl_Swi_disable__E)
                  0000db38    00000010     empty_pem4f.oem4f (.text:ti_sysbios_knl_Task_Object__get__S)
                  0000db48    00000010     sysbios.aem4f : BIOS.obj (.text:ti_sysbios_knl_Task_disable__E)
                  0000db58    00000010     driverlib.lib : udma.obj (.text:uDMAEnable)
                  0000db68    00000010     ti.targets.arm.rtsarm.aem4f : Gate.oem4f (.text:xdc_runtime_Gate_leaveSystem__E)
                  0000db78    00000010                                 : Memory.oem4f (.text:xdc_runtime_Memory_free__E)
                  0000db88    00000010                                 : SysMin.oem4f (.text:xdc_runtime_SysMin_ready__E)
                  0000db98    00000010                                 : System.oem4f (.text:xdc_runtime_System_vsnprintf__E)
                  0000dba8    00000010     empty_pem4f.oem4f (.text:xdc_runtime_Text_visitRope__I)
                  0000dbb8    0000000e     driverlib.lib : adc.obj (.text:ADCSequenceEnable)
                  0000dbc6    0000000e                   : gpio.obj (.text:GPIOIntStatus)
                  0000dbd4    0000000e     grlib.lib : image.obj (.text:GrImageDraw)
                  0000dbe2    0000000e     driverlib.lib : timer.obj (.text:TimerEnable)
                  0000dbf0    0000000e                   : uart.obj (.text:UARTCharGetNonBlocking)
                  0000dbfe    0000000e                   : uart.obj (.text:UARTCharPutNonBlocking)
                  0000dc0c    0000000e     rtsv7M4_T_le_v4SPD16_eabi.lib : copy_decompress_none.c.obj (.text:decompress:none:__TI_decompress_none)
                  0000dc1a    00000006     driverlib.lib : uart.obj (.text:UARTFIFOLevelSet)
                  0000dc20    0000000e     sysbios.aem4f : BIOS.obj (.text:ti_sysbios_knl_Idle_loop__E)
                  0000dc2e    00000002     --HOLE-- [fill = 0]
                  0000dc30    0000000e                   : BIOS.obj (.text:ti_sysbios_knl_Queue_empty__E)
                  0000dc3e    0000000c     drivers_tivaware.aem4f : RingBuf.oem4f (.text:RingBuf_peek)
                  0000dc4a    0000000c     driverlib.lib : uart.obj (.text:UARTFlowControlSet)
                  0000dc56    0000000c     drivers_tivaware.aem4f : UARTTiva.oem4f (.text:UARTTiva_init)
                  0000dc62    00000002     --HOLE-- [fill = 0]
                  0000dc64    0000000c     rtsv7M4_T_le_v4SPD16_eabi.lib : _lock.c.obj (.text:_register_lock)
                  0000dc70    0000000c                                   : _lock.c.obj (.text:_register_unlock)
                  0000dc7c    0000000c                                   : copy_zero_init.c.obj (.text:decompress:ZI:__TI_zero_init)
                  0000dc88    0000000c     sysbios.aem4f : BIOS.obj (.text:ti_sysbios_family_arm_lm4_Timer_getMaxTicks__E)
                  0000dc94    00000004     --HOLE-- [fill = 0]
                  0000dc98    0000000c                   : BIOS.obj (.text:ti_sysbios_family_arm_lm4_TimestampProvider_startTimer__E)
                  0000dca4    0000000c     empty_pem4f.oem4f (.text:ti_sysbios_family_arm_m3_Hwi_Params__init__S)
                  0000dcb0    0000000c     sysbios.aem4f : BIOS.obj (.text:ti_sysbios_family_arm_m3_Hwi_disableFxn__E)
                  0000dcbc    00000004     --HOLE-- [fill = 0]
                  0000dcc0    0000000c                   : BIOS.obj (.text:ti_sysbios_family_arm_m3_TaskSupport_checkStack__E)
                  0000dccc    00000004     --HOLE-- [fill = 0]
                  0000dcd0    0000000c                   : BIOS.obj (.text:ti_sysbios_family_arm_m3_TaskSupport_getStackAlignment__E)
                  0000dcdc    00000004     --HOLE-- [fill = 0]
                  0000dce0    0000000c                   : BIOS.obj (.text:ti_sysbios_gates_GateHwi_enter__E)
                  0000dcec    00000004     --HOLE-- [fill = 0]
                  0000dcf0    0000000c                   : BIOS.obj (.text:ti_sysbios_hal_SecondsClock_set__E)
                  0000dcfc    0000000c     empty_pem4f.oem4f (.text:ti_sysbios_hal_Timer_Params__init__S)
                  0000dd08    0000000c     empty_pem4f.oem4f (.text:ti_sysbios_knl_Clock_Params__init__S)
                  0000dd14    0000000c     empty_pem4f.oem4f (.text:ti_sysbios_knl_Queue_Object__get__S)
                  0000dd20    0000000c     empty_pem4f.oem4f (.text:ti_sysbios_knl_Semaphore_Params__init__S)
                  0000dd2c    0000000c     empty_pem4f.oem4f (.text:ti_sysbios_knl_Task_Params__init__S)
                  0000dd38    0000000c     driverlib.lib : udma.obj (.text:uDMAControlBaseSet)
                  0000dd44    0000000c     ti.targets.arm.rtsarm.aem4f : Error.oem4f (.text:xdc_runtime_Error_init__E)
                  0000dd50    0000000c                                 : Gate.oem4f (.text:xdc_runtime_Gate_enterSystem__E)
                  0000dd5c    0000000c                                 : Memory.oem4f (.text:xdc_runtime_Memory_calloc__E)
                  0000dd68    0000000c                                 : Memory.oem4f (.text:xdc_runtime_Memory_getMaxDefaultTypeAlign__E)
                  0000dd74    0000000a     driverlib.lib : i2c.obj (.text:I2CMasterDisable)
                  0000dd7e    0000000a                   : i2c.obj (.text:I2CMasterEnable)
                  0000dd88    0000000a     drivers_tivaware.aem4f : I2CTiva.oem4f (.text:I2CTiva_init)
                  0000dd92    0000000a     Kentec320x240x16_ssd2119_spi.obj (.text:Kentec320x240x16_SSD2119Flush)
                  0000dd9c    0000000a     driverlib.lib : ssi.obj (.text:SSIDataPut)
                  0000dda6    0000000a                   : ssi.obj (.text:SSIEnable)
                  0000ddb0    0000000a                   : uart.obj (.text:UARTCharGet)
                  0000ddba    0000000a                   : uart.obj (.text:UARTCharPut)
                  0000ddc4    0000000a                   : uart.obj (.text:UARTIntDisable)
                  0000ddce    0000000a                   : uart.obj (.text:UARTIntStatus)
                  0000ddd8    0000000a     rtsv7M4_T_le_v4SPD16_eabi.lib : sprintf.c.obj (.text:_outc)
                  0000dde2    00000006     driverlib.lib : uart.obj (.text:UARTRxErrorClear)
                  0000dde8    0000000a     sysbios.aem4f : BIOS.obj (.text:ti_sysbios_hal_Timer_Instance_finalize__E)
                  0000ddf2    0000000a     empty_pem4f.oem4f (.text:xdc_runtime_IHeap_alloc)
                  0000ddfc    0000000a     empty_pem4f.oem4f (.text:xdc_runtime_IHeap_free)
                  0000de06    00000008     EK_TM4C1294XL.obj (.text:EK_TM4C1294XL_initGPIO)
                  0000de0e    00000008     grlib.lib : charmap.obj (.text:GrMapISO8859_1_Unicode)
                  0000de16    00000008     driverlib.lib : i2c.obj (.text:I2CMasterIntClear)
                  0000de1e    00000008                   : i2c.obj (.text:I2CMasterSlaveAddrSet)
                  0000de26    00000008     drivers_tivaware.aem4f : I2CTiva.oem4f (.text:I2CTiva_blockingCallback)
                  0000de2e    00000008     driverlib.lib : ssi.obj (.text:SSIBusy)
                  0000de36    00000008                   : uart.obj (.text:UARTIntEnable)
                  0000de3e    00000008                   : uart.obj (.text:UARTRxErrorGet)
                  0000de46    00000002     --HOLE-- [fill = 0]
                  0000de48    00000008     rtsv7M4_T_le_v4SPD16_eabi.lib : errno.c.obj (.text:__aeabi_errno_addr)
                  0000de50    00000008     drivers_tivaware.aem4f : UARTTiva.oem4f (.text:readSemCallback)
                  0000de58    00000008     sysbios.aem4f : BIOS.obj (.text:ti_sysbios_family_arm_lm4_Timer_masterDisable__I)
                  0000de60    00000008                   : BIOS.obj (.text:ti_sysbios_family_arm_m3_Hwi_doSwiRestore__I)
                  0000de68    00000008                   : BIOS.obj (.text:ti_sysbios_family_arm_m3_Hwi_startup__E)
                  0000de70    00000008     drivers_tivaware.aem4f : UARTTiva.oem4f (.text:writeSemCallback)
                  0000de78    00000006     grlib.lib : widget.obj (.text:WidgetMutexPut)
                  0000de7e    00000002     --HOLE-- [fill = 0]
                  0000de80    00000006     sysbios.aem4f : BIOS.obj (.text:ti_sysbios_family_arm_lm4_TimestampProvider_Module_startup__E)
                  0000de86    00000002     --HOLE-- [fill = 0]
                  0000de88    00000006                   : BIOS.obj (.text:ti_sysbios_family_arm_m3_Hwi_doTaskRestore__I)
                  0000de8e    00000002     --HOLE-- [fill = 0]
                  0000de90    00000006                   : BIOS.obj (.text:ti_sysbios_family_arm_m3_Hwi_restoreFxn__E)
                  0000de96    00000002     --HOLE-- [fill = 0]
                  0000de98    00000006                   : BIOS.obj (.text:ti_sysbios_gates_GateHwi_leave__E)
                  0000de9e    00000002     --HOLE-- [fill = 0]
                  0000dea0    00000006                   : BIOS.obj (.text:ti_sysbios_heaps_HeapMem_isBlocking__E)
                  0000dea6    00000002     --HOLE-- [fill = 0]
                  0000dea8    00000006                   : BIOS.obj (.text:ti_sysbios_knl_Clock_stop__E)
                  0000deae    00000002     --HOLE-- [fill = 0]
                  0000deb0    00000006                   : BIOS.obj (.text:ti_sysbios_knl_Queue_Instance_init__E)
                  0000deb6    00000002     --HOLE-- [fill = 0]
                  0000deb8    00000006                   : BIOS.obj (.text:ti_sysbios_knl_Swi_startup__E)
                  0000debe    00000006     ti.targets.arm.rtsarm.aem4f : System.oem4f (.text:xdc_runtime_System_Module_startup__E)
                  0000dec4    00000004     --HOLE-- [fill = 0]
                  0000dec8    00000004     sysbios.aem4f : BIOS.obj (.text:ti_sysbios_family_arm_lm4_Timer_getPeriod__E)
                  0000decc    00000004     --HOLE-- [fill = 0]
                  0000ded0    00000004                   : BIOS.obj (.text:ti_sysbios_gates_GateHwi_query__E)
                  0000ded4    00000004     --HOLE-- [fill = 0]
                  0000ded8    00000004                   : BIOS.obj (.text:ti_sysbios_gates_GateMutex_query__E)
                  0000dedc    00000004     --HOLE-- [fill = 0]
                  0000dee0    00000004                   : BIOS.obj (.text:ti_sysbios_knl_Task_startup__E)
                  0000dee4    00000004     --HOLE-- [fill = 0]
                  0000dee8    00000002                   : BIOS.obj (.text:ti_sysbios_gates_GateHwi_Instance_init__E)
                  0000deea    00000006     --HOLE-- [fill = 0]
                  0000def0    00000002                   : BIOS.obj (.text:ti_sysbios_knl_Clock_logTick__E)

.const     0    0000def4    0000bb82     
                  0000def4    00001a46     frame.obj (.const:.string:g_pui8Top)
                  0000f93a    000018ae     empty_pem4f.oem4f (.const:xdc_runtime_Text_charTab__A)
                  000111e8    00000a60     grlib.lib : fontcm24.obj (.const:.string:g_pui8Cm24Data)
                  00011c48    00000960               : fontcm22.obj (.const:.string:g_pui8Cm22Data)
                  000125a8    0000095e               : fontcm20.obj (.const:.string:g_pui8Cm20Data)
                  00012f06    0000086e               : fontcm18.obj (.const:.string:g_pui8Cm18Data)
                  00013774    0000083d     empty.obj (.const:.string:g_pui8RedSlider195x37)
                  00013fb1    00000826     empty.obj (.const:.string:g_pui8GreenSlider195x37)
                  000147d7    00000786     frame.obj (.const:.string:g_pui8Bottom)
                  00014f5d    00000782     grlib.lib : fontcmss18b.obj (.const:.string:g_pui8Cmss18bData)
                  000156df    00000705     empty.obj (.const:.string:g_pui8GettingHotter28x148)
                  00015de4    0000065a     grlib.lib : fontcm14.obj (.const:.string:g_pui8Cm14Data)
                  0001643e    0000055f               : fontcm12.obj (.const:.string:g_pui8Cm12Data)
                  0001699d    00000546     frame.obj (.const:.string:g_pui8Left)
                  00016ee3    00000546     frame.obj (.const:.string:g_pui8Right)
                  00017429    000003ad     empty.obj (.const:.string:g_pui8GettingHotter28x148Mono)
                  000177d6    0000024d     empty.obj (.const:.string:g_pui8Logo)
                  00017a23    00000210     empty.obj (.const:.string:g_pui8Blue50x50)
                  00017c33    0000020e     empty.obj (.const:.string:g_pui8Blue50x50Press)
                  00017e41    0000017c     frame.obj (.const:.string:g_pui8TopLeft)
                  00017fbd    00000001     empty_pem4f.oem4f (.const:xdc_runtime_Error_policy__C)
                  00017fbe    00000002     empty_pem4f.oem4f (.const:ti_catalog_arm_cortexm4_tiva_ce_Boot_Module__id__C)
                  00017fc0    0000017a     empty.obj (.const:.string)
                  0001813a    00000173     frame.obj (.const:.string:g_pui8TopRight)
                  000182ad    00000124     empty.obj (.const:.string:g_pui8Night)
                  000183d1    00000001     --HOLE-- [fill = 0]
                  000183d2    00000002     empty_pem4f.oem4f (.const:ti_sysbios_family_arm_lm4_Timer_Module__id__C)
                  000183d4    00000120     Boot.aem4f : Boot_sysctl.oem4f (.const:g_pppui32XTALtoVCO)
                  000184f4    00000101     rtsv7M4_T_le_v4SPD16_eabi.lib : ctype.c.obj (.const:.string:_ctypes_)
                  000185f5    000000f8     empty.obj (.const:.string:g_pui8Day)
                  000186ed    000000f5     empty.obj (.const:.string:g_pui8LightOff)
                  000187e2    000000e6     empty.obj (.const:.string:g_pui8LightOn)
                  000188c8    000000d0     frame.obj (.const:.string:g_pui8BottomLeft)
                  00018998    000000d0     empty_pem4f.oem4f (.const:xdc_runtime_Text_nodeTab__A)
                  00018a68    000000c8     grlib.lib : fontcm12.obj (.const:g_sFontCm12)
                  00018b30    000000c8               : fontcm14.obj (.const:g_sFontCm14)
                  00018bf8    000000c8               : fontcm18.obj (.const:g_sFontCm18)
                  00018cc0    000000c8               : fontcm20.obj (.const:g_sFontCm20)
                  00018d88    000000c8               : fontcm22.obj (.const:g_sFontCm22)
                  00018e50    000000c8               : fontcm24.obj (.const:g_sFontCm24)
                  00018f18    000000c8               : fontcmss18b.obj (.const:g_sFontCmss18b)
                  00018fe0    000000c4     frame.obj (.const:.string:g_pui8BottomRight)
                  000190a4    00000090     driverlib.lib : gpio.obj (.const:g_pui32GPIOBaseAddrs)
                  00019134    00000070                   : interrupt.obj (.const)
                  000191a4    0000006c     Boot.aem4f : Boot_sysctl.oem4f (.const:g_pui32Xtals)
                  00019210    00000054     drivers_tivaware.aem4f : GPIOTiva.oem4f (.const:.string)
                  00019264    0000004c                            : UARTTiva.oem4f (.const)
                  000192b0    00000048     empty_pem4f.oem4f (.const:.string)
                  000192f8    00000048     drivers_tivaware.aem4f : GPIOTiva.oem4f (.const:gpioBaseAddresses)
                  00019340    0000003c     empty_pem4f.oem4f (.const:ti_sysbios_family_arm_lm4_Timer_Object__PARAMS__C)
                  0001937c    0000003c     empty_pem4f.oem4f (.const:ti_sysbios_knl_Task_Object__PARAMS__C)
                  000193b8    00000030     Boot.aem4f : Boot_sysctl.oem4f (.const:g_sXTALtoMEMTIM)
                  000193e8    00000030     empty_pem4f.oem4f (.const:ti_sysbios_family_arm_m3_Hwi_Object__PARAMS__C)
                  00019418    00000030     empty_pem4f.oem4f (.const:ti_sysbios_hal_Timer_Object__PARAMS__C)
                  00019448    0000002c     empty_pem4f.oem4f (.const:xdc_runtime_Startup_sfxnTab__A)
                  00019474    00000028     drivers_tivaware.aem4f : UARTTiva.oem4f (.const:UARTTiva_fxnTable)
                  0001949c    00000028     Kentec320x240x16_ssd2119_spi.obj (.const:g_sKentec320x240x16_SSD2119)
                  000194c4    00000028     empty_pem4f.oem4f (.const:ti_sysbios_heaps_HeapMem_Module__FXNS__C)
                  000194ec    00000024     EK_TM4C1294XL.obj (.const:I2C_config)
                  00019510    00000024     drivers_tivaware.aem4f : UART.oem4f (.const:UART_defaultParams)
                  00019534    00000024     empty_pem4f.oem4f (.const:ti_sysbios_gates_GateHwi_Module__FXNS__C)
                  00019558    00000024     empty_pem4f.oem4f (.const:ti_sysbios_gates_GateMutex_Module__FXNS__C)
                  0001957c    00000024     empty_pem4f.oem4f (.const:ti_sysbios_heaps_HeapMem_Object__PARAMS__C)
                  000195a0    00000024     empty_pem4f.oem4f (.const:ti_sysbios_knl_Clock_Object__PARAMS__C)
                  000195c4    00000024     empty_pem4f.oem4f (.const:ti_sysbios_knl_Semaphore_Object__PARAMS__C)
                  000195e8    00000020     empty_pem4f.oem4f (.const:ti_sysbios_family_arm_lm4_Timer_Object__DESC__C)
                  00019608    00000020     empty_pem4f.oem4f (.const:ti_sysbios_family_arm_m3_Hwi_Object__DESC__C)
                  00019628    00000020     empty_pem4f.oem4f (.const:ti_sysbios_gates_GateHwi_Object__DESC__C)
                  00019648    00000020     empty_pem4f.oem4f (.const:ti_sysbios_gates_GateMutex_Object__DESC__C)
                  00019668    00000020     empty_pem4f.oem4f (.const:ti_sysbios_hal_Timer_Object__DESC__C)
                  00019688    00000020     empty_pem4f.oem4f (.const:ti_sysbios_heaps_HeapMem_Object__DESC__C)
                  000196a8    00000020     empty_pem4f.oem4f (.const:ti_sysbios_knl_Clock_Object__DESC__C)
                  000196c8    00000020     empty_pem4f.oem4f (.const:ti_sysbios_knl_Queue_Object__DESC__C)
                  000196e8    00000020     empty_pem4f.oem4f (.const:ti_sysbios_knl_Semaphore_Object__DESC__C)
                  00019708    00000020     empty_pem4f.oem4f (.const:ti_sysbios_knl_Task_Object__DESC__C)
                  00019728    0000001c     drivers_tivaware.aem4f : I2CTiva.oem4f (.const)
                  00019744    0000001c     touch.obj (.const:g_pi32TouchParameters)
                  00019760    00000018     EK_TM4C1294XL.obj (.const:UART_config)
                  00019778    00000018     EK_TM4C1294XL.obj (.const:i2cTivaHWAttrs)
                  00019790    00000018     empty_pem4f.oem4f (.const:ti_sysbios_gates_GateHwi_Object__PARAMS__C)
                  000197a8    00000018     empty_pem4f.oem4f (.const:ti_sysbios_gates_GateMutex_Object__PARAMS__C)
                  000197c0    00000018     empty_pem4f.oem4f (.const:ti_sysbios_knl_Queue_Object__PARAMS__C)
                  000197d8    00000018     EK_TM4C1294XL.obj (.const:uartTivaHWAttrs)
                  000197f0    00000016     empty_pem4f.oem4f (.const:xdc_runtime_Startup_sfxnRts__A)
                  00019806    00000002     empty_pem4f.oem4f (.const:ti_sysbios_family_arm_lm4_Timer_supportsAltclk__C)
                  00019808    00000014     EK_TM4C1294XL.obj (.const:GPIOTiva_config)
                  0001981c    00000014     empty_pem4f.oem4f (.const:xdc_runtime_Startup_firstFxns__A)
                  00019830    00000012     ustdlib.obj (.const:.string)
                  00019842    00000002     empty_pem4f.oem4f (.const:ti_sysbios_family_arm_m3_Hwi_Module__id__C)
                  00019844    00000010     grlib.lib : context.obj (.const)
                  00019854    00000008     Boot.aem4f : Boot_sysctl.oem4f (.const)
                  0001985c    00000008     empty_pem4f.oem4f (.const:ti_sysbios_family_arm_m3_Hwi_excHookFuncs__A)
                  00019864    00000008     empty_pem4f.oem4f (.const:ti_sysbios_knl_Idle_funcList__C)
                  0001986c    00000008     empty_pem4f.oem4f (.const:xdc_runtime_Startup_firstFxns__C)
                  00019874    00000008     empty_pem4f.oem4f (.const:xdc_runtime_Startup_lastFxns__C)
                  0001987c    00000004     empty_pem4f.oem4f (.const:ti_catalog_arm_cortexm4_tiva_ce_Boot_A_mustNotUseEnhancedClockMode__C)
                  00019880    00000004     empty_pem4f.oem4f (.const:ti_catalog_arm_cortexm4_tiva_ce_Boot_Module__diagsEnabled__C)
                  00019884    00000004     empty_pem4f.oem4f (.const:ti_catalog_arm_cortexm4_tiva_ce_Boot_Module__diagsIncluded__C)
                  00019888    00000004     empty_pem4f.oem4f (.const:ti_catalog_arm_cortexm4_tiva_ce_Boot_Module__diagsMask__C)
                  0001988c    00000004     empty_pem4f.oem4f (.const:ti_sysbios_family_arm_lm4_Timer_E_cannotSupport__C)
                  00019890    00000004     empty_pem4f.oem4f (.const:ti_sysbios_family_arm_lm4_Timer_E_invalidTimer__C)
                  00019894    00000004     empty_pem4f.oem4f (.const:ti_sysbios_family_arm_lm4_Timer_E_noaltclk__C)
                  00019898    00000004     empty_pem4f.oem4f (.const:ti_sysbios_family_arm_lm4_Timer_E_notAvailable__C)
                  0001989c    00000004     empty_pem4f.oem4f (.const:ti_sysbios_family_arm_lm4_Timer_anyMask__C)
                  000198a0    00000004     empty_pem4f.oem4f (.const:ti_sysbios_family_arm_lm4_Timer_disableFunc__C)
                  000198a4    00000004     empty_pem4f.oem4f (.const:ti_sysbios_family_arm_lm4_Timer_enableFunc__C)
                  000198a8    00000004     empty_pem4f.oem4f (.const:ti_sysbios_family_arm_lm4_Timer_numTimerDevices__C)
                  000198ac    00000004     empty_pem4f.oem4f (.const:ti_sysbios_family_arm_lm4_Timer_startupNeeded__C)
                  000198b0    00000004     empty_pem4f.oem4f (.const:ti_sysbios_family_arm_m3_Hwi_E_NMI__C)
                  000198b4    00000004     empty_pem4f.oem4f (.const:ti_sysbios_family_arm_m3_Hwi_E_alreadyDefined__C)
                  000198b8    00000004     empty_pem4f.oem4f (.const:ti_sysbios_family_arm_m3_Hwi_E_busFault__C)
                  000198bc    00000004     empty_pem4f.oem4f (.const:ti_sysbios_family_arm_m3_Hwi_E_debugMon__C)
                  000198c0    00000004     empty_pem4f.oem4f (.const:ti_sysbios_family_arm_m3_Hwi_E_hardFault__C)
                  000198c4    00000004     empty_pem4f.oem4f (.const:ti_sysbios_family_arm_m3_Hwi_E_memFault__C)
                  000198c8    00000004     empty_pem4f.oem4f (.const:ti_sysbios_family_arm_m3_Hwi_E_noIsr__C)
                  000198cc    00000004     empty_pem4f.oem4f (.const:ti_sysbios_family_arm_m3_Hwi_E_reserved__C)
                  000198d0    00000004     empty_pem4f.oem4f (.const:ti_sysbios_family_arm_m3_Hwi_E_svCall__C)
                  000198d4    00000004     empty_pem4f.oem4f (.const:ti_sysbios_family_arm_m3_Hwi_E_usageFault__C)
                  000198d8    00000004     empty_pem4f.oem4f (.const:ti_sysbios_family_arm_m3_Hwi_NUM_INTERRUPTS__C)
                  000198dc    00000004     empty_pem4f.oem4f (.const:ti_sysbios_family_arm_m3_Hwi_Object__count__C)
                  000198e0    00000004     empty_pem4f.oem4f (.const:ti_sysbios_family_arm_m3_Hwi_ccr__C)
                  000198e4    00000004     empty_pem4f.oem4f (.const:ti_sysbios_family_arm_m3_Hwi_excHandlerFunc__C)
                  000198e8    00000004     empty_pem4f.oem4f (.const:ti_sysbios_family_arm_m3_Hwi_excHookFuncs__C)
                  000198ec    00000004     empty_pem4f.oem4f (.const:ti_sysbios_family_arm_m3_Hwi_nullIsrFunc__C)
                  000198f0    00000004     empty_pem4f.oem4f (.const:ti_sysbios_family_arm_m3_Hwi_priGroup__C)
                  000198f4    00000004     empty_pem4f.oem4f (.const:ti_sysbios_family_arm_m3_TaskSupport_stackAlignment__C)
                  000198f8    00000004     empty_pem4f.oem4f (.const:ti_sysbios_gates_GateMutex_A_badContext__C)
                  000198fc    00000004     empty_pem4f.oem4f (.const:ti_sysbios_gates_GateMutex_Instance_State_sem__O)
                  00019900    00000004     empty_pem4f.oem4f (.const:ti_sysbios_gates_GateMutex_Module__diagsEnabled__C)
                  00019904    00000004     empty_pem4f.oem4f (.const:ti_sysbios_gates_GateMutex_Module__diagsIncluded__C)
                  00019908    00000004     empty_pem4f.oem4f (.const:ti_sysbios_gates_GateMutex_Module__diagsMask__C)
                  0001990c    00000004     empty_pem4f.oem4f (.const:ti_sysbios_hal_Hwi_E_stackOverflow__C)
                  00019910    00000004     empty_pem4f.oem4f (.const:ti_sysbios_hal_SecondsClock_Module_State_clock__O)
                  00019914    00000004     empty_pem4f.oem4f (.const:ti_sysbios_heaps_HeapMem_A_align__C)
                  00019918    00000004     empty_pem4f.oem4f (.const:ti_sysbios_heaps_HeapMem_A_heapSize__C)
                  0001991c    00000004     empty_pem4f.oem4f (.const:ti_sysbios_heaps_HeapMem_A_invalidFree__C)
                  00019920    00000004     empty_pem4f.oem4f (.const:ti_sysbios_heaps_HeapMem_A_zeroBlock__C)
                  00019924    00000004     empty_pem4f.oem4f (.const:ti_sysbios_heaps_HeapMem_E_memory__C)
                  00019928    00000004     empty_pem4f.oem4f (.const:ti_sysbios_heaps_HeapMem_Module__diagsEnabled__C)
                  0001992c    00000004     empty_pem4f.oem4f (.const:ti_sysbios_heaps_HeapMem_Module__diagsIncluded__C)
                  00019930    00000004     empty_pem4f.oem4f (.const:ti_sysbios_heaps_HeapMem_Module__diagsMask__C)
                  00019934    00000004     empty_pem4f.oem4f (.const:ti_sysbios_heaps_HeapMem_Module__gateObj__C)
                  00019938    00000004     empty_pem4f.oem4f (.const:ti_sysbios_heaps_HeapMem_Object__count__C)
                  0001993c    00000004     empty_pem4f.oem4f (.const:ti_sysbios_heaps_HeapMem_reqAlign__C)
                  00019940    00000004     empty_pem4f.oem4f (.const:ti_sysbios_knl_Clock_A_badThreadType__C)
                  00019944    00000004     empty_pem4f.oem4f (.const:ti_sysbios_knl_Clock_Module_State_clockQ__O)
                  00019948    00000004     empty_pem4f.oem4f (.const:ti_sysbios_knl_Clock_Module__diagsEnabled__C)
                  0001994c    00000004     empty_pem4f.oem4f (.const:ti_sysbios_knl_Clock_Module__diagsIncluded__C)
                  00019950    00000004     empty_pem4f.oem4f (.const:ti_sysbios_knl_Clock_Module__diagsMask__C)
                  00019954    00000004     empty_pem4f.oem4f (.const:ti_sysbios_knl_Clock_tickPeriod__C)
                  00019958    00000004     empty_pem4f.oem4f (.const:ti_sysbios_knl_Idle_funcList__A)
                  0001995c    00000004     empty_pem4f.oem4f (.const:ti_sysbios_knl_Semaphore_A_badContext__C)
                  00019960    00000004     empty_pem4f.oem4f (.const:ti_sysbios_knl_Semaphore_A_noEvents__C)
                  00019964    00000004     empty_pem4f.oem4f (.const:ti_sysbios_knl_Semaphore_A_overflow__C)
                  00019968    00000004     empty_pem4f.oem4f (.const:ti_sysbios_knl_Semaphore_A_pendTaskDisabled__C)
                  0001996c    00000004     empty_pem4f.oem4f (.const:ti_sysbios_knl_Semaphore_Instance_State_pendQ__O)
                  00019970    00000004     empty_pem4f.oem4f (.const:ti_sysbios_knl_Semaphore_Module__diagsEnabled__C)
                  00019974    00000004     empty_pem4f.oem4f (.const:ti_sysbios_knl_Semaphore_Module__diagsIncluded__C)
                  00019978    00000004     empty_pem4f.oem4f (.const:ti_sysbios_knl_Semaphore_Module__diagsMask__C)
                  0001997c    00000004     empty_pem4f.oem4f (.const:ti_sysbios_knl_Swi_Object__count__C)
                  00019980    00000004     empty_pem4f.oem4f (.const:ti_sysbios_knl_Task_A_badPriority__C)
                  00019984    00000004     empty_pem4f.oem4f (.const:ti_sysbios_knl_Task_A_badTaskState__C)
                  00019988    00000004     empty_pem4f.oem4f (.const:ti_sysbios_knl_Task_A_badThreadType__C)
                  0001998c    00000004     empty_pem4f.oem4f (.const:ti_sysbios_knl_Task_A_badTimeout__C)
                  00019990    00000004     empty_pem4f.oem4f (.const:ti_sysbios_knl_Task_A_noPendElem__C)
                  00019994    00000004     empty_pem4f.oem4f (.const:ti_sysbios_knl_Task_A_sleepTaskDisabled__C)
                  00019998    00000004     empty_pem4f.oem4f (.const:ti_sysbios_knl_Task_E_spOutOfBounds__C)
                  0001999c    00000004     empty_pem4f.oem4f (.const:ti_sysbios_knl_Task_E_stackOverflow__C)
                  000199a0    00000004     empty_pem4f.oem4f (.const:ti_sysbios_knl_Task_Module_State_inactiveQ__O)
                  000199a4    00000004     empty_pem4f.oem4f (.const:ti_sysbios_knl_Task_Module__diagsEnabled__C)
                  000199a8    00000004     empty_pem4f.oem4f (.const:ti_sysbios_knl_Task_Module__diagsIncluded__C)
                  000199ac    00000004     empty_pem4f.oem4f (.const:ti_sysbios_knl_Task_Module__diagsMask__C)
                  000199b0    00000004     empty_pem4f.oem4f (.const:ti_sysbios_knl_Task_Object__count__C)
                  000199b4    00000004     empty_pem4f.oem4f (.const:ti_sysbios_knl_Task_allBlockedFunc__C)
                  000199b8    00000004     empty_pem4f.oem4f (.const:ti_sysbios_knl_Task_defaultStackHeap__C)
                  000199bc    00000004     empty_pem4f.oem4f (.const:ti_sysbios_knl_Task_defaultStackSize__C)
                  000199c0    00000004     empty_pem4f.oem4f (.const:ti_sysbios_knl_Task_numConstructedTasks__C)
[...]
00019884  ti_catalog_arm_cortexm4_tiva_ce_Boot_Module__diagsIncluded__C        
00019888  ti_catalog_arm_cortexm4_tiva_ce_Boot_Module__diagsMask__C            
0001988c  ti_sysbios_family_arm_lm4_Timer_E_cannotSupport__C                   
00019890  ti_sysbios_family_arm_lm4_Timer_E_invalidTimer__C                    
00019894  ti_sysbios_family_arm_lm4_Timer_E_noaltclk__C                        
00019898  ti_sysbios_family_arm_lm4_Timer_E_notAvailable__C                    
0001989c  ti_sysbios_family_arm_lm4_Timer_anyMask__C                           
000198a0  ti_sysbios_family_arm_lm4_Timer_disableFunc__C                       
000198a4  ti_sysbios_family_arm_lm4_Timer_enableFunc__C                        
000198a8  ti_sysbios_family_arm_lm4_Timer_numTimerDevices__C                   
000198ac  ti_sysbios_family_arm_lm4_Timer_startupNeeded__C                     
000198b0  ti_sysbios_family_arm_m3_Hwi_E_NMI__C                                
000198b4  ti_sysbios_family_arm_m3_Hwi_E_alreadyDefined__C                     
000198b8  ti_sysbios_family_arm_m3_Hwi_E_busFault__C                           
000198bc  ti_sysbios_family_arm_m3_Hwi_E_debugMon__C                           
000198c0  ti_sysbios_family_arm_m3_Hwi_E_hardFault__C                          
000198c4  ti_sysbios_family_arm_m3_Hwi_E_memFault__C                           
000198c8  ti_sysbios_family_arm_m3_Hwi_E_noIsr__C                              
000198cc  ti_sysbios_family_arm_m3_Hwi_E_reserved__C                           
000198d0  ti_sysbios_family_arm_m3_Hwi_E_svCall__C                             
000198d4  ti_sysbios_family_arm_m3_Hwi_E_usageFault__C                         
000198d8  ti_sysbios_family_arm_m3_Hwi_NUM_INTERRUPTS__C                       
000198dc  ti_sysbios_family_arm_m3_Hwi_Object__count__C                        
000198e0  ti_sysbios_family_arm_m3_Hwi_ccr__C                                  
000198e4  ti_sysbios_family_arm_m3_Hwi_excHandlerFunc__C                       
000198e8  ti_sysbios_family_arm_m3_Hwi_excHookFuncs__C                         
000198ec  ti_sysbios_family_arm_m3_Hwi_nullIsrFunc__C                          
000198f0  ti_sysbios_family_arm_m3_Hwi_priGroup__C                             
000198f4  ti_sysbios_family_arm_m3_TaskSupport_stackAlignment__C               
000198f8  ti_sysbios_gates_GateMutex_A_badContext__C                           
000198fc  ti_sysbios_gates_GateMutex_Instance_State_sem__O                     
00019900  ti_sysbios_gates_GateMutex_Module__diagsEnabled__C                   
00019904  ti_sysbios_gates_GateMutex_Module__diagsIncluded__C                  
00019908  ti_sysbios_gates_GateMutex_Module__diagsMask__C                      
0001990c  ti_sysbios_hal_Hwi_E_stackOverflow__C                                
00019910  ti_sysbios_hal_SecondsClock_Module_State_clock__O                    
00019914  ti_sysbios_heaps_HeapMem_A_align__C                                  
00019918  ti_sysbios_heaps_HeapMem_A_heapSize__C                               
0001991c  ti_sysbios_heaps_HeapMem_A_invalidFree__C                            
00019920  ti_sysbios_heaps_HeapMem_A_zeroBlock__C                              
00019924  ti_sysbios_heaps_HeapMem_E_memory__C                                 
00019928  ti_sysbios_heaps_HeapMem_Module__diagsEnabled__C                     
0001992c  ti_sysbios_heaps_HeapMem_Module__diagsIncluded__C                    
00019930  ti_sysbios_heaps_HeapMem_Module__diagsMask__C                        
00019934  ti_sysbios_heaps_HeapMem_Module__gateObj__C                          
00019938  ti_sysbios_heaps_HeapMem_Object__count__C                            
0001993c  ti_sysbios_heaps_HeapMem_reqAlign__C                                 
00019940  ti_sysbios_knl_Clock_A_badThreadType__C                              
00019944  ti_sysbios_knl_Clock_Module_State_clockQ__O                          
00019948  ti_sysbios_knl_Clock_Module__diagsEnabled__C                         
0001994c  ti_sysbios_knl_Clock_Module__diagsIncluded__C                        
00019950  ti_sysbios_knl_Clock_Module__diagsMask__C                            
00019954  ti_sysbios_knl_Clock_tickPeriod__C                                   
00019958  ti_sysbios_knl_Idle_funcList__A                                      
0001995c  ti_sysbios_knl_Semaphore_A_badContext__C                             
00019960  ti_sysbios_knl_Semaphore_A_noEvents__C                               
00019964  ti_sysbios_knl_Semaphore_A_overflow__C                               
00019968  ti_sysbios_knl_Semaphore_A_pendTaskDisabled__C                       
0001996c  ti_sysbios_knl_Semaphore_Instance_State_pendQ__O                     
00019970  ti_sysbios_knl_Semaphore_Module__diagsEnabled__C                     
00019974  ti_sysbios_knl_Semaphore_Module__diagsIncluded__C                    
00019978  ti_sysbios_knl_Semaphore_Module__diagsMask__C                        
0001997c  ti_sysbios_knl_Swi_Object__count__C                                  
00019980  ti_sysbios_knl_Task_A_badPriority__C                                 
00019984  ti_sysbios_knl_Task_A_badTaskState__C                                
00019988  ti_sysbios_knl_Task_A_badThreadType__C                               
0001998c  ti_sysbios_knl_Task_A_badTimeout__C                                  
00019990  ti_sysbios_knl_Task_A_noPendElem__C                                  
00019994  ti_sysbios_knl_Task_A_sleepTaskDisabled__C                           
00019998  ti_sysbios_knl_Task_E_spOutOfBounds__C                               
0001999c  ti_sysbios_knl_Task_E_stackOverflow__C                               
000199a0  ti_sysbios_knl_Task_Module_State_inactiveQ__O                        
000199a4  ti_sysbios_knl_Task_Module__diagsEnabled__C                          
000199a8  ti_sysbios_knl_Task_Module__diagsIncluded__C                         
000199ac  ti_sysbios_knl_Task_Module__diagsMask__C                             
000199b0  ti_sysbios_knl_Task_Object__count__C                                 
000199b4  ti_sysbios_knl_Task_allBlockedFunc__C                                
000199b8  ti_sysbios_knl_Task_defaultStackHeap__C                              
000199bc  ti_sysbios_knl_Task_defaultStackSize__C                              
000199c0  ti_sysbios_knl_Task_numConstructedTasks__C                           
000199c8  xdc_runtime_Assert_E_assertFailed__C                                 
000199cc  xdc_runtime_Core_A_initializedParams__C                              
000199d0  xdc_runtime_Core_Module__diagsEnabled__C                             
000199d4  xdc_runtime_Core_Module__diagsIncluded__C                            
000199d8  xdc_runtime_Core_Module__diagsMask__C                                
000199dc  xdc_runtime_Error_E_memory__C                                        
000199e0  xdc_runtime_Error_Module__diagsEnabled__C                            
000199e4  xdc_runtime_Error_Module__diagsIncluded__C                           
000199e8  xdc_runtime_Error_Module__diagsMask__C                               
000199ec  xdc_runtime_Error_Module__loggerFxn8__C                              
000199f0  xdc_runtime_Error_Module__loggerObj__C                               
000199f4  xdc_runtime_Error_policyFxn__C                                       
000199f8  xdc_runtime_Error_raiseHook__C                                       
000199fc  xdc_runtime_IGateProvider_Interface__BASE__C                         
00019a00  xdc_runtime_IHeap_Interface__BASE__C                                 
00019a04  xdc_runtime_IModule_Interface__BASE__C                               
00019a08  xdc_runtime_Log_L_error__C                                           
00019a0c  xdc_runtime_Memory_defaultHeapInstance__C                            
00019a10  xdc_runtime_Startup_execImpl__C                                      
00019a14  xdc_runtime_Startup_lastFxns__A                                      
00019a18  xdc_runtime_Startup_maxPasses__C                                     
00019a1c  xdc_runtime_Startup_sfxnRts__C                                       
00019a20  xdc_runtime_Startup_sfxnTab__C                                       
00019a24  xdc_runtime_SysMin_bufSize__C                                        
00019a28  xdc_runtime_SysMin_outputFunc__C                                     
00019a2c  xdc_runtime_System_Module__gateObj__C                                
00019a30  xdc_runtime_System_abortFxn__C                                       
00019a34  xdc_runtime_System_exitFxn__C                                        
00019a38  xdc_runtime_System_extendFxn__C                                      
00019a3c  xdc_runtime_System_maxAtexitHandlers__C                              
00019a40  xdc_runtime_Text_charTab__C                                          
00019a44  xdc_runtime_Text_nameEmpty__C                                        
00019a48  xdc_runtime_Text_nameStatic__C                                       
00019a4c  xdc_runtime_Text_nameUnknown__C                                      
00019a50  xdc_runtime_Text_nodeTab__C                                          
00019a54  xdc_runtime_Text_visitRopeFxn__C                                     
00019a58  ti_sysbios_gates_GateMutex_Module__id__C                             
00019a5a  ti_sysbios_hal_Hwi_Module__id__C                                     
00019a5c  ti_sysbios_heaps_HeapMem_Module__id__C                               
00019a5e  ti_sysbios_knl_Clock_Module__id__C                                   
00019a60  ti_sysbios_knl_Semaphore_Module__id__C                               
00019a62  ti_sysbios_knl_Task_Module__id__C                                    
00019a64  xdc_runtime_Core_Module__id__C                                       
00019a66  xdc_runtime_Error_Module__loggerDefined__C                           
00019a68  xdc_runtime_Error_maxDepth__C                                        
00019a6a  xdc_runtime_Memory_Module__id__C                                     
00019a6c  xdc_runtime_SysMin_flushAtExit__C                                    
00019a6e  xdc_runtime_Text_charCnt__C                                          
00019a70  xdc_runtime_Text_isLoaded__C                                         
00019a72  xdc_runtime_Text_registryModsLastId__C                               
00019a74  xdc_runtime_Text_unnamedModsLastId__C                                
00019a78  __TI_static_base__                                                   
0001a17c  __TI_Handler_Table_Base                                              
0001a188  __TI_Handler_Table_Limit                                             
0001a198  __TI_CINIT_Base                                                      
0001a1b0  __TI_CINIT_Limit                                                     
20000000  __start___llvm_prf_cnts                                              
20000000  __stop___llvm_prf_cnts                                               
20000000  ti_sysbios_family_arm_m3_Hwi_ramVectors                              
20000400  psDMAControlTable                                                    
20000800  task0Stack                                                           
20000c00  ti_sysbios_heaps_HeapMem_Instance_State_0_buf__A                     
20001000  ti_sysbios_family_arm_m3_Hwi_dispatchTable                           
20001360  ti_sysbios_knl_Task_Instance_State_0_stack__A                        
200016a0  __CIOBUF_                                                            
200017c0  i2cTivaObjects                                                       
200018c0  uartTivaObjects                                                      
20001a1c  xdc_runtime_SysMin_Module_State_0_outbuf__A                          
20001a9c  task0Struct                                                          
20001aec  sContext                                                             
20001b38  tempc                                                                
20001b58  uartTivaRingBuffer                                                   
20001b78  datetime                                                             
20001bb8  parmbuf                                                              
20001bc0  sRect                                                                
20001bc8  g_pi32ParmSet                                                        
20001bd0  g_ui32ButtonState                                                    
20001bd4  g_ui32Panel                                                          
20001bdc  timerclock                                                           
20001be0  uart                                                                 
20001be4  g_i16TouchX                                                          
20001be6  g_i16TouchY                                                          
20001be8  g_psPushButtonIndicators                                             
20001e68  g_psSliders                                                          
20002090  g_psPanels                                                           
20002290  g_psPushButtons                                                      
20002470  g_psRadioButtonIndicators                                            
200025f0  g_psCheckBoxIndicators                                               
200026b0  g_psCheckBoxes                                                       
20002770  g_psRadioButtons1                                                    
20002830  g_psRadioButtons2                                                    
200028f0  ti_sysbios_family_arm_lm4_Timer_Object__table__V                     
20002970  ti_sysbios_knl_Swi_Module_State_0_readyQ__A                          
200029f0  ti_sysbios_knl_Task_Module_State_0_readyQ__A                         
20002a70  g_psRadioContainers                                                  
20002ae0  g_sNext                                                              
20002b30  g_sPrevious                                                          
20002b80  ti_sysbios_knl_Task_Object__table__V                                 
20002bcc  ti_sysbios_family_arm_m3_Hwi_Object__table__V                        
20002c14  ti_sysbios_knl_Task_Module__state__V                                 
20002c58  g_sCanvas1                                                           
20002c98  g_sCanvas2                                                           
20002cd8  g_sCanvas3                                                           
20002d18  g_sIntroduction                                                      
20002d58  g_sPrimitives                                                        
20002d98  g_sSliderValueCanvas                                                 
20002dd8  g_sTitle                                                             
20002e18  ti_sysbios_family_arm_lm4_Timer_Module_State_0_device__A             
20002e58  ti_sysbios_hal_SecondsClock_Module__state__V                         
20002e94  g_sContainer1                                                        
20002ecc  g_sContainer2                                                        
20002f04  g_sContainer3                                                        
20002f3c  ti_sysbios_gates_GateMutex_Object__table__V                          
20002f74  ti_sysbios_family_arm_m3_Hwi_Module__state__V                        
20002fa8  ti_sysbios_knl_Swi_Object__table__V                                  
20002fd8  g_sRoot                                                              
20003006  ti_sysbios_family_arm_m3_Hwi_Module_State_0_excActive__A             
20003008  ti_sysbios_knl_Clock_Module__state__V                                
20003034  g_pcPanei32Names                                                     
20003058  ti_sysbios_BIOS_Module__state__V                                     
2000307c  ti_sysbios_family_arm_lm4_Timer_Module_State_0_handles__A            
2000309c  gpioPinConfigs                                                       
200030b8  ti_sysbios_knl_Swi_Module__state__V                                  
200030d4  ti_sysbios_heaps_HeapMem_Object__table__V                            
200030ec  ti_sysbios_family_arm_lm4_Timer_Module__state__V                     
200030f8  xdc_runtime_SysMin_Module__state__V                                  
20003104  _lock                                                                
20003108  _unlock                                                              
2000310c  gpioCallbackFunctions                                                
20003114  ti_sysbios_family_arm_lm4_Timer_Module__root__V                      
2000311c  ti_sysbios_family_arm_lm4_TimestampProvider_Module__state__V         
20003124  ti_sysbios_family_arm_m3_Hwi_Module__root__V                         
2000312c  ti_sysbios_gates_GateHwi_Module__root__V                             
20003134  ti_sysbios_gates_GateMutex_Module__root__V                           
2000313c  ti_sysbios_hal_Timer_Module__root__V                                 
20003144  ti_sysbios_heaps_HeapMem_Module__root__V                             
2000314c  ti_sysbios_knl_Clock_Module__root__V                                 
20003154  ti_sysbios_knl_Queue_Module__root__V                                 
2000315c  ti_sysbios_knl_Semaphore_Module__root__V                             
20003164  ti_sysbios_knl_Task_Module__root__V                                  
2000316c  xdc_runtime_Registry_Module__state__V                                
20003174  xdc_runtime_Startup_Module__state__V                                 
2000317c  xdc_runtime_System_Module_State_0_atexitHandlers__A                  
20003184  xdc_runtime_System_Module__state__V                                  
20003191  motorStartStop                                                       
20003192  HA                                                                   
20003193  HB                                                                   
20003194  HC                                                                   
20003195  LowLight                                                             
20003196  xdc_runtime_Error_Module__state__V                                   
200031a0  errno                                                                
200031a4  main_func_sp                                                         
200031a8  ti_sysbios_family_arm_m3_Hwi_Module_State_0_excContext__A            
200031ac  ti_sysbios_family_arm_m3_Hwi_Module_State_0_excStack__A              
200031b0  ti_sysbios_gates_GateHwi_Object__table__V                            
200031b4  ti_sysbios_knl_Task_Module_State_0_idleTask__A                       
200031b8  g_i16TouchMin                                                        
200031bc  xdc_runtime_Memory_Module__state__V                                  
200031c0  __stack                                                              
200034c0  __STACK_END                                                          
e000e000  ti_sysbios_family_arm_m3_Hwi_nvic                                    
ffffffff  __TI_pprof_out_hndl                                                  
ffffffff  __TI_prof_data_size                                                  
ffffffff  __TI_prof_data_start                                                 
ffffffff  __binit__                                                            
ffffffff  __c_args__                                                           
ffffffff  binit                                                                
UNDEFED   SHT$$INIT_ARRAY$$Base                                                
UNDEFED   SHT$$INIT_ARRAY$$Limit                                               

[877 symbols]
