******************************************************************************
                  TI ARM Linker PC v20.2.5                     
******************************************************************************
>> Linked Wed Jun  1 19:18:58 2022

OUTPUT FILE NAME:   <EGH456MotorProject.out>
ENTRY POINT SYMBOL: "_c_int00"  address: 0000d729


MEMORY CONFIGURATION

         name            origin    length      used     unused   attr    fill
----------------------  --------  ---------  --------  --------  ----  --------
  FLASH                 00000000   00100000  000195e8  000e6a18  R  X
  SRAM                  20000000   00040000  00006c18  000393e8  RW X


SEGMENT ALLOCATION MAP

run origin  load origin   length   init length attrs members
----------  ----------- ---------- ----------- ----- -------
00000000    00000000    000195f8   000195f8    r-x
  00000000    00000000    0000003c   0000003c    r-- .resetVecs
  00000040    00000040    00010f32   00010f32    r-x .text
  00010f78    00010f78    0000820a   0000820a    r-- .const
  00019188    00019188    00000470   00000470    r-- .cinit
20000000    20000000    00000360   00000000    rw-
  20000000    20000000    00000360   00000000    rw- .vecs
20000400    20000400    000068b8   00000000    rw-
  20000400    20000400    00005770   00000000    rw- .bss
  20005b70    20005b70    00000d48   00000000    rw- .data
  200068b8    200068b8    00000400   00000000    rw- .stack


SECTION ALLOCATION MAP

 output                                  attributes/
section   page    origin      length       input sections
--------  ----  ----------  ----------   ----------------
.text      0    00000040    00010f32     
                  00000040    00000a4e     rtsv7M4_T_le_v4SPD16_eabi.lib : _printfi.c.obj (.text:__TI_printfi)
                  00000a8e    00000002                                   : _lock.c.obj (.text:_nop)
                  00000a90    000006ac     MotorLib.lib : motorlib.obj (.text)
                  0000113c    00000438     ustdlib.obj (.text:uvsnprintf)
                  00001574    00000004     driverlib.lib : i2c.obj (.text:I2CMasterControl)
                  00001578    00000430     sysbios.aem4f : BIOS.obj (.text:ti_sysbios_family_arm_m3_Hwi_excDumpRegs__I)
                  000019a8    0000041c     GlobalDraw.obj (.text:MotorPage)
                  00001dc4    000003bc     GlobalDraw.obj (.text:GraphPrimitive)
                  00002180    00000390     GlobalDraw.obj (.text:SensorPage)
                  00002510    00000374     grlib.lib : image.obj (.text:InternalImageDraw)
                  00002884    0000034c     ti.targets.arm.rtsarm.aem4f : System.oem4f (.text:xdc_runtime_System_doPrint__I)
                  00002bd0    00000320     sysbios.aem4f : BIOS.obj (.text:ti_sysbios_knl_Event_pend__E)
                  00002ef0    000002f8     grlib.lib : image.obj (.text:PixelTransparentDraw)
                  000031e8    000002c8     Motor.obj (.text:RegulateSpeed)
                  000034b0    000002c6     grlib.lib : slider.obj (.text:SliderPaint)
                  00003776    00000002     rtsv7M4_T_le_v4SPD16_eabi.lib : div0.asm.obj (.text)
                  00003778    000002a4     sysbios.aem4f : BIOS.obj (.text:ti_sysbios_knl_Semaphore_pend__E)
                  00003a1c    000002a0     GlobalDraw.obj (.text:TopBarDraw)
                  00003cbc    00000270     rtsv7M4_T_le_v4SPD16_eabi.lib : _printfi.c.obj (.text:_pconv_a)
                  00003f2c    00000004     driverlib.lib : i2c.obj (.text:I2CMasterDataGet)
                  00003f30    0000026c     sysbios.aem4f : BIOS.obj (.text:ti_sysbios_heaps_HeapMem_free__E)
                  0000419c    00000268     touch.obj (.text:TouchScreenDebouncer)
                  00004404    00000254     grlib.lib : string.obj (.text:GrFontGlyphRender)
                  00004658    00000250     sysbios.aem4f : BIOS.obj (.text:ti_sysbios_heaps_HeapMem_alloc__E)
                  000048a8    00000234                   : BIOS.obj (.text:ti_sysbios_knl_Task_Instance_finalize__E)
                  00004adc    00000224     empty.obj (.text:main)
                  00004d00    00000210     GlobalDraw.obj (.text:updateSensorPage)
                  00004f10    0000020c     drivers_tivaware.aem4f : UARTTiva.oem4f (.text:UARTTiva_open)
                  0000511c    00000204     Boot.aem4f : Boot_sysctl.oem4f (.text:ti_catalog_arm_cortexm4_tiva_ce_Boot_sysCtlClockFreqSetI__I)
                  00005320    00000200     Motor.obj (.text:PIControl)
                  00005520    00000200     rtsv7M4_T_le_v4SPD16_eabi.lib : s_exp2.c.obj (.text:exp2)
                  00005720    000001f4     sysbios.aem4f : BIOS.obj (.text:ti_sysbios_family_arm_m3_Hwi_excHandlerMax__I)
                  00005914    000001e4     Kentec320x240x16_ssd2119_spi.obj (.text:Kentec320x240x16_SSD2119Init)
                  00005af8    000001dc     Kentec320x240x16_ssd2119_spi.obj (.text:Kentec320x240x16_SSD2119PixelDrawMultiple)
                  00005cd4    000001d4     sensors.obj (.text:readOptFxn)
                  00005ea8    000001d0     rtsv7M4_T_le_v4SPD16_eabi.lib : _printfi.c.obj (.text:_pconv_g)
                  00006078    000001c8     sysbios.aem4f : BIOS.obj (.text:ti_sysbios_knl_Task_sleep__E)
                  00006240    000001c0                   : BIOS.obj (.text:ti_sysbios_knl_Task_Instance_init__E)
                  00006400    000001bc     GlobalDraw.obj (.text:UpdateGraphPlot)
                  000065bc    000001bc     empty.obj (.text:heartBeatFxn)
                  00006778    000001b6     rtsv7M4_T_le_v4SPD16_eabi.lib : fd_add_t2.asm.obj (.text)
                  0000692e    00000002     empty_pem4f.oem4f (.text:ti_sysbios_BIOS_nullFunc__I)
                  00006930    000001a4     GlobalDraw.obj (.text:MotorPageUpdate)
                  00006ad4    000001a4     pinout.obj (.text:PinoutSet)
                  00006c78    000001a0     sysbios.aem4f : BIOS.obj (.text:ti_sysbios_gates_GateMutexPri_enter__E)
                  00006e18    00000190     grlib.lib : canvas.obj (.text:CanvasPaint)
                  00006fa8    0000017e               : pushbutton.obj (.text:RectangularButtonPaint)
                  00007126    00000002     empty_pem4f.oem4f (.text:xdc_runtime_Startup_reset__I)
                  00007128    00000178     touch.obj (.text:TouchScreenIntHandler)
                  000072a0    00000174     sysbios.aem4f : BIOS.obj (.text:ti_sysbios_family_arm_m3_Hwi_excBusFault__I)
                  00007414    00000170     drivers_tivaware.aem4f : PWMTiva.oem4f (.text:PWMTiva_open)
                  00007584    00000004     driverlib.lib : i2c.obj (.text:I2CMasterDataPut)
                  00007588    00000164     sysbios.aem4f : BIOS.obj (.text:ti_sysbios_family_arm_m3_Hwi_excUsageFault__I)
                  000076ec    0000015c     sensors.obj (.text:accelSensorFilterFxn)
                  00007848    00000158     sensors.obj (.text:readCurrentFxn)
                  000079a0    00000150     drivers_tivaware.aem4f : GPIOTiva.oem4f (.text:GPIO_setConfig)
                  00007af0    0000014c     sensors.obj (.text:readAccFxn)
                  00007c3c    00000004     driverlib.lib : uart.obj (.text:UARTIntClear)
                  00007c40    00000148     sysbios.aem4f : BIOS.obj (.text:ti_sysbios_family_arm_m3_Hwi_excMemFault__I)
                  00007d88    0000013c     rtsv7M4_T_le_v4SPD16_eabi.lib : _printfi.c.obj (.text:_pconv_e)
                  00007ec4    00000004     grlib.lib : widget.obj (.text:WidgetDefaultMsgProc)
                  00007ec8    0000013c     sysbios.aem4f : BIOS.obj (.text:ti_sysbios_heaps_HeapMem_Instance_init__E)
                  00008004    00000136     rtsv7M4_T_le_v4SPD16_eabi.lib : fd_div_t2.asm.obj (.text)
                  0000813a    00000006     driverlib.lib : gpio.obj (.text:GPIOIntClear)
                  00008140    00000134     sysbios.aem4f : BIOS.obj (.text:ti_sysbios_knl_Task_setPri__E)
                  00008274    00000130     GlobalDraw.obj (.text:BannerInit)
                  000083a4    00000130     driverlib.lib : gpio.obj (.text:GPIOPadConfigSet)
                  000084d4    00000124     rtsv7M4_T_le_v4SPD16_eabi.lib : _printfi.c.obj (.text:fcvt)
                  000085f8    00000118     ti.targets.arm.rtsarm.aem4f : Error.oem4f (.text:xdc_runtime_Error_policyDefault__E)
                  00008710    00000114     drivers_tivaware.aem4f : PWMTimerTiva.oem4f (.text:PWMTimerTiva_open)
                  00008824    00000110     sensors.obj (.text:currentSensorFilterFxn)
                  00008934    00000110     rtsv7M4_T_le_v4SPD16_eabi.lib : s_scalbn.c.obj (.text:scalbn)
                  00008a44    0000010c     Kentec320x240x16_ssd2119_spi.obj (.text:Kentec320x240x16_SSD2119RectFill)
                  00008b50    0000010c     touch.obj (.text:TouchScreenInit)
                  00008c5c    0000010c     GlobalDraw.obj (.text:graphSelectPage)
                  00008d68    00000108     sysbios.aem4f : BIOS.obj (.text:ti_sysbios_family_arm_lm4_Timer_start__E)
                  00008e70    00000108                   : BIOS.obj (.text:ti_sysbios_knl_Clock_Instance_init__E)
                  00008f78    00000106     grlib.lib : line.obj (.text:GrLineDraw)
                  0000907e    00000002     --HOLE-- [fill = 0]
                  00009080    00000104     sysbios.aem4f : BIOS.obj (.text:ti_sysbios_knl_Event_post__E)
                  00009184    00000100     ti.targets.arm.rtsarm.aem4f : Core-mem.oem4f (.text:xdc_runtime_Core_createObject__I)
                  00009284    000000fc     rtsv7M4_T_le_v4SPD16_eabi.lib : fd_mul_t2.asm.obj (.text)
                  00009380    000000f8     ti.targets.arm.rtsarm.aem4f : Startup.oem4f (.text:xdc_runtime_Startup_startMods__I)
                  00009478    000000f8     empty_pem4f.oem4f (.text:xdc_runtime_System_printfExtend__I)
                  00009570    000000f4     Motor.obj (.text:MotorMain)
                  00009664    000000f4     sysbios.aem4f : m3_Hwi_asm.obj (.text:ti_sysbios_family_arm_m3_Hwi_dispatch__I)
                  00009758    000000f2     grlib.lib : pushbutton.obj (.text:RectangularButtonClick)
                  0000984a    000000f0     drivers_tivaware.aem4f : PWMTiva.oem4f (.text:PWMTiva_setDuty)
                  0000993a    000000f0     bmi160.obj (.text:bmi160_init)
                  00009a2a    00000006     driverlib.lib : gpio.obj (.text:GPIOPinRead)
                  00009a30    000000ec     sysbios.aem4f : BIOS.obj (.text:ti_sysbios_knl_Semaphore_post__E)
                  00009b1c    000000e8     grlib.lib : widget.obj (.text:WidgetMessageQueueAdd)
                  00009c04    000000e0     drivers_tivaware.aem4f : I2CTiva.oem4f (.text:I2CTiva_open)
                  00009ce4    000000d8     GlobalDraw.obj (.text:MainPage)
                  00009dbc    000000d6     drivers_tivaware.aem4f : I2CTiva.oem4f (.text:I2CTiva_hwiFxn)
                  00009e92    000000d6     grlib.lib : slider.obj (.text:SliderClick)
                  00009f68    000000d4     sysbios.aem4f : BIOS.obj (.text:ti_sysbios_knl_Swi_Instance_init__E)
                  0000a03c    000000cc     ti.targets.arm.rtsarm.aem4f : Core-smem.oem4f (.text:xdc_runtime_Core_constructObject__I)
                  0000a108    000000c0     grlib.lib : string.obj (.text:GrDefaultStringRenderer)
                  0000a1c8    000000bc     sysbios.aem4f : BIOS.obj (.text:ti_sysbios_family_arm_m3_Hwi_excDebugMon__I)
                  0000a284    00000004     rtsv7M4_T_le_v4SPD16_eabi.lib : exit.c.obj (.text:abort:abort)
                  0000a288    000000bc     sysbios.aem4f : BIOS.obj (.text:ti_sysbios_family_arm_m3_Hwi_excHardFault__I)
                  0000a344    000000b8     EK_TM4C1294XL.obj (.text:EK_TM4C1294XL_initGeneral)
                  0000a3fc    000000b8     grlib.lib : line.obj (.text:GrLineClip)
                  0000a4b4    000000b8     Kentec320x240x16_ssd2119_spi.obj (.text:InitSPILCDInterface)
                  0000a56c    000000b8     drivers_tivaware.aem4f : PWMTimerTiva.oem4f (.text:PWMTimerTiva_setDuty)
                  0000a624    000000b4     grlib.lib : widget.obj (.text:WidgetMessageSendPostOrder)
                  0000a6d8    000000b4     sysbios.aem4f : BIOS.obj (.text:ti_sysbios_gates_GateMutex_enter__E)
                  0000a78c    00000004     empty_pem4f.oem4f (.text:ti_sysbios_BIOS_RtsGateProxy_enter__E)
                  0000a790    000000b4     sysbios.aem4f : BIOS.obj (.text:ti_sysbios_knl_Task_checkStacks__E)
                  0000a844    000000b1     rtsv7M4_T_le_v4SPD16_eabi.lib : _printfi.c.obj (.text:_ltostr)
                  0000a8f5    00000001     --HOLE-- [fill = 0]
                  0000a8f6    000000b0     grlib.lib : slider.obj (.text:SliderValueToPosition)
                  0000a9a6    000000ac     drivers_tivaware.aem4f : UARTTiva.oem4f (.text:readTaskBlocking)
                  0000aa52    00000006     driverlib.lib : gpio.obj (.text:GPIOPinWrite)
                  0000aa58    000000ac     sysbios.aem4f : BIOS.obj (.text:ti_sysbios_family_arm_lm4_Timer_enableTiva__I)
                  0000ab04    00000004     empty_pem4f.oem4f (.text:ti_sysbios_BIOS_RtsGateProxy_leave__E)
                  0000ab08    000000a4     sysbios.aem4f : BIOS.obj (.text:ti_sysbios_knl_Clock_Instance_finalize__E)
                  0000abac    000000a0     auto_init.aem4f : auto_init.oem4f (.text)
                  0000ac4c    000000a0     ti.targets.arm.rtsarm.aem4f : Text.oem4f (.text:xdc_runtime_Text_putMod__E)
                  0000acec    0000009c     GlobalDraw.obj (.text:ChangeMotorStat)
                  0000ad88    0000009c     EK_TM4C1294XL.obj (.text:EK_TM4C1294XL_initI2C)
                  0000ae24    0000009c     rtsv7M4_T_le_v4SPD16_eabi.lib : memcpy_t2.asm.obj (.text)
                  0000aec0    0000009c     sysbios.aem4f : BIOS.obj (.text:ti_sysbios_knl_Semaphore_Instance_init__E)
                  0000af5c    0000009a     ti.targets.arm.rtsarm.aem4f : Text.oem4f (.text:xdc_runtime_Text_putSite__E)
                  0000aff6    00000098     drivers_tivaware.aem4f : UARTTiva.oem4f (.text:UARTTiva_readPolling)
                  0000b08e    00000002     --HOLE-- [fill = 0]
                  0000b090    00000098     Boot.aem4f : Boot.oem4f (.text:ti_catalog_arm_cortexm4_tiva_ce_Boot_sysCtlClockFreqSet__E)
                  0000b128    00000096     rtsv7M4_T_le_v4SPD16_eabi.lib : ull_div_t2.asm.obj (.text)
                  0000b1be    00000094     drivers_tivaware.aem4f : UARTTiva.oem4f (.text:UARTTiva_write)
                  0000b252    00000006     grlib.lib : string.obj (.text:GrContextFontSet)
                  0000b258    00000094     sysbios.aem4f : BIOS.obj (.text:ti_sysbios_family_arm_m3_Hwi_Instance_init__E)
                  0000b2ec    00000004                   : BIOS.obj (.text:ti_sysbios_family_arm_lm4_Timer_masterEnable__I)
                  0000b2f0    00000094                   : BIOS.obj (.text:ti_sysbios_family_arm_m3_Hwi_initNVIC__E)
                  0000b384    00000004     empty_pem4f.oem4f (.text:ti_sysbios_family_arm_m3_Hwi_destruct)
                  0000b388    00000094     sysbios.aem4f : BIOS.obj (.text:ti_sysbios_knl_Task_postInit__I)
                  0000b41c    0000008c     drivers_tivaware.aem4f : GPIOTiva.oem4f (.text:GPIO_init)
                  0000b4a8    0000008c                            : UARTTiva.oem4f (.text:UARTTiva_control)
                  0000b534    0000008c     sysbios.aem4f : m3_TaskSupport_asm.obj (.text:ti_sysbios_family_arm_m3_TaskSupport_buildTaskStack)
                  0000b5c0    0000008c                   : BIOS.obj (.text:ti_sysbios_hal_SecondsClock_Module_startup__E)
                  0000b64c    0000008a     drivers_tivaware.aem4f : UARTTiva.oem4f (.text:readIsrTextBlocking)
                  0000b6d6    00000002     --HOLE-- [fill = 0]
                  0000b6d8    00000088     GlobalDraw.obj (.text:BackMainMotorPage)
                  0000b760    00000088     GlobalDraw.obj (.text:GraphPageCurrent)
                  0000b7e8    00000088     drivers_tivaware.aem4f : PWMTiva.oem4f (.text:PWMTiva_control)
                  0000b870    00000086     grlib.lib : rectangle.obj (.text:GrRectFill)
                  0000b8f6    00000086     rtsv7M4_T_le_v4SPD16_eabi.lib : fd_cmp_t2.asm.obj (.text:__aeabi_cdcmple)
                  0000b97c    00000086                                   : fd_cmp_t2.asm.obj (.text:__aeabi_cdrcmple)
                  0000ba02    00000002     --HOLE-- [fill = 0]
                  0000ba04    00000084     GlobalDraw.obj (.text:GraphPageAccel)
                  0000ba88    00000084     GlobalDraw.obj (.text:GraphPageLight)
                  0000bb0c    00000004     empty_pem4f.oem4f (.text:ti_sysbios_family_arm_m3_TaskSupport_Module__startupDone__S)
                  0000bb10    00000084     sysbios.aem4f : BIOS.obj (.text:ti_sysbios_family_arm_m3_Hwi_postInit__I)
                  0000bb94    00000082     opt3001.obj (.text:opt3001_init)
                  0000bc16    00000082     drivers_tivaware.aem4f : UARTTiva.oem4f (.text:readIsrTextCallback)
                  0000bc98    00000080     grlib.lib : rectangle.obj (.text:GrRectIntersectGet)
                  0000bd18    00000080     GlobalDraw.obj (.text:GraphPageVelocity)
                  0000bd98    0000007e     drivers_tivaware.aem4f : I2CTiva.oem4f (.text:I2CTiva_transfer)
                  0000be16    00000002     --HOLE-- [fill = 0]
                  0000be18    0000007c     sensors.obj (.text:adc_init)
                  0000be94    0000007a     driverlib.lib : adc.obj (.text:ADCSequenceStepConfigure)
                  0000bf0e    0000007a     drivers_tivaware.aem4f : UARTTiva.oem4f (.text:readTaskCallback)
                  0000bf88    0000007a     rtsv7M4_T_le_v4SPD16_eabi.lib : memset_t2.asm.obj (.text)
                  0000c002    00000002     --HOLE-- [fill = 0]
                  0000c004    00000078     GlobalDraw.obj (.text:UpdateAccelGraph)
                  0000c07c    00000078     GlobalDraw.obj (.text:UpdateCurrentGraph)
                  0000c0f4    00000078     GlobalDraw.obj (.text:UpdateLightGraph)
                  0000c16c    00000076     GraphFunctions.obj (.text:ArrayUpdate)
                  0000c1e2    00000002     --HOLE-- [fill = 0]
                  0000c1e4    00000074     GlobalDraw.obj (.text:InitScreen)
                  0000c258    00000074     GlobalDraw.obj (.text:UpdateVelocityGraph)
                  0000c2cc    00000004     empty_pem4f.oem4f (.text:ti_sysbios_heaps_HeapMem_Module_GateProxy_enter__E)
                  0000c2d0    00000074     sysbios.aem4f : BIOS.obj (.text:ti_sysbios_knl_Clock_start__E)
                  0000c344    00000070     sensors.obj (.text:lightSensorFilterFxn)
                  0000c3b4    00000070     opt3001.obj (.text:opt3001_read)
                  0000c424    00000004     empty_pem4f.oem4f (.text:ti_sysbios_heaps_HeapMem_Module_GateProxy_leave__E)
                  0000c428    00000070     sysbios.aem4f : BIOS.obj (.text:ti_sysbios_knl_Clock_workFunc__E)
                  0000c498    00000070                   : BIOS.obj (.text:ti_sysbios_knl_Task_exit__E)
                  0000c508    0000006e     rtsv7M4_T_le_v4SPD16_eabi.lib : _printfi.c.obj (.text:_mcpy)
                  0000c576    00000002     --HOLE-- [fill = 0]
                  0000c578    0000006d     ti.targets.arm.rtsarm.aem4f : System.oem4f (.text:xdc_runtime_System_formatNum__I)
                  0000c5e5    00000003     --HOLE-- [fill = 0]
                  0000c5e8    0000006c     GraphFunctions.obj (.text:CalcAvg)
                  0000c654    0000006c     Motor.obj (.text:HAllF)
                  0000c6c0    0000006c     drivers_tivaware.aem4f : PWMTimerTiva.oem4f (.text:PWMTimerTiva_control)
                  0000c72c    00000004     empty_pem4f.oem4f (.text:ti_sysbios_knl_Clock_TimerProxy_getFreq__E)
                  0000c730    0000006c     sysbios.aem4f : BIOS.obj (.text:ti_sysbios_gates_GateMutexPri_leave__E)
                  0000c79c    00000004     empty_pem4f.oem4f (.text:ti_sysbios_knl_Clock_TimerProxy_getMaxTicks__E)
                  0000c7a0    0000006c     sysbios.aem4f : BIOS.obj (.text:ti_sysbios_knl_Swi_restoreHwi__E)
                  0000c80c    0000006c     drivers_tivaware.aem4f : UARTTiva.oem4f (.text:writeData)
                  0000c878    0000006c     ti.targets.arm.rtsarm.aem4f : Error.oem4f (.text:xdc_runtime_Error_print__E)
                  0000c8e4    0000006c                                 : Memory.oem4f (.text:xdc_runtime_Memory_alloc__E)
                  0000c950    0000006a     drivers_tivaware.aem4f : PWMTiva.oem4f (.text:PWMTiva_close)
                  0000c9ba    00000002     --HOLE-- [fill = 0]
                  0000c9bc    00000068     grlib.lib : context.obj (.text:GrContextInit)
                  0000ca24    00000068               : string.obj (.text:GrStringWidthGet)
                  0000ca8c    00000068     driverlib.lib : interrupt.obj (.text:IntEnable)
                  0000caf4    00000068     Kentec320x240x16_ssd2119_spi.obj (.text:Kentec320x240x16_SSD2119LineDrawH)
                  0000cb5c    00000068     Kentec320x240x16_ssd2119_spi.obj (.text:Kentec320x240x16_SSD2119LineDrawV)
                  0000cbc4    00000068     rtsv7M4_T_le_v4SPD16_eabi.lib : copy_decompress_lzss.c.obj (.text:decompress:lzss:__TI_decompress_lzss)
                  0000cc2c    00000068     opt3001.obj (.text:opt3001_convert)
                  0000cc94    00000066     grlib.lib : context.obj (.text:GrContextClipRegionSet)
                  0000ccfa    00000066               : rectangle.obj (.text:GrRectDraw)
                  0000cd60    00000066     ti.targets.arm.rtsarm.aem4f : Core-mem.oem4f (.text:xdc_runtime_Core_deleteObject__I)
                  0000cdc6    00000002     --HOLE-- [fill = 0]
                  0000cdc8    00000064     drivers_tivaware.aem4f : GPIOTiva.oem4f (.text:GPIO_hwiIntFxn)
                  0000ce2c    00000064     grlib.lib : widget.obj (.text:WidgetMessageQueueProcess)
                  0000ce90    00000064     rtsv7M4_T_le_v4SPD16_eabi.lib : s_frexp.c.obj (.text:frexp)
                  0000cef4    00000064     GraphFunctions.obj (.text:min_element)
                  0000cf58    00000064     sysbios.aem4f : BIOS.obj (.text:ti_sysbios_family_arm_lm4_Timer_Module_startup__E)
                  0000cfbc    00000064     empty_pem4f.oem4f (.text:ti_sysbios_family_arm_m3_Hwi_create)
                  0000d020    00000064     sysbios.aem4f : BIOS.obj (.text:ti_sysbios_family_arm_m3_Hwi_dispatchC__I)
                  0000d084    00000062     drivers_tivaware.aem4f : I2CTiva.oem4f (.text:I2CTiva_primeTransfer)
                  0000d0e6    00000002     --HOLE-- [fill = 0]
                  0000d0e8    00000060     driverlib.lib : timer.obj (.text:TimerConfigure)
                  0000d148    00000060     Kentec320x240x16_ssd2119_spi.obj (.text:WriteDataSPI)
                  0000d1a8    00000060     sysbios.aem4f : BIOS.obj (.text:ti_sysbios_knl_Task_schedule__I)
                  0000d208    0000005e     grlib.lib : widget.obj (.text:WidgetMessageSendPreOrder)
                  0000d266    0000005e     bmi160.obj (.text:bmi160_getAccel)
                  0000d2c4    0000005e     drivers_tivaware.aem4f : UARTTiva.oem4f (.text:readIsrBinaryBlocking)
                  0000d322    00000002     --HOLE-- [fill = 0]
                  0000d324    0000005c     GlobalDraw.obj (.text:OnSliderChange)
                  0000d380    0000005c     Kentec320x240x16_ssd2119_spi.obj (.text:WriteCommandSPI)
                  0000d3dc    0000005c     GraphFunctions.obj (.text:max_element)
                  0000d438    0000005c     empty_pem4f.oem4f (.text:ti_sysbios_knl_Swi_create)
                  0000d494    00000004     empty_pem4f.oem4f (.text:ti_sysbios_knl_Clock_TimerProxy_getPeriod__E)
                  0000d498    0000005c     sysbios.aem4f : BIOS.obj (.text:ti_sysbios_knl_Swi_run__I)
                  0000d4f4    00000004     empty_pem4f.oem4f (.text:ti_sysbios_knl_Clock_destruct)
                  0000d4f8    0000005c     sysbios.aem4f : BIOS.obj (.text:ti_sysbios_knl_Swi_schedule__I)
                  0000d554    00000004     empty_pem4f.oem4f (.text:ti_sysbios_knl_Queue_destruct)
                  0000d558    0000005c     sysbios.aem4f : BIOS.obj (.text:ti_sysbios_knl_Task_Module_startup__E)
                  0000d5b4    00000004     empty_pem4f.oem4f (.text:ti_sysbios_knl_Semaphore_destruct)
                  0000d5b8    0000005c     sysbios.aem4f : BIOS.obj (.text:ti_sysbios_knl_Task_startCore__E)
                  0000d614    0000005c     i2cDriver.obj (.text:writeI2C)
                  0000d670    0000005b     ti.targets.arm.rtsarm.aem4f : Text.oem4f (.text:xdc_runtime_Text_putLab__E)
                  0000d6cb    00000001     --HOLE-- [fill = 0]
                  0000d6cc    0000005a     grlib.lib : string.obj (.text:FontWideGlyphDataGet)
                  0000d726    00000002     --HOLE-- [fill = 0]
                  0000d728    00000058     boot.aem4f : boot.oem4f (.text)
                  0000d780    00000058     rtsv7M4_T_le_v4SPD16_eabi.lib : hostwrite.c.obj (.text:HOSTwrite)
                  0000d7d8    00000058     grlib.lib : slider.obj (.text:SliderPositionToValue)
                  0000d830    00000058     driverlib.lib : timer.obj (.text:TimerControlTrigger)
                  0000d888    00000058     empty_pem4f.oem4f (.text:ti_sysbios_family_arm_m3_Hwi_construct)
                  0000d8e0    00000058     sysbios.aem4f : m3_Hwi_asm_switch.obj (.text:ti_sysbios_family_arm_m3_Hwi_initStacks__E)
                  0000d938    00000058     ustdlib.obj (.text:ustrncpy)
                  0000d990    00000057     Motor.obj (.text:MotorInit)
                  0000d9e7    00000001     --HOLE-- [fill = 0]
                  0000d9e8    00000056     driverlib.lib : gpio.obj (.text:GPIOIntTypeSet)
                  0000da3e    00000056     rtsv7M4_T_le_v4SPD16_eabi.lib : _printfi.c.obj (.text:_pconv_f)
                  0000da94    00000054     Motor.obj (.text:GetCurrentSpeed)
                  0000dae8    00000054     Motor.obj (.text:MotorStart)
                  0000db3c    00000054     rtsv7M4_T_le_v4SPD16_eabi.lib : _ltoa.c.obj (.text:__TI_ltoa)
                  0000db90    00000054     sensors.obj (.text:i2c_Open)
                  0000dbe4    00000054     drivers_tivaware.aem4f : UARTTiva.oem4f (.text:readIsrBinaryCallback)
                  0000dc38    00000054     sysbios.aem4f : BIOS.obj (.text:ti_sysbios_family_arm_lm4_Timer_initDevice__I)
                  0000dc8c    00000004     ti.targets.arm.rtsarm.aem4f : Error.oem4f (.text:xdc_runtime_Error_getSite__E)
                  0000dc90    00000054     sysbios.aem4f : BIOS.obj (.text:ti_sysbios_knl_Swi_Instance_finalize__E)
                  0000dce4    00000054     empty_pem4f.oem4f (.text:ti_sysbios_knl_Task_construct)
                  0000dd38    00000054     ti.targets.arm.rtsarm.aem4f : Assert.oem4f (.text:xdc_runtime_Assert_raise__I)
                  0000dd8c    00000052     rtsv7M4_T_le_v4SPD16_eabi.lib : _printfi.c.obj (.text:_ecpy)
                  0000ddde    00000002     --HOLE-- [fill = 0]
                  0000dde0    00000050     drivers_tivaware.aem4f : GPIOTiva.oem4f (.text:GPIO_setCallback)
                  0000de30    00000050                            : GPIOTiva.oem4f (.text:GPIO_write)
                  0000de80    00000050                            : UARTTiva.oem4f (.text:UARTTiva_writeCancel)
                  0000ded0    00000050     Boot.aem4f : Boot_sysctl.oem4f (.text:_SysCtlFrequencyGet)
                  0000df20    00000050     sysbios.aem4f : BIOS.obj (.text:ti_sysbios_family_arm_m3_Hwi_Module_startup__E)
                  0000df70    00000050     ti.targets.arm.rtsarm.aem4f : Startup.oem4f (.text:xdc_runtime_Startup_exec__E)
                  0000dfc0    00000050                                 : Text.oem4f (.text:xdc_runtime_Text_visitRope2__I)
                  0000e010    0000004c     drivers_tivaware.aem4f : UARTTiva.oem4f (.text:UARTTiva_close)
                  0000e05c    0000004c     grlib.lib : widget.obj (.text:WidgetRemove)
                  0000e0a8    0000004c     rtsv7M4_T_le_v4SPD16_eabi.lib : atoi.c.obj (.text:atoi)
                  0000e0f4    0000004c                                   : cpy_tbl.c.obj (.text:copy_in)
                  0000e140    0000004c     i2cDriver.obj (.text:readI2C)
                  0000e18c    00000004     empty_pem4f.oem4f (.text:xdc_runtime_System_Module_GateProxy_enter__E)
                  0000e190    0000004c     sysbios.aem4f : BIOS.obj (.text:ti_sysbios_family_arm_lm4_Timer_setAvailMask__E)
                  0000e1dc    00000004     empty_pem4f.oem4f (.text:xdc_runtime_System_Module_GateProxy_leave__E)
                  0000e1e0    0000004c     sysbios.aem4f : BIOS.obj (.text:ti_sysbios_heaps_HeapMem_getStats__E)
                  0000e22c    00000004     ti.targets.arm.rtsarm.aem4f : System.oem4f (.text:xdc_runtime_System_aprintf_va__F)
                  0000e230    0000004c     sysbios.aem4f : BIOS.obj (.text:ti_sysbios_knl_Swi_runLoop__I)
                  0000e27c    00000004     ti.targets.arm.rtsarm.aem4f : System.oem4f (.text:xdc_runtime_System_printf_va__F)
                  0000e280    0000004c     sysbios.aem4f : BIOS.obj (.text:ti_sysbios_knl_Task_allBlockedFunction__I)
                  0000e2cc    00000004     --HOLE-- [fill = 0]
                  0000e2d0    0000004c                   : BIOS.obj (.text:ti_sysbios_knl_Task_block__E)
                  0000e31c    0000004a     drivers_tivaware.aem4f : PWMTimerTiva.oem4f (.text:PWMTimerTiva_close)
                  0000e366    0000004a     grlib.lib : string.obj (.text:UpdateContextCharMapping)
                  0000e3b0    00000048     driverlib.lib : gpio.obj (.text:GPIOPinConfigure)
                  0000e3f8    00000048                   : i2c.obj (.text:I2CMasterInitExpClk)
                  0000e440    00000048     rtsv7M4_T_le_v4SPD16_eabi.lib : fd_toi_t2.asm.obj (.text)
                  0000e488    00000048     sysbios.aem4f : BIOS.obj (.text:ti_sysbios_family_arm_lm4_Timer_enableTimers__I)
                  0000e4d0    00000048                   : BIOS.obj (.text:ti_sysbios_family_arm_m3_Hwi_disableInterrupt__E)
                  0000e518    00000048                   : BIOS.obj (.text:ti_sysbios_family_arm_m3_Hwi_enableInterrupt__E)
                  0000e560    00000048                   : BIOS.obj (.text:ti_sysbios_family_arm_m3_Hwi_excReserved__I)
                  0000e5a8    00000048                   : BIOS.obj (.text:ti_sysbios_hal_SecondsClock_increment__I)
                  0000e5f0    00000048                   : BIOS.obj (.text:ti_sysbios_knl_Mailbox_Module_startup__E)
                  0000e638    00000046     grlib.lib : line.obj (.text:GrLineDrawH)
                  0000e67e    00000046               : line.obj (.text:GrLineDrawV)
                  0000e6c4    00000046     Kentec320x240x16_ssd2119_spi.obj (.text:Kentec320x240x16_SSD2119PixelDraw)
                  0000e70a    00000046     drivers_tivaware.aem4f : RingBuf.oem4f (.text:RingBuf_put)
                  0000e750    00000046     UARTLocal.obj (.text:initUART)
                  0000e796    00000046     ti.targets.arm.rtsarm.aem4f : Core-params.oem4f (.text:xdc_runtime_Core_assignParams__I)
                  0000e7dc    00000044     GraphFunctions.obj (.text:CalcNoRemainder)
                  0000e820    00000044     sysbios.aem4f : BIOS.obj (.text:ti_sysbios_family_arm_lm4_Timer_isrStub__E)
                  0000e864    00000004     --HOLE-- [fill = 0]
                  0000e868    00000044                   : BIOS.obj (.text:ti_sysbios_family_arm_m3_Hwi_getStackInfo__E)
                  0000e8ac    00000004     --HOLE-- [fill = 0]
                  0000e8b0    00000044                   : BIOS.obj (.text:ti_sysbios_knl_Mailbox_postInit__I)
                  0000e8f4    00000004     --HOLE-- [fill = 0]
                  0000e8f8    00000044                   : BIOS.obj (.text:ti_sysbios_knl_Swi_post__E)
                  0000e93c    00000044     ti.targets.arm.rtsarm.aem4f : Error.oem4f (.text:xdc_runtime_Error_setX__E)
                  0000e980    00000044                                 : SysMin.oem4f (.text:xdc_runtime_SysMin_flush__E)
                  0000e9c4    00000044                                 : Text.oem4f (.text:xdc_runtime_Text_xprintf__I)
                  0000ea08    00000042     driverlib.lib : uart.obj (.text:UARTConfigSetExpClk)
                  0000ea4a    00000042     drivers_tivaware.aem4f : UARTTiva.oem4f (.text:UARTTiva_hwiIntFxn)
                  0000ea8c    00000042                            : UARTTiva.oem4f (.text:UARTTiva_writePolling)
                  0000eace    00000002     --HOLE-- [fill = 0]
                  0000ead0    00000040     GraphData.obj (.text:InitsingleBuffer)
                  0000eb10    00000040     drivers_tivaware.aem4f : RingBuf.oem4f (.text:RingBuf_get)
                  0000eb50    00000040                            : UARTTiva.oem4f (.text:UARTTiva_read)
                  0000eb90    00000040     rtsv7M4_T_le_v4SPD16_eabi.lib : u_divt2.asm.obj (.text)
                  0000ebd0    00000040                                   : sprintf.c.obj (.text:sprintf)
                  0000ec10    00000040     sysbios.aem4f : BIOS.obj (.text:ti_sysbios_family_arm_lm4_Timer_startup__E)
                  0000ec50    0000003e     driverlib.lib : adc.obj (.text:ADCSequenceConfigure)
                  0000ec8e    0000003e     rtsv7M4_T_le_v4SPD16_eabi.lib : _printfi.c.obj (.text:_fcpy)
                  0000eccc    0000003c     GlobalDraw.obj (.text:BackGraphSelect)
                  0000ed08    0000003c     GlobalDraw.obj (.text:BackMainGraph)
                  0000ed44    0000003c     driverlib.lib : ssi.obj (.text:SSIConfigSetExpClk)
                  0000ed80    0000003c     GlobalDraw.obj (.text:backMainSensor)
                  0000edbc    0000003c     Estop.obj (.text:checkEstop)
                  0000edf8    0000003c     sysbios.aem4f : BIOS.obj (.text:ti_sysbios_family_arm_m3_Hwi_excSvCall__I)
                  0000ee34    00000004     --HOLE-- [fill = 0]
                  0000ee38    0000003c                   : BIOS.obj (.text:ti_sysbios_heaps_HeapMem_init__I)
                  0000ee74    00000004     --HOLE-- [fill = 0]
                  0000ee78    0000003c                   : BIOS.obj (.text:ti_sysbios_knl_Swi_restore__E)
                  0000eeb4    0000003a     grlib.lib : string.obj (.text:FontGlyphDataGet)
                  0000eeee    0000003a     drivers_tivaware.aem4f : I2CTiva.oem4f (.text:I2CTiva_completeTransfer)
                  0000ef28    00000038     grlib.lib : rectangle.obj (.text:GrRectOverlapCheck)
                  0000ef60    00000038     drivers_tivaware.aem4f : I2C.oem4f (.text:I2C_init)
                  0000ef98    00000038                            : PWM.oem4f (.text:PWM_init)
                  0000efd0    00000038     GlobalDraw.obj (.text:RemoveGraph)
                  0000f008    00000038     GlobalDraw.obj (.text:RemoveGraphSelect)
                  0000f040    00000038     driverlib.lib : sysctl.obj (.text:SysCtlPeripheralReady)
                  0000f078    00000038     drivers_tivaware.aem4f : UART.oem4f (.text:UART_init)
                  0000f0b0    00000038     rtsv7M4_T_le_v4SPD16_eabi.lib : trgmsg.c.obj (.text:__TI_writemsg)
                  0000f0e8    00000038     sysbios.aem4f : BIOS.obj (.text:ti_sysbios_family_arm_m3_Hwi_excNoIsr__I)
                  0000f120    00000038                   : BIOS.obj (.text:ti_sysbios_knl_Task_processVitalTaskFlag__I)
                  0000f158    00000038     ti.targets.arm.rtsarm.aem4f : SysMin.oem4f (.text:xdc_runtime_SysMin_putch__E)
                  0000f190    00000038                                 : System.oem4f (.text:xdc_runtime_System_atexit__E)
                  0000f1c8    00000036     grlib.lib : line.obj (.text:GrClipCodeGet)
                  0000f1fe    00000036     drivers_tivaware.aem4f : I2CTiva.oem4f (.text:I2CTiva_close)
                  0000f234    00000036                            : UARTTiva.oem4f (.text:UARTTiva_readCancel)
                  0000f26a    00000002     --HOLE-- [fill = 0]
                  0000f26c    00000034     driverlib.lib : sysctl.obj (.text:SysCtlPeripheralEnable)
                  0000f2a0    00000034     rtsv7M4_T_le_v4SPD16_eabi.lib : trgmsg.c.obj (.text:__TI_readmsg)
                  0000f2d4    00000034     bmi160.obj (.text:bmi160_readConvert)
                  0000f308    00000034     GraphData.obj (.text:initGraphBuffers)
                  0000f33c    00000004     --HOLE-- [fill = 0]
                  0000f340    00000034     sysbios.aem4f : BIOS.obj (.text:ti_sysbios_family_arm_m3_Hwi_Instance_finalize__E)
                  0000f374    00000004     --HOLE-- [fill = 0]
                  0000f378    00000034                   : BIOS.obj (.text:ti_sysbios_family_arm_m3_Hwi_excNmi__I)
                  0000f3ac    00000004     --HOLE-- [fill = 0]
                  0000f3b0    00000034                   : BIOS.obj (.text:ti_sysbios_hal_Hwi_checkStack)
                  0000f3e4    00000034     empty_pem4f.oem4f (.text:ti_sysbios_knl_Clock_construct)
                  0000f418    00000034     ti.targets.arm.rtsarm.aem4f : Core-label.oem4f (.text:xdc_runtime_Core_assignLabel__I)
                  0000f44c    00000033                                 : Text.oem4f (.text:xdc_runtime_Text_printVisFxn__I)
                  0000f47f    00000001     --HOLE-- [fill = 0]
                  0000f480    00000032     sysbios.aem4f : BIOS.obj (.text:ti_sysbios_hal_Hwi_initStack)
                  0000f4b2    00000032     ustdlib.obj (.text:usprintf)
                  0000f4e4    00000030     drivers_tivaware.aem4f : GPIOTiva.oem4f (.text:GPIO_enableInt)
                  0000f514    00000030                            : GPIOTiva.oem4f (.text:GPIO_read)
                  0000f544    00000030                            : I2C.oem4f (.text:I2C_open)
                  0000f574    00000030                            : PWMTiva.oem4f (.text:PWMTiva_init)
                  0000f5a4    00000030                            : PWM.oem4f (.text:PWM_open)
                  0000f5d4    00000030                            : UART.oem4f (.text:UART_open)
                  0000f604    00000030     empty_pem4f.oem4f (.text:ti_sysbios_BIOS_atExitFunc__I)
                  0000f634    00000004     --HOLE-- [fill = 0]
                  0000f638    00000030     sysbios.aem4f : BIOS.obj (.text:ti_sysbios_family_arm_lm4_Timer_stop__E)
                  0000f668    00000030                   : BIOS.obj (.text:ti_sysbios_family_arm_m3_TaskSupport_start__E)
                  0000f698    00000030     empty_pem4f.oem4f (.text:ti_sysbios_gates_GateHwi_Object__create__S)
                  0000f6c8    00000030     empty_pem4f.oem4f (.text:ti_sysbios_gates_GateHwi_create)
                  0000f6f8    00000030     empty_pem4f.oem4f (.text:ti_sysbios_gates_GateMutexPri_Object__create__S)
                  0000f728    00000030     empty_pem4f.oem4f (.text:ti_sysbios_gates_GateMutexPri_create)
                  0000f758    00000030     empty_pem4f.oem4f (.text:ti_sysbios_gates_GateMutex_Object__create__S)
                  0000f788    00000030     empty_pem4f.oem4f (.text:ti_sysbios_heaps_HeapMem_Object__create__S)
                  0000f7b8    00000030     sysbios.aem4f : BIOS.obj (.text:ti_sysbios_knl_Event_pendTimeout__I)
                  0000f7e8    00000030     empty_pem4f.oem4f (.text:ti_sysbios_knl_Semaphore_construct)
                  0000f818    00000030     sysbios.aem4f : BIOS.obj (.text:ti_sysbios_knl_Semaphore_pendTimeout__I)
                  0000f848    00000030                   : BIOS.obj (.text:ti_sysbios_knl_Task_unblockI__E)
                  0000f878    00000030     ti.targets.arm.rtsarm.aem4f : SysMin.oem4f (.text:xdc_runtime_SysMin_abort__E)
                  0000f8a8    00000030                                 : System.oem4f (.text:xdc_runtime_System_processAtExit__E)
                  0000f8d8    0000002e     driverlib.lib : adc.obj (.text:ADCIntStatus)
                  0000f906    0000002e     grlib.lib : string.obj (.text:GrStringNextCharGet)
                  0000f934    0000002e     rtsv7M4_T_le_v4SPD16_eabi.lib : i_tofd_t2.asm.obj (.text)
                  0000f962    00000002     --HOLE-- [fill = 0]
                  0000f964    0000002c     EK_TM4C1294XL.obj (.text:EK_TM4C1294XL_initUART)
                  0000f990    0000002c     grlib.lib : string.obj (.text:GrFontBaselineGet)
                  0000f9bc    0000002c               : string.obj (.text:GrFontHeightGet)
                  0000f9e8    0000002c               : pushbutton.obj (.text:RectangularButtonMsgProc)
                  0000fa14    0000002c               : slider.obj (.text:SliderMsgProc)
                  0000fa40    0000002c               : widget.obj (.text:WidgetIsInTree)
                  0000fa6c    0000002c     GlobalDraw.obj (.text:removeSensorPage)
                  0000fa98    0000002c     empty_pem4f.oem4f (.text:ti_sysbios_knl_Clock_doTick__I)
                  0000fac4    0000002c     empty_pem4f.oem4f (.text:ti_sysbios_knl_Event_construct)
                  0000faf0    0000002c     empty_pem4f.oem4f (.text:ti_sysbios_knl_Queue_construct)
                  0000fb1c    00000004     --HOLE-- [fill = 0]
                  0000fb20    0000002c     sysbios.aem4f : BIOS.obj (.text:ti_sysbios_knl_Task_restore__E)
                  0000fb4c    0000002c     ti.targets.arm.rtsarm.aem4f : Text.oem4f (.text:xdc_runtime_Text_cordText__E)
                  0000fb78    0000002a     driverlib.lib : gpio.obj (.text:GPIODirModeSet)
                  0000fba2    0000002a     bmi160.obj (.text:bmi160_delay)
                  0000fbcc    0000002a     ti.targets.arm.rtsarm.aem4f : System.oem4f (.text:xdc_runtime_System_putchar__I)
                  0000fbf6    00000028     Kentec320x240x16_ssd2119_spi.obj (.text:Kentec320x240x16_SSD2119ColorTranslate)
                  0000fc1e    00000002     --HOLE-- [fill = 0]
                  0000fc20    00000028     sysbios.aem4f : BIOS.obj (.text:ti_sysbios_knl_Clock_addI__E)
                  0000fc48    00000028                   : BIOS.obj (.text:ti_sysbios_knl_Swi_Module_startup__E)
                  0000fc70    00000026     grlib.lib : string.obj (.text:GrFontInfoGet)
                  0000fc96    00000026     sysbios.aem4f : m3_Hwi_asm.obj (.text:ti_sysbios_family_arm_m3_Hwi_pendSV__I)
                  0000fcbc    00000026     ti.targets.arm.rtsarm.aem4f : System.oem4f (.text:xdc_runtime_System_avprintf__E)
                  0000fce2    00000002     --HOLE-- [fill = 0]
                  0000fce4    00000024     GlobalDraw.obj (.text:ChangeCurrentDown)
                  0000fd08    00000024     GlobalDraw.obj (.text:ChangeCurrentUp)
                  0000fd2c    00000024     GlobalDraw.obj (.text:RemoveMainPage)
                  0000fd50    00000024     empty_pem4f.oem4f (.text:ti_sysbios_BIOS_errorRaiseHook__I)
                  0000fd74    00000024     empty_pem4f.oem4f (.text:ti_sysbios_BIOS_registerRTSLock__I)
                  0000fd98    00000024     empty_pem4f.oem4f (.text:ti_sysbios_BIOS_removeRTSLock__I)
                  0000fdbc    00000024     empty_pem4f.oem4f (.text:ti_sysbios_BIOS_startFunc__I)
                  0000fde0    00000024     empty_pem4f.oem4f (.text:ti_sysbios_gates_GateMutexPri_Object__delete__S)
                  0000fe04    00000024     empty_pem4f.oem4f (.text:ti_sysbios_gates_GateMutex_Object__delete__S)
                  0000fe28    00000024     sysbios.aem4f : BIOS.obj (.text:ti_sysbios_knl_Clock_Module_startup__E)
                  0000fe4c    00000004     --HOLE-- [fill = 0]
                  0000fe50    00000024                   : BIOS.obj (.text:ti_sysbios_knl_Task_restoreHwi__E)
                  0000fe74    00000024     ti.targets.arm.rtsarm.aem4f : System.oem4f (.text:xdc_runtime_System_vprintf__E)
                  0000fe98    00000022     grlib.lib : string.obj (.text:GrFontGlyphDataGet)
                  0000feba    00000022     driverlib.lib : pwm.obj (.text:PWMGenConfigure)
                  0000fedc    00000022     drivers_tivaware.aem4f : PWMTiva.oem4f (.text:PWMTiva_getPeriodCounts)
                  0000fefe    00000002     --HOLE-- [fill = 0]
                  0000ff00    00000022     sysbios.aem4f : BIOS.obj (.text:ti_sysbios_family_arm_lm4_Timer_write__I)
                  0000ff22    00000022     empty_pem4f.oem4f (.text:xdc_runtime_SysMin_output__I)
                  0000ff44    00000020     Boot.aem4f : Boot_sysctl.oem4f (.text:_SysCtlMemTimingGet)
                  0000ff64    00000020     Estop.obj (.text:initEstop)
                  0000ff84    00000020     rtsv7M4_T_le_v4SPD16_eabi.lib : u_tofd_t2.asm.obj (.text)
                  0000ffa4    00000020     empty_pem4f.oem4f (.text:ti_sysbios_BIOS_rtsLock__I)
                  0000ffc4    00000004     --HOLE-- [fill = 0]
                  0000ffc8    00000020     sysbios.aem4f : BIOS.obj (.text:ti_sysbios_family_arm_lm4_Timer_getFreq__E)
                  0000ffe8    00000020                   : m3_Hwi_asm.obj (.text:ti_sysbios_family_arm_m3_Hwi_excHandlerAsm__I)
                  00010008    00000020                   : BIOS.obj (.text:ti_sysbios_family_arm_m3_Hwi_excHandler__I)
                  00010028    00000020     empty_pem4f.oem4f (.text:ti_sysbios_gates_GateHwi_Object__delete__S)
                  00010048    00000020     empty_pem4f.oem4f (.text:ti_sysbios_heaps_HeapMem_Object__delete__S)
                  00010068    00000020     empty_pem4f.oem4f (.text:ti_sysbios_knl_Clock_Object__destruct__S)
                  00010088    00000020     sysbios.aem4f : BIOS.obj (.text:ti_sysbios_knl_Idle_run__E)
                  000100a8    00000020     empty_pem4f.oem4f (.text:ti_sysbios_knl_Semaphore_Object__destruct__S)
                  000100c8    00000020     ti.targets.arm.rtsarm.aem4f : Registry.oem4f (.text:xdc_runtime_Registry_findById__E)
                  000100e8    00000020                                 : SysMin.oem4f (.text:xdc_runtime_SysMin_Module_startup__E)
                  00010108    0000001e     driverlib.lib : adc.obj (.text:ADCSequenceDataGet)
                  00010126    0000001e     grlib.lib : string.obj (.text:GrFontCodepageGet)
                  00010144    0000001e     driverlib.lib : pwm.obj (.text:PWMPulseWidthSet)
                  00010162    0000001e     drivers_tivaware.aem4f : PWMTiva.oem4f (.text:PWMTiva_getPeriodMicroSecs)
                  00010180    0000001e     grlib.lib : widget.obj (.text:WidgetAdd)
                  0001019e    0000001e     sysbios.aem4f : m3_Hwi_asm_switch.obj (.text:ti_sysbios_family_xxx_Hwi_switchAndRunFunc)
                  000101bc    0000001c     driverlib.lib : uart.obj (.text:UARTDisable)
                  000101d8    0000001c     grlib.lib : widget.obj (.text:WidgetPointerMessage)
                  000101f4    0000001c     drivers_tivaware.aem4f : GPIOTiva.oem4f (.text:getGpioIntIndex)
                  00010210    0000001c     rtsv7M4_T_le_v4SPD16_eabi.lib : memccpy.c.obj (.text:memccpy)
                  0001022c    0000001c     empty_pem4f.oem4f (.text:ti_sysbios_family_arm_m3_Hwi_Object__destruct__S)
                  00010248    0000001c     sysbios.aem4f : BIOS.obj (.text:ti_sysbios_gates_GateMutexPri_Instance_init__E)
                  00010264    00000004     --HOLE-- [fill = 0]
                  00010268    0000001c                   : BIOS.obj (.text:ti_sysbios_gates_GateMutex_Instance_init__E)
                  00010284    0000001c     empty_pem4f.oem4f (.text:ti_sysbios_knl_Queue_Object__destruct__S)
                  000102a0    0000001c     sysbios.aem4f : BIOS.obj (.text:ti_sysbios_knl_Queue_put__E)
                  000102bc    00000004     --HOLE-- [fill = 0]
                  000102c0    0000001c                   : BIOS.obj (.text:ti_sysbios_knl_Task_enter__I)
                  000102dc    0000001c     ti.targets.arm.rtsarm.aem4f : Error.oem4f (.text:xdc_runtime_Error_raiseX__E)
                  000102f8    0000001c                                 : Memory.oem4f (.text:xdc_runtime_Memory_valloc__E)
                  00010314    0000001c                                 : SysMin.oem4f (.text:xdc_runtime_SysMin_exit__E)
                  00010330    0000001c                                 : System.oem4f (.text:xdc_runtime_System_abort__E)
                  0001034c    0000001a     rtsv7M4_T_le_v4SPD16_eabi.lib : s_copysign.c.obj (.text:copysign)
                  00010366    0000001a     empty_pem4f.oem4f (.text:ti_sysbios_family_arm_m3_Hwi_Handle__label__S)
                  00010380    0000001a     empty_pem4f.oem4f (.text:ti_sysbios_gates_GateHwi_Handle__label__S)
                  0001039a    0000001a     empty_pem4f.oem4f (.text:ti_sysbios_gates_GateMutexPri_Handle__label__S)
                  000103b4    0000001a     empty_pem4f.oem4f (.text:ti_sysbios_gates_GateMutex_Handle__label__S)
                  000103ce    0000001a     empty_pem4f.oem4f (.text:ti_sysbios_heaps_HeapMem_Handle__label__S)
                  000103e8    0000001a     empty_pem4f.oem4f (.text:ti_sysbios_knl_Swi_Handle__label__S)
                  00010402    0000001a     empty_pem4f.oem4f (.text:ti_sysbios_knl_Task_Handle__label__S)
                  0001041c    0000001a     empty_pem4f.oem4f (.text:xdc_runtime_System_aprintf__E)
                  00010436    0000001a     empty_pem4f.oem4f (.text:xdc_runtime_System_printf__E)
                  00010450    00000018     driverlib.lib : adc.obj (.text:ADCProcessorTrigger)
                  00010468    00000018     Estop.obj (.text:EstopPower)
                  00010480    00000018     driverlib.lib : gpio.obj (.text:GPIOPinTypeGPIOOutput)
                  00010498    00000018                   : timer.obj (.text:TimerControlLevel)
                  000104b0    00000018     drivers_tivaware.aem4f : UART.oem4f (.text:UART_Params_init)
                  000104c8    00000018     rtsv7M4_T_le_v4SPD16_eabi.lib : args_main.c.obj (.text:_args_main)
                  000104e0    00000018                                   : sprintf.c.obj (.text:_outs)
                  000104f8    00000018     Motor.obj (.text:clk0Fxn)
                  00010510    00000018     empty_pem4f.oem4f (.text:ti_sysbios_BIOS_rtsUnlock__I)
                  00010528    00000018     empty_pem4f.oem4f (.text:ti_sysbios_family_arm_lm4_Timer_Module__startupDone__F)
                  00010540    00000018     empty_pem4f.oem4f (.text:ti_sysbios_family_arm_m3_Hwi_Module__startupDone__F)
                  00010558    00000018     sysbios.aem4f : m3_TaskSupport_asm.obj (.text:ti_sysbios_family_arm_m3_TaskSupport_swap__E)
                  00010570    00000018                   : BIOS.obj (.text:ti_sysbios_gates_GateMutex_leave__E)
                  00010588    00000018     empty_pem4f.oem4f (.text:ti_sysbios_knl_Clock_Module__startupDone__F)
                  000105a0    00000018     sysbios.aem4f : BIOS.obj (.text:ti_sysbios_knl_Task_sleepTimeout__I)
                  000105b8    00000018     ti.targets.arm.rtsarm.aem4f : Error.oem4f (.text:xdc_runtime_Error_check__E)
                  000105d0    00000018                                 : System.oem4f (.text:xdc_runtime_System_exit__E)
                  000105e8    00000018                                 : Text.oem4f (.text:xdc_runtime_Text_ropeText__E)
                  00010600    00000016     grlib.lib : string.obj (.text:GrStringDraw)
                  00010616    00000016     driverlib.lib : i2c.obj (.text:I2CMasterErr)
                  0001062c    00000016     rtsv7M4_T_le_v4SPD16_eabi.lib : strchr.c.obj (.text:strchr)
                  00010642    00000016     empty_pem4f.oem4f (.text:ti_sysbios_BIOS_exitFunc__I)
                  00010658    00000016     Motor.obj (.text:ti_sysbios_gates_GateHwi_Params_init)
                  0001066e    00000016     GlobalDraw.obj (.text:ti_sysbios_gates_GateMutexPri_Params_init)
                  00010684    00000016     Motor.obj (.text:ti_sysbios_knl_Clock_Params_init)
                  0001069a    00000016     Motor.obj (.text:ti_sysbios_knl_Swi_Params_init)
                  000106b0    00000016     empty.obj (.text:ti_sysbios_knl_Swi_Params_init)
                  000106c6    00000016     empty.obj (.text:ti_sysbios_knl_Task_Params_init)
                  000106dc    00000014     grlib.lib : canvas.obj (.text:CanvasMsgProc)
                  000106f0    00000014     Kentec320x240x16_ssd2119_spi.obj (.text:LED_OFF)
                  00010704    00000014     Kentec320x240x16_ssd2119_spi.obj (.text:LED_ON)
                  00010718    00000014     driverlib.lib : pwm.obj (.text:PWMClockSet)
                  0001072c    00000014                   : sysctl.obj (.text:SysCtlPWMClockSet)
                  00010740    00000014                   : timer.obj (.text:TimerDisable)
                  00010754    00000014     touch.obj (.text:TouchScreenCallbackSet)
                  00010768    00000014     driverlib.lib : uart.obj (.text:UARTEnable)
                  0001077c    00000014     grlib.lib : widget.obj (.text:WidgetMutexGet)
                  00010790    00000014     rtsv7M4_T_le_v4SPD16_eabi.lib : strlen.c.obj (.text:strlen)
                  000107a4    00000014     empty_pem4f.oem4f (.text:ti_sysbios_family_arm_m3_Hwi_Object__get__S)
                  000107b8    00000014     sysbios.aem4f : BIOS.obj (.text:ti_sysbios_family_arm_m3_Hwi_switchFromBootStack__E)
                  000107cc    00000014     empty_pem4f.oem4f (.text:ti_sysbios_heaps_HeapMem_Object__get__S)
                  000107e0    00000014     sysbios.aem4f : BIOS.obj (.text:ti_sysbios_knl_Event_Instance_init__E)
                  000107f4    00000014     empty_pem4f.oem4f (.text:ti_sysbios_knl_Swi_Object__get__S)
                  00010808    00000012     driverlib.lib : gpio.obj (.text:GPIOPinTypeADC)
                  0001081a    00000012                   : gpio.obj (.text:GPIOPinTypeEthernetLED)
                  0001082c    00000012                   : gpio.obj (.text:GPIOPinTypeGPIOInput)
                  0001083e    00000012                   : gpio.obj (.text:GPIOPinTypeI2C)
                  00010850    00000012                   : gpio.obj (.text:GPIOPinTypeI2CSCL)
                  00010862    00000012                   : gpio.obj (.text:GPIOPinTypePWM)
                  00010874    00000012                   : gpio.obj (.text:GPIOPinTypeSSI)
                  00010886    00000012                   : gpio.obj (.text:GPIOPinTypeTimer)
                  00010898    00000012                   : gpio.obj (.text:GPIOPinTypeUART)
                  000108aa    00000012                   : gpio.obj (.text:GPIOPinTypeUSBAnalog)
                  000108bc    00000012                   : gpio.obj (.text:GPIOPinTypeUSBDigital)
                  000108ce    00000012                   : pwm.obj (.text:PWMGenPeriodGet)
                  000108e0    00000012                   : pwm.obj (.text:PWMOutputInvert)
                  000108f2    00000012                   : pwm.obj (.text:PWMOutputState)
                  00010904    00000012     drivers_tivaware.aem4f : RingBuf.oem4f (.text:RingBuf_construct)
                  00010916    00000012     driverlib.lib : ssi.obj (.text:SSIDataGetNonBlocking)
                  00010928    00000012                   : timer.obj (.text:TimerLoadSet)
                  0001093a    00000012                   : timer.obj (.text:TimerMatchSet)
                  0001094c    00000012                   : timer.obj (.text:TimerPrescaleMatchSet)
                  0001095e    00000012                   : timer.obj (.text:TimerPrescaleSet)
                  00010970    00000012     sysbios.aem4f : BIOS.obj (.text:ti_sysbios_hal_Hwi_Module_startup__E)
                  00010982    00000006     driverlib.lib : i2c.obj (.text:I2CMasterIntDisable)
                  00010988    00000012     sysbios.aem4f : BIOS.obj (.text:ti_sysbios_hal_Timer_Module_startup__E)
                  0001099a    00000012     rtsv7M4_T_le_v4SPD16_eabi.lib : wcslen.c.obj (.text:wcslen)
                  000109ac    00000012     empty_pem4f.oem4f (.text:xdc_runtime_Startup_exec__I)
                  000109be    00000002     --HOLE-- [fill = 0]
                  000109c0    00000010     empty_pem4f.oem4f (.text:.bootCodeSection:ti_catalog_arm_cortexm4_tiva_ce_Boot_init__I)
                  000109d0    00000010     driverlib.lib : adc.obj (.text:ADCIntEnable)
                  000109e0    00000010     GlobalDraw.obj (.text:ChangeAccelDown)
                  000109f0    00000010     GlobalDraw.obj (.text:ChangeAccelUp)
                  00010a00    00000010     driverlib.lib : fpu.obj (.text:FPUEnable)
                  00010a10    00000010                   : fpu.obj (.text:FPULazyStackingEnable)
                  00010a20    00000010     drivers_tivaware.aem4f : I2C.oem4f (.text:I2C_Params_init)
                  00010a30    00000010     driverlib.lib : pwm.obj (.text:PWMGenPeriodSet)
                  00010a40    00000010     drivers_tivaware.aem4f : PWM.oem4f (.text:PWM_Params_init)
                  00010a50    00000010                            : UARTTiva.oem4f (.text:readBlockingTimeout)
                  00010a60    00000010     sysbios.aem4f : BIOS.obj (.text:ti_sysbios_BIOS_getCpuFreq__E)
                  00010a70    00000010                   : BIOS.obj (.text:ti_sysbios_BIOS_setThreadType__E)
                  00010a80    00000010                   : BIOS.obj (.text:ti_sysbios_BIOS_start__E)
                  00010a90    00000010                   : BIOS.obj (.text:ti_sysbios_family_arm_lm4_TimestampProvider_rolloverFunc__E)
                  00010aa0    00000010                   : m3_TaskSupport_asm.obj (.text:ti_sysbios_family_arm_m3_TaskSupport_glue)
                  00010ab0    00000010                   : BIOS.obj (.text:ti_sysbios_gates_GateMutexPri_Instance_finalize__E)
                  00010ac0    00000010                   : BIOS.obj (.text:ti_sysbios_gates_GateMutex_Instance_finalize__E)
                  00010ad0    00000010     empty_pem4f.oem4f (.text:ti_sysbios_knl_Mailbox_Object__get__S)
                  00010ae0    00000010     sysbios.aem4f : BIOS.obj (.text:ti_sysbios_knl_Semaphore_Instance_finalize__E)
                  00010af0    00000010                   : BIOS.obj (.text:ti_sysbios_knl_Swi_disable__E)
                  00010b00    00000010     empty_pem4f.oem4f (.text:ti_sysbios_knl_Task_Object__get__S)
                  00010b10    00000010     sysbios.aem4f : BIOS.obj (.text:ti_sysbios_knl_Task_disable__E)
                  00010b20    00000010     driverlib.lib : udma.obj (.text:uDMAEnable)
                  00010b30    00000010     ti.targets.arm.rtsarm.aem4f : Gate.oem4f (.text:xdc_runtime_Gate_leaveSystem__E)
                  00010b40    00000010                                 : Memory.oem4f (.text:xdc_runtime_Memory_free__E)
                  00010b50    00000010                                 : SysMin.oem4f (.text:xdc_runtime_SysMin_ready__E)
                  00010b60    00000010                                 : System.oem4f (.text:xdc_runtime_System_vsnprintf__E)
                  00010b70    00000010     empty_pem4f.oem4f (.text:xdc_runtime_Text_visitRope__I)
                  00010b80    0000000e     driverlib.lib : adc.obj (.text:ADCSequenceEnable)
                  00010b8e    0000000e                   : gpio.obj (.text:GPIOIntStatus)
                  00010b9c    0000000e     grlib.lib : image.obj (.text:GrImageDraw)
                  00010baa    0000000e     driverlib.lib : timer.obj (.text:TimerEnable)
                  00010bb8    0000000e                   : uart.obj (.text:UARTCharGetNonBlocking)
                  00010bc6    0000000e                   : uart.obj (.text:UARTCharPutNonBlocking)
                  00010bd4    0000000e     rtsv7M4_T_le_v4SPD16_eabi.lib : copy_decompress_none.c.obj (.text:decompress:none:__TI_decompress_none)
                  00010be2    00000006     driverlib.lib : i2c.obj (.text:I2CMasterIntEnable)
                  00010be8    0000000e     sysbios.aem4f : BIOS.obj (.text:ti_sysbios_knl_Idle_loop__E)
                  00010bf6    00000002     --HOLE-- [fill = 0]
                  00010bf8    0000000e                   : BIOS.obj (.text:ti_sysbios_knl_Queue_empty__E)
                  00010c06    0000000c     driverlib.lib : gpio.obj (.text:GPIOIntEnable)
                  00010c12    0000000c                   : pwm.obj (.text:PWMGenDisable)
                  00010c1e    0000000c                   : pwm.obj (.text:PWMGenEnable)
                  00010c2a    0000000c     drivers_tivaware.aem4f : RingBuf.oem4f (.text:RingBuf_peek)
                  00010c36    0000000c     empty.obj (.text:TouchCheckTask)
                  00010c42    0000000c     driverlib.lib : uart.obj (.text:UARTFlowControlSet)
                  00010c4e    0000000c     drivers_tivaware.aem4f : UARTTiva.oem4f (.text:UARTTiva_init)
                  00010c5a    00000002     --HOLE-- [fill = 0]
                  00010c5c    0000000c     rtsv7M4_T_le_v4SPD16_eabi.lib : _lock.c.obj (.text:_register_lock)
                  00010c68    0000000c                                   : _lock.c.obj (.text:_register_unlock)
                  00010c74    0000000c     GlobalDraw.obj (.text:btntest)
                  00010c80    0000000c     rtsv7M4_T_le_v4SPD16_eabi.lib : copy_zero_init.c.obj (.text:decompress:ZI:__TI_zero_init)
                  00010c8c    00000004     --HOLE-- [fill = 0]
                  00010c90    0000000c     sysbios.aem4f : BIOS.obj (.text:ti_sysbios_family_arm_lm4_Timer_getAvailMask__E)
                  00010c9c    00000004     --HOLE-- [fill = 0]
                  00010ca0    0000000c                   : BIOS.obj (.text:ti_sysbios_family_arm_lm4_Timer_getMaxTicks__E)
                  00010cac    00000004     --HOLE-- [fill = 0]
                  00010cb0    0000000c                   : BIOS.obj (.text:ti_sysbios_family_arm_lm4_TimestampProvider_startTimer__E)
                  00010cbc    0000000c     empty_pem4f.oem4f (.text:ti_sysbios_family_arm_m3_Hwi_Params__init__S)
                  00010cc8    0000000c     sysbios.aem4f : BIOS.obj (.text:ti_sysbios_family_arm_m3_Hwi_disableFxn__E)
                  00010cd4    00000004     --HOLE-- [fill = 0]
                  00010cd8    0000000c                   : BIOS.obj (.text:ti_sysbios_family_arm_m3_TaskSupport_checkStack__E)
                  00010ce4    00000004     --HOLE-- [fill = 0]
                  00010ce8    0000000c                   : BIOS.obj (.text:ti_sysbios_family_arm_m3_TaskSupport_getStackAlignment__E)
                  00010cf4    0000000c     empty_pem4f.oem4f (.text:ti_sysbios_gates_GateHwi_Params__init__S)
                  00010d00    0000000c     sysbios.aem4f : BIOS.obj (.text:ti_sysbios_gates_GateHwi_enter__E)
                  00010d0c    0000000c     empty_pem4f.oem4f (.text:ti_sysbios_gates_GateMutexPri_Params__init__S)
                  00010d18    0000000c     empty_pem4f.oem4f (.text:ti_sysbios_knl_Clock_Params__init__S)
                  00010d24    00000004     --HOLE-- [fill = 0]
                  00010d28    0000000c     sysbios.aem4f : BIOS.obj (.text:ti_sysbios_knl_Clock_getTicks__E)
                  00010d34    0000000c     Estop.obj (.text:ti_sysbios_knl_Event_handle)
                  00010d40    0000000c     empty_pem4f.oem4f (.text:ti_sysbios_knl_Queue_Object__get__S)
                  00010d4c    0000000c     empty_pem4f.oem4f (.text:ti_sysbios_knl_Semaphore_Params__init__S)
                  00010d58    0000000c     empty_pem4f.oem4f (.text:ti_sysbios_knl_Swi_Params__init__S)
                  00010d64    0000000c     empty_pem4f.oem4f (.text:ti_sysbios_knl_Task_Params__init__S)
                  00010d70    0000000c     driverlib.lib : udma.obj (.text:uDMAControlBaseSet)
                  00010d7c    0000000c     ti.targets.arm.rtsarm.aem4f : Error.oem4f (.text:xdc_runtime_Error_init__E)
                  00010d88    0000000c                                 : Gate.oem4f (.text:xdc_runtime_Gate_enterSystem__E)
                  00010d94    0000000c                                 : Memory.oem4f (.text:xdc_runtime_Memory_calloc__E)
                  00010da0    0000000c                                 : Memory.oem4f (.text:xdc_runtime_Memory_getMaxDefaultTypeAlign__E)
                  00010dac    0000000a     driverlib.lib : adc.obj (.text:ADCIntClear)
                  00010db6    0000000a                   : i2c.obj (.text:I2CMasterDisable)
                  00010dc0    0000000a                   : i2c.obj (.text:I2CMasterEnable)
                  00010dca    0000000a     drivers_tivaware.aem4f : I2CTiva.oem4f (.text:I2CTiva_init)
                  00010dd4    0000000a                            : I2C.oem4f (.text:I2C_transfer)
                  00010dde    0000000a     Kentec320x240x16_ssd2119_spi.obj (.text:Kentec320x240x16_SSD2119Flush)
                  00010de8    0000000a     drivers_tivaware.aem4f : PWMTimerTiva.oem4f (.text:PWMTimerTiva_getPeriodCounts)
                  00010df2    0000000a                            : PWM.oem4f (.text:PWM_setDuty)
                  00010dfc    0000000a     driverlib.lib : ssi.obj (.text:SSIDataPut)
                  00010e06    0000000a                   : ssi.obj (.text:SSIEnable)
                  00010e10    0000000a                   : uart.obj (.text:UARTCharGet)
                  00010e1a    0000000a                   : uart.obj (.text:UARTCharPut)
                  00010e24    0000000a                   : uart.obj (.text:UARTIntDisable)
                  00010e2e    0000000a                   : uart.obj (.text:UARTIntStatus)
                  00010e38    0000000a     rtsv7M4_T_le_v4SPD16_eabi.lib : sprintf.c.obj (.text:_outc)
                  00010e42    0000000a     empty_pem4f.oem4f (.text:xdc_runtime_IHeap_alloc)
                  00010e4c    0000000a     empty_pem4f.oem4f (.text:xdc_runtime_IHeap_free)
                  00010e56    00000008     EK_TM4C1294XL.obj (.text:EK_TM4C1294XL_initGPIO)
                  00010e5e    00000008     grlib.lib : charmap.obj (.text:GrMapISO8859_1_Unicode)
                  00010e66    00000008     driverlib.lib : i2c.obj (.text:I2CMasterIntClear)
                  00010e6e    00000008                   : i2c.obj (.text:I2CMasterSlaveAddrSet)
                  00010e76    00000008     drivers_tivaware.aem4f : I2CTiva.oem4f (.text:I2CTiva_blockingCallback)
                  00010e7e    00000008                            : PWMTimerTiva.oem4f (.text:PWMTimerTiva_init)
                  00010e86    00000008     driverlib.lib : ssi.obj (.text:SSIBusy)
                  00010e8e    00000008                   : uart.obj (.text:UARTIntEnable)
                  00010e96    00000008                   : uart.obj (.text:UARTRxErrorGet)
                  00010e9e    00000002     --HOLE-- [fill = 0]
                  00010ea0    00000008     rtsv7M4_T_le_v4SPD16_eabi.lib : errno.c.obj (.text:__aeabi_errno_addr)
                  00010ea8    00000008     drivers_tivaware.aem4f : UARTTiva.oem4f (.text:readSemCallback)
                  00010eb0    00000008     sysbios.aem4f : BIOS.obj (.text:ti_sysbios_family_arm_lm4_Timer_masterDisable__I)
                  00010eb8    00000008                   : BIOS.obj (.text:ti_sysbios_family_arm_m3_Hwi_doSwiRestore__I)
                  00010ec0    00000008                   : BIOS.obj (.text:ti_sysbios_family_arm_m3_Hwi_startup__E)
                  00010ec8    00000008     drivers_tivaware.aem4f : UARTTiva.oem4f (.text:writeSemCallback)
                  00010ed0    00000006                            : I2CTiva.oem4f (.text:I2CTiva_control)
                  00010ed6    00000006                            : PWMTimerTiva.oem4f (.text:PWMTimerTiva_getPeriodMicroSecs)
                  00010edc    00000006     driverlib.lib : sysctl.obj (.text:SysCtlDelay)
                  00010ee2    00000006                   : uart.obj (.text:UARTFIFOLevelSet)
                  00010ee8    00000006                   : uart.obj (.text:UARTRxErrorClear)
                  00010eee    00000006     grlib.lib : widget.obj (.text:WidgetMutexPut)
                  00010ef4    00000004     --HOLE-- [fill = 0]
                  00010ef8    00000006     sysbios.aem4f : BIOS.obj (.text:ti_sysbios_family_arm_lm4_TimestampProvider_Module_startup__E)
                  00010efe    00000002     --HOLE-- [fill = 0]
                  00010f00    00000006                   : BIOS.obj (.text:ti_sysbios_family_arm_m3_Hwi_doTaskRestore__I)
                  00010f06    00000002     --HOLE-- [fill = 0]
                  00010f08    00000006                   : BIOS.obj (.text:ti_sysbios_family_arm_m3_Hwi_restoreFxn__E)
                  00010f0e    00000002     --HOLE-- [fill = 0]
                  00010f10    00000006                   : BIOS.obj (.text:ti_sysbios_gates_GateHwi_leave__E)
                  00010f16    00000002     --HOLE-- [fill = 0]
                  00010f18    00000006                   : BIOS.obj (.text:ti_sysbios_heaps_HeapMem_isBlocking__E)
                  00010f1e    00000002     --HOLE-- [fill = 0]
                  00010f20    00000006                   : BIOS.obj (.text:ti_sysbios_knl_Clock_stop__E)
                  00010f26    00000002     --HOLE-- [fill = 0]
                  00010f28    00000006                   : BIOS.obj (.text:ti_sysbios_knl_Queue_Instance_init__E)
                  00010f2e    00000002     --HOLE-- [fill = 0]
                  00010f30    00000006                   : BIOS.obj (.text:ti_sysbios_knl_Swi_startup__E)
                  00010f36    00000006     ti.targets.arm.rtsarm.aem4f : System.oem4f (.text:xdc_runtime_System_Module_startup__E)
                  00010f3c    00000004     --HOLE-- [fill = 0]
                  00010f40    00000004     sysbios.aem4f : BIOS.obj (.text:ti_sysbios_family_arm_lm4_Timer_getPeriod__E)
                  00010f44    00000004     --HOLE-- [fill = 0]
                  00010f48    00000004                   : BIOS.obj (.text:ti_sysbios_gates_GateHwi_query__E)
                  00010f4c    00000004     --HOLE-- [fill = 0]
                  00010f50    00000004                   : BIOS.obj (.text:ti_sysbios_gates_GateMutexPri_query__E)
                  00010f54    00000004     --HOLE-- [fill = 0]
                  00010f58    00000004                   : BIOS.obj (.text:ti_sysbios_gates_GateMutex_query__E)
                  00010f5c    00000004     --HOLE-- [fill = 0]
                  00010f60    00000004                   : BIOS.obj (.text:ti_sysbios_knl_Task_startup__E)
                  00010f64    00000004     --HOLE-- [fill = 0]
                  00010f68    00000002                   : BIOS.obj (.text:ti_sysbios_gates_GateHwi_Instance_init__E)
                  00010f6a    00000006     --HOLE-- [fill = 0]
                  00010f70    00000002                   : BIOS.obj (.text:ti_sysbios_knl_Clock_logTick__E)

.const     0    00010f78    0000820a     
                  00010f78    00001950     empty_pem4f.oem4f (.const:xdc_runtime_Text_charTab__A)
                  000128c8    00001000     rtsv7M4_T_le_v4SPD16_eabi.lib : s_exp2.c.obj (.const:tbl)
                  000138c8    0000095e     grlib.lib : fontcm20.obj (.const:.string:g_pui8Cm20Data)
                  00014226    000008c1               : fontcmss20.obj (.const:.string:g_pui8Cmss20Data)
                  00014ae7    00000782               : fontcmss18b.obj (.const:.string:g_pui8Cmss18bData)
                  00015269    00000759               : fontcm16.obj (.const:.string:g_pui8Cm16Data)
                  000159c2    000005c7               : fontcmss12b.obj (.const:.string:g_pui8Cmss12bData)
                  00015f89    00000514               : fontcmss12.obj (.const:.string:g_pui8Cmss12Data)
                  0001649d    0000024d     GUIImg.obj (.const:.string:g_pui8Logo)
                  000166ea    0000020d     GUIImg.obj (.const:.string:g_pui8btn140x40)
                  000168f7    0000020d     GUIImg.obj (.const:.string:g_pui8btn150x40Press)
                  00016b04    0000017b     Images.obj (.const:.string:g_pui8CompS)
                  00016c7f    0000017b     Images.obj (.const:.string:g_pui8CompW)
                  00016dfa    0000017b     Images.obj (.const:.string:g_pui8accSlow)
                  00016f75    0000017b     Images.obj (.const:.string:g_pui8accfast)
                  000170f0    0000017b     Images.obj (.const:.string:g_pui8accmid)
                  0001726b    00000178     Images.obj (.const:.string:g_pui8CompE)
                  000173e3    00000178     Images.obj (.const:.string:g_pui8CompN)
                  0001755b    00000163     Images.obj (.const:.string:g_pui8Stop)
                  000176be    00000160     Images.obj (.const:.string:g_pui8Go)
                  0001781e    0000015d     Images.obj (.const:.string:g_pui8idle)
                  0001797b    00000124     Images.obj (.const:.string:g_pui8Night)
                  00017a9f    00000001     empty_pem4f.oem4f (.const:xdc_runtime_Error_policy__C)
                  00017aa0    00000120     Boot.aem4f : Boot_sysctl.oem4f (.const:g_pppui32XTALtoVCO)
                  00017bc0    00000107     GUIImg.obj (.const:.string:g_pui8arrowRight)
                  00017cc7    00000101     rtsv7M4_T_le_v4SPD16_eabi.lib : ctype.c.obj (.const:.string:_ctypes_)
                  00017dc8    000000f8     Images.obj (.const:.string:g_pui8Day)
                  00017ec0    000000dc     empty_pem4f.oem4f (.const:xdc_runtime_Text_nodeTab__A)
                  00017f9c    000000c8     grlib.lib : fontcm16.obj (.const:g_sFontCm16)
                  00018064    000000c8               : fontcm20.obj (.const:g_sFontCm20)
                  0001812c    000000c8               : fontcmss12.obj (.const:g_sFontCmss12)
                  000181f4    000000c8               : fontcmss12b.obj (.const:g_sFontCmss12b)
                  000182bc    000000c8               : fontcmss18b.obj (.const:g_sFontCmss18b)
                  00018384    000000c8               : fontcmss20.obj (.const:g_sFontCmss20)
                  0001844c    000000a5     GUIImg.obj (.const:.string:g_pui8arrowLeft)
                  000184f1    00000001     --HOLE-- [fill = 0]
                  000184f2    00000002     empty_pem4f.oem4f (.const:ti_catalog_arm_cortexm4_tiva_ce_Boot_Module__id__C)
                  000184f4    00000090     driverlib.lib : gpio.obj (.const:g_pui32GPIOBaseAddrs)
                  00018584    0000008e     GlobalDraw.obj (.const:.string)
                  00018612    00000076     GUIImg.obj (.const:.string:g_pui8backBtn)
                  00018688    00000070     driverlib.lib : interrupt.obj (.const)
                  000186f8    0000006c     Boot.aem4f : Boot_sysctl.oem4f (.const:g_pui32Xtals)
                  00018764    00000060     MotorLib.lib : motorlib.obj (.const:PWM_config)
                  000187c4    00000054     drivers_tivaware.aem4f : GPIOTiva.oem4f (.const:.string)
                  00018818    00000054     MotorLib.lib : motorlib.obj (.const:motorLibPWMTivaHWAttrs)
                  0001886c    0000004c     drivers_tivaware.aem4f : UARTTiva.oem4f (.const)
                  000188b8    00000048     empty_pem4f.oem4f (.const:.string)
                  00018900    00000048     drivers_tivaware.aem4f : GPIOTiva.oem4f (.const:gpioBaseAddresses)
                  00018948    0000003c     empty_pem4f.oem4f (.const:ti_sysbios_knl_Task_Object__PARAMS__C)
                  00018984    00000030     EK_TM4C1294XL.obj (.const:I2C_config)
                  000189b4    00000030     Boot.aem4f : Boot_sysctl.oem4f (.const:g_sXTALtoMEMTIM)
                  000189e4    00000030     empty_pem4f.oem4f (.const:ti_sysbios_family_arm_m3_Hwi_Object__PARAMS__C)
                  00018a14    00000030     empty_pem4f.oem4f (.const:xdc_runtime_Startup_sfxnTab__A)
                  00018a44    00000028     drivers_tivaware.aem4f : UARTTiva.oem4f (.const:UARTTiva_fxnTable)
                  00018a6c    00000028     Kentec320x240x16_ssd2119_spi.obj (.const:g_sKentec320x240x16_SSD2119)
                  00018a94    00000028     empty_pem4f.oem4f (.const:ti_sysbios_heaps_HeapMem_Module__FXNS__C)
                  00018abc    00000028     empty_pem4f.oem4f (.const:ti_sysbios_knl_Swi_Object__PARAMS__C)
                  00018ae4    00000024     drivers_tivaware.aem4f : UART.oem4f (.const:UART_defaultParams)
                  00018b08    00000024     EK_TM4C1294XL.obj (.const:i2cTivaHWAttrs)
                  00018b2c    00000024     empty_pem4f.oem4f (.const:ti_sysbios_gates_GateHwi_Module__FXNS__C)
                  00018b50    00000024     empty_pem4f.oem4f (.const:ti_sysbios_gates_GateMutexPri_Module__FXNS__C)
                  00018b74    00000024     empty_pem4f.oem4f (.const:ti_sysbios_gates_GateMutex_Module__FXNS__C)
                  00018b98    00000024     empty_pem4f.oem4f (.const:ti_sysbios_heaps_HeapMem_Object__PARAMS__C)
                  00018bbc    00000024     empty_pem4f.oem4f (.const:ti_sysbios_knl_Clock_Object__PARAMS__C)
                  00018be0    00000024     empty_pem4f.oem4f (.const:ti_sysbios_knl_Semaphore_Object__PARAMS__C)
                  00018c04    00000020     drivers_tivaware.aem4f : PWMTimerTiva.oem4f (.const)
                  00018c24    00000020                            : PWMTiva.oem4f (.const)
                  00018c44    00000020     empty_pem4f.oem4f (.const:ti_sysbios_family_arm_m3_Hwi_Object__DESC__C)
                  00018c64    00000020     empty_pem4f.oem4f (.const:ti_sysbios_gates_GateHwi_Object__DESC__C)
                  00018c84    00000020     empty_pem4f.oem4f (.const:ti_sysbios_gates_GateMutexPri_Object__DESC__C)
                  00018ca4    00000020     empty_pem4f.oem4f (.const:ti_sysbios_gates_GateMutex_Object__DESC__C)
                  00018cc4    00000020     empty_pem4f.oem4f (.const:ti_sysbios_heaps_HeapMem_Object__DESC__C)
                  00018ce4    00000020     empty_pem4f.oem4f (.const:ti_sysbios_knl_Clock_Object__DESC__C)
                  00018d04    00000020     empty_pem4f.oem4f (.const:ti_sysbios_knl_Event_Object__DESC__C)
                  00018d24    00000020     empty_pem4f.oem4f (.const:ti_sysbios_knl_Queue_Object__DESC__C)
                  00018d44    00000020     empty_pem4f.oem4f (.const:ti_sysbios_knl_Semaphore_Object__DESC__C)
                  00018d64    00000020     empty_pem4f.oem4f (.const:ti_sysbios_knl_Swi_Object__DESC__C)
                  00018d84    00000020     empty_pem4f.oem4f (.const:ti_sysbios_knl_Task_Object__DESC__C)
                  00018da4    0000001c     drivers_tivaware.aem4f : I2CTiva.oem4f (.const)
                  00018dc0    0000001c     touch.obj (.const:g_pi32TouchParameters)
                  00018ddc    00000018     EK_TM4C1294XL.obj (.const:UART_config)
                  00018df4    00000018     empty_pem4f.oem4f (.const:ti_sysbios_gates_GateHwi_Object__PARAMS__C)
                  00018e0c    00000018     empty_pem4f.oem4f (.const:ti_sysbios_gates_GateMutexPri_Object__PARAMS__C)
                  00018e24    00000018     empty_pem4f.oem4f (.const:ti_sysbios_gates_GateMutex_Object__PARAMS__C)
                  00018e3c    00000018     empty_pem4f.oem4f (.const:ti_sysbios_knl_Event_Object__PARAMS__C)
                  00018e54    00000018     empty_pem4f.oem4f (.const:ti_sysbios_knl_Queue_Object__PARAMS__C)
[...]
000190c0  ti_sysbios_knl_Task_numConstructedTasks__C                           
000190c8  xdc_runtime_Assert_E_assertFailed__C                                 
000190cc  xdc_runtime_Core_A_initializedParams__C                              
000190d0  xdc_runtime_Core_Module__diagsEnabled__C                             
000190d4  xdc_runtime_Core_Module__diagsIncluded__C                            
000190d8  xdc_runtime_Core_Module__diagsMask__C                                
000190dc  xdc_runtime_Error_E_generic__C                                       
000190e0  xdc_runtime_Error_E_memory__C                                        
000190e4  xdc_runtime_Error_Module__diagsEnabled__C                            
000190e8  xdc_runtime_Error_Module__diagsIncluded__C                           
000190ec  xdc_runtime_Error_Module__diagsMask__C                               
000190f0  xdc_runtime_Error_Module__loggerFxn8__C                              
000190f4  xdc_runtime_Error_Module__loggerObj__C                               
000190f8  xdc_runtime_Error_policyFxn__C                                       
000190fc  xdc_runtime_Error_raiseHook__C                                       
00019100  xdc_runtime_IGateProvider_Interface__BASE__C                         
00019104  xdc_runtime_IHeap_Interface__BASE__C                                 
00019108  xdc_runtime_IModule_Interface__BASE__C                               
0001910c  xdc_runtime_Log_L_error__C                                           
00019110  xdc_runtime_Memory_defaultHeapInstance__C                            
00019114  xdc_runtime_Startup_execImpl__C                                      
00019118  xdc_runtime_Startup_lastFxns__A                                      
0001911c  xdc_runtime_Startup_maxPasses__C                                     
00019120  xdc_runtime_Startup_sfxnRts__C                                       
00019124  xdc_runtime_Startup_sfxnTab__C                                       
00019128  xdc_runtime_SysMin_bufSize__C                                        
0001912c  xdc_runtime_SysMin_outputFunc__C                                     
00019130  xdc_runtime_System_Module__gateObj__C                                
00019134  xdc_runtime_System_abortFxn__C                                       
00019138  xdc_runtime_System_exitFxn__C                                        
0001913c  xdc_runtime_System_extendFxn__C                                      
00019140  xdc_runtime_System_maxAtexitHandlers__C                              
00019144  xdc_runtime_Text_charTab__C                                          
00019148  xdc_runtime_Text_nameEmpty__C                                        
0001914c  xdc_runtime_Text_nameStatic__C                                       
00019150  xdc_runtime_Text_nameUnknown__C                                      
00019154  xdc_runtime_Text_nodeTab__C                                          
00019158  xdc_runtime_Text_visitRopeFxn__C                                     
0001915c  ti_sysbios_gates_GateMutexPri_Module__id__C                          
0001915e  ti_sysbios_gates_GateMutex_Module__id__C                             
00019160  ti_sysbios_hal_Hwi_Module__id__C                                     
00019162  ti_sysbios_heaps_HeapMem_Module__id__C                               
00019164  ti_sysbios_knl_Clock_Module__id__C                                   
00019166  ti_sysbios_knl_Event_Module__id__C                                   
00019168  ti_sysbios_knl_Semaphore_Module__id__C                               
0001916a  ti_sysbios_knl_Swi_Module__id__C                                     
0001916c  ti_sysbios_knl_Task_Module__id__C                                    
0001916e  xdc_runtime_Core_Module__id__C                                       
00019170  xdc_runtime_Error_Module__loggerDefined__C                           
00019172  xdc_runtime_Error_maxDepth__C                                        
00019174  xdc_runtime_Main_Module__id__C                                       
00019176  xdc_runtime_Memory_Module__id__C                                     
00019178  xdc_runtime_SysMin_flushAtExit__C                                    
0001917a  xdc_runtime_Text_charCnt__C                                          
0001917c  xdc_runtime_Text_isLoaded__C                                         
0001917e  xdc_runtime_Text_registryModsLastId__C                               
00019180  xdc_runtime_Text_unnamedModsLastId__C                                
00019188  __TI_static_base__                                                   
000195c4  __TI_Handler_Table_Base                                              
000195d0  __TI_Handler_Table_Limit                                             
000195e0  __TI_CINIT_Base                                                      
000195f8  __TI_CINIT_Limit                                                     
20000000  __start___llvm_prf_cnts                                              
20000000  __stop___llvm_prf_cnts                                               
20000000  ti_sysbios_family_arm_m3_Hwi_ramVectors                              
20000400  ti_sysbios_heaps_HeapMem_Instance_State_0_buf__A                     
20001400  readAccelStack                                                       
20001c00  readCurrentStack                                                     
20002400  readLightStack                                                       
20002c00  task0Stack                                                           
20003400  taskTouchStack                                                       
20003c00  psDMAControlTable                                                    
20004000  xdc_runtime_SysMin_Module_State_0_outbuf__A                          
20004400  ti_sysbios_family_arm_m3_Hwi_dispatchTable                           
20004760  ti_sysbios_knl_Task_Instance_State_0_stack__A                        
20004960  AccelData                                                            
20004af0  CurrentData                                                          
20004c80  LightData                                                            
20004e10  VelocityData                                                         
20004fa0  i2cTivaObjects                                                       
20005260  __CIOBUF_                                                            
20005380  adcBuffer2                                                           
20005488  bmi160_accel_values                                                  
20005578  uartTivaObjects                                                      
20005644  EstopEvent                                                           
20005648  Sensor_Filtered_Buffer                                               
20005778  readAccelStruct                                                      
200057c8  readCurrentStruct                                                    
20005818  readLightStruct                                                      
20005868  task0Struct                                                          
200058b8  taskTouchStruct                                                      
20005908  motorLibPWMObjects                                                   
20005940  sContext                                                             
2000596c  ScreenGate                                                           
20005970  VelocityBuffer                                                       
20005998  adc_current_values                                                   
200059c0  opt3001_light_values                                                 
200059e8  clk0Struct                                                           
20005a4c  uartTivaRingBuffer                                                   
20005a6c  datetime                                                             
20005a84  gHwiprms                                                             
20005a9c  motorLibPWMTimerObjects                                              
20005ab4  evtStruct                                                            
20005ad8  i2cParams                                                            
20005afc  AccBox                                                               
20005b04  Banner                                                               
20005b0c  BannerB                                                              
20005b14  CurrBox                                                              
20005b1c  Distbox                                                              
20005b24  clearBox                                                             
20005b2c  graphClear                                                           
20005b34  parmbuf                                                              
20005b3c  SwiHandle                                                            
20005b40  g_pi32ParmSet                                                        
20005b48  g_ui32Panel                                                          
20005b4c  gateHwi                                                              
20005b54  i2c                                                                  
20005b58  postedStop                                                           
20005b5c  swiAccelSensorFilterHandle                                           
20005b60  swiCurrentSensorFilterHandle                                         
20005b64  swiLightSensorFilterHandle                                           
20005b68  uart                                                                 
20005b6c  g_i16TouchX                                                          
20005b6e  g_i16TouchY                                                          
20005b70  ti_sysbios_family_arm_lm4_Timer_Object__table__V                     
20005bf0  ti_sysbios_knl_Swi_Module_State_0_readyQ__A                          
20005c70  ti_sysbios_knl_Task_Module_State_0_readyQ__A                         
20005cf0  MotorSpeedSlider                                                     
20005d4c  LightGraph                                                           
20005d4d  AccelGraph                                                           
20005d4e  CurrentGraph                                                         
20005d4f  VelocityGraph                                                        
20005d50  VelocitySecond                                                       
20005d58  bufferpos                                                            
20005d5c  Hall_changed                                                         
20005d60  desired_speed                                                        
20005d68  estop                                                                
20005d70  pwm_current                                                          
20005d78  error_sum                                                            
20005d80  current_speed                                                        
20005d88  current_speed_estop                                                  
20005d90  previous_speed                                                       
20005d98  previous_speed_estop                                                 
20005da0  Stop                                                                 
20005da1  OnSensorPage                                                         
20005da2  OnMotorPage                                                          
20005da4  AccDownBtn                                                           
20005df4  AccUpBtn                                                             
20005e44  CurrentDownBtn                                                       
20005e94  CurrentUpBtn                                                         
20005ee4  DistDownBtn                                                          
20005f34  DistUpBtn                                                            
20005f84  GraphPgBtn                                                           
20005fd4  LightGraphBtn                                                        
20006024  MotorGraphBtn                                                        
20006074  MotorMode                                                            
200060c4  MotorPgBtn                                                           
20006114  PowerGraphBtn                                                        
20006164  SensorPgBtn                                                          
200061b4  TestGraphBtn                                                         
20006204  backGraphBtn                                                         
20006254  backGraphSelectBtn                                                   
200062a4  backMotorBtn                                                         
200062f4  backSensorBtn                                                        
20006344  ti_sysbios_knl_Task_Object__table__V                                 
20006390  ti_sysbios_family_arm_m3_Hwi_Object__table__V                        
200063d8  LightSecond                                                          
200063e0  CurrentSecond                                                        
200063e8  AccelSecond                                                          
200063f0  MaxCurrent                                                           
200063f8  opt3001_filteredValue                                                
20006400  FilteredAccelPos                                                     
20006408  bmi160_filteredValue                                                 
20006410  current_filteredValue                                                
20006418  bufferCurrent                                                        
2000641c  ti_sysbios_knl_Task_Module__state__V                                 
20006460  g_Acceleration                                                       
200064a0  g_MotorStat                                                          
200064e0  g_sCanvas2                                                           
20006520  g_sCanvas3                                                           
20006560  g_scompass                                                           
200065a0  ti_sysbios_family_arm_lm4_Timer_Module_State_0_device__A             
200065e0  ti_sysbios_hal_SecondsClock_Module__state__V                         
2000661c  ti_sysbios_family_arm_m3_Hwi_Module__state__V                        
20006650  ti_sysbios_knl_Swi_Object__table__V                                  
20006680  g_sRoot                                                              
200066ae  ti_sysbios_family_arm_m3_Hwi_Module_State_0_excActive__A             
200066b0  ti_sysbios_knl_Clock_Module__state__V                                
200066dc  ti_sysbios_BIOS_Module__state__V                                     
20006700  ti_sysbios_family_arm_lm4_Timer_Module_State_0_handles__A            
20006720  gpioPinConfigs                                                       
2000673c  ti_sysbios_gates_GateMutex_Object__table__V                          
20006758  ti_sysbios_knl_Swi_Module__state__V                                  
2000678c  ti_sysbios_gates_GateMutexPri_Object__table__V                       
200067a4  ti_sysbios_heaps_HeapMem_Object__table__V                            
200067bc  motorStartStop                                                       
200067bd  HA                                                                   
200067be  HB                                                                   
200067bf  HC                                                                   
200067c0  LowLight                                                             
200067c1  ongraph                                                              
200067c4  currentDirection                                                     
200067c8  CurrentMotorStat                                                     
200067cc  CurrentAcceleration                                                  
200067d0  ti_sysbios_family_arm_lm4_Timer_Module__state__V                     
200067dc  xdc_runtime_SysMin_Module__state__V                                  
200067e8  _lock                                                                
200067ec  _unlock                                                              
200067f0  gpioCallbackFunctions                                                
200067f8  ti_sysbios_family_arm_lm4_TimestampProvider_Module__state__V         
20006800  ti_sysbios_family_arm_m3_Hwi_Module__root__V                         
20006808  ti_sysbios_gates_GateHwi_Module__root__V                             
20006810  ti_sysbios_gates_GateMutexPri_Module__root__V                        
20006818  ti_sysbios_gates_GateMutex_Module__root__V                           
20006820  ti_sysbios_heaps_HeapMem_Module__root__V                             
20006828  ti_sysbios_knl_Clock_Module__root__V                                 
20006830  ti_sysbios_knl_Event_Module__root__V                                 
20006838  ti_sysbios_knl_Queue_Module__root__V                                 
20006840  ti_sysbios_knl_Semaphore_Module__root__V                             
20006848  ti_sysbios_knl_Swi_Module__root__V                                   
20006850  ti_sysbios_knl_Task_Module__root__V                                  
20006858  xdc_runtime_Registry_Module__state__V                                
20006860  xdc_runtime_Startup_Module__state__V                                 
20006868  xdc_runtime_System_Module_State_0_atexitHandlers__A                  
20006870  xdc_runtime_System_Module__state__V                                  
20006878  AccelStop                                                            
2000687a  PowerEstop                                                           
2000687c  EStop                                                                
2000687e  xdc_runtime_Error_Module__state__V                                   
20006888  MaxAccel                                                             
20006898  errno                                                                
2000689c  main_func_sp                                                         
200068a0  ti_sysbios_family_arm_m3_Hwi_Module_State_0_excContext__A            
200068a4  ti_sysbios_family_arm_m3_Hwi_Module_State_0_excStack__A              
200068a8  ti_sysbios_gates_GateHwi_Object__table__V                            
200068ac  ti_sysbios_knl_Task_Module_State_0_idleTask__A                       
200068b0  g_i16TouchMin                                                        
200068b4  xdc_runtime_Memory_Module__state__V                                  
200068b8  __stack                                                              
20006cb8  __STACK_END                                                          
e000e000  ti_sysbios_family_arm_m3_Hwi_nvic                                    
ffffffff  __TI_pprof_out_hndl                                                  
ffffffff  __TI_prof_data_size                                                  
ffffffff  __TI_prof_data_start                                                 
ffffffff  __binit__                                                            
ffffffff  __c_args__                                                           
ffffffff  binit                                                                
UNDEFED   SHT$$INIT_ARRAY$$Base                                                
UNDEFED   SHT$$INIT_ARRAY$$Limit                                               

[1100 symbols]
