******************************************************************************
                  TI ARM Linker PC v20.2.5                     
******************************************************************************
>> Linked Sun May  8 22:06:07 2022

OUTPUT FILE NAME:   <EGH456MotorProject.out>
ENTRY POINT SYMBOL: "_c_int00"  address: 0000b83d


MEMORY CONFIGURATION

         name            origin    length      used     unused   attr    fill
----------------------  --------  ---------  --------  --------  ----  --------
  FLASH                 00000000   00100000  00019140  000e6ec0  R  X
  SRAM                  20000000   00040000  000044e8  0003bb18  RW X


SEGMENT ALLOCATION MAP

run origin  load origin   length   init length attrs members
----------  ----------- ---------- ----------- ----- -------
00000000    00000000    00019150   00019150    r-x
  00000000    00000000    0000003c   0000003c    r-- .resetVecs
  00000040    00000040    0000e82a   0000e82a    r-x .text
  0000e870    0000e870    0000a00a   0000a00a    r-- .const
  00018880    00018880    000008d0   000008d0    r-- .cinit
20000000    20000000    00000360   00000000    rw-
  20000000    20000000    00000360   00000000    rw- .vecs
20000400    20000400    00004190   00000000    rw-
  20000400    20000400    00002464   00000000    rw- .bss
  20002868    20002868    00001a24   00000000    rw- .data
  20004290    20004290    00000300   00000000    rw- .stack


SECTION ALLOCATION MAP

 output                                  attributes/
section   page    origin      length       input sections
--------  ----  ----------  ----------   ----------------
.text      0    00000040    0000e82a     
                  00000040    00000a4e     rtsv7M4_T_le_v4SPD16_eabi.lib : _printfi.c.obj (.text:__TI_printfi)
                  00000a8e    00000002                                   : _lock.c.obj (.text:_nop)
                  00000a90    00000438     ustdlib.obj (.text:uvsnprintf)
                  00000ec8    00000430     sysbios.aem4f : BIOS.obj (.text:ti_sysbios_family_arm_m3_Hwi_excDumpRegs__I)
                  000012f8    00000378     empty.obj (.text:MotorPage)
                  00001670    00000374     empty.obj (.text:GraphPrimitive)
                  000019e4    00000374     grlib.lib : image.obj (.text:InternalImageDraw)
                  00001d58    0000034c     ti.targets.arm.rtsarm.aem4f : System.oem4f (.text:xdc_runtime_System_doPrint__I)
                  000020a4    000002f8     grlib.lib : image.obj (.text:PixelTransparentDraw)
                  0000239c    000002d8     empty.obj (.text:SensorPage)
                  00002674    000002c6     grlib.lib : slider.obj (.text:SliderPaint)
                  0000293a    00000002     rtsv7M4_T_le_v4SPD16_eabi.lib : div0.asm.obj (.text)
                  0000293c    000002b0     Clock.obj (.text:timeConvert)
                  00002bec    00000004     driverlib.lib : i2c.obj (.text:I2CMasterControl)
                  00002bf0    000002a4     sysbios.aem4f : BIOS.obj (.text:ti_sysbios_knl_Semaphore_pend__E)
                  00002e94    00000278     empty.obj (.text:OnPrimitivePaint)
                  0000310c    00000270     rtsv7M4_T_le_v4SPD16_eabi.lib : _printfi.c.obj (.text:_pconv_a)
                  0000337c    00000004     driverlib.lib : i2c.obj (.text:I2CMasterDataGet)
                  00003380    0000026c     sysbios.aem4f : BIOS.obj (.text:ti_sysbios_heaps_HeapMem_free__E)
                  000035ec    00000268     touch.obj (.text:TouchScreenDebouncer)
                  00003854    00000254     grlib.lib : string.obj (.text:GrFontGlyphRender)
                  00003aa8    00000250     sysbios.aem4f : BIOS.obj (.text:ti_sysbios_heaps_HeapMem_alloc__E)
                  00003cf8    00000234                   : BIOS.obj (.text:ti_sysbios_knl_Task_Instance_finalize__E)
                  00003f2c    00000228     empty.obj (.text:OnIntroPaint)
                  00004154    00000004     driverlib.lib : i2c.obj (.text:I2CMasterDataPut)
                  00004158    0000021c     sysbios.aem4f : BIOS.obj (.text:ti_sysbios_family_arm_lm4_Timer_Instance_init__E)
                  00004374    0000020e     grlib.lib : checkbox.obj (.text:CheckBoxPaint)
                  00004582    00000002     empty_pem4f.oem4f (.text:ti_sysbios_BIOS_nullFunc__I)
                  00004584    0000020c     drivers_tivaware.aem4f : UARTTiva.oem4f (.text:UARTTiva_open)
                  00004790    00000208     grlib.lib : circle.obj (.text:GrCircleDraw)
                  00004998    00000204     Boot.aem4f : Boot_sysctl.oem4f (.text:ti_catalog_arm_cortexm4_tiva_ce_Boot_sysCtlClockFreqSetI__I)
                  00004b9c    00000004     driverlib.lib : uart.obj (.text:UARTIntClear)
                  00004ba0    000001f4     sysbios.aem4f : BIOS.obj (.text:ti_sysbios_family_arm_m3_Hwi_excHandlerMax__I)
                  00004d94    000001e4     Kentec320x240x16_ssd2119_spi.obj (.text:Kentec320x240x16_SSD2119Init)
                  00004f78    000001dc     Kentec320x240x16_ssd2119_spi.obj (.text:Kentec320x240x16_SSD2119PixelDrawMultiple)
                  00005154    000001d0     rtsv7M4_T_le_v4SPD16_eabi.lib : _printfi.c.obj (.text:_pconv_g)
                  00005324    00000004     grlib.lib : widget.obj (.text:WidgetDefaultMsgProc)
                  00005328    000001c8     sysbios.aem4f : BIOS.obj (.text:ti_sysbios_knl_Task_sleep__E)
                  000054f0    000001c0                   : BIOS.obj (.text:ti_sysbios_knl_Task_Instance_init__E)
                  000056b0    000001b6     grlib.lib : radiobutton.obj (.text:RadioButtonPaint)
                  00005866    000001b6     rtsv7M4_T_le_v4SPD16_eabi.lib : fd_add_t2.asm.obj (.text)
                  00005a1c    000001a8     empty.obj (.text:main)
                  00005bc4    000001a4     pinout.obj (.text:PinoutSet)
                  00005d68    00000190     grlib.lib : canvas.obj (.text:CanvasPaint)
                  00005ef8    00000184     empty.obj (.text:UpdateGraphPlot)
                  0000607c    0000017e     grlib.lib : pushbutton.obj (.text:RectangularButtonPaint)
                  000061fa    00000002     empty_pem4f.oem4f (.text:xdc_runtime_Startup_reset__I)
                  000061fc    00000178     touch.obj (.text:TouchScreenIntHandler)
                  00006374    00000004     rtsv7M4_T_le_v4SPD16_eabi.lib : exit.c.obj (.text:abort:abort)
                  00006378    00000174     sysbios.aem4f : BIOS.obj (.text:ti_sysbios_family_arm_m3_Hwi_excBusFault__I)
                  000064ec    00000004     empty_pem4f.oem4f (.text:ti_sysbios_BIOS_RtsGateProxy_enter__E)
                  000064f0    00000164     sysbios.aem4f : BIOS.obj (.text:ti_sysbios_family_arm_m3_Hwi_excUsageFault__I)
                  00006654    00000154     grlib.lib : container.obj (.text:ContainerPaint)
                  000067a8    00000150     drivers_tivaware.aem4f : GPIOTiva.oem4f (.text:GPIO_setConfig)
                  000068f8    00000150     empty.obj (.text:heartBeatFxn)
                  00006a48    00000148     sysbios.aem4f : BIOS.obj (.text:ti_sysbios_family_arm_m3_Hwi_excMemFault__I)
                  00006b90    00000144     grlib.lib : circle.obj (.text:GrCircleFill)
                  00006cd4    0000013c     rtsv7M4_T_le_v4SPD16_eabi.lib : _printfi.c.obj (.text:_pconv_e)
                  00006e10    0000013c     sysbios.aem4f : BIOS.obj (.text:ti_sysbios_heaps_HeapMem_Instance_init__E)
                  00006f4c    00000136     rtsv7M4_T_le_v4SPD16_eabi.lib : fd_div_t2.asm.obj (.text)
                  00007082    00000130     driverlib.lib : gpio.obj (.text:GPIOPadConfigSet)
                  000071b2    00000002     --HOLE-- [fill = 0]
                  000071b4    0000012c     GlobalDraw.obj (.text:BannerInit)
                  000072e0    00000124     rtsv7M4_T_le_v4SPD16_eabi.lib : _printfi.c.obj (.text:fcvt)
                  00007404    00000118     ti.targets.arm.rtsarm.aem4f : Error.oem4f (.text:xdc_runtime_Error_policyDefault__E)
                  0000751c    00000110     rtsv7M4_T_le_v4SPD16_eabi.lib : s_scalbn.c.obj (.text:scalbn)
                  0000762c    0000010c     Kentec320x240x16_ssd2119_spi.obj (.text:Kentec320x240x16_SSD2119RectFill)
                  00007738    0000010c     touch.obj (.text:TouchScreenInit)
                  00007844    00000004     empty_pem4f.oem4f (.text:ti_sysbios_BIOS_RtsGateProxy_leave__E)
                  00007848    00000108     sysbios.aem4f : BIOS.obj (.text:ti_sysbios_family_arm_lm4_Timer_start__E)
                  00007950    00000108                   : BIOS.obj (.text:ti_sysbios_knl_Clock_Instance_init__E)
                  00007a58    00000106     grlib.lib : line.obj (.text:GrLineDraw)
                  00007b5e    00000002     --HOLE-- [fill = 0]
                  00007b60    00000100     GlobalDraw.obj (.text:TopBarDraw)
                  00007c60    00000100     ti.targets.arm.rtsarm.aem4f : Core-mem.oem4f (.text:xdc_runtime_Core_createObject__I)
                  00007d60    000000fc     rtsv7M4_T_le_v4SPD16_eabi.lib : fd_mul_t2.asm.obj (.text)
                  00007e5c    000000f8                                   : s_floor.c.obj (.text:floor)
                  00007f54    000000f8     ti.targets.arm.rtsarm.aem4f : Startup.oem4f (.text:xdc_runtime_Startup_startMods__I)
                  0000804c    000000f8     empty_pem4f.oem4f (.text:xdc_runtime_System_printfExtend__I)
                  00008144    000000f4     sysbios.aem4f : m3_Hwi_asm.obj (.text:ti_sysbios_family_arm_m3_Hwi_dispatch__I)
                  00008238    000000f2     grlib.lib : pushbutton.obj (.text:RectangularButtonClick)
                  0000832a    00000006     driverlib.lib : gpio.obj (.text:GPIOIntClear)
                  00008330    000000ec     sysbios.aem4f : BIOS.obj (.text:ti_sysbios_knl_Semaphore_post__E)
                  0000841c    000000e8     grlib.lib : widget.obj (.text:WidgetMessageQueueAdd)
                  00008504    000000e0     drivers_tivaware.aem4f : I2CTiva.oem4f (.text:I2CTiva_open)
                  000085e4    000000d8     empty.obj (.text:graphSelectPage)
                  000086bc    000000d6     drivers_tivaware.aem4f : I2CTiva.oem4f (.text:I2CTiva_hwiFxn)
                  00008792    000000d6     grlib.lib : slider.obj (.text:SliderClick)
                  00008868    000000cc     ti.targets.arm.rtsarm.aem4f : Core-smem.oem4f (.text:xdc_runtime_Core_constructObject__I)
                  00008934    000000c0     grlib.lib : string.obj (.text:GrDefaultStringRenderer)
                  000089f4    00000004     sysbios.aem4f : BIOS.obj (.text:ti_sysbios_family_arm_lm4_Timer_masterEnable__I)
                  000089f8    000000bc                   : BIOS.obj (.text:ti_sysbios_family_arm_m3_Hwi_excDebugMon__I)
                  00008ab4    00000004     empty_pem4f.oem4f (.text:ti_sysbios_family_arm_m3_Hwi_delete)
                  00008ab8    000000bc     sysbios.aem4f : BIOS.obj (.text:ti_sysbios_family_arm_m3_Hwi_excHardFault__I)
                  00008b74    000000b8     EK_TM4C1294XL.obj (.text:EK_TM4C1294XL_initGeneral)
                  00008c2c    000000b8     grlib.lib : line.obj (.text:GrLineClip)
                  00008ce4    000000b8     Kentec320x240x16_ssd2119_spi.obj (.text:InitSPILCDInterface)
                  00008d9c    000000b8     empty.obj (.text:MainPage)
                  00008e54    000000b4     empty.obj (.text:OnCanvasPaint)
                  00008f08    000000b4     empty.obj (.text:OnRadioChange)
                  00008fbc    000000b4     empty.obj (.text:OnSliderChange)
                  00009070    000000b4     grlib.lib : widget.obj (.text:WidgetMessageSendPostOrder)
                  00009124    00000004     empty_pem4f.oem4f (.text:ti_sysbios_family_arm_m3_Hwi_destruct)
                  00009128    000000b4     sysbios.aem4f : BIOS.obj (.text:ti_sysbios_gates_GateMutex_enter__E)
                  000091dc    00000004     empty_pem4f.oem4f (.text:ti_sysbios_family_arm_m3_TaskSupport_Module__startupDone__S)
                  000091e0    000000b4     sysbios.aem4f : BIOS.obj (.text:ti_sysbios_knl_Task_checkStacks__E)
                  00009294    000000b1     rtsv7M4_T_le_v4SPD16_eabi.lib : _printfi.c.obj (.text:_ltostr)
                  00009345    00000001     --HOLE-- [fill = 0]
                  00009346    000000b0     grlib.lib : slider.obj (.text:SliderValueToPosition)
                  000093f6    000000ac     drivers_tivaware.aem4f : UARTTiva.oem4f (.text:readTaskBlocking)
                  000094a2    00000006     driverlib.lib : gpio.obj (.text:GPIOPinRead)
                  000094a8    000000ac     sysbios.aem4f : BIOS.obj (.text:ti_sysbios_family_arm_lm4_Timer_enableTiva__I)
                  00009554    00000004     empty_pem4f.oem4f (.text:ti_sysbios_hal_Timer_TimerProxy_delete)
                  00009558    000000a4     sysbios.aem4f : BIOS.obj (.text:ti_sysbios_knl_Clock_Instance_finalize__E)
                  000095fc    000000a0     auto_init.aem4f : auto_init.oem4f (.text)
                  0000969c    000000a0     ti.targets.arm.rtsarm.aem4f : Text.oem4f (.text:xdc_runtime_Text_putMod__E)
                  0000973c    0000009c     rtsv7M4_T_le_v4SPD16_eabi.lib : memcpy_t2.asm.obj (.text)
                  000097d8    0000009c     sysbios.aem4f : BIOS.obj (.text:ti_sysbios_knl_Semaphore_Instance_init__E)
                  00009874    0000009a     ti.targets.arm.rtsarm.aem4f : Text.oem4f (.text:xdc_runtime_Text_putSite__E)
                  0000990e    00000098     drivers_tivaware.aem4f : UARTTiva.oem4f (.text:UARTTiva_readPolling)
                  000099a6    00000002     --HOLE-- [fill = 0]
                  000099a8    00000098     Boot.aem4f : Boot.oem4f (.text:ti_catalog_arm_cortexm4_tiva_ce_Boot_sysCtlClockFreqSet__E)
                  00009a40    00000096     rtsv7M4_T_le_v4SPD16_eabi.lib : ull_div_t2.asm.obj (.text)
                  00009ad6    00000094     drivers_tivaware.aem4f : UARTTiva.oem4f (.text:UARTTiva_write)
                  00009b6a    00000006     driverlib.lib : gpio.obj (.text:GPIOPinWrite)
                  00009b70    00000094     sysbios.aem4f : BIOS.obj (.text:ti_sysbios_family_arm_m3_Hwi_Instance_init__E)
                  00009c04    00000004     empty_pem4f.oem4f (.text:ti_sysbios_heaps_HeapMem_Module_GateProxy_enter__E)
                  00009c08    00000094     sysbios.aem4f : BIOS.obj (.text:ti_sysbios_family_arm_m3_Hwi_initNVIC__E)
                  00009c9c    00000004     empty_pem4f.oem4f (.text:ti_sysbios_heaps_HeapMem_Module_GateProxy_leave__E)
                  00009ca0    00000094     sysbios.aem4f : BIOS.obj (.text:ti_sysbios_knl_Task_postInit__I)
                  00009d34    00000090     grlib.lib : radiobutton.obj (.text:RadioButtonClick)
                  00009dc4    0000008c     drivers_tivaware.aem4f : GPIOTiva.oem4f (.text:GPIO_init)
                  00009e50    0000008c                            : UARTTiva.oem4f (.text:UARTTiva_control)
                  00009edc    0000008c     sysbios.aem4f : m3_TaskSupport_asm.obj (.text:ti_sysbios_family_arm_m3_TaskSupport_buildTaskStack)
                  00009f68    0000008c                   : BIOS.obj (.text:ti_sysbios_hal_SecondsClock_Module_startup__E)
                  00009ff4    0000008a     drivers_tivaware.aem4f : UARTTiva.oem4f (.text:readIsrTextBlocking)
                  0000a07e    00000086     grlib.lib : rectangle.obj (.text:GrRectFill)
                  0000a104    00000086     rtsv7M4_T_le_v4SPD16_eabi.lib : fd_cmp_t2.asm.obj (.text:__aeabi_cdcmple)
                  0000a18a    00000086                                   : fd_cmp_t2.asm.obj (.text:__aeabi_cdrcmple)
                  0000a210    00000084     empty.obj (.text:ArrayUpdate)
                  0000a294    00000004     empty_pem4f.oem4f (.text:ti_sysbios_knl_Clock_TimerProxy_getFreq__E)
                  0000a298    00000084     sysbios.aem4f : BIOS.obj (.text:ti_sysbios_family_arm_m3_Hwi_postInit__I)
                  0000a31c    00000082     drivers_tivaware.aem4f : UARTTiva.oem4f (.text:readIsrTextCallback)
                  0000a39e    00000080     grlib.lib : rectangle.obj (.text:GrRectIntersectGet)
                  0000a41e    00000002     --HOLE-- [fill = 0]
                  0000a420    00000080     empty.obj (.text:OnCheckChange)
                  0000a4a0    0000007e     drivers_tivaware.aem4f : I2CTiva.oem4f (.text:I2CTiva_transfer)
                  0000a51e    00000002     --HOLE-- [fill = 0]
                  0000a520    0000007c     sysbios.aem4f : BIOS.obj (.text:ti_sysbios_family_arm_lm4_Timer_disableTiva__I)
                  0000a59c    0000007a     driverlib.lib : adc.obj (.text:ADCSequenceStepConfigure)
                  0000a616    0000007a     drivers_tivaware.aem4f : UARTTiva.oem4f (.text:readTaskCallback)
                  0000a690    0000007a     rtsv7M4_T_le_v4SPD16_eabi.lib : memset_t2.asm.obj (.text)
                  0000a70a    00000006     grlib.lib : string.obj (.text:GrContextFontSet)
                  0000a710    00000074     sysbios.aem4f : BIOS.obj (.text:ti_sysbios_knl_Clock_start__E)
                  0000a784    00000070     empty.obj (.text:GraphPage)
                  0000a7f4    00000004     empty_pem4f.oem4f (.text:ti_sysbios_knl_Clock_TimerProxy_getMaxTicks__E)
                  0000a7f8    00000070     sysbios.aem4f : BIOS.obj (.text:ti_sysbios_knl_Clock_workFunc__E)
                  0000a868    00000070                   : BIOS.obj (.text:ti_sysbios_knl_Task_exit__E)
                  0000a8d8    0000006e     rtsv7M4_T_le_v4SPD16_eabi.lib : _printfi.c.obj (.text:_mcpy)
                  0000a946    00000002     --HOLE-- [fill = 0]
                  0000a948    0000006d     ti.targets.arm.rtsarm.aem4f : System.oem4f (.text:xdc_runtime_System_formatNum__I)
                  0000a9b5    00000003     --HOLE-- [fill = 0]
                  0000a9b8    0000006c     empty.obj (.text:CalcAvg)
                  0000aa24    0000006c     empty_pem4f.oem4f (.text:ti_sysbios_family_arm_lm4_Timer_Object__create__S)
                  0000aa90    0000006c     sysbios.aem4f : BIOS.obj (.text:ti_sysbios_knl_Swi_restoreHwi__E)
                  0000aafc    0000006c     drivers_tivaware.aem4f : UARTTiva.oem4f (.text:writeData)
                  0000ab68    0000006c     ti.targets.arm.rtsarm.aem4f : Error.oem4f (.text:xdc_runtime_Error_print__E)
                  0000abd4    0000006c                                 : Memory.oem4f (.text:xdc_runtime_Memory_alloc__E)
                  0000ac40    00000068     EK_TM4C1294XL.obj (.text:EK_TM4C1294XL_initI2C)
                  0000aca8    00000068     grlib.lib : context.obj (.text:GrContextInit)
                  0000ad10    00000068               : string.obj (.text:GrStringWidthGet)
                  0000ad78    00000068     driverlib.lib : interrupt.obj (.text:IntEnable)
                  0000ade0    00000068     Kentec320x240x16_ssd2119_spi.obj (.text:Kentec320x240x16_SSD2119LineDrawH)
                  0000ae48    00000068     Kentec320x240x16_ssd2119_spi.obj (.text:Kentec320x240x16_SSD2119LineDrawV)
                  0000aeb0    00000068     rtsv7M4_T_le_v4SPD16_eabi.lib : copy_decompress_lzss.c.obj (.text:decompress:lzss:__TI_decompress_lzss)
                  0000af18    00000066     grlib.lib : context.obj (.text:GrContextClipRegionSet)
                  0000af7e    00000066               : rectangle.obj (.text:GrRectDraw)
                  0000afe4    00000066     ti.targets.arm.rtsarm.aem4f : Core-mem.oem4f (.text:xdc_runtime_Core_deleteObject__I)
                  0000b04a    00000002     --HOLE-- [fill = 0]
                  0000b04c    00000064     drivers_tivaware.aem4f : GPIOTiva.oem4f (.text:GPIO_hwiIntFxn)
                  0000b0b0    00000064     grlib.lib : widget.obj (.text:WidgetMessageQueueProcess)
                  0000b114    00000064     rtsv7M4_T_le_v4SPD16_eabi.lib : s_frexp.c.obj (.text:frexp)
                  0000b178    00000064     sysbios.aem4f : BIOS.obj (.text:ti_sysbios_family_arm_lm4_Timer_Module_startup__E)
                  0000b1dc    00000064     empty_pem4f.oem4f (.text:ti_sysbios_family_arm_m3_Hwi_create)
                  0000b240    00000064     sysbios.aem4f : BIOS.obj (.text:ti_sysbios_family_arm_m3_Hwi_dispatchC__I)
                  0000b2a4    00000064     empty_pem4f.oem4f (.text:ti_sysbios_hal_Timer_create)
                  0000b308    00000064     Clock.obj (.text:timer1sec)
                  0000b36c    00000062     drivers_tivaware.aem4f : I2CTiva.oem4f (.text:I2CTiva_primeTransfer)
                  0000b3ce    00000002     --HOLE-- [fill = 0]
                  0000b3d0    00000060     driverlib.lib : timer.obj (.text:TimerConfigure)
                  0000b430    00000060     Kentec320x240x16_ssd2119_spi.obj (.text:WriteDataSPI)
                  0000b490    00000060     sysbios.aem4f : BIOS.obj (.text:ti_sysbios_knl_Task_schedule__I)
                  0000b4f0    0000005e     grlib.lib : widget.obj (.text:WidgetMessageSendPreOrder)
                  0000b54e    0000005e     drivers_tivaware.aem4f : UARTTiva.oem4f (.text:readIsrBinaryBlocking)
                  0000b5ac    0000005c     Kentec320x240x16_ssd2119_spi.obj (.text:WriteCommandSPI)
                  0000b608    0000005c     sysbios.aem4f : BIOS.obj (.text:ti_sysbios_knl_Swi_run__I)
                  0000b664    00000004     empty_pem4f.oem4f (.text:ti_sysbios_knl_Clock_TimerProxy_getPeriod__E)
                  0000b668    0000005c     sysbios.aem4f : BIOS.obj (.text:ti_sysbios_knl_Swi_schedule__I)
                  0000b6c4    00000004     empty_pem4f.oem4f (.text:ti_sysbios_knl_Clock_destruct)
                  0000b6c8    0000005c     sysbios.aem4f : BIOS.obj (.text:ti_sysbios_knl_Task_Module_startup__E)
                  0000b724    00000004     empty_pem4f.oem4f (.text:ti_sysbios_knl_Queue_destruct)
                  0000b728    0000005c     sysbios.aem4f : BIOS.obj (.text:ti_sysbios_knl_Task_startCore__E)
                  0000b784    0000005b     ti.targets.arm.rtsarm.aem4f : Text.oem4f (.text:xdc_runtime_Text_putLab__E)
                  0000b7df    00000001     --HOLE-- [fill = 0]
                  0000b7e0    0000005a     grlib.lib : string.obj (.text:FontWideGlyphDataGet)
                  0000b83a    00000002     --HOLE-- [fill = 0]
                  0000b83c    00000058     boot.aem4f : boot.oem4f (.text)
                  0000b894    00000058     rtsv7M4_T_le_v4SPD16_eabi.lib : hostwrite.c.obj (.text:HOSTwrite)
                  0000b8ec    00000058     grlib.lib : slider.obj (.text:SliderPositionToValue)
                  0000b944    00000058     driverlib.lib : timer.obj (.text:TimerControlTrigger)
                  0000b99c    00000004     empty_pem4f.oem4f (.text:ti_sysbios_knl_Semaphore_destruct)
                  0000b9a0    00000058     sysbios.aem4f : BIOS.obj (.text:ti_sysbios_family_arm_lm4_Timer_Instance_finalize__E)
                  0000b9f8    00000058     empty_pem4f.oem4f (.text:ti_sysbios_family_arm_m3_Hwi_construct)
                  0000ba50    00000058     sysbios.aem4f : m3_Hwi_asm_switch.obj (.text:ti_sysbios_family_arm_m3_Hwi_initStacks__E)
                  0000baa8    00000058     ustdlib.obj (.text:ustrncpy)
                  0000bb00    00000056     driverlib.lib : gpio.obj (.text:GPIOIntTypeSet)
                  0000bb56    00000056     rtsv7M4_T_le_v4SPD16_eabi.lib : _printfi.c.obj (.text:_pconv_f)
                  0000bbac    00000054                                   : _ltoa.c.obj (.text:__TI_ltoa)
                  0000bc00    00000054     drivers_tivaware.aem4f : UARTTiva.oem4f (.text:readIsrBinaryCallback)
                  0000bc54    00000004     ti.targets.arm.rtsarm.aem4f : Error.oem4f (.text:xdc_runtime_Error_getSite__E)
                  0000bc58    00000054     sysbios.aem4f : BIOS.obj (.text:ti_sysbios_family_arm_lm4_Timer_initDevice__I)
                  0000bcac    00000054     empty_pem4f.oem4f (.text:ti_sysbios_knl_Task_construct)
                  0000bd00    00000054     ti.targets.arm.rtsarm.aem4f : Assert.oem4f (.text:xdc_runtime_Assert_raise__I)
                  0000bd54    00000052     rtsv7M4_T_le_v4SPD16_eabi.lib : _printfi.c.obj (.text:_ecpy)
                  0000bda6    00000002     --HOLE-- [fill = 0]
                  0000bda8    00000050     empty.obj (.text:BackMainMotorPage)
                  0000bdf8    00000050     grlib.lib : checkbox.obj (.text:CheckBoxClick)
                  0000be48    00000050     drivers_tivaware.aem4f : GPIOTiva.oem4f (.text:GPIO_setCallback)
                  0000be98    00000050                            : GPIOTiva.oem4f (.text:GPIO_toggle)
                  0000bee8    00000050                            : GPIOTiva.oem4f (.text:GPIO_write)
                  0000bf38    00000050                            : UARTTiva.oem4f (.text:UARTTiva_writeCancel)
                  0000bf88    00000050     Boot.aem4f : Boot_sysctl.oem4f (.text:_SysCtlFrequencyGet)
                  0000bfd8    00000050     sysbios.aem4f : BIOS.obj (.text:ti_sysbios_family_arm_m3_Hwi_Module_startup__E)
                  0000c028    00000050     ti.targets.arm.rtsarm.aem4f : Startup.oem4f (.text:xdc_runtime_Startup_exec__E)
                  0000c078    00000050                                 : Text.oem4f (.text:xdc_runtime_Text_visitRope2__I)
                  0000c0c8    0000004c     drivers_tivaware.aem4f : UARTTiva.oem4f (.text:UARTTiva_close)
                  0000c114    0000004c     grlib.lib : widget.obj (.text:WidgetRemove)
                  0000c160    0000004c     rtsv7M4_T_le_v4SPD16_eabi.lib : atoi.c.obj (.text:atoi)
                  0000c1ac    0000004c                                   : cpy_tbl.c.obj (.text:copy_in)
                  0000c1f8    0000004c     sysbios.aem4f : BIOS.obj (.text:ti_sysbios_heaps_HeapMem_getStats__E)
                  0000c244    00000004     empty_pem4f.oem4f (.text:xdc_runtime_System_Module_GateProxy_enter__E)
                  0000c248    0000004c     sysbios.aem4f : BIOS.obj (.text:ti_sysbios_knl_Swi_runLoop__I)
                  0000c294    00000004     empty_pem4f.oem4f (.text:xdc_runtime_System_Module_GateProxy_leave__E)
                  0000c298    0000004c     sysbios.aem4f : BIOS.obj (.text:ti_sysbios_knl_Task_allBlockedFunction__I)
                  0000c2e4    0000004a     grlib.lib : string.obj (.text:UpdateContextCharMapping)
                  0000c32e    00000002     --HOLE-- [fill = 0]
                  0000c330    00000048     driverlib.lib : gpio.obj (.text:GPIOPinConfigure)
                  0000c378    00000048                   : i2c.obj (.text:I2CMasterInitExpClk)
                  0000c3c0    00000048     rtsv7M4_T_le_v4SPD16_eabi.lib : fd_toi_t2.asm.obj (.text)
                  0000c408    00000048     sysbios.aem4f : BIOS.obj (.text:ti_sysbios_family_arm_lm4_Timer_enableTimers__I)
                  0000c450    00000048                   : BIOS.obj (.text:ti_sysbios_family_arm_m3_Hwi_disableInterrupt__E)
                  0000c498    00000048                   : BIOS.obj (.text:ti_sysbios_family_arm_m3_Hwi_enableInterrupt__E)
                  0000c4e0    00000048                   : BIOS.obj (.text:ti_sysbios_family_arm_m3_Hwi_excReserved__I)
                  0000c528    00000048                   : BIOS.obj (.text:ti_sysbios_hal_SecondsClock_increment__I)
                  0000c570    00000046     grlib.lib : line.obj (.text:GrLineDrawH)
                  0000c5b6    00000046               : line.obj (.text:GrLineDrawV)
                  0000c5fc    00000046     Kentec320x240x16_ssd2119_spi.obj (.text:Kentec320x240x16_SSD2119PixelDraw)
                  0000c642    00000046     drivers_tivaware.aem4f : RingBuf.oem4f (.text:RingBuf_put)
                  0000c688    00000046     UARTLocal.obj (.text:initUART)
                  0000c6ce    00000046     ti.targets.arm.rtsarm.aem4f : Core-params.oem4f (.text:xdc_runtime_Core_assignParams__I)
                  0000c714    00000004                                 : System.oem4f (.text:xdc_runtime_System_aprintf_va__F)
                  0000c718    00000044     sysbios.aem4f : BIOS.obj (.text:ti_sysbios_family_arm_lm4_Timer_isrStub__E)
                  0000c75c    00000004     ti.targets.arm.rtsarm.aem4f : System.oem4f (.text:xdc_runtime_System_printf_va__F)
                  0000c760    00000044     sysbios.aem4f : BIOS.obj (.text:ti_sysbios_family_arm_m3_Hwi_getStackInfo__E)
                  0000c7a4    00000004     --HOLE-- [fill = 0]
                  0000c7a8    00000044                   : BIOS.obj (.text:ti_sysbios_knl_Swi_post__E)
                  0000c7ec    00000044     ti.targets.arm.rtsarm.aem4f : Error.oem4f (.text:xdc_runtime_Error_setX__E)
                  0000c830    00000044                                 : SysMin.oem4f (.text:xdc_runtime_SysMin_flush__E)
                  0000c874    00000044                                 : Text.oem4f (.text:xdc_runtime_Text_xprintf__I)
                  0000c8b8    00000042     driverlib.lib : uart.obj (.text:UARTConfigSetExpClk)
                  0000c8fa    00000042     drivers_tivaware.aem4f : UARTTiva.oem4f (.text:UARTTiva_hwiIntFxn)
                  0000c93c    00000042                            : UARTTiva.oem4f (.text:UARTTiva_writePolling)
                  0000c97e    00000040                            : RingBuf.oem4f (.text:RingBuf_get)
                  0000c9be    00000040                            : UARTTiva.oem4f (.text:UARTTiva_read)
                  0000c9fe    00000040     rtsv7M4_T_le_v4SPD16_eabi.lib : u_divt2.asm.obj (.text)
                  0000ca3e    00000002     --HOLE-- [fill = 0]
                  0000ca40    00000040                                   : sprintf.c.obj (.text:sprintf)
                  0000ca80    00000040     sysbios.aem4f : BIOS.obj (.text:ti_sysbios_family_arm_lm4_Timer_startup__E)
                  0000cac0    00000040                   : BIOS.obj (.text:ti_sysbios_hal_SecondsClock_getTime__E)
                  0000cb00    0000003e     driverlib.lib : adc.obj (.text:ADCSequenceConfigure)
                  0000cb3e    0000003e     rtsv7M4_T_le_v4SPD16_eabi.lib : _printfi.c.obj (.text:_fcpy)
                  0000cb7c    0000003c     empty.obj (.text:CalcNoRemainder)
                  0000cbb8    0000003c     driverlib.lib : ssi.obj (.text:SSIConfigSetExpClk)
                  0000cbf4    00000004     --HOLE-- [fill = 0]
                  0000cbf8    0000003c     sysbios.aem4f : BIOS.obj (.text:ti_sysbios_family_arm_m3_Hwi_excSvCall__I)
                  0000cc34    00000004     --HOLE-- [fill = 0]
                  0000cc38    0000003c                   : BIOS.obj (.text:ti_sysbios_heaps_HeapMem_init__I)
                  0000cc74    00000004     --HOLE-- [fill = 0]
                  0000cc78    0000003c                   : BIOS.obj (.text:ti_sysbios_knl_Swi_restore__E)
                  0000ccb4    0000003a     grlib.lib : string.obj (.text:FontGlyphDataGet)
                  0000ccee    0000003a     drivers_tivaware.aem4f : I2CTiva.oem4f (.text:I2CTiva_completeTransfer)
                  0000cd28    00000038     grlib.lib : rectangle.obj (.text:GrRectOverlapCheck)
                  0000cd60    00000038     drivers_tivaware.aem4f : I2C.oem4f (.text:I2C_init)
                  0000cd98    00000038     empty.obj (.text:RemoveGraphSelect)
                  0000cdd0    00000038     drivers_tivaware.aem4f : UART.oem4f (.text:UART_init)
                  0000ce08    00000038     rtsv7M4_T_le_v4SPD16_eabi.lib : trgmsg.c.obj (.text:__TI_writemsg)
                  0000ce40    00000038                                   : fs_tod_t2.asm.obj (.text)
                  0000ce78    00000038     sysbios.aem4f : BIOS.obj (.text:ti_sysbios_family_arm_m3_Hwi_excNoIsr__I)
                  0000ceb0    00000038                   : BIOS.obj (.text:ti_sysbios_knl_Task_processVitalTaskFlag__I)
                  0000cee8    00000038     ti.targets.arm.rtsarm.aem4f : SysMin.oem4f (.text:xdc_runtime_SysMin_putch__E)
                  0000cf20    00000038                                 : System.oem4f (.text:xdc_runtime_System_atexit__E)
                  0000cf58    00000036     grlib.lib : line.obj (.text:GrClipCodeGet)
                  0000cf8e    00000036     drivers_tivaware.aem4f : I2CTiva.oem4f (.text:I2CTiva_close)
                  0000cfc4    00000036                            : UARTTiva.oem4f (.text:UARTTiva_readCancel)
                  0000cffa    00000002     --HOLE-- [fill = 0]
                  0000cffc    00000034     driverlib.lib : sysctl.obj (.text:SysCtlPeripheralEnable)
                  0000d030    00000034     rtsv7M4_T_le_v4SPD16_eabi.lib : trgmsg.c.obj (.text:__TI_readmsg)
                  0000d064    00000004     --HOLE-- [fill = 0]
                  0000d068    00000034     sysbios.aem4f : BIOS.obj (.text:ti_sysbios_family_arm_lm4_Timer_setPeriodMicroSecs__E)
                  0000d09c    00000004     --HOLE-- [fill = 0]
                  0000d0a0    00000034                   : BIOS.obj (.text:ti_sysbios_family_arm_m3_Hwi_Instance_finalize__E)
                  0000d0d4    00000004     --HOLE-- [fill = 0]
                  0000d0d8    00000034                   : BIOS.obj (.text:ti_sysbios_family_arm_m3_Hwi_excNmi__I)
                  0000d10c    00000004     --HOLE-- [fill = 0]
                  0000d110    00000034                   : BIOS.obj (.text:ti_sysbios_hal_Hwi_checkStack)
                  0000d144    00000034     empty_pem4f.oem4f (.text:ti_sysbios_knl_Clock_construct)
                  0000d178    00000034     ti.targets.arm.rtsarm.aem4f : Core-label.oem4f (.text:xdc_runtime_Core_assignLabel__I)
                  0000d1ac    00000033                                 : Text.oem4f (.text:xdc_runtime_Text_printVisFxn__I)
                  0000d1df    00000001     --HOLE-- [fill = 0]
                  0000d1e0    00000032     sysbios.aem4f : BIOS.obj (.text:ti_sysbios_hal_Hwi_initStack)
                  0000d212    00000032     ustdlib.obj (.text:usprintf)
                  0000d244    00000030     drivers_tivaware.aem4f : UART.oem4f (.text:UART_open)
                  0000d274    00000030     empty_pem4f.oem4f (.text:ti_sysbios_BIOS_atExitFunc__I)
                  0000d2a4    00000004     --HOLE-- [fill = 0]
                  0000d2a8    00000030     sysbios.aem4f : BIOS.obj (.text:ti_sysbios_family_arm_lm4_Timer_stop__E)
                  0000d2d8    00000030                   : BIOS.obj (.text:ti_sysbios_family_arm_m3_TaskSupport_start__E)
                  0000d308    00000030     empty_pem4f.oem4f (.text:ti_sysbios_gates_GateHwi_Object__create__S)
                  0000d338    00000030     empty_pem4f.oem4f (.text:ti_sysbios_gates_GateMutex_Object__create__S)
                  0000d368    00000030     empty_pem4f.oem4f (.text:ti_sysbios_heaps_HeapMem_Object__create__S)
                  0000d398    00000030     empty_pem4f.oem4f (.text:ti_sysbios_knl_Semaphore_construct)
                  0000d3c8    00000030     sysbios.aem4f : BIOS.obj (.text:ti_sysbios_knl_Semaphore_pendTimeout__I)
                  0000d3f8    00000030                   : BIOS.obj (.text:ti_sysbios_knl_Task_unblockI__E)
                  0000d428    00000030     ti.targets.arm.rtsarm.aem4f : SysMin.oem4f (.text:xdc_runtime_SysMin_abort__E)
                  0000d458    00000030                                 : System.oem4f (.text:xdc_runtime_System_processAtExit__E)
                  0000d488    0000002e     grlib.lib : checkbox.obj (.text:CheckBoxMsgProc)
                  0000d4b6    0000002e               : string.obj (.text:GrStringNextCharGet)
                  0000d4e4    0000002e               : radiobutton.obj (.text:RadioButtonMsgProc)
                  0000d512    0000002e     rtsv7M4_T_le_v4SPD16_eabi.lib : i_tofd_t2.asm.obj (.text)
                  0000d540    0000002c     EK_TM4C1294XL.obj (.text:EK_TM4C1294XL_initUART)
                  0000d56c    0000002c     grlib.lib : string.obj (.text:GrFontBaselineGet)
                  0000d598    0000002c               : string.obj (.text:GrFontHeightGet)
                  0000d5c4    0000002c               : pushbutton.obj (.text:RectangularButtonMsgProc)
                  0000d5f0    0000002c               : slider.obj (.text:SliderMsgProc)
                  0000d61c    0000002c               : widget.obj (.text:WidgetIsInTree)
                  0000d648    0000002c     empty_pem4f.oem4f (.text:ti_sysbios_knl_Clock_doTick__I)
                  0000d674    0000002c     empty_pem4f.oem4f (.text:ti_sysbios_knl_Queue_construct)
                  0000d6a0    0000002c     sysbios.aem4f : BIOS.obj (.text:ti_sysbios_knl_Task_restore__E)
                  0000d6cc    0000002c     ti.targets.arm.rtsarm.aem4f : Text.oem4f (.text:xdc_runtime_Text_cordText__E)
                  0000d6f8    0000002a     driverlib.lib : gpio.obj (.text:GPIODirModeSet)
                  0000d722    0000002a     ti.targets.arm.rtsarm.aem4f : System.oem4f (.text:xdc_runtime_System_putchar__I)
                  0000d74c    00000028     empty.obj (.text:HAF)
                  0000d774    00000028     empty.obj (.text:HBF)
                  0000d79c    00000028     empty.obj (.text:HCF)
                  0000d7c4    00000028     Kentec320x240x16_ssd2119_spi.obj (.text:Kentec320x240x16_SSD2119ColorTranslate)
                  0000d7ec    00000004     --HOLE-- [fill = 0]
                  0000d7f0    00000028     sysbios.aem4f : BIOS.obj (.text:ti_sysbios_hal_Timer_Instance_init__E)
                  0000d818    00000028                   : BIOS.obj (.text:ti_sysbios_knl_Clock_addI__E)
                  0000d840    00000028                   : BIOS.obj (.text:ti_sysbios_knl_Swi_Module_startup__E)
                  0000d868    00000026     grlib.lib : string.obj (.text:GrFontInfoGet)
                  0000d88e    00000026     sysbios.aem4f : m3_Hwi_asm.obj (.text:ti_sysbios_family_arm_m3_Hwi_pendSV__I)
                  0000d8b4    00000026     ti.targets.arm.rtsarm.aem4f : System.oem4f (.text:xdc_runtime_System_avprintf__E)
                  0000d8da    00000002     --HOLE-- [fill = 0]
                  0000d8dc    00000024     empty.obj (.text:RemoveMainPage)
                  0000d900    00000024     empty.obj (.text:removeSensorPage)
                  0000d924    00000024     empty_pem4f.oem4f (.text:ti_sysbios_BIOS_errorRaiseHook__I)
                  0000d948    00000024     empty_pem4f.oem4f (.text:ti_sysbios_BIOS_registerRTSLock__I)
                  0000d96c    00000024     empty_pem4f.oem4f (.text:ti_sysbios_BIOS_removeRTSLock__I)
                  0000d990    00000024     empty_pem4f.oem4f (.text:ti_sysbios_BIOS_startFunc__I)
                  0000d9b4    00000024     empty_pem4f.oem4f (.text:ti_sysbios_gates_GateMutex_Object__delete__S)
                  0000d9d8    00000024     sysbios.aem4f : BIOS.obj (.text:ti_sysbios_knl_Clock_Module_startup__E)
                  0000d9fc    00000004     --HOLE-- [fill = 0]
                  0000da00    00000024                   : BIOS.obj (.text:ti_sysbios_knl_Task_restoreHwi__E)
                  0000da24    00000024     ti.targets.arm.rtsarm.aem4f : System.oem4f (.text:xdc_runtime_System_vprintf__E)
                  0000da48    00000022     grlib.lib : string.obj (.text:GrFontGlyphDataGet)
                  0000da6a    00000006     driverlib.lib : i2c.obj (.text:I2CMasterIntDisable)
                  0000da70    00000022     sysbios.aem4f : BIOS.obj (.text:ti_sysbios_family_arm_lm4_Timer_write__I)
                  0000da92    00000022     empty_pem4f.oem4f (.text:xdc_runtime_SysMin_output__I)
                  0000dab4    00000020     Boot.aem4f : Boot_sysctl.oem4f (.text:_SysCtlMemTimingGet)
                  0000dad4    00000020     rtsv7M4_T_le_v4SPD16_eabi.lib : u_tofd_t2.asm.obj (.text)
                  0000daf4    00000020     empty_pem4f.oem4f (.text:ti_sysbios_BIOS_rtsLock__I)
                  0000db14    00000020     empty_pem4f.oem4f (.text:ti_sysbios_family_arm_lm4_Timer_Object__delete__S)
                  0000db34    00000004     --HOLE-- [fill = 0]
                  0000db38    00000020     sysbios.aem4f : BIOS.obj (.text:ti_sysbios_family_arm_lm4_Timer_getFreq__E)
                  0000db58    00000020     empty_pem4f.oem4f (.text:ti_sysbios_family_arm_m3_Hwi_Object__delete__S)
                  0000db78    00000020     sysbios.aem4f : m3_Hwi_asm.obj (.text:ti_sysbios_family_arm_m3_Hwi_excHandlerAsm__I)
                  0000db98    00000020                   : BIOS.obj (.text:ti_sysbios_family_arm_m3_Hwi_excHandler__I)
                  0000dbb8    00000020     empty_pem4f.oem4f (.text:ti_sysbios_gates_GateHwi_Object__delete__S)
                  0000dbd8    00000020     empty_pem4f.oem4f (.text:ti_sysbios_heaps_HeapMem_Object__delete__S)
                  0000dbf8    00000020     empty_pem4f.oem4f (.text:ti_sysbios_knl_Clock_Object__destruct__S)
                  0000dc18    00000020     sysbios.aem4f : BIOS.obj (.text:ti_sysbios_knl_Idle_run__E)
                  0000dc38    00000020     empty_pem4f.oem4f (.text:ti_sysbios_knl_Semaphore_Object__destruct__S)
                  0000dc58    00000020     ti.targets.arm.rtsarm.aem4f : Registry.oem4f (.text:xdc_runtime_Registry_findById__E)
                  0000dc78    00000020                                 : SysMin.oem4f (.text:xdc_runtime_SysMin_Module_startup__E)
                  0000dc98    0000001e     grlib.lib : string.obj (.text:GrFontCodepageGet)
                  0000dcb6    0000001e               : widget.obj (.text:WidgetAdd)
                  0000dcd4    0000001e     sysbios.aem4f : m3_Hwi_asm_switch.obj (.text:ti_sysbios_family_xxx_Hwi_switchAndRunFunc)
                  0000dcf2    0000001e     Clock.obj (.text:updatetime)
                  0000dd10    0000001c     driverlib.lib : uart.obj (.text:UARTDisable)
                  0000dd2c    0000001c     grlib.lib : widget.obj (.text:WidgetPointerMessage)
                  0000dd48    0000001c     drivers_tivaware.aem4f : GPIOTiva.oem4f (.text:getGpioIntIndex)
                  0000dd64    0000001c     rtsv7M4_T_le_v4SPD16_eabi.lib : memccpy.c.obj (.text:memccpy)
                  0000dd80    0000001c     empty_pem4f.oem4f (.text:ti_sysbios_family_arm_m3_Hwi_Object__destruct__S)
                  0000dd9c    00000004     --HOLE-- [fill = 0]
                  0000dda0    0000001c     sysbios.aem4f : BIOS.obj (.text:ti_sysbios_gates_GateMutex_Instance_init__E)
                  0000ddbc    0000001c     empty_pem4f.oem4f (.text:ti_sysbios_hal_Timer_TimerProxy_create)
                  0000ddd8    0000001c     empty_pem4f.oem4f (.text:ti_sysbios_knl_Queue_Object__destruct__S)
                  0000ddf4    00000004     --HOLE-- [fill = 0]
                  0000ddf8    0000001c     sysbios.aem4f : BIOS.obj (.text:ti_sysbios_knl_Queue_put__E)
                  0000de14    00000004     --HOLE-- [fill = 0]
                  0000de18    0000001c                   : BIOS.obj (.text:ti_sysbios_knl_Task_enter__I)
                  0000de34    0000001c     ti.targets.arm.rtsarm.aem4f : Error.oem4f (.text:xdc_runtime_Error_raiseX__E)
                  0000de50    0000001c                                 : Memory.oem4f (.text:xdc_runtime_Memory_valloc__E)
                  0000de6c    0000001c                                 : SysMin.oem4f (.text:xdc_runtime_SysMin_exit__E)
                  0000de88    0000001c                                 : System.oem4f (.text:xdc_runtime_System_abort__E)
                  0000dea4    0000001a     rtsv7M4_T_le_v4SPD16_eabi.lib : s_copysign.c.obj (.text:copysign)
                  0000debe    0000001a     empty_pem4f.oem4f (.text:ti_sysbios_family_arm_m3_Hwi_Handle__label__S)
                  0000ded8    0000001a     empty_pem4f.oem4f (.text:ti_sysbios_gates_GateHwi_Handle__label__S)
                  0000def2    0000001a     empty_pem4f.oem4f (.text:ti_sysbios_gates_GateMutex_Handle__label__S)
                  0000df0c    0000001a     empty_pem4f.oem4f (.text:ti_sysbios_heaps_HeapMem_Handle__label__S)
                  0000df26    0000001a     empty_pem4f.oem4f (.text:ti_sysbios_knl_Swi_Handle__label__S)
                  0000df40    0000001a     empty_pem4f.oem4f (.text:ti_sysbios_knl_Task_Handle__label__S)
                  0000df5a    0000001a     empty_pem4f.oem4f (.text:xdc_runtime_System_aprintf__E)
                  0000df74    0000001a     empty_pem4f.oem4f (.text:xdc_runtime_System_printf__E)
                  0000df8e    00000018     driverlib.lib : gpio.obj (.text:GPIOPinTypeGPIOOutput)
                  0000dfa6    00000002     --HOLE-- [fill = 0]
                  0000dfa8    00000018     empty.obj (.text:RemoveGraph)
                  0000dfc0    00000018     drivers_tivaware.aem4f : UART.oem4f (.text:UART_Params_init)
                  0000dfd8    00000018     rtsv7M4_T_le_v4SPD16_eabi.lib : args_main.c.obj (.text:_args_main)
                  0000dff0    00000018                                   : sprintf.c.obj (.text:_outs)
                  0000e008    00000018     empty_pem4f.oem4f (.text:ti_sysbios_BIOS_rtsUnlock__I)
                  0000e020    00000018     empty_pem4f.oem4f (.text:ti_sysbios_family_arm_lm4_Timer_Module__startupDone__F)
                  0000e038    00000018     empty_pem4f.oem4f (.text:ti_sysbios_family_arm_m3_Hwi_Module__startupDone__F)
                  0000e050    00000018     sysbios.aem4f : m3_TaskSupport_asm.obj (.text:ti_sysbios_family_arm_m3_TaskSupport_swap__E)
                  0000e068    00000018                   : BIOS.obj (.text:ti_sysbios_gates_GateMutex_leave__E)
                  0000e080    00000018     empty_pem4f.oem4f (.text:ti_sysbios_knl_Clock_Module__startupDone__F)
                  0000e098    00000018     sysbios.aem4f : BIOS.obj (.text:ti_sysbios_knl_Task_sleepTimeout__I)
                  0000e0b0    00000018     ti.targets.arm.rtsarm.aem4f : Error.oem4f (.text:xdc_runtime_Error_check__E)
                  0000e0c8    00000018                                 : System.oem4f (.text:xdc_runtime_System_exit__E)
                  0000e0e0    00000018                                 : Text.oem4f (.text:xdc_runtime_Text_ropeText__E)
                  0000e0f8    00000016     grlib.lib : string.obj (.text:GrStringDraw)
                  0000e10e    00000016     driverlib.lib : i2c.obj (.text:I2CMasterErr)
                  0000e124    00000016     rtsv7M4_T_le_v4SPD16_eabi.lib : strchr.c.obj (.text:strchr)
                  0000e13a    00000016     empty_pem4f.oem4f (.text:ti_sysbios_BIOS_exitFunc__I)
                  0000e150    00000016     Clock.obj (.text:ti_sysbios_hal_Timer_Params_init)
                  0000e166    00000016     empty.obj (.text:ti_sysbios_knl_Task_Params_init)
                  0000e17c    00000014     grlib.lib : canvas.obj (.text:CanvasMsgProc)
                  0000e190    00000014               : container.obj (.text:ContainerMsgProc)
                  0000e1a4    00000014     Kentec320x240x16_ssd2119_spi.obj (.text:LED_OFF)
                  0000e1b8    00000014     Kentec320x240x16_ssd2119_spi.obj (.text:LED_ON)
                  0000e1cc    00000014     touch.obj (.text:TouchScreenCallbackSet)
                  0000e1e0    00000014     driverlib.lib : uart.obj (.text:UARTEnable)
                  0000e1f4    00000014     grlib.lib : widget.obj (.text:WidgetMutexGet)
                  0000e208    00000014     rtsv7M4_T_le_v4SPD16_eabi.lib : strlen.c.obj (.text:strlen)
                  0000e21c    00000014     empty_pem4f.oem4f (.text:ti_sysbios_family_arm_m3_Hwi_Object__get__S)
                  0000e230    00000014     sysbios.aem4f : BIOS.obj (.text:ti_sysbios_family_arm_m3_Hwi_switchFromBootStack__E)
                  0000e244    00000014     empty_pem4f.oem4f (.text:ti_sysbios_heaps_HeapMem_Object__get__S)
                  0000e258    00000014     empty_pem4f.oem4f (.text:ti_sysbios_knl_Swi_Object__get__S)
                  0000e26c    00000012     driverlib.lib : gpio.obj (.text:GPIOPinTypeEthernetLED)
                  0000e27e    00000012                   : gpio.obj (.text:GPIOPinTypeGPIOInput)
                  0000e290    00000012                   : gpio.obj (.text:GPIOPinTypeI2C)
                  0000e2a2    00000012                   : gpio.obj (.text:GPIOPinTypeI2CSCL)
                  0000e2b4    00000012                   : gpio.obj (.text:GPIOPinTypeSSI)
                  0000e2c6    00000012                   : gpio.obj (.text:GPIOPinTypeUART)
                  0000e2d8    00000012                   : gpio.obj (.text:GPIOPinTypeUSBAnalog)
                  0000e2ea    00000012                   : gpio.obj (.text:GPIOPinTypeUSBDigital)
                  0000e2fc    00000012     drivers_tivaware.aem4f : RingBuf.oem4f (.text:RingBuf_construct)
                  0000e30e    00000012     driverlib.lib : ssi.obj (.text:SSIDataGetNonBlocking)
                  0000e320    00000012                   : timer.obj (.text:TimerLoadSet)
                  0000e332    00000012     empty.obj (.text:TouchCheckTask)
                  0000e344    00000004     --HOLE-- [fill = 0]
                  0000e348    00000012     sysbios.aem4f : BIOS.obj (.text:ti_sysbios_hal_Hwi_Module_startup__E)
                  0000e35a    00000006     driverlib.lib : i2c.obj (.text:I2CMasterIntEnable)
                  0000e360    00000012     sysbios.aem4f : BIOS.obj (.text:ti_sysbios_hal_Timer_Module_startup__E)
                  0000e372    00000012     rtsv7M4_T_le_v4SPD16_eabi.lib : wcslen.c.obj (.text:wcslen)
                  0000e384    00000012     empty_pem4f.oem4f (.text:xdc_runtime_Startup_exec__I)
                  0000e396    00000002     --HOLE-- [fill = 0]
                  0000e398    00000010     empty_pem4f.oem4f (.text:.bootCodeSection:ti_catalog_arm_cortexm4_tiva_ce_Boot_init__I)
                  0000e3a8    00000010     driverlib.lib : adc.obj (.text:ADCIntEnable)
                  0000e3b8    00000010                   : fpu.obj (.text:FPUEnable)
                  0000e3c8    00000010                   : fpu.obj (.text:FPULazyStackingEnable)
                  0000e3d8    00000010     drivers_tivaware.aem4f : UARTTiva.oem4f (.text:readBlockingTimeout)
                  0000e3e8    00000010     sysbios.aem4f : BIOS.obj (.text:ti_sysbios_BIOS_getCpuFreq__E)
                  0000e3f8    00000010                   : BIOS.obj (.text:ti_sysbios_BIOS_setThreadType__E)
                  0000e408    00000010                   : BIOS.obj (.text:ti_sysbios_BIOS_start__E)
                  0000e418    00000010                   : BIOS.obj (.text:ti_sysbios_family_arm_lm4_TimestampProvider_rolloverFunc__E)
                  0000e428    00000010                   : m3_TaskSupport_asm.obj (.text:ti_sysbios_family_arm_m3_TaskSupport_glue)
                  0000e438    00000010                   : BIOS.obj (.text:ti_sysbios_gates_GateMutex_Instance_finalize__E)
                  0000e448    00000010     empty_pem4f.oem4f (.text:ti_sysbios_hal_Timer_TimerProxy_Object__create__S)
                  0000e458    00000010     sysbios.aem4f : BIOS.obj (.text:ti_sysbios_knl_Semaphore_Instance_finalize__E)
                  0000e468    00000010                   : BIOS.obj (.text:ti_sysbios_knl_Swi_disable__E)
                  0000e478    00000010     empty_pem4f.oem4f (.text:ti_sysbios_knl_Task_Object__get__S)
                  0000e488    00000010     sysbios.aem4f : BIOS.obj (.text:ti_sysbios_knl_Task_disable__E)
                  0000e498    00000010     driverlib.lib : udma.obj (.text:uDMAEnable)
                  0000e4a8    00000010     ti.targets.arm.rtsarm.aem4f : Gate.oem4f (.text:xdc_runtime_Gate_leaveSystem__E)
                  0000e4b8    00000010                                 : Memory.oem4f (.text:xdc_runtime_Memory_free__E)
                  0000e4c8    00000010                                 : SysMin.oem4f (.text:xdc_runtime_SysMin_ready__E)
                  0000e4d8    00000010                                 : System.oem4f (.text:xdc_runtime_System_vsnprintf__E)
                  0000e4e8    00000010     empty_pem4f.oem4f (.text:xdc_runtime_Text_visitRope__I)
                  0000e4f8    0000000e     driverlib.lib : adc.obj (.text:ADCSequenceEnable)
                  0000e506    0000000e                   : gpio.obj (.text:GPIOIntStatus)
                  0000e514    0000000e     grlib.lib : image.obj (.text:GrImageDraw)
                  0000e522    0000000e     driverlib.lib : timer.obj (.text:TimerEnable)
                  0000e530    0000000e                   : uart.obj (.text:UARTCharGetNonBlocking)
                  0000e53e    0000000e                   : uart.obj (.text:UARTCharPutNonBlocking)
                  0000e54c    0000000e     rtsv7M4_T_le_v4SPD16_eabi.lib : copy_decompress_none.c.obj (.text:decompress:none:__TI_decompress_none)
                  0000e55a    00000006     drivers_tivaware.aem4f : I2CTiva.oem4f (.text:I2CTiva_control)
                  0000e560    0000000e     sysbios.aem4f : BIOS.obj (.text:ti_sysbios_knl_Idle_loop__E)
                  0000e56e    00000002     --HOLE-- [fill = 0]
                  0000e570    0000000e                   : BIOS.obj (.text:ti_sysbios_knl_Queue_empty__E)
                  0000e57e    0000000c     empty.obj (.text:BackGraphSelect)
                  0000e58a    0000000c     empty.obj (.text:BackMainGraph)
                  0000e596    0000000c     drivers_tivaware.aem4f : RingBuf.oem4f (.text:RingBuf_peek)
                  0000e5a2    0000000c     driverlib.lib : uart.obj (.text:UARTFlowControlSet)
                  0000e5ae    0000000c     drivers_tivaware.aem4f : UARTTiva.oem4f (.text:UARTTiva_init)
                  0000e5ba    00000002     --HOLE-- [fill = 0]
                  0000e5bc    0000000c     rtsv7M4_T_le_v4SPD16_eabi.lib : _lock.c.obj (.text:_register_lock)
                  0000e5c8    0000000c                                   : _lock.c.obj (.text:_register_unlock)
                  0000e5d4    0000000c     empty.obj (.text:backMainSensor)
                  0000e5e0    0000000c     empty.obj (.text:btntest)
                  0000e5ec    0000000c     rtsv7M4_T_le_v4SPD16_eabi.lib : copy_zero_init.c.obj (.text:decompress:ZI:__TI_zero_init)
                  0000e5f8    0000000c     sysbios.aem4f : BIOS.obj (.text:ti_sysbios_family_arm_lm4_Timer_getMaxTicks__E)
                  0000e604    00000004     --HOLE-- [fill = 0]
                  0000e608    0000000c                   : BIOS.obj (.text:ti_sysbios_family_arm_lm4_TimestampProvider_startTimer__E)
                  0000e614    0000000c     empty_pem4f.oem4f (.text:ti_sysbios_family_arm_m3_Hwi_Params__init__S)
                  0000e620    0000000c     sysbios.aem4f : BIOS.obj (.text:ti_sysbios_family_arm_m3_Hwi_disableFxn__E)
                  0000e62c    00000004     --HOLE-- [fill = 0]
                  0000e630    0000000c                   : BIOS.obj (.text:ti_sysbios_family_arm_m3_TaskSupport_checkStack__E)
                  0000e63c    00000004     --HOLE-- [fill = 0]
                  0000e640    0000000c                   : BIOS.obj (.text:ti_sysbios_family_arm_m3_TaskSupport_getStackAlignment__E)
                  0000e64c    00000004     --HOLE-- [fill = 0]
                  0000e650    0000000c                   : BIOS.obj (.text:ti_sysbios_gates_GateHwi_enter__E)
                  0000e65c    00000004     --HOLE-- [fill = 0]
                  0000e660    0000000c                   : BIOS.obj (.text:ti_sysbios_hal_SecondsClock_set__E)
                  0000e66c    0000000c     empty_pem4f.oem4f (.text:ti_sysbios_hal_Timer_Params__init__S)
                  0000e678    0000000c     empty_pem4f.oem4f (.text:ti_sysbios_knl_Clock_Params__init__S)
                  0000e684    0000000c     empty_pem4f.oem4f (.text:ti_sysbios_knl_Queue_Object__get__S)
                  0000e690    0000000c     empty_pem4f.oem4f (.text:ti_sysbios_knl_Semaphore_Params__init__S)
                  0000e69c    0000000c     empty_pem4f.oem4f (.text:ti_sysbios_knl_Task_Params__init__S)
                  0000e6a8    0000000c     driverlib.lib : udma.obj (.text:uDMAControlBaseSet)
                  0000e6b4    0000000c     ti.targets.arm.rtsarm.aem4f : Error.oem4f (.text:xdc_runtime_Error_init__E)
                  0000e6c0    0000000c                                 : Gate.oem4f (.text:xdc_runtime_Gate_enterSystem__E)
                  0000e6cc    0000000c                                 : Memory.oem4f (.text:xdc_runtime_Memory_calloc__E)
                  0000e6d8    0000000c                                 : Memory.oem4f (.text:xdc_runtime_Memory_getMaxDefaultTypeAlign__E)
                  0000e6e4    0000000a     driverlib.lib : i2c.obj (.text:I2CMasterDisable)
                  0000e6ee    0000000a                   : i2c.obj (.text:I2CMasterEnable)
                  0000e6f8    0000000a     drivers_tivaware.aem4f : I2CTiva.oem4f (.text:I2CTiva_init)
                  0000e702    0000000a     Kentec320x240x16_ssd2119_spi.obj (.text:Kentec320x240x16_SSD2119Flush)
                  0000e70c    0000000a     driverlib.lib : ssi.obj (.text:SSIDataPut)
                  0000e716    0000000a                   : ssi.obj (.text:SSIEnable)
                  0000e720    0000000a                   : uart.obj (.text:UARTCharGet)
                  0000e72a    0000000a                   : uart.obj (.text:UARTCharPut)
                  0000e734    0000000a                   : uart.obj (.text:UARTIntDisable)
                  0000e73e    0000000a                   : uart.obj (.text:UARTIntStatus)
                  0000e748    0000000a     rtsv7M4_T_le_v4SPD16_eabi.lib : sprintf.c.obj (.text:_outc)
                  0000e752    00000006     driverlib.lib : sysctl.obj (.text:SysCtlDelay)
                  0000e758    0000000a     sysbios.aem4f : BIOS.obj (.text:ti_sysbios_hal_Timer_Instance_finalize__E)
                  0000e762    0000000a     empty_pem4f.oem4f (.text:xdc_runtime_IHeap_alloc)
                  0000e76c    0000000a     empty_pem4f.oem4f (.text:xdc_runtime_IHeap_free)
                  0000e776    00000008     EK_TM4C1294XL.obj (.text:EK_TM4C1294XL_initGPIO)
                  0000e77e    00000008     grlib.lib : charmap.obj (.text:GrMapISO8859_1_Unicode)
                  0000e786    00000008     driverlib.lib : i2c.obj (.text:I2CMasterIntClear)
                  0000e78e    00000008                   : i2c.obj (.text:I2CMasterSlaveAddrSet)
                  0000e796    00000008     drivers_tivaware.aem4f : I2CTiva.oem4f (.text:I2CTiva_blockingCallback)
                  0000e79e    00000008     driverlib.lib : ssi.obj (.text:SSIBusy)
                  0000e7a6    00000008                   : uart.obj (.text:UARTIntEnable)
                  0000e7ae    00000008                   : uart.obj (.text:UARTRxErrorGet)
                  0000e7b6    00000002     --HOLE-- [fill = 0]
                  0000e7b8    00000008     rtsv7M4_T_le_v4SPD16_eabi.lib : errno.c.obj (.text:__aeabi_errno_addr)
                  0000e7c0    00000008     drivers_tivaware.aem4f : UARTTiva.oem4f (.text:readSemCallback)
                  0000e7c8    00000008     sysbios.aem4f : BIOS.obj (.text:ti_sysbios_family_arm_lm4_Timer_masterDisable__I)
                  0000e7d0    00000008                   : BIOS.obj (.text:ti_sysbios_family_arm_m3_Hwi_doSwiRestore__I)
                  0000e7d8    00000008                   : BIOS.obj (.text:ti_sysbios_family_arm_m3_Hwi_startup__E)
                  0000e7e0    00000008     drivers_tivaware.aem4f : UARTTiva.oem4f (.text:writeSemCallback)
                  0000e7e8    00000006     driverlib.lib : uart.obj (.text:UARTFIFOLevelSet)
                  0000e7ee    00000006                   : uart.obj (.text:UARTRxErrorClear)
                  0000e7f4    00000006     grlib.lib : widget.obj (.text:WidgetMutexPut)
                  0000e7fa    00000006     ti.targets.arm.rtsarm.aem4f : System.oem4f (.text:xdc_runtime_System_Module_startup__E)
                  0000e800    00000006     sysbios.aem4f : BIOS.obj (.text:ti_sysbios_family_arm_lm4_TimestampProvider_Module_startup__E)
                  0000e806    00000002     --HOLE-- [fill = 0]
                  0000e808    00000006                   : BIOS.obj (.text:ti_sysbios_family_arm_m3_Hwi_doTaskRestore__I)
                  0000e80e    00000002     --HOLE-- [fill = 0]
                  0000e810    00000006                   : BIOS.obj (.text:ti_sysbios_family_arm_m3_Hwi_restoreFxn__E)
                  0000e816    00000002     --HOLE-- [fill = 0]
                  0000e818    00000006                   : BIOS.obj (.text:ti_sysbios_gates_GateHwi_leave__E)
                  0000e81e    00000002     --HOLE-- [fill = 0]
                  0000e820    00000006                   : BIOS.obj (.text:ti_sysbios_heaps_HeapMem_isBlocking__E)
                  0000e826    00000002     --HOLE-- [fill = 0]
                  0000e828    00000006                   : BIOS.obj (.text:ti_sysbios_knl_Clock_stop__E)
                  0000e82e    00000002     --HOLE-- [fill = 0]
                  0000e830    00000006                   : BIOS.obj (.text:ti_sysbios_knl_Queue_Instance_init__E)
                  0000e836    00000002     --HOLE-- [fill = 0]
                  0000e838    00000006                   : BIOS.obj (.text:ti_sysbios_knl_Swi_startup__E)
                  0000e83e    00000002     --HOLE-- [fill = 0]
                  0000e840    00000004                   : BIOS.obj (.text:ti_sysbios_family_arm_lm4_Timer_getPeriod__E)
                  0000e844    00000004     --HOLE-- [fill = 0]
                  0000e848    00000004                   : BIOS.obj (.text:ti_sysbios_gates_GateHwi_query__E)
                  0000e84c    00000004     --HOLE-- [fill = 0]
                  0000e850    00000004                   : BIOS.obj (.text:ti_sysbios_gates_GateMutex_query__E)
                  0000e854    00000004     --HOLE-- [fill = 0]
                  0000e858    00000004                   : BIOS.obj (.text:ti_sysbios_knl_Task_startup__E)
                  0000e85c    00000004     --HOLE-- [fill = 0]
                  0000e860    00000002                   : BIOS.obj (.text:ti_sysbios_gates_GateHwi_Instance_init__E)
                  0000e862    00000006     --HOLE-- [fill = 0]
                  0000e868    00000002                   : BIOS.obj (.text:ti_sysbios_knl_Clock_logTick__E)

.const     0    0000e870    0000a00a     
                  0000e870    000018ae     empty_pem4f.oem4f (.const:xdc_runtime_Text_charTab__A)
                  0001011e    00000a60     grlib.lib : fontcm24.obj (.const:.string:g_pui8Cm24Data)
                  00010b7e    00000960               : fontcm22.obj (.const:.string:g_pui8Cm22Data)
                  000114de    0000095e               : fontcm20.obj (.const:.string:g_pui8Cm20Data)
                  00011e3c    0000086e               : fontcm18.obj (.const:.string:g_pui8Cm18Data)
                  000126aa    0000083d     GUIImg.obj (.const:.string:g_pui8RedSlider195x37)
                  00012ee7    00000826     GUIImg.obj (.const:.string:g_pui8GreenSlider195x37)
                  0001370d    00000782     grlib.lib : fontcmss18b.obj (.const:.string:g_pui8Cmss18bData)
                  00013e8f    00000759               : fontcm16.obj (.const:.string:g_pui8Cm16Data)
                  000145e8    00000705     GUIImg.obj (.const:.string:g_pui8GettingHotter28x148)
                  00014ced    0000065a     grlib.lib : fontcm14.obj (.const:.string:g_pui8Cm14Data)
                  00015347    0000055f               : fontcm12.obj (.const:.string:g_pui8Cm12Data)
                  000158a6    00000514               : fontcmss12.obj (.const:.string:g_pui8Cmss12Data)
                  00015dba    000003ad     GUIImg.obj (.const:.string:g_pui8GettingHotter28x148Mono)
                  00016167    0000024d     GUIImg.obj (.const:.string:g_pui8Logo)
                  000163b4    00000210     GUIImg.obj (.const:.string:g_pui8Blue50x50)
                  000165c4    0000020e     GUIImg.obj (.const:.string:g_pui8Blue50x50Press)
                  000167d2    0000020d     GUIImg.obj (.const:.string:g_pui8btn140x40)
                  000169df    0000020d     GUIImg.obj (.const:.string:g_pui8btn150x40Press)
                  00016bec    00000204     empty.obj (.const:.string)
                  00016df0    00000124     Images.obj (.const:.string:g_pui8Night)
                  00016f14    00000120     Boot.aem4f : Boot_sysctl.oem4f (.const:g_pppui32XTALtoVCO)
                  00017034    00000107     GUIImg.obj (.const:.string:g_pui8arrowRight)
                  0001713b    00000101     rtsv7M4_T_le_v4SPD16_eabi.lib : ctype.c.obj (.const:.string:_ctypes_)
                  0001723c    000000f8     Images.obj (.const:.string:g_pui8Day)
                  00017334    000000f5     GUIImg.obj (.const:.string:g_pui8LightOff)
                  00017429    000000e6     GUIImg.obj (.const:.string:g_pui8LightOn)
                  0001750f    00000001     empty_pem4f.oem4f (.const:xdc_runtime_Error_policy__C)
                  00017510    000000d0     empty_pem4f.oem4f (.const:xdc_runtime_Text_nodeTab__A)
                  000175e0    000000c8     grlib.lib : fontcm12.obj (.const:g_sFontCm12)
                  000176a8    000000c8               : fontcm14.obj (.const:g_sFontCm14)
                  00017770    000000c8               : fontcm16.obj (.const:g_sFontCm16)
                  00017838    000000c8               : fontcm18.obj (.const:g_sFontCm18)
                  00017900    000000c8               : fontcm20.obj (.const:g_sFontCm20)
                  000179c8    000000c8               : fontcm22.obj (.const:g_sFontCm22)
                  00017a90    000000c8               : fontcm24.obj (.const:g_sFontCm24)
                  00017b58    000000c8               : fontcmss12.obj (.const:g_sFontCmss12)
                  00017c20    000000c8               : fontcmss18b.obj (.const:g_sFontCmss18b)
                  00017ce8    000000a5     GUIImg.obj (.const:.string:g_pui8arrowLeft)
                  00017d8d    00000001     --HOLE-- [fill = 0]
                  00017d8e    00000002     empty_pem4f.oem4f (.const:ti_catalog_arm_cortexm4_tiva_ce_Boot_Module__id__C)
                  00017d90    000000a0     empty.obj (.const:$P$T0$3)
                  00017e30    00000090     driverlib.lib : gpio.obj (.const:g_pui32GPIOBaseAddrs)
                  00017ec0    00000076     GUIImg.obj (.const:.string:g_pui8backBtn)
                  00017f36    00000002     empty_pem4f.oem4f (.const:ti_sysbios_family_arm_lm4_Timer_Module__id__C)
                  00017f38    00000070     driverlib.lib : interrupt.obj (.const)
                  00017fa8    0000006c     Boot.aem4f : Boot_sysctl.oem4f (.const:g_pui32Xtals)
                  00018014    00000054     drivers_tivaware.aem4f : GPIOTiva.oem4f (.const:.string)
                  00018068    0000004c                            : UARTTiva.oem4f (.const)
                  000180b4    00000048     empty_pem4f.oem4f (.const:.string)
                  000180fc    00000048     drivers_tivaware.aem4f : GPIOTiva.oem4f (.const:gpioBaseAddresses)
                  00018144    0000003c     empty_pem4f.oem4f (.const:ti_sysbios_family_arm_lm4_Timer_Object__PARAMS__C)
                  00018180    0000003c     empty_pem4f.oem4f (.const:ti_sysbios_knl_Task_Object__PARAMS__C)
                  000181bc    00000030     Boot.aem4f : Boot_sysctl.oem4f (.const:g_sXTALtoMEMTIM)
                  000181ec    00000030     empty_pem4f.oem4f (.const:ti_sysbios_family_arm_m3_Hwi_Object__PARAMS__C)
                  0001821c    00000030     empty_pem4f.oem4f (.const:ti_sysbios_hal_Timer_Object__PARAMS__C)
                  0001824c    0000002c     empty_pem4f.oem4f (.const:xdc_runtime_Startup_sfxnTab__A)
                  00018278    00000028     drivers_tivaware.aem4f : UARTTiva.oem4f (.const:UARTTiva_fxnTable)
                  000182a0    00000028     Kentec320x240x16_ssd2119_spi.obj (.const:g_sKentec320x240x16_SSD2119)
                  000182c8    00000028     empty_pem4f.oem4f (.const:ti_sysbios_heaps_HeapMem_Module__FXNS__C)
                  000182f0    00000024     EK_TM4C1294XL.obj (.const:I2C_config)
                  00018314    00000024     drivers_tivaware.aem4f : UART.oem4f (.const:UART_defaultParams)
                  00018338    00000024     empty_pem4f.oem4f (.const:ti_sysbios_gates_GateHwi_Module__FXNS__C)
                  0001835c    00000024     empty_pem4f.oem4f (.const:ti_sysbios_gates_GateMutex_Module__FXNS__C)
                  00018380    00000024     empty_pem4f.oem4f (.const:ti_sysbios_heaps_HeapMem_Object__PARAMS__C)
                  000183a4    00000024     empty_pem4f.oem4f (.const:ti_sysbios_knl_Clock_Object__PARAMS__C)
                  000183c8    00000024     empty_pem4f.oem4f (.const:ti_sysbios_knl_Semaphore_Object__PARAMS__C)
                  000183ec    00000020     empty_pem4f.oem4f (.const:ti_sysbios_family_arm_lm4_Timer_Object__DESC__C)
                  0001840c    00000020     empty_pem4f.oem4f (.const:ti_sysbios_family_arm_m3_Hwi_Object__DESC__C)
                  0001842c    00000020     empty_pem4f.oem4f (.const:ti_sysbios_gates_GateHwi_Object__DESC__C)
                  0001844c    00000020     empty_pem4f.oem4f (.const:ti_sysbios_gates_GateMutex_Object__DESC__C)
                  0001846c    00000020     empty_pem4f.oem4f (.const:ti_sysbios_hal_Timer_Object__DESC__C)
                  0001848c    00000020     empty_pem4f.oem4f (.const:ti_sysbios_heaps_HeapMem_Object__DESC__C)
                  000184ac    00000020     empty_pem4f.oem4f (.const:ti_sysbios_knl_Clock_Object__DESC__C)
                  000184cc    00000020     empty_pem4f.oem4f (.const:ti_sysbios_knl_Queue_Object__DESC__C)
                  000184ec    00000020     empty_pem4f.oem4f (.const:ti_sysbios_knl_Semaphore_Object__DESC__C)
                  0001850c    00000020     empty_pem4f.oem4f (.const:ti_sysbios_knl_Task_Object__DESC__C)
                  0001852c    0000001c     drivers_tivaware.aem4f : I2CTiva.oem4f (.const)
                  00018548    0000001c     touch.obj (.const:g_pi32TouchParameters)
                  00018564    00000018     EK_TM4C1294XL.obj (.const:UART_config)
                  0001857c    00000018     EK_TM4C1294XL.obj (.const:i2cTivaHWAttrs)
                  00018594    00000018     empty_pem4f.oem4f (.const:ti_sysbios_gates_GateHwi_Object__PARAMS__C)
                  000185ac    00000018     empty_pem4f.oem4f (.const:ti_sysbios_gates_GateMutex_Object__PARAMS__C)
                  000185c4    00000018     empty_pem4f.oem4f (.const:ti_sysbios_knl_Queue_Object__PARAMS__C)
                  000185dc    00000018     EK_TM4C1294XL.obj (.const:uartTivaHWAttrs)
                  000185f4    00000016     empty_pem4f.oem4f (.const:xdc_runtime_Startup_sfxnRts__A)
                  0001860a    00000002     empty_pem4f.oem4f (.const:ti_sysbios_family_arm_lm4_Timer_supportsAltclk__C)
                  0001860c    00000014     EK_TM4C1294XL.obj (.const:GPIOTiva_config)
                  00018620    00000014     empty_pem4f.oem4f (.const:xdc_runtime_Startup_firstFxns__A)
                  00018634    00000012     ustdlib.obj (.const:.string)
                  00018646    00000002     empty_pem4f.oem4f (.const:ti_sysbios_family_arm_m3_Hwi_Module__id__C)
                  00018648    00000010     grlib.lib : context.obj (.const)
                  00018658    00000008     Boot.aem4f : Boot_sysctl.oem4f (.const)
                  00018660    00000008     empty_pem4f.oem4f (.const:ti_sysbios_family_arm_m3_Hwi_excHookFuncs__A)
                  00018668    00000008     empty_pem4f.oem4f (.const:ti_sysbios_knl_Idle_funcList__C)
                  00018670    00000008     empty_pem4f.oem4f (.const:xdc_runtime_Startup_firstFxns__C)
                  00018678    00000008     empty_pem4f.oem4f (.const:xdc_runtime_Startup_lastFxns__C)
                  00018680    00000004     empty_pem4f.oem4f (.const:ti_catalog_arm_cortexm4_tiva_ce_Boot_A_mustNotUseEnhancedClockMode__C)
                  00018684    00000004     empty_pem4f.oem4f (.const:ti_catalog_arm_cortexm4_tiva_ce_Boot_Module__diagsEnabled__C)
                  00018688    00000004     empty_pem4f.oem4f (.const:ti_catalog_arm_cortexm4_tiva_ce_Boot_Module__diagsIncluded__C)
                  0001868c    00000004     empty_pem4f.oem4f (.const:ti_catalog_arm_cortexm4_tiva_ce_Boot_Module__diagsMask__C)
                  00018690    00000004     empty_pem4f.oem4f (.const:ti_sysbios_family_arm_lm4_Timer_E_cannotSupport__C)
                  00018694    00000004     empty_pem4f.oem4f (.const:ti_sysbios_family_arm_lm4_Timer_E_invalidTimer__C)
                  00018698    00000004     empty_pem4f.oem4f (.const:ti_sysbios_family_arm_lm4_Timer_E_noaltclk__C)
                  0001869c    00000004     empty_pem4f.oem4f (.const:ti_sysbios_family_arm_lm4_Timer_E_notAvailable__C)
                  000186a0    00000004     empty_pem4f.oem4f (.const:ti_sysbios_family_arm_lm4_Timer_anyMask__C)
                  000186a4    00000004     empty_pem4f.oem4f (.const:ti_sysbios_family_arm_lm4_Timer_disableFunc__C)
                  000186a8    00000004     empty_pem4f.oem4f (.const:ti_sysbios_family_arm_lm4_Timer_enableFunc__C)
                  000186ac    00000004     empty_pem4f.oem4f (.const:ti_sysbios_family_arm_lm4_Timer_numTimerDevices__C)
                  000186b0    00000004     empty_pem4f.oem4f (.const:ti_sysbios_family_arm_lm4_Timer_startupNeeded__C)
                  000186b4    00000004     empty_pem4f.oem4f (.const:ti_sysbios_family_arm_m3_Hwi_E_NMI__C)
                  000186b8    00000004     empty_pem4f.oem4f (.const:ti_sysbios_family_arm_m3_Hwi_E_alreadyDefined__C)
                  000186bc    00000004     empty_pem4f.oem4f (.const:ti_sysbios_family_arm_m3_Hwi_E_busFault__C)
                  000186c0    00000004     empty_pem4f.oem4f (.const:ti_sysbios_family_arm_m3_Hwi_E_debugMon__C)
                  000186c4    00000004     empty_pem4f.oem4f (.const:ti_sysbios_family_arm_m3_Hwi_E_hardFault__C)
                  000186c8    00000004     empty_pem4f.oem4f (.const:ti_sysbios_family_arm_m3_Hwi_E_memFault__C)
                  000186cc    00000004     empty_pem4f.oem4f (.const:ti_sysbios_family_arm_m3_Hwi_E_noIsr__C)
                  000186d0    00000004     empty_pem4f.oem4f (.const:ti_sysbios_family_arm_m3_Hwi_E_reserved__C)
                  000186d4    00000004     empty_pem4f.oem4f (.const:ti_sysbios_family_arm_m3_Hwi_E_svCall__C)
                  000186d8    00000004     empty_pem4f.oem4f (.const:ti_sysbios_family_arm_m3_Hwi_E_usageFault__C)
                  000186dc    00000004     empty_pem4f.oem4f (.const:ti_sysbios_family_arm_m3_Hwi_NUM_INTERRUPTS__C)
                  000186e0    00000004     empty_pem4f.oem4f (.const:ti_sysbios_family_arm_m3_Hwi_Object__count__C)
                  000186e4    00000004     empty_pem4f.oem4f (.const:ti_sysbios_family_arm_m3_Hwi_ccr__C)
                  000186e8    00000004     empty_pem4f.oem4f (.const:ti_sysbios_family_arm_m3_Hwi_excHandlerFunc__C)
                  000186ec    00000004     empty_pem4f.oem4f (.const:ti_sysbios_family_arm_m3_Hwi_excHookFuncs__C)
                  000186f0    00000004     empty_pem4f.oem4f (.const:ti_sysbios_family_arm_m3_Hwi_nullIsrFunc__C)
                  000186f4    00000004     empty_pem4f.oem4f (.const:ti_sysbios_family_arm_m3_Hwi_priGroup__C)
                  000186f8    00000004     empty_pem4f.oem4f (.const:ti_sysbios_family_arm_m3_TaskSupport_stackAlignment__C)
                  000186fc    00000004     empty_pem4f.oem4f (.const:ti_sysbios_gates_GateMutex_A_badContext__C)
                  00018700    00000004     empty_pem4f.oem4f (.const:ti_sysbios_gates_GateMutex_Instance_State_sem__O)
                  00018704    00000004     empty_pem4f.oem4f (.const:ti_sysbios_gates_GateMutex_Module__diagsEnabled__C)
                  00018708    00000004     empty_pem4f.oem4f (.const:ti_sysbios_gates_GateMutex_Module__diagsIncluded__C)
                  0001870c    00000004     empty_pem4f.oem4f (.const:ti_sysbios_gates_GateMutex_Module__diagsMask__C)
                  00018710    00000004     empty_pem4f.oem4f (.const:ti_sysbios_hal_Hwi_E_stackOverflow__C)
                  00018714    00000004     empty_pem4f.oem4f (.const:ti_sysbios_hal_SecondsClock_Module_State_clock__O)
                  00018718    00000004     empty_pem4f.oem4f (.const:ti_sysbios_heaps_HeapMem_A_align__C)
                  0001871c    00000004     empty_pem4f.oem4f (.const:ti_sysbios_heaps_HeapMem_A_heapSize__C)
                  00018720    00000004     empty_pem4f.oem4f (.const:ti_sysbios_heaps_HeapMem_A_invalidFree__C)
                  00018724    00000004     empty_pem4f.oem4f (.const:ti_sysbios_heaps_HeapMem_A_zeroBlock__C)
                  00018728    00000004     empty_pem4f.oem4f (.const:ti_sysbios_heaps_HeapMem_E_memory__C)
                  0001872c    00000004     empty_pem4f.oem4f (.const:ti_sysbios_heaps_HeapMem_Module__diagsEnabled__C)
                  00018730    00000004     empty_pem4f.oem4f (.const:ti_sysbios_heaps_HeapMem_Module__diagsIncluded__C)
                  00018734    00000004     empty_pem4f.oem4f (.const:ti_sysbios_heaps_HeapMem_Module__diagsMask__C)
                  00018738    00000004     empty_pem4f.oem4f (.const:ti_sysbios_heaps_HeapMem_Module__gateObj__C)
                  0001873c    00000004     empty_pem4f.oem4f (.const:ti_sysbios_heaps_HeapMem_Object__count__C)
                  00018740    00000004     empty_pem4f.oem4f (.const:ti_sysbios_heaps_HeapMem_reqAlign__C)
                  00018744    00000004     empty_pem4f.oem4f (.const:ti_sysbios_knl_Clock_A_badThreadType__C)
                  00018748    00000004     empty_pem4f.oem4f (.const:ti_sysbios_knl_Clock_Module_State_clockQ__O)
                  0001874c    00000004     empty_pem4f.oem4f (.const:ti_sysbios_knl_Clock_Module__diagsEnabled__C)
                  00018750    00000004     empty_pem4f.oem4f (.const:ti_sysbios_knl_Clock_Module__diagsIncluded__C)
                  00018754    00000004     empty_pem4f.oem4f (.const:ti_sysbios_knl_Clock_Module__diagsMask__C)
                  00018758    00000004     empty_pem4f.oem4f (.const:ti_sysbios_knl_Clock_tickPeriod__C)
                  0001875c    00000004     empty_pem4f.oem4f (.const:ti_sysbios_knl_Idle_funcList__A)
                  00018760    00000004     empty_pem4f.oem4f (.const:ti_sysbios_knl_Semaphore_A_badContext__C)
                  00018764    00000004     empty_pem4f.oem4f (.const:ti_sysbios_knl_Semaphore_A_noEvents__C)
                  00018768    00000004     empty_pem4f.oem4f (.const:ti_sysbios_knl_Semaphore_A_overflow__C)
                  0001876c    00000004     empty_pem4f.oem4f (.const:ti_sysbios_knl_Semaphore_A_pendTaskDisabled__C)
                  00018770    00000004     empty_pem4f.oem4f (.const:ti_sysbios_knl_Semaphore_Instance_State_pendQ__O)
                  00018774    00000004     empty_pem4f.oem4f (.const:ti_sysbios_knl_Semaphore_Module__diagsEnabled__C)
                  00018778    00000004     empty_pem4f.oem4f (.const:ti_sysbios_knl_Semaphore_Module__diagsIncluded__C)
                  0001877c    00000004     empty_pem4f.oem4f (.const:ti_sysbios_knl_Semaphore_Module__diagsMask__C)
                  00018780    00000004     empty_pem4f.oem4f (.const:ti_sysbios_knl_Swi_Object__count__C)
                  00018784    00000004     empty_pem4f.oem4f (.const:ti_sysbios_knl_Task_A_badPriority__C)
                  00018788    00000004     empty_pem4f.oem4f (.const:ti_sysbios_knl_Task_A_badTaskState__C)
[...]
00018708  ti_sysbios_gates_GateMutex_Module__diagsIncluded__C                  
0001870c  ti_sysbios_gates_GateMutex_Module__diagsMask__C                      
00018710  ti_sysbios_hal_Hwi_E_stackOverflow__C                                
00018714  ti_sysbios_hal_SecondsClock_Module_State_clock__O                    
00018718  ti_sysbios_heaps_HeapMem_A_align__C                                  
0001871c  ti_sysbios_heaps_HeapMem_A_heapSize__C                               
00018720  ti_sysbios_heaps_HeapMem_A_invalidFree__C                            
00018724  ti_sysbios_heaps_HeapMem_A_zeroBlock__C                              
00018728  ti_sysbios_heaps_HeapMem_E_memory__C                                 
0001872c  ti_sysbios_heaps_HeapMem_Module__diagsEnabled__C                     
00018730  ti_sysbios_heaps_HeapMem_Module__diagsIncluded__C                    
00018734  ti_sysbios_heaps_HeapMem_Module__diagsMask__C                        
00018738  ti_sysbios_heaps_HeapMem_Module__gateObj__C                          
0001873c  ti_sysbios_heaps_HeapMem_Object__count__C                            
00018740  ti_sysbios_heaps_HeapMem_reqAlign__C                                 
00018744  ti_sysbios_knl_Clock_A_badThreadType__C                              
00018748  ti_sysbios_knl_Clock_Module_State_clockQ__O                          
0001874c  ti_sysbios_knl_Clock_Module__diagsEnabled__C                         
00018750  ti_sysbios_knl_Clock_Module__diagsIncluded__C                        
00018754  ti_sysbios_knl_Clock_Module__diagsMask__C                            
00018758  ti_sysbios_knl_Clock_tickPeriod__C                                   
0001875c  ti_sysbios_knl_Idle_funcList__A                                      
00018760  ti_sysbios_knl_Semaphore_A_badContext__C                             
00018764  ti_sysbios_knl_Semaphore_A_noEvents__C                               
00018768  ti_sysbios_knl_Semaphore_A_overflow__C                               
0001876c  ti_sysbios_knl_Semaphore_A_pendTaskDisabled__C                       
00018770  ti_sysbios_knl_Semaphore_Instance_State_pendQ__O                     
00018774  ti_sysbios_knl_Semaphore_Module__diagsEnabled__C                     
00018778  ti_sysbios_knl_Semaphore_Module__diagsIncluded__C                    
0001877c  ti_sysbios_knl_Semaphore_Module__diagsMask__C                        
00018780  ti_sysbios_knl_Swi_Object__count__C                                  
00018784  ti_sysbios_knl_Task_A_badPriority__C                                 
00018788  ti_sysbios_knl_Task_A_badTaskState__C                                
0001878c  ti_sysbios_knl_Task_A_badThreadType__C                               
00018790  ti_sysbios_knl_Task_A_badTimeout__C                                  
00018794  ti_sysbios_knl_Task_A_noPendElem__C                                  
00018798  ti_sysbios_knl_Task_A_sleepTaskDisabled__C                           
0001879c  ti_sysbios_knl_Task_E_spOutOfBounds__C                               
000187a0  ti_sysbios_knl_Task_E_stackOverflow__C                               
000187a4  ti_sysbios_knl_Task_Module_State_inactiveQ__O                        
000187a8  ti_sysbios_knl_Task_Module__diagsEnabled__C                          
000187ac  ti_sysbios_knl_Task_Module__diagsIncluded__C                         
000187b0  ti_sysbios_knl_Task_Module__diagsMask__C                             
000187b4  ti_sysbios_knl_Task_Object__count__C                                 
000187b8  ti_sysbios_knl_Task_allBlockedFunc__C                                
000187bc  ti_sysbios_knl_Task_defaultStackHeap__C                              
000187c0  ti_sysbios_knl_Task_defaultStackSize__C                              
000187c4  ti_sysbios_knl_Task_numConstructedTasks__C                           
000187cc  xdc_runtime_Assert_E_assertFailed__C                                 
000187d0  xdc_runtime_Core_A_initializedParams__C                              
000187d4  xdc_runtime_Core_Module__diagsEnabled__C                             
000187d8  xdc_runtime_Core_Module__diagsIncluded__C                            
000187dc  xdc_runtime_Core_Module__diagsMask__C                                
000187e0  xdc_runtime_Error_E_memory__C                                        
000187e4  xdc_runtime_Error_Module__diagsEnabled__C                            
000187e8  xdc_runtime_Error_Module__diagsIncluded__C                           
000187ec  xdc_runtime_Error_Module__diagsMask__C                               
000187f0  xdc_runtime_Error_Module__loggerFxn8__C                              
000187f4  xdc_runtime_Error_Module__loggerObj__C                               
000187f8  xdc_runtime_Error_policyFxn__C                                       
000187fc  xdc_runtime_Error_raiseHook__C                                       
00018800  xdc_runtime_IGateProvider_Interface__BASE__C                         
00018804  xdc_runtime_IHeap_Interface__BASE__C                                 
00018808  xdc_runtime_IModule_Interface__BASE__C                               
0001880c  xdc_runtime_Log_L_error__C                                           
00018810  xdc_runtime_Memory_defaultHeapInstance__C                            
00018814  xdc_runtime_Startup_execImpl__C                                      
00018818  xdc_runtime_Startup_lastFxns__A                                      
0001881c  xdc_runtime_Startup_maxPasses__C                                     
00018820  xdc_runtime_Startup_sfxnRts__C                                       
00018824  xdc_runtime_Startup_sfxnTab__C                                       
00018828  xdc_runtime_SysMin_bufSize__C                                        
0001882c  xdc_runtime_SysMin_outputFunc__C                                     
00018830  xdc_runtime_System_Module__gateObj__C                                
00018834  xdc_runtime_System_abortFxn__C                                       
00018838  xdc_runtime_System_exitFxn__C                                        
0001883c  xdc_runtime_System_extendFxn__C                                      
00018840  xdc_runtime_System_maxAtexitHandlers__C                              
00018844  xdc_runtime_Text_charTab__C                                          
00018848  xdc_runtime_Text_nameEmpty__C                                        
0001884c  xdc_runtime_Text_nameStatic__C                                       
00018850  xdc_runtime_Text_nameUnknown__C                                      
00018854  xdc_runtime_Text_nodeTab__C                                          
00018858  xdc_runtime_Text_visitRopeFxn__C                                     
0001885c  ti_sysbios_gates_GateMutex_Module__id__C                             
0001885e  ti_sysbios_hal_Hwi_Module__id__C                                     
00018860  ti_sysbios_heaps_HeapMem_Module__id__C                               
00018862  ti_sysbios_knl_Clock_Module__id__C                                   
00018864  ti_sysbios_knl_Semaphore_Module__id__C                               
00018866  ti_sysbios_knl_Task_Module__id__C                                    
00018868  xdc_runtime_Core_Module__id__C                                       
0001886a  xdc_runtime_Error_Module__loggerDefined__C                           
0001886c  xdc_runtime_Error_maxDepth__C                                        
0001886e  xdc_runtime_Memory_Module__id__C                                     
00018870  xdc_runtime_SysMin_flushAtExit__C                                    
00018872  xdc_runtime_Text_charCnt__C                                          
00018874  xdc_runtime_Text_isLoaded__C                                         
00018876  xdc_runtime_Text_registryModsLastId__C                               
00018878  xdc_runtime_Text_unnamedModsLastId__C                                
00018880  __TI_static_base__                                                   
00019118  __TI_Handler_Table_Base                                              
00019124  __TI_Handler_Table_Limit                                             
00019138  __TI_CINIT_Base                                                      
00019150  __TI_CINIT_Limit                                                     
20000000  __start___llvm_prf_cnts                                              
20000000  __stop___llvm_prf_cnts                                               
20000000  ti_sysbios_family_arm_m3_Hwi_ramVectors                              
20000400  task0Stack                                                           
20000c00  taskTouchStack                                                       
20001400  psDMAControlTable                                                    
20001800  ti_sysbios_heaps_HeapMem_Instance_State_0_buf__A                     
20001c00  ti_sysbios_family_arm_m3_Hwi_dispatchTable                           
20001f60  ti_sysbios_knl_Task_Instance_State_0_stack__A                        
200022a0  __CIOBUF_                                                            
200023c0  i2cTivaObjects                                                       
200024c0  uartTivaObjects                                                      
2000261c  xdc_runtime_SysMin_Module_State_0_outbuf__A                          
2000269c  task0Struct                                                          
200026ec  taskTouchStruct                                                      
2000273c  sContext                                                             
20002788  tempc                                                                
200027a8  uartTivaRingBuffer                                                   
200027c8  datetime                                                             
20002808  AccBox                                                               
20002810  Banner                                                               
20002818  BannerB                                                              
20002820  CurrBox                                                              
20002828  Distbox                                                              
20002830  clearBox                                                             
20002838  graphClear                                                           
20002840  parmbuf                                                              
20002848  g_pi32ParmSet                                                        
20002850  g_ui32Panel                                                          
20002858  timerclock                                                           
2000285c  uart                                                                 
20002860  g_i16TouchX                                                          
20002862  g_i16TouchY                                                          
20002868  g_psSliders                                                          
20002a90  g_psPanels                                                           
20002c90  dd                                                                   
20002e20  g_psRadioButtonIndicators                                            
20002fa0  sidertestC                                                           
200030a0  g_psCheckBoxIndicators                                               
20003160  g_psCheckBoxes                                                       
20003220  g_psRadioButtons1                                                    
200032e0  g_psRadioButtons2                                                    
200033a0  ti_sysbios_family_arm_lm4_Timer_Object__table__V                     
20003420  ti_sysbios_knl_Swi_Module_State_0_readyQ__A                          
200034a0  ti_sysbios_knl_Task_Module_State_0_readyQ__A                         
20003520  g_psRadioContainers                                                  
20003590  MotorSpeedSlider                                                     
200035ec  slidertest                                                           
20003648  AccDownBtn                                                           
20003698  AccUpBtn                                                             
200036e8  CurrentDownBtn                                                       
20003738  CurrentUpBtn                                                         
20003788  DistDownBtn                                                          
200037d8  DistUpBtn                                                            
20003828  GraphPgBtn                                                           
20003878  LightGraphBtn                                                        
200038c8  MotorGraphBtn                                                        
20003918  MotorMode                                                            
20003968  MotorPgBtn                                                           
200039b8  PowerGraphBtn                                                        
20003a08  SensorPgBtn                                                          
20003a58  TestGraphBtn                                                         
20003aa8  backGraphBtn                                                         
20003af8  backGraphSelectBtn                                                   
20003b48  backMotorBtn                                                         
20003b98  backSensorBtn                                                        
20003be8  brrrr2                                                               
20003c38  brrrr                                                                
20003c88  ti_sysbios_knl_Task_Object__table__V                                 
20003cd4  ti_sysbios_family_arm_m3_Hwi_Object__table__V                        
20003d1c  ti_sysbios_knl_Task_Module__state__V                                 
20003d60  g_sCanvas1                                                           
20003da0  g_sCanvas2                                                           
20003de0  g_sCanvas3                                                           
20003e20  g_sIntroduction                                                      
20003e60  g_sPrimitives                                                        
20003ea0  g_sSliderValueCanvas                                                 
20003ee0  ti_sysbios_family_arm_lm4_Timer_Module_State_0_device__A             
20003f20  ti_sysbios_hal_SecondsClock_Module__state__V                         
20003f5c  g_sContainer1                                                        
20003f94  g_sContainer2                                                        
20003fcc  g_sContainer3                                                        
20004004  ti_sysbios_gates_GateMutex_Object__table__V                          
2000403c  ti_sysbios_family_arm_m3_Hwi_Module__state__V                        
20004070  ti_sysbios_knl_Swi_Object__table__V                                  
200040a0  g_sRoot                                                              
200040ce  ti_sysbios_family_arm_m3_Hwi_Module_State_0_excActive__A             
200040d0  motorStartStop                                                       
200040d1  HA                                                                   
200040d2  HB                                                                   
200040d3  HC                                                                   
200040d4  LowLight                                                             
200040d8  lux                                                                  
200040e0  objectdist                                                           
200040e8  ongraph                                                              
200040ec  x1                                                                   
200040f0  x2                                                                   
200040f4  y1                                                                   
200040f8  y2                                                                   
200040fc  ti_sysbios_knl_Clock_Module__state__V                                
20004128  ti_sysbios_BIOS_Module__state__V                                     
2000414c  ti_sysbios_family_arm_lm4_Timer_Module_State_0_handles__A            
2000416c  gpioPinConfigs                                                       
20004188  ti_sysbios_knl_Swi_Module__state__V                                  
200041a4  ti_sysbios_heaps_HeapMem_Object__table__V                            
200041bc  ti_sysbios_family_arm_lm4_Timer_Module__state__V                     
200041c8  xdc_runtime_SysMin_Module__state__V                                  
200041d4  _lock                                                                
200041d8  _unlock                                                              
200041dc  gpioCallbackFunctions                                                
200041e4  ti_sysbios_family_arm_lm4_Timer_Module__root__V                      
200041ec  ti_sysbios_family_arm_lm4_TimestampProvider_Module__state__V         
200041f4  ti_sysbios_family_arm_m3_Hwi_Module__root__V                         
200041fc  ti_sysbios_gates_GateHwi_Module__root__V                             
20004204  ti_sysbios_gates_GateMutex_Module__root__V                           
2000420c  ti_sysbios_hal_Timer_Module__root__V                                 
20004214  ti_sysbios_heaps_HeapMem_Module__root__V                             
2000421c  ti_sysbios_knl_Clock_Module__root__V                                 
20004224  ti_sysbios_knl_Queue_Module__root__V                                 
2000422c  ti_sysbios_knl_Semaphore_Module__root__V                             
20004234  ti_sysbios_knl_Task_Module__root__V                                  
2000423c  xdc_runtime_Registry_Module__state__V                                
20004244  xdc_runtime_Startup_Module__state__V                                 
2000424c  xdc_runtime_System_Module_State_0_atexitHandlers__A                  
20004254  xdc_runtime_System_Module__state__V                                  
20004262  xdc_runtime_Error_Module__state__V                                   
2000426c  errno                                                                
20004270  main_func_sp                                                         
20004274  ti_sysbios_family_arm_m3_Hwi_Module_State_0_excContext__A            
20004278  ti_sysbios_family_arm_m3_Hwi_Module_State_0_excStack__A              
2000427c  ti_sysbios_gates_GateHwi_Object__table__V                            
20004280  ti_sysbios_knl_Task_Module_State_0_idleTask__A                       
20004284  g_i16TouchMin                                                        
20004288  xdc_runtime_Memory_Module__state__V                                  
20004290  __stack                                                              
20004590  __STACK_END                                                          
e000e000  ti_sysbios_family_arm_m3_Hwi_nvic                                    
ffffffff  __TI_pprof_out_hndl                                                  
ffffffff  __TI_prof_data_size                                                  
ffffffff  __TI_prof_data_start                                                 
ffffffff  __binit__                                                            
ffffffff  __c_args__                                                           
ffffffff  binit                                                                
UNDEFED   SHT$$INIT_ARRAY$$Base                                                
UNDEFED   SHT$$INIT_ARRAY$$Limit                                               

[934 symbols]
