******************************************************************************
                  TI ARM Linker PC v20.2.5                     
******************************************************************************
>> Linked Wed Jun  1 17:15:19 2022

OUTPUT FILE NAME:   <EGH456MotorProject.out>
ENTRY POINT SYMBOL: "_c_int00"  address: 0000d551


MEMORY CONFIGURATION

         name            origin    length      used     unused   attr    fill
----------------------  --------  ---------  --------  --------  ----  --------
  FLASH                 00000000   00100000  00019380  000e6c80  R  X
  SRAM                  20000000   00040000  00006c14  000393ec  RW X


SEGMENT ALLOCATION MAP

run origin  load origin   length   init length attrs members
----------  ----------- ---------- ----------- ----- -------
00000000    00000000    00019390   00019390    r-x
  00000000    00000000    0000003c   0000003c    r-- .resetVecs
  00000040    00000040    00010cca   00010cca    r-x .text
  00010d10    00010d10    0000820a   0000820a    r-- .const
  00018f20    00018f20    00000470   00000470    r-- .cinit
20000000    20000000    00000360   00000000    rw-
  20000000    20000000    00000360   00000000    rw- .vecs
20000400    20000400    000068b8   00000000    rw-
  20000400    20000400    00005770   00000000    rw- .bss
  20005b70    20005b70    00000d44   00000000    rw- .data
  200068b8    200068b8    00000400   00000000    rw- .stack


SECTION ALLOCATION MAP

 output                                  attributes/
section   page    origin      length       input sections
--------  ----  ----------  ----------   ----------------
.text      0    00000040    00010cca     
                  00000040    00000a4e     rtsv7M4_T_le_v4SPD16_eabi.lib : _printfi.c.obj (.text:__TI_printfi)
                  00000a8e    00000002                                   : _lock.c.obj (.text:_nop)
                  00000a90    000006ac     MotorLib.lib : motorlib.obj (.text)
                  0000113c    00000438     ustdlib.obj (.text:uvsnprintf)
                  00001574    00000004     driverlib.lib : i2c.obj (.text:I2CMasterControl)
                  00001578    00000430     sysbios.aem4f : BIOS.obj (.text:ti_sysbios_family_arm_m3_Hwi_excDumpRegs__I)
                  000019a8    00000400     GlobalDraw.obj (.text:MotorPage)
                  00001da8    0000039c     GlobalDraw.obj (.text:GraphPrimitive)
                  00002144    00000378     GlobalDraw.obj (.text:SensorPage)
                  000024bc    00000374     grlib.lib : image.obj (.text:InternalImageDraw)
                  00002830    0000034c     ti.targets.arm.rtsarm.aem4f : System.oem4f (.text:xdc_runtime_System_doPrint__I)
                  00002b7c    00000004     driverlib.lib : i2c.obj (.text:I2CMasterDataGet)
                  00002b80    00000320     sysbios.aem4f : BIOS.obj (.text:ti_sysbios_knl_Event_pend__E)
                  00002ea0    000002f8     grlib.lib : image.obj (.text:PixelTransparentDraw)
                  00003198    000002c6               : slider.obj (.text:SliderPaint)
                  0000345e    00000002     rtsv7M4_T_le_v4SPD16_eabi.lib : div0.asm.obj (.text)
                  00003460    000002a4     sysbios.aem4f : BIOS.obj (.text:ti_sysbios_knl_Semaphore_pend__E)
                  00003704    000002a0     GlobalDraw.obj (.text:TopBarDraw)
                  000039a4    00000270     rtsv7M4_T_le_v4SPD16_eabi.lib : _printfi.c.obj (.text:_pconv_a)
                  00003c14    00000004     driverlib.lib : i2c.obj (.text:I2CMasterDataPut)
                  00003c18    0000026c     sysbios.aem4f : BIOS.obj (.text:ti_sysbios_heaps_HeapMem_free__E)
                  00003e84    00000268     touch.obj (.text:TouchScreenDebouncer)
                  000040ec    00000254     grlib.lib : string.obj (.text:GrFontGlyphRender)
                  00004340    00000250     sysbios.aem4f : BIOS.obj (.text:ti_sysbios_heaps_HeapMem_alloc__E)
                  00004590    00000240     Motor.obj (.text:RegulateSpeed)
                  000047d0    00000234     sysbios.aem4f : BIOS.obj (.text:ti_sysbios_knl_Task_Instance_finalize__E)
                  00004a04    00000224     empty.obj (.text:main)
                  00004c28    0000020c     drivers_tivaware.aem4f : UARTTiva.oem4f (.text:UARTTiva_open)
                  00004e34    00000204     Boot.aem4f : Boot_sysctl.oem4f (.text:ti_catalog_arm_cortexm4_tiva_ce_Boot_sysCtlClockFreqSetI__I)
                  00005038    00000200     Motor.obj (.text:PIControl)
                  00005238    00000200     rtsv7M4_T_le_v4SPD16_eabi.lib : s_exp2.c.obj (.text:exp2)
                  00005438    000001f8     GlobalDraw.obj (.text:updateSensorPage)
                  00005630    000001f4     sysbios.aem4f : BIOS.obj (.text:ti_sysbios_family_arm_m3_Hwi_excHandlerMax__I)
                  00005824    000001e4     Kentec320x240x16_ssd2119_spi.obj (.text:Kentec320x240x16_SSD2119Init)
                  00005a08    000001dc     Kentec320x240x16_ssd2119_spi.obj (.text:Kentec320x240x16_SSD2119PixelDrawMultiple)
                  00005be4    000001d4     sensors.obj (.text:readOptFxn)
                  00005db8    000001d0     rtsv7M4_T_le_v4SPD16_eabi.lib : _printfi.c.obj (.text:_pconv_g)
                  00005f88    000001c8     sysbios.aem4f : BIOS.obj (.text:ti_sysbios_knl_Task_sleep__E)
                  00006150    000001c0                   : BIOS.obj (.text:ti_sysbios_knl_Task_Instance_init__E)
                  00006310    000001b6     rtsv7M4_T_le_v4SPD16_eabi.lib : fd_add_t2.asm.obj (.text)
                  000064c6    00000002     empty_pem4f.oem4f (.text:ti_sysbios_BIOS_nullFunc__I)
                  000064c8    000001b4     empty.obj (.text:heartBeatFxn)
                  0000667c    000001a4     GlobalDraw.obj (.text:MotorPageUpdate)
                  00006820    000001a4     pinout.obj (.text:PinoutSet)
                  000069c4    000001a4     GlobalDraw.obj (.text:UpdateGraphPlot)
                  00006b68    000001a0     sysbios.aem4f : BIOS.obj (.text:ti_sysbios_gates_GateMutexPri_enter__E)
                  00006d08    00000190     grlib.lib : canvas.obj (.text:CanvasPaint)
                  00006e98    0000017e               : pushbutton.obj (.text:RectangularButtonPaint)
                  00007016    00000002     empty_pem4f.oem4f (.text:xdc_runtime_Startup_reset__I)
                  00007018    00000178     touch.obj (.text:TouchScreenIntHandler)
                  00007190    00000174     sysbios.aem4f : BIOS.obj (.text:ti_sysbios_family_arm_m3_Hwi_excBusFault__I)
                  00007304    00000170     drivers_tivaware.aem4f : PWMTiva.oem4f (.text:PWMTiva_open)
                  00007474    00000004     driverlib.lib : uart.obj (.text:UARTIntClear)
                  00007478    00000164     sysbios.aem4f : BIOS.obj (.text:ti_sysbios_family_arm_m3_Hwi_excUsageFault__I)
                  000075dc    0000015c     sensors.obj (.text:accelSensorFilterFxn)
                  00007738    00000158     sensors.obj (.text:readCurrentFxn)
                  00007890    00000150     drivers_tivaware.aem4f : GPIOTiva.oem4f (.text:GPIO_setConfig)
                  000079e0    0000014c     sensors.obj (.text:readAccFxn)
                  00007b2c    00000004     grlib.lib : widget.obj (.text:WidgetDefaultMsgProc)
                  00007b30    00000148     sysbios.aem4f : BIOS.obj (.text:ti_sysbios_family_arm_m3_Hwi_excMemFault__I)
                  00007c78    0000013c     rtsv7M4_T_le_v4SPD16_eabi.lib : _printfi.c.obj (.text:_pconv_e)
                  00007db4    00000004                                   : exit.c.obj (.text:abort:abort)
                  00007db8    0000013c     sysbios.aem4f : BIOS.obj (.text:ti_sysbios_heaps_HeapMem_Instance_init__E)
                  00007ef4    00000136     rtsv7M4_T_le_v4SPD16_eabi.lib : fd_div_t2.asm.obj (.text)
                  0000802a    00000006     driverlib.lib : gpio.obj (.text:GPIOIntClear)
                  00008030    00000134     sysbios.aem4f : BIOS.obj (.text:ti_sysbios_knl_Task_setPri__E)
                  00008164    00000130     GlobalDraw.obj (.text:BannerInit)
                  00008294    00000130     driverlib.lib : gpio.obj (.text:GPIOPadConfigSet)
                  000083c4    00000124     rtsv7M4_T_le_v4SPD16_eabi.lib : _printfi.c.obj (.text:fcvt)
                  000084e8    00000118     ti.targets.arm.rtsarm.aem4f : Error.oem4f (.text:xdc_runtime_Error_policyDefault__E)
                  00008600    00000114     drivers_tivaware.aem4f : PWMTimerTiva.oem4f (.text:PWMTimerTiva_open)
                  00008714    00000110     sensors.obj (.text:currentSensorFilterFxn)
                  00008824    00000110     rtsv7M4_T_le_v4SPD16_eabi.lib : s_scalbn.c.obj (.text:scalbn)
                  00008934    0000010c     Kentec320x240x16_ssd2119_spi.obj (.text:Kentec320x240x16_SSD2119RectFill)
                  00008a40    0000010c     touch.obj (.text:TouchScreenInit)
                  00008b4c    00000004     empty_pem4f.oem4f (.text:ti_sysbios_BIOS_RtsGateProxy_enter__E)
                  00008b50    00000108     sysbios.aem4f : BIOS.obj (.text:ti_sysbios_family_arm_lm4_Timer_start__E)
                  00008c58    00000108                   : BIOS.obj (.text:ti_sysbios_knl_Clock_Instance_init__E)
                  00008d60    00000106     grlib.lib : line.obj (.text:GrLineDraw)
                  00008e66    00000002     --HOLE-- [fill = 0]
                  00008e68    00000104     sysbios.aem4f : BIOS.obj (.text:ti_sysbios_knl_Event_post__E)
                  00008f6c    00000100     ti.targets.arm.rtsarm.aem4f : Core-mem.oem4f (.text:xdc_runtime_Core_createObject__I)
                  0000906c    000000fc     rtsv7M4_T_le_v4SPD16_eabi.lib : fd_mul_t2.asm.obj (.text)
                  00009168    000000f8     ti.targets.arm.rtsarm.aem4f : Startup.oem4f (.text:xdc_runtime_Startup_startMods__I)
                  00009260    000000f8     empty_pem4f.oem4f (.text:xdc_runtime_System_printfExtend__I)
                  00009358    000000f4     Motor.obj (.text:MotorMain)
                  0000944c    000000f4     GlobalDraw.obj (.text:graphSelectPage)
                  00009540    000000f4     sysbios.aem4f : m3_Hwi_asm.obj (.text:ti_sysbios_family_arm_m3_Hwi_dispatch__I)
                  00009634    000000f2     grlib.lib : pushbutton.obj (.text:RectangularButtonClick)
                  00009726    000000f0     drivers_tivaware.aem4f : PWMTiva.oem4f (.text:PWMTiva_setDuty)
                  00009816    000000f0     bmi160.obj (.text:bmi160_init)
                  00009906    00000002     --HOLE-- [fill = 0]
                  00009908    000000ec     sysbios.aem4f : BIOS.obj (.text:ti_sysbios_knl_Semaphore_post__E)
                  000099f4    000000e8     grlib.lib : widget.obj (.text:WidgetMessageQueueAdd)
                  00009adc    000000e0     drivers_tivaware.aem4f : I2CTiva.oem4f (.text:I2CTiva_open)
                  00009bbc    000000d8     GlobalDraw.obj (.text:MainPage)
                  00009c94    000000d6     drivers_tivaware.aem4f : I2CTiva.oem4f (.text:I2CTiva_hwiFxn)
                  00009d6a    000000d6     grlib.lib : slider.obj (.text:SliderClick)
                  00009e40    000000d4     sysbios.aem4f : BIOS.obj (.text:ti_sysbios_knl_Swi_Instance_init__E)
                  00009f14    000000cc     ti.targets.arm.rtsarm.aem4f : Core-smem.oem4f (.text:xdc_runtime_Core_constructObject__I)
                  00009fe0    000000c0     grlib.lib : string.obj (.text:GrDefaultStringRenderer)
                  0000a0a0    000000bc     sysbios.aem4f : BIOS.obj (.text:ti_sysbios_family_arm_m3_Hwi_excDebugMon__I)
                  0000a15c    00000004     empty_pem4f.oem4f (.text:ti_sysbios_BIOS_RtsGateProxy_leave__E)
                  0000a160    000000bc     sysbios.aem4f : BIOS.obj (.text:ti_sysbios_family_arm_m3_Hwi_excHardFault__I)
                  0000a21c    000000b8     EK_TM4C1294XL.obj (.text:EK_TM4C1294XL_initGeneral)
                  0000a2d4    000000b8     grlib.lib : line.obj (.text:GrLineClip)
                  0000a38c    000000b8     Kentec320x240x16_ssd2119_spi.obj (.text:InitSPILCDInterface)
                  0000a444    000000b8     drivers_tivaware.aem4f : PWMTimerTiva.oem4f (.text:PWMTimerTiva_setDuty)
                  0000a4fc    000000b4     grlib.lib : widget.obj (.text:WidgetMessageSendPostOrder)
                  0000a5b0    000000b4     sysbios.aem4f : BIOS.obj (.text:ti_sysbios_gates_GateMutex_enter__E)
                  0000a664    00000004                   : BIOS.obj (.text:ti_sysbios_family_arm_lm4_Timer_masterEnable__I)
                  0000a668    000000b4                   : BIOS.obj (.text:ti_sysbios_knl_Task_checkStacks__E)
                  0000a71c    000000b1     rtsv7M4_T_le_v4SPD16_eabi.lib : _printfi.c.obj (.text:_ltostr)
                  0000a7cd    00000001     --HOLE-- [fill = 0]
                  0000a7ce    000000b0     grlib.lib : slider.obj (.text:SliderValueToPosition)
                  0000a87e    000000ac     drivers_tivaware.aem4f : UARTTiva.oem4f (.text:readTaskBlocking)
                  0000a92a    00000006     driverlib.lib : gpio.obj (.text:GPIOPinRead)
                  0000a930    000000ac     sysbios.aem4f : BIOS.obj (.text:ti_sysbios_family_arm_lm4_Timer_enableTiva__I)
                  0000a9dc    00000004     empty_pem4f.oem4f (.text:ti_sysbios_family_arm_m3_Hwi_destruct)
                  0000a9e0    000000a4     sysbios.aem4f : BIOS.obj (.text:ti_sysbios_knl_Clock_Instance_finalize__E)
                  0000aa84    000000a0     auto_init.aem4f : auto_init.oem4f (.text)
                  0000ab24    000000a0     ti.targets.arm.rtsarm.aem4f : Text.oem4f (.text:xdc_runtime_Text_putMod__E)
                  0000abc4    0000009c     EK_TM4C1294XL.obj (.text:EK_TM4C1294XL_initI2C)
                  0000ac60    0000009c     rtsv7M4_T_le_v4SPD16_eabi.lib : memcpy_t2.asm.obj (.text)
                  0000acfc    00000004     empty_pem4f.oem4f (.text:ti_sysbios_family_arm_m3_TaskSupport_Module__startupDone__S)
                  0000ad00    0000009c     sysbios.aem4f : BIOS.obj (.text:ti_sysbios_knl_Semaphore_Instance_init__E)
                  0000ad9c    0000009a     ti.targets.arm.rtsarm.aem4f : Text.oem4f (.text:xdc_runtime_Text_putSite__E)
                  0000ae36    00000098     drivers_tivaware.aem4f : UARTTiva.oem4f (.text:UARTTiva_readPolling)
                  0000aece    00000002     --HOLE-- [fill = 0]
                  0000aed0    00000098     Boot.aem4f : Boot.oem4f (.text:ti_catalog_arm_cortexm4_tiva_ce_Boot_sysCtlClockFreqSet__E)
                  0000af68    00000096     rtsv7M4_T_le_v4SPD16_eabi.lib : ull_div_t2.asm.obj (.text)
                  0000affe    00000094     drivers_tivaware.aem4f : UARTTiva.oem4f (.text:UARTTiva_write)
                  0000b092    00000006     driverlib.lib : gpio.obj (.text:GPIOPinWrite)
                  0000b098    00000094     sysbios.aem4f : BIOS.obj (.text:ti_sysbios_family_arm_m3_Hwi_Instance_init__E)
                  0000b12c    00000004     empty_pem4f.oem4f (.text:ti_sysbios_heaps_HeapMem_Module_GateProxy_enter__E)
                  0000b130    00000094     sysbios.aem4f : BIOS.obj (.text:ti_sysbios_family_arm_m3_Hwi_initNVIC__E)
                  0000b1c4    00000004     empty_pem4f.oem4f (.text:ti_sysbios_heaps_HeapMem_Module_GateProxy_leave__E)
                  0000b1c8    00000094     sysbios.aem4f : BIOS.obj (.text:ti_sysbios_knl_Task_postInit__I)
                  0000b25c    0000008c     drivers_tivaware.aem4f : GPIOTiva.oem4f (.text:GPIO_init)
                  0000b2e8    0000008c                            : UARTTiva.oem4f (.text:UARTTiva_control)
                  0000b374    0000008c     sysbios.aem4f : m3_TaskSupport_asm.obj (.text:ti_sysbios_family_arm_m3_TaskSupport_buildTaskStack)
                  0000b400    0000008c                   : BIOS.obj (.text:ti_sysbios_hal_SecondsClock_Module_startup__E)
                  0000b48c    0000008a     drivers_tivaware.aem4f : UARTTiva.oem4f (.text:readIsrTextBlocking)
                  0000b516    00000002     --HOLE-- [fill = 0]
                  0000b518    00000088     GlobalDraw.obj (.text:GraphPageCurrent)
                  0000b5a0    00000088     drivers_tivaware.aem4f : PWMTiva.oem4f (.text:PWMTiva_control)
                  0000b628    00000086     grlib.lib : rectangle.obj (.text:GrRectFill)
                  0000b6ae    00000086     rtsv7M4_T_le_v4SPD16_eabi.lib : fd_cmp_t2.asm.obj (.text:__aeabi_cdcmple)
                  0000b734    00000086                                   : fd_cmp_t2.asm.obj (.text:__aeabi_cdrcmple)
                  0000b7ba    00000002     --HOLE-- [fill = 0]
                  0000b7bc    00000084     GlobalDraw.obj (.text:GraphPageAccel)
                  0000b840    00000084     GlobalDraw.obj (.text:GraphPageLight)
                  0000b8c4    00000004     empty_pem4f.oem4f (.text:ti_sysbios_knl_Clock_TimerProxy_getFreq__E)
                  0000b8c8    00000084     sysbios.aem4f : BIOS.obj (.text:ti_sysbios_family_arm_m3_Hwi_postInit__I)
                  0000b94c    00000082     opt3001.obj (.text:opt3001_init)
                  0000b9ce    00000082     drivers_tivaware.aem4f : UARTTiva.oem4f (.text:readIsrTextCallback)
                  0000ba50    00000080     grlib.lib : rectangle.obj (.text:GrRectIntersectGet)
                  0000bad0    00000080     GlobalDraw.obj (.text:GraphPageVelocity)
                  0000bb50    0000007e     drivers_tivaware.aem4f : I2CTiva.oem4f (.text:I2CTiva_transfer)
                  0000bbce    00000002     --HOLE-- [fill = 0]
                  0000bbd0    0000007c     sensors.obj (.text:adc_init)
                  0000bc4c    0000007a     driverlib.lib : adc.obj (.text:ADCSequenceStepConfigure)
                  0000bcc6    0000007a     drivers_tivaware.aem4f : UARTTiva.oem4f (.text:readTaskCallback)
                  0000bd40    0000007a     rtsv7M4_T_le_v4SPD16_eabi.lib : memset_t2.asm.obj (.text)
                  0000bdba    00000002     --HOLE-- [fill = 0]
                  0000bdbc    00000078     GlobalDraw.obj (.text:UpdateAccelGraph)
                  0000be34    00000078     GlobalDraw.obj (.text:UpdateCurrentGraph)
                  0000beac    00000078     GlobalDraw.obj (.text:UpdateLightGraph)
                  0000bf24    00000076     GraphFunctions.obj (.text:ArrayUpdate)
                  0000bf9a    00000002     --HOLE-- [fill = 0]
                  0000bf9c    00000074     GlobalDraw.obj (.text:InitScreen)
                  0000c010    00000074     GlobalDraw.obj (.text:UpdateVelocityGraph)
                  0000c084    00000004     empty_pem4f.oem4f (.text:ti_sysbios_knl_Clock_TimerProxy_getMaxTicks__E)
                  0000c088    00000074     sysbios.aem4f : BIOS.obj (.text:ti_sysbios_knl_Clock_start__E)
                  0000c0fc    00000070     GlobalDraw.obj (.text:BackMainMotorPage)
                  0000c16c    00000070     sensors.obj (.text:lightSensorFilterFxn)
                  0000c1dc    00000070     opt3001.obj (.text:opt3001_read)
                  0000c24c    00000004     empty_pem4f.oem4f (.text:ti_sysbios_knl_Clock_TimerProxy_getPeriod__E)
                  0000c250    00000070     sysbios.aem4f : BIOS.obj (.text:ti_sysbios_knl_Clock_workFunc__E)
                  0000c2c0    00000070                   : BIOS.obj (.text:ti_sysbios_knl_Task_exit__E)
                  0000c330    0000006e     rtsv7M4_T_le_v4SPD16_eabi.lib : _printfi.c.obj (.text:_mcpy)
                  0000c39e    00000002     --HOLE-- [fill = 0]
                  0000c3a0    0000006d     ti.targets.arm.rtsarm.aem4f : System.oem4f (.text:xdc_runtime_System_formatNum__I)
                  0000c40d    00000003     --HOLE-- [fill = 0]
                  0000c410    0000006c     GraphFunctions.obj (.text:CalcAvg)
                  0000c47c    0000006c     Motor.obj (.text:HAllF)
                  0000c4e8    0000006c     drivers_tivaware.aem4f : PWMTimerTiva.oem4f (.text:PWMTimerTiva_control)
                  0000c554    00000004     empty_pem4f.oem4f (.text:ti_sysbios_knl_Clock_destruct)
                  0000c558    0000006c     sysbios.aem4f : BIOS.obj (.text:ti_sysbios_gates_GateMutexPri_leave__E)
                  0000c5c4    00000004     empty_pem4f.oem4f (.text:ti_sysbios_knl_Queue_destruct)
                  0000c5c8    0000006c     sysbios.aem4f : BIOS.obj (.text:ti_sysbios_knl_Swi_restoreHwi__E)
                  0000c634    0000006c     drivers_tivaware.aem4f : UARTTiva.oem4f (.text:writeData)
                  0000c6a0    0000006c     ti.targets.arm.rtsarm.aem4f : Error.oem4f (.text:xdc_runtime_Error_print__E)
                  0000c70c    0000006c                                 : Memory.oem4f (.text:xdc_runtime_Memory_alloc__E)
                  0000c778    0000006a     drivers_tivaware.aem4f : PWMTiva.oem4f (.text:PWMTiva_close)
                  0000c7e2    00000002     --HOLE-- [fill = 0]
                  0000c7e4    00000068     grlib.lib : context.obj (.text:GrContextInit)
                  0000c84c    00000068               : string.obj (.text:GrStringWidthGet)
                  0000c8b4    00000068     driverlib.lib : interrupt.obj (.text:IntEnable)
                  0000c91c    00000068     Kentec320x240x16_ssd2119_spi.obj (.text:Kentec320x240x16_SSD2119LineDrawH)
                  0000c984    00000068     Kentec320x240x16_ssd2119_spi.obj (.text:Kentec320x240x16_SSD2119LineDrawV)
                  0000c9ec    00000068     rtsv7M4_T_le_v4SPD16_eabi.lib : copy_decompress_lzss.c.obj (.text:decompress:lzss:__TI_decompress_lzss)
                  0000ca54    00000068     opt3001.obj (.text:opt3001_convert)
                  0000cabc    00000066     grlib.lib : context.obj (.text:GrContextClipRegionSet)
                  0000cb22    00000066               : rectangle.obj (.text:GrRectDraw)
                  0000cb88    00000066     ti.targets.arm.rtsarm.aem4f : Core-mem.oem4f (.text:xdc_runtime_Core_deleteObject__I)
                  0000cbee    00000002     --HOLE-- [fill = 0]
                  0000cbf0    00000064     drivers_tivaware.aem4f : GPIOTiva.oem4f (.text:GPIO_hwiIntFxn)
                  0000cc54    00000064     grlib.lib : widget.obj (.text:WidgetMessageQueueProcess)
                  0000ccb8    00000064     rtsv7M4_T_le_v4SPD16_eabi.lib : s_frexp.c.obj (.text:frexp)
                  0000cd1c    00000064     GraphFunctions.obj (.text:min_element)
                  0000cd80    00000064     sysbios.aem4f : BIOS.obj (.text:ti_sysbios_family_arm_lm4_Timer_Module_startup__E)
                  0000cde4    00000064     empty_pem4f.oem4f (.text:ti_sysbios_family_arm_m3_Hwi_create)
                  0000ce48    00000064     sysbios.aem4f : BIOS.obj (.text:ti_sysbios_family_arm_m3_Hwi_dispatchC__I)
                  0000ceac    00000062     drivers_tivaware.aem4f : I2CTiva.oem4f (.text:I2CTiva_primeTransfer)
                  0000cf0e    00000002     --HOLE-- [fill = 0]
                  0000cf10    00000060     driverlib.lib : timer.obj (.text:TimerConfigure)
                  0000cf70    00000060     Kentec320x240x16_ssd2119_spi.obj (.text:WriteDataSPI)
                  0000cfd0    00000060     sysbios.aem4f : BIOS.obj (.text:ti_sysbios_knl_Task_schedule__I)
                  0000d030    0000005e     grlib.lib : widget.obj (.text:WidgetMessageSendPreOrder)
                  0000d08e    0000005e     bmi160.obj (.text:bmi160_getAccel)
                  0000d0ec    0000005e     drivers_tivaware.aem4f : UARTTiva.oem4f (.text:readIsrBinaryBlocking)
                  0000d14a    00000002     --HOLE-- [fill = 0]
                  0000d14c    0000005c     GlobalDraw.obj (.text:OnSliderChange)
                  0000d1a8    0000005c     Kentec320x240x16_ssd2119_spi.obj (.text:WriteCommandSPI)
                  0000d204    0000005c     GraphFunctions.obj (.text:max_element)
                  0000d260    0000005c     empty_pem4f.oem4f (.text:ti_sysbios_knl_Swi_create)
                  0000d2bc    00000004     empty_pem4f.oem4f (.text:ti_sysbios_knl_Semaphore_destruct)
                  0000d2c0    0000005c     sysbios.aem4f : BIOS.obj (.text:ti_sysbios_knl_Swi_run__I)
                  0000d31c    00000004     ti.targets.arm.rtsarm.aem4f : Error.oem4f (.text:xdc_runtime_Error_getSite__E)
                  0000d320    0000005c     sysbios.aem4f : BIOS.obj (.text:ti_sysbios_knl_Swi_schedule__I)
                  0000d37c    00000004     empty_pem4f.oem4f (.text:xdc_runtime_System_Module_GateProxy_enter__E)
                  0000d380    0000005c     sysbios.aem4f : BIOS.obj (.text:ti_sysbios_knl_Task_Module_startup__E)
                  0000d3dc    00000004     empty_pem4f.oem4f (.text:xdc_runtime_System_Module_GateProxy_leave__E)
                  0000d3e0    0000005c     sysbios.aem4f : BIOS.obj (.text:ti_sysbios_knl_Task_startCore__E)
                  0000d43c    0000005c     i2cDriver.obj (.text:writeI2C)
                  0000d498    0000005b     ti.targets.arm.rtsarm.aem4f : Text.oem4f (.text:xdc_runtime_Text_putLab__E)
                  0000d4f3    00000001     --HOLE-- [fill = 0]
                  0000d4f4    0000005a     grlib.lib : string.obj (.text:FontWideGlyphDataGet)
                  0000d54e    00000002     --HOLE-- [fill = 0]
                  0000d550    00000058     boot.aem4f : boot.oem4f (.text)
                  0000d5a8    00000058     rtsv7M4_T_le_v4SPD16_eabi.lib : hostwrite.c.obj (.text:HOSTwrite)
                  0000d600    00000058     grlib.lib : slider.obj (.text:SliderPositionToValue)
                  0000d658    00000058     driverlib.lib : timer.obj (.text:TimerControlTrigger)
                  0000d6b0    00000058     empty_pem4f.oem4f (.text:ti_sysbios_family_arm_m3_Hwi_construct)
                  0000d708    00000058     sysbios.aem4f : m3_Hwi_asm_switch.obj (.text:ti_sysbios_family_arm_m3_Hwi_initStacks__E)
                  0000d760    00000058     ustdlib.obj (.text:ustrncpy)
                  0000d7b8    00000057     Motor.obj (.text:MotorInit)
                  0000d80f    00000001     --HOLE-- [fill = 0]
                  0000d810    00000056     driverlib.lib : gpio.obj (.text:GPIOIntTypeSet)
                  0000d866    00000056     rtsv7M4_T_le_v4SPD16_eabi.lib : _printfi.c.obj (.text:_pconv_f)
                  0000d8bc    00000054     Motor.obj (.text:GetCurrentSpeed)
                  0000d910    00000054     rtsv7M4_T_le_v4SPD16_eabi.lib : _ltoa.c.obj (.text:__TI_ltoa)
                  0000d964    00000054     sensors.obj (.text:i2c_Open)
                  0000d9b8    00000054     drivers_tivaware.aem4f : UARTTiva.oem4f (.text:readIsrBinaryCallback)
                  0000da0c    00000004     ti.targets.arm.rtsarm.aem4f : System.oem4f (.text:xdc_runtime_System_aprintf_va__F)
                  0000da10    00000054     sysbios.aem4f : BIOS.obj (.text:ti_sysbios_family_arm_lm4_Timer_initDevice__I)
                  0000da64    00000004     ti.targets.arm.rtsarm.aem4f : System.oem4f (.text:xdc_runtime_System_printf_va__F)
                  0000da68    00000054     sysbios.aem4f : BIOS.obj (.text:ti_sysbios_knl_Swi_Instance_finalize__E)
                  0000dabc    00000054     empty_pem4f.oem4f (.text:ti_sysbios_knl_Task_construct)
                  0000db10    00000054     ti.targets.arm.rtsarm.aem4f : Assert.oem4f (.text:xdc_runtime_Assert_raise__I)
                  0000db64    00000052     rtsv7M4_T_le_v4SPD16_eabi.lib : _printfi.c.obj (.text:_ecpy)
                  0000dbb6    00000002     --HOLE-- [fill = 0]
                  0000dbb8    00000050     drivers_tivaware.aem4f : GPIOTiva.oem4f (.text:GPIO_setCallback)
                  0000dc08    00000050                            : GPIOTiva.oem4f (.text:GPIO_write)
                  0000dc58    00000050                            : UARTTiva.oem4f (.text:UARTTiva_writeCancel)
                  0000dca8    00000050     Boot.aem4f : Boot_sysctl.oem4f (.text:_SysCtlFrequencyGet)
                  0000dcf8    00000050     sysbios.aem4f : BIOS.obj (.text:ti_sysbios_family_arm_m3_Hwi_Module_startup__E)
                  0000dd48    00000050     ti.targets.arm.rtsarm.aem4f : Startup.oem4f (.text:xdc_runtime_Startup_exec__E)
                  0000dd98    00000050                                 : Text.oem4f (.text:xdc_runtime_Text_visitRope2__I)
                  0000dde8    0000004c     drivers_tivaware.aem4f : UARTTiva.oem4f (.text:UARTTiva_close)
                  0000de34    0000004c     grlib.lib : widget.obj (.text:WidgetRemove)
                  0000de80    0000004c     rtsv7M4_T_le_v4SPD16_eabi.lib : atoi.c.obj (.text:atoi)
                  0000decc    0000004c                                   : cpy_tbl.c.obj (.text:copy_in)
                  0000df18    0000004c     i2cDriver.obj (.text:readI2C)
                  0000df64    00000004     --HOLE-- [fill = 0]
                  0000df68    0000004c     sysbios.aem4f : BIOS.obj (.text:ti_sysbios_family_arm_lm4_Timer_setAvailMask__E)
                  0000dfb4    00000004     --HOLE-- [fill = 0]
                  0000dfb8    0000004c                   : BIOS.obj (.text:ti_sysbios_heaps_HeapMem_getStats__E)
                  0000e004    00000004     --HOLE-- [fill = 0]
                  0000e008    0000004c                   : BIOS.obj (.text:ti_sysbios_knl_Swi_runLoop__I)
                  0000e054    00000004     --HOLE-- [fill = 0]
                  0000e058    0000004c                   : BIOS.obj (.text:ti_sysbios_knl_Task_allBlockedFunction__I)
                  0000e0a4    00000004     --HOLE-- [fill = 0]
                  0000e0a8    0000004c                   : BIOS.obj (.text:ti_sysbios_knl_Task_block__E)
                  0000e0f4    0000004a     drivers_tivaware.aem4f : PWMTimerTiva.oem4f (.text:PWMTimerTiva_close)
                  0000e13e    0000004a     grlib.lib : string.obj (.text:UpdateContextCharMapping)
                  0000e188    00000048     driverlib.lib : gpio.obj (.text:GPIOPinConfigure)
                  0000e1d0    00000048                   : i2c.obj (.text:I2CMasterInitExpClk)
                  0000e218    00000048     rtsv7M4_T_le_v4SPD16_eabi.lib : fd_toi_t2.asm.obj (.text)
                  0000e260    00000048     sysbios.aem4f : BIOS.obj (.text:ti_sysbios_family_arm_lm4_Timer_enableTimers__I)
                  0000e2a8    00000048                   : BIOS.obj (.text:ti_sysbios_family_arm_m3_Hwi_disableInterrupt__E)
                  0000e2f0    00000048                   : BIOS.obj (.text:ti_sysbios_family_arm_m3_Hwi_enableInterrupt__E)
                  0000e338    00000048                   : BIOS.obj (.text:ti_sysbios_family_arm_m3_Hwi_excReserved__I)
                  0000e380    00000048                   : BIOS.obj (.text:ti_sysbios_hal_SecondsClock_increment__I)
                  0000e3c8    00000048                   : BIOS.obj (.text:ti_sysbios_knl_Mailbox_Module_startup__E)
                  0000e410    00000046     grlib.lib : line.obj (.text:GrLineDrawH)
                  0000e456    00000046               : line.obj (.text:GrLineDrawV)
                  0000e49c    00000046     Kentec320x240x16_ssd2119_spi.obj (.text:Kentec320x240x16_SSD2119PixelDraw)
                  0000e4e2    00000046     drivers_tivaware.aem4f : RingBuf.oem4f (.text:RingBuf_put)
                  0000e528    00000046     UARTLocal.obj (.text:initUART)
                  0000e56e    00000046     ti.targets.arm.rtsarm.aem4f : Core-params.oem4f (.text:xdc_runtime_Core_assignParams__I)
                  0000e5b4    00000044     GraphFunctions.obj (.text:CalcNoRemainder)
                  0000e5f8    00000044     sysbios.aem4f : BIOS.obj (.text:ti_sysbios_family_arm_lm4_Timer_isrStub__E)
                  0000e63c    00000004     --HOLE-- [fill = 0]
                  0000e640    00000044                   : BIOS.obj (.text:ti_sysbios_family_arm_m3_Hwi_getStackInfo__E)
                  0000e684    00000004     --HOLE-- [fill = 0]
                  0000e688    00000044                   : BIOS.obj (.text:ti_sysbios_knl_Mailbox_postInit__I)
                  0000e6cc    00000004     --HOLE-- [fill = 0]
                  0000e6d0    00000044                   : BIOS.obj (.text:ti_sysbios_knl_Swi_post__E)
                  0000e714    00000044     ti.targets.arm.rtsarm.aem4f : Error.oem4f (.text:xdc_runtime_Error_setX__E)
                  0000e758    00000044                                 : SysMin.oem4f (.text:xdc_runtime_SysMin_flush__E)
                  0000e79c    00000044                                 : Text.oem4f (.text:xdc_runtime_Text_xprintf__I)
                  0000e7e0    00000042     driverlib.lib : uart.obj (.text:UARTConfigSetExpClk)
                  0000e822    00000042     drivers_tivaware.aem4f : UARTTiva.oem4f (.text:UARTTiva_hwiIntFxn)
                  0000e864    00000042                            : UARTTiva.oem4f (.text:UARTTiva_writePolling)
                  0000e8a6    00000002     --HOLE-- [fill = 0]
                  0000e8a8    00000040     GraphData.obj (.text:InitsingleBuffer)
                  0000e8e8    00000040     drivers_tivaware.aem4f : RingBuf.oem4f (.text:RingBuf_get)
                  0000e928    00000040                            : UARTTiva.oem4f (.text:UARTTiva_read)
                  0000e968    00000040     rtsv7M4_T_le_v4SPD16_eabi.lib : u_divt2.asm.obj (.text)
                  0000e9a8    00000040                                   : sprintf.c.obj (.text:sprintf)
                  0000e9e8    00000040     sysbios.aem4f : BIOS.obj (.text:ti_sysbios_family_arm_lm4_Timer_startup__E)
                  0000ea28    0000003e     driverlib.lib : adc.obj (.text:ADCSequenceConfigure)
                  0000ea66    0000003e     rtsv7M4_T_le_v4SPD16_eabi.lib : _printfi.c.obj (.text:_fcpy)
                  0000eaa4    0000003c     driverlib.lib : ssi.obj (.text:SSIConfigSetExpClk)
                  0000eae0    0000003c     Estop.obj (.text:checkEstop)
                  0000eb1c    00000004     --HOLE-- [fill = 0]
                  0000eb20    0000003c     sysbios.aem4f : BIOS.obj (.text:ti_sysbios_family_arm_m3_Hwi_excSvCall__I)
                  0000eb5c    00000004     --HOLE-- [fill = 0]
                  0000eb60    0000003c                   : BIOS.obj (.text:ti_sysbios_heaps_HeapMem_init__I)
                  0000eb9c    00000004     --HOLE-- [fill = 0]
                  0000eba0    0000003c                   : BIOS.obj (.text:ti_sysbios_knl_Swi_restore__E)
                  0000ebdc    0000003a     grlib.lib : string.obj (.text:FontGlyphDataGet)
                  0000ec16    0000003a     drivers_tivaware.aem4f : I2CTiva.oem4f (.text:I2CTiva_completeTransfer)
                  0000ec50    00000038     grlib.lib : rectangle.obj (.text:GrRectOverlapCheck)
                  0000ec88    00000038     drivers_tivaware.aem4f : I2C.oem4f (.text:I2C_init)
                  0000ecc0    00000038                            : PWM.oem4f (.text:PWM_init)
                  0000ecf8    00000038     GlobalDraw.obj (.text:RemoveGraph)
                  0000ed30    00000038     GlobalDraw.obj (.text:RemoveGraphSelect)
                  0000ed68    00000038     driverlib.lib : sysctl.obj (.text:SysCtlPeripheralReady)
                  0000eda0    00000038     drivers_tivaware.aem4f : UART.oem4f (.text:UART_init)
                  0000edd8    00000038     rtsv7M4_T_le_v4SPD16_eabi.lib : trgmsg.c.obj (.text:__TI_writemsg)
                  0000ee10    00000038     sysbios.aem4f : BIOS.obj (.text:ti_sysbios_family_arm_m3_Hwi_excNoIsr__I)
                  0000ee48    00000038                   : BIOS.obj (.text:ti_sysbios_knl_Task_processVitalTaskFlag__I)
                  0000ee80    00000038     ti.targets.arm.rtsarm.aem4f : SysMin.oem4f (.text:xdc_runtime_SysMin_putch__E)
                  0000eeb8    00000038                                 : System.oem4f (.text:xdc_runtime_System_atexit__E)
                  0000eef0    00000036     grlib.lib : line.obj (.text:GrClipCodeGet)
                  0000ef26    00000036     drivers_tivaware.aem4f : I2CTiva.oem4f (.text:I2CTiva_close)
                  0000ef5c    00000036                            : UARTTiva.oem4f (.text:UARTTiva_readCancel)
                  0000ef92    00000002     --HOLE-- [fill = 0]
                  0000ef94    00000034     driverlib.lib : sysctl.obj (.text:SysCtlPeripheralEnable)
                  0000efc8    00000034     rtsv7M4_T_le_v4SPD16_eabi.lib : trgmsg.c.obj (.text:__TI_readmsg)
                  0000effc    00000034     bmi160.obj (.text:bmi160_readConvert)
                  0000f030    00000034     GraphData.obj (.text:initGraphBuffers)
                  0000f064    00000004     --HOLE-- [fill = 0]
                  0000f068    00000034     sysbios.aem4f : BIOS.obj (.text:ti_sysbios_family_arm_m3_Hwi_Instance_finalize__E)
                  0000f09c    00000004     --HOLE-- [fill = 0]
                  0000f0a0    00000034                   : BIOS.obj (.text:ti_sysbios_family_arm_m3_Hwi_excNmi__I)
                  0000f0d4    00000004     --HOLE-- [fill = 0]
                  0000f0d8    00000034                   : BIOS.obj (.text:ti_sysbios_hal_Hwi_checkStack)
                  0000f10c    00000034     empty_pem4f.oem4f (.text:ti_sysbios_knl_Clock_construct)
                  0000f140    00000034     ti.targets.arm.rtsarm.aem4f : Core-label.oem4f (.text:xdc_runtime_Core_assignLabel__I)
                  0000f174    00000033                                 : Text.oem4f (.text:xdc_runtime_Text_printVisFxn__I)
                  0000f1a7    00000001     --HOLE-- [fill = 0]
                  0000f1a8    00000032     sysbios.aem4f : BIOS.obj (.text:ti_sysbios_hal_Hwi_initStack)
                  0000f1da    00000032     ustdlib.obj (.text:usprintf)
                  0000f20c    00000030     drivers_tivaware.aem4f : GPIOTiva.oem4f (.text:GPIO_enableInt)
                  0000f23c    00000030                            : GPIOTiva.oem4f (.text:GPIO_read)
                  0000f26c    00000030                            : I2C.oem4f (.text:I2C_open)
                  0000f29c    00000030                            : PWMTiva.oem4f (.text:PWMTiva_init)
                  0000f2cc    00000030                            : PWM.oem4f (.text:PWM_open)
                  0000f2fc    00000030                            : UART.oem4f (.text:UART_open)
                  0000f32c    00000030     empty_pem4f.oem4f (.text:ti_sysbios_BIOS_atExitFunc__I)
                  0000f35c    00000004     --HOLE-- [fill = 0]
                  0000f360    00000030     sysbios.aem4f : BIOS.obj (.text:ti_sysbios_family_arm_lm4_Timer_stop__E)
                  0000f390    00000030                   : BIOS.obj (.text:ti_sysbios_family_arm_m3_TaskSupport_start__E)
                  0000f3c0    00000030     empty_pem4f.oem4f (.text:ti_sysbios_gates_GateHwi_Object__create__S)
                  0000f3f0    00000030     empty_pem4f.oem4f (.text:ti_sysbios_gates_GateHwi_create)
                  0000f420    00000030     empty_pem4f.oem4f (.text:ti_sysbios_gates_GateMutexPri_Object__create__S)
                  0000f450    00000030     empty_pem4f.oem4f (.text:ti_sysbios_gates_GateMutexPri_create)
                  0000f480    00000030     empty_pem4f.oem4f (.text:ti_sysbios_gates_GateMutex_Object__create__S)
                  0000f4b0    00000030     empty_pem4f.oem4f (.text:ti_sysbios_heaps_HeapMem_Object__create__S)
                  0000f4e0    00000030     sysbios.aem4f : BIOS.obj (.text:ti_sysbios_knl_Event_pendTimeout__I)
                  0000f510    00000030     empty_pem4f.oem4f (.text:ti_sysbios_knl_Semaphore_construct)
                  0000f540    00000030     sysbios.aem4f : BIOS.obj (.text:ti_sysbios_knl_Semaphore_pendTimeout__I)
                  0000f570    00000030                   : BIOS.obj (.text:ti_sysbios_knl_Task_unblockI__E)
                  0000f5a0    00000030     ti.targets.arm.rtsarm.aem4f : SysMin.oem4f (.text:xdc_runtime_SysMin_abort__E)
                  0000f5d0    00000030                                 : System.oem4f (.text:xdc_runtime_System_processAtExit__E)
                  0000f600    0000002e     driverlib.lib : adc.obj (.text:ADCIntStatus)
                  0000f62e    0000002e     grlib.lib : string.obj (.text:GrStringNextCharGet)
                  0000f65c    0000002e     rtsv7M4_T_le_v4SPD16_eabi.lib : i_tofd_t2.asm.obj (.text)
                  0000f68a    00000002     --HOLE-- [fill = 0]
                  0000f68c    0000002c     EK_TM4C1294XL.obj (.text:EK_TM4C1294XL_initUART)
                  0000f6b8    0000002c     grlib.lib : string.obj (.text:GrFontBaselineGet)
                  0000f6e4    0000002c               : string.obj (.text:GrFontHeightGet)
                  0000f710    0000002c               : pushbutton.obj (.text:RectangularButtonMsgProc)
                  0000f73c    0000002c               : slider.obj (.text:SliderMsgProc)
                  0000f768    0000002c               : widget.obj (.text:WidgetIsInTree)
                  0000f794    0000002c     GlobalDraw.obj (.text:removeSensorPage)
                  0000f7c0    0000002c     empty_pem4f.oem4f (.text:ti_sysbios_knl_Clock_doTick__I)
                  0000f7ec    0000002c     empty_pem4f.oem4f (.text:ti_sysbios_knl_Event_construct)
                  0000f818    0000002c     empty_pem4f.oem4f (.text:ti_sysbios_knl_Queue_construct)
                  0000f844    00000004     --HOLE-- [fill = 0]
                  0000f848    0000002c     sysbios.aem4f : BIOS.obj (.text:ti_sysbios_knl_Task_restore__E)
                  0000f874    0000002c     ti.targets.arm.rtsarm.aem4f : Text.oem4f (.text:xdc_runtime_Text_cordText__E)
                  0000f8a0    0000002a     driverlib.lib : gpio.obj (.text:GPIODirModeSet)
                  0000f8ca    0000002a     bmi160.obj (.text:bmi160_delay)
                  0000f8f4    0000002a     ti.targets.arm.rtsarm.aem4f : System.oem4f (.text:xdc_runtime_System_putchar__I)
                  0000f91e    00000028     Kentec320x240x16_ssd2119_spi.obj (.text:Kentec320x240x16_SSD2119ColorTranslate)
                  0000f946    00000002     --HOLE-- [fill = 0]
                  0000f948    00000028     sysbios.aem4f : BIOS.obj (.text:ti_sysbios_knl_Clock_addI__E)
                  0000f970    00000028                   : BIOS.obj (.text:ti_sysbios_knl_Swi_Module_startup__E)
                  0000f998    00000026     grlib.lib : string.obj (.text:GrFontInfoGet)
                  0000f9be    00000026     sysbios.aem4f : m3_Hwi_asm.obj (.text:ti_sysbios_family_arm_m3_Hwi_pendSV__I)
                  0000f9e4    00000026     ti.targets.arm.rtsarm.aem4f : System.oem4f (.text:xdc_runtime_System_avprintf__E)
                  0000fa0a    00000002     --HOLE-- [fill = 0]
                  0000fa0c    00000024     GlobalDraw.obj (.text:BackGraphSelect)
                  0000fa30    00000024     GlobalDraw.obj (.text:BackMainGraph)
                  0000fa54    00000024     GlobalDraw.obj (.text:ChangeCurrentDown)
                  0000fa78    00000024     GlobalDraw.obj (.text:ChangeCurrentUp)
                  0000fa9c    00000024     GlobalDraw.obj (.text:RemoveMainPage)
                  0000fac0    00000024     GlobalDraw.obj (.text:backMainSensor)
                  0000fae4    00000024     empty_pem4f.oem4f (.text:ti_sysbios_BIOS_errorRaiseHook__I)
                  0000fb08    00000024     empty_pem4f.oem4f (.text:ti_sysbios_BIOS_registerRTSLock__I)
                  0000fb2c    00000024     empty_pem4f.oem4f (.text:ti_sysbios_BIOS_removeRTSLock__I)
                  0000fb50    00000024     empty_pem4f.oem4f (.text:ti_sysbios_BIOS_startFunc__I)
                  0000fb74    00000024     empty_pem4f.oem4f (.text:ti_sysbios_gates_GateMutexPri_Object__delete__S)
                  0000fb98    00000024     empty_pem4f.oem4f (.text:ti_sysbios_gates_GateMutex_Object__delete__S)
                  0000fbbc    00000004     --HOLE-- [fill = 0]
                  0000fbc0    00000024     sysbios.aem4f : BIOS.obj (.text:ti_sysbios_knl_Clock_Module_startup__E)
                  0000fbe4    00000004     --HOLE-- [fill = 0]
                  0000fbe8    00000024                   : BIOS.obj (.text:ti_sysbios_knl_Task_restoreHwi__E)
                  0000fc0c    00000024     ti.targets.arm.rtsarm.aem4f : System.oem4f (.text:xdc_runtime_System_vprintf__E)
                  0000fc30    00000022     grlib.lib : string.obj (.text:GrFontGlyphDataGet)
                  0000fc52    00000022     driverlib.lib : pwm.obj (.text:PWMGenConfigure)
                  0000fc74    00000022     drivers_tivaware.aem4f : PWMTiva.oem4f (.text:PWMTiva_getPeriodCounts)
                  0000fc96    00000002     --HOLE-- [fill = 0]
                  0000fc98    00000022     sysbios.aem4f : BIOS.obj (.text:ti_sysbios_family_arm_lm4_Timer_write__I)
                  0000fcba    00000022     empty_pem4f.oem4f (.text:xdc_runtime_SysMin_output__I)
                  0000fcdc    00000020     Boot.aem4f : Boot_sysctl.oem4f (.text:_SysCtlMemTimingGet)
                  0000fcfc    00000020     Estop.obj (.text:initEstop)
                  0000fd1c    00000020     rtsv7M4_T_le_v4SPD16_eabi.lib : u_tofd_t2.asm.obj (.text)
                  0000fd3c    00000020     empty_pem4f.oem4f (.text:ti_sysbios_BIOS_rtsLock__I)
                  0000fd5c    00000004     --HOLE-- [fill = 0]
                  0000fd60    00000020     sysbios.aem4f : BIOS.obj (.text:ti_sysbios_family_arm_lm4_Timer_getFreq__E)
                  0000fd80    00000020                   : m3_Hwi_asm.obj (.text:ti_sysbios_family_arm_m3_Hwi_excHandlerAsm__I)
                  0000fda0    00000020                   : BIOS.obj (.text:ti_sysbios_family_arm_m3_Hwi_excHandler__I)
                  0000fdc0    00000020     empty_pem4f.oem4f (.text:ti_sysbios_gates_GateHwi_Object__delete__S)
                  0000fde0    00000020     empty_pem4f.oem4f (.text:ti_sysbios_heaps_HeapMem_Object__delete__S)
                  0000fe00    00000020     empty_pem4f.oem4f (.text:ti_sysbios_knl_Clock_Object__destruct__S)
                  0000fe20    00000020     sysbios.aem4f : BIOS.obj (.text:ti_sysbios_knl_Idle_run__E)
                  0000fe40    00000020     empty_pem4f.oem4f (.text:ti_sysbios_knl_Semaphore_Object__destruct__S)
                  0000fe60    00000020     ti.targets.arm.rtsarm.aem4f : Registry.oem4f (.text:xdc_runtime_Registry_findById__E)
                  0000fe80    00000020                                 : SysMin.oem4f (.text:xdc_runtime_SysMin_Module_startup__E)
                  0000fea0    0000001e     driverlib.lib : adc.obj (.text:ADCSequenceDataGet)
                  0000febe    0000001e     grlib.lib : string.obj (.text:GrFontCodepageGet)
                  0000fedc    0000001e     driverlib.lib : pwm.obj (.text:PWMPulseWidthSet)
                  0000fefa    0000001e     drivers_tivaware.aem4f : PWMTiva.oem4f (.text:PWMTiva_getPeriodMicroSecs)
                  0000ff18    0000001e     grlib.lib : widget.obj (.text:WidgetAdd)
                  0000ff36    0000001e     sysbios.aem4f : m3_Hwi_asm_switch.obj (.text:ti_sysbios_family_xxx_Hwi_switchAndRunFunc)
                  0000ff54    0000001c     driverlib.lib : uart.obj (.text:UARTDisable)
                  0000ff70    0000001c     grlib.lib : widget.obj (.text:WidgetPointerMessage)
                  0000ff8c    0000001c     drivers_tivaware.aem4f : GPIOTiva.oem4f (.text:getGpioIntIndex)
                  0000ffa8    0000001c     rtsv7M4_T_le_v4SPD16_eabi.lib : memccpy.c.obj (.text:memccpy)
                  0000ffc4    0000001c     empty_pem4f.oem4f (.text:ti_sysbios_family_arm_m3_Hwi_Object__destruct__S)
                  0000ffe0    0000001c     sysbios.aem4f : BIOS.obj (.text:ti_sysbios_gates_GateMutexPri_Instance_init__E)
                  0000fffc    00000004     --HOLE-- [fill = 0]
                  00010000    0000001c                   : BIOS.obj (.text:ti_sysbios_gates_GateMutex_Instance_init__E)
                  0001001c    0000001c     empty_pem4f.oem4f (.text:ti_sysbios_knl_Queue_Object__destruct__S)
                  00010038    0000001c     sysbios.aem4f : BIOS.obj (.text:ti_sysbios_knl_Queue_put__E)
                  00010054    00000004     --HOLE-- [fill = 0]
                  00010058    0000001c                   : BIOS.obj (.text:ti_sysbios_knl_Task_enter__I)
                  00010074    0000001c     ti.targets.arm.rtsarm.aem4f : Error.oem4f (.text:xdc_runtime_Error_raiseX__E)
                  00010090    0000001c                                 : Memory.oem4f (.text:xdc_runtime_Memory_valloc__E)
                  000100ac    0000001c                                 : SysMin.oem4f (.text:xdc_runtime_SysMin_exit__E)
                  000100c8    0000001c                                 : System.oem4f (.text:xdc_runtime_System_abort__E)
                  000100e4    0000001a     rtsv7M4_T_le_v4SPD16_eabi.lib : s_copysign.c.obj (.text:copysign)
                  000100fe    0000001a     empty_pem4f.oem4f (.text:ti_sysbios_family_arm_m3_Hwi_Handle__label__S)
                  00010118    0000001a     empty_pem4f.oem4f (.text:ti_sysbios_gates_GateHwi_Handle__label__S)
                  00010132    0000001a     empty_pem4f.oem4f (.text:ti_sysbios_gates_GateMutexPri_Handle__label__S)
                  0001014c    0000001a     empty_pem4f.oem4f (.text:ti_sysbios_gates_GateMutex_Handle__label__S)
                  00010166    0000001a     empty_pem4f.oem4f (.text:ti_sysbios_heaps_HeapMem_Handle__label__S)
                  00010180    0000001a     empty_pem4f.oem4f (.text:ti_sysbios_knl_Swi_Handle__label__S)
                  0001019a    0000001a     empty_pem4f.oem4f (.text:ti_sysbios_knl_Task_Handle__label__S)
                  000101b4    0000001a     empty_pem4f.oem4f (.text:xdc_runtime_System_aprintf__E)
                  000101ce    0000001a     empty_pem4f.oem4f (.text:xdc_runtime_System_printf__E)
                  000101e8    00000018     driverlib.lib : adc.obj (.text:ADCProcessorTrigger)
                  00010200    00000018     Estop.obj (.text:EstopPower)
                  00010218    00000018     driverlib.lib : gpio.obj (.text:GPIOPinTypeGPIOOutput)
                  00010230    00000018                   : timer.obj (.text:TimerControlLevel)
                  00010248    00000018     drivers_tivaware.aem4f : UART.oem4f (.text:UART_Params_init)
                  00010260    00000018     rtsv7M4_T_le_v4SPD16_eabi.lib : args_main.c.obj (.text:_args_main)
                  00010278    00000018                                   : sprintf.c.obj (.text:_outs)
                  00010290    00000018     Motor.obj (.text:clk0Fxn)
                  000102a8    00000018     empty_pem4f.oem4f (.text:ti_sysbios_BIOS_rtsUnlock__I)
                  000102c0    00000018     empty_pem4f.oem4f (.text:ti_sysbios_family_arm_lm4_Timer_Module__startupDone__F)
                  000102d8    00000018     empty_pem4f.oem4f (.text:ti_sysbios_family_arm_m3_Hwi_Module__startupDone__F)
                  000102f0    00000018     sysbios.aem4f : m3_TaskSupport_asm.obj (.text:ti_sysbios_family_arm_m3_TaskSupport_swap__E)
                  00010308    00000018                   : BIOS.obj (.text:ti_sysbios_gates_GateMutex_leave__E)
                  00010320    00000018     empty_pem4f.oem4f (.text:ti_sysbios_knl_Clock_Module__startupDone__F)
                  00010338    00000018     sysbios.aem4f : BIOS.obj (.text:ti_sysbios_knl_Task_sleepTimeout__I)
                  00010350    00000018     ti.targets.arm.rtsarm.aem4f : Error.oem4f (.text:xdc_runtime_Error_check__E)
                  00010368    00000018                                 : System.oem4f (.text:xdc_runtime_System_exit__E)
                  00010380    00000018                                 : Text.oem4f (.text:xdc_runtime_Text_ropeText__E)
                  00010398    00000016     grlib.lib : string.obj (.text:GrStringDraw)
                  000103ae    00000016     driverlib.lib : i2c.obj (.text:I2CMasterErr)
                  000103c4    00000016     rtsv7M4_T_le_v4SPD16_eabi.lib : strchr.c.obj (.text:strchr)
                  000103da    00000016     empty_pem4f.oem4f (.text:ti_sysbios_BIOS_exitFunc__I)
                  000103f0    00000016     Motor.obj (.text:ti_sysbios_gates_GateHwi_Params_init)
                  00010406    00000016     GlobalDraw.obj (.text:ti_sysbios_gates_GateMutexPri_Params_init)
                  0001041c    00000016     Motor.obj (.text:ti_sysbios_knl_Clock_Params_init)
                  00010432    00000016     Motor.obj (.text:ti_sysbios_knl_Swi_Params_init)
                  00010448    00000016     empty.obj (.text:ti_sysbios_knl_Swi_Params_init)
                  0001045e    00000016     empty.obj (.text:ti_sysbios_knl_Task_Params_init)
                  00010474    00000014     grlib.lib : canvas.obj (.text:CanvasMsgProc)
                  00010488    00000014     Kentec320x240x16_ssd2119_spi.obj (.text:LED_OFF)
                  0001049c    00000014     Kentec320x240x16_ssd2119_spi.obj (.text:LED_ON)
                  000104b0    00000014     driverlib.lib : pwm.obj (.text:PWMClockSet)
                  000104c4    00000014                   : sysctl.obj (.text:SysCtlPWMClockSet)
                  000104d8    00000014                   : timer.obj (.text:TimerDisable)
                  000104ec    00000014     touch.obj (.text:TouchScreenCallbackSet)
                  00010500    00000014     driverlib.lib : uart.obj (.text:UARTEnable)
                  00010514    00000014     grlib.lib : widget.obj (.text:WidgetMutexGet)
                  00010528    00000014     rtsv7M4_T_le_v4SPD16_eabi.lib : strlen.c.obj (.text:strlen)
                  0001053c    00000014     empty_pem4f.oem4f (.text:ti_sysbios_family_arm_m3_Hwi_Object__get__S)
                  00010550    00000014     sysbios.aem4f : BIOS.obj (.text:ti_sysbios_family_arm_m3_Hwi_switchFromBootStack__E)
                  00010564    00000014     empty_pem4f.oem4f (.text:ti_sysbios_heaps_HeapMem_Object__get__S)
                  00010578    00000014     sysbios.aem4f : BIOS.obj (.text:ti_sysbios_knl_Event_Instance_init__E)
                  0001058c    00000014     empty_pem4f.oem4f (.text:ti_sysbios_knl_Swi_Object__get__S)
                  000105a0    00000012     driverlib.lib : gpio.obj (.text:GPIOPinTypeADC)
                  000105b2    00000012                   : gpio.obj (.text:GPIOPinTypeEthernetLED)
                  000105c4    00000012                   : gpio.obj (.text:GPIOPinTypeGPIOInput)
                  000105d6    00000012                   : gpio.obj (.text:GPIOPinTypeI2C)
                  000105e8    00000012                   : gpio.obj (.text:GPIOPinTypeI2CSCL)
                  000105fa    00000012                   : gpio.obj (.text:GPIOPinTypePWM)
                  0001060c    00000012                   : gpio.obj (.text:GPIOPinTypeSSI)
                  0001061e    00000012                   : gpio.obj (.text:GPIOPinTypeTimer)
                  00010630    00000012                   : gpio.obj (.text:GPIOPinTypeUART)
                  00010642    00000012                   : gpio.obj (.text:GPIOPinTypeUSBAnalog)
                  00010654    00000012                   : gpio.obj (.text:GPIOPinTypeUSBDigital)
                  00010666    00000012                   : pwm.obj (.text:PWMGenPeriodGet)
                  00010678    00000012                   : pwm.obj (.text:PWMOutputInvert)
                  0001068a    00000012                   : pwm.obj (.text:PWMOutputState)
                  0001069c    00000012     drivers_tivaware.aem4f : RingBuf.oem4f (.text:RingBuf_construct)
                  000106ae    00000012     driverlib.lib : ssi.obj (.text:SSIDataGetNonBlocking)
                  000106c0    00000012                   : timer.obj (.text:TimerLoadSet)
                  000106d2    00000012                   : timer.obj (.text:TimerMatchSet)
                  000106e4    00000012                   : timer.obj (.text:TimerPrescaleMatchSet)
                  000106f6    00000012                   : timer.obj (.text:TimerPrescaleSet)
                  00010708    00000012     sysbios.aem4f : BIOS.obj (.text:ti_sysbios_hal_Hwi_Module_startup__E)
                  0001071a    00000006     grlib.lib : string.obj (.text:GrContextFontSet)
                  00010720    00000012     sysbios.aem4f : BIOS.obj (.text:ti_sysbios_hal_Timer_Module_startup__E)
                  00010732    00000012     rtsv7M4_T_le_v4SPD16_eabi.lib : wcslen.c.obj (.text:wcslen)
                  00010744    00000012     empty_pem4f.oem4f (.text:xdc_runtime_Startup_exec__I)
                  00010756    00000002     --HOLE-- [fill = 0]
                  00010758    00000010     empty_pem4f.oem4f (.text:.bootCodeSection:ti_catalog_arm_cortexm4_tiva_ce_Boot_init__I)
                  00010768    00000010     driverlib.lib : adc.obj (.text:ADCIntEnable)
                  00010778    00000010     GlobalDraw.obj (.text:ChangeAccelDown)
                  00010788    00000010     GlobalDraw.obj (.text:ChangeAccelUp)
                  00010798    00000010     driverlib.lib : fpu.obj (.text:FPUEnable)
                  000107a8    00000010                   : fpu.obj (.text:FPULazyStackingEnable)
                  000107b8    00000010     drivers_tivaware.aem4f : I2C.oem4f (.text:I2C_Params_init)
                  000107c8    00000010     driverlib.lib : pwm.obj (.text:PWMGenPeriodSet)
                  000107d8    00000010     drivers_tivaware.aem4f : PWM.oem4f (.text:PWM_Params_init)
                  000107e8    00000010                            : UARTTiva.oem4f (.text:readBlockingTimeout)
                  000107f8    00000010     sysbios.aem4f : BIOS.obj (.text:ti_sysbios_BIOS_getCpuFreq__E)
                  00010808    00000010                   : BIOS.obj (.text:ti_sysbios_BIOS_setThreadType__E)
                  00010818    00000010                   : BIOS.obj (.text:ti_sysbios_BIOS_start__E)
                  00010828    00000010                   : BIOS.obj (.text:ti_sysbios_family_arm_lm4_TimestampProvider_rolloverFunc__E)
                  00010838    00000010                   : m3_TaskSupport_asm.obj (.text:ti_sysbios_family_arm_m3_TaskSupport_glue)
                  00010848    00000010                   : BIOS.obj (.text:ti_sysbios_gates_GateMutexPri_Instance_finalize__E)
                  00010858    00000010                   : BIOS.obj (.text:ti_sysbios_gates_GateMutex_Instance_finalize__E)
                  00010868    00000010     empty_pem4f.oem4f (.text:ti_sysbios_knl_Mailbox_Object__get__S)
                  00010878    00000010     sysbios.aem4f : BIOS.obj (.text:ti_sysbios_knl_Semaphore_Instance_finalize__E)
                  00010888    00000010                   : BIOS.obj (.text:ti_sysbios_knl_Swi_disable__E)
                  00010898    00000010     empty_pem4f.oem4f (.text:ti_sysbios_knl_Task_Object__get__S)
                  000108a8    00000010     sysbios.aem4f : BIOS.obj (.text:ti_sysbios_knl_Task_disable__E)
                  000108b8    00000010     driverlib.lib : udma.obj (.text:uDMAEnable)
                  000108c8    00000010     ti.targets.arm.rtsarm.aem4f : Gate.oem4f (.text:xdc_runtime_Gate_leaveSystem__E)
                  000108d8    00000010                                 : Memory.oem4f (.text:xdc_runtime_Memory_free__E)
                  000108e8    00000010                                 : SysMin.oem4f (.text:xdc_runtime_SysMin_ready__E)
                  000108f8    00000010                                 : System.oem4f (.text:xdc_runtime_System_vsnprintf__E)
                  00010908    00000010     empty_pem4f.oem4f (.text:xdc_runtime_Text_visitRope__I)
                  00010918    0000000e     driverlib.lib : adc.obj (.text:ADCSequenceEnable)
                  00010926    0000000e                   : gpio.obj (.text:GPIOIntStatus)
                  00010934    0000000e     grlib.lib : image.obj (.text:GrImageDraw)
                  00010942    0000000e     driverlib.lib : timer.obj (.text:TimerEnable)
                  00010950    0000000e                   : uart.obj (.text:UARTCharGetNonBlocking)
                  0001095e    0000000e                   : uart.obj (.text:UARTCharPutNonBlocking)
                  0001096c    0000000e     rtsv7M4_T_le_v4SPD16_eabi.lib : copy_decompress_none.c.obj (.text:decompress:none:__TI_decompress_none)
                  0001097a    00000006     driverlib.lib : i2c.obj (.text:I2CMasterIntDisable)
                  00010980    0000000e     sysbios.aem4f : BIOS.obj (.text:ti_sysbios_knl_Idle_loop__E)
                  0001098e    00000002     --HOLE-- [fill = 0]
                  00010990    0000000e                   : BIOS.obj (.text:ti_sysbios_knl_Queue_empty__E)
                  0001099e    0000000c     driverlib.lib : gpio.obj (.text:GPIOIntEnable)
                  000109aa    0000000c                   : pwm.obj (.text:PWMGenDisable)
                  000109b6    0000000c                   : pwm.obj (.text:PWMGenEnable)
                  000109c2    0000000c     drivers_tivaware.aem4f : RingBuf.oem4f (.text:RingBuf_peek)
                  000109ce    0000000c     empty.obj (.text:TouchCheckTask)
                  000109da    0000000c     driverlib.lib : uart.obj (.text:UARTFlowControlSet)
                  000109e6    0000000c     drivers_tivaware.aem4f : UARTTiva.oem4f (.text:UARTTiva_init)
                  000109f2    00000002     --HOLE-- [fill = 0]
                  000109f4    0000000c     rtsv7M4_T_le_v4SPD16_eabi.lib : _lock.c.obj (.text:_register_lock)
                  00010a00    0000000c                                   : _lock.c.obj (.text:_register_unlock)
                  00010a0c    0000000c     GlobalDraw.obj (.text:btntest)
                  00010a18    0000000c     rtsv7M4_T_le_v4SPD16_eabi.lib : copy_zero_init.c.obj (.text:decompress:ZI:__TI_zero_init)
                  00010a24    00000004     --HOLE-- [fill = 0]
                  00010a28    0000000c     sysbios.aem4f : BIOS.obj (.text:ti_sysbios_family_arm_lm4_Timer_getAvailMask__E)
                  00010a34    00000004     --HOLE-- [fill = 0]
                  00010a38    0000000c                   : BIOS.obj (.text:ti_sysbios_family_arm_lm4_Timer_getMaxTicks__E)
                  00010a44    00000004     --HOLE-- [fill = 0]
                  00010a48    0000000c                   : BIOS.obj (.text:ti_sysbios_family_arm_lm4_TimestampProvider_startTimer__E)
                  00010a54    0000000c     empty_pem4f.oem4f (.text:ti_sysbios_family_arm_m3_Hwi_Params__init__S)
                  00010a60    0000000c     sysbios.aem4f : BIOS.obj (.text:ti_sysbios_family_arm_m3_Hwi_disableFxn__E)
                  00010a6c    00000004     --HOLE-- [fill = 0]
                  00010a70    0000000c                   : BIOS.obj (.text:ti_sysbios_family_arm_m3_TaskSupport_checkStack__E)
                  00010a7c    00000004     --HOLE-- [fill = 0]
                  00010a80    0000000c                   : BIOS.obj (.text:ti_sysbios_family_arm_m3_TaskSupport_getStackAlignment__E)
                  00010a8c    0000000c     empty_pem4f.oem4f (.text:ti_sysbios_gates_GateHwi_Params__init__S)
                  00010a98    0000000c     sysbios.aem4f : BIOS.obj (.text:ti_sysbios_gates_GateHwi_enter__E)
                  00010aa4    0000000c     empty_pem4f.oem4f (.text:ti_sysbios_gates_GateMutexPri_Params__init__S)
                  00010ab0    0000000c     empty_pem4f.oem4f (.text:ti_sysbios_knl_Clock_Params__init__S)
                  00010abc    00000004     --HOLE-- [fill = 0]
                  00010ac0    0000000c     sysbios.aem4f : BIOS.obj (.text:ti_sysbios_knl_Clock_getTicks__E)
                  00010acc    0000000c     Estop.obj (.text:ti_sysbios_knl_Event_handle)
                  00010ad8    0000000c     empty_pem4f.oem4f (.text:ti_sysbios_knl_Queue_Object__get__S)
                  00010ae4    0000000c     empty_pem4f.oem4f (.text:ti_sysbios_knl_Semaphore_Params__init__S)
                  00010af0    0000000c     empty_pem4f.oem4f (.text:ti_sysbios_knl_Swi_Params__init__S)
                  00010afc    0000000c     empty_pem4f.oem4f (.text:ti_sysbios_knl_Task_Params__init__S)
                  00010b08    0000000c     driverlib.lib : udma.obj (.text:uDMAControlBaseSet)
                  00010b14    0000000c     ti.targets.arm.rtsarm.aem4f : Error.oem4f (.text:xdc_runtime_Error_init__E)
                  00010b20    0000000c                                 : Gate.oem4f (.text:xdc_runtime_Gate_enterSystem__E)
                  00010b2c    0000000c                                 : Memory.oem4f (.text:xdc_runtime_Memory_calloc__E)
                  00010b38    0000000c                                 : Memory.oem4f (.text:xdc_runtime_Memory_getMaxDefaultTypeAlign__E)
                  00010b44    0000000a     driverlib.lib : adc.obj (.text:ADCIntClear)
                  00010b4e    0000000a                   : i2c.obj (.text:I2CMasterDisable)
                  00010b58    0000000a                   : i2c.obj (.text:I2CMasterEnable)
                  00010b62    0000000a     drivers_tivaware.aem4f : I2CTiva.oem4f (.text:I2CTiva_init)
                  00010b6c    0000000a                            : I2C.oem4f (.text:I2C_transfer)
                  00010b76    0000000a     Kentec320x240x16_ssd2119_spi.obj (.text:Kentec320x240x16_SSD2119Flush)
                  00010b80    0000000a     drivers_tivaware.aem4f : PWMTimerTiva.oem4f (.text:PWMTimerTiva_getPeriodCounts)
                  00010b8a    0000000a                            : PWM.oem4f (.text:PWM_setDuty)
                  00010b94    0000000a     driverlib.lib : ssi.obj (.text:SSIDataPut)
                  00010b9e    0000000a                   : ssi.obj (.text:SSIEnable)
                  00010ba8    0000000a                   : uart.obj (.text:UARTCharGet)
                  00010bb2    0000000a                   : uart.obj (.text:UARTCharPut)
                  00010bbc    0000000a                   : uart.obj (.text:UARTIntDisable)
                  00010bc6    0000000a                   : uart.obj (.text:UARTIntStatus)
                  00010bd0    0000000a     rtsv7M4_T_le_v4SPD16_eabi.lib : sprintf.c.obj (.text:_outc)
                  00010bda    0000000a     empty_pem4f.oem4f (.text:xdc_runtime_IHeap_alloc)
                  00010be4    0000000a     empty_pem4f.oem4f (.text:xdc_runtime_IHeap_free)
                  00010bee    00000008     EK_TM4C1294XL.obj (.text:EK_TM4C1294XL_initGPIO)
                  00010bf6    00000008     grlib.lib : charmap.obj (.text:GrMapISO8859_1_Unicode)
                  00010bfe    00000008     driverlib.lib : i2c.obj (.text:I2CMasterIntClear)
                  00010c06    00000008                   : i2c.obj (.text:I2CMasterSlaveAddrSet)
                  00010c0e    00000008     drivers_tivaware.aem4f : I2CTiva.oem4f (.text:I2CTiva_blockingCallback)
                  00010c16    00000008                            : PWMTimerTiva.oem4f (.text:PWMTimerTiva_init)
                  00010c1e    00000008     driverlib.lib : ssi.obj (.text:SSIBusy)
                  00010c26    00000008                   : uart.obj (.text:UARTIntEnable)
                  00010c2e    00000008                   : uart.obj (.text:UARTRxErrorGet)
                  00010c36    00000002     --HOLE-- [fill = 0]
                  00010c38    00000008     rtsv7M4_T_le_v4SPD16_eabi.lib : errno.c.obj (.text:__aeabi_errno_addr)
                  00010c40    00000008     drivers_tivaware.aem4f : UARTTiva.oem4f (.text:readSemCallback)
                  00010c48    00000008     sysbios.aem4f : BIOS.obj (.text:ti_sysbios_family_arm_lm4_Timer_masterDisable__I)
                  00010c50    00000008                   : BIOS.obj (.text:ti_sysbios_family_arm_m3_Hwi_doSwiRestore__I)
                  00010c58    00000008                   : BIOS.obj (.text:ti_sysbios_family_arm_m3_Hwi_startup__E)
                  00010c60    00000008     drivers_tivaware.aem4f : UARTTiva.oem4f (.text:writeSemCallback)
                  00010c68    00000006     driverlib.lib : i2c.obj (.text:I2CMasterIntEnable)
                  00010c6e    00000006     drivers_tivaware.aem4f : I2CTiva.oem4f (.text:I2CTiva_control)
                  00010c74    00000006                            : PWMTimerTiva.oem4f (.text:PWMTimerTiva_getPeriodMicroSecs)
                  00010c7a    00000006     driverlib.lib : sysctl.obj (.text:SysCtlDelay)
                  00010c80    00000006                   : uart.obj (.text:UARTFIFOLevelSet)
                  00010c86    00000006                   : uart.obj (.text:UARTRxErrorClear)
                  00010c8c    00000006     grlib.lib : widget.obj (.text:WidgetMutexPut)
                  00010c92    00000006     ti.targets.arm.rtsarm.aem4f : System.oem4f (.text:xdc_runtime_System_Module_startup__E)
                  00010c98    00000006     sysbios.aem4f : BIOS.obj (.text:ti_sysbios_family_arm_lm4_TimestampProvider_Module_startup__E)
                  00010c9e    00000002     --HOLE-- [fill = 0]
                  00010ca0    00000006                   : BIOS.obj (.text:ti_sysbios_family_arm_m3_Hwi_doTaskRestore__I)
                  00010ca6    00000002     --HOLE-- [fill = 0]
                  00010ca8    00000006                   : BIOS.obj (.text:ti_sysbios_family_arm_m3_Hwi_restoreFxn__E)
                  00010cae    00000002     --HOLE-- [fill = 0]
                  00010cb0    00000006                   : BIOS.obj (.text:ti_sysbios_gates_GateHwi_leave__E)
                  00010cb6    00000002     --HOLE-- [fill = 0]
                  00010cb8    00000006                   : BIOS.obj (.text:ti_sysbios_heaps_HeapMem_isBlocking__E)
                  00010cbe    00000002     --HOLE-- [fill = 0]
                  00010cc0    00000006                   : BIOS.obj (.text:ti_sysbios_knl_Clock_stop__E)
                  00010cc6    00000002     --HOLE-- [fill = 0]
                  00010cc8    00000006                   : BIOS.obj (.text:ti_sysbios_knl_Queue_Instance_init__E)
                  00010cce    00000002     --HOLE-- [fill = 0]
                  00010cd0    00000006                   : BIOS.obj (.text:ti_sysbios_knl_Swi_startup__E)
                  00010cd6    00000002     --HOLE-- [fill = 0]
                  00010cd8    00000004                   : BIOS.obj (.text:ti_sysbios_family_arm_lm4_Timer_getPeriod__E)
                  00010cdc    00000004     --HOLE-- [fill = 0]
                  00010ce0    00000004                   : BIOS.obj (.text:ti_sysbios_gates_GateHwi_query__E)
                  00010ce4    00000004     --HOLE-- [fill = 0]
                  00010ce8    00000004                   : BIOS.obj (.text:ti_sysbios_gates_GateMutexPri_query__E)
                  00010cec    00000004     --HOLE-- [fill = 0]
                  00010cf0    00000004                   : BIOS.obj (.text:ti_sysbios_gates_GateMutex_query__E)
                  00010cf4    00000004     --HOLE-- [fill = 0]
                  00010cf8    00000004                   : BIOS.obj (.text:ti_sysbios_knl_Task_startup__E)
                  00010cfc    00000004     --HOLE-- [fill = 0]
                  00010d00    00000002                   : BIOS.obj (.text:ti_sysbios_gates_GateHwi_Instance_init__E)
                  00010d02    00000006     --HOLE-- [fill = 0]
                  00010d08    00000002                   : BIOS.obj (.text:ti_sysbios_knl_Clock_logTick__E)

.const     0    00010d10    0000820a     
                  00010d10    00001950     empty_pem4f.oem4f (.const:xdc_runtime_Text_charTab__A)
                  00012660    00001000     rtsv7M4_T_le_v4SPD16_eabi.lib : s_exp2.c.obj (.const:tbl)
                  00013660    0000095e     grlib.lib : fontcm20.obj (.const:.string:g_pui8Cm20Data)
                  00013fbe    000008c1               : fontcmss20.obj (.const:.string:g_pui8Cmss20Data)
                  0001487f    00000782               : fontcmss18b.obj (.const:.string:g_pui8Cmss18bData)
                  00015001    00000759               : fontcm16.obj (.const:.string:g_pui8Cm16Data)
                  0001575a    000005c7               : fontcmss12b.obj (.const:.string:g_pui8Cmss12bData)
                  00015d21    00000514               : fontcmss12.obj (.const:.string:g_pui8Cmss12Data)
                  00016235    0000024d     GUIImg.obj (.const:.string:g_pui8Logo)
                  00016482    0000020d     GUIImg.obj (.const:.string:g_pui8btn140x40)
                  0001668f    0000020d     GUIImg.obj (.const:.string:g_pui8btn150x40Press)
                  0001689c    0000017b     Images.obj (.const:.string:g_pui8CompS)
                  00016a17    0000017b     Images.obj (.const:.string:g_pui8CompW)
                  00016b92    0000017b     Images.obj (.const:.string:g_pui8accSlow)
                  00016d0d    0000017b     Images.obj (.const:.string:g_pui8accfast)
                  00016e88    0000017b     Images.obj (.const:.string:g_pui8accmid)
                  00017003    00000178     Images.obj (.const:.string:g_pui8CompE)
                  0001717b    00000178     Images.obj (.const:.string:g_pui8CompN)
                  000172f3    00000163     Images.obj (.const:.string:g_pui8Stop)
                  00017456    00000160     Images.obj (.const:.string:g_pui8Go)
                  000175b6    0000015d     Images.obj (.const:.string:g_pui8idle)
                  00017713    00000124     Images.obj (.const:.string:g_pui8Night)
                  00017837    00000001     empty_pem4f.oem4f (.const:xdc_runtime_Error_policy__C)
                  00017838    00000120     Boot.aem4f : Boot_sysctl.oem4f (.const:g_pppui32XTALtoVCO)
                  00017958    00000107     GUIImg.obj (.const:.string:g_pui8arrowRight)
                  00017a5f    00000101     rtsv7M4_T_le_v4SPD16_eabi.lib : ctype.c.obj (.const:.string:_ctypes_)
                  00017b60    000000f8     Images.obj (.const:.string:g_pui8Day)
                  00017c58    000000dc     empty_pem4f.oem4f (.const:xdc_runtime_Text_nodeTab__A)
                  00017d34    000000c8     grlib.lib : fontcm16.obj (.const:g_sFontCm16)
                  00017dfc    000000c8               : fontcm20.obj (.const:g_sFontCm20)
                  00017ec4    000000c8               : fontcmss12.obj (.const:g_sFontCmss12)
                  00017f8c    000000c8               : fontcmss12b.obj (.const:g_sFontCmss12b)
                  00018054    000000c8               : fontcmss18b.obj (.const:g_sFontCmss18b)
                  0001811c    000000c8               : fontcmss20.obj (.const:g_sFontCmss20)
                  000181e4    000000a5     GUIImg.obj (.const:.string:g_pui8arrowLeft)
                  00018289    00000001     --HOLE-- [fill = 0]
                  0001828a    00000002     empty_pem4f.oem4f (.const:ti_catalog_arm_cortexm4_tiva_ce_Boot_Module__id__C)
                  0001828c    00000090     driverlib.lib : gpio.obj (.const:g_pui32GPIOBaseAddrs)
                  0001831c    0000008e     GlobalDraw.obj (.const:.string)
                  000183aa    00000076     GUIImg.obj (.const:.string:g_pui8backBtn)
                  00018420    00000070     driverlib.lib : interrupt.obj (.const)
                  00018490    0000006c     Boot.aem4f : Boot_sysctl.oem4f (.const:g_pui32Xtals)
                  000184fc    00000060     MotorLib.lib : motorlib.obj (.const:PWM_config)
                  0001855c    00000054     drivers_tivaware.aem4f : GPIOTiva.oem4f (.const:.string)
                  000185b0    00000054     MotorLib.lib : motorlib.obj (.const:motorLibPWMTivaHWAttrs)
                  00018604    0000004c     drivers_tivaware.aem4f : UARTTiva.oem4f (.const)
                  00018650    00000048     empty_pem4f.oem4f (.const:.string)
                  00018698    00000048     drivers_tivaware.aem4f : GPIOTiva.oem4f (.const:gpioBaseAddresses)
                  000186e0    0000003c     empty_pem4f.oem4f (.const:ti_sysbios_knl_Task_Object__PARAMS__C)
                  0001871c    00000030     EK_TM4C1294XL.obj (.const:I2C_config)
                  0001874c    00000030     Boot.aem4f : Boot_sysctl.oem4f (.const:g_sXTALtoMEMTIM)
                  0001877c    00000030     empty_pem4f.oem4f (.const:ti_sysbios_family_arm_m3_Hwi_Object__PARAMS__C)
                  000187ac    00000030     empty_pem4f.oem4f (.const:xdc_runtime_Startup_sfxnTab__A)
                  000187dc    00000028     drivers_tivaware.aem4f : UARTTiva.oem4f (.const:UARTTiva_fxnTable)
                  00018804    00000028     Kentec320x240x16_ssd2119_spi.obj (.const:g_sKentec320x240x16_SSD2119)
                  0001882c    00000028     empty_pem4f.oem4f (.const:ti_sysbios_heaps_HeapMem_Module__FXNS__C)
                  00018854    00000028     empty_pem4f.oem4f (.const:ti_sysbios_knl_Swi_Object__PARAMS__C)
                  0001887c    00000024     drivers_tivaware.aem4f : UART.oem4f (.const:UART_defaultParams)
                  000188a0    00000024     EK_TM4C1294XL.obj (.const:i2cTivaHWAttrs)
                  000188c4    00000024     empty_pem4f.oem4f (.const:ti_sysbios_gates_GateHwi_Module__FXNS__C)
                  000188e8    00000024     empty_pem4f.oem4f (.const:ti_sysbios_gates_GateMutexPri_Module__FXNS__C)
                  0001890c    00000024     empty_pem4f.oem4f (.const:ti_sysbios_gates_GateMutex_Module__FXNS__C)
                  00018930    00000024     empty_pem4f.oem4f (.const:ti_sysbios_heaps_HeapMem_Object__PARAMS__C)
                  00018954    00000024     empty_pem4f.oem4f (.const:ti_sysbios_knl_Clock_Object__PARAMS__C)
                  00018978    00000024     empty_pem4f.oem4f (.const:ti_sysbios_knl_Semaphore_Object__PARAMS__C)
                  0001899c    00000020     drivers_tivaware.aem4f : PWMTimerTiva.oem4f (.const)
                  000189bc    00000020                            : PWMTiva.oem4f (.const)
                  000189dc    00000020     empty_pem4f.oem4f (.const:ti_sysbios_family_arm_m3_Hwi_Object__DESC__C)
                  000189fc    00000020     empty_pem4f.oem4f (.const:ti_sysbios_gates_GateHwi_Object__DESC__C)
                  00018a1c    00000020     empty_pem4f.oem4f (.const:ti_sysbios_gates_GateMutexPri_Object__DESC__C)
                  00018a3c    00000020     empty_pem4f.oem4f (.const:ti_sysbios_gates_GateMutex_Object__DESC__C)
                  00018a5c    00000020     empty_pem4f.oem4f (.const:ti_sysbios_heaps_HeapMem_Object__DESC__C)
                  00018a7c    00000020     empty_pem4f.oem4f (.const:ti_sysbios_knl_Clock_Object__DESC__C)
                  00018a9c    00000020     empty_pem4f.oem4f (.const:ti_sysbios_knl_Event_Object__DESC__C)
                  00018abc    00000020     empty_pem4f.oem4f (.const:ti_sysbios_knl_Queue_Object__DESC__C)
                  00018adc    00000020     empty_pem4f.oem4f (.const:ti_sysbios_knl_Semaphore_Object__DESC__C)
                  00018afc    00000020     empty_pem4f.oem4f (.const:ti_sysbios_knl_Swi_Object__DESC__C)
                  00018b1c    00000020     empty_pem4f.oem4f (.const:ti_sysbios_knl_Task_Object__DESC__C)
                  00018b3c    0000001c     drivers_tivaware.aem4f : I2CTiva.oem4f (.const)
                  00018b58    0000001c     touch.obj (.const:g_pi32TouchParameters)
                  00018b74    00000018     EK_TM4C1294XL.obj (.const:UART_config)
                  00018b8c    00000018     empty_pem4f.oem4f (.const:ti_sysbios_gates_GateHwi_Object__PARAMS__C)
                  00018ba4    00000018     empty_pem4f.oem4f (.const:ti_sysbios_gates_GateMutexPri_Object__PARAMS__C)
                  00018bbc    00000018     empty_pem4f.oem4f (.const:ti_sysbios_gates_GateMutex_Object__PARAMS__C)
[...]
00018e54  ti_sysbios_knl_Task_defaultStackSize__C                              
00018e58  ti_sysbios_knl_Task_numConstructedTasks__C                           
00018e60  xdc_runtime_Assert_E_assertFailed__C                                 
00018e64  xdc_runtime_Core_A_initializedParams__C                              
00018e68  xdc_runtime_Core_Module__diagsEnabled__C                             
00018e6c  xdc_runtime_Core_Module__diagsIncluded__C                            
00018e70  xdc_runtime_Core_Module__diagsMask__C                                
00018e74  xdc_runtime_Error_E_generic__C                                       
00018e78  xdc_runtime_Error_E_memory__C                                        
00018e7c  xdc_runtime_Error_Module__diagsEnabled__C                            
00018e80  xdc_runtime_Error_Module__diagsIncluded__C                           
00018e84  xdc_runtime_Error_Module__diagsMask__C                               
00018e88  xdc_runtime_Error_Module__loggerFxn8__C                              
00018e8c  xdc_runtime_Error_Module__loggerObj__C                               
00018e90  xdc_runtime_Error_policyFxn__C                                       
00018e94  xdc_runtime_Error_raiseHook__C                                       
00018e98  xdc_runtime_IGateProvider_Interface__BASE__C                         
00018e9c  xdc_runtime_IHeap_Interface__BASE__C                                 
00018ea0  xdc_runtime_IModule_Interface__BASE__C                               
00018ea4  xdc_runtime_Log_L_error__C                                           
00018ea8  xdc_runtime_Memory_defaultHeapInstance__C                            
00018eac  xdc_runtime_Startup_execImpl__C                                      
00018eb0  xdc_runtime_Startup_lastFxns__A                                      
00018eb4  xdc_runtime_Startup_maxPasses__C                                     
00018eb8  xdc_runtime_Startup_sfxnRts__C                                       
00018ebc  xdc_runtime_Startup_sfxnTab__C                                       
00018ec0  xdc_runtime_SysMin_bufSize__C                                        
00018ec4  xdc_runtime_SysMin_outputFunc__C                                     
00018ec8  xdc_runtime_System_Module__gateObj__C                                
00018ecc  xdc_runtime_System_abortFxn__C                                       
00018ed0  xdc_runtime_System_exitFxn__C                                        
00018ed4  xdc_runtime_System_extendFxn__C                                      
00018ed8  xdc_runtime_System_maxAtexitHandlers__C                              
00018edc  xdc_runtime_Text_charTab__C                                          
00018ee0  xdc_runtime_Text_nameEmpty__C                                        
00018ee4  xdc_runtime_Text_nameStatic__C                                       
00018ee8  xdc_runtime_Text_nameUnknown__C                                      
00018eec  xdc_runtime_Text_nodeTab__C                                          
00018ef0  xdc_runtime_Text_visitRopeFxn__C                                     
00018ef4  ti_sysbios_gates_GateMutexPri_Module__id__C                          
00018ef6  ti_sysbios_gates_GateMutex_Module__id__C                             
00018ef8  ti_sysbios_hal_Hwi_Module__id__C                                     
00018efa  ti_sysbios_heaps_HeapMem_Module__id__C                               
00018efc  ti_sysbios_knl_Clock_Module__id__C                                   
00018efe  ti_sysbios_knl_Event_Module__id__C                                   
00018f00  ti_sysbios_knl_Semaphore_Module__id__C                               
00018f02  ti_sysbios_knl_Swi_Module__id__C                                     
00018f04  ti_sysbios_knl_Task_Module__id__C                                    
00018f06  xdc_runtime_Core_Module__id__C                                       
00018f08  xdc_runtime_Error_Module__loggerDefined__C                           
00018f0a  xdc_runtime_Error_maxDepth__C                                        
00018f0c  xdc_runtime_Main_Module__id__C                                       
00018f0e  xdc_runtime_Memory_Module__id__C                                     
00018f10  xdc_runtime_SysMin_flushAtExit__C                                    
00018f12  xdc_runtime_Text_charCnt__C                                          
00018f14  xdc_runtime_Text_isLoaded__C                                         
00018f16  xdc_runtime_Text_registryModsLastId__C                               
00018f18  xdc_runtime_Text_unnamedModsLastId__C                                
00018f20  __TI_static_base__                                                   
0001935c  __TI_Handler_Table_Base                                              
00019368  __TI_Handler_Table_Limit                                             
00019378  __TI_CINIT_Base                                                      
00019390  __TI_CINIT_Limit                                                     
20000000  __start___llvm_prf_cnts                                              
20000000  __stop___llvm_prf_cnts                                               
20000000  ti_sysbios_family_arm_m3_Hwi_ramVectors                              
20000400  ti_sysbios_heaps_HeapMem_Instance_State_0_buf__A                     
20001400  readAccelStack                                                       
20001c00  readCurrentStack                                                     
20002400  readLightStack                                                       
20002c00  task0Stack                                                           
20003400  taskTouchStack                                                       
20003c00  psDMAControlTable                                                    
20004000  xdc_runtime_SysMin_Module_State_0_outbuf__A                          
20004400  ti_sysbios_family_arm_m3_Hwi_dispatchTable                           
20004760  ti_sysbios_knl_Task_Instance_State_0_stack__A                        
20004960  AccelData                                                            
20004af0  CurrentData                                                          
20004c80  LightData                                                            
20004e10  VelocityData                                                         
20004fa0  i2cTivaObjects                                                       
20005260  __CIOBUF_                                                            
20005380  adcBuffer2                                                           
20005488  bmi160_accel_values                                                  
20005578  uartTivaObjects                                                      
20005644  EstopEvent                                                           
20005648  Sensor_Filtered_Buffer                                               
20005778  readAccelStruct                                                      
200057c8  readCurrentStruct                                                    
20005818  readLightStruct                                                      
20005868  task0Struct                                                          
200058b8  taskTouchStruct                                                      
20005908  motorLibPWMObjects                                                   
20005940  sContext                                                             
2000596c  ScreenGate                                                           
20005970  VelocityBuffer                                                       
20005998  adc_current_values                                                   
200059c0  opt3001_light_values                                                 
200059e8  clk0Struct                                                           
20005a4c  uartTivaRingBuffer                                                   
20005a6c  datetime                                                             
20005a84  gHwiprms                                                             
20005a9c  motorLibPWMTimerObjects                                              
20005ab4  evtStruct                                                            
20005ad8  i2cParams                                                            
20005afc  AccBox                                                               
20005b04  Banner                                                               
20005b0c  BannerB                                                              
20005b14  CurrBox                                                              
20005b1c  Distbox                                                              
20005b24  clearBox                                                             
20005b2c  graphClear                                                           
20005b34  parmbuf                                                              
20005b3c  SwiHandle                                                            
20005b40  g_pi32ParmSet                                                        
20005b48  g_ui32Panel                                                          
20005b4c  gateHwi                                                              
20005b54  i2c                                                                  
20005b58  postedStop                                                           
20005b5c  swiAccelSensorFilterHandle                                           
20005b60  swiCurrentSensorFilterHandle                                         
20005b64  swiLightSensorFilterHandle                                           
20005b68  uart                                                                 
20005b6c  g_i16TouchX                                                          
20005b6e  g_i16TouchY                                                          
20005b70  ti_sysbios_family_arm_lm4_Timer_Object__table__V                     
20005bf0  ti_sysbios_knl_Swi_Module_State_0_readyQ__A                          
20005c70  ti_sysbios_knl_Task_Module_State_0_readyQ__A                         
20005cf0  MotorSpeedSlider                                                     
20005d4c  AccDownBtn                                                           
20005d9c  AccUpBtn                                                             
20005dec  CurrentDownBtn                                                       
20005e3c  CurrentUpBtn                                                         
20005e8c  DistDownBtn                                                          
20005edc  DistUpBtn                                                            
20005f2c  GraphPgBtn                                                           
20005f7c  LightGraphBtn                                                        
20005fcc  LightGraph                                                           
20005fcd  AccelGraph                                                           
20005fce  CurrentGraph                                                         
20005fcf  VelocityGraph                                                        
20005fd0  VelocitySecond                                                       
20005fd8  bufferpos                                                            
20005fdc  Hall_changed                                                         
20005fe0  desired_speed                                                        
20005fe8  estop                                                                
20005ff0  pwm_current                                                          
20005ff8  error_sum                                                            
20006000  current_speed                                                        
20006008  current_speed_estop                                                  
20006010  previous_speed                                                       
20006018  previous_speed_estop                                                 
20006020  MotorGraphBtn                                                        
20006070  MotorMode                                                            
200060c0  MotorPgBtn                                                           
20006110  PowerGraphBtn                                                        
20006160  SensorPgBtn                                                          
200061b0  TestGraphBtn                                                         
20006200  backGraphBtn                                                         
20006250  backGraphSelectBtn                                                   
200062a0  backMotorBtn                                                         
200062f0  backSensorBtn                                                        
20006340  ti_sysbios_knl_Task_Object__table__V                                 
2000638c  ti_sysbios_family_arm_m3_Hwi_Object__table__V                        
200063d4  MaxAccel                                                             
200063d8  LightSecond                                                          
200063e0  CurrentSecond                                                        
200063e8  AccelSecond                                                          
200063f0  MaxCurrent                                                           
200063f8  opt3001_filteredValue                                                
20006400  FilteredAccelPos                                                     
20006408  bmi160_filteredValue                                                 
20006410  current_filteredValue                                                
20006418  bufferCurrent                                                        
2000641c  ti_sysbios_knl_Task_Module__state__V                                 
20006460  g_Acceleration                                                       
200064a0  g_MotorStat                                                          
200064e0  g_sCanvas2                                                           
20006520  g_sCanvas3                                                           
20006560  g_scompass                                                           
200065a0  ti_sysbios_family_arm_lm4_Timer_Module_State_0_device__A             
200065e0  ti_sysbios_hal_SecondsClock_Module__state__V                         
2000661c  ti_sysbios_family_arm_m3_Hwi_Module__state__V                        
20006650  ti_sysbios_knl_Swi_Object__table__V                                  
20006680  g_sRoot                                                              
200066ad  OnSensorPage                                                         
200066ae  OnMotorPage                                                          
200066b0  ti_sysbios_knl_Clock_Module__state__V                                
200066dc  ti_sysbios_BIOS_Module__state__V                                     
20006700  ti_sysbios_family_arm_lm4_Timer_Module_State_0_handles__A            
20006720  gpioPinConfigs                                                       
2000673c  ti_sysbios_gates_GateMutex_Object__table__V                          
20006758  ti_sysbios_knl_Swi_Module__state__V                                  
2000678c  ti_sysbios_gates_GateMutexPri_Object__table__V                       
200067a4  ti_sysbios_heaps_HeapMem_Object__table__V                            
200067bc  motorStartStop                                                       
200067bd  HA                                                                   
200067be  HB                                                                   
200067bf  HC                                                                   
200067c0  LowLight                                                             
200067c1  ongraph                                                              
200067c4  currentDirection                                                     
200067c8  CurrentMotorStat                                                     
200067cc  CurrentAcceleration                                                  
200067d0  ti_sysbios_family_arm_lm4_Timer_Module__state__V                     
200067dc  xdc_runtime_SysMin_Module__state__V                                  
200067e8  _lock                                                                
200067ec  _unlock                                                              
200067f0  gpioCallbackFunctions                                                
200067f8  ti_sysbios_family_arm_lm4_TimestampProvider_Module__state__V         
20006800  ti_sysbios_family_arm_m3_Hwi_Module__root__V                         
20006808  ti_sysbios_gates_GateHwi_Module__root__V                             
20006810  ti_sysbios_gates_GateMutexPri_Module__root__V                        
20006818  ti_sysbios_gates_GateMutex_Module__root__V                           
20006820  ti_sysbios_heaps_HeapMem_Module__root__V                             
20006828  ti_sysbios_knl_Clock_Module__root__V                                 
20006830  ti_sysbios_knl_Event_Module__root__V                                 
20006838  ti_sysbios_knl_Queue_Module__root__V                                 
20006840  ti_sysbios_knl_Semaphore_Module__root__V                             
20006848  ti_sysbios_knl_Swi_Module__root__V                                   
20006850  ti_sysbios_knl_Task_Module__root__V                                  
20006858  xdc_runtime_Registry_Module__state__V                                
20006860  xdc_runtime_Startup_Module__state__V                                 
20006868  xdc_runtime_System_Module_State_0_atexitHandlers__A                  
20006870  xdc_runtime_System_Module__state__V                                  
20006878  AccelStop                                                            
2000687a  PowerEstop                                                           
2000687c  EStop                                                                
2000687e  ti_sysbios_family_arm_m3_Hwi_Module_State_0_excActive__A             
20006886  xdc_runtime_Error_Module__state__V                                   
20006894  errno                                                                
20006898  main_func_sp                                                         
2000689c  ti_sysbios_family_arm_m3_Hwi_Module_State_0_excContext__A            
200068a0  ti_sysbios_family_arm_m3_Hwi_Module_State_0_excStack__A              
200068a4  ti_sysbios_gates_GateHwi_Object__table__V                            
200068a8  ti_sysbios_knl_Task_Module_State_0_idleTask__A                       
200068ac  g_i16TouchMin                                                        
200068b0  xdc_runtime_Memory_Module__state__V                                  
200068b8  __stack                                                              
20006cb8  __STACK_END                                                          
e000e000  ti_sysbios_family_arm_m3_Hwi_nvic                                    
ffffffff  __TI_pprof_out_hndl                                                  
ffffffff  __TI_prof_data_size                                                  
ffffffff  __TI_prof_data_start                                                 
ffffffff  __binit__                                                            
ffffffff  __c_args__                                                           
ffffffff  binit                                                                
UNDEFED   SHT$$INIT_ARRAY$$Base                                                
UNDEFED   SHT$$INIT_ARRAY$$Limit                                               

[1097 symbols]
