******************************************************************************
                  TI ARM Linker PC v20.2.5                     
******************************************************************************
>> Linked Fri May 13 11:23:13 2022

OUTPUT FILE NAME:   <EGH456MotorProject.out>
ENTRY POINT SYMBOL: "_c_int00"  address: 0000c415


MEMORY CONFIGURATION

         name            origin    length      used     unused   attr    fill
----------------------  --------  ---------  --------  --------  ----  --------
  FLASH                 00000000   00100000  0001bf8e  000e4072  R  X
  SRAM                  20000000   00040000  00004620  0003b9e0  RW X


SEGMENT ALLOCATION MAP

run origin  load origin   length   init length attrs members
----------  ----------- ---------- ----------- ----- -------
00000000    00000000    0001bf98   0001bf98    r-x
  00000000    00000000    0000003c   0000003c    r-- .resetVecs
  00000040    00000040    0000f69a   0000f69a    r-x .text
  0000f6e0    0000f6e0    0000bfb0   0000bfb0    r-- .const
  0001b690    0001b690    00000908   00000908    r-- .cinit
20000000    20000000    00000360   00000000    rw-
  20000000    20000000    00000360   00000000    rw- .vecs
20000400    20000400    000042c8   00000000    rw-
  20000400    20000400    000024b4   00000000    rw- .bss
  200028b8    200028b8    00001b0c   00000000    rw- .data
  200043c8    200043c8    00000300   00000000    rw- .stack


SECTION ALLOCATION MAP

 output                                  attributes/
section   page    origin      length       input sections
--------  ----  ----------  ----------   ----------------
.text      0    00000040    0000f69a     
                  00000040    00000a4e     rtsv7M4_T_le_v4SPD16_eabi.lib : _printfi.c.obj (.text:__TI_printfi)
                  00000a8e    00000002                                   : _lock.c.obj (.text:_nop)
                  00000a90    000006ac     MotorLib.lib : motorlib.obj (.text)
                  0000113c    00000438     ustdlib.obj (.text:uvsnprintf)
                  00001574    00000004     driverlib.lib : i2c.obj (.text:I2CMasterControl)
                  00001578    00000430     sysbios.aem4f : BIOS.obj (.text:ti_sysbios_family_arm_m3_Hwi_excDumpRegs__I)
                  000019a8    00000378     empty.obj (.text:MotorPage)
                  00001d20    00000374     empty.obj (.text:GraphPrimitive)
                  00002094    00000374     grlib.lib : image.obj (.text:InternalImageDraw)
                  00002408    0000034c     ti.targets.arm.rtsarm.aem4f : System.oem4f (.text:xdc_runtime_System_doPrint__I)
                  00002754    000002f8     grlib.lib : image.obj (.text:PixelTransparentDraw)
                  00002a4c    000002d8     empty.obj (.text:SensorPage)
                  00002d24    000002c6     grlib.lib : slider.obj (.text:SliderPaint)
                  00002fea    00000002     rtsv7M4_T_le_v4SPD16_eabi.lib : div0.asm.obj (.text)
                  00002fec    000002b0     Clock.obj (.text:timeConvert)
                  0000329c    00000004     driverlib.lib : i2c.obj (.text:I2CMasterDataGet)
                  000032a0    000002a4     sysbios.aem4f : BIOS.obj (.text:ti_sysbios_knl_Semaphore_pend__E)
                  00003544    00000278     empty.obj (.text:OnPrimitivePaint)
                  000037bc    00000270     rtsv7M4_T_le_v4SPD16_eabi.lib : _printfi.c.obj (.text:_pconv_a)
                  00003a2c    00000004     driverlib.lib : i2c.obj (.text:I2CMasterDataPut)
                  00003a30    0000026c     sysbios.aem4f : BIOS.obj (.text:ti_sysbios_heaps_HeapMem_free__E)
                  00003c9c    00000268     touch.obj (.text:TouchScreenDebouncer)
                  00003f04    00000254     grlib.lib : string.obj (.text:GrFontGlyphRender)
                  00004158    00000250     sysbios.aem4f : BIOS.obj (.text:ti_sysbios_heaps_HeapMem_alloc__E)
                  000043a8    00000238     GlobalDraw.obj (.text:TopBarDraw)
                  000045e0    00000234     sysbios.aem4f : BIOS.obj (.text:ti_sysbios_knl_Task_Instance_finalize__E)
                  00004814    00000228     empty.obj (.text:OnIntroPaint)
                  00004a3c    00000004     driverlib.lib : uart.obj (.text:UARTIntClear)
                  00004a40    0000021c     sysbios.aem4f : BIOS.obj (.text:ti_sysbios_family_arm_lm4_Timer_Instance_init__E)
                  00004c5c    0000020e     grlib.lib : checkbox.obj (.text:CheckBoxPaint)
                  00004e6a    00000002     empty_pem4f.oem4f (.text:ti_sysbios_BIOS_nullFunc__I)
                  00004e6c    0000020c     drivers_tivaware.aem4f : UARTTiva.oem4f (.text:UARTTiva_open)
                  00005078    00000208     grlib.lib : circle.obj (.text:GrCircleDraw)
                  00005280    00000204     Boot.aem4f : Boot_sysctl.oem4f (.text:ti_catalog_arm_cortexm4_tiva_ce_Boot_sysCtlClockFreqSetI__I)
                  00005484    00000004     grlib.lib : widget.obj (.text:WidgetDefaultMsgProc)
                  00005488    000001f4     sysbios.aem4f : BIOS.obj (.text:ti_sysbios_family_arm_m3_Hwi_excHandlerMax__I)
                  0000567c    000001e4     Kentec320x240x16_ssd2119_spi.obj (.text:Kentec320x240x16_SSD2119Init)
                  00005860    000001dc     Kentec320x240x16_ssd2119_spi.obj (.text:Kentec320x240x16_SSD2119PixelDrawMultiple)
                  00005a3c    000001d0     rtsv7M4_T_le_v4SPD16_eabi.lib : _printfi.c.obj (.text:_pconv_g)
                  00005c0c    00000004                                   : exit.c.obj (.text:abort:abort)
                  00005c10    000001c8     sysbios.aem4f : BIOS.obj (.text:ti_sysbios_knl_Task_sleep__E)
                  00005dd8    000001c0                   : BIOS.obj (.text:ti_sysbios_knl_Task_Instance_init__E)
                  00005f98    000001b6     grlib.lib : radiobutton.obj (.text:RadioButtonPaint)
                  0000614e    000001b6     rtsv7M4_T_le_v4SPD16_eabi.lib : fd_add_t2.asm.obj (.text)
                  00006304    00000190     grlib.lib : canvas.obj (.text:CanvasPaint)
                  00006494    00000184     empty.obj (.text:UpdateGraphPlot)
                  00006618    0000017e     grlib.lib : pushbutton.obj (.text:RectangularButtonPaint)
                  00006796    00000002     empty_pem4f.oem4f (.text:xdc_runtime_Startup_reset__I)
                  00006798    0000017c     empty.obj (.text:heartBeatFxn)
                  00006914    0000017c     empty.obj (.text:main)
                  00006a90    00000178     touch.obj (.text:TouchScreenIntHandler)
                  00006c08    00000174     sysbios.aem4f : BIOS.obj (.text:ti_sysbios_family_arm_m3_Hwi_excBusFault__I)
                  00006d7c    00000170     drivers_tivaware.aem4f : PWMTiva.oem4f (.text:PWMTiva_open)
                  00006eec    00000004     empty_pem4f.oem4f (.text:ti_sysbios_BIOS_RtsGateProxy_enter__E)
                  00006ef0    00000164     sysbios.aem4f : BIOS.obj (.text:ti_sysbios_family_arm_m3_Hwi_excUsageFault__I)
                  00007054    00000154     grlib.lib : container.obj (.text:ContainerPaint)
                  000071a8    00000150     drivers_tivaware.aem4f : GPIOTiva.oem4f (.text:GPIO_setConfig)
                  000072f8    00000148     sysbios.aem4f : BIOS.obj (.text:ti_sysbios_family_arm_m3_Hwi_excMemFault__I)
                  00007440    00000144     grlib.lib : circle.obj (.text:GrCircleFill)
                  00007584    0000013c     rtsv7M4_T_le_v4SPD16_eabi.lib : _printfi.c.obj (.text:_pconv_e)
                  000076c0    0000013c     sysbios.aem4f : BIOS.obj (.text:ti_sysbios_heaps_HeapMem_Instance_init__E)
                  000077fc    00000136     rtsv7M4_T_le_v4SPD16_eabi.lib : fd_div_t2.asm.obj (.text)
                  00007932    00000002     --HOLE-- [fill = 0]
                  00007934    00000130     GlobalDraw.obj (.text:BannerInit)
                  00007a64    00000130     driverlib.lib : gpio.obj (.text:GPIOPadConfigSet)
                  00007b94    00000124     rtsv7M4_T_le_v4SPD16_eabi.lib : _printfi.c.obj (.text:fcvt)
                  00007cb8    00000118     ti.targets.arm.rtsarm.aem4f : Error.oem4f (.text:xdc_runtime_Error_policyDefault__E)
                  00007dd0    00000114     drivers_tivaware.aem4f : PWMTimerTiva.oem4f (.text:PWMTimerTiva_open)
                  00007ee4    00000110     rtsv7M4_T_le_v4SPD16_eabi.lib : s_scalbn.c.obj (.text:scalbn)
                  00007ff4    0000010c     Kentec320x240x16_ssd2119_spi.obj (.text:Kentec320x240x16_SSD2119RectFill)
                  00008100    0000010c     touch.obj (.text:TouchScreenInit)
                  0000820c    00000004     empty_pem4f.oem4f (.text:ti_sysbios_BIOS_RtsGateProxy_leave__E)
                  00008210    00000108     sysbios.aem4f : BIOS.obj (.text:ti_sysbios_family_arm_lm4_Timer_start__E)
                  00008318    00000108                   : BIOS.obj (.text:ti_sysbios_knl_Clock_Instance_init__E)
                  00008420    00000106     grlib.lib : line.obj (.text:GrLineDraw)
                  00008526    00000002     --HOLE-- [fill = 0]
                  00008528    00000100     ti.targets.arm.rtsarm.aem4f : Core-mem.oem4f (.text:xdc_runtime_Core_createObject__I)
                  00008628    000000fc     rtsv7M4_T_le_v4SPD16_eabi.lib : fd_mul_t2.asm.obj (.text)
                  00008724    000000f8                                   : s_floor.c.obj (.text:floor)
                  0000881c    000000f8     ti.targets.arm.rtsarm.aem4f : Startup.oem4f (.text:xdc_runtime_Startup_startMods__I)
                  00008914    000000f8     empty_pem4f.oem4f (.text:xdc_runtime_System_printfExtend__I)
                  00008a0c    000000f4     sysbios.aem4f : m3_Hwi_asm.obj (.text:ti_sysbios_family_arm_m3_Hwi_dispatch__I)
                  00008b00    000000f2     grlib.lib : pushbutton.obj (.text:RectangularButtonClick)
                  00008bf2    000000f0     drivers_tivaware.aem4f : PWMTiva.oem4f (.text:PWMTiva_setDuty)
                  00008ce2    00000006     driverlib.lib : gpio.obj (.text:GPIOIntClear)
                  00008ce8    000000ec     sysbios.aem4f : BIOS.obj (.text:ti_sysbios_knl_Semaphore_post__E)
                  00008dd4    000000e8     grlib.lib : widget.obj (.text:WidgetMessageQueueAdd)
                  00008ebc    000000e0     drivers_tivaware.aem4f : I2CTiva.oem4f (.text:I2CTiva_open)
                  00008f9c    000000d8     empty.obj (.text:graphSelectPage)
                  00009074    000000d6     drivers_tivaware.aem4f : I2CTiva.oem4f (.text:I2CTiva_hwiFxn)
                  0000914a    000000d6     grlib.lib : slider.obj (.text:SliderClick)
                  00009220    000000cc     ti.targets.arm.rtsarm.aem4f : Core-smem.oem4f (.text:xdc_runtime_Core_constructObject__I)
                  000092ec    000000c0     grlib.lib : string.obj (.text:GrDefaultStringRenderer)
                  000093ac    00000004     sysbios.aem4f : BIOS.obj (.text:ti_sysbios_family_arm_lm4_Timer_masterEnable__I)
                  000093b0    000000bc                   : BIOS.obj (.text:ti_sysbios_family_arm_m3_Hwi_excDebugMon__I)
                  0000946c    00000004     empty_pem4f.oem4f (.text:ti_sysbios_family_arm_m3_Hwi_delete)
                  00009470    000000bc     sysbios.aem4f : BIOS.obj (.text:ti_sysbios_family_arm_m3_Hwi_excHardFault__I)
                  0000952c    000000b8     EK_TM4C1294XL.obj (.text:EK_TM4C1294XL_initGeneral)
                  000095e4    000000b8     grlib.lib : line.obj (.text:GrLineClip)
                  0000969c    000000b8     Kentec320x240x16_ssd2119_spi.obj (.text:InitSPILCDInterface)
                  00009754    000000b8     empty.obj (.text:MainPage)
                  0000980c    000000b8     drivers_tivaware.aem4f : PWMTimerTiva.oem4f (.text:PWMTimerTiva_setDuty)
                  000098c4    000000b4     empty.obj (.text:OnCanvasPaint)
                  00009978    000000b4     empty.obj (.text:OnRadioChange)
                  00009a2c    000000b4     empty.obj (.text:OnSliderChange)
                  00009ae0    000000b4     grlib.lib : widget.obj (.text:WidgetMessageSendPostOrder)
                  00009b94    00000004     empty_pem4f.oem4f (.text:ti_sysbios_family_arm_m3_Hwi_destruct)
                  00009b98    000000b4     sysbios.aem4f : BIOS.obj (.text:ti_sysbios_gates_GateMutex_enter__E)
                  00009c4c    00000004     empty_pem4f.oem4f (.text:ti_sysbios_family_arm_m3_TaskSupport_Module__startupDone__S)
                  00009c50    000000b4     sysbios.aem4f : BIOS.obj (.text:ti_sysbios_knl_Task_checkStacks__E)
                  00009d04    000000b1     rtsv7M4_T_le_v4SPD16_eabi.lib : _printfi.c.obj (.text:_ltostr)
                  00009db5    00000001     --HOLE-- [fill = 0]
                  00009db6    000000b0     grlib.lib : slider.obj (.text:SliderValueToPosition)
                  00009e66    000000ac     drivers_tivaware.aem4f : UARTTiva.oem4f (.text:readTaskBlocking)
                  00009f12    00000006     driverlib.lib : gpio.obj (.text:GPIOPinRead)
                  00009f18    000000ac     sysbios.aem4f : BIOS.obj (.text:ti_sysbios_family_arm_lm4_Timer_enableTiva__I)
                  00009fc4    00000004     empty_pem4f.oem4f (.text:ti_sysbios_hal_Timer_TimerProxy_delete)
                  00009fc8    000000a4     sysbios.aem4f : BIOS.obj (.text:ti_sysbios_knl_Clock_Instance_finalize__E)
                  0000a06c    000000a0     auto_init.aem4f : auto_init.oem4f (.text)
                  0000a10c    000000a0     ti.targets.arm.rtsarm.aem4f : Text.oem4f (.text:xdc_runtime_Text_putMod__E)
                  0000a1ac    0000009c     rtsv7M4_T_le_v4SPD16_eabi.lib : memcpy_t2.asm.obj (.text)
                  0000a248    0000009c     sysbios.aem4f : BIOS.obj (.text:ti_sysbios_knl_Semaphore_Instance_init__E)
                  0000a2e4    0000009a     ti.targets.arm.rtsarm.aem4f : Text.oem4f (.text:xdc_runtime_Text_putSite__E)
                  0000a37e    00000098     drivers_tivaware.aem4f : UARTTiva.oem4f (.text:UARTTiva_readPolling)
                  0000a416    00000002     --HOLE-- [fill = 0]
                  0000a418    00000098     Boot.aem4f : Boot.oem4f (.text:ti_catalog_arm_cortexm4_tiva_ce_Boot_sysCtlClockFreqSet__E)
                  0000a4b0    00000096     rtsv7M4_T_le_v4SPD16_eabi.lib : ull_div_t2.asm.obj (.text)
                  0000a546    00000094     drivers_tivaware.aem4f : UARTTiva.oem4f (.text:UARTTiva_write)
                  0000a5da    00000006     driverlib.lib : gpio.obj (.text:GPIOPinWrite)
                  0000a5e0    00000094     sysbios.aem4f : BIOS.obj (.text:ti_sysbios_family_arm_m3_Hwi_Instance_init__E)
                  0000a674    00000004     empty_pem4f.oem4f (.text:ti_sysbios_heaps_HeapMem_Module_GateProxy_enter__E)
                  0000a678    00000094     sysbios.aem4f : BIOS.obj (.text:ti_sysbios_family_arm_m3_Hwi_initNVIC__E)
                  0000a70c    00000004     empty_pem4f.oem4f (.text:ti_sysbios_heaps_HeapMem_Module_GateProxy_leave__E)
                  0000a710    00000094     sysbios.aem4f : BIOS.obj (.text:ti_sysbios_knl_Task_postInit__I)
                  0000a7a4    00000090     grlib.lib : radiobutton.obj (.text:RadioButtonClick)
                  0000a834    0000008c     drivers_tivaware.aem4f : GPIOTiva.oem4f (.text:GPIO_init)
                  0000a8c0    0000008c                            : UARTTiva.oem4f (.text:UARTTiva_control)
                  0000a94c    0000008c     sysbios.aem4f : m3_TaskSupport_asm.obj (.text:ti_sysbios_family_arm_m3_TaskSupport_buildTaskStack)
                  0000a9d8    0000008c                   : BIOS.obj (.text:ti_sysbios_hal_SecondsClock_Module_startup__E)
                  0000aa64    0000008a     drivers_tivaware.aem4f : UARTTiva.oem4f (.text:readIsrTextBlocking)
                  0000aaee    00000002     --HOLE-- [fill = 0]
                  0000aaf0    00000088                            : PWMTiva.oem4f (.text:PWMTiva_control)
                  0000ab78    00000086     grlib.lib : rectangle.obj (.text:GrRectFill)
                  0000abfe    00000086     rtsv7M4_T_le_v4SPD16_eabi.lib : fd_cmp_t2.asm.obj (.text:__aeabi_cdcmple)
                  0000ac84    00000086                                   : fd_cmp_t2.asm.obj (.text:__aeabi_cdrcmple)
                  0000ad0a    00000084     empty.obj (.text:ArrayUpdate)
                  0000ad8e    00000002     --HOLE-- [fill = 0]
                  0000ad90    00000084     sysbios.aem4f : BIOS.obj (.text:ti_sysbios_family_arm_m3_Hwi_postInit__I)
                  0000ae14    00000082     drivers_tivaware.aem4f : UARTTiva.oem4f (.text:readIsrTextCallback)
                  0000ae96    00000080     grlib.lib : rectangle.obj (.text:GrRectIntersectGet)
                  0000af16    00000002     --HOLE-- [fill = 0]
                  0000af18    00000080     empty.obj (.text:OnCheckChange)
                  0000af98    0000007e     drivers_tivaware.aem4f : I2CTiva.oem4f (.text:I2CTiva_transfer)
                  0000b016    00000002     --HOLE-- [fill = 0]
                  0000b018    0000007c     sysbios.aem4f : BIOS.obj (.text:ti_sysbios_family_arm_lm4_Timer_disableTiva__I)
                  0000b094    0000007a     driverlib.lib : adc.obj (.text:ADCSequenceStepConfigure)
                  0000b10e    0000007a     drivers_tivaware.aem4f : UARTTiva.oem4f (.text:readTaskCallback)
                  0000b188    0000007a     rtsv7M4_T_le_v4SPD16_eabi.lib : memset_t2.asm.obj (.text)
                  0000b202    00000006     grlib.lib : string.obj (.text:GrContextFontSet)
                  0000b208    00000074     sysbios.aem4f : BIOS.obj (.text:ti_sysbios_knl_Clock_start__E)
                  0000b27c    00000070     empty.obj (.text:GraphPage)
                  0000b2ec    00000004     empty_pem4f.oem4f (.text:ti_sysbios_knl_Clock_TimerProxy_getFreq__E)
                  0000b2f0    00000070     sysbios.aem4f : BIOS.obj (.text:ti_sysbios_knl_Clock_workFunc__E)
                  0000b360    00000070                   : BIOS.obj (.text:ti_sysbios_knl_Task_exit__E)
                  0000b3d0    0000006e     rtsv7M4_T_le_v4SPD16_eabi.lib : _printfi.c.obj (.text:_mcpy)
                  0000b43e    00000002     --HOLE-- [fill = 0]
                  0000b440    0000006d     ti.targets.arm.rtsarm.aem4f : System.oem4f (.text:xdc_runtime_System_formatNum__I)
                  0000b4ad    00000003     --HOLE-- [fill = 0]
                  0000b4b0    0000006c     empty.obj (.text:CalcAvg)
                  0000b51c    0000006c     drivers_tivaware.aem4f : PWMTimerTiva.oem4f (.text:PWMTimerTiva_control)
                  0000b588    0000006c     empty_pem4f.oem4f (.text:ti_sysbios_family_arm_lm4_Timer_Object__create__S)
                  0000b5f4    00000004     empty_pem4f.oem4f (.text:ti_sysbios_knl_Clock_TimerProxy_getMaxTicks__E)
                  0000b5f8    0000006c     sysbios.aem4f : BIOS.obj (.text:ti_sysbios_knl_Swi_restoreHwi__E)
                  0000b664    0000006c     drivers_tivaware.aem4f : UARTTiva.oem4f (.text:writeData)
                  0000b6d0    0000006c     ti.targets.arm.rtsarm.aem4f : Error.oem4f (.text:xdc_runtime_Error_print__E)
                  0000b73c    0000006c                                 : Memory.oem4f (.text:xdc_runtime_Memory_alloc__E)
                  0000b7a8    0000006a     drivers_tivaware.aem4f : PWMTiva.oem4f (.text:PWMTiva_close)
                  0000b812    00000002     --HOLE-- [fill = 0]
                  0000b814    00000068     EK_TM4C1294XL.obj (.text:EK_TM4C1294XL_initI2C)
                  0000b87c    00000068     grlib.lib : context.obj (.text:GrContextInit)
                  0000b8e4    00000068               : string.obj (.text:GrStringWidthGet)
                  0000b94c    00000068     driverlib.lib : interrupt.obj (.text:IntEnable)
                  0000b9b4    00000068     Kentec320x240x16_ssd2119_spi.obj (.text:Kentec320x240x16_SSD2119LineDrawH)
                  0000ba1c    00000068     Kentec320x240x16_ssd2119_spi.obj (.text:Kentec320x240x16_SSD2119LineDrawV)
                  0000ba84    00000068     rtsv7M4_T_le_v4SPD16_eabi.lib : copy_decompress_lzss.c.obj (.text:decompress:lzss:__TI_decompress_lzss)
                  0000baec    00000066     grlib.lib : context.obj (.text:GrContextClipRegionSet)
                  0000bb52    00000066               : rectangle.obj (.text:GrRectDraw)
                  0000bbb8    00000066     ti.targets.arm.rtsarm.aem4f : Core-mem.oem4f (.text:xdc_runtime_Core_deleteObject__I)
                  0000bc1e    00000002     --HOLE-- [fill = 0]
                  0000bc20    00000064     drivers_tivaware.aem4f : GPIOTiva.oem4f (.text:GPIO_hwiIntFxn)
                  0000bc84    00000064     grlib.lib : widget.obj (.text:WidgetMessageQueueProcess)
                  0000bce8    00000064     rtsv7M4_T_le_v4SPD16_eabi.lib : s_frexp.c.obj (.text:frexp)
                  0000bd4c    00000004     empty_pem4f.oem4f (.text:ti_sysbios_knl_Clock_TimerProxy_getPeriod__E)
                  0000bd50    00000064     sysbios.aem4f : BIOS.obj (.text:ti_sysbios_family_arm_lm4_Timer_Module_startup__E)
                  0000bdb4    00000064     empty_pem4f.oem4f (.text:ti_sysbios_family_arm_m3_Hwi_create)
                  0000be18    00000064     sysbios.aem4f : BIOS.obj (.text:ti_sysbios_family_arm_m3_Hwi_dispatchC__I)
                  0000be7c    00000064     empty_pem4f.oem4f (.text:ti_sysbios_hal_Timer_create)
                  0000bee0    00000064     Clock.obj (.text:timer1sec)
                  0000bf44    00000062     drivers_tivaware.aem4f : I2CTiva.oem4f (.text:I2CTiva_primeTransfer)
                  0000bfa6    00000002     --HOLE-- [fill = 0]
                  0000bfa8    00000060     driverlib.lib : timer.obj (.text:TimerConfigure)
                  0000c008    00000060     Kentec320x240x16_ssd2119_spi.obj (.text:WriteDataSPI)
                  0000c068    00000060     sysbios.aem4f : BIOS.obj (.text:ti_sysbios_knl_Task_schedule__I)
                  0000c0c8    0000005e     grlib.lib : widget.obj (.text:WidgetMessageSendPreOrder)
                  0000c126    0000005e     drivers_tivaware.aem4f : UARTTiva.oem4f (.text:readIsrBinaryBlocking)
                  0000c184    0000005c     Kentec320x240x16_ssd2119_spi.obj (.text:WriteCommandSPI)
                  0000c1e0    0000005c     sysbios.aem4f : BIOS.obj (.text:ti_sysbios_knl_Swi_run__I)
                  0000c23c    00000004     empty_pem4f.oem4f (.text:ti_sysbios_knl_Clock_destruct)
                  0000c240    0000005c     sysbios.aem4f : BIOS.obj (.text:ti_sysbios_knl_Swi_schedule__I)
                  0000c29c    00000004     empty_pem4f.oem4f (.text:ti_sysbios_knl_Queue_destruct)
                  0000c2a0    0000005c     sysbios.aem4f : BIOS.obj (.text:ti_sysbios_knl_Task_Module_startup__E)
                  0000c2fc    00000004     empty_pem4f.oem4f (.text:ti_sysbios_knl_Semaphore_destruct)
                  0000c300    0000005c     sysbios.aem4f : BIOS.obj (.text:ti_sysbios_knl_Task_startCore__E)
                  0000c35c    0000005b     ti.targets.arm.rtsarm.aem4f : Text.oem4f (.text:xdc_runtime_Text_putLab__E)
                  0000c3b7    00000001     --HOLE-- [fill = 0]
                  0000c3b8    0000005a     grlib.lib : string.obj (.text:FontWideGlyphDataGet)
                  0000c412    00000002     --HOLE-- [fill = 0]
                  0000c414    00000058     boot.aem4f : boot.oem4f (.text)
                  0000c46c    00000058     rtsv7M4_T_le_v4SPD16_eabi.lib : hostwrite.c.obj (.text:HOSTwrite)
                  0000c4c4    00000058     grlib.lib : slider.obj (.text:SliderPositionToValue)
                  0000c51c    00000058     driverlib.lib : timer.obj (.text:TimerControlTrigger)
                  0000c574    00000004     ti.targets.arm.rtsarm.aem4f : Error.oem4f (.text:xdc_runtime_Error_getSite__E)
                  0000c578    00000058     sysbios.aem4f : BIOS.obj (.text:ti_sysbios_family_arm_lm4_Timer_Instance_finalize__E)
                  0000c5d0    00000058     empty_pem4f.oem4f (.text:ti_sysbios_family_arm_m3_Hwi_construct)
                  0000c628    00000058     sysbios.aem4f : m3_Hwi_asm_switch.obj (.text:ti_sysbios_family_arm_m3_Hwi_initStacks__E)
                  0000c680    00000058     ustdlib.obj (.text:ustrncpy)
                  0000c6d8    00000056     driverlib.lib : gpio.obj (.text:GPIOIntTypeSet)
                  0000c72e    00000056     rtsv7M4_T_le_v4SPD16_eabi.lib : _printfi.c.obj (.text:_pconv_f)
                  0000c784    00000054                                   : _ltoa.c.obj (.text:__TI_ltoa)
                  0000c7d8    00000054     drivers_tivaware.aem4f : UARTTiva.oem4f (.text:readIsrBinaryCallback)
                  0000c82c    00000004     empty_pem4f.oem4f (.text:xdc_runtime_System_Module_GateProxy_enter__E)
                  0000c830    00000054     sysbios.aem4f : BIOS.obj (.text:ti_sysbios_family_arm_lm4_Timer_initDevice__I)
                  0000c884    00000054     empty_pem4f.oem4f (.text:ti_sysbios_knl_Task_construct)
                  0000c8d8    00000054     ti.targets.arm.rtsarm.aem4f : Assert.oem4f (.text:xdc_runtime_Assert_raise__I)
                  0000c92c    00000052     rtsv7M4_T_le_v4SPD16_eabi.lib : _printfi.c.obj (.text:_ecpy)
                  0000c97e    00000002     --HOLE-- [fill = 0]
                  0000c980    00000050     empty.obj (.text:BackMainMotorPage)
                  0000c9d0    00000050     grlib.lib : checkbox.obj (.text:CheckBoxClick)
                  0000ca20    00000050     drivers_tivaware.aem4f : GPIOTiva.oem4f (.text:GPIO_setCallback)
                  0000ca70    00000050                            : GPIOTiva.oem4f (.text:GPIO_toggle)
                  0000cac0    00000050                            : GPIOTiva.oem4f (.text:GPIO_write)
                  0000cb10    00000050                            : UARTTiva.oem4f (.text:UARTTiva_writeCancel)
                  0000cb60    00000050     Boot.aem4f : Boot_sysctl.oem4f (.text:_SysCtlFrequencyGet)
                  0000cbb0    00000050     sysbios.aem4f : BIOS.obj (.text:ti_sysbios_family_arm_m3_Hwi_Module_startup__E)
                  0000cc00    00000050     ti.targets.arm.rtsarm.aem4f : Startup.oem4f (.text:xdc_runtime_Startup_exec__E)
                  0000cc50    00000050                                 : Text.oem4f (.text:xdc_runtime_Text_visitRope2__I)
                  0000cca0    0000004c     drivers_tivaware.aem4f : UARTTiva.oem4f (.text:UARTTiva_close)
                  0000ccec    0000004c     grlib.lib : widget.obj (.text:WidgetRemove)
                  0000cd38    0000004c     rtsv7M4_T_le_v4SPD16_eabi.lib : atoi.c.obj (.text:atoi)
                  0000cd84    0000004c                                   : cpy_tbl.c.obj (.text:copy_in)
                  0000cdd0    0000004c     sysbios.aem4f : BIOS.obj (.text:ti_sysbios_family_arm_lm4_Timer_setAvailMask__E)
                  0000ce1c    00000004     empty_pem4f.oem4f (.text:xdc_runtime_System_Module_GateProxy_leave__E)
                  0000ce20    0000004c     sysbios.aem4f : BIOS.obj (.text:ti_sysbios_heaps_HeapMem_getStats__E)
                  0000ce6c    00000004     ti.targets.arm.rtsarm.aem4f : System.oem4f (.text:xdc_runtime_System_aprintf_va__F)
                  0000ce70    0000004c     sysbios.aem4f : BIOS.obj (.text:ti_sysbios_knl_Swi_runLoop__I)
                  0000cebc    00000004     ti.targets.arm.rtsarm.aem4f : System.oem4f (.text:xdc_runtime_System_printf_va__F)
                  0000cec0    0000004c     sysbios.aem4f : BIOS.obj (.text:ti_sysbios_knl_Task_allBlockedFunction__I)
                  0000cf0c    0000004a     drivers_tivaware.aem4f : PWMTimerTiva.oem4f (.text:PWMTimerTiva_close)
                  0000cf56    0000004a     grlib.lib : string.obj (.text:UpdateContextCharMapping)
                  0000cfa0    00000048     driverlib.lib : gpio.obj (.text:GPIOPinConfigure)
                  0000cfe8    00000048                   : i2c.obj (.text:I2CMasterInitExpClk)
                  0000d030    00000048     rtsv7M4_T_le_v4SPD16_eabi.lib : fd_toi_t2.asm.obj (.text)
                  0000d078    00000048     sysbios.aem4f : BIOS.obj (.text:ti_sysbios_family_arm_lm4_Timer_enableTimers__I)
                  0000d0c0    00000048                   : BIOS.obj (.text:ti_sysbios_family_arm_m3_Hwi_disableInterrupt__E)
                  0000d108    00000048                   : BIOS.obj (.text:ti_sysbios_family_arm_m3_Hwi_enableInterrupt__E)
                  0000d150    00000048                   : BIOS.obj (.text:ti_sysbios_family_arm_m3_Hwi_excReserved__I)
                  0000d198    00000048                   : BIOS.obj (.text:ti_sysbios_hal_SecondsClock_increment__I)
                  0000d1e0    00000046     grlib.lib : line.obj (.text:GrLineDrawH)
                  0000d226    00000046               : line.obj (.text:GrLineDrawV)
                  0000d26c    00000046     Kentec320x240x16_ssd2119_spi.obj (.text:Kentec320x240x16_SSD2119PixelDraw)
                  0000d2b2    00000046     drivers_tivaware.aem4f : RingBuf.oem4f (.text:RingBuf_put)
                  0000d2f8    00000046     UARTLocal.obj (.text:initUART)
                  0000d33e    00000046     ti.targets.arm.rtsarm.aem4f : Core-params.oem4f (.text:xdc_runtime_Core_assignParams__I)
                  0000d384    00000004     --HOLE-- [fill = 0]
                  0000d388    00000044     sysbios.aem4f : BIOS.obj (.text:ti_sysbios_family_arm_lm4_Timer_isrStub__E)
                  0000d3cc    00000004     --HOLE-- [fill = 0]
                  0000d3d0    00000044                   : BIOS.obj (.text:ti_sysbios_family_arm_m3_Hwi_getStackInfo__E)
                  0000d414    00000004     --HOLE-- [fill = 0]
                  0000d418    00000044                   : BIOS.obj (.text:ti_sysbios_knl_Swi_post__E)
                  0000d45c    00000044     ti.targets.arm.rtsarm.aem4f : Error.oem4f (.text:xdc_runtime_Error_setX__E)
                  0000d4a0    00000044                                 : SysMin.oem4f (.text:xdc_runtime_SysMin_flush__E)
                  0000d4e4    00000044                                 : Text.oem4f (.text:xdc_runtime_Text_xprintf__I)
                  0000d528    00000042     driverlib.lib : uart.obj (.text:UARTConfigSetExpClk)
                  0000d56a    00000042     drivers_tivaware.aem4f : UARTTiva.oem4f (.text:UARTTiva_hwiIntFxn)
                  0000d5ac    00000042                            : UARTTiva.oem4f (.text:UARTTiva_writePolling)
                  0000d5ee    00000040                            : RingBuf.oem4f (.text:RingBuf_get)
                  0000d62e    00000040                            : UARTTiva.oem4f (.text:UARTTiva_read)
                  0000d66e    00000040     rtsv7M4_T_le_v4SPD16_eabi.lib : u_divt2.asm.obj (.text)
                  0000d6ae    00000002     --HOLE-- [fill = 0]
                  0000d6b0    00000040                                   : sprintf.c.obj (.text:sprintf)
                  0000d6f0    00000040     sysbios.aem4f : BIOS.obj (.text:ti_sysbios_family_arm_lm4_Timer_startup__E)
                  0000d730    00000040                   : BIOS.obj (.text:ti_sysbios_hal_SecondsClock_getTime__E)
                  0000d770    0000003e     driverlib.lib : adc.obj (.text:ADCSequenceConfigure)
                  0000d7ae    0000003e     rtsv7M4_T_le_v4SPD16_eabi.lib : _printfi.c.obj (.text:_fcpy)
                  0000d7ec    0000003c     empty.obj (.text:CalcNoRemainder)
                  0000d828    0000003c     driverlib.lib : ssi.obj (.text:SSIConfigSetExpClk)
                  0000d864    00000004     --HOLE-- [fill = 0]
                  0000d868    0000003c     sysbios.aem4f : BIOS.obj (.text:ti_sysbios_family_arm_m3_Hwi_excSvCall__I)
                  0000d8a4    00000004     --HOLE-- [fill = 0]
                  0000d8a8    0000003c                   : BIOS.obj (.text:ti_sysbios_heaps_HeapMem_init__I)
                  0000d8e4    00000004     --HOLE-- [fill = 0]
                  0000d8e8    0000003c                   : BIOS.obj (.text:ti_sysbios_knl_Swi_restore__E)
                  0000d924    0000003a     grlib.lib : string.obj (.text:FontGlyphDataGet)
                  0000d95e    0000003a     drivers_tivaware.aem4f : I2CTiva.oem4f (.text:I2CTiva_completeTransfer)
                  0000d998    00000038     grlib.lib : rectangle.obj (.text:GrRectOverlapCheck)
                  0000d9d0    00000038     drivers_tivaware.aem4f : I2C.oem4f (.text:I2C_init)
                  0000da08    00000038                            : PWM.oem4f (.text:PWM_init)
                  0000da40    00000038     empty.obj (.text:RemoveGraphSelect)
                  0000da78    00000038     driverlib.lib : sysctl.obj (.text:SysCtlPeripheralReady)
                  0000dab0    00000038     drivers_tivaware.aem4f : UART.oem4f (.text:UART_init)
                  0000dae8    00000038     rtsv7M4_T_le_v4SPD16_eabi.lib : trgmsg.c.obj (.text:__TI_writemsg)
                  0000db20    00000038                                   : fs_tod_t2.asm.obj (.text)
                  0000db58    00000038     sysbios.aem4f : BIOS.obj (.text:ti_sysbios_family_arm_m3_Hwi_excNoIsr__I)
                  0000db90    00000038                   : BIOS.obj (.text:ti_sysbios_knl_Task_processVitalTaskFlag__I)
                  0000dbc8    00000038     ti.targets.arm.rtsarm.aem4f : SysMin.oem4f (.text:xdc_runtime_SysMin_putch__E)
                  0000dc00    00000038                                 : System.oem4f (.text:xdc_runtime_System_atexit__E)
                  0000dc38    00000036     grlib.lib : line.obj (.text:GrClipCodeGet)
                  0000dc6e    00000036     drivers_tivaware.aem4f : I2CTiva.oem4f (.text:I2CTiva_close)
                  0000dca4    00000036                            : UARTTiva.oem4f (.text:UARTTiva_readCancel)
                  0000dcda    00000002     --HOLE-- [fill = 0]
                  0000dcdc    00000034     driverlib.lib : sysctl.obj (.text:SysCtlPeripheralEnable)
                  0000dd10    00000034     rtsv7M4_T_le_v4SPD16_eabi.lib : trgmsg.c.obj (.text:__TI_readmsg)
                  0000dd44    00000004     --HOLE-- [fill = 0]
                  0000dd48    00000034     sysbios.aem4f : BIOS.obj (.text:ti_sysbios_family_arm_lm4_Timer_setPeriodMicroSecs__E)
                  0000dd7c    00000004     --HOLE-- [fill = 0]
                  0000dd80    00000034                   : BIOS.obj (.text:ti_sysbios_family_arm_m3_Hwi_Instance_finalize__E)
                  0000ddb4    00000004     --HOLE-- [fill = 0]
                  0000ddb8    00000034                   : BIOS.obj (.text:ti_sysbios_family_arm_m3_Hwi_excNmi__I)
                  0000ddec    00000004     --HOLE-- [fill = 0]
                  0000ddf0    00000034                   : BIOS.obj (.text:ti_sysbios_hal_Hwi_checkStack)
                  0000de24    00000034     empty_pem4f.oem4f (.text:ti_sysbios_knl_Clock_construct)
                  0000de58    00000034     ti.targets.arm.rtsarm.aem4f : Core-label.oem4f (.text:xdc_runtime_Core_assignLabel__I)
                  0000de8c    00000033                                 : Text.oem4f (.text:xdc_runtime_Text_printVisFxn__I)
                  0000debf    00000001     --HOLE-- [fill = 0]
                  0000dec0    00000032     sysbios.aem4f : BIOS.obj (.text:ti_sysbios_hal_Hwi_initStack)
                  0000def2    00000032     ustdlib.obj (.text:usprintf)
                  0000df24    00000030     drivers_tivaware.aem4f : PWMTiva.oem4f (.text:PWMTiva_init)
                  0000df54    00000030                            : PWM.oem4f (.text:PWM_open)
                  0000df84    00000030                            : UART.oem4f (.text:UART_open)
                  0000dfb4    00000030     empty_pem4f.oem4f (.text:ti_sysbios_BIOS_atExitFunc__I)
                  0000dfe4    00000004     --HOLE-- [fill = 0]
                  0000dfe8    00000030     sysbios.aem4f : BIOS.obj (.text:ti_sysbios_family_arm_lm4_Timer_stop__E)
                  0000e018    00000030                   : BIOS.obj (.text:ti_sysbios_family_arm_m3_TaskSupport_start__E)
                  0000e048    00000030     empty_pem4f.oem4f (.text:ti_sysbios_gates_GateHwi_Object__create__S)
                  0000e078    00000030     empty_pem4f.oem4f (.text:ti_sysbios_gates_GateMutex_Object__create__S)
                  0000e0a8    00000030     empty_pem4f.oem4f (.text:ti_sysbios_heaps_HeapMem_Object__create__S)
                  0000e0d8    00000030     empty_pem4f.oem4f (.text:ti_sysbios_knl_Semaphore_construct)
                  0000e108    00000030     sysbios.aem4f : BIOS.obj (.text:ti_sysbios_knl_Semaphore_pendTimeout__I)
                  0000e138    00000030                   : BIOS.obj (.text:ti_sysbios_knl_Task_unblockI__E)
                  0000e168    00000030     ti.targets.arm.rtsarm.aem4f : SysMin.oem4f (.text:xdc_runtime_SysMin_abort__E)
                  0000e198    00000030                                 : System.oem4f (.text:xdc_runtime_System_processAtExit__E)
                  0000e1c8    0000002e     grlib.lib : checkbox.obj (.text:CheckBoxMsgProc)
                  0000e1f6    0000002e               : string.obj (.text:GrStringNextCharGet)
                  0000e224    0000002e               : radiobutton.obj (.text:RadioButtonMsgProc)
                  0000e252    0000002e     rtsv7M4_T_le_v4SPD16_eabi.lib : i_tofd_t2.asm.obj (.text)
                  0000e280    0000002c     EK_TM4C1294XL.obj (.text:EK_TM4C1294XL_initUART)
                  0000e2ac    0000002c     grlib.lib : string.obj (.text:GrFontBaselineGet)
                  0000e2d8    0000002c               : string.obj (.text:GrFontHeightGet)
                  0000e304    0000002c               : pushbutton.obj (.text:RectangularButtonMsgProc)
                  0000e330    0000002c               : slider.obj (.text:SliderMsgProc)
                  0000e35c    0000002c               : widget.obj (.text:WidgetIsInTree)
                  0000e388    0000002c     empty_pem4f.oem4f (.text:ti_sysbios_knl_Clock_doTick__I)
                  0000e3b4    0000002c     empty_pem4f.oem4f (.text:ti_sysbios_knl_Queue_construct)
                  0000e3e0    0000002c     sysbios.aem4f : BIOS.obj (.text:ti_sysbios_knl_Task_restore__E)
                  0000e40c    0000002c     ti.targets.arm.rtsarm.aem4f : Text.oem4f (.text:xdc_runtime_Text_cordText__E)
                  0000e438    0000002a     driverlib.lib : gpio.obj (.text:GPIODirModeSet)
                  0000e462    0000002a     ti.targets.arm.rtsarm.aem4f : System.oem4f (.text:xdc_runtime_System_putchar__I)
                  0000e48c    00000028     Kentec320x240x16_ssd2119_spi.obj (.text:Kentec320x240x16_SSD2119ColorTranslate)
                  0000e4b4    00000004     --HOLE-- [fill = 0]
                  0000e4b8    00000028     sysbios.aem4f : BIOS.obj (.text:ti_sysbios_hal_Timer_Instance_init__E)
                  0000e4e0    00000028                   : BIOS.obj (.text:ti_sysbios_knl_Clock_addI__E)
                  0000e508    00000028                   : BIOS.obj (.text:ti_sysbios_knl_Swi_Module_startup__E)
                  0000e530    00000026     grlib.lib : string.obj (.text:GrFontInfoGet)
                  0000e556    00000026     sysbios.aem4f : m3_Hwi_asm.obj (.text:ti_sysbios_family_arm_m3_Hwi_pendSV__I)
                  0000e57c    00000026     ti.targets.arm.rtsarm.aem4f : System.oem4f (.text:xdc_runtime_System_avprintf__E)
                  0000e5a2    00000002     --HOLE-- [fill = 0]
                  0000e5a4    00000024     empty.obj (.text:RemoveMainPage)
                  0000e5c8    00000024     empty.obj (.text:removeSensorPage)
                  0000e5ec    00000024     empty_pem4f.oem4f (.text:ti_sysbios_BIOS_errorRaiseHook__I)
                  0000e610    00000024     empty_pem4f.oem4f (.text:ti_sysbios_BIOS_registerRTSLock__I)
                  0000e634    00000024     empty_pem4f.oem4f (.text:ti_sysbios_BIOS_removeRTSLock__I)
                  0000e658    00000024     empty_pem4f.oem4f (.text:ti_sysbios_BIOS_startFunc__I)
                  0000e67c    00000024     empty_pem4f.oem4f (.text:ti_sysbios_gates_GateMutex_Object__delete__S)
                  0000e6a0    00000024     sysbios.aem4f : BIOS.obj (.text:ti_sysbios_knl_Clock_Module_startup__E)
                  0000e6c4    00000004     --HOLE-- [fill = 0]
                  0000e6c8    00000024                   : BIOS.obj (.text:ti_sysbios_knl_Task_restoreHwi__E)
                  0000e6ec    00000024     ti.targets.arm.rtsarm.aem4f : System.oem4f (.text:xdc_runtime_System_vprintf__E)
                  0000e710    00000022     grlib.lib : string.obj (.text:GrFontGlyphDataGet)
                  0000e732    00000022     driverlib.lib : pwm.obj (.text:PWMGenConfigure)
                  0000e754    00000022     drivers_tivaware.aem4f : PWMTiva.oem4f (.text:PWMTiva_getPeriodCounts)
                  0000e776    00000002     --HOLE-- [fill = 0]
                  0000e778    00000022     sysbios.aem4f : BIOS.obj (.text:ti_sysbios_family_arm_lm4_Timer_write__I)
                  0000e79a    00000022     empty_pem4f.oem4f (.text:xdc_runtime_SysMin_output__I)
                  0000e7bc    00000020     Boot.aem4f : Boot_sysctl.oem4f (.text:_SysCtlMemTimingGet)
                  0000e7dc    00000020     rtsv7M4_T_le_v4SPD16_eabi.lib : u_tofd_t2.asm.obj (.text)
                  0000e7fc    00000020     empty_pem4f.oem4f (.text:ti_sysbios_BIOS_rtsLock__I)
                  0000e81c    00000020     empty_pem4f.oem4f (.text:ti_sysbios_family_arm_lm4_Timer_Object__delete__S)
                  0000e83c    00000004     --HOLE-- [fill = 0]
                  0000e840    00000020     sysbios.aem4f : BIOS.obj (.text:ti_sysbios_family_arm_lm4_Timer_getFreq__E)
                  0000e860    00000020     empty_pem4f.oem4f (.text:ti_sysbios_family_arm_m3_Hwi_Object__delete__S)
                  0000e880    00000020     sysbios.aem4f : m3_Hwi_asm.obj (.text:ti_sysbios_family_arm_m3_Hwi_excHandlerAsm__I)
                  0000e8a0    00000020                   : BIOS.obj (.text:ti_sysbios_family_arm_m3_Hwi_excHandler__I)
                  0000e8c0    00000020     empty_pem4f.oem4f (.text:ti_sysbios_gates_GateHwi_Object__delete__S)
                  0000e8e0    00000020     empty_pem4f.oem4f (.text:ti_sysbios_heaps_HeapMem_Object__delete__S)
                  0000e900    00000020     empty_pem4f.oem4f (.text:ti_sysbios_knl_Clock_Object__destruct__S)
                  0000e920    00000020     sysbios.aem4f : BIOS.obj (.text:ti_sysbios_knl_Idle_run__E)
                  0000e940    00000020     empty_pem4f.oem4f (.text:ti_sysbios_knl_Semaphore_Object__destruct__S)
                  0000e960    00000020     ti.targets.arm.rtsarm.aem4f : Registry.oem4f (.text:xdc_runtime_Registry_findById__E)
                  0000e980    00000020                                 : SysMin.oem4f (.text:xdc_runtime_SysMin_Module_startup__E)
                  0000e9a0    0000001e     grlib.lib : string.obj (.text:GrFontCodepageGet)
                  0000e9be    0000001e     driverlib.lib : pwm.obj (.text:PWMPulseWidthSet)
                  0000e9dc    0000001e     drivers_tivaware.aem4f : PWMTiva.oem4f (.text:PWMTiva_getPeriodMicroSecs)
                  0000e9fa    0000001e     grlib.lib : widget.obj (.text:WidgetAdd)
                  0000ea18    0000001e     sysbios.aem4f : m3_Hwi_asm_switch.obj (.text:ti_sysbios_family_xxx_Hwi_switchAndRunFunc)
                  0000ea36    0000001e     Clock.obj (.text:updatetime)
                  0000ea54    0000001c     driverlib.lib : uart.obj (.text:UARTDisable)
                  0000ea70    0000001c     grlib.lib : widget.obj (.text:WidgetPointerMessage)
                  0000ea8c    0000001c     drivers_tivaware.aem4f : GPIOTiva.oem4f (.text:getGpioIntIndex)
                  0000eaa8    0000001c     rtsv7M4_T_le_v4SPD16_eabi.lib : memccpy.c.obj (.text:memccpy)
                  0000eac4    0000001c     empty_pem4f.oem4f (.text:ti_sysbios_family_arm_m3_Hwi_Object__destruct__S)
                  0000eae0    0000001c     sysbios.aem4f : BIOS.obj (.text:ti_sysbios_gates_GateMutex_Instance_init__E)
                  0000eafc    0000001c     empty_pem4f.oem4f (.text:ti_sysbios_hal_Timer_TimerProxy_create)
                  0000eb18    0000001c     empty_pem4f.oem4f (.text:ti_sysbios_knl_Queue_Object__destruct__S)
                  0000eb34    00000004     --HOLE-- [fill = 0]
                  0000eb38    0000001c     sysbios.aem4f : BIOS.obj (.text:ti_sysbios_knl_Queue_put__E)
                  0000eb54    00000004     --HOLE-- [fill = 0]
                  0000eb58    0000001c                   : BIOS.obj (.text:ti_sysbios_knl_Task_enter__I)
                  0000eb74    0000001c     ti.targets.arm.rtsarm.aem4f : Error.oem4f (.text:xdc_runtime_Error_raiseX__E)
                  0000eb90    0000001c                                 : Memory.oem4f (.text:xdc_runtime_Memory_valloc__E)
                  0000ebac    0000001c                                 : SysMin.oem4f (.text:xdc_runtime_SysMin_exit__E)
                  0000ebc8    0000001c                                 : System.oem4f (.text:xdc_runtime_System_abort__E)
                  0000ebe4    0000001a     rtsv7M4_T_le_v4SPD16_eabi.lib : s_copysign.c.obj (.text:copysign)
                  0000ebfe    0000001a     empty_pem4f.oem4f (.text:ti_sysbios_family_arm_m3_Hwi_Handle__label__S)
                  0000ec18    0000001a     empty_pem4f.oem4f (.text:ti_sysbios_gates_GateHwi_Handle__label__S)
                  0000ec32    0000001a     empty_pem4f.oem4f (.text:ti_sysbios_gates_GateMutex_Handle__label__S)
                  0000ec4c    0000001a     empty_pem4f.oem4f (.text:ti_sysbios_heaps_HeapMem_Handle__label__S)
                  0000ec66    0000001a     empty_pem4f.oem4f (.text:ti_sysbios_knl_Swi_Handle__label__S)
                  0000ec80    0000001a     empty_pem4f.oem4f (.text:ti_sysbios_knl_Task_Handle__label__S)
                  0000ec9a    0000001a     empty_pem4f.oem4f (.text:xdc_runtime_System_aprintf__E)
                  0000ecb4    0000001a     empty_pem4f.oem4f (.text:xdc_runtime_System_printf__E)
                  0000ecce    00000018     driverlib.lib : gpio.obj (.text:GPIOPinTypeGPIOOutput)
                  0000ece6    00000002     --HOLE-- [fill = 0]
                  0000ece8    00000018     empty.obj (.text:RemoveGraph)
                  0000ed00    00000018     driverlib.lib : timer.obj (.text:TimerControlLevel)
                  0000ed18    00000018     drivers_tivaware.aem4f : UART.oem4f (.text:UART_Params_init)
                  0000ed30    00000018     rtsv7M4_T_le_v4SPD16_eabi.lib : args_main.c.obj (.text:_args_main)
                  0000ed48    00000018                                   : sprintf.c.obj (.text:_outs)
                  0000ed60    00000018     empty_pem4f.oem4f (.text:ti_sysbios_BIOS_rtsUnlock__I)
                  0000ed78    00000018     empty_pem4f.oem4f (.text:ti_sysbios_family_arm_lm4_Timer_Module__startupDone__F)
                  0000ed90    00000018     empty_pem4f.oem4f (.text:ti_sysbios_family_arm_m3_Hwi_Module__startupDone__F)
                  0000eda8    00000018     sysbios.aem4f : m3_TaskSupport_asm.obj (.text:ti_sysbios_family_arm_m3_TaskSupport_swap__E)
                  0000edc0    00000018                   : BIOS.obj (.text:ti_sysbios_gates_GateMutex_leave__E)
                  0000edd8    00000018     empty_pem4f.oem4f (.text:ti_sysbios_knl_Clock_Module__startupDone__F)
                  0000edf0    00000018     sysbios.aem4f : BIOS.obj (.text:ti_sysbios_knl_Task_sleepTimeout__I)
                  0000ee08    00000018     ti.targets.arm.rtsarm.aem4f : Error.oem4f (.text:xdc_runtime_Error_check__E)
                  0000ee20    00000018                                 : System.oem4f (.text:xdc_runtime_System_exit__E)
                  0000ee38    00000018                                 : Text.oem4f (.text:xdc_runtime_Text_ropeText__E)
                  0000ee50    00000016     grlib.lib : string.obj (.text:GrStringDraw)
                  0000ee66    00000016     driverlib.lib : i2c.obj (.text:I2CMasterErr)
                  0000ee7c    00000016     empty.obj (.text:MotorInit)
                  0000ee92    00000016     rtsv7M4_T_le_v4SPD16_eabi.lib : strchr.c.obj (.text:strchr)
                  0000eea8    00000016     empty_pem4f.oem4f (.text:ti_sysbios_BIOS_exitFunc__I)
                  0000eebe    00000016     Clock.obj (.text:ti_sysbios_hal_Timer_Params_init)
                  0000eed4    00000016     empty.obj (.text:ti_sysbios_knl_Task_Params_init)
                  0000eeea    00000014     grlib.lib : canvas.obj (.text:CanvasMsgProc)
                  0000eefe    00000014               : container.obj (.text:ContainerMsgProc)
                  0000ef12    00000002     --HOLE-- [fill = 0]
                  0000ef14    00000014     Kentec320x240x16_ssd2119_spi.obj (.text:LED_OFF)
                  0000ef28    00000014     Kentec320x240x16_ssd2119_spi.obj (.text:LED_ON)
                  0000ef3c    00000014     driverlib.lib : pwm.obj (.text:PWMClockSet)
                  0000ef50    00000014                   : sysctl.obj (.text:SysCtlPWMClockSet)
                  0000ef64    00000014                   : timer.obj (.text:TimerDisable)
                  0000ef78    00000014     touch.obj (.text:TouchScreenCallbackSet)
                  0000ef8c    00000014     driverlib.lib : uart.obj (.text:UARTEnable)
                  0000efa0    00000014     grlib.lib : widget.obj (.text:WidgetMutexGet)
                  0000efb4    00000014     rtsv7M4_T_le_v4SPD16_eabi.lib : strlen.c.obj (.text:strlen)
                  0000efc8    00000014     empty_pem4f.oem4f (.text:ti_sysbios_family_arm_m3_Hwi_Object__get__S)
                  0000efdc    00000004     --HOLE-- [fill = 0]
                  0000efe0    00000014     sysbios.aem4f : BIOS.obj (.text:ti_sysbios_family_arm_m3_Hwi_switchFromBootStack__E)
                  0000eff4    00000014     empty_pem4f.oem4f (.text:ti_sysbios_heaps_HeapMem_Object__get__S)
                  0000f008    00000014     empty_pem4f.oem4f (.text:ti_sysbios_knl_Swi_Object__get__S)
                  0000f01c    00000012     driverlib.lib : gpio.obj (.text:GPIOPinTypeI2C)
                  0000f02e    00000012                   : gpio.obj (.text:GPIOPinTypeI2CSCL)
                  0000f040    00000012                   : gpio.obj (.text:GPIOPinTypePWM)
                  0000f052    00000012                   : gpio.obj (.text:GPIOPinTypeSSI)
                  0000f064    00000012                   : gpio.obj (.text:GPIOPinTypeTimer)
                  0000f076    00000012                   : gpio.obj (.text:GPIOPinTypeUART)
                  0000f088    00000012                   : pwm.obj (.text:PWMGenPeriodGet)
                  0000f09a    00000012                   : pwm.obj (.text:PWMOutputInvert)
                  0000f0ac    00000012                   : pwm.obj (.text:PWMOutputState)
                  0000f0be    00000012     drivers_tivaware.aem4f : RingBuf.oem4f (.text:RingBuf_construct)
                  0000f0d0    00000012     driverlib.lib : ssi.obj (.text:SSIDataGetNonBlocking)
                  0000f0e2    00000012                   : timer.obj (.text:TimerLoadSet)
                  0000f0f4    00000012                   : timer.obj (.text:TimerMatchSet)
                  0000f106    00000012                   : timer.obj (.text:TimerPrescaleMatchSet)
                  0000f118    00000012                   : timer.obj (.text:TimerPrescaleSet)
                  0000f12a    00000012     empty.obj (.text:TouchCheckTask)
                  0000f13c    00000004     --HOLE-- [fill = 0]
                  0000f140    00000012     sysbios.aem4f : BIOS.obj (.text:ti_sysbios_hal_Hwi_Module_startup__E)
                  0000f152    00000006     driverlib.lib : i2c.obj (.text:I2CMasterIntDisable)
                  0000f158    00000012     sysbios.aem4f : BIOS.obj (.text:ti_sysbios_hal_Timer_Module_startup__E)
                  0000f16a    00000012     rtsv7M4_T_le_v4SPD16_eabi.lib : wcslen.c.obj (.text:wcslen)
                  0000f17c    00000012     empty_pem4f.oem4f (.text:xdc_runtime_Startup_exec__I)
                  0000f18e    00000002     --HOLE-- [fill = 0]
                  0000f190    00000010     empty_pem4f.oem4f (.text:.bootCodeSection:ti_catalog_arm_cortexm4_tiva_ce_Boot_init__I)
                  0000f1a0    00000010     driverlib.lib : adc.obj (.text:ADCIntEnable)
                  0000f1b0    00000010                   : fpu.obj (.text:FPUEnable)
                  0000f1c0    00000010                   : fpu.obj (.text:FPULazyStackingEnable)
                  0000f1d0    00000010                   : pwm.obj (.text:PWMGenPeriodSet)
                  0000f1e0    00000010     drivers_tivaware.aem4f : PWM.oem4f (.text:PWM_Params_init)
                  0000f1f0    00000010                            : UARTTiva.oem4f (.text:readBlockingTimeout)
                  0000f200    00000010     sysbios.aem4f : BIOS.obj (.text:ti_sysbios_BIOS_getCpuFreq__E)
                  0000f210    00000010                   : BIOS.obj (.text:ti_sysbios_BIOS_setThreadType__E)
                  0000f220    00000010                   : BIOS.obj (.text:ti_sysbios_BIOS_start__E)
                  0000f230    00000010                   : BIOS.obj (.text:ti_sysbios_family_arm_lm4_TimestampProvider_rolloverFunc__E)
                  0000f240    00000010                   : m3_TaskSupport_asm.obj (.text:ti_sysbios_family_arm_m3_TaskSupport_glue)
                  0000f250    00000010                   : BIOS.obj (.text:ti_sysbios_gates_GateMutex_Instance_finalize__E)
                  0000f260    00000010     empty_pem4f.oem4f (.text:ti_sysbios_hal_Timer_TimerProxy_Object__create__S)
                  0000f270    00000010     sysbios.aem4f : BIOS.obj (.text:ti_sysbios_knl_Semaphore_Instance_finalize__E)
                  0000f280    00000010                   : BIOS.obj (.text:ti_sysbios_knl_Swi_disable__E)
                  0000f290    00000010     empty_pem4f.oem4f (.text:ti_sysbios_knl_Task_Object__get__S)
                  0000f2a0    00000010     sysbios.aem4f : BIOS.obj (.text:ti_sysbios_knl_Task_disable__E)
                  0000f2b0    00000010     driverlib.lib : udma.obj (.text:uDMAEnable)
                  0000f2c0    00000010     ti.targets.arm.rtsarm.aem4f : Gate.oem4f (.text:xdc_runtime_Gate_leaveSystem__E)
                  0000f2d0    00000010                                 : Memory.oem4f (.text:xdc_runtime_Memory_free__E)
                  0000f2e0    00000010                                 : SysMin.oem4f (.text:xdc_runtime_SysMin_ready__E)
                  0000f2f0    00000010                                 : System.oem4f (.text:xdc_runtime_System_vsnprintf__E)
                  0000f300    00000010     empty_pem4f.oem4f (.text:xdc_runtime_Text_visitRope__I)
                  0000f310    0000000e     driverlib.lib : adc.obj (.text:ADCSequenceEnable)
                  0000f31e    0000000e                   : gpio.obj (.text:GPIOIntStatus)
                  0000f32c    0000000e     grlib.lib : image.obj (.text:GrImageDraw)
                  0000f33a    0000000e     driverlib.lib : timer.obj (.text:TimerEnable)
                  0000f348    0000000e                   : uart.obj (.text:UARTCharGetNonBlocking)
                  0000f356    0000000e                   : uart.obj (.text:UARTCharPutNonBlocking)
                  0000f364    0000000e     rtsv7M4_T_le_v4SPD16_eabi.lib : copy_decompress_none.c.obj (.text:decompress:none:__TI_decompress_none)
                  0000f372    00000006     driverlib.lib : i2c.obj (.text:I2CMasterIntEnable)
                  0000f378    0000000e     sysbios.aem4f : BIOS.obj (.text:ti_sysbios_knl_Idle_loop__E)
                  0000f386    00000002     --HOLE-- [fill = 0]
                  0000f388    0000000e                   : BIOS.obj (.text:ti_sysbios_knl_Queue_empty__E)
                  0000f396    0000000c     empty.obj (.text:BackGraphSelect)
                  0000f3a2    0000000c     empty.obj (.text:BackMainGraph)
                  0000f3ae    0000000c     driverlib.lib : pwm.obj (.text:PWMGenDisable)
                  0000f3ba    0000000c                   : pwm.obj (.text:PWMGenEnable)
                  0000f3c6    0000000c     drivers_tivaware.aem4f : RingBuf.oem4f (.text:RingBuf_peek)
                  0000f3d2    0000000c     driverlib.lib : uart.obj (.text:UARTFlowControlSet)
                  0000f3de    0000000c     drivers_tivaware.aem4f : UARTTiva.oem4f (.text:UARTTiva_init)
                  0000f3ea    00000002     --HOLE-- [fill = 0]
                  0000f3ec    0000000c     rtsv7M4_T_le_v4SPD16_eabi.lib : _lock.c.obj (.text:_register_lock)
                  0000f3f8    0000000c                                   : _lock.c.obj (.text:_register_unlock)
                  0000f404    0000000c     empty.obj (.text:backMainSensor)
                  0000f410    0000000c     empty.obj (.text:btntest)
                  0000f41c    0000000c     rtsv7M4_T_le_v4SPD16_eabi.lib : copy_zero_init.c.obj (.text:decompress:ZI:__TI_zero_init)
                  0000f428    0000000c     sysbios.aem4f : BIOS.obj (.text:ti_sysbios_family_arm_lm4_Timer_getAvailMask__E)
                  0000f434    00000004     --HOLE-- [fill = 0]
                  0000f438    0000000c                   : BIOS.obj (.text:ti_sysbios_family_arm_lm4_Timer_getMaxTicks__E)
                  0000f444    00000004     --HOLE-- [fill = 0]
                  0000f448    0000000c                   : BIOS.obj (.text:ti_sysbios_family_arm_lm4_TimestampProvider_startTimer__E)
                  0000f454    0000000c     empty_pem4f.oem4f (.text:ti_sysbios_family_arm_m3_Hwi_Params__init__S)
                  0000f460    0000000c     sysbios.aem4f : BIOS.obj (.text:ti_sysbios_family_arm_m3_Hwi_disableFxn__E)
                  0000f46c    00000004     --HOLE-- [fill = 0]
                  0000f470    0000000c                   : BIOS.obj (.text:ti_sysbios_family_arm_m3_TaskSupport_checkStack__E)
                  0000f47c    00000004     --HOLE-- [fill = 0]
                  0000f480    0000000c                   : BIOS.obj (.text:ti_sysbios_family_arm_m3_TaskSupport_getStackAlignment__E)
                  0000f48c    00000004     --HOLE-- [fill = 0]
                  0000f490    0000000c                   : BIOS.obj (.text:ti_sysbios_gates_GateHwi_enter__E)
                  0000f49c    00000004     --HOLE-- [fill = 0]
                  0000f4a0    0000000c                   : BIOS.obj (.text:ti_sysbios_hal_SecondsClock_set__E)
                  0000f4ac    0000000c     empty_pem4f.oem4f (.text:ti_sysbios_hal_Timer_Params__init__S)
                  0000f4b8    0000000c     empty_pem4f.oem4f (.text:ti_sysbios_knl_Clock_Params__init__S)
                  0000f4c4    0000000c     empty_pem4f.oem4f (.text:ti_sysbios_knl_Queue_Object__get__S)
                  0000f4d0    0000000c     empty_pem4f.oem4f (.text:ti_sysbios_knl_Semaphore_Params__init__S)
                  0000f4dc    0000000c     empty_pem4f.oem4f (.text:ti_sysbios_knl_Task_Params__init__S)
                  0000f4e8    0000000c     driverlib.lib : udma.obj (.text:uDMAControlBaseSet)
                  0000f4f4    0000000c     ti.targets.arm.rtsarm.aem4f : Error.oem4f (.text:xdc_runtime_Error_init__E)
                  0000f500    0000000c                                 : Gate.oem4f (.text:xdc_runtime_Gate_enterSystem__E)
                  0000f50c    0000000c                                 : Memory.oem4f (.text:xdc_runtime_Memory_calloc__E)
                  0000f518    0000000c                                 : Memory.oem4f (.text:xdc_runtime_Memory_getMaxDefaultTypeAlign__E)
                  0000f524    0000000a     driverlib.lib : i2c.obj (.text:I2CMasterDisable)
                  0000f52e    0000000a                   : i2c.obj (.text:I2CMasterEnable)
                  0000f538    0000000a     drivers_tivaware.aem4f : I2CTiva.oem4f (.text:I2CTiva_init)
                  0000f542    0000000a     Kentec320x240x16_ssd2119_spi.obj (.text:Kentec320x240x16_SSD2119Flush)
                  0000f54c    0000000a     drivers_tivaware.aem4f : PWMTimerTiva.oem4f (.text:PWMTimerTiva_getPeriodCounts)
                  0000f556    0000000a                            : PWM.oem4f (.text:PWM_setDuty)
                  0000f560    0000000a     driverlib.lib : ssi.obj (.text:SSIDataPut)
                  0000f56a    0000000a                   : ssi.obj (.text:SSIEnable)
                  0000f574    0000000a                   : uart.obj (.text:UARTCharGet)
                  0000f57e    0000000a                   : uart.obj (.text:UARTCharPut)
                  0000f588    0000000a                   : uart.obj (.text:UARTIntDisable)
                  0000f592    0000000a                   : uart.obj (.text:UARTIntStatus)
                  0000f59c    0000000a     rtsv7M4_T_le_v4SPD16_eabi.lib : sprintf.c.obj (.text:_outc)
                  0000f5a6    00000002     --HOLE-- [fill = 0]
                  0000f5a8    0000000a     sysbios.aem4f : BIOS.obj (.text:ti_sysbios_hal_Timer_Instance_finalize__E)
                  0000f5b2    0000000a     empty_pem4f.oem4f (.text:xdc_runtime_IHeap_alloc)
                  0000f5bc    0000000a     empty_pem4f.oem4f (.text:xdc_runtime_IHeap_free)
                  0000f5c6    00000008     EK_TM4C1294XL.obj (.text:EK_TM4C1294XL_initGPIO)
                  0000f5ce    00000008     grlib.lib : charmap.obj (.text:GrMapISO8859_1_Unicode)
                  0000f5d6    00000008     driverlib.lib : i2c.obj (.text:I2CMasterIntClear)
                  0000f5de    00000008                   : i2c.obj (.text:I2CMasterSlaveAddrSet)
                  0000f5e6    00000008     drivers_tivaware.aem4f : I2CTiva.oem4f (.text:I2CTiva_blockingCallback)
                  0000f5ee    00000008                            : PWMTimerTiva.oem4f (.text:PWMTimerTiva_init)
                  0000f5f6    00000008     driverlib.lib : ssi.obj (.text:SSIBusy)
                  0000f5fe    00000008                   : uart.obj (.text:UARTIntEnable)
                  0000f606    00000008                   : uart.obj (.text:UARTRxErrorGet)
                  0000f60e    00000002     --HOLE-- [fill = 0]
                  0000f610    00000008     rtsv7M4_T_le_v4SPD16_eabi.lib : errno.c.obj (.text:__aeabi_errno_addr)
                  0000f618    00000008     drivers_tivaware.aem4f : UARTTiva.oem4f (.text:readSemCallback)
                  0000f620    00000008     sysbios.aem4f : BIOS.obj (.text:ti_sysbios_family_arm_lm4_Timer_masterDisable__I)
                  0000f628    00000008                   : BIOS.obj (.text:ti_sysbios_family_arm_m3_Hwi_doSwiRestore__I)
                  0000f630    00000008                   : BIOS.obj (.text:ti_sysbios_family_arm_m3_Hwi_startup__E)
                  0000f638    00000008     drivers_tivaware.aem4f : UARTTiva.oem4f (.text:writeSemCallback)
                  0000f640    00000006                            : I2CTiva.oem4f (.text:I2CTiva_control)
                  0000f646    00000006                            : PWMTimerTiva.oem4f (.text:PWMTimerTiva_getPeriodMicroSecs)
                  0000f64c    00000006     driverlib.lib : sysctl.obj (.text:SysCtlDelay)
                  0000f652    00000006                   : uart.obj (.text:UARTFIFOLevelSet)
                  0000f658    00000006                   : uart.obj (.text:UARTRxErrorClear)
                  0000f65e    00000006     grlib.lib : widget.obj (.text:WidgetMutexPut)
                  0000f664    00000004     --HOLE-- [fill = 0]
                  0000f668    00000006     sysbios.aem4f : BIOS.obj (.text:ti_sysbios_family_arm_lm4_TimestampProvider_Module_startup__E)
                  0000f66e    00000002     --HOLE-- [fill = 0]
                  0000f670    00000006                   : BIOS.obj (.text:ti_sysbios_family_arm_m3_Hwi_doTaskRestore__I)
                  0000f676    00000002     --HOLE-- [fill = 0]
                  0000f678    00000006                   : BIOS.obj (.text:ti_sysbios_family_arm_m3_Hwi_restoreFxn__E)
                  0000f67e    00000002     --HOLE-- [fill = 0]
                  0000f680    00000006                   : BIOS.obj (.text:ti_sysbios_gates_GateHwi_leave__E)
                  0000f686    00000002     --HOLE-- [fill = 0]
                  0000f688    00000006                   : BIOS.obj (.text:ti_sysbios_heaps_HeapMem_isBlocking__E)
                  0000f68e    00000002     --HOLE-- [fill = 0]
                  0000f690    00000006                   : BIOS.obj (.text:ti_sysbios_knl_Clock_stop__E)
                  0000f696    00000002     --HOLE-- [fill = 0]
                  0000f698    00000006                   : BIOS.obj (.text:ti_sysbios_knl_Queue_Instance_init__E)
                  0000f69e    00000002     --HOLE-- [fill = 0]
                  0000f6a0    00000006                   : BIOS.obj (.text:ti_sysbios_knl_Swi_startup__E)
                  0000f6a6    00000006     ti.targets.arm.rtsarm.aem4f : System.oem4f (.text:xdc_runtime_System_Module_startup__E)
                  0000f6ac    00000004     --HOLE-- [fill = 0]
                  0000f6b0    00000004     sysbios.aem4f : BIOS.obj (.text:ti_sysbios_family_arm_lm4_Timer_getPeriod__E)
                  0000f6b4    00000004     --HOLE-- [fill = 0]
                  0000f6b8    00000004                   : BIOS.obj (.text:ti_sysbios_gates_GateHwi_query__E)
                  0000f6bc    00000004     --HOLE-- [fill = 0]
                  0000f6c0    00000004                   : BIOS.obj (.text:ti_sysbios_gates_GateMutex_query__E)
                  0000f6c4    00000004     --HOLE-- [fill = 0]
                  0000f6c8    00000004                   : BIOS.obj (.text:ti_sysbios_knl_Task_startup__E)
                  0000f6cc    00000004     --HOLE-- [fill = 0]
                  0000f6d0    00000002                   : BIOS.obj (.text:ti_sysbios_gates_GateHwi_Instance_init__E)
                  0000f6d2    00000006     --HOLE-- [fill = 0]
                  0000f6d8    00000002                   : BIOS.obj (.text:ti_sysbios_knl_Clock_logTick__E)

.const     0    0000f6e0    0000bfb0     
                  0000f6e0    000018ae     empty_pem4f.oem4f (.const:xdc_runtime_Text_charTab__A)
                  00010f8e    00000a60     grlib.lib : fontcm24.obj (.const:.string:g_pui8Cm24Data)
                  000119ee    00000960               : fontcm22.obj (.const:.string:g_pui8Cm22Data)
                  0001234e    0000095e               : fontcm20.obj (.const:.string:g_pui8Cm20Data)
                  00012cac    000008c1               : fontcmss20.obj (.const:.string:g_pui8Cmss20Data)
                  0001356d    0000086e               : fontcm18.obj (.const:.string:g_pui8Cm18Data)
                  00013ddb    0000083d     GUIImg.obj (.const:.string:g_pui8RedSlider195x37)
                  00014618    00000826     GUIImg.obj (.const:.string:g_pui8GreenSlider195x37)
                  00014e3e    00000782     grlib.lib : fontcmss18b.obj (.const:.string:g_pui8Cmss18bData)
                  000155c0    00000759               : fontcm16.obj (.const:.string:g_pui8Cm16Data)
                  00015d19    00000705     GUIImg.obj (.const:.string:g_pui8GettingHotter28x148)
                  0001641e    0000065a     grlib.lib : fontcm14.obj (.const:.string:g_pui8Cm14Data)
                  00016a78    000005c7               : fontcmss12b.obj (.const:.string:g_pui8Cmss12bData)
                  0001703f    0000055f               : fontcm12.obj (.const:.string:g_pui8Cm12Data)
                  0001759e    00000514               : fontcmss12.obj (.const:.string:g_pui8Cmss12Data)
                  00017ab2    000003ad     GUIImg.obj (.const:.string:g_pui8GettingHotter28x148Mono)
                  00017e5f    0000024d     GUIImg.obj (.const:.string:g_pui8Logo)
                  000180ac    00000210     GUIImg.obj (.const:.string:g_pui8Blue50x50)
                  000182bc    0000020e     GUIImg.obj (.const:.string:g_pui8Blue50x50Press)
                  000184ca    0000020d     GUIImg.obj (.const:.string:g_pui8btn140x40)
                  000186d7    0000020d     GUIImg.obj (.const:.string:g_pui8btn150x40Press)
                  000188e4    00000204     empty.obj (.const:.string)
                  00018ae8    0000017b     Images.obj (.const:.string:g_pui8CompS)
                  00018c63    0000017b     Images.obj (.const:.string:g_pui8CompW)
                  00018dde    0000017b     Images.obj (.const:.string:g_pui8accSlow)
                  00018f59    0000017b     Images.obj (.const:.string:g_pui8accfast)
                  000190d4    0000017b     Images.obj (.const:.string:g_pui8accmid)
                  0001924f    00000178     Images.obj (.const:.string:g_pui8CompE)
                  000193c7    00000178     Images.obj (.const:.string:g_pui8CompN)
                  0001953f    00000163     Images.obj (.const:.string:g_pui8Stop)
                  000196a2    00000160     Images.obj (.const:.string:g_pui8Go)
                  00019802    0000015d     Images.obj (.const:.string:g_pui8idle)
                  0001995f    00000124     Images.obj (.const:.string:g_pui8Night)
                  00019a83    00000001     empty_pem4f.oem4f (.const:xdc_runtime_Error_policy__C)
                  00019a84    00000120     Boot.aem4f : Boot_sysctl.oem4f (.const:g_pppui32XTALtoVCO)
                  00019ba4    00000107     GUIImg.obj (.const:.string:g_pui8arrowRight)
                  00019cab    00000101     rtsv7M4_T_le_v4SPD16_eabi.lib : ctype.c.obj (.const:.string:_ctypes_)
                  00019dac    000000f8     Images.obj (.const:.string:g_pui8Day)
                  00019ea4    000000f5     GUIImg.obj (.const:.string:g_pui8LightOff)
                  00019f99    000000e6     GUIImg.obj (.const:.string:g_pui8LightOn)
                  0001a07f    00000001     --HOLE-- [fill = 0]
                  0001a080    000000d0     empty_pem4f.oem4f (.const:xdc_runtime_Text_nodeTab__A)
                  0001a150    000000c8     grlib.lib : fontcm12.obj (.const:g_sFontCm12)
                  0001a218    000000c8               : fontcm14.obj (.const:g_sFontCm14)
                  0001a2e0    000000c8               : fontcm16.obj (.const:g_sFontCm16)
                  0001a3a8    000000c8               : fontcm18.obj (.const:g_sFontCm18)
                  0001a470    000000c8               : fontcm20.obj (.const:g_sFontCm20)
                  0001a538    000000c8               : fontcm22.obj (.const:g_sFontCm22)
                  0001a600    000000c8               : fontcm24.obj (.const:g_sFontCm24)
                  0001a6c8    000000c8               : fontcmss12.obj (.const:g_sFontCmss12)
                  0001a790    000000c8               : fontcmss12b.obj (.const:g_sFontCmss12b)
                  0001a858    000000c8               : fontcmss18b.obj (.const:g_sFontCmss18b)
                  0001a920    000000c8               : fontcmss20.obj (.const:g_sFontCmss20)
                  0001a9e8    000000a5     GUIImg.obj (.const:.string:g_pui8arrowLeft)
                  0001aa8d    00000001     --HOLE-- [fill = 0]
                  0001aa8e    00000002     empty_pem4f.oem4f (.const:ti_catalog_arm_cortexm4_tiva_ce_Boot_Module__id__C)
                  0001aa90    000000a0     empty.obj (.const:$P$T0$3)
                  0001ab30    00000090     driverlib.lib : gpio.obj (.const:g_pui32GPIOBaseAddrs)
                  0001abc0    00000076     GUIImg.obj (.const:.string:g_pui8backBtn)
                  0001ac36    00000002     empty_pem4f.oem4f (.const:ti_sysbios_family_arm_lm4_Timer_Module__id__C)
                  0001ac38    00000070     driverlib.lib : interrupt.obj (.const)
                  0001aca8    0000006c     Boot.aem4f : Boot_sysctl.oem4f (.const:g_pui32Xtals)
                  0001ad14    00000060     MotorLib.lib : motorlib.obj (.const:PWM_config)
                  0001ad74    00000054     drivers_tivaware.aem4f : GPIOTiva.oem4f (.const:.string)
                  0001adc8    00000054     MotorLib.lib : motorlib.obj (.const:motorLibPWMTivaHWAttrs)
                  0001ae1c    0000004c     drivers_tivaware.aem4f : UARTTiva.oem4f (.const)
                  0001ae68    00000048     empty_pem4f.oem4f (.const:.string)
                  0001aeb0    00000048     drivers_tivaware.aem4f : GPIOTiva.oem4f (.const:gpioBaseAddresses)
                  0001aef8    0000003c     empty_pem4f.oem4f (.const:ti_sysbios_family_arm_lm4_Timer_Object__PARAMS__C)
                  0001af34    0000003c     empty_pem4f.oem4f (.const:ti_sysbios_knl_Task_Object__PARAMS__C)
                  0001af70    00000030     Boot.aem4f : Boot_sysctl.oem4f (.const:g_sXTALtoMEMTIM)
                  0001afa0    00000030     empty_pem4f.oem4f (.const:ti_sysbios_family_arm_m3_Hwi_Object__PARAMS__C)
                  0001afd0    00000030     empty_pem4f.oem4f (.const:ti_sysbios_hal_Timer_Object__PARAMS__C)
                  0001b000    0000002c     empty_pem4f.oem4f (.const:xdc_runtime_Startup_sfxnTab__A)
                  0001b02c    00000028     drivers_tivaware.aem4f : UARTTiva.oem4f (.const:UARTTiva_fxnTable)
                  0001b054    00000028     Kentec320x240x16_ssd2119_spi.obj (.const:g_sKentec320x240x16_SSD2119)
                  0001b07c    00000028     empty_pem4f.oem4f (.const:ti_sysbios_heaps_HeapMem_Module__FXNS__C)
                  0001b0a4    00000024     EK_TM4C1294XL.obj (.const:I2C_config)
                  0001b0c8    00000024     drivers_tivaware.aem4f : UART.oem4f (.const:UART_defaultParams)
                  0001b0ec    00000024     empty_pem4f.oem4f (.const:ti_sysbios_gates_GateHwi_Module__FXNS__C)
                  0001b110    00000024     empty_pem4f.oem4f (.const:ti_sysbios_gates_GateMutex_Module__FXNS__C)
                  0001b134    00000024     empty_pem4f.oem4f (.const:ti_sysbios_heaps_HeapMem_Object__PARAMS__C)
                  0001b158    00000024     empty_pem4f.oem4f (.const:ti_sysbios_knl_Clock_Object__PARAMS__C)
                  0001b17c    00000024     empty_pem4f.oem4f (.const:ti_sysbios_knl_Semaphore_Object__PARAMS__C)
                  0001b1a0    00000020     drivers_tivaware.aem4f : PWMTimerTiva.oem4f (.const)
                  0001b1c0    00000020                            : PWMTiva.oem4f (.const)
                  0001b1e0    00000020     empty_pem4f.oem4f (.const:ti_sysbios_family_arm_lm4_Timer_Object__DESC__C)
                  0001b200    00000020     empty_pem4f.oem4f (.const:ti_sysbios_family_arm_m3_Hwi_Object__DESC__C)
                  0001b220    00000020     empty_pem4f.oem4f (.const:ti_sysbios_gates_GateHwi_Object__DESC__C)
                  0001b240    00000020     empty_pem4f.oem4f (.const:ti_sysbios_gates_GateMutex_Object__DESC__C)
                  0001b260    00000020     empty_pem4f.oem4f (.const:ti_sysbios_hal_Timer_Object__DESC__C)
                  0001b280    00000020     empty_pem4f.oem4f (.const:ti_sysbios_heaps_HeapMem_Object__DESC__C)
                  0001b2a0    00000020     empty_pem4f.oem4f (.const:ti_sysbios_knl_Clock_Object__DESC__C)
                  0001b2c0    00000020     empty_pem4f.oem4f (.const:ti_sysbios_knl_Queue_Object__DESC__C)
                  0001b2e0    00000020     empty_pem4f.oem4f (.const:ti_sysbios_knl_Semaphore_Object__DESC__C)
                  0001b300    00000020     empty_pem4f.oem4f (.const:ti_sysbios_knl_Task_Object__DESC__C)
                  0001b320    0000001c     drivers_tivaware.aem4f : I2CTiva.oem4f (.const)
                  0001b33c    0000001c     touch.obj (.const:g_pi32TouchParameters)
                  0001b358    00000018     EK_TM4C1294XL.obj (.const:UART_config)
                  0001b370    00000018     EK_TM4C1294XL.obj (.const:i2cTivaHWAttrs)
                  0001b388    00000018     empty_pem4f.oem4f (.const:ti_sysbios_gates_GateHwi_Object__PARAMS__C)
                  0001b3a0    00000018     empty_pem4f.oem4f (.const:ti_sysbios_gates_GateMutex_Object__PARAMS__C)
                  0001b3b8    00000018     empty_pem4f.oem4f (.const:ti_sysbios_knl_Queue_Object__PARAMS__C)
                  0001b3d0    00000018     EK_TM4C1294XL.obj (.const:uartTivaHWAttrs)
                  0001b3e8    00000016     empty_pem4f.oem4f (.const:xdc_runtime_Startup_sfxnRts__A)
                  0001b3fe    00000002     empty_pem4f.oem4f (.const:ti_sysbios_family_arm_lm4_Timer_supportsAltclk__C)
                  0001b400    00000014     EK_TM4C1294XL.obj (.const:GPIOTiva_config)
                  0001b414    00000014     empty_pem4f.oem4f (.const:xdc_runtime_Startup_firstFxns__A)
                  0001b428    00000012     ustdlib.obj (.const:.string)
                  0001b43a    00000002     empty_pem4f.oem4f (.const:ti_sysbios_family_arm_m3_Hwi_Module__id__C)
                  0001b43c    00000010     grlib.lib : context.obj (.const)
                  0001b44c    00000010     MotorLib.lib : motorlib.obj (.const:motorLibPWMTimerTivaHWAttrs)
                  0001b45c    0000000c     drivers_tivaware.aem4f : PWM.oem4f (.const)
                  0001b468    00000008     Boot.aem4f : Boot_sysctl.oem4f (.const)
                  0001b470    00000008     empty_pem4f.oem4f (.const:ti_sysbios_family_arm_m3_Hwi_excHookFuncs__A)
                  0001b478    00000008     empty_pem4f.oem4f (.const:ti_sysbios_knl_Idle_funcList__C)
                  0001b480    00000008     empty_pem4f.oem4f (.const:xdc_runtime_Startup_firstFxns__C)
                  0001b488    00000008     empty_pem4f.oem4f (.const:xdc_runtime_Startup_lastFxns__C)
                  0001b490    00000004     empty_pem4f.oem4f (.const:ti_catalog_arm_cortexm4_tiva_ce_Boot_A_mustNotUseEnhancedClockMode__C)
                  0001b494    00000004     empty_pem4f.oem4f (.const:ti_catalog_arm_cortexm4_tiva_ce_Boot_Module__diagsEnabled__C)
                  0001b498    00000004     empty_pem4f.oem4f (.const:ti_catalog_arm_cortexm4_tiva_ce_Boot_Module__diagsIncluded__C)
                  0001b49c    00000004     empty_pem4f.oem4f (.const:ti_catalog_arm_cortexm4_tiva_ce_Boot_Module__diagsMask__C)
                  0001b4a0    00000004     empty_pem4f.oem4f (.const:ti_sysbios_family_arm_lm4_Timer_E_cannotSupport__C)
                  0001b4a4    00000004     empty_pem4f.oem4f (.const:ti_sysbios_family_arm_lm4_Timer_E_invalidTimer__C)
                  0001b4a8    00000004     empty_pem4f.oem4f (.const:ti_sysbios_family_arm_lm4_Timer_E_noaltclk__C)
                  0001b4ac    00000004     empty_pem4f.oem4f (.const:ti_sysbios_family_arm_lm4_Timer_E_notAvailable__C)
                  0001b4b0    00000004     empty_pem4f.oem4f (.const:ti_sysbios_family_arm_lm4_Timer_anyMask__C)
                  0001b4b4    00000004     empty_pem4f.oem4f (.const:ti_sysbios_family_arm_lm4_Timer_disableFunc__C)
                  0001b4b8    00000004     empty_pem4f.oem4f (.const:ti_sysbios_family_arm_lm4_Timer_enableFunc__C)
                  0001b4bc    00000004     empty_pem4f.oem4f (.const:ti_sysbios_family_arm_lm4_Timer_numTimerDevices__C)
                  0001b4c0    00000004     empty_pem4f.oem4f (.const:ti_sysbios_family_arm_lm4_Timer_startupNeeded__C)
                  0001b4c4    00000004     empty_pem4f.oem4f (.const:ti_sysbios_family_arm_m3_Hwi_E_NMI__C)
                  0001b4c8    00000004     empty_pem4f.oem4f (.const:ti_sysbios_family_arm_m3_Hwi_E_alreadyDefined__C)
                  0001b4cc    00000004     empty_pem4f.oem4f (.const:ti_sysbios_family_arm_m3_Hwi_E_busFault__C)
[...]
0001b53c  ti_sysbios_heaps_HeapMem_Module__diagsEnabled__C                     
0001b540  ti_sysbios_heaps_HeapMem_Module__diagsIncluded__C                    
0001b544  ti_sysbios_heaps_HeapMem_Module__diagsMask__C                        
0001b548  ti_sysbios_heaps_HeapMem_Module__gateObj__C                          
0001b54c  ti_sysbios_heaps_HeapMem_Object__count__C                            
0001b550  ti_sysbios_heaps_HeapMem_reqAlign__C                                 
0001b554  ti_sysbios_knl_Clock_A_badThreadType__C                              
0001b558  ti_sysbios_knl_Clock_Module_State_clockQ__O                          
0001b55c  ti_sysbios_knl_Clock_Module__diagsEnabled__C                         
0001b560  ti_sysbios_knl_Clock_Module__diagsIncluded__C                        
0001b564  ti_sysbios_knl_Clock_Module__diagsMask__C                            
0001b568  ti_sysbios_knl_Clock_tickPeriod__C                                   
0001b56c  ti_sysbios_knl_Idle_funcList__A                                      
0001b570  ti_sysbios_knl_Semaphore_A_badContext__C                             
0001b574  ti_sysbios_knl_Semaphore_A_noEvents__C                               
0001b578  ti_sysbios_knl_Semaphore_A_overflow__C                               
0001b57c  ti_sysbios_knl_Semaphore_A_pendTaskDisabled__C                       
0001b580  ti_sysbios_knl_Semaphore_Instance_State_pendQ__O                     
0001b584  ti_sysbios_knl_Semaphore_Module__diagsEnabled__C                     
0001b588  ti_sysbios_knl_Semaphore_Module__diagsIncluded__C                    
0001b58c  ti_sysbios_knl_Semaphore_Module__diagsMask__C                        
0001b590  ti_sysbios_knl_Swi_Object__count__C                                  
0001b594  ti_sysbios_knl_Task_A_badPriority__C                                 
0001b598  ti_sysbios_knl_Task_A_badTaskState__C                                
0001b59c  ti_sysbios_knl_Task_A_badThreadType__C                               
0001b5a0  ti_sysbios_knl_Task_A_badTimeout__C                                  
0001b5a4  ti_sysbios_knl_Task_A_noPendElem__C                                  
0001b5a8  ti_sysbios_knl_Task_A_sleepTaskDisabled__C                           
0001b5ac  ti_sysbios_knl_Task_E_spOutOfBounds__C                               
0001b5b0  ti_sysbios_knl_Task_E_stackOverflow__C                               
0001b5b4  ti_sysbios_knl_Task_Module_State_inactiveQ__O                        
0001b5b8  ti_sysbios_knl_Task_Module__diagsEnabled__C                          
0001b5bc  ti_sysbios_knl_Task_Module__diagsIncluded__C                         
0001b5c0  ti_sysbios_knl_Task_Module__diagsMask__C                             
0001b5c4  ti_sysbios_knl_Task_Object__count__C                                 
0001b5c8  ti_sysbios_knl_Task_allBlockedFunc__C                                
0001b5cc  ti_sysbios_knl_Task_defaultStackHeap__C                              
0001b5d0  ti_sysbios_knl_Task_defaultStackSize__C                              
0001b5d4  ti_sysbios_knl_Task_numConstructedTasks__C                           
0001b5dc  xdc_runtime_Assert_E_assertFailed__C                                 
0001b5e0  xdc_runtime_Core_A_initializedParams__C                              
0001b5e4  xdc_runtime_Core_Module__diagsEnabled__C                             
0001b5e8  xdc_runtime_Core_Module__diagsIncluded__C                            
0001b5ec  xdc_runtime_Core_Module__diagsMask__C                                
0001b5f0  xdc_runtime_Error_E_generic__C                                       
0001b5f4  xdc_runtime_Error_E_memory__C                                        
0001b5f8  xdc_runtime_Error_Module__diagsEnabled__C                            
0001b5fc  xdc_runtime_Error_Module__diagsIncluded__C                           
0001b600  xdc_runtime_Error_Module__diagsMask__C                               
0001b604  xdc_runtime_Error_Module__loggerFxn8__C                              
0001b608  xdc_runtime_Error_Module__loggerObj__C                               
0001b60c  xdc_runtime_Error_policyFxn__C                                       
0001b610  xdc_runtime_Error_raiseHook__C                                       
0001b614  xdc_runtime_IGateProvider_Interface__BASE__C                         
0001b618  xdc_runtime_IHeap_Interface__BASE__C                                 
0001b61c  xdc_runtime_IModule_Interface__BASE__C                               
0001b620  xdc_runtime_Log_L_error__C                                           
0001b624  xdc_runtime_Memory_defaultHeapInstance__C                            
0001b628  xdc_runtime_Startup_execImpl__C                                      
0001b62c  xdc_runtime_Startup_lastFxns__A                                      
0001b630  xdc_runtime_Startup_maxPasses__C                                     
0001b634  xdc_runtime_Startup_sfxnRts__C                                       
0001b638  xdc_runtime_Startup_sfxnTab__C                                       
0001b63c  xdc_runtime_SysMin_bufSize__C                                        
0001b640  xdc_runtime_SysMin_outputFunc__C                                     
0001b644  xdc_runtime_System_Module__gateObj__C                                
0001b648  xdc_runtime_System_abortFxn__C                                       
0001b64c  xdc_runtime_System_exitFxn__C                                        
0001b650  xdc_runtime_System_extendFxn__C                                      
0001b654  xdc_runtime_System_maxAtexitHandlers__C                              
0001b658  xdc_runtime_Text_charTab__C                                          
0001b65c  xdc_runtime_Text_nameEmpty__C                                        
0001b660  xdc_runtime_Text_nameStatic__C                                       
0001b664  xdc_runtime_Text_nameUnknown__C                                      
0001b668  xdc_runtime_Text_nodeTab__C                                          
0001b66c  xdc_runtime_Text_visitRopeFxn__C                                     
0001b670  ti_sysbios_gates_GateMutex_Module__id__C                             
0001b672  ti_sysbios_hal_Hwi_Module__id__C                                     
0001b674  ti_sysbios_heaps_HeapMem_Module__id__C                               
0001b676  ti_sysbios_knl_Clock_Module__id__C                                   
0001b678  ti_sysbios_knl_Semaphore_Module__id__C                               
0001b67a  ti_sysbios_knl_Task_Module__id__C                                    
0001b67c  xdc_runtime_Core_Module__id__C                                       
0001b67e  xdc_runtime_Error_Module__loggerDefined__C                           
0001b680  xdc_runtime_Error_maxDepth__C                                        
0001b682  xdc_runtime_Main_Module__id__C                                       
0001b684  xdc_runtime_Memory_Module__id__C                                     
0001b686  xdc_runtime_SysMin_flushAtExit__C                                    
0001b688  xdc_runtime_Text_charCnt__C                                          
0001b68a  xdc_runtime_Text_isLoaded__C                                         
0001b68c  xdc_runtime_Text_registryModsLastId__C                               
0001b68e  xdc_runtime_Text_unnamedModsLastId__C                                
0001b690  __TI_static_base__                                                   
0001bf60  __TI_Handler_Table_Base                                              
0001bf6c  __TI_Handler_Table_Limit                                             
0001bf80  __TI_CINIT_Base                                                      
0001bf98  __TI_CINIT_Limit                                                     
20000000  __start___llvm_prf_cnts                                              
20000000  __stop___llvm_prf_cnts                                               
20000000  ti_sysbios_family_arm_m3_Hwi_ramVectors                              
20000400  task0Stack                                                           
20000c00  taskTouchStack                                                       
20001400  psDMAControlTable                                                    
20001800  ti_sysbios_heaps_HeapMem_Instance_State_0_buf__A                     
20001c00  ti_sysbios_family_arm_m3_Hwi_dispatchTable                           
20001f60  ti_sysbios_knl_Task_Instance_State_0_stack__A                        
200022a0  __CIOBUF_                                                            
200023c0  i2cTivaObjects                                                       
200024c0  uartTivaObjects                                                      
2000261c  xdc_runtime_SysMin_Module_State_0_outbuf__A                          
2000269c  task0Struct                                                          
200026ec  taskTouchStruct                                                      
2000273c  motorLibPWMObjects                                                   
20002774  sContext                                                             
200027e0  uartTivaRingBuffer                                                   
20002800  datetime                                                             
20002818  motorLibPWMTimerObjects                                              
20002858  AccBox                                                               
20002860  Banner                                                               
20002868  BannerB                                                              
20002870  CurrBox                                                              
20002878  Distbox                                                              
20002880  clearBox                                                             
20002888  graphClear                                                           
20002890  parmbuf                                                              
20002898  g_pi32ParmSet                                                        
200028a0  g_ui32Panel                                                          
200028a8  timerclock                                                           
200028ac  uart                                                                 
200028b0  g_i16TouchX                                                          
200028b2  g_i16TouchY                                                          
200028b8  g_psSliders                                                          
20002ae0  g_psPanels                                                           
20002ce0  dd                                                                   
20002e70  g_psRadioButtonIndicators                                            
20002ff0  sidertestC                                                           
200030f0  g_psCheckBoxIndicators                                               
200031b0  g_psCheckBoxes                                                       
20003270  g_psRadioButtons1                                                    
20003330  g_psRadioButtons2                                                    
200033f0  ti_sysbios_family_arm_lm4_Timer_Object__table__V                     
20003470  ti_sysbios_knl_Swi_Module_State_0_readyQ__A                          
200034f0  ti_sysbios_knl_Task_Module_State_0_readyQ__A                         
20003570  g_psRadioContainers                                                  
200035e0  MotorSpeedSlider                                                     
2000363c  slidertest                                                           
20003698  AccDownBtn                                                           
200036e8  AccUpBtn                                                             
20003738  CurrentDownBtn                                                       
20003788  CurrentUpBtn                                                         
200037d8  DistDownBtn                                                          
20003828  DistUpBtn                                                            
20003878  GraphPgBtn                                                           
200038c8  LightGraphBtn                                                        
20003918  MotorGraphBtn                                                        
20003968  MotorMode                                                            
200039b8  MotorPgBtn                                                           
20003a08  PowerGraphBtn                                                        
20003a58  SensorPgBtn                                                          
20003aa8  TestGraphBtn                                                         
20003af8  backGraphBtn                                                         
20003b48  backGraphSelectBtn                                                   
20003b98  backMotorBtn                                                         
20003be8  backSensorBtn                                                        
20003c38  brrrr2                                                               
20003c88  brrrr                                                                
20003cd8  ti_sysbios_knl_Task_Object__table__V                                 
20003d24  ti_sysbios_family_arm_m3_Hwi_Object__table__V                        
20003d6c  ti_sysbios_knl_Task_Module__state__V                                 
20003db0  g_Acceleration                                                       
20003df0  g_MotorStat                                                          
20003e30  g_sCanvas1                                                           
20003e70  g_sCanvas2                                                           
20003eb0  g_sCanvas3                                                           
20003ef0  g_sIntroduction                                                      
20003f30  g_sPrimitives                                                        
20003f70  g_sSliderValueCanvas                                                 
20003fb0  g_scompass                                                           
20003ff0  ti_sysbios_family_arm_lm4_Timer_Module_State_0_device__A             
20004030  ti_sysbios_hal_SecondsClock_Module__state__V                         
20004070  motorStartStop                                                       
20004071  HA                                                                   
20004072  HB                                                                   
20004073  HC                                                                   
20004074  LowLight                                                             
20004078  lux                                                                  
20004080  objectdist                                                           
20004088  ongraph                                                              
2000408c  currentDirection                                                     
20004090  CurrentMotorStat                                                     
20004094  CurrentAcceleration                                                  
20004098  x1                                                                   
2000409c  x2                                                                   
200040a0  y1                                                                   
200040a4  y2                                                                   
200040a8  g_sContainer1                                                        
200040e0  g_sContainer2                                                        
20004118  g_sContainer3                                                        
20004150  ti_sysbios_gates_GateMutex_Object__table__V                          
20004188  ti_sysbios_family_arm_m3_Hwi_Module__state__V                        
200041bc  ti_sysbios_knl_Swi_Object__table__V                                  
200041ec  g_sRoot                                                              
2000421a  ti_sysbios_family_arm_m3_Hwi_Module_State_0_excActive__A             
2000421c  ti_sysbios_knl_Clock_Module__state__V                                
20004248  ti_sysbios_BIOS_Module__state__V                                     
2000426c  ti_sysbios_family_arm_lm4_Timer_Module_State_0_handles__A            
2000428c  gpioPinConfigs                                                       
200042a8  ti_sysbios_knl_Swi_Module__state__V                                  
200042dc  ti_sysbios_heaps_HeapMem_Object__table__V                            
200042f4  ti_sysbios_family_arm_lm4_Timer_Module__state__V                     
20004300  xdc_runtime_SysMin_Module__state__V                                  
2000430c  _lock                                                                
20004310  _unlock                                                              
20004314  gpioCallbackFunctions                                                
2000431c  ti_sysbios_family_arm_lm4_Timer_Module__root__V                      
20004324  ti_sysbios_family_arm_lm4_TimestampProvider_Module__state__V         
2000432c  ti_sysbios_family_arm_m3_Hwi_Module__root__V                         
20004334  ti_sysbios_gates_GateHwi_Module__root__V                             
2000433c  ti_sysbios_gates_GateMutex_Module__root__V                           
20004344  ti_sysbios_hal_Timer_Module__root__V                                 
2000434c  ti_sysbios_heaps_HeapMem_Module__root__V                             
20004354  ti_sysbios_knl_Clock_Module__root__V                                 
2000435c  ti_sysbios_knl_Queue_Module__root__V                                 
20004364  ti_sysbios_knl_Semaphore_Module__root__V                             
2000436c  ti_sysbios_knl_Task_Module__root__V                                  
20004374  xdc_runtime_Registry_Module__state__V                                
2000437c  xdc_runtime_Startup_Module__state__V                                 
20004384  xdc_runtime_System_Module_State_0_atexitHandlers__A                  
2000438c  xdc_runtime_System_Module__state__V                                  
2000439a  xdc_runtime_Error_Module__state__V                                   
200043a4  errno                                                                
200043a8  main_func_sp                                                         
200043ac  ti_sysbios_family_arm_m3_Hwi_Module_State_0_excContext__A            
200043b0  ti_sysbios_family_arm_m3_Hwi_Module_State_0_excStack__A              
200043b4  ti_sysbios_gates_GateHwi_Object__table__V                            
200043b8  ti_sysbios_knl_Task_Module_State_0_idleTask__A                       
200043bc  g_i16TouchMin                                                        
200043c0  xdc_runtime_Memory_Module__state__V                                  
200043c8  __stack                                                              
200046c8  __STACK_END                                                          
e000e000  ti_sysbios_family_arm_m3_Hwi_nvic                                    
ffffffff  __TI_pprof_out_hndl                                                  
ffffffff  __TI_prof_data_size                                                  
ffffffff  __TI_prof_data_start                                                 
ffffffff  __binit__                                                            
ffffffff  __c_args__                                                           
ffffffff  binit                                                                
UNDEFED   SHT$$INIT_ARRAY$$Base                                                
UNDEFED   SHT$$INIT_ARRAY$$Limit                                               

[1004 symbols]
