******************************************************************************
                  TI ARM Linker PC v20.2.5                     
******************************************************************************
>> Linked Sat May 28 11:24:24 2022

OUTPUT FILE NAME:   <EGH456MotorProject.out>
ENTRY POINT SYMBOL: "_c_int00"  address: 0000bf69


MEMORY CONFIGURATION

         name            origin    length      used     unused   attr    fill
----------------------  --------  ---------  --------  --------  ----  --------
  FLASH                 00000000   00100000  00017eb0  000e8150  R  X
  SRAM                  20000000   00040000  00005bb8  0003a448  RW X


SEGMENT ALLOCATION MAP

run origin  load origin   length   init length attrs members
----------  ----------- ---------- ----------- ----- -------
00000000    00000000    00017ec0   00017ec0    r-x
  00000000    00000000    0000003c   0000003c    r-- .resetVecs
  00000040    00000040    0000f47a   0000f47a    r-x .text
  0000f4c0    0000f4c0    00008482   00008482    r-- .const
  00017948    00017948    00000578   00000578    r-- .cinit
20000000    20000000    00000360   00000000    rw-
  20000000    20000000    00000360   00000000    rw- .vecs
20000400    20000400    00005860   00000000    rw-
  20000400    20000400    000045fc   00000000    rw- .bss
  20004a00    20004a00    00000e5c   00000000    rw- .data
  20005860    20005860    00000400   00000000    rw- .stack


SECTION ALLOCATION MAP

 output                                  attributes/
section   page    origin      length       input sections
--------  ----  ----------  ----------   ----------------
.text      0    00000040    0000f47a     
                  00000040    00000a4e     rtsv7M4_T_le_v4SPD16_eabi.lib : _printfi.c.obj (.text:__TI_printfi)
                  00000a8e    00000002                                   : _lock.c.obj (.text:_nop)
                  00000a90    000006ac     MotorLib.lib : motorlib.obj (.text)
                  0000113c    00000004     driverlib.lib : i2c.obj (.text:I2CMasterControl)
                  00001140    00000430     sysbios.aem4f : BIOS.obj (.text:ti_sysbios_family_arm_m3_Hwi_excDumpRegs__I)
                  00001570    0000039c     GlobalDraw.obj (.text:MotorPage)
                  0000190c    00000394     GlobalDraw.obj (.text:GraphPrimitive)
                  00001ca0    00000374     grlib.lib : image.obj (.text:InternalImageDraw)
                  00002014    0000034c     ti.targets.arm.rtsarm.aem4f : System.oem4f (.text:xdc_runtime_System_doPrint__I)
                  00002360    00000300     GlobalDraw.obj (.text:SensorPage)
                  00002660    000002f8     grlib.lib : image.obj (.text:PixelTransparentDraw)
                  00002958    000002c6               : slider.obj (.text:SliderPaint)
                  00002c1e    00000002     rtsv7M4_T_le_v4SPD16_eabi.lib : div0.asm.obj (.text)
                  00002c20    000002b0     Clock.obj (.text:timeConvert)
                  00002ed0    000002a4     sysbios.aem4f : BIOS.obj (.text:ti_sysbios_knl_Semaphore_pend__E)
                  00003174    000002a0     GlobalDraw.obj (.text:TopBarDraw)
                  00003414    00000270     rtsv7M4_T_le_v4SPD16_eabi.lib : _printfi.c.obj (.text:_pconv_a)
                  00003684    00000004     driverlib.lib : i2c.obj (.text:I2CMasterDataGet)
                  00003688    0000026c     sysbios.aem4f : BIOS.obj (.text:ti_sysbios_heaps_HeapMem_free__E)
                  000038f4    00000268     touch.obj (.text:TouchScreenDebouncer)
                  00003b5c    00000254     grlib.lib : string.obj (.text:GrFontGlyphRender)
                  00003db0    00000250     sysbios.aem4f : BIOS.obj (.text:ti_sysbios_heaps_HeapMem_alloc__E)
                  00004000    00000234                   : BIOS.obj (.text:ti_sysbios_knl_Task_Instance_finalize__E)
                  00004234    00000004     driverlib.lib : i2c.obj (.text:I2CMasterDataPut)
                  00004238    0000021c     sysbios.aem4f : BIOS.obj (.text:ti_sysbios_family_arm_lm4_Timer_Instance_init__E)
                  00004454    0000020c     drivers_tivaware.aem4f : UARTTiva.oem4f (.text:UARTTiva_open)
                  00004660    00000204     Boot.aem4f : Boot_sysctl.oem4f (.text:ti_catalog_arm_cortexm4_tiva_ce_Boot_sysCtlClockFreqSetI__I)
                  00004864    00000200     rtsv7M4_T_le_v4SPD16_eabi.lib : s_exp2.c.obj (.text:exp2)
                  00004a64    00000004     driverlib.lib : uart.obj (.text:UARTIntClear)
                  00004a68    000001f4     sysbios.aem4f : BIOS.obj (.text:ti_sysbios_family_arm_m3_Hwi_excHandlerMax__I)
                  00004c5c    000001e4     Kentec320x240x16_ssd2119_spi.obj (.text:Kentec320x240x16_SSD2119Init)
                  00004e40    000001e4     empty.obj (.text:main)
                  00005024    000001dc     Kentec320x240x16_ssd2119_spi.obj (.text:Kentec320x240x16_SSD2119PixelDrawMultiple)
                  00005200    000001d0     rtsv7M4_T_le_v4SPD16_eabi.lib : _printfi.c.obj (.text:_pconv_g)
                  000053d0    000001c8     sysbios.aem4f : BIOS.obj (.text:ti_sysbios_knl_Task_sleep__E)
                  00005598    000001c0                   : BIOS.obj (.text:ti_sysbios_knl_Task_Instance_init__E)
                  00005758    000001b6     rtsv7M4_T_le_v4SPD16_eabi.lib : fd_add_t2.asm.obj (.text)
                  0000590e    00000002     empty_pem4f.oem4f (.text:ti_sysbios_BIOS_nullFunc__I)
                  00005910    000001a4     pinout.obj (.text:PinoutSet)
                  00005ab4    00000004     grlib.lib : widget.obj (.text:WidgetDefaultMsgProc)
                  00005ab8    000001a0     sysbios.aem4f : BIOS.obj (.text:ti_sysbios_gates_GateMutexPri_enter__E)
                  00005c58    00000190     grlib.lib : canvas.obj (.text:CanvasPaint)
                  00005de8    0000017e               : pushbutton.obj (.text:RectangularButtonPaint)
                  00005f66    00000002     empty_pem4f.oem4f (.text:xdc_runtime_Startup_reset__I)
                  00005f68    00000178     touch.obj (.text:TouchScreenIntHandler)
                  000060e0    00000174     sysbios.aem4f : BIOS.obj (.text:ti_sysbios_family_arm_m3_Hwi_excBusFault__I)
                  00006254    00000170     drivers_tivaware.aem4f : PWMTiva.oem4f (.text:PWMTiva_open)
                  000063c4    00000004     rtsv7M4_T_le_v4SPD16_eabi.lib : exit.c.obj (.text:abort:abort)
                  000063c8    00000164     sysbios.aem4f : BIOS.obj (.text:ti_sysbios_family_arm_m3_Hwi_excUsageFault__I)
                  0000652c    00000150     drivers_tivaware.aem4f : GPIOTiva.oem4f (.text:GPIO_setConfig)
                  0000667c    00000004     empty_pem4f.oem4f (.text:ti_sysbios_BIOS_RtsGateProxy_enter__E)
                  00006680    00000148     sysbios.aem4f : BIOS.obj (.text:ti_sysbios_family_arm_m3_Hwi_excMemFault__I)
                  000067c8    0000013c     rtsv7M4_T_le_v4SPD16_eabi.lib : _printfi.c.obj (.text:_pconv_e)
                  00006904    00000004     empty_pem4f.oem4f (.text:ti_sysbios_BIOS_RtsGateProxy_leave__E)
                  00006908    0000013c     sysbios.aem4f : BIOS.obj (.text:ti_sysbios_heaps_HeapMem_Instance_init__E)
                  00006a44    00000136     rtsv7M4_T_le_v4SPD16_eabi.lib : fd_div_t2.asm.obj (.text)
                  00006b7a    00000006     driverlib.lib : gpio.obj (.text:GPIOIntClear)
                  00006b80    00000134     sysbios.aem4f : BIOS.obj (.text:ti_sysbios_knl_Task_setPri__E)
                  00006cb4    00000130     GlobalDraw.obj (.text:BannerInit)
                  00006de4    00000130     driverlib.lib : gpio.obj (.text:GPIOPadConfigSet)
                  00006f14    00000124     rtsv7M4_T_le_v4SPD16_eabi.lib : _printfi.c.obj (.text:fcvt)
                  00007038    00000118     empty.obj (.text:accelSensorFilterFxn)
                  00007150    00000118     ti.targets.arm.rtsarm.aem4f : Error.oem4f (.text:xdc_runtime_Error_policyDefault__E)
                  00007268    00000114     drivers_tivaware.aem4f : PWMTimerTiva.oem4f (.text:PWMTimerTiva_open)
                  0000737c    00000114     empty.obj (.text:readAccFxn)
                  00007490    00000110     rtsv7M4_T_le_v4SPD16_eabi.lib : s_scalbn.c.obj (.text:scalbn)
                  000075a0    0000010c     Kentec320x240x16_ssd2119_spi.obj (.text:Kentec320x240x16_SSD2119RectFill)
                  000076ac    0000010c     touch.obj (.text:TouchScreenInit)
                  000077b8    0000010c     empty.obj (.text:heartBeatFxn)
                  000078c4    00000004     sysbios.aem4f : BIOS.obj (.text:ti_sysbios_family_arm_lm4_Timer_masterEnable__I)
                  000078c8    00000108                   : BIOS.obj (.text:ti_sysbios_family_arm_lm4_Timer_start__E)
                  000079d0    00000108                   : BIOS.obj (.text:ti_sysbios_knl_Clock_Instance_init__E)
                  00007ad8    00000106     grlib.lib : line.obj (.text:GrLineDraw)
                  00007bde    00000002     --HOLE-- [fill = 0]
                  00007be0    00000100     ti.targets.arm.rtsarm.aem4f : Core-mem.oem4f (.text:xdc_runtime_Core_createObject__I)
                  00007ce0    000000fc     rtsv7M4_T_le_v4SPD16_eabi.lib : fd_mul_t2.asm.obj (.text)
                  00007ddc    000000f8                                   : s_floor.c.obj (.text:floor)
                  00007ed4    000000f8     ti.targets.arm.rtsarm.aem4f : Startup.oem4f (.text:xdc_runtime_Startup_startMods__I)
                  00007fcc    000000f8     empty_pem4f.oem4f (.text:xdc_runtime_System_printfExtend__I)
                  000080c4    000000f4     GlobalDraw.obj (.text:graphSelectPage)
                  000081b8    000000f4     sysbios.aem4f : m3_Hwi_asm.obj (.text:ti_sysbios_family_arm_m3_Hwi_dispatch__I)
                  000082ac    000000f2     grlib.lib : pushbutton.obj (.text:RectangularButtonClick)
                  0000839e    000000f0     drivers_tivaware.aem4f : PWMTiva.oem4f (.text:PWMTiva_setDuty)
                  0000848e    000000f0     bmi160.obj (.text:bmi160_init)
                  0000857e    00000002     --HOLE-- [fill = 0]
                  00008580    000000ec     empty.obj (.text:readOptFxn)
                  0000866c    00000004     empty_pem4f.oem4f (.text:ti_sysbios_family_arm_m3_Hwi_delete)
                  00008670    000000ec     sysbios.aem4f : BIOS.obj (.text:ti_sysbios_knl_Semaphore_post__E)
                  0000875c    000000e8     grlib.lib : widget.obj (.text:WidgetMessageQueueAdd)
                  00008844    000000e0     drivers_tivaware.aem4f : I2CTiva.oem4f (.text:I2CTiva_open)
                  00008924    000000d8     GlobalDraw.obj (.text:MainPage)
                  000089fc    000000d6     drivers_tivaware.aem4f : I2CTiva.oem4f (.text:I2CTiva_hwiFxn)
                  00008ad2    000000d6     grlib.lib : slider.obj (.text:SliderClick)
                  00008ba8    000000d4     sysbios.aem4f : BIOS.obj (.text:ti_sysbios_knl_Swi_Instance_init__E)
                  00008c7c    000000cc     ti.targets.arm.rtsarm.aem4f : Core-smem.oem4f (.text:xdc_runtime_Core_constructObject__I)
                  00008d48    000000c0     grlib.lib : string.obj (.text:GrDefaultStringRenderer)
                  00008e08    000000bc     sysbios.aem4f : BIOS.obj (.text:ti_sysbios_family_arm_m3_Hwi_excDebugMon__I)
                  00008ec4    00000004     empty_pem4f.oem4f (.text:ti_sysbios_family_arm_m3_Hwi_destruct)
                  00008ec8    000000bc     sysbios.aem4f : BIOS.obj (.text:ti_sysbios_family_arm_m3_Hwi_excHardFault__I)
                  00008f84    000000b8     EK_TM4C1294XL.obj (.text:EK_TM4C1294XL_initGeneral)
                  0000903c    000000b8     grlib.lib : line.obj (.text:GrLineClip)
                  000090f4    000000b8     Kentec320x240x16_ssd2119_spi.obj (.text:InitSPILCDInterface)
                  000091ac    000000b8     drivers_tivaware.aem4f : PWMTimerTiva.oem4f (.text:PWMTimerTiva_setDuty)
                  00009264    000000b4     grlib.lib : widget.obj (.text:WidgetMessageSendPostOrder)
                  00009318    000000b4     sysbios.aem4f : BIOS.obj (.text:ti_sysbios_gates_GateMutex_enter__E)
                  000093cc    00000004     empty_pem4f.oem4f (.text:ti_sysbios_family_arm_m3_TaskSupport_Module__startupDone__S)
                  000093d0    000000b4     sysbios.aem4f : BIOS.obj (.text:ti_sysbios_knl_Task_checkStacks__E)
                  00009484    000000b1     rtsv7M4_T_le_v4SPD16_eabi.lib : _printfi.c.obj (.text:_ltostr)
                  00009535    00000001     --HOLE-- [fill = 0]
                  00009536    000000b0     grlib.lib : slider.obj (.text:SliderValueToPosition)
                  000095e6    000000ac     drivers_tivaware.aem4f : UARTTiva.oem4f (.text:readTaskBlocking)
                  00009692    00000006     driverlib.lib : gpio.obj (.text:GPIOPinRead)
                  00009698    000000ac     sysbios.aem4f : BIOS.obj (.text:ti_sysbios_family_arm_lm4_Timer_enableTiva__I)
                  00009744    00000004     empty_pem4f.oem4f (.text:ti_sysbios_hal_Timer_TimerProxy_delete)
                  00009748    000000a4     sysbios.aem4f : BIOS.obj (.text:ti_sysbios_knl_Clock_Instance_finalize__E)
                  000097ec    000000a0     auto_init.aem4f : auto_init.oem4f (.text)
                  0000988c    000000a0     ti.targets.arm.rtsarm.aem4f : Text.oem4f (.text:xdc_runtime_Text_putMod__E)
                  0000992c    0000009c     EK_TM4C1294XL.obj (.text:EK_TM4C1294XL_initI2C)
                  000099c8    0000009c     rtsv7M4_T_le_v4SPD16_eabi.lib : memcpy_t2.asm.obj (.text)
                  00009a64    00000004     empty_pem4f.oem4f (.text:ti_sysbios_heaps_HeapMem_Module_GateProxy_enter__E)
                  00009a68    0000009c     sysbios.aem4f : BIOS.obj (.text:ti_sysbios_knl_Semaphore_Instance_init__E)
                  00009b04    0000009a     ti.targets.arm.rtsarm.aem4f : Text.oem4f (.text:xdc_runtime_Text_putSite__E)
                  00009b9e    00000098     drivers_tivaware.aem4f : UARTTiva.oem4f (.text:UARTTiva_readPolling)
                  00009c36    00000002     --HOLE-- [fill = 0]
                  00009c38    00000098     Boot.aem4f : Boot.oem4f (.text:ti_catalog_arm_cortexm4_tiva_ce_Boot_sysCtlClockFreqSet__E)
                  00009cd0    00000096     rtsv7M4_T_le_v4SPD16_eabi.lib : ull_div_t2.asm.obj (.text)
                  00009d66    00000094     drivers_tivaware.aem4f : UARTTiva.oem4f (.text:UARTTiva_write)
                  00009dfa    00000006     driverlib.lib : gpio.obj (.text:GPIOPinWrite)
                  00009e00    00000094     sysbios.aem4f : BIOS.obj (.text:ti_sysbios_family_arm_m3_Hwi_Instance_init__E)
                  00009e94    00000004     empty_pem4f.oem4f (.text:ti_sysbios_heaps_HeapMem_Module_GateProxy_leave__E)
                  00009e98    00000094     sysbios.aem4f : BIOS.obj (.text:ti_sysbios_family_arm_m3_Hwi_initNVIC__E)
                  00009f2c    00000004     empty_pem4f.oem4f (.text:ti_sysbios_knl_Clock_TimerProxy_getFreq__E)
                  00009f30    00000094     sysbios.aem4f : BIOS.obj (.text:ti_sysbios_knl_Task_postInit__I)
                  00009fc4    0000008c     drivers_tivaware.aem4f : GPIOTiva.oem4f (.text:GPIO_init)
                  0000a050    0000008c                            : UARTTiva.oem4f (.text:UARTTiva_control)
                  0000a0dc    0000008c     sysbios.aem4f : m3_TaskSupport_asm.obj (.text:ti_sysbios_family_arm_m3_TaskSupport_buildTaskStack)
                  0000a168    0000008c                   : BIOS.obj (.text:ti_sysbios_hal_SecondsClock_Module_startup__E)
                  0000a1f4    0000008a     drivers_tivaware.aem4f : UARTTiva.oem4f (.text:readIsrTextBlocking)
                  0000a27e    00000002     --HOLE-- [fill = 0]
                  0000a280    00000088                            : PWMTiva.oem4f (.text:PWMTiva_control)
                  0000a308    00000086     grlib.lib : rectangle.obj (.text:GrRectFill)
                  0000a38e    00000086     rtsv7M4_T_le_v4SPD16_eabi.lib : fd_cmp_t2.asm.obj (.text:__aeabi_cdcmple)
                  0000a414    00000086                                   : fd_cmp_t2.asm.obj (.text:__aeabi_cdrcmple)
                  0000a49a    00000084     GraphFunctions.obj (.text:ArrayUpdate)
                  0000a51e    00000002     --HOLE-- [fill = 0]
                  0000a520    00000084     sysbios.aem4f : BIOS.obj (.text:ti_sysbios_family_arm_m3_Hwi_postInit__I)
                  0000a5a4    00000082     opt3001.obj (.text:opt3001_init)
                  0000a626    00000082     drivers_tivaware.aem4f : UARTTiva.oem4f (.text:readIsrTextCallback)
                  0000a6a8    00000080     grlib.lib : rectangle.obj (.text:GrRectIntersectGet)
                  0000a728    0000007e     drivers_tivaware.aem4f : I2CTiva.oem4f (.text:I2CTiva_transfer)
                  0000a7a6    00000002     --HOLE-- [fill = 0]
                  0000a7a8    0000007c     GlobalDraw.obj (.text:GraphPage)
                  0000a824    00000004     empty_pem4f.oem4f (.text:ti_sysbios_knl_Clock_TimerProxy_getMaxTicks__E)
                  0000a828    0000007c     sysbios.aem4f : BIOS.obj (.text:ti_sysbios_family_arm_lm4_Timer_disableTiva__I)
                  0000a8a4    0000007a     driverlib.lib : adc.obj (.text:ADCSequenceStepConfigure)
                  0000a91e    0000007a     drivers_tivaware.aem4f : UARTTiva.oem4f (.text:readTaskCallback)
                  0000a998    0000007a     rtsv7M4_T_le_v4SPD16_eabi.lib : memset_t2.asm.obj (.text)
                  0000aa12    00000002     --HOLE-- [fill = 0]
                  0000aa14    00000074     GlobalDraw.obj (.text:InitScreen)
                  0000aa88    00000074     sysbios.aem4f : BIOS.obj (.text:ti_sysbios_knl_Clock_start__E)
                  0000aafc    00000070     empty.obj (.text:lightSensorFilterFxn)
                  0000ab6c    00000070     opt3001.obj (.text:opt3001_convert)
                  0000abdc    00000070     opt3001.obj (.text:opt3001_read)
                  0000ac4c    00000004     empty_pem4f.oem4f (.text:ti_sysbios_knl_Clock_TimerProxy_getPeriod__E)
                  0000ac50    00000070     sysbios.aem4f : BIOS.obj (.text:ti_sysbios_knl_Clock_workFunc__E)
                  0000acc0    00000070                   : BIOS.obj (.text:ti_sysbios_knl_Task_exit__E)
                  0000ad30    0000006e     rtsv7M4_T_le_v4SPD16_eabi.lib : _printfi.c.obj (.text:_mcpy)
                  0000ad9e    0000006e                                   : fd_tos_t2.asm.obj (.text)
                  0000ae0c    0000006d     ti.targets.arm.rtsarm.aem4f : System.oem4f (.text:xdc_runtime_System_formatNum__I)
                  0000ae79    00000003     --HOLE-- [fill = 0]
                  0000ae7c    0000006c     GraphFunctions.obj (.text:CalcAvg)
                  0000aee8    0000006c     drivers_tivaware.aem4f : PWMTimerTiva.oem4f (.text:PWMTimerTiva_control)
                  0000af54    0000006c     empty_pem4f.oem4f (.text:ti_sysbios_family_arm_lm4_Timer_Object__create__S)
                  0000afc0    0000006c     sysbios.aem4f : BIOS.obj (.text:ti_sysbios_gates_GateMutexPri_leave__E)
                  0000b02c    00000004     empty_pem4f.oem4f (.text:ti_sysbios_knl_Clock_destruct)
                  0000b030    0000006c     sysbios.aem4f : BIOS.obj (.text:ti_sysbios_knl_Swi_restoreHwi__E)
                  0000b09c    0000006c     drivers_tivaware.aem4f : UARTTiva.oem4f (.text:writeData)
                  0000b108    0000006c     ti.targets.arm.rtsarm.aem4f : Error.oem4f (.text:xdc_runtime_Error_print__E)
                  0000b174    0000006c                                 : Memory.oem4f (.text:xdc_runtime_Memory_alloc__E)
                  0000b1e0    0000006a     drivers_tivaware.aem4f : PWMTiva.oem4f (.text:PWMTiva_close)
                  0000b24a    00000002     --HOLE-- [fill = 0]
                  0000b24c    00000068     GlobalDraw.obj (.text:BackMainMotorPage)
                  0000b2b4    00000068     grlib.lib : context.obj (.text:GrContextInit)
                  0000b31c    00000068               : string.obj (.text:GrStringWidthGet)
                  0000b384    00000068     driverlib.lib : interrupt.obj (.text:IntEnable)
                  0000b3ec    00000068     Kentec320x240x16_ssd2119_spi.obj (.text:Kentec320x240x16_SSD2119LineDrawH)
                  0000b454    00000068     Kentec320x240x16_ssd2119_spi.obj (.text:Kentec320x240x16_SSD2119LineDrawV)
                  0000b4bc    00000068     rtsv7M4_T_le_v4SPD16_eabi.lib : copy_decompress_lzss.c.obj (.text:decompress:lzss:__TI_decompress_lzss)
                  0000b524    00000066     grlib.lib : context.obj (.text:GrContextClipRegionSet)
                  0000b58a    00000066               : rectangle.obj (.text:GrRectDraw)
                  0000b5f0    00000066     ti.targets.arm.rtsarm.aem4f : Core-mem.oem4f (.text:xdc_runtime_Core_deleteObject__I)
                  0000b656    00000002     --HOLE-- [fill = 0]
                  0000b658    00000064     drivers_tivaware.aem4f : GPIOTiva.oem4f (.text:GPIO_hwiIntFxn)
                  0000b6bc    00000064     grlib.lib : widget.obj (.text:WidgetMessageQueueProcess)
                  0000b720    00000064     rtsv7M4_T_le_v4SPD16_eabi.lib : s_frexp.c.obj (.text:frexp)
                  0000b784    00000004     empty_pem4f.oem4f (.text:ti_sysbios_knl_Queue_destruct)
                  0000b788    00000064     sysbios.aem4f : BIOS.obj (.text:ti_sysbios_family_arm_lm4_Timer_Module_startup__E)
                  0000b7ec    00000064     empty_pem4f.oem4f (.text:ti_sysbios_family_arm_m3_Hwi_create)
                  0000b850    00000064     sysbios.aem4f : BIOS.obj (.text:ti_sysbios_family_arm_m3_Hwi_dispatchC__I)
                  0000b8b4    00000064     empty_pem4f.oem4f (.text:ti_sysbios_hal_Timer_create)
                  0000b918    00000064     Clock.obj (.text:timer1sec)
                  0000b97c    00000062     drivers_tivaware.aem4f : I2CTiva.oem4f (.text:I2CTiva_primeTransfer)
                  0000b9de    00000002     --HOLE-- [fill = 0]
                  0000b9e0    00000060     driverlib.lib : timer.obj (.text:TimerConfigure)
                  0000ba40    00000060     Kentec320x240x16_ssd2119_spi.obj (.text:WriteDataSPI)
                  0000baa0    00000060     sysbios.aem4f : BIOS.obj (.text:ti_sysbios_knl_Task_schedule__I)
                  0000bb00    0000005e     grlib.lib : widget.obj (.text:WidgetMessageSendPreOrder)
                  0000bb5e    0000005e     bmi160.obj (.text:bmi160_getAccel)
                  0000bbbc    0000005e     drivers_tivaware.aem4f : UARTTiva.oem4f (.text:readIsrBinaryBlocking)
                  0000bc1a    00000002     --HOLE-- [fill = 0]
                  0000bc1c    0000005c     Kentec320x240x16_ssd2119_spi.obj (.text:WriteCommandSPI)
                  0000bc78    0000005c     empty_pem4f.oem4f (.text:ti_sysbios_knl_Swi_create)
                  0000bcd4    00000004     empty_pem4f.oem4f (.text:ti_sysbios_knl_Semaphore_destruct)
                  0000bcd8    0000005c     sysbios.aem4f : BIOS.obj (.text:ti_sysbios_knl_Swi_run__I)
                  0000bd34    00000004     ti.targets.arm.rtsarm.aem4f : Error.oem4f (.text:xdc_runtime_Error_getSite__E)
                  0000bd38    0000005c     sysbios.aem4f : BIOS.obj (.text:ti_sysbios_knl_Swi_schedule__I)
                  0000bd94    00000004     empty_pem4f.oem4f (.text:xdc_runtime_System_Module_GateProxy_enter__E)
                  0000bd98    0000005c     sysbios.aem4f : BIOS.obj (.text:ti_sysbios_knl_Task_Module_startup__E)
                  0000bdf4    00000004     empty_pem4f.oem4f (.text:xdc_runtime_System_Module_GateProxy_leave__E)
                  0000bdf8    0000005c     sysbios.aem4f : BIOS.obj (.text:ti_sysbios_knl_Task_startCore__E)
                  0000be54    0000005c     i2cDriver.obj (.text:writeI2C)
                  0000beb0    0000005b     ti.targets.arm.rtsarm.aem4f : Text.oem4f (.text:xdc_runtime_Text_putLab__E)
                  0000bf0b    00000001     --HOLE-- [fill = 0]
                  0000bf0c    0000005a     grlib.lib : string.obj (.text:FontWideGlyphDataGet)
                  0000bf66    00000002     --HOLE-- [fill = 0]
                  0000bf68    00000058     boot.aem4f : boot.oem4f (.text)
                  0000bfc0    00000058     rtsv7M4_T_le_v4SPD16_eabi.lib : hostwrite.c.obj (.text:HOSTwrite)
                  0000c018    00000058     grlib.lib : slider.obj (.text:SliderPositionToValue)
                  0000c070    00000058     driverlib.lib : timer.obj (.text:TimerControlTrigger)
                  0000c0c8    00000058     sysbios.aem4f : BIOS.obj (.text:ti_sysbios_family_arm_lm4_Timer_Instance_finalize__E)
                  0000c120    00000058     empty_pem4f.oem4f (.text:ti_sysbios_family_arm_m3_Hwi_construct)
                  0000c178    00000058     sysbios.aem4f : m3_Hwi_asm_switch.obj (.text:ti_sysbios_family_arm_m3_Hwi_initStacks__E)
                  0000c1d0    00000056     driverlib.lib : gpio.obj (.text:GPIOIntTypeSet)
                  0000c226    00000056     rtsv7M4_T_le_v4SPD16_eabi.lib : _printfi.c.obj (.text:_pconv_f)
                  0000c27c    00000054                                   : _ltoa.c.obj (.text:__TI_ltoa)
                  0000c2d0    00000054     empty.obj (.text:i2c_Open)
                  0000c324    00000054     drivers_tivaware.aem4f : UARTTiva.oem4f (.text:readIsrBinaryCallback)
                  0000c378    00000054     sysbios.aem4f : BIOS.obj (.text:ti_sysbios_family_arm_lm4_Timer_initDevice__I)
                  0000c3cc    00000004     ti.targets.arm.rtsarm.aem4f : System.oem4f (.text:xdc_runtime_System_aprintf_va__F)
                  0000c3d0    00000054     sysbios.aem4f : BIOS.obj (.text:ti_sysbios_knl_Swi_Instance_finalize__E)
                  0000c424    00000054     empty_pem4f.oem4f (.text:ti_sysbios_knl_Task_construct)
                  0000c478    00000054     ti.targets.arm.rtsarm.aem4f : Assert.oem4f (.text:xdc_runtime_Assert_raise__I)
                  0000c4cc    00000052     rtsv7M4_T_le_v4SPD16_eabi.lib : _printfi.c.obj (.text:_ecpy)
                  0000c51e    00000002     --HOLE-- [fill = 0]
                  0000c520    00000050     drivers_tivaware.aem4f : GPIOTiva.oem4f (.text:GPIO_setCallback)
                  0000c570    00000050                            : GPIOTiva.oem4f (.text:GPIO_toggle)
                  0000c5c0    00000050                            : GPIOTiva.oem4f (.text:GPIO_write)
                  0000c610    00000050                            : UARTTiva.oem4f (.text:UARTTiva_writeCancel)
                  0000c660    00000050     Boot.aem4f : Boot_sysctl.oem4f (.text:_SysCtlFrequencyGet)
                  0000c6b0    00000050     sysbios.aem4f : BIOS.obj (.text:ti_sysbios_family_arm_m3_Hwi_Module_startup__E)
                  0000c700    00000050     ti.targets.arm.rtsarm.aem4f : Startup.oem4f (.text:xdc_runtime_Startup_exec__E)
                  0000c750    00000050                                 : Text.oem4f (.text:xdc_runtime_Text_visitRope2__I)
                  0000c7a0    0000004c     drivers_tivaware.aem4f : UARTTiva.oem4f (.text:UARTTiva_close)
                  0000c7ec    0000004c     grlib.lib : widget.obj (.text:WidgetRemove)
                  0000c838    0000004c     rtsv7M4_T_le_v4SPD16_eabi.lib : atoi.c.obj (.text:atoi)
                  0000c884    0000004c                                   : cpy_tbl.c.obj (.text:copy_in)
                  0000c8d0    0000004c     i2cDriver.obj (.text:readI2C)
                  0000c91c    00000004     ti.targets.arm.rtsarm.aem4f : System.oem4f (.text:xdc_runtime_System_printf_va__F)
                  0000c920    0000004c     sysbios.aem4f : BIOS.obj (.text:ti_sysbios_family_arm_lm4_Timer_setAvailMask__E)
                  0000c96c    00000004     --HOLE-- [fill = 0]
                  0000c970    0000004c                   : BIOS.obj (.text:ti_sysbios_heaps_HeapMem_getStats__E)
                  0000c9bc    00000004     --HOLE-- [fill = 0]
                  0000c9c0    0000004c                   : BIOS.obj (.text:ti_sysbios_knl_Swi_runLoop__I)
                  0000ca0c    00000004     --HOLE-- [fill = 0]
                  0000ca10    0000004c                   : BIOS.obj (.text:ti_sysbios_knl_Task_allBlockedFunction__I)
                  0000ca5c    00000004     --HOLE-- [fill = 0]
                  0000ca60    0000004c                   : BIOS.obj (.text:ti_sysbios_knl_Task_block__E)
                  0000caac    0000004a     drivers_tivaware.aem4f : PWMTimerTiva.oem4f (.text:PWMTimerTiva_close)
                  0000caf6    0000004a     grlib.lib : string.obj (.text:UpdateContextCharMapping)
                  0000cb40    00000048     driverlib.lib : gpio.obj (.text:GPIOPinConfigure)
                  0000cb88    00000048                   : i2c.obj (.text:I2CMasterInitExpClk)
                  0000cbd0    00000048     rtsv7M4_T_le_v4SPD16_eabi.lib : fd_toi_t2.asm.obj (.text)
                  0000cc18    00000048     sysbios.aem4f : BIOS.obj (.text:ti_sysbios_family_arm_lm4_Timer_enableTimers__I)
                  0000cc60    00000048                   : BIOS.obj (.text:ti_sysbios_family_arm_m3_Hwi_disableInterrupt__E)
                  0000cca8    00000048                   : BIOS.obj (.text:ti_sysbios_family_arm_m3_Hwi_enableInterrupt__E)
                  0000ccf0    00000048                   : BIOS.obj (.text:ti_sysbios_family_arm_m3_Hwi_excReserved__I)
                  0000cd38    00000048                   : BIOS.obj (.text:ti_sysbios_hal_SecondsClock_increment__I)
                  0000cd80    00000048                   : BIOS.obj (.text:ti_sysbios_knl_Mailbox_Module_startup__E)
                  0000cdc8    00000046     grlib.lib : line.obj (.text:GrLineDrawH)
                  0000ce0e    00000046               : line.obj (.text:GrLineDrawV)
                  0000ce54    00000046     Kentec320x240x16_ssd2119_spi.obj (.text:Kentec320x240x16_SSD2119PixelDraw)
                  0000ce9a    00000046     drivers_tivaware.aem4f : RingBuf.oem4f (.text:RingBuf_put)
                  0000cee0    00000046     UARTLocal.obj (.text:initUART)
                  0000cf26    00000046     ti.targets.arm.rtsarm.aem4f : Core-params.oem4f (.text:xdc_runtime_Core_assignParams__I)
                  0000cf6c    00000004     --HOLE-- [fill = 0]
                  0000cf70    00000044     sysbios.aem4f : BIOS.obj (.text:ti_sysbios_family_arm_lm4_Timer_isrStub__E)
                  0000cfb4    00000004     --HOLE-- [fill = 0]
                  0000cfb8    00000044                   : BIOS.obj (.text:ti_sysbios_family_arm_m3_Hwi_getStackInfo__E)
                  0000cffc    00000004     --HOLE-- [fill = 0]
                  0000d000    00000044                   : BIOS.obj (.text:ti_sysbios_knl_Mailbox_postInit__I)
                  0000d044    00000004     --HOLE-- [fill = 0]
                  0000d048    00000044                   : BIOS.obj (.text:ti_sysbios_knl_Swi_post__E)
                  0000d08c    00000044     ti.targets.arm.rtsarm.aem4f : Error.oem4f (.text:xdc_runtime_Error_setX__E)
                  0000d0d0    00000044                                 : SysMin.oem4f (.text:xdc_runtime_SysMin_flush__E)
                  0000d114    00000044                                 : Text.oem4f (.text:xdc_runtime_Text_xprintf__I)
                  0000d158    00000042     driverlib.lib : uart.obj (.text:UARTConfigSetExpClk)
                  0000d19a    00000042     drivers_tivaware.aem4f : UARTTiva.oem4f (.text:UARTTiva_hwiIntFxn)
                  0000d1dc    00000042                            : UARTTiva.oem4f (.text:UARTTiva_writePolling)
                  0000d21e    00000040                            : RingBuf.oem4f (.text:RingBuf_get)
                  0000d25e    00000040                            : UARTTiva.oem4f (.text:UARTTiva_read)
                  0000d29e    00000040     rtsv7M4_T_le_v4SPD16_eabi.lib : u_divt2.asm.obj (.text)
                  0000d2de    00000002     --HOLE-- [fill = 0]
                  0000d2e0    00000040                                   : sprintf.c.obj (.text:sprintf)
                  0000d320    00000040     sysbios.aem4f : BIOS.obj (.text:ti_sysbios_family_arm_lm4_Timer_startup__E)
                  0000d360    00000040                   : BIOS.obj (.text:ti_sysbios_hal_SecondsClock_getTime__E)
                  0000d3a0    0000003e     driverlib.lib : adc.obj (.text:ADCSequenceConfigure)
                  0000d3de    0000003e     rtsv7M4_T_le_v4SPD16_eabi.lib : _printfi.c.obj (.text:_fcpy)
                  0000d41c    0000003c     GraphFunctions.obj (.text:CalcNoRemainder)
                  0000d458    0000003c     driverlib.lib : ssi.obj (.text:SSIConfigSetExpClk)
                  0000d494    00000004     --HOLE-- [fill = 0]
                  0000d498    0000003c     sysbios.aem4f : BIOS.obj (.text:ti_sysbios_family_arm_m3_Hwi_excSvCall__I)
                  0000d4d4    00000004     --HOLE-- [fill = 0]
                  0000d4d8    0000003c                   : BIOS.obj (.text:ti_sysbios_heaps_HeapMem_init__I)
                  0000d514    00000004     --HOLE-- [fill = 0]
                  0000d518    0000003c                   : BIOS.obj (.text:ti_sysbios_knl_Swi_restore__E)
                  0000d554    0000003a     grlib.lib : string.obj (.text:FontGlyphDataGet)
                  0000d58e    0000003a     drivers_tivaware.aem4f : I2CTiva.oem4f (.text:I2CTiva_completeTransfer)
                  0000d5c8    00000038     grlib.lib : rectangle.obj (.text:GrRectOverlapCheck)
                  0000d600    00000038     drivers_tivaware.aem4f : I2C.oem4f (.text:I2C_init)
                  0000d638    00000038                            : PWM.oem4f (.text:PWM_init)
                  0000d670    00000038     GlobalDraw.obj (.text:RemoveGraphSelect)
                  0000d6a8    00000038     driverlib.lib : sysctl.obj (.text:SysCtlPeripheralReady)
                  0000d6e0    00000038     drivers_tivaware.aem4f : UART.oem4f (.text:UART_init)
                  0000d718    00000038     rtsv7M4_T_le_v4SPD16_eabi.lib : trgmsg.c.obj (.text:__TI_writemsg)
                  0000d750    00000038                                   : fs_tod_t2.asm.obj (.text)
                  0000d788    00000038     sysbios.aem4f : BIOS.obj (.text:ti_sysbios_family_arm_m3_Hwi_excNoIsr__I)
                  0000d7c0    00000038                   : BIOS.obj (.text:ti_sysbios_knl_Task_processVitalTaskFlag__I)
                  0000d7f8    00000038     ti.targets.arm.rtsarm.aem4f : SysMin.oem4f (.text:xdc_runtime_SysMin_putch__E)
                  0000d830    00000038                                 : System.oem4f (.text:xdc_runtime_System_atexit__E)
                  0000d868    00000036     grlib.lib : line.obj (.text:GrClipCodeGet)
                  0000d89e    00000036     drivers_tivaware.aem4f : I2CTiva.oem4f (.text:I2CTiva_close)
                  0000d8d4    00000036                            : UARTTiva.oem4f (.text:UARTTiva_readCancel)
                  0000d90a    00000002     --HOLE-- [fill = 0]
                  0000d90c    00000034     driverlib.lib : sysctl.obj (.text:SysCtlPeripheralEnable)
                  0000d940    00000034     rtsv7M4_T_le_v4SPD16_eabi.lib : trgmsg.c.obj (.text:__TI_readmsg)
                  0000d974    00000034     bmi160.obj (.text:bmi160_readConvert)
                  0000d9a8    00000034     sysbios.aem4f : BIOS.obj (.text:ti_sysbios_family_arm_lm4_Timer_setPeriodMicroSecs__E)
                  0000d9dc    00000004     --HOLE-- [fill = 0]
                  0000d9e0    00000034                   : BIOS.obj (.text:ti_sysbios_family_arm_m3_Hwi_Instance_finalize__E)
                  0000da14    00000004     --HOLE-- [fill = 0]
                  0000da18    00000034                   : BIOS.obj (.text:ti_sysbios_family_arm_m3_Hwi_excNmi__I)
                  0000da4c    00000004     --HOLE-- [fill = 0]
                  0000da50    00000034                   : BIOS.obj (.text:ti_sysbios_hal_Hwi_checkStack)
                  0000da84    00000034     empty_pem4f.oem4f (.text:ti_sysbios_knl_Clock_construct)
                  0000dab8    00000034     ti.targets.arm.rtsarm.aem4f : Core-label.oem4f (.text:xdc_runtime_Core_assignLabel__I)
                  0000daec    00000033                                 : Text.oem4f (.text:xdc_runtime_Text_printVisFxn__I)
                  0000db1f    00000001     --HOLE-- [fill = 0]
                  0000db20    00000032     sysbios.aem4f : BIOS.obj (.text:ti_sysbios_hal_Hwi_initStack)
                  0000db52    00000002     --HOLE-- [fill = 0]
                  0000db54    00000030     drivers_tivaware.aem4f : I2C.oem4f (.text:I2C_open)
                  0000db84    00000030                            : PWMTiva.oem4f (.text:PWMTiva_init)
                  0000dbb4    00000030                            : PWM.oem4f (.text:PWM_open)
                  0000dbe4    00000030                            : UART.oem4f (.text:UART_open)
                  0000dc14    00000030     empty_pem4f.oem4f (.text:ti_sysbios_BIOS_atExitFunc__I)
                  0000dc44    00000004     --HOLE-- [fill = 0]
                  0000dc48    00000030     sysbios.aem4f : BIOS.obj (.text:ti_sysbios_family_arm_lm4_Timer_stop__E)
                  0000dc78    00000030                   : BIOS.obj (.text:ti_sysbios_family_arm_m3_TaskSupport_start__E)
                  0000dca8    00000030     empty_pem4f.oem4f (.text:ti_sysbios_gates_GateHwi_Object__create__S)
                  0000dcd8    00000030     empty_pem4f.oem4f (.text:ti_sysbios_gates_GateMutexPri_Object__create__S)
                  0000dd08    00000030     empty_pem4f.oem4f (.text:ti_sysbios_gates_GateMutexPri_create)
                  0000dd38    00000030     empty_pem4f.oem4f (.text:ti_sysbios_gates_GateMutex_Object__create__S)
                  0000dd68    00000030     empty_pem4f.oem4f (.text:ti_sysbios_heaps_HeapMem_Object__create__S)
                  0000dd98    00000030     empty_pem4f.oem4f (.text:ti_sysbios_knl_Semaphore_construct)
                  0000ddc8    00000030     sysbios.aem4f : BIOS.obj (.text:ti_sysbios_knl_Semaphore_pendTimeout__I)
                  0000ddf8    00000030                   : BIOS.obj (.text:ti_sysbios_knl_Task_unblockI__E)
                  0000de28    00000030     ti.targets.arm.rtsarm.aem4f : SysMin.oem4f (.text:xdc_runtime_SysMin_abort__E)
                  0000de58    00000030                                 : System.oem4f (.text:xdc_runtime_System_processAtExit__E)
                  0000de88    0000002e     grlib.lib : string.obj (.text:GrStringNextCharGet)
                  0000deb6    0000002e     rtsv7M4_T_le_v4SPD16_eabi.lib : i_tofd_t2.asm.obj (.text)
                  0000dee4    0000002c     EK_TM4C1294XL.obj (.text:EK_TM4C1294XL_initUART)
                  0000df10    0000002c     grlib.lib : string.obj (.text:GrFontBaselineGet)
                  0000df3c    0000002c               : string.obj (.text:GrFontHeightGet)
                  0000df68    0000002c               : pushbutton.obj (.text:RectangularButtonMsgProc)
                  0000df94    0000002c               : slider.obj (.text:SliderMsgProc)
                  0000dfc0    0000002c               : widget.obj (.text:WidgetIsInTree)
                  0000dfec    0000002c     empty_pem4f.oem4f (.text:ti_sysbios_knl_Clock_doTick__I)
                  0000e018    0000002c     empty_pem4f.oem4f (.text:ti_sysbios_knl_Queue_construct)
                  0000e044    00000004     --HOLE-- [fill = 0]
                  0000e048    0000002c     sysbios.aem4f : BIOS.obj (.text:ti_sysbios_knl_Task_restore__E)
                  0000e074    0000002c     ti.targets.arm.rtsarm.aem4f : Text.oem4f (.text:xdc_runtime_Text_cordText__E)
                  0000e0a0    0000002a     driverlib.lib : gpio.obj (.text:GPIODirModeSet)
                  0000e0ca    0000002a     bmi160.obj (.text:bmi160_delay)
                  0000e0f4    0000002a     ti.targets.arm.rtsarm.aem4f : System.oem4f (.text:xdc_runtime_System_putchar__I)
                  0000e11e    00000028     Kentec320x240x16_ssd2119_spi.obj (.text:Kentec320x240x16_SSD2119ColorTranslate)
                  0000e146    00000002     --HOLE-- [fill = 0]
                  0000e148    00000028     sysbios.aem4f : BIOS.obj (.text:ti_sysbios_hal_Timer_Instance_init__E)
                  0000e170    00000028                   : BIOS.obj (.text:ti_sysbios_knl_Clock_addI__E)
                  0000e198    00000028                   : BIOS.obj (.text:ti_sysbios_knl_Swi_Module_startup__E)
                  0000e1c0    00000026     grlib.lib : string.obj (.text:GrFontInfoGet)
                  0000e1e6    00000026     sysbios.aem4f : m3_Hwi_asm.obj (.text:ti_sysbios_family_arm_m3_Hwi_pendSV__I)
                  0000e20c    00000026     ti.targets.arm.rtsarm.aem4f : System.oem4f (.text:xdc_runtime_System_avprintf__E)
                  0000e232    00000002     --HOLE-- [fill = 0]
                  0000e234    00000024     GlobalDraw.obj (.text:BackGraphSelect)
                  0000e258    00000024     GlobalDraw.obj (.text:BackMainGraph)
                  0000e27c    00000024     GlobalDraw.obj (.text:RemoveMainPage)
                  0000e2a0    00000024     GlobalDraw.obj (.text:backMainSensor)
                  0000e2c4    00000024     GlobalDraw.obj (.text:removeSensorPage)
                  0000e2e8    00000024     empty_pem4f.oem4f (.text:ti_sysbios_BIOS_errorRaiseHook__I)
                  0000e30c    00000024     empty_pem4f.oem4f (.text:ti_sysbios_BIOS_registerRTSLock__I)
                  0000e330    00000024     empty_pem4f.oem4f (.text:ti_sysbios_BIOS_removeRTSLock__I)
                  0000e354    00000024     empty_pem4f.oem4f (.text:ti_sysbios_BIOS_startFunc__I)
                  0000e378    00000024     empty_pem4f.oem4f (.text:ti_sysbios_gates_GateMutexPri_Object__delete__S)
                  0000e39c    00000024     empty_pem4f.oem4f (.text:ti_sysbios_gates_GateMutex_Object__delete__S)
                  0000e3c0    00000024     sysbios.aem4f : BIOS.obj (.text:ti_sysbios_knl_Clock_Module_startup__E)
                  0000e3e4    00000004     --HOLE-- [fill = 0]
                  0000e3e8    00000024                   : BIOS.obj (.text:ti_sysbios_knl_Task_restoreHwi__E)
                  0000e40c    00000024     ti.targets.arm.rtsarm.aem4f : System.oem4f (.text:xdc_runtime_System_vprintf__E)
                  0000e430    00000022     grlib.lib : string.obj (.text:GrFontGlyphDataGet)
                  0000e452    00000022     driverlib.lib : pwm.obj (.text:PWMGenConfigure)
                  0000e474    00000022     drivers_tivaware.aem4f : PWMTiva.oem4f (.text:PWMTiva_getPeriodCounts)
                  0000e496    00000002     --HOLE-- [fill = 0]
                  0000e498    00000022     sysbios.aem4f : BIOS.obj (.text:ti_sysbios_family_arm_lm4_Timer_write__I)
                  0000e4ba    00000022     empty_pem4f.oem4f (.text:xdc_runtime_SysMin_output__I)
                  0000e4dc    00000020     Boot.aem4f : Boot_sysctl.oem4f (.text:_SysCtlMemTimingGet)
                  0000e4fc    00000020     rtsv7M4_T_le_v4SPD16_eabi.lib : u_tofd_t2.asm.obj (.text)
                  0000e51c    00000020     empty_pem4f.oem4f (.text:ti_sysbios_BIOS_rtsLock__I)
                  0000e53c    00000020     empty_pem4f.oem4f (.text:ti_sysbios_family_arm_lm4_Timer_Object__delete__S)
                  0000e55c    00000004     --HOLE-- [fill = 0]
                  0000e560    00000020     sysbios.aem4f : BIOS.obj (.text:ti_sysbios_family_arm_lm4_Timer_getFreq__E)
                  0000e580    00000020     empty_pem4f.oem4f (.text:ti_sysbios_family_arm_m3_Hwi_Object__delete__S)
                  0000e5a0    00000020     sysbios.aem4f : m3_Hwi_asm.obj (.text:ti_sysbios_family_arm_m3_Hwi_excHandlerAsm__I)
                  0000e5c0    00000020                   : BIOS.obj (.text:ti_sysbios_family_arm_m3_Hwi_excHandler__I)
                  0000e5e0    00000020     empty_pem4f.oem4f (.text:ti_sysbios_gates_GateHwi_Object__delete__S)
                  0000e600    00000020     empty_pem4f.oem4f (.text:ti_sysbios_heaps_HeapMem_Object__delete__S)
                  0000e620    00000020     empty_pem4f.oem4f (.text:ti_sysbios_knl_Clock_Object__destruct__S)
                  0000e640    00000020     sysbios.aem4f : BIOS.obj (.text:ti_sysbios_knl_Idle_run__E)
                  0000e660    00000020     empty_pem4f.oem4f (.text:ti_sysbios_knl_Semaphore_Object__destruct__S)
                  0000e680    00000020     ti.targets.arm.rtsarm.aem4f : Registry.oem4f (.text:xdc_runtime_Registry_findById__E)
                  0000e6a0    00000020                                 : SysMin.oem4f (.text:xdc_runtime_SysMin_Module_startup__E)
                  0000e6c0    0000001e     grlib.lib : string.obj (.text:GrFontCodepageGet)
                  0000e6de    0000001e     driverlib.lib : pwm.obj (.text:PWMPulseWidthSet)
                  0000e6fc    0000001e     drivers_tivaware.aem4f : PWMTiva.oem4f (.text:PWMTiva_getPeriodMicroSecs)
                  0000e71a    0000001e     grlib.lib : widget.obj (.text:WidgetAdd)
                  0000e738    0000001e     sysbios.aem4f : m3_Hwi_asm_switch.obj (.text:ti_sysbios_family_xxx_Hwi_switchAndRunFunc)
                  0000e756    0000001e     Clock.obj (.text:updatetime)
                  0000e774    0000001c     driverlib.lib : uart.obj (.text:UARTDisable)
                  0000e790    0000001c     grlib.lib : widget.obj (.text:WidgetPointerMessage)
                  0000e7ac    0000001c     drivers_tivaware.aem4f : GPIOTiva.oem4f (.text:getGpioIntIndex)
                  0000e7c8    0000001c     rtsv7M4_T_le_v4SPD16_eabi.lib : memccpy.c.obj (.text:memccpy)
                  0000e7e4    0000001c     empty_pem4f.oem4f (.text:ti_sysbios_family_arm_m3_Hwi_Object__destruct__S)
                  0000e800    0000001c     sysbios.aem4f : BIOS.obj (.text:ti_sysbios_gates_GateMutexPri_Instance_init__E)
                  0000e81c    00000004     --HOLE-- [fill = 0]
                  0000e820    0000001c                   : BIOS.obj (.text:ti_sysbios_gates_GateMutex_Instance_init__E)
                  0000e83c    0000001c     empty_pem4f.oem4f (.text:ti_sysbios_hal_Timer_TimerProxy_create)
                  0000e858    0000001c     empty_pem4f.oem4f (.text:ti_sysbios_knl_Queue_Object__destruct__S)
                  0000e874    00000004     --HOLE-- [fill = 0]
                  0000e878    0000001c     sysbios.aem4f : BIOS.obj (.text:ti_sysbios_knl_Queue_put__E)
                  0000e894    00000004     --HOLE-- [fill = 0]
                  0000e898    0000001c                   : BIOS.obj (.text:ti_sysbios_knl_Task_enter__I)
                  0000e8b4    0000001c     ti.targets.arm.rtsarm.aem4f : Error.oem4f (.text:xdc_runtime_Error_raiseX__E)
                  0000e8d0    0000001c                                 : Memory.oem4f (.text:xdc_runtime_Memory_valloc__E)
                  0000e8ec    0000001c                                 : SysMin.oem4f (.text:xdc_runtime_SysMin_exit__E)
                  0000e908    0000001c                                 : System.oem4f (.text:xdc_runtime_System_abort__E)
                  0000e924    0000001a     rtsv7M4_T_le_v4SPD16_eabi.lib : s_copysign.c.obj (.text:copysign)
                  0000e93e    0000001a     empty_pem4f.oem4f (.text:ti_sysbios_family_arm_m3_Hwi_Handle__label__S)
                  0000e958    0000001a     empty_pem4f.oem4f (.text:ti_sysbios_gates_GateHwi_Handle__label__S)
                  0000e972    0000001a     empty_pem4f.oem4f (.text:ti_sysbios_gates_GateMutexPri_Handle__label__S)
                  0000e98c    0000001a     empty_pem4f.oem4f (.text:ti_sysbios_gates_GateMutex_Handle__label__S)
                  0000e9a6    0000001a     empty_pem4f.oem4f (.text:ti_sysbios_heaps_HeapMem_Handle__label__S)
                  0000e9c0    0000001a     empty_pem4f.oem4f (.text:ti_sysbios_knl_Swi_Handle__label__S)
                  0000e9da    0000001a     empty_pem4f.oem4f (.text:ti_sysbios_knl_Task_Handle__label__S)
                  0000e9f4    0000001a     empty_pem4f.oem4f (.text:xdc_runtime_System_aprintf__E)
                  0000ea0e    0000001a     empty_pem4f.oem4f (.text:xdc_runtime_System_printf__E)
                  0000ea28    00000018     driverlib.lib : gpio.obj (.text:GPIOPinTypeGPIOOutput)
                  0000ea40    00000018                   : timer.obj (.text:TimerControlLevel)
                  0000ea58    00000018     drivers_tivaware.aem4f : UART.oem4f (.text:UART_Params_init)
                  0000ea70    00000018     rtsv7M4_T_le_v4SPD16_eabi.lib : args_main.c.obj (.text:_args_main)
                  0000ea88    00000018                                   : sprintf.c.obj (.text:_outs)
                  0000eaa0    00000018     empty_pem4f.oem4f (.text:ti_sysbios_BIOS_rtsUnlock__I)
                  0000eab8    00000018     empty_pem4f.oem4f (.text:ti_sysbios_family_arm_lm4_Timer_Module__startupDone__F)
                  0000ead0    00000018     empty_pem4f.oem4f (.text:ti_sysbios_family_arm_m3_Hwi_Module__startupDone__F)
                  0000eae8    00000018     sysbios.aem4f : m3_TaskSupport_asm.obj (.text:ti_sysbios_family_arm_m3_TaskSupport_swap__E)
                  0000eb00    00000018                   : BIOS.obj (.text:ti_sysbios_gates_GateMutex_leave__E)
                  0000eb18    00000018     empty_pem4f.oem4f (.text:ti_sysbios_knl_Clock_Module__startupDone__F)
                  0000eb30    00000018     sysbios.aem4f : BIOS.obj (.text:ti_sysbios_knl_Task_sleepTimeout__I)
                  0000eb48    00000018     ti.targets.arm.rtsarm.aem4f : Error.oem4f (.text:xdc_runtime_Error_check__E)
                  0000eb60    00000018                                 : System.oem4f (.text:xdc_runtime_System_exit__E)
                  0000eb78    00000018                                 : Text.oem4f (.text:xdc_runtime_Text_ropeText__E)
                  0000eb90    00000016     grlib.lib : string.obj (.text:GrStringDraw)
                  0000eba6    00000016     driverlib.lib : i2c.obj (.text:I2CMasterErr)
                  0000ebbc    00000016     empty.obj (.text:MotorInit)
                  0000ebd2    00000016     rtsv7M4_T_le_v4SPD16_eabi.lib : strchr.c.obj (.text:strchr)
                  0000ebe8    00000016     empty_pem4f.oem4f (.text:ti_sysbios_BIOS_exitFunc__I)
                  0000ebfe    00000016     GlobalDraw.obj (.text:ti_sysbios_gates_GateMutexPri_Params_init)
                  0000ec14    00000016     Clock.obj (.text:ti_sysbios_hal_Timer_Params_init)
                  0000ec2a    00000016     empty.obj (.text:ti_sysbios_knl_Swi_Params_init)
                  0000ec40    00000016     empty.obj (.text:ti_sysbios_knl_Task_Params_init)
                  0000ec56    00000014     grlib.lib : canvas.obj (.text:CanvasMsgProc)
                  0000ec6a    00000002     --HOLE-- [fill = 0]
                  0000ec6c    00000014     Kentec320x240x16_ssd2119_spi.obj (.text:LED_OFF)
                  0000ec80    00000014     Kentec320x240x16_ssd2119_spi.obj (.text:LED_ON)
                  0000ec94    00000014     driverlib.lib : pwm.obj (.text:PWMClockSet)
                  0000eca8    00000014                   : sysctl.obj (.text:SysCtlPWMClockSet)
                  0000ecbc    00000014                   : timer.obj (.text:TimerDisable)
                  0000ecd0    00000014     touch.obj (.text:TouchScreenCallbackSet)
                  0000ece4    00000014     driverlib.lib : uart.obj (.text:UARTEnable)
                  0000ecf8    00000014     grlib.lib : widget.obj (.text:WidgetMutexGet)
                  0000ed0c    00000014     rtsv7M4_T_le_v4SPD16_eabi.lib : strlen.c.obj (.text:strlen)
                  0000ed20    00000014     empty_pem4f.oem4f (.text:ti_sysbios_family_arm_m3_Hwi_Object__get__S)
                  0000ed34    00000004     --HOLE-- [fill = 0]
                  0000ed38    00000014     sysbios.aem4f : BIOS.obj (.text:ti_sysbios_family_arm_m3_Hwi_switchFromBootStack__E)
                  0000ed4c    00000014     empty_pem4f.oem4f (.text:ti_sysbios_heaps_HeapMem_Object__get__S)
                  0000ed60    00000014     empty_pem4f.oem4f (.text:ti_sysbios_knl_Swi_Object__get__S)
                  0000ed74    00000012     driverlib.lib : gpio.obj (.text:GPIOPinTypeEthernetLED)
                  0000ed86    00000012                   : gpio.obj (.text:GPIOPinTypeGPIOInput)
                  0000ed98    00000012                   : gpio.obj (.text:GPIOPinTypeI2C)
                  0000edaa    00000012                   : gpio.obj (.text:GPIOPinTypeI2CSCL)
                  0000edbc    00000012                   : gpio.obj (.text:GPIOPinTypePWM)
                  0000edce    00000012                   : gpio.obj (.text:GPIOPinTypeSSI)
                  0000ede0    00000012                   : gpio.obj (.text:GPIOPinTypeTimer)
                  0000edf2    00000012                   : gpio.obj (.text:GPIOPinTypeUART)
                  0000ee04    00000012                   : gpio.obj (.text:GPIOPinTypeUSBAnalog)
                  0000ee16    00000012                   : gpio.obj (.text:GPIOPinTypeUSBDigital)
                  0000ee28    00000012                   : pwm.obj (.text:PWMGenPeriodGet)
                  0000ee3a    00000012                   : pwm.obj (.text:PWMOutputInvert)
                  0000ee4c    00000012                   : pwm.obj (.text:PWMOutputState)
                  0000ee5e    00000012     drivers_tivaware.aem4f : RingBuf.oem4f (.text:RingBuf_construct)
                  0000ee70    00000012     driverlib.lib : ssi.obj (.text:SSIDataGetNonBlocking)
                  0000ee82    00000012                   : timer.obj (.text:TimerLoadSet)
                  0000ee94    00000012                   : timer.obj (.text:TimerMatchSet)
                  0000eea6    00000012                   : timer.obj (.text:TimerPrescaleMatchSet)
                  0000eeb8    00000012                   : timer.obj (.text:TimerPrescaleSet)
                  0000eeca    00000006     grlib.lib : string.obj (.text:GrContextFontSet)
                  0000eed0    00000012     sysbios.aem4f : BIOS.obj (.text:ti_sysbios_hal_Hwi_Module_startup__E)
                  0000eee2    00000006     driverlib.lib : i2c.obj (.text:I2CMasterIntDisable)
                  0000eee8    00000012     sysbios.aem4f : BIOS.obj (.text:ti_sysbios_hal_Timer_Module_startup__E)
                  0000eefa    00000012     rtsv7M4_T_le_v4SPD16_eabi.lib : wcslen.c.obj (.text:wcslen)
                  0000ef0c    00000012     empty_pem4f.oem4f (.text:xdc_runtime_Startup_exec__I)
                  0000ef1e    00000002     --HOLE-- [fill = 0]
                  0000ef20    00000010     empty_pem4f.oem4f (.text:.bootCodeSection:ti_catalog_arm_cortexm4_tiva_ce_Boot_init__I)
                  0000ef30    00000010     driverlib.lib : adc.obj (.text:ADCIntEnable)
                  0000ef40    00000010                   : fpu.obj (.text:FPUEnable)
                  0000ef50    00000010                   : fpu.obj (.text:FPULazyStackingEnable)
                  0000ef60    00000010     drivers_tivaware.aem4f : I2C.oem4f (.text:I2C_Params_init)
                  0000ef70    00000010     driverlib.lib : pwm.obj (.text:PWMGenPeriodSet)
                  0000ef80    00000010     drivers_tivaware.aem4f : PWM.oem4f (.text:PWM_Params_init)
                  0000ef90    00000010     GlobalDraw.obj (.text:RemoveGraph)
                  0000efa0    00000010     drivers_tivaware.aem4f : UARTTiva.oem4f (.text:readBlockingTimeout)
                  0000efb0    00000010     sysbios.aem4f : BIOS.obj (.text:ti_sysbios_BIOS_getCpuFreq__E)
                  0000efc0    00000010                   : BIOS.obj (.text:ti_sysbios_BIOS_setThreadType__E)
                  0000efd0    00000010                   : BIOS.obj (.text:ti_sysbios_BIOS_start__E)
                  0000efe0    00000010                   : BIOS.obj (.text:ti_sysbios_family_arm_lm4_TimestampProvider_rolloverFunc__E)
                  0000eff0    00000010                   : m3_TaskSupport_asm.obj (.text:ti_sysbios_family_arm_m3_TaskSupport_glue)
                  0000f000    00000010                   : BIOS.obj (.text:ti_sysbios_gates_GateMutexPri_Instance_finalize__E)
                  0000f010    00000010                   : BIOS.obj (.text:ti_sysbios_gates_GateMutex_Instance_finalize__E)
                  0000f020    00000010     empty_pem4f.oem4f (.text:ti_sysbios_hal_Timer_TimerProxy_Object__create__S)
                  0000f030    00000010     empty_pem4f.oem4f (.text:ti_sysbios_knl_Mailbox_Object__get__S)
                  0000f040    00000010     sysbios.aem4f : BIOS.obj (.text:ti_sysbios_knl_Semaphore_Instance_finalize__E)
                  0000f050    00000010                   : BIOS.obj (.text:ti_sysbios_knl_Swi_disable__E)
                  0000f060    00000010     empty_pem4f.oem4f (.text:ti_sysbios_knl_Task_Object__get__S)
                  0000f070    00000010     sysbios.aem4f : BIOS.obj (.text:ti_sysbios_knl_Task_disable__E)
                  0000f080    00000010     driverlib.lib : udma.obj (.text:uDMAEnable)
                  0000f090    00000010     ti.targets.arm.rtsarm.aem4f : Gate.oem4f (.text:xdc_runtime_Gate_leaveSystem__E)
                  0000f0a0    00000010                                 : Memory.oem4f (.text:xdc_runtime_Memory_free__E)
                  0000f0b0    00000010                                 : SysMin.oem4f (.text:xdc_runtime_SysMin_ready__E)
                  0000f0c0    00000010                                 : System.oem4f (.text:xdc_runtime_System_vsnprintf__E)
                  0000f0d0    00000010     empty_pem4f.oem4f (.text:xdc_runtime_Text_visitRope__I)
                  0000f0e0    0000000e     driverlib.lib : adc.obj (.text:ADCSequenceEnable)
                  0000f0ee    0000000e                   : gpio.obj (.text:GPIOIntStatus)
                  0000f0fc    0000000e     grlib.lib : image.obj (.text:GrImageDraw)
                  0000f10a    0000000e     driverlib.lib : timer.obj (.text:TimerEnable)
                  0000f118    0000000e                   : uart.obj (.text:UARTCharGetNonBlocking)
                  0000f126    0000000e                   : uart.obj (.text:UARTCharPutNonBlocking)
                  0000f134    0000000e     rtsv7M4_T_le_v4SPD16_eabi.lib : copy_decompress_none.c.obj (.text:decompress:none:__TI_decompress_none)
                  0000f142    00000006     driverlib.lib : i2c.obj (.text:I2CMasterIntEnable)
                  0000f148    0000000e     sysbios.aem4f : BIOS.obj (.text:ti_sysbios_knl_Idle_loop__E)
                  0000f156    00000002     --HOLE-- [fill = 0]
                  0000f158    0000000e                   : BIOS.obj (.text:ti_sysbios_knl_Queue_empty__E)
                  0000f166    0000000c     driverlib.lib : pwm.obj (.text:PWMGenDisable)
                  0000f172    0000000c                   : pwm.obj (.text:PWMGenEnable)
                  0000f17e    0000000c     drivers_tivaware.aem4f : RingBuf.oem4f (.text:RingBuf_peek)
                  0000f18a    0000000c     empty.obj (.text:TouchCheckTask)
                  0000f196    0000000c     driverlib.lib : uart.obj (.text:UARTFlowControlSet)
                  0000f1a2    0000000c     drivers_tivaware.aem4f : UARTTiva.oem4f (.text:UARTTiva_init)
                  0000f1ae    00000002     --HOLE-- [fill = 0]
                  0000f1b0    0000000c     rtsv7M4_T_le_v4SPD16_eabi.lib : _lock.c.obj (.text:_register_lock)
                  0000f1bc    0000000c                                   : _lock.c.obj (.text:_register_unlock)
                  0000f1c8    0000000c     GlobalDraw.obj (.text:btntest)
                  0000f1d4    0000000c     rtsv7M4_T_le_v4SPD16_eabi.lib : copy_zero_init.c.obj (.text:decompress:ZI:__TI_zero_init)
                  0000f1e0    0000000c     sysbios.aem4f : BIOS.obj (.text:ti_sysbios_family_arm_lm4_Timer_getAvailMask__E)
                  0000f1ec    00000004     --HOLE-- [fill = 0]
                  0000f1f0    0000000c                   : BIOS.obj (.text:ti_sysbios_family_arm_lm4_Timer_getMaxTicks__E)
                  0000f1fc    00000004     --HOLE-- [fill = 0]
                  0000f200    0000000c                   : BIOS.obj (.text:ti_sysbios_family_arm_lm4_TimestampProvider_startTimer__E)
                  0000f20c    0000000c     empty_pem4f.oem4f (.text:ti_sysbios_family_arm_m3_Hwi_Params__init__S)
                  0000f218    0000000c     sysbios.aem4f : BIOS.obj (.text:ti_sysbios_family_arm_m3_Hwi_disableFxn__E)
                  0000f224    00000004     --HOLE-- [fill = 0]
                  0000f228    0000000c                   : BIOS.obj (.text:ti_sysbios_family_arm_m3_TaskSupport_checkStack__E)
                  0000f234    00000004     --HOLE-- [fill = 0]
                  0000f238    0000000c                   : BIOS.obj (.text:ti_sysbios_family_arm_m3_TaskSupport_getStackAlignment__E)
                  0000f244    00000004     --HOLE-- [fill = 0]
                  0000f248    0000000c                   : BIOS.obj (.text:ti_sysbios_gates_GateHwi_enter__E)
                  0000f254    0000000c     empty_pem4f.oem4f (.text:ti_sysbios_gates_GateMutexPri_Params__init__S)
                  0000f260    0000000c     sysbios.aem4f : BIOS.obj (.text:ti_sysbios_hal_SecondsClock_set__E)
                  0000f26c    0000000c     empty_pem4f.oem4f (.text:ti_sysbios_hal_Timer_Params__init__S)
                  0000f278    0000000c     empty_pem4f.oem4f (.text:ti_sysbios_knl_Clock_Params__init__S)
                  0000f284    0000000c     empty_pem4f.oem4f (.text:ti_sysbios_knl_Queue_Object__get__S)
                  0000f290    0000000c     empty_pem4f.oem4f (.text:ti_sysbios_knl_Semaphore_Params__init__S)
                  0000f29c    0000000c     empty_pem4f.oem4f (.text:ti_sysbios_knl_Swi_Params__init__S)
                  0000f2a8    0000000c     empty_pem4f.oem4f (.text:ti_sysbios_knl_Task_Params__init__S)
                  0000f2b4    0000000c     driverlib.lib : udma.obj (.text:uDMAControlBaseSet)
                  0000f2c0    0000000c     ti.targets.arm.rtsarm.aem4f : Error.oem4f (.text:xdc_runtime_Error_init__E)
                  0000f2cc    0000000c                                 : Gate.oem4f (.text:xdc_runtime_Gate_enterSystem__E)
                  0000f2d8    0000000c                                 : Memory.oem4f (.text:xdc_runtime_Memory_calloc__E)
                  0000f2e4    0000000c                                 : Memory.oem4f (.text:xdc_runtime_Memory_getMaxDefaultTypeAlign__E)
                  0000f2f0    0000000a     driverlib.lib : i2c.obj (.text:I2CMasterDisable)
                  0000f2fa    0000000a                   : i2c.obj (.text:I2CMasterEnable)
                  0000f304    0000000a     drivers_tivaware.aem4f : I2CTiva.oem4f (.text:I2CTiva_init)
                  0000f30e    0000000a                            : I2C.oem4f (.text:I2C_transfer)
                  0000f318    0000000a     Kentec320x240x16_ssd2119_spi.obj (.text:Kentec320x240x16_SSD2119Flush)
                  0000f322    0000000a     drivers_tivaware.aem4f : PWMTimerTiva.oem4f (.text:PWMTimerTiva_getPeriodCounts)
                  0000f32c    0000000a                            : PWM.oem4f (.text:PWM_setDuty)
                  0000f336    0000000a     driverlib.lib : ssi.obj (.text:SSIDataPut)
                  0000f340    0000000a                   : ssi.obj (.text:SSIEnable)
                  0000f34a    0000000a                   : uart.obj (.text:UARTCharGet)
                  0000f354    0000000a                   : uart.obj (.text:UARTCharPut)
                  0000f35e    0000000a                   : uart.obj (.text:UARTIntDisable)
                  0000f368    0000000a                   : uart.obj (.text:UARTIntStatus)
                  0000f372    0000000a     rtsv7M4_T_le_v4SPD16_eabi.lib : sprintf.c.obj (.text:_outc)
                  0000f37c    00000004     --HOLE-- [fill = 0]
                  0000f380    0000000a     sysbios.aem4f : BIOS.obj (.text:ti_sysbios_hal_Timer_Instance_finalize__E)
                  0000f38a    0000000a     empty_pem4f.oem4f (.text:xdc_runtime_IHeap_alloc)
                  0000f394    0000000a     empty_pem4f.oem4f (.text:xdc_runtime_IHeap_free)
                  0000f39e    00000008     EK_TM4C1294XL.obj (.text:EK_TM4C1294XL_initGPIO)
                  0000f3a6    00000008     grlib.lib : charmap.obj (.text:GrMapISO8859_1_Unicode)
                  0000f3ae    00000008     driverlib.lib : i2c.obj (.text:I2CMasterIntClear)
                  0000f3b6    00000008                   : i2c.obj (.text:I2CMasterSlaveAddrSet)
                  0000f3be    00000008     drivers_tivaware.aem4f : I2CTiva.oem4f (.text:I2CTiva_blockingCallback)
                  0000f3c6    00000008                            : PWMTimerTiva.oem4f (.text:PWMTimerTiva_init)
                  0000f3ce    00000008     driverlib.lib : ssi.obj (.text:SSIBusy)
                  0000f3d6    00000008                   : uart.obj (.text:UARTIntEnable)
                  0000f3de    00000008                   : uart.obj (.text:UARTRxErrorGet)
                  0000f3e6    00000002     --HOLE-- [fill = 0]
                  0000f3e8    00000008     rtsv7M4_T_le_v4SPD16_eabi.lib : errno.c.obj (.text:__aeabi_errno_addr)
                  0000f3f0    00000008     drivers_tivaware.aem4f : UARTTiva.oem4f (.text:readSemCallback)
                  0000f3f8    00000008     sysbios.aem4f : BIOS.obj (.text:ti_sysbios_family_arm_lm4_Timer_masterDisable__I)
                  0000f400    00000008                   : BIOS.obj (.text:ti_sysbios_family_arm_m3_Hwi_doSwiRestore__I)
                  0000f408    00000008                   : BIOS.obj (.text:ti_sysbios_family_arm_m3_Hwi_startup__E)
                  0000f410    00000008     drivers_tivaware.aem4f : UARTTiva.oem4f (.text:writeSemCallback)
                  0000f418    00000006                            : I2CTiva.oem4f (.text:I2CTiva_control)
                  0000f41e    00000006                            : PWMTimerTiva.oem4f (.text:PWMTimerTiva_getPeriodMicroSecs)
                  0000f424    00000006     driverlib.lib : sysctl.obj (.text:SysCtlDelay)
                  0000f42a    00000006                   : uart.obj (.text:UARTFIFOLevelSet)
                  0000f430    00000006                   : uart.obj (.text:UARTRxErrorClear)
                  0000f436    00000006     grlib.lib : widget.obj (.text:WidgetMutexPut)
                  0000f43c    00000004     --HOLE-- [fill = 0]
                  0000f440    00000006     sysbios.aem4f : BIOS.obj (.text:ti_sysbios_family_arm_lm4_TimestampProvider_Module_startup__E)
                  0000f446    00000002     --HOLE-- [fill = 0]
                  0000f448    00000006                   : BIOS.obj (.text:ti_sysbios_family_arm_m3_Hwi_doTaskRestore__I)
                  0000f44e    00000002     --HOLE-- [fill = 0]
                  0000f450    00000006                   : BIOS.obj (.text:ti_sysbios_family_arm_m3_Hwi_restoreFxn__E)
                  0000f456    00000002     --HOLE-- [fill = 0]
                  0000f458    00000006                   : BIOS.obj (.text:ti_sysbios_gates_GateHwi_leave__E)
                  0000f45e    00000002     --HOLE-- [fill = 0]
                  0000f460    00000006                   : BIOS.obj (.text:ti_sysbios_heaps_HeapMem_isBlocking__E)
                  0000f466    00000002     --HOLE-- [fill = 0]
                  0000f468    00000006                   : BIOS.obj (.text:ti_sysbios_knl_Clock_stop__E)
                  0000f46e    00000002     --HOLE-- [fill = 0]
                  0000f470    00000006                   : BIOS.obj (.text:ti_sysbios_knl_Queue_Instance_init__E)
                  0000f476    00000002     --HOLE-- [fill = 0]
                  0000f478    00000006                   : BIOS.obj (.text:ti_sysbios_knl_Swi_startup__E)
                  0000f47e    00000006     ti.targets.arm.rtsarm.aem4f : System.oem4f (.text:xdc_runtime_System_Module_startup__E)
                  0000f484    00000004     --HOLE-- [fill = 0]
                  0000f488    00000004     sysbios.aem4f : BIOS.obj (.text:ti_sysbios_family_arm_lm4_Timer_getPeriod__E)
                  0000f48c    00000004     --HOLE-- [fill = 0]
                  0000f490    00000004                   : BIOS.obj (.text:ti_sysbios_gates_GateHwi_query__E)
                  0000f494    00000004     --HOLE-- [fill = 0]
                  0000f498    00000004                   : BIOS.obj (.text:ti_sysbios_gates_GateMutexPri_query__E)
                  0000f49c    00000004     --HOLE-- [fill = 0]
                  0000f4a0    00000004                   : BIOS.obj (.text:ti_sysbios_gates_GateMutex_query__E)
                  0000f4a4    00000004     --HOLE-- [fill = 0]
                  0000f4a8    00000004                   : BIOS.obj (.text:ti_sysbios_knl_Task_startup__E)
                  0000f4ac    00000004     --HOLE-- [fill = 0]
                  0000f4b0    00000002                   : BIOS.obj (.text:ti_sysbios_gates_GateHwi_Instance_init__E)
                  0000f4b2    00000006     --HOLE-- [fill = 0]
                  0000f4b8    00000002                   : BIOS.obj (.text:ti_sysbios_knl_Clock_logTick__E)

.const     0    0000f4c0    00008482     
                  0000f4c0    00001950     empty_pem4f.oem4f (.const:xdc_runtime_Text_charTab__A)
                  00010e10    00001000     rtsv7M4_T_le_v4SPD16_eabi.lib : s_exp2.c.obj (.const:tbl)
                  00011e10    0000095e     grlib.lib : fontcm20.obj (.const:.string:g_pui8Cm20Data)
                  0001276e    000008c1               : fontcmss20.obj (.const:.string:g_pui8Cmss20Data)
                  0001302f    00000782               : fontcmss18b.obj (.const:.string:g_pui8Cmss18bData)
                  000137b1    00000759               : fontcm16.obj (.const:.string:g_pui8Cm16Data)
                  00013f0a    000005c7               : fontcmss12b.obj (.const:.string:g_pui8Cmss12bData)
                  000144d1    00000514               : fontcmss12.obj (.const:.string:g_pui8Cmss12Data)
                  000149e5    0000024d     GUIImg.obj (.const:.string:g_pui8Logo)
                  00014c32    0000020d     GUIImg.obj (.const:.string:g_pui8btn140x40)
                  00014e3f    0000020d     GUIImg.obj (.const:.string:g_pui8btn150x40Press)
                  0001504c    00000004     empty_pem4f.oem4f (.const:ti_catalog_arm_cortexm4_tiva_ce_Boot_A_mustNotUseEnhancedClockMode__C)
                  00015050    00000190     GlobalDraw.obj (.const:$P$T0$1)
                  000151e0    0000017b     Images.obj (.const:.string:g_pui8CompS)
                  0001535b    0000017b     Images.obj (.const:.string:g_pui8CompW)
                  000154d6    0000017b     Images.obj (.const:.string:g_pui8accSlow)
                  00015651    0000017b     Images.obj (.const:.string:g_pui8accfast)
                  000157cc    0000017b     Images.obj (.const:.string:g_pui8accmid)
                  00015947    00000178     Images.obj (.const:.string:g_pui8CompE)
                  00015abf    00000178     Images.obj (.const:.string:g_pui8CompN)
                  00015c37    00000163     Images.obj (.const:.string:g_pui8Stop)
                  00015d9a    00000160     Images.obj (.const:.string:g_pui8Go)
                  00015efa    0000015d     Images.obj (.const:.string:g_pui8idle)
                  00016057    00000124     Images.obj (.const:.string:g_pui8Night)
                  0001617b    00000001     empty_pem4f.oem4f (.const:xdc_runtime_Error_policy__C)
                  0001617c    00000120     Boot.aem4f : Boot_sysctl.oem4f (.const:g_pppui32XTALtoVCO)
                  0001629c    00000107     GUIImg.obj (.const:.string:g_pui8arrowRight)
                  000163a3    00000101     rtsv7M4_T_le_v4SPD16_eabi.lib : ctype.c.obj (.const:.string:_ctypes_)
                  000164a4    000000f8     Images.obj (.const:.string:g_pui8Day)
                  0001659c    000000dc     empty_pem4f.oem4f (.const:xdc_runtime_Text_nodeTab__A)
                  00016678    000000c8     grlib.lib : fontcm16.obj (.const:g_sFontCm16)
                  00016740    000000c8               : fontcm20.obj (.const:g_sFontCm20)
                  00016808    000000c8               : fontcmss12.obj (.const:g_sFontCmss12)
                  000168d0    000000c8               : fontcmss12b.obj (.const:g_sFontCmss12b)
                  00016998    000000c8               : fontcmss18b.obj (.const:g_sFontCmss18b)
                  00016a60    000000c8               : fontcmss20.obj (.const:g_sFontCmss20)
                  00016b28    000000a5     GUIImg.obj (.const:.string:g_pui8arrowLeft)
                  00016bcd    00000001     --HOLE-- [fill = 0]
                  00016bce    00000002     empty_pem4f.oem4f (.const:ti_catalog_arm_cortexm4_tiva_ce_Boot_Module__id__C)
                  00016bd0    000000a0     empty.obj (.const:$P$T0$1)
                  00016c70    00000090     driverlib.lib : gpio.obj (.const:g_pui32GPIOBaseAddrs)
                  00016d00    00000082     GlobalDraw.obj (.const:.string)
                  00016d82    00000076     GUIImg.obj (.const:.string:g_pui8backBtn)
                  00016df8    00000070     driverlib.lib : interrupt.obj (.const)
                  00016e68    0000006c     Boot.aem4f : Boot_sysctl.oem4f (.const:g_pui32Xtals)
                  00016ed4    00000060     MotorLib.lib : motorlib.obj (.const:PWM_config)
                  00016f34    00000054     drivers_tivaware.aem4f : GPIOTiva.oem4f (.const:.string)
                  00016f88    00000054     MotorLib.lib : motorlib.obj (.const:motorLibPWMTivaHWAttrs)
                  00016fdc    0000004c     drivers_tivaware.aem4f : UARTTiva.oem4f (.const)
                  00017028    00000048     empty_pem4f.oem4f (.const:.string)
                  00017070    00000048     drivers_tivaware.aem4f : GPIOTiva.oem4f (.const:gpioBaseAddresses)
                  000170b8    0000003c     empty_pem4f.oem4f (.const:ti_sysbios_family_arm_lm4_Timer_Object__PARAMS__C)
                  000170f4    0000003c     empty_pem4f.oem4f (.const:ti_sysbios_knl_Task_Object__PARAMS__C)
                  00017130    00000030     EK_TM4C1294XL.obj (.const:I2C_config)
                  00017160    00000030     Boot.aem4f : Boot_sysctl.oem4f (.const:g_sXTALtoMEMTIM)
                  00017190    00000030     empty_pem4f.oem4f (.const:ti_sysbios_family_arm_m3_Hwi_Object__PARAMS__C)
                  000171c0    00000030     empty_pem4f.oem4f (.const:ti_sysbios_hal_Timer_Object__PARAMS__C)
                  000171f0    00000030     empty_pem4f.oem4f (.const:xdc_runtime_Startup_sfxnTab__A)
                  00017220    00000028     drivers_tivaware.aem4f : UARTTiva.oem4f (.const:UARTTiva_fxnTable)
                  00017248    00000028     Kentec320x240x16_ssd2119_spi.obj (.const:g_sKentec320x240x16_SSD2119)
                  00017270    00000028     empty_pem4f.oem4f (.const:ti_sysbios_heaps_HeapMem_Module__FXNS__C)
                  00017298    00000028     empty_pem4f.oem4f (.const:ti_sysbios_knl_Swi_Object__PARAMS__C)
                  000172c0    00000024     drivers_tivaware.aem4f : UART.oem4f (.const:UART_defaultParams)
                  000172e4    00000024     EK_TM4C1294XL.obj (.const:i2cTivaHWAttrs)
                  00017308    00000024     empty_pem4f.oem4f (.const:ti_sysbios_gates_GateHwi_Module__FXNS__C)
                  0001732c    00000024     empty_pem4f.oem4f (.const:ti_sysbios_gates_GateMutexPri_Module__FXNS__C)
                  00017350    00000024     empty_pem4f.oem4f (.const:ti_sysbios_gates_GateMutex_Module__FXNS__C)
                  00017374    00000024     empty_pem4f.oem4f (.const:ti_sysbios_heaps_HeapMem_Object__PARAMS__C)
                  00017398    00000024     empty_pem4f.oem4f (.const:ti_sysbios_knl_Clock_Object__PARAMS__C)
                  000173bc    00000024     empty_pem4f.oem4f (.const:ti_sysbios_knl_Semaphore_Object__PARAMS__C)
                  000173e0    00000020     drivers_tivaware.aem4f : PWMTimerTiva.oem4f (.const)
                  00017400    00000020                            : PWMTiva.oem4f (.const)
                  00017420    00000020     empty_pem4f.oem4f (.const:ti_sysbios_family_arm_lm4_Timer_Object__DESC__C)
                  00017440    00000020     empty_pem4f.oem4f (.const:ti_sysbios_family_arm_m3_Hwi_Object__DESC__C)
                  00017460    00000020     empty_pem4f.oem4f (.const:ti_sysbios_gates_GateHwi_Object__DESC__C)
                  00017480    00000020     empty_pem4f.oem4f (.const:ti_sysbios_gates_GateMutexPri_Object__DESC__C)
                  000174a0    00000020     empty_pem4f.oem4f (.const:ti_sysbios_gates_GateMutex_Object__DESC__C)
                  000174c0    00000020     empty_pem4f.oem4f (.const:ti_sysbios_hal_Timer_Object__DESC__C)
                  000174e0    00000020     empty_pem4f.oem4f (.const:ti_sysbios_heaps_HeapMem_Object__DESC__C)
                  00017500    00000020     empty_pem4f.oem4f (.const:ti_sysbios_knl_Clock_Object__DESC__C)
                  00017520    00000020     empty_pem4f.oem4f (.const:ti_sysbios_knl_Queue_Object__DESC__C)
                  00017540    00000020     empty_pem4f.oem4f (.const:ti_sysbios_knl_Semaphore_Object__DESC__C)
                  00017560    00000020     empty_pem4f.oem4f (.const:ti_sysbios_knl_Swi_Object__DESC__C)
                  00017580    00000020     empty_pem4f.oem4f (.const:ti_sysbios_knl_Task_Object__DESC__C)
                  000175a0    0000001c     drivers_tivaware.aem4f : I2CTiva.oem4f (.const)
                  000175bc    0000001c     touch.obj (.const:g_pi32TouchParameters)
                  000175d8    00000018     EK_TM4C1294XL.obj (.const:UART_config)
                  000175f0    00000018     empty_pem4f.oem4f (.const:ti_sysbios_gates_GateHwi_Object__PARAMS__C)
                  00017608    00000018     empty_pem4f.oem4f (.const:ti_sysbios_gates_GateMutexPri_Object__PARAMS__C)
                  00017620    00000018     empty_pem4f.oem4f (.const:ti_sysbios_gates_GateMutex_Object__PARAMS__C)
                  00017638    00000018     empty_pem4f.oem4f (.const:ti_sysbios_knl_Queue_Object__PARAMS__C)
                  00017650    00000018     EK_TM4C1294XL.obj (.const:uartTivaHWAttrs)
                  00017668    00000018     empty_pem4f.oem4f (.const:xdc_runtime_Startup_sfxnRts__A)
                  00017680    00000014     EK_TM4C1294XL.obj (.const:GPIOTiva_config)
                  00017694    00000014     empty_pem4f.oem4f (.const:xdc_runtime_Startup_firstFxns__A)
                  000176a8    00000010     drivers_tivaware.aem4f : I2C.oem4f (.const)
                  000176b8    00000010     grlib.lib : context.obj (.const)
                  000176c8    00000010     MotorLib.lib : motorlib.obj (.const:motorLibPWMTimerTivaHWAttrs)
                  000176d8    0000000c     drivers_tivaware.aem4f : PWM.oem4f (.const)
                  000176e4    00000008     Boot.aem4f : Boot_sysctl.oem4f (.const)
                  000176ec    00000008     empty_pem4f.oem4f (.const:ti_sysbios_family_arm_m3_Hwi_excHookFuncs__A)
                  000176f4    00000008     empty_pem4f.oem4f (.const:ti_sysbios_knl_Idle_funcList__C)
                  000176fc    00000008     empty_pem4f.oem4f (.const:xdc_runtime_Startup_firstFxns__C)
                  00017704    00000008     empty_pem4f.oem4f (.const:xdc_runtime_Startup_lastFxns__C)
[...]
000177dc  ti_sysbios_heaps_HeapMem_Object__count__C                            
000177e0  ti_sysbios_heaps_HeapMem_reqAlign__C                                 
000177e4  ti_sysbios_knl_Clock_A_badThreadType__C                              
000177e8  ti_sysbios_knl_Clock_Module_State_clockQ__O                          
000177ec  ti_sysbios_knl_Clock_Module__diagsEnabled__C                         
000177f0  ti_sysbios_knl_Clock_Module__diagsIncluded__C                        
000177f4  ti_sysbios_knl_Clock_Module__diagsMask__C                            
000177f8  ti_sysbios_knl_Clock_tickPeriod__C                                   
000177fc  ti_sysbios_knl_Idle_funcList__A                                      
00017800  ti_sysbios_knl_Mailbox_Instance_State_freeQue__O                     
00017804  ti_sysbios_knl_Mailbox_Object__count__C                              
00017808  ti_sysbios_knl_Mailbox_maxTypeAlign__C                               
0001780c  ti_sysbios_knl_Semaphore_A_badContext__C                             
00017810  ti_sysbios_knl_Semaphore_A_noEvents__C                               
00017814  ti_sysbios_knl_Semaphore_A_overflow__C                               
00017818  ti_sysbios_knl_Semaphore_A_pendTaskDisabled__C                       
0001781c  ti_sysbios_knl_Semaphore_Instance_State_pendQ__O                     
00017820  ti_sysbios_knl_Semaphore_Module__diagsEnabled__C                     
00017824  ti_sysbios_knl_Semaphore_Module__diagsIncluded__C                    
00017828  ti_sysbios_knl_Semaphore_Module__diagsMask__C                        
0001782c  ti_sysbios_knl_Swi_A_badPriority__C                                  
00017830  ti_sysbios_knl_Swi_Module__diagsEnabled__C                           
00017834  ti_sysbios_knl_Swi_Module__diagsIncluded__C                          
00017838  ti_sysbios_knl_Swi_Module__diagsMask__C                              
0001783c  ti_sysbios_knl_Swi_Object__count__C                                  
00017840  ti_sysbios_knl_Task_A_badPriority__C                                 
00017844  ti_sysbios_knl_Task_A_badTaskState__C                                
00017848  ti_sysbios_knl_Task_A_badThreadType__C                               
0001784c  ti_sysbios_knl_Task_A_badTimeout__C                                  
00017850  ti_sysbios_knl_Task_A_noPendElem__C                                  
00017854  ti_sysbios_knl_Task_A_sleepTaskDisabled__C                           
00017858  ti_sysbios_knl_Task_E_spOutOfBounds__C                               
0001785c  ti_sysbios_knl_Task_E_stackOverflow__C                               
00017860  ti_sysbios_knl_Task_Module_State_inactiveQ__O                        
00017864  ti_sysbios_knl_Task_Module__diagsEnabled__C                          
00017868  ti_sysbios_knl_Task_Module__diagsIncluded__C                         
0001786c  ti_sysbios_knl_Task_Module__diagsMask__C                             
00017870  ti_sysbios_knl_Task_Object__count__C                                 
00017874  ti_sysbios_knl_Task_allBlockedFunc__C                                
00017878  ti_sysbios_knl_Task_defaultStackHeap__C                              
0001787c  ti_sysbios_knl_Task_defaultStackSize__C                              
00017880  ti_sysbios_knl_Task_numConstructedTasks__C                           
00017884  xdc_runtime_Assert_E_assertFailed__C                                 
00017888  xdc_runtime_Core_A_initializedParams__C                              
0001788c  xdc_runtime_Core_Module__diagsEnabled__C                             
00017890  xdc_runtime_Core_Module__diagsIncluded__C                            
00017894  xdc_runtime_Core_Module__diagsMask__C                                
00017898  xdc_runtime_Error_E_generic__C                                       
0001789c  xdc_runtime_Error_E_memory__C                                        
000178a0  xdc_runtime_Error_Module__diagsEnabled__C                            
000178a4  xdc_runtime_Error_Module__diagsIncluded__C                           
000178a8  xdc_runtime_Error_Module__diagsMask__C                               
000178ac  xdc_runtime_Error_Module__loggerFxn8__C                              
000178b0  xdc_runtime_Error_Module__loggerObj__C                               
000178b4  xdc_runtime_Error_policyFxn__C                                       
000178b8  xdc_runtime_Error_raiseHook__C                                       
000178bc  xdc_runtime_IGateProvider_Interface__BASE__C                         
000178c0  xdc_runtime_IHeap_Interface__BASE__C                                 
000178c4  xdc_runtime_IModule_Interface__BASE__C                               
000178c8  xdc_runtime_Log_L_error__C                                           
000178cc  xdc_runtime_Memory_defaultHeapInstance__C                            
000178d0  xdc_runtime_Startup_execImpl__C                                      
000178d4  xdc_runtime_Startup_lastFxns__A                                      
000178d8  xdc_runtime_Startup_maxPasses__C                                     
000178dc  xdc_runtime_Startup_sfxnRts__C                                       
000178e0  xdc_runtime_Startup_sfxnTab__C                                       
000178e4  xdc_runtime_SysMin_bufSize__C                                        
000178e8  xdc_runtime_SysMin_outputFunc__C                                     
000178ec  xdc_runtime_System_Module__gateObj__C                                
000178f0  xdc_runtime_System_abortFxn__C                                       
000178f4  xdc_runtime_System_exitFxn__C                                        
000178f8  xdc_runtime_System_extendFxn__C                                      
000178fc  xdc_runtime_System_maxAtexitHandlers__C                              
00017900  xdc_runtime_Text_charTab__C                                          
00017904  xdc_runtime_Text_nameEmpty__C                                        
00017908  xdc_runtime_Text_nameStatic__C                                       
0001790c  xdc_runtime_Text_nameUnknown__C                                      
00017910  xdc_runtime_Text_nodeTab__C                                          
00017914  xdc_runtime_Text_visitRopeFxn__C                                     
00017918  ti_sysbios_family_arm_lm4_Timer_Module__id__C                        
0001791a  ti_sysbios_family_arm_lm4_Timer_supportsAltclk__C                    
0001791c  ti_sysbios_family_arm_m3_Hwi_Module__id__C                           
0001791e  ti_sysbios_gates_GateMutexPri_Module__id__C                          
00017920  ti_sysbios_gates_GateMutex_Module__id__C                             
00017922  ti_sysbios_hal_Hwi_Module__id__C                                     
00017924  ti_sysbios_heaps_HeapMem_Module__id__C                               
00017926  ti_sysbios_knl_Clock_Module__id__C                                   
00017928  ti_sysbios_knl_Semaphore_Module__id__C                               
0001792a  ti_sysbios_knl_Swi_Module__id__C                                     
0001792c  ti_sysbios_knl_Task_Module__id__C                                    
0001792e  xdc_runtime_Core_Module__id__C                                       
00017930  xdc_runtime_Error_Module__loggerDefined__C                           
00017932  xdc_runtime_Error_maxDepth__C                                        
00017934  xdc_runtime_Main_Module__id__C                                       
00017936  xdc_runtime_Memory_Module__id__C                                     
00017938  xdc_runtime_SysMin_flushAtExit__C                                    
0001793a  xdc_runtime_Text_charCnt__C                                          
0001793c  xdc_runtime_Text_isLoaded__C                                         
0001793e  xdc_runtime_Text_registryModsLastId__C                               
00017940  xdc_runtime_Text_unnamedModsLastId__C                                
00017948  __TI_static_base__                                                   
00017e8c  __TI_Handler_Table_Base                                              
00017e98  __TI_Handler_Table_Limit                                             
00017ea8  __TI_CINIT_Base                                                      
00017ec0  __TI_CINIT_Limit                                                     
20000000  __start___llvm_prf_cnts                                              
20000000  __stop___llvm_prf_cnts                                               
20000000  ti_sysbios_family_arm_m3_Hwi_ramVectors                              
20000400  ti_sysbios_heaps_HeapMem_Instance_State_0_buf__A                     
20001400  readAccelStack                                                       
20001c00  readLightStack                                                       
20002400  task0Stack                                                           
20002c00  taskTouchStack                                                       
20003400  psDMAControlTable                                                    
20003800  xdc_runtime_SysMin_Module_State_0_outbuf__A                          
20003c00  ti_sysbios_family_arm_m3_Hwi_dispatchTable                           
20003f60  ti_sysbios_knl_Task_Instance_State_0_stack__A                        
20004160  i2cTivaObjects                                                       
20004420  __CIOBUF_                                                            
20004540  uartTivaObjects                                                      
2000469c  ScreenGate                                                           
200046a0  bmi160_accel_values                                                  
20004718  readAccelStruct                                                      
20004768  readLightStruct                                                      
200047b8  task0Struct                                                          
20004808  taskTouchStruct                                                      
20004858  motorLibPWMObjects                                                   
20004890  sContext                                                             
200048bc  g_pi32ParmSet                                                        
200048c0  opt3001_light_values                                                 
20004928  uartTivaRingBuffer                                                   
20004948  datetime                                                             
20004960  motorLibPWMTimerObjects                                              
20004988  i2cParams                                                            
200049a0  AccBox                                                               
200049a8  Banner                                                               
200049b0  BannerB                                                              
200049b8  CurrBox                                                              
200049c0  Distbox                                                              
200049c8  clearBox                                                             
200049d0  parmbuf                                                              
200049dc  g_ui32Panel                                                          
200049e4  i2c                                                                  
200049e8  swiAccelSensorFilterHandle                                           
200049ec  swiLightSensorFilterHandle                                           
200049f0  timerclock                                                           
200049f4  uart                                                                 
200049f8  g_i16TouchX                                                          
200049fa  g_i16TouchY                                                          
20004a00  dd                                                                   
20004b90  ti_sysbios_family_arm_lm4_Timer_Object__table__V                     
20004c10  ti_sysbios_knl_Swi_Module_State_0_readyQ__A                          
20004c90  ti_sysbios_knl_Task_Module_State_0_readyQ__A                         
20004d10  MotorSpeedSlider                                                     
20004d6c  AccDownBtn                                                           
20004dbc  AccUpBtn                                                             
20004e0c  CurrentDownBtn                                                       
20004e5c  CurrentUpBtn                                                         
20004eac  DistDownBtn                                                          
20004efc  DistUpBtn                                                            
20004f4c  GraphPgBtn                                                           
20004f9c  LightGraphBtn                                                        
20004fec  MotorGraphBtn                                                        
2000503c  MotorMode                                                            
2000508c  MotorPgBtn                                                           
200050dc  PowerGraphBtn                                                        
2000512c  SensorPgBtn                                                          
2000517c  TestGraphBtn                                                         
200051cc  backGraphBtn                                                         
2000521c  backGraphSelectBtn                                                   
2000526c  backMotorBtn                                                         
200052bc  backSensorBtn                                                        
2000530c  ti_sysbios_knl_Task_Object__table__V                                 
20005358  ti_sysbios_family_arm_m3_Hwi_Object__table__V                        
200053a0  ti_sysbios_knl_Task_Module__state__V                                 
200053e4  g_Acceleration                                                       
20005424  g_MotorStat                                                          
20005464  g_sCanvas2                                                           
200054a4  g_sCanvas3                                                           
200054e4  g_scompass                                                           
20005524  ti_sysbios_family_arm_lm4_Timer_Module_State_0_device__A             
20005564  ti_sysbios_hal_SecondsClock_Module__state__V                         
200055a0  motorStartStop                                                       
200055a1  HA                                                                   
200055a2  HB                                                                   
200055a3  HC                                                                   
200055a4  LowLight                                                             
200055a8  lux                                                                  
200055b0  objectdist                                                           
200055b8  ongraph                                                              
200055bc  currentDirection                                                     
200055c0  CurrentMotorStat                                                     
200055c4  CurrentAcceleration                                                  
200055c8  opt3001_filteredValue                                                
200055d0  bmi160_filteredValue                                                 
200055d8  ti_sysbios_family_arm_m3_Hwi_Module__state__V                        
2000560c  ti_sysbios_knl_Swi_Object__table__V                                  
2000563c  g_sRoot                                                              
2000566a  ti_sysbios_family_arm_m3_Hwi_Module_State_0_excActive__A             
2000566c  ti_sysbios_knl_Clock_Module__state__V                                
20005698  ti_sysbios_BIOS_Module__state__V                                     
200056bc  ti_sysbios_family_arm_lm4_Timer_Module_State_0_handles__A            
200056dc  gpioPinConfigs                                                       
200056f8  ti_sysbios_gates_GateMutex_Object__table__V                          
20005714  ti_sysbios_knl_Swi_Module__state__V                                  
20005748  ti_sysbios_gates_GateMutexPri_Object__table__V                       
20005760  ti_sysbios_heaps_HeapMem_Object__table__V                            
20005778  ti_sysbios_family_arm_lm4_Timer_Module__state__V                     
20005784  xdc_runtime_SysMin_Module__state__V                                  
20005790  _lock                                                                
20005794  _unlock                                                              
20005798  gpioCallbackFunctions                                                
200057a0  ti_sysbios_family_arm_lm4_Timer_Module__root__V                      
200057a8  ti_sysbios_family_arm_lm4_TimestampProvider_Module__state__V         
200057b0  ti_sysbios_family_arm_m3_Hwi_Module__root__V                         
200057b8  ti_sysbios_gates_GateHwi_Module__root__V                             
200057c0  ti_sysbios_gates_GateMutexPri_Module__root__V                        
200057c8  ti_sysbios_gates_GateMutex_Module__root__V                           
200057d0  ti_sysbios_hal_Timer_Module__root__V                                 
200057d8  ti_sysbios_heaps_HeapMem_Module__root__V                             
200057e0  ti_sysbios_knl_Clock_Module__root__V                                 
200057e8  ti_sysbios_knl_Queue_Module__root__V                                 
200057f0  ti_sysbios_knl_Semaphore_Module__root__V                             
200057f8  ti_sysbios_knl_Swi_Module__root__V                                   
20005800  ti_sysbios_knl_Task_Module__root__V                                  
20005808  xdc_runtime_Registry_Module__state__V                                
20005810  xdc_runtime_Startup_Module__state__V                                 
20005818  xdc_runtime_System_Module_State_0_atexitHandlers__A                  
20005820  xdc_runtime_System_Module__state__V                                  
2000582e  xdc_runtime_Error_Module__state__V                                   
2000583c  errno                                                                
20005840  main_func_sp                                                         
20005844  ti_sysbios_family_arm_m3_Hwi_Module_State_0_excContext__A            
20005848  ti_sysbios_family_arm_m3_Hwi_Module_State_0_excStack__A              
2000584c  ti_sysbios_gates_GateHwi_Object__table__V                            
20005850  ti_sysbios_knl_Task_Module_State_0_idleTask__A                       
20005854  g_i16TouchMin                                                        
20005858  xdc_runtime_Memory_Module__state__V                                  
20005860  __stack                                                              
20005c60  __STACK_END                                                          
e000e000  ti_sysbios_family_arm_m3_Hwi_nvic                                    
ffffffff  __TI_pprof_out_hndl                                                  
ffffffff  __TI_prof_data_size                                                  
ffffffff  __TI_prof_data_start                                                 
ffffffff  __binit__                                                            
ffffffff  __c_args__                                                           
ffffffff  binit                                                                
UNDEFED   SHT$$INIT_ARRAY$$Base                                                
UNDEFED   SHT$$INIT_ARRAY$$Limit                                               

[1035 symbols]
