******************************************************************************
                  TI ARM Linker PC v20.2.5                     
******************************************************************************
>> Linked Thu May 19 15:49:43 2022

OUTPUT FILE NAME:   <EGH456MotorProject.out>
ENTRY POINT SYMBOL: "_c_int00"  address: 0000c8ed


MEMORY CONFIGURATION

         name            origin    length      used     unused   attr    fill
----------------------  --------  ---------  --------  --------  ----  --------
  FLASH                 00000000   00100000  0001c65e  000e39a2  R  X
  SRAM                  20000000   00040000  0000462c  0003b9d4  RW X


SEGMENT ALLOCATION MAP

run origin  load origin   length   init length attrs members
----------  ----------- ---------- ----------- ----- -------
00000000    00000000    0001c668   0001c668    r-x
  00000000    00000000    0000003c   0000003c    r-- .resetVecs
  00000040    00000040    0000fcda   0000fcda    r-x .text
  0000fd20    0000fd20    0000c038   0000c038    r-- .const
  0001bd58    0001bd58    00000910   00000910    r-- .cinit
20000000    20000000    00000360   00000000    rw-
  20000000    20000000    00000360   00000000    rw- .vecs
20000400    20000400    000042d0   00000000    rw-
  20000400    20000400    000024b8   00000000    rw- .bss
  200028b8    200028b8    00001b14   00000000    rw- .data
  200043d0    200043d0    00000300   00000000    rw- .stack


SECTION ALLOCATION MAP

 output                                  attributes/
section   page    origin      length       input sections
--------  ----  ----------  ----------   ----------------
.text      0    00000040    0000fcda     
                  00000040    00000a4e     rtsv7M4_T_le_v4SPD16_eabi.lib : _printfi.c.obj (.text:__TI_printfi)
                  00000a8e    00000002                                   : _lock.c.obj (.text:_nop)
                  00000a90    000006ac     MotorLib.lib : motorlib.obj (.text)
                  0000113c    00000438     ustdlib.obj (.text:uvsnprintf)
                  00001574    00000004     driverlib.lib : i2c.obj (.text:I2CMasterControl)
                  00001578    00000430     sysbios.aem4f : BIOS.obj (.text:ti_sysbios_family_arm_m3_Hwi_excDumpRegs__I)
                  000019a8    0000039c     empty.obj (.text:MotorPage)
                  00001d44    00000394     empty.obj (.text:GraphPrimitive)
                  000020d8    00000374     grlib.lib : image.obj (.text:InternalImageDraw)
                  0000244c    0000034c     ti.targets.arm.rtsarm.aem4f : System.oem4f (.text:xdc_runtime_System_doPrint__I)
                  00002798    000002f8     grlib.lib : image.obj (.text:PixelTransparentDraw)
                  00002a90    000002f0     empty.obj (.text:SensorPage)
                  00002d80    000002c6     grlib.lib : slider.obj (.text:SliderPaint)
                  00003046    00000002     rtsv7M4_T_le_v4SPD16_eabi.lib : div0.asm.obj (.text)
                  00003048    000002b0     Clock.obj (.text:timeConvert)
                  000032f8    000002a4     sysbios.aem4f : BIOS.obj (.text:ti_sysbios_knl_Semaphore_pend__E)
                  0000359c    000002a0     GlobalDraw.obj (.text:TopBarDraw)
                  0000383c    00000278     empty.obj (.text:OnPrimitivePaint)
                  00003ab4    00000270     rtsv7M4_T_le_v4SPD16_eabi.lib : _printfi.c.obj (.text:_pconv_a)
                  00003d24    00000004     driverlib.lib : i2c.obj (.text:I2CMasterDataGet)
                  00003d28    0000026c     sysbios.aem4f : BIOS.obj (.text:ti_sysbios_heaps_HeapMem_free__E)
                  00003f94    00000268     touch.obj (.text:TouchScreenDebouncer)
                  000041fc    00000254     grlib.lib : string.obj (.text:GrFontGlyphRender)
                  00004450    00000250     sysbios.aem4f : BIOS.obj (.text:ti_sysbios_heaps_HeapMem_alloc__E)
                  000046a0    00000234                   : BIOS.obj (.text:ti_sysbios_knl_Task_Instance_finalize__E)
                  000048d4    00000228     empty.obj (.text:OnIntroPaint)
                  00004afc    00000004     driverlib.lib : i2c.obj (.text:I2CMasterDataPut)
                  00004b00    00000210     sysbios.aem4f : BIOS.obj (.text:ti_sysbios_family_arm_lm4_Timer_Instance_init__E)
                  00004d10    0000020e     grlib.lib : checkbox.obj (.text:CheckBoxPaint)
                  00004f1e    00000002     empty_pem4f.oem4f (.text:ti_sysbios_BIOS_nullFunc__I)
                  00004f20    0000020c     drivers_tivaware.aem4f : UARTTiva.oem4f (.text:UARTTiva_open)
                  0000512c    00000208     grlib.lib : circle.obj (.text:GrCircleDraw)
                  00005334    00000204     Boot.aem4f : Boot_sysctl.oem4f (.text:ti_catalog_arm_cortexm4_tiva_ce_Boot_sysCtlClockFreqSetI__I)
                  00005538    000001f4     sysbios.aem4f : BIOS.obj (.text:ti_sysbios_family_arm_m3_Hwi_excHandlerMax__I)
                  0000572c    000001e4     Kentec320x240x16_ssd2119_spi.obj (.text:Kentec320x240x16_SSD2119Init)
                  00005910    000001dc     Kentec320x240x16_ssd2119_spi.obj (.text:Kentec320x240x16_SSD2119PixelDrawMultiple)
                  00005aec    000001d0     rtsv7M4_T_le_v4SPD16_eabi.lib : _printfi.c.obj (.text:_pconv_g)
                  00005cbc    00000004     driverlib.lib : uart.obj (.text:UARTIntClear)
                  00005cc0    000001c8     sysbios.aem4f : BIOS.obj (.text:ti_sysbios_knl_Task_sleep__E)
                  00005e88    000001c0                   : BIOS.obj (.text:ti_sysbios_knl_Task_Instance_init__E)
                  00006048    000001b6     grlib.lib : radiobutton.obj (.text:RadioButtonPaint)
                  000061fe    000001b6     rtsv7M4_T_le_v4SPD16_eabi.lib : fd_add_t2.asm.obj (.text)
                  000063b4    00000004     grlib.lib : widget.obj (.text:WidgetDefaultMsgProc)
                  000063b8    000001a0     sysbios.aem4f : BIOS.obj (.text:ti_sysbios_gates_GateMutexPri_enter__E)
                  00006558    0000019c     empty.obj (.text:UpdateGraphPlot)
                  000066f4    00000194     empty.obj (.text:main)
                  00006888    00000190     grlib.lib : canvas.obj (.text:CanvasPaint)
                  00006a18    00000190     empty.obj (.text:heartBeatFxn)
                  00006ba8    0000017e     grlib.lib : pushbutton.obj (.text:RectangularButtonPaint)
                  00006d26    00000002     empty_pem4f.oem4f (.text:xdc_runtime_Startup_reset__I)
                  00006d28    00000178     touch.obj (.text:TouchScreenIntHandler)
                  00006ea0    00000174     sysbios.aem4f : BIOS.obj (.text:ti_sysbios_family_arm_m3_Hwi_excBusFault__I)
                  00007014    00000170     drivers_tivaware.aem4f : PWMTiva.oem4f (.text:PWMTiva_open)
                  00007184    00000004     rtsv7M4_T_le_v4SPD16_eabi.lib : exit.c.obj (.text:abort:abort)
                  00007188    00000164     sysbios.aem4f : BIOS.obj (.text:ti_sysbios_family_arm_m3_Hwi_excUsageFault__I)
                  000072ec    00000154     grlib.lib : container.obj (.text:ContainerPaint)
                  00007440    00000150     drivers_tivaware.aem4f : GPIOTiva.oem4f (.text:GPIO_setConfig)
                  00007590    00000148     sysbios.aem4f : BIOS.obj (.text:ti_sysbios_family_arm_m3_Hwi_excMemFault__I)
                  000076d8    00000144     grlib.lib : circle.obj (.text:GrCircleFill)
                  0000781c    0000013c     rtsv7M4_T_le_v4SPD16_eabi.lib : _printfi.c.obj (.text:_pconv_e)
                  00007958    0000013c     sysbios.aem4f : BIOS.obj (.text:ti_sysbios_heaps_HeapMem_Instance_init__E)
                  00007a94    00000136     rtsv7M4_T_le_v4SPD16_eabi.lib : fd_div_t2.asm.obj (.text)
                  00007bca    00000006     driverlib.lib : gpio.obj (.text:GPIOIntClear)
                  00007bd0    00000134     sysbios.aem4f : BIOS.obj (.text:ti_sysbios_knl_Task_setPri__E)
                  00007d04    00000130     GlobalDraw.obj (.text:BannerInit)
                  00007e34    00000130     driverlib.lib : gpio.obj (.text:GPIOPadConfigSet)
                  00007f64    00000124     rtsv7M4_T_le_v4SPD16_eabi.lib : _printfi.c.obj (.text:fcvt)
                  00008088    00000118     ti.targets.arm.rtsarm.aem4f : Error.oem4f (.text:xdc_runtime_Error_policyDefault__E)
                  000081a0    00000114     drivers_tivaware.aem4f : PWMTimerTiva.oem4f (.text:PWMTimerTiva_open)
                  000082b4    00000110     rtsv7M4_T_le_v4SPD16_eabi.lib : s_scalbn.c.obj (.text:scalbn)
                  000083c4    0000010c     Kentec320x240x16_ssd2119_spi.obj (.text:Kentec320x240x16_SSD2119RectFill)
                  000084d0    0000010c     touch.obj (.text:TouchScreenInit)
                  000085dc    00000004     empty_pem4f.oem4f (.text:ti_sysbios_BIOS_RtsGateProxy_enter__E)
                  000085e0    00000108     sysbios.aem4f : BIOS.obj (.text:ti_sysbios_family_arm_lm4_Timer_start__E)
                  000086e8    00000108                   : BIOS.obj (.text:ti_sysbios_knl_Clock_Instance_init__E)
                  000087f0    00000106     grlib.lib : line.obj (.text:GrLineDraw)
                  000088f6    00000002     --HOLE-- [fill = 0]
                  000088f8    00000100     ti.targets.arm.rtsarm.aem4f : Core-mem.oem4f (.text:xdc_runtime_Core_createObject__I)
                  000089f8    000000fc     rtsv7M4_T_le_v4SPD16_eabi.lib : fd_mul_t2.asm.obj (.text)
                  00008af4    000000f8                                   : s_floor.c.obj (.text:floor)
                  00008bec    000000f8     ti.targets.arm.rtsarm.aem4f : Startup.oem4f (.text:xdc_runtime_Startup_startMods__I)
                  00008ce4    000000f8     empty_pem4f.oem4f (.text:xdc_runtime_System_printfExtend__I)
                  00008ddc    000000f4     empty.obj (.text:graphSelectPage)
                  00008ed0    000000f4     sysbios.aem4f : m3_Hwi_asm.obj (.text:ti_sysbios_family_arm_m3_Hwi_dispatch__I)
                  00008fc4    000000f2     grlib.lib : pushbutton.obj (.text:RectangularButtonClick)
                  000090b6    000000f0     drivers_tivaware.aem4f : PWMTiva.oem4f (.text:PWMTiva_setDuty)
                  000091a6    00000002     --HOLE-- [fill = 0]
                  000091a8    000000ec     sysbios.aem4f : BIOS.obj (.text:ti_sysbios_knl_Semaphore_post__E)
                  00009294    000000e8     grlib.lib : widget.obj (.text:WidgetMessageQueueAdd)
                  0000937c    000000e0     drivers_tivaware.aem4f : I2CTiva.oem4f (.text:I2CTiva_open)
                  0000945c    000000d8     empty.obj (.text:MainPage)
                  00009534    000000d6     drivers_tivaware.aem4f : I2CTiva.oem4f (.text:I2CTiva_hwiFxn)
                  0000960a    000000d6     grlib.lib : slider.obj (.text:SliderClick)
                  000096e0    000000cc     ti.targets.arm.rtsarm.aem4f : Core-smem.oem4f (.text:xdc_runtime_Core_constructObject__I)
                  000097ac    000000c0     grlib.lib : string.obj (.text:GrDefaultStringRenderer)
                  0000986c    00000004     empty_pem4f.oem4f (.text:ti_sysbios_BIOS_RtsGateProxy_leave__E)
                  00009870    000000bc     sysbios.aem4f : BIOS.obj (.text:ti_sysbios_family_arm_m3_Hwi_excDebugMon__I)
                  0000992c    00000004                   : BIOS.obj (.text:ti_sysbios_family_arm_lm4_Timer_masterEnable__I)
                  00009930    000000bc                   : BIOS.obj (.text:ti_sysbios_family_arm_m3_Hwi_excHardFault__I)
                  000099ec    000000b8     EK_TM4C1294XL.obj (.text:EK_TM4C1294XL_initGeneral)
                  00009aa4    000000b8     grlib.lib : line.obj (.text:GrLineClip)
                  00009b5c    000000b8     Kentec320x240x16_ssd2119_spi.obj (.text:InitSPILCDInterface)
                  00009c14    000000b8     drivers_tivaware.aem4f : PWMTimerTiva.oem4f (.text:PWMTimerTiva_setDuty)
                  00009ccc    000000b4     empty.obj (.text:OnCanvasPaint)
                  00009d80    000000b4     empty.obj (.text:OnRadioChange)
                  00009e34    000000b4     empty.obj (.text:OnSliderChange)
                  00009ee8    000000b4     grlib.lib : widget.obj (.text:WidgetMessageSendPostOrder)
                  00009f9c    00000004     empty_pem4f.oem4f (.text:ti_sysbios_family_arm_m3_Hwi_delete)
                  00009fa0    000000b4     sysbios.aem4f : BIOS.obj (.text:ti_sysbios_gates_GateMutex_enter__E)
                  0000a054    00000004     empty_pem4f.oem4f (.text:ti_sysbios_family_arm_m3_Hwi_destruct)
                  0000a058    000000b4     sysbios.aem4f : BIOS.obj (.text:ti_sysbios_knl_Task_checkStacks__E)
                  0000a10c    000000b1     rtsv7M4_T_le_v4SPD16_eabi.lib : _printfi.c.obj (.text:_ltostr)
                  0000a1bd    00000001     --HOLE-- [fill = 0]
                  0000a1be    000000b0     grlib.lib : slider.obj (.text:SliderValueToPosition)
                  0000a26e    000000ac     drivers_tivaware.aem4f : UARTTiva.oem4f (.text:readTaskBlocking)
                  0000a31a    00000006     driverlib.lib : gpio.obj (.text:GPIOPinRead)
                  0000a320    000000ac     sysbios.aem4f : BIOS.obj (.text:ti_sysbios_family_arm_lm4_Timer_enableTiva__I)
                  0000a3cc    00000004     empty_pem4f.oem4f (.text:ti_sysbios_family_arm_m3_TaskSupport_Module__startupDone__S)
                  0000a3d0    000000a4     sysbios.aem4f : BIOS.obj (.text:ti_sysbios_knl_Clock_Instance_finalize__E)
                  0000a474    000000a0     auto_init.aem4f : auto_init.oem4f (.text)
                  0000a514    000000a0     ti.targets.arm.rtsarm.aem4f : Text.oem4f (.text:xdc_runtime_Text_putMod__E)
                  0000a5b4    0000009c     rtsv7M4_T_le_v4SPD16_eabi.lib : memcpy_t2.asm.obj (.text)
                  0000a650    0000009c     sysbios.aem4f : BIOS.obj (.text:ti_sysbios_knl_Semaphore_Instance_init__E)
                  0000a6ec    0000009a     ti.targets.arm.rtsarm.aem4f : Text.oem4f (.text:xdc_runtime_Text_putSite__E)
                  0000a786    00000098     drivers_tivaware.aem4f : UARTTiva.oem4f (.text:UARTTiva_readPolling)
                  0000a81e    00000002     --HOLE-- [fill = 0]
                  0000a820    00000098     Boot.aem4f : Boot.oem4f (.text:ti_catalog_arm_cortexm4_tiva_ce_Boot_sysCtlClockFreqSet__E)
                  0000a8b8    00000096     rtsv7M4_T_le_v4SPD16_eabi.lib : ull_div_t2.asm.obj (.text)
                  0000a94e    00000094     drivers_tivaware.aem4f : UARTTiva.oem4f (.text:UARTTiva_write)
                  0000a9e2    00000006     driverlib.lib : gpio.obj (.text:GPIOPinWrite)
                  0000a9e8    00000094     sysbios.aem4f : BIOS.obj (.text:ti_sysbios_family_arm_m3_Hwi_Instance_init__E)
                  0000aa7c    00000004     empty_pem4f.oem4f (.text:ti_sysbios_hal_Timer_TimerProxy_delete)
                  0000aa80    00000094     sysbios.aem4f : BIOS.obj (.text:ti_sysbios_family_arm_m3_Hwi_initNVIC__E)
                  0000ab14    00000090     grlib.lib : radiobutton.obj (.text:RadioButtonClick)
                  0000aba4    0000008c     drivers_tivaware.aem4f : GPIOTiva.oem4f (.text:GPIO_init)
                  0000ac30    0000008c                            : UARTTiva.oem4f (.text:UARTTiva_control)
                  0000acbc    0000008c     sysbios.aem4f : m3_TaskSupport_asm.obj (.text:ti_sysbios_family_arm_m3_TaskSupport_buildTaskStack)
                  0000ad48    0000008c                   : BIOS.obj (.text:ti_sysbios_hal_SecondsClock_Module_startup__E)
                  0000add4    00000004     empty_pem4f.oem4f (.text:ti_sysbios_heaps_HeapMem_Module_GateProxy_enter__E)
                  0000add8    0000008c     sysbios.aem4f : BIOS.obj (.text:ti_sysbios_knl_Task_postInit__I)
                  0000ae64    0000008a     drivers_tivaware.aem4f : UARTTiva.oem4f (.text:readIsrTextBlocking)
                  0000aeee    00000002     --HOLE-- [fill = 0]
                  0000aef0    00000088                            : PWMTiva.oem4f (.text:PWMTiva_control)
                  0000af78    00000086     grlib.lib : rectangle.obj (.text:GrRectFill)
                  0000affe    00000086     rtsv7M4_T_le_v4SPD16_eabi.lib : fd_cmp_t2.asm.obj (.text:__aeabi_cdcmple)
                  0000b084    00000086                                   : fd_cmp_t2.asm.obj (.text:__aeabi_cdrcmple)
                  0000b10a    00000084     empty.obj (.text:ArrayUpdate)
                  0000b18e    00000002     --HOLE-- [fill = 0]
                  0000b190    00000084     sysbios.aem4f : BIOS.obj (.text:ti_sysbios_family_arm_m3_Hwi_postInit__I)
                  0000b214    00000082     drivers_tivaware.aem4f : UARTTiva.oem4f (.text:readIsrTextCallback)
                  0000b296    00000080     grlib.lib : rectangle.obj (.text:GrRectIntersectGet)
                  0000b316    00000002     --HOLE-- [fill = 0]
                  0000b318    00000080     empty.obj (.text:OnCheckChange)
                  0000b398    0000007e     drivers_tivaware.aem4f : I2CTiva.oem4f (.text:I2CTiva_transfer)
                  0000b416    00000002     --HOLE-- [fill = 0]
                  0000b418    0000007c     sysbios.aem4f : BIOS.obj (.text:ti_sysbios_family_arm_lm4_Timer_disableTiva__I)
                  0000b494    0000007a     driverlib.lib : adc.obj (.text:ADCSequenceStepConfigure)
                  0000b50e    0000007a     drivers_tivaware.aem4f : UARTTiva.oem4f (.text:readTaskCallback)
                  0000b588    0000007a     rtsv7M4_T_le_v4SPD16_eabi.lib : memset_t2.asm.obj (.text)
                  0000b602    00000006     grlib.lib : string.obj (.text:GrContextFontSet)
                  0000b608    00000074     sysbios.aem4f : BIOS.obj (.text:ti_sysbios_knl_Clock_start__E)
                  0000b67c    00000070     empty.obj (.text:GraphPage)
                  0000b6ec    00000004     empty_pem4f.oem4f (.text:ti_sysbios_heaps_HeapMem_Module_GateProxy_leave__E)
                  0000b6f0    00000070     sysbios.aem4f : BIOS.obj (.text:ti_sysbios_knl_Clock_workFunc__E)
                  0000b760    00000070                   : BIOS.obj (.text:ti_sysbios_knl_Task_exit__E)
                  0000b7d0    0000006e     rtsv7M4_T_le_v4SPD16_eabi.lib : _printfi.c.obj (.text:_mcpy)
                  0000b83e    00000002     --HOLE-- [fill = 0]
                  0000b840    0000006d     ti.targets.arm.rtsarm.aem4f : System.oem4f (.text:xdc_runtime_System_formatNum__I)
                  0000b8ad    00000003     --HOLE-- [fill = 0]
                  0000b8b0    0000006c     empty.obj (.text:CalcAvg)
                  0000b91c    0000006c     drivers_tivaware.aem4f : PWMTimerTiva.oem4f (.text:PWMTimerTiva_control)
                  0000b988    0000006c     empty_pem4f.oem4f (.text:ti_sysbios_family_arm_lm4_Timer_Object__create__S)
                  0000b9f4    00000004     empty_pem4f.oem4f (.text:ti_sysbios_knl_Clock_TimerProxy_getFreq__E)
                  0000b9f8    0000006c     sysbios.aem4f : BIOS.obj (.text:ti_sysbios_gates_GateMutexPri_leave__E)
                  0000ba64    00000004     empty_pem4f.oem4f (.text:ti_sysbios_knl_Clock_TimerProxy_getMaxTicks__E)
                  0000ba68    0000006c     sysbios.aem4f : BIOS.obj (.text:ti_sysbios_knl_Swi_restoreHwi__E)
                  0000bad4    0000006c     drivers_tivaware.aem4f : UARTTiva.oem4f (.text:writeData)
                  0000bb40    0000006c     ti.targets.arm.rtsarm.aem4f : Error.oem4f (.text:xdc_runtime_Error_print__E)
                  0000bbac    0000006c                                 : Memory.oem4f (.text:xdc_runtime_Memory_alloc__E)
                  0000bc18    0000006a     drivers_tivaware.aem4f : PWMTiva.oem4f (.text:PWMTiva_close)
                  0000bc82    00000002     --HOLE-- [fill = 0]
                  0000bc84    00000068     empty.obj (.text:BackMainMotorPage)
                  0000bcec    00000068     EK_TM4C1294XL.obj (.text:EK_TM4C1294XL_initI2C)
                  0000bd54    00000068     grlib.lib : context.obj (.text:GrContextInit)
                  0000bdbc    00000068               : string.obj (.text:GrStringWidthGet)
                  0000be24    00000068     driverlib.lib : interrupt.obj (.text:IntEnable)
                  0000be8c    00000068     Kentec320x240x16_ssd2119_spi.obj (.text:Kentec320x240x16_SSD2119LineDrawH)
                  0000bef4    00000068     Kentec320x240x16_ssd2119_spi.obj (.text:Kentec320x240x16_SSD2119LineDrawV)
                  0000bf5c    00000068     rtsv7M4_T_le_v4SPD16_eabi.lib : copy_decompress_lzss.c.obj (.text:decompress:lzss:__TI_decompress_lzss)
                  0000bfc4    00000066     grlib.lib : context.obj (.text:GrContextClipRegionSet)
                  0000c02a    00000066               : rectangle.obj (.text:GrRectDraw)
                  0000c090    00000066     ti.targets.arm.rtsarm.aem4f : Core-mem.oem4f (.text:xdc_runtime_Core_deleteObject__I)
                  0000c0f6    00000002     --HOLE-- [fill = 0]
                  0000c0f8    00000064     drivers_tivaware.aem4f : GPIOTiva.oem4f (.text:GPIO_hwiIntFxn)
                  0000c15c    00000064     grlib.lib : widget.obj (.text:WidgetMessageQueueProcess)
                  0000c1c0    00000064     rtsv7M4_T_le_v4SPD16_eabi.lib : s_frexp.c.obj (.text:frexp)
                  0000c224    00000004     empty_pem4f.oem4f (.text:ti_sysbios_knl_Clock_TimerProxy_getPeriod__E)
                  0000c228    00000064     sysbios.aem4f : BIOS.obj (.text:ti_sysbios_family_arm_lm4_Timer_Module_startup__E)
                  0000c28c    00000064     empty_pem4f.oem4f (.text:ti_sysbios_family_arm_m3_Hwi_create)
                  0000c2f0    00000064     sysbios.aem4f : BIOS.obj (.text:ti_sysbios_family_arm_m3_Hwi_dispatchC__I)
                  0000c354    00000064     empty_pem4f.oem4f (.text:ti_sysbios_hal_Timer_create)
                  0000c3b8    00000064     Clock.obj (.text:timer1sec)
                  0000c41c    00000062     drivers_tivaware.aem4f : I2CTiva.oem4f (.text:I2CTiva_primeTransfer)
                  0000c47e    00000002     --HOLE-- [fill = 0]
                  0000c480    00000060     driverlib.lib : timer.obj (.text:TimerConfigure)
                  0000c4e0    00000060     Kentec320x240x16_ssd2119_spi.obj (.text:WriteDataSPI)
                  0000c540    00000060     sysbios.aem4f : BIOS.obj (.text:ti_sysbios_knl_Task_schedule__I)
                  0000c5a0    0000005e     grlib.lib : widget.obj (.text:WidgetMessageSendPreOrder)
                  0000c5fe    0000005e     drivers_tivaware.aem4f : UARTTiva.oem4f (.text:readIsrBinaryBlocking)
                  0000c65c    0000005c     Kentec320x240x16_ssd2119_spi.obj (.text:WriteCommandSPI)
                  0000c6b8    0000005c     sysbios.aem4f : BIOS.obj (.text:ti_sysbios_knl_Swi_run__I)
                  0000c714    00000004     empty_pem4f.oem4f (.text:ti_sysbios_knl_Clock_destruct)
                  0000c718    0000005c     sysbios.aem4f : BIOS.obj (.text:ti_sysbios_knl_Swi_schedule__I)
                  0000c774    00000004     empty_pem4f.oem4f (.text:ti_sysbios_knl_Queue_destruct)
                  0000c778    0000005c     sysbios.aem4f : BIOS.obj (.text:ti_sysbios_knl_Task_Module_startup__E)
                  0000c7d4    00000004     empty_pem4f.oem4f (.text:ti_sysbios_knl_Semaphore_destruct)
                  0000c7d8    0000005c     sysbios.aem4f : BIOS.obj (.text:ti_sysbios_knl_Task_startCore__E)
                  0000c834    0000005b     ti.targets.arm.rtsarm.aem4f : Text.oem4f (.text:xdc_runtime_Text_putLab__E)
                  0000c88f    00000001     --HOLE-- [fill = 0]
                  0000c890    0000005a     grlib.lib : string.obj (.text:FontWideGlyphDataGet)
                  0000c8ea    00000002     --HOLE-- [fill = 0]
                  0000c8ec    00000058     boot.aem4f : boot.oem4f (.text)
                  0000c944    00000058     rtsv7M4_T_le_v4SPD16_eabi.lib : hostwrite.c.obj (.text:HOSTwrite)
                  0000c99c    00000058     grlib.lib : slider.obj (.text:SliderPositionToValue)
                  0000c9f4    00000058     driverlib.lib : timer.obj (.text:TimerControlTrigger)
                  0000ca4c    00000004     ti.targets.arm.rtsarm.aem4f : Error.oem4f (.text:xdc_runtime_Error_getSite__E)
                  0000ca50    00000058     sysbios.aem4f : BIOS.obj (.text:ti_sysbios_family_arm_lm4_Timer_Instance_finalize__E)
                  0000caa8    00000058     empty_pem4f.oem4f (.text:ti_sysbios_family_arm_m3_Hwi_construct)
                  0000cb00    00000058     sysbios.aem4f : m3_Hwi_asm_switch.obj (.text:ti_sysbios_family_arm_m3_Hwi_initStacks__E)
                  0000cb58    00000058     ustdlib.obj (.text:ustrncpy)
                  0000cbb0    00000056     driverlib.lib : gpio.obj (.text:GPIOIntTypeSet)
                  0000cc06    00000056     rtsv7M4_T_le_v4SPD16_eabi.lib : _printfi.c.obj (.text:_pconv_f)
                  0000cc5c    00000054                                   : _ltoa.c.obj (.text:__TI_ltoa)
                  0000ccb0    00000054     drivers_tivaware.aem4f : UARTTiva.oem4f (.text:readIsrBinaryCallback)
                  0000cd04    00000004     empty_pem4f.oem4f (.text:xdc_runtime_System_Module_GateProxy_enter__E)
                  0000cd08    00000054     sysbios.aem4f : BIOS.obj (.text:ti_sysbios_family_arm_lm4_Timer_initDevice__I)
                  0000cd5c    00000054     empty_pem4f.oem4f (.text:ti_sysbios_knl_Task_construct)
                  0000cdb0    00000054     ti.targets.arm.rtsarm.aem4f : Assert.oem4f (.text:xdc_runtime_Assert_raise__I)
                  0000ce04    00000052     rtsv7M4_T_le_v4SPD16_eabi.lib : _printfi.c.obj (.text:_ecpy)
                  0000ce56    00000050     grlib.lib : checkbox.obj (.text:CheckBoxClick)
                  0000cea6    00000002     --HOLE-- [fill = 0]
                  0000cea8    00000050     drivers_tivaware.aem4f : GPIOTiva.oem4f (.text:GPIO_setCallback)
                  0000cef8    00000050                            : GPIOTiva.oem4f (.text:GPIO_toggle)
                  0000cf48    00000050                            : GPIOTiva.oem4f (.text:GPIO_write)
                  0000cf98    00000050                            : UARTTiva.oem4f (.text:UARTTiva_writeCancel)
                  0000cfe8    00000050     Boot.aem4f : Boot_sysctl.oem4f (.text:_SysCtlFrequencyGet)
                  0000d038    00000050     sysbios.aem4f : BIOS.obj (.text:ti_sysbios_family_arm_m3_Hwi_Module_startup__E)
                  0000d088    00000050     ti.targets.arm.rtsarm.aem4f : Startup.oem4f (.text:xdc_runtime_Startup_exec__E)
                  0000d0d8    00000050                                 : Text.oem4f (.text:xdc_runtime_Text_visitRope2__I)
                  0000d128    0000004c     drivers_tivaware.aem4f : UARTTiva.oem4f (.text:UARTTiva_close)
                  0000d174    0000004c     grlib.lib : widget.obj (.text:WidgetRemove)
                  0000d1c0    0000004c     rtsv7M4_T_le_v4SPD16_eabi.lib : atoi.c.obj (.text:atoi)
                  0000d20c    0000004c                                   : cpy_tbl.c.obj (.text:copy_in)
                  0000d258    0000004c     sysbios.aem4f : BIOS.obj (.text:ti_sysbios_family_arm_lm4_Timer_setAvailMask__E)
                  0000d2a4    00000004     empty_pem4f.oem4f (.text:xdc_runtime_System_Module_GateProxy_leave__E)
                  0000d2a8    0000004c     sysbios.aem4f : BIOS.obj (.text:ti_sysbios_heaps_HeapMem_getStats__E)
                  0000d2f4    00000004     ti.targets.arm.rtsarm.aem4f : System.oem4f (.text:xdc_runtime_System_aprintf_va__F)
                  0000d2f8    0000004c     sysbios.aem4f : BIOS.obj (.text:ti_sysbios_knl_Swi_runLoop__I)
                  0000d344    00000004     ti.targets.arm.rtsarm.aem4f : System.oem4f (.text:xdc_runtime_System_printf_va__F)
                  0000d348    0000004c     sysbios.aem4f : BIOS.obj (.text:ti_sysbios_knl_Task_allBlockedFunction__I)
                  0000d394    00000004     --HOLE-- [fill = 0]
                  0000d398    0000004c                   : BIOS.obj (.text:ti_sysbios_knl_Task_block__E)
                  0000d3e4    0000004a     drivers_tivaware.aem4f : PWMTimerTiva.oem4f (.text:PWMTimerTiva_close)
                  0000d42e    0000004a     grlib.lib : string.obj (.text:UpdateContextCharMapping)
                  0000d478    00000048     driverlib.lib : gpio.obj (.text:GPIOPinConfigure)
                  0000d4c0    00000048                   : i2c.obj (.text:I2CMasterInitExpClk)
                  0000d508    00000048     rtsv7M4_T_le_v4SPD16_eabi.lib : fd_toi_t2.asm.obj (.text)
                  0000d550    00000048     sysbios.aem4f : BIOS.obj (.text:ti_sysbios_family_arm_lm4_Timer_enableTimers__I)
                  0000d598    00000048                   : BIOS.obj (.text:ti_sysbios_family_arm_m3_Hwi_disableInterrupt__E)
                  0000d5e0    00000048                   : BIOS.obj (.text:ti_sysbios_family_arm_m3_Hwi_enableInterrupt__E)
                  0000d628    00000048                   : BIOS.obj (.text:ti_sysbios_family_arm_m3_Hwi_excReserved__I)
                  0000d670    00000048                   : BIOS.obj (.text:ti_sysbios_hal_SecondsClock_increment__I)
                  0000d6b8    00000046     grlib.lib : line.obj (.text:GrLineDrawH)
                  0000d6fe    00000046               : line.obj (.text:GrLineDrawV)
                  0000d744    00000046     Kentec320x240x16_ssd2119_spi.obj (.text:Kentec320x240x16_SSD2119PixelDraw)
                  0000d78a    00000046     drivers_tivaware.aem4f : RingBuf.oem4f (.text:RingBuf_put)
                  0000d7d0    00000046     UARTLocal.obj (.text:initUART)
                  0000d816    00000046     ti.targets.arm.rtsarm.aem4f : Core-params.oem4f (.text:xdc_runtime_Core_assignParams__I)
                  0000d85c    00000004     --HOLE-- [fill = 0]
                  0000d860    00000044     sysbios.aem4f : BIOS.obj (.text:ti_sysbios_family_arm_lm4_Timer_isrStub__E)
                  0000d8a4    00000004     --HOLE-- [fill = 0]
                  0000d8a8    00000044                   : BIOS.obj (.text:ti_sysbios_family_arm_m3_Hwi_getStackInfo__E)
                  0000d8ec    00000004     --HOLE-- [fill = 0]
                  0000d8f0    00000044                   : BIOS.obj (.text:ti_sysbios_knl_Swi_post__E)
                  0000d934    00000044     ti.targets.arm.rtsarm.aem4f : Error.oem4f (.text:xdc_runtime_Error_setX__E)
                  0000d978    00000044                                 : SysMin.oem4f (.text:xdc_runtime_SysMin_flush__E)
                  0000d9bc    00000044                                 : Text.oem4f (.text:xdc_runtime_Text_xprintf__I)
                  0000da00    00000042     driverlib.lib : uart.obj (.text:UARTConfigSetExpClk)
                  0000da42    00000042     drivers_tivaware.aem4f : UARTTiva.oem4f (.text:UARTTiva_hwiIntFxn)
                  0000da84    00000042                            : UARTTiva.oem4f (.text:UARTTiva_writePolling)
                  0000dac6    00000040                            : RingBuf.oem4f (.text:RingBuf_get)
                  0000db06    00000040                            : UARTTiva.oem4f (.text:UARTTiva_read)
                  0000db46    00000040     rtsv7M4_T_le_v4SPD16_eabi.lib : u_divt2.asm.obj (.text)
                  0000db86    00000002     --HOLE-- [fill = 0]
                  0000db88    00000040                                   : sprintf.c.obj (.text:sprintf)
                  0000dbc8    00000040     sysbios.aem4f : BIOS.obj (.text:ti_sysbios_family_arm_lm4_Timer_startup__E)
                  0000dc08    00000040                   : BIOS.obj (.text:ti_sysbios_hal_SecondsClock_getTime__E)
                  0000dc48    0000003e     driverlib.lib : adc.obj (.text:ADCSequenceConfigure)
                  0000dc86    0000003e     rtsv7M4_T_le_v4SPD16_eabi.lib : _printfi.c.obj (.text:_fcpy)
                  0000dcc4    0000003c     empty.obj (.text:CalcNoRemainder)
                  0000dd00    0000003c     driverlib.lib : ssi.obj (.text:SSIConfigSetExpClk)
                  0000dd3c    00000004     --HOLE-- [fill = 0]
                  0000dd40    0000003c     sysbios.aem4f : BIOS.obj (.text:ti_sysbios_family_arm_m3_Hwi_excSvCall__I)
                  0000dd7c    00000004     --HOLE-- [fill = 0]
                  0000dd80    0000003c                   : BIOS.obj (.text:ti_sysbios_heaps_HeapMem_init__I)
                  0000ddbc    00000004     --HOLE-- [fill = 0]
                  0000ddc0    0000003c                   : BIOS.obj (.text:ti_sysbios_knl_Swi_restore__E)
                  0000ddfc    0000003a     grlib.lib : string.obj (.text:FontGlyphDataGet)
                  0000de36    0000003a     drivers_tivaware.aem4f : I2CTiva.oem4f (.text:I2CTiva_completeTransfer)
                  0000de70    00000038     grlib.lib : rectangle.obj (.text:GrRectOverlapCheck)
                  0000dea8    00000038     drivers_tivaware.aem4f : I2C.oem4f (.text:I2C_init)
                  0000dee0    00000038                            : PWM.oem4f (.text:PWM_init)
                  0000df18    00000038     empty.obj (.text:RemoveGraphSelect)
                  0000df50    00000038     driverlib.lib : sysctl.obj (.text:SysCtlPeripheralReady)
                  0000df88    00000038     drivers_tivaware.aem4f : UART.oem4f (.text:UART_init)
                  0000dfc0    00000038     rtsv7M4_T_le_v4SPD16_eabi.lib : trgmsg.c.obj (.text:__TI_writemsg)
                  0000dff8    00000038                                   : fs_tod_t2.asm.obj (.text)
                  0000e030    00000038     sysbios.aem4f : BIOS.obj (.text:ti_sysbios_family_arm_m3_Hwi_excNoIsr__I)
                  0000e068    00000038     ti.targets.arm.rtsarm.aem4f : SysMin.oem4f (.text:xdc_runtime_SysMin_putch__E)
                  0000e0a0    00000038                                 : System.oem4f (.text:xdc_runtime_System_atexit__E)
                  0000e0d8    00000036     grlib.lib : line.obj (.text:GrClipCodeGet)
                  0000e10e    00000036     drivers_tivaware.aem4f : I2CTiva.oem4f (.text:I2CTiva_close)
                  0000e144    00000036                            : UARTTiva.oem4f (.text:UARTTiva_readCancel)
                  0000e17a    00000002     --HOLE-- [fill = 0]
                  0000e17c    00000034     driverlib.lib : sysctl.obj (.text:SysCtlPeripheralEnable)
                  0000e1b0    00000034     rtsv7M4_T_le_v4SPD16_eabi.lib : trgmsg.c.obj (.text:__TI_readmsg)
                  0000e1e4    00000004     --HOLE-- [fill = 0]
                  0000e1e8    00000034     sysbios.aem4f : BIOS.obj (.text:ti_sysbios_family_arm_lm4_Timer_setPeriodMicroSecs__E)
                  0000e21c    00000004     --HOLE-- [fill = 0]
                  0000e220    00000034                   : BIOS.obj (.text:ti_sysbios_family_arm_m3_Hwi_Instance_finalize__E)
                  0000e254    00000004     --HOLE-- [fill = 0]
                  0000e258    00000034                   : BIOS.obj (.text:ti_sysbios_family_arm_m3_Hwi_excNmi__I)
                  0000e28c    00000004     --HOLE-- [fill = 0]
                  0000e290    00000034                   : BIOS.obj (.text:ti_sysbios_hal_Hwi_checkStack)
                  0000e2c4    00000034     empty_pem4f.oem4f (.text:ti_sysbios_knl_Clock_construct)
                  0000e2f8    00000034     ti.targets.arm.rtsarm.aem4f : Core-label.oem4f (.text:xdc_runtime_Core_assignLabel__I)
                  0000e32c    00000033                                 : Text.oem4f (.text:xdc_runtime_Text_printVisFxn__I)
                  0000e35f    00000001     --HOLE-- [fill = 0]
                  0000e360    00000032     sysbios.aem4f : BIOS.obj (.text:ti_sysbios_hal_Hwi_initStack)
                  0000e392    00000032     ustdlib.obj (.text:usprintf)
                  0000e3c4    00000030     drivers_tivaware.aem4f : PWMTiva.oem4f (.text:PWMTiva_init)
                  0000e3f4    00000030                            : PWM.oem4f (.text:PWM_open)
                  0000e424    00000030                            : UART.oem4f (.text:UART_open)
                  0000e454    00000030     empty_pem4f.oem4f (.text:ti_sysbios_BIOS_atExitFunc__I)
                  0000e484    00000004     --HOLE-- [fill = 0]
                  0000e488    00000030     sysbios.aem4f : BIOS.obj (.text:ti_sysbios_family_arm_lm4_Timer_stop__E)
                  0000e4b8    00000030                   : BIOS.obj (.text:ti_sysbios_family_arm_m3_TaskSupport_start__E)
                  0000e4e8    00000030     empty_pem4f.oem4f (.text:ti_sysbios_gates_GateHwi_Object__create__S)
                  0000e518    00000030     empty_pem4f.oem4f (.text:ti_sysbios_gates_GateMutexPri_Object__create__S)
                  0000e548    00000030     empty_pem4f.oem4f (.text:ti_sysbios_gates_GateMutexPri_create)
                  0000e578    00000030     empty_pem4f.oem4f (.text:ti_sysbios_gates_GateMutex_Object__create__S)
                  0000e5a8    00000030     empty_pem4f.oem4f (.text:ti_sysbios_heaps_HeapMem_Object__create__S)
                  0000e5d8    00000030     empty_pem4f.oem4f (.text:ti_sysbios_knl_Semaphore_construct)
                  0000e608    00000030     sysbios.aem4f : BIOS.obj (.text:ti_sysbios_knl_Semaphore_pendTimeout__I)
                  0000e638    00000030                   : BIOS.obj (.text:ti_sysbios_knl_Task_processVitalTaskFlag__I)
                  0000e668    00000030                   : BIOS.obj (.text:ti_sysbios_knl_Task_unblockI__E)
                  0000e698    00000030     ti.targets.arm.rtsarm.aem4f : SysMin.oem4f (.text:xdc_runtime_SysMin_abort__E)
                  0000e6c8    00000030                                 : System.oem4f (.text:xdc_runtime_System_processAtExit__E)
                  0000e6f8    0000002e     grlib.lib : checkbox.obj (.text:CheckBoxMsgProc)
                  0000e726    0000002e               : string.obj (.text:GrStringNextCharGet)
                  0000e754    0000002e               : radiobutton.obj (.text:RadioButtonMsgProc)
                  0000e782    0000002e     rtsv7M4_T_le_v4SPD16_eabi.lib : i_tofd_t2.asm.obj (.text)
                  0000e7b0    0000002c     EK_TM4C1294XL.obj (.text:EK_TM4C1294XL_initUART)
                  0000e7dc    0000002c     grlib.lib : string.obj (.text:GrFontBaselineGet)
                  0000e808    0000002c               : string.obj (.text:GrFontHeightGet)
                  0000e834    0000002c               : pushbutton.obj (.text:RectangularButtonMsgProc)
                  0000e860    0000002c               : slider.obj (.text:SliderMsgProc)
                  0000e88c    0000002c               : widget.obj (.text:WidgetIsInTree)
                  0000e8b8    0000002c     empty_pem4f.oem4f (.text:ti_sysbios_knl_Clock_doTick__I)
                  0000e8e4    0000002c     empty_pem4f.oem4f (.text:ti_sysbios_knl_Queue_construct)
                  0000e910    0000002c     sysbios.aem4f : BIOS.obj (.text:ti_sysbios_knl_Task_restore__E)
                  0000e93c    0000002c     ti.targets.arm.rtsarm.aem4f : Text.oem4f (.text:xdc_runtime_Text_cordText__E)
                  0000e968    0000002a     driverlib.lib : gpio.obj (.text:GPIODirModeSet)
                  0000e992    0000002a     ti.targets.arm.rtsarm.aem4f : System.oem4f (.text:xdc_runtime_System_putchar__I)
                  0000e9bc    00000028     Kentec320x240x16_ssd2119_spi.obj (.text:Kentec320x240x16_SSD2119ColorTranslate)
                  0000e9e4    00000004     --HOLE-- [fill = 0]
                  0000e9e8    00000028     sysbios.aem4f : BIOS.obj (.text:ti_sysbios_hal_Timer_Instance_init__E)
                  0000ea10    00000028                   : BIOS.obj (.text:ti_sysbios_knl_Clock_addI__E)
                  0000ea38    00000028                   : BIOS.obj (.text:ti_sysbios_knl_Swi_Module_startup__E)
                  0000ea60    00000026     grlib.lib : string.obj (.text:GrFontInfoGet)
                  0000ea86    00000026     sysbios.aem4f : m3_Hwi_asm.obj (.text:ti_sysbios_family_arm_m3_Hwi_pendSV__I)
                  0000eaac    00000026     ti.targets.arm.rtsarm.aem4f : System.oem4f (.text:xdc_runtime_System_avprintf__E)
                  0000ead2    00000002     --HOLE-- [fill = 0]
                  0000ead4    00000024     empty.obj (.text:BackGraphSelect)
                  0000eaf8    00000024     empty.obj (.text:BackMainGraph)
                  0000eb1c    00000024     empty.obj (.text:RemoveMainPage)
                  0000eb40    00000024     empty.obj (.text:backMainSensor)
                  0000eb64    00000024     empty.obj (.text:removeSensorPage)
                  0000eb88    00000024     empty_pem4f.oem4f (.text:ti_sysbios_BIOS_errorRaiseHook__I)
                  0000ebac    00000024     empty_pem4f.oem4f (.text:ti_sysbios_BIOS_registerRTSLock__I)
                  0000ebd0    00000024     empty_pem4f.oem4f (.text:ti_sysbios_BIOS_removeRTSLock__I)
                  0000ebf4    00000024     empty_pem4f.oem4f (.text:ti_sysbios_BIOS_startFunc__I)
                  0000ec18    00000024     empty_pem4f.oem4f (.text:ti_sysbios_gates_GateMutexPri_Object__delete__S)
                  0000ec3c    00000024     empty_pem4f.oem4f (.text:ti_sysbios_gates_GateMutex_Object__delete__S)
                  0000ec60    00000024     sysbios.aem4f : BIOS.obj (.text:ti_sysbios_knl_Clock_Module_startup__E)
                  0000ec84    00000004     --HOLE-- [fill = 0]
                  0000ec88    00000024                   : BIOS.obj (.text:ti_sysbios_knl_Task_restoreHwi__E)
                  0000ecac    00000024     ti.targets.arm.rtsarm.aem4f : System.oem4f (.text:xdc_runtime_System_vprintf__E)
                  0000ecd0    00000022     grlib.lib : string.obj (.text:GrFontGlyphDataGet)
                  0000ecf2    00000022     driverlib.lib : pwm.obj (.text:PWMGenConfigure)
                  0000ed14    00000022     drivers_tivaware.aem4f : PWMTiva.oem4f (.text:PWMTiva_getPeriodCounts)
                  0000ed36    00000002     --HOLE-- [fill = 0]
                  0000ed38    00000022     sysbios.aem4f : BIOS.obj (.text:ti_sysbios_family_arm_lm4_Timer_write__I)
                  0000ed5a    00000022     empty_pem4f.oem4f (.text:xdc_runtime_SysMin_output__I)
                  0000ed7c    00000020     Boot.aem4f : Boot_sysctl.oem4f (.text:_SysCtlMemTimingGet)
                  0000ed9c    00000020     rtsv7M4_T_le_v4SPD16_eabi.lib : u_tofd_t2.asm.obj (.text)
                  0000edbc    00000020     empty_pem4f.oem4f (.text:ti_sysbios_BIOS_rtsLock__I)
                  0000eddc    00000020     empty_pem4f.oem4f (.text:ti_sysbios_family_arm_lm4_Timer_Object__delete__S)
                  0000edfc    00000004     --HOLE-- [fill = 0]
                  0000ee00    00000020     sysbios.aem4f : BIOS.obj (.text:ti_sysbios_family_arm_lm4_Timer_getFreq__E)
                  0000ee20    00000020                   : BIOS.obj (.text:ti_sysbios_family_arm_lm4_Timer_postInit__I)
                  0000ee40    00000020     empty_pem4f.oem4f (.text:ti_sysbios_family_arm_m3_Hwi_Object__delete__S)
                  0000ee60    00000020     sysbios.aem4f : m3_Hwi_asm.obj (.text:ti_sysbios_family_arm_m3_Hwi_excHandlerAsm__I)
                  0000ee80    00000020                   : BIOS.obj (.text:ti_sysbios_family_arm_m3_Hwi_excHandler__I)
                  0000eea0    00000020     empty_pem4f.oem4f (.text:ti_sysbios_gates_GateHwi_Object__delete__S)
                  0000eec0    00000020     empty_pem4f.oem4f (.text:ti_sysbios_heaps_HeapMem_Object__delete__S)
                  0000eee0    00000020     empty_pem4f.oem4f (.text:ti_sysbios_knl_Clock_Object__destruct__S)
                  0000ef00    00000020     sysbios.aem4f : BIOS.obj (.text:ti_sysbios_knl_Idle_run__E)
                  0000ef20    00000020     empty_pem4f.oem4f (.text:ti_sysbios_knl_Semaphore_Object__destruct__S)
                  0000ef40    00000020     ti.targets.arm.rtsarm.aem4f : Registry.oem4f (.text:xdc_runtime_Registry_findById__E)
                  0000ef60    00000020                                 : SysMin.oem4f (.text:xdc_runtime_SysMin_Module_startup__E)
                  0000ef80    0000001e     grlib.lib : string.obj (.text:GrFontCodepageGet)
                  0000ef9e    0000001e     driverlib.lib : pwm.obj (.text:PWMPulseWidthSet)
                  0000efbc    0000001e     drivers_tivaware.aem4f : PWMTiva.oem4f (.text:PWMTiva_getPeriodMicroSecs)
                  0000efda    0000001e     grlib.lib : widget.obj (.text:WidgetAdd)
                  0000eff8    0000001e     sysbios.aem4f : m3_Hwi_asm_switch.obj (.text:ti_sysbios_family_xxx_Hwi_switchAndRunFunc)
                  0000f016    0000001e     Clock.obj (.text:updatetime)
                  0000f034    0000001c     driverlib.lib : uart.obj (.text:UARTDisable)
                  0000f050    0000001c     grlib.lib : widget.obj (.text:WidgetPointerMessage)
                  0000f06c    0000001c     drivers_tivaware.aem4f : GPIOTiva.oem4f (.text:getGpioIntIndex)
                  0000f088    0000001c     rtsv7M4_T_le_v4SPD16_eabi.lib : memccpy.c.obj (.text:memccpy)
                  0000f0a4    0000001c     empty_pem4f.oem4f (.text:ti_sysbios_family_arm_m3_Hwi_Object__destruct__S)
                  0000f0c0    0000001c     sysbios.aem4f : BIOS.obj (.text:ti_sysbios_gates_GateMutexPri_Instance_init__E)
                  0000f0dc    00000004     --HOLE-- [fill = 0]
                  0000f0e0    0000001c                   : BIOS.obj (.text:ti_sysbios_gates_GateMutex_Instance_init__E)
                  0000f0fc    0000001c     empty_pem4f.oem4f (.text:ti_sysbios_hal_Timer_TimerProxy_create)
                  0000f118    0000001c     empty_pem4f.oem4f (.text:ti_sysbios_knl_Queue_Object__destruct__S)
                  0000f134    00000004     --HOLE-- [fill = 0]
                  0000f138    0000001c     sysbios.aem4f : BIOS.obj (.text:ti_sysbios_knl_Queue_put__E)
                  0000f154    00000004     --HOLE-- [fill = 0]
                  0000f158    0000001c                   : BIOS.obj (.text:ti_sysbios_knl_Task_enter__I)
                  0000f174    0000001c     ti.targets.arm.rtsarm.aem4f : Error.oem4f (.text:xdc_runtime_Error_raiseX__E)
                  0000f190    0000001c                                 : Memory.oem4f (.text:xdc_runtime_Memory_valloc__E)
                  0000f1ac    0000001c                                 : SysMin.oem4f (.text:xdc_runtime_SysMin_exit__E)
                  0000f1c8    0000001c                                 : System.oem4f (.text:xdc_runtime_System_abort__E)
                  0000f1e4    0000001a     rtsv7M4_T_le_v4SPD16_eabi.lib : s_copysign.c.obj (.text:copysign)
                  0000f1fe    0000001a     empty_pem4f.oem4f (.text:ti_sysbios_family_arm_m3_Hwi_Handle__label__S)
                  0000f218    0000001a     empty_pem4f.oem4f (.text:ti_sysbios_gates_GateHwi_Handle__label__S)
                  0000f232    0000001a     empty_pem4f.oem4f (.text:ti_sysbios_gates_GateMutexPri_Handle__label__S)
                  0000f24c    0000001a     empty_pem4f.oem4f (.text:ti_sysbios_gates_GateMutex_Handle__label__S)
                  0000f266    0000001a     empty_pem4f.oem4f (.text:ti_sysbios_heaps_HeapMem_Handle__label__S)
                  0000f280    0000001a     empty_pem4f.oem4f (.text:ti_sysbios_knl_Swi_Handle__label__S)
                  0000f29a    0000001a     empty_pem4f.oem4f (.text:ti_sysbios_knl_Task_Handle__label__S)
                  0000f2b4    0000001a     empty_pem4f.oem4f (.text:xdc_runtime_System_aprintf__E)
                  0000f2ce    0000001a     empty_pem4f.oem4f (.text:xdc_runtime_System_printf__E)
                  0000f2e8    00000018     driverlib.lib : gpio.obj (.text:GPIOPinTypeGPIOOutput)
                  0000f300    00000018     empty.obj (.text:RemoveGraph)
                  0000f318    00000018     driverlib.lib : timer.obj (.text:TimerControlLevel)
                  0000f330    00000018     drivers_tivaware.aem4f : UART.oem4f (.text:UART_Params_init)
                  0000f348    00000018     rtsv7M4_T_le_v4SPD16_eabi.lib : args_main.c.obj (.text:_args_main)
                  0000f360    00000018                                   : sprintf.c.obj (.text:_outs)
                  0000f378    00000018     empty_pem4f.oem4f (.text:ti_sysbios_BIOS_rtsUnlock__I)
                  0000f390    00000018     empty_pem4f.oem4f (.text:ti_sysbios_family_arm_lm4_Timer_Module__startupDone__F)
                  0000f3a8    00000018     empty_pem4f.oem4f (.text:ti_sysbios_family_arm_m3_Hwi_Module__startupDone__F)
                  0000f3c0    00000018     sysbios.aem4f : m3_TaskSupport_asm.obj (.text:ti_sysbios_family_arm_m3_TaskSupport_swap__E)
                  0000f3d8    00000018                   : BIOS.obj (.text:ti_sysbios_gates_GateMutex_leave__E)
                  0000f3f0    00000018     empty_pem4f.oem4f (.text:ti_sysbios_knl_Clock_Module__startupDone__F)
                  0000f408    00000018     sysbios.aem4f : BIOS.obj (.text:ti_sysbios_knl_Task_sleepTimeout__I)
                  0000f420    00000018     ti.targets.arm.rtsarm.aem4f : Error.oem4f (.text:xdc_runtime_Error_check__E)
                  0000f438    00000018                                 : System.oem4f (.text:xdc_runtime_System_exit__E)
                  0000f450    00000018                                 : Text.oem4f (.text:xdc_runtime_Text_ropeText__E)
                  0000f468    00000016     grlib.lib : string.obj (.text:GrStringDraw)
                  0000f47e    00000016     driverlib.lib : i2c.obj (.text:I2CMasterErr)
                  0000f494    00000016     empty.obj (.text:MotorInit)
                  0000f4aa    00000016     rtsv7M4_T_le_v4SPD16_eabi.lib : strchr.c.obj (.text:strchr)
                  0000f4c0    00000016     empty_pem4f.oem4f (.text:ti_sysbios_BIOS_exitFunc__I)
                  0000f4d6    00000016     empty.obj (.text:ti_sysbios_gates_GateMutexPri_Params_init)
                  0000f4ec    00000016     Clock.obj (.text:ti_sysbios_hal_Timer_Params_init)
                  0000f502    00000016     empty.obj (.text:ti_sysbios_knl_Task_Params_init)
                  0000f518    00000016     sysbios.aem4f : BIOS.obj (.text:ti_sysbios_knl_Task_unblock__E)
                  0000f52e    00000014     grlib.lib : canvas.obj (.text:CanvasMsgProc)
                  0000f542    00000014               : container.obj (.text:ContainerMsgProc)
                  0000f556    00000002     --HOLE-- [fill = 0]
                  0000f558    00000014     Kentec320x240x16_ssd2119_spi.obj (.text:LED_OFF)
                  0000f56c    00000014     Kentec320x240x16_ssd2119_spi.obj (.text:LED_ON)
                  0000f580    00000014     driverlib.lib : pwm.obj (.text:PWMClockSet)
                  0000f594    00000014                   : sysctl.obj (.text:SysCtlPWMClockSet)
                  0000f5a8    00000014                   : timer.obj (.text:TimerDisable)
                  0000f5bc    00000014     touch.obj (.text:TouchScreenCallbackSet)
                  0000f5d0    00000014     driverlib.lib : uart.obj (.text:UARTEnable)
                  0000f5e4    00000014     grlib.lib : widget.obj (.text:WidgetMutexGet)
                  0000f5f8    00000014     rtsv7M4_T_le_v4SPD16_eabi.lib : strlen.c.obj (.text:strlen)
                  0000f60c    00000014     empty_pem4f.oem4f (.text:ti_sysbios_family_arm_m3_Hwi_Object__get__S)
                  0000f620    00000014     sysbios.aem4f : BIOS.obj (.text:ti_sysbios_family_arm_m3_Hwi_switchFromBootStack__E)
                  0000f634    00000014     empty_pem4f.oem4f (.text:ti_sysbios_heaps_HeapMem_Object__get__S)
                  0000f648    00000014     empty_pem4f.oem4f (.text:ti_sysbios_knl_Swi_Object__get__S)
                  0000f65c    00000012     driverlib.lib : gpio.obj (.text:GPIOPinTypeI2C)
                  0000f66e    00000012                   : gpio.obj (.text:GPIOPinTypeI2CSCL)
                  0000f680    00000012                   : gpio.obj (.text:GPIOPinTypePWM)
                  0000f692    00000012                   : gpio.obj (.text:GPIOPinTypeSSI)
                  0000f6a4    00000012                   : gpio.obj (.text:GPIOPinTypeTimer)
                  0000f6b6    00000012                   : gpio.obj (.text:GPIOPinTypeUART)
                  0000f6c8    00000012                   : pwm.obj (.text:PWMGenPeriodGet)
                  0000f6da    00000012                   : pwm.obj (.text:PWMOutputInvert)
                  0000f6ec    00000012                   : pwm.obj (.text:PWMOutputState)
                  0000f6fe    00000012     drivers_tivaware.aem4f : RingBuf.oem4f (.text:RingBuf_construct)
                  0000f710    00000012     driverlib.lib : ssi.obj (.text:SSIDataGetNonBlocking)
                  0000f722    00000012                   : timer.obj (.text:TimerLoadSet)
                  0000f734    00000012                   : timer.obj (.text:TimerMatchSet)
                  0000f746    00000012                   : timer.obj (.text:TimerPrescaleMatchSet)
                  0000f758    00000012                   : timer.obj (.text:TimerPrescaleSet)
                  0000f76a    00000006                   : i2c.obj (.text:I2CMasterIntDisable)
                  0000f770    00000012     sysbios.aem4f : BIOS.obj (.text:ti_sysbios_hal_Hwi_Module_startup__E)
                  0000f782    00000006     driverlib.lib : i2c.obj (.text:I2CMasterIntEnable)
                  0000f788    00000012     sysbios.aem4f : BIOS.obj (.text:ti_sysbios_hal_Timer_Module_startup__E)
                  0000f79a    00000012     rtsv7M4_T_le_v4SPD16_eabi.lib : wcslen.c.obj (.text:wcslen)
                  0000f7ac    00000012     empty_pem4f.oem4f (.text:xdc_runtime_Startup_exec__I)
                  0000f7be    00000002     --HOLE-- [fill = 0]
                  0000f7c0    00000010     empty_pem4f.oem4f (.text:.bootCodeSection:ti_catalog_arm_cortexm4_tiva_ce_Boot_init__I)
                  0000f7d0    00000010     driverlib.lib : adc.obj (.text:ADCIntEnable)
                  0000f7e0    00000010                   : fpu.obj (.text:FPUEnable)
                  0000f7f0    00000010                   : fpu.obj (.text:FPULazyStackingEnable)
                  0000f800    00000010                   : pwm.obj (.text:PWMGenPeriodSet)
                  0000f810    00000010     drivers_tivaware.aem4f : PWM.oem4f (.text:PWM_Params_init)
                  0000f820    00000010                            : UARTTiva.oem4f (.text:readBlockingTimeout)
                  0000f830    00000010     sysbios.aem4f : BIOS.obj (.text:ti_sysbios_BIOS_exit__E)
                  0000f840    00000010                   : BIOS.obj (.text:ti_sysbios_BIOS_getCpuFreq__E)
                  0000f850    00000010                   : BIOS.obj (.text:ti_sysbios_BIOS_setThreadType__E)
                  0000f860    00000010                   : BIOS.obj (.text:ti_sysbios_BIOS_start__E)
                  0000f870    00000010                   : BIOS.obj (.text:ti_sysbios_family_arm_lm4_TimestampProvider_rolloverFunc__E)
                  0000f880    00000010                   : m3_TaskSupport_asm.obj (.text:ti_sysbios_family_arm_m3_TaskSupport_glue)
                  0000f890    00000010                   : BIOS.obj (.text:ti_sysbios_gates_GateMutexPri_Instance_finalize__E)
                  0000f8a0    00000010                   : BIOS.obj (.text:ti_sysbios_gates_GateMutex_Instance_finalize__E)
                  0000f8b0    00000010     empty_pem4f.oem4f (.text:ti_sysbios_hal_Timer_TimerProxy_Object__create__S)
                  0000f8c0    00000010     sysbios.aem4f : BIOS.obj (.text:ti_sysbios_knl_Semaphore_Instance_finalize__E)
                  0000f8d0    00000010                   : BIOS.obj (.text:ti_sysbios_knl_Swi_disable__E)
                  0000f8e0    00000010     empty_pem4f.oem4f (.text:ti_sysbios_knl_Task_Object__get__S)
                  0000f8f0    00000010     sysbios.aem4f : BIOS.obj (.text:ti_sysbios_knl_Task_disable__E)
                  0000f900    00000010     driverlib.lib : udma.obj (.text:uDMAEnable)
                  0000f910    00000010     ti.targets.arm.rtsarm.aem4f : Gate.oem4f (.text:xdc_runtime_Gate_leaveSystem__E)
                  0000f920    00000010                                 : Memory.oem4f (.text:xdc_runtime_Memory_free__E)
                  0000f930    00000010                                 : SysMin.oem4f (.text:xdc_runtime_SysMin_ready__E)
                  0000f940    00000010                                 : System.oem4f (.text:xdc_runtime_System_vsnprintf__E)
                  0000f950    00000010     empty_pem4f.oem4f (.text:xdc_runtime_Text_visitRope__I)
                  0000f960    0000000e     driverlib.lib : adc.obj (.text:ADCSequenceEnable)
                  0000f96e    0000000e                   : gpio.obj (.text:GPIOIntStatus)
                  0000f97c    0000000e     grlib.lib : image.obj (.text:GrImageDraw)
                  0000f98a    0000000e     driverlib.lib : timer.obj (.text:TimerEnable)
                  0000f998    0000000e                   : uart.obj (.text:UARTCharGetNonBlocking)
                  0000f9a6    0000000e                   : uart.obj (.text:UARTCharPutNonBlocking)
                  0000f9b4    0000000e     rtsv7M4_T_le_v4SPD16_eabi.lib : copy_decompress_none.c.obj (.text:decompress:none:__TI_decompress_none)
                  0000f9c2    00000006     drivers_tivaware.aem4f : I2CTiva.oem4f (.text:I2CTiva_control)
                  0000f9c8    0000000e     sysbios.aem4f : BIOS.obj (.text:ti_sysbios_knl_Idle_loop__E)
                  0000f9d6    00000002     --HOLE-- [fill = 0]
                  0000f9d8    0000000e                   : BIOS.obj (.text:ti_sysbios_knl_Queue_empty__E)
                  0000f9e6    0000000c     driverlib.lib : pwm.obj (.text:PWMGenDisable)
                  0000f9f2    0000000c                   : pwm.obj (.text:PWMGenEnable)
                  0000f9fe    0000000c     drivers_tivaware.aem4f : RingBuf.oem4f (.text:RingBuf_peek)
                  0000fa0a    0000000c     empty.obj (.text:TouchCheckTask)
                  0000fa16    0000000c     driverlib.lib : uart.obj (.text:UARTFlowControlSet)
                  0000fa22    0000000c     drivers_tivaware.aem4f : UARTTiva.oem4f (.text:UARTTiva_init)
                  0000fa2e    00000002     --HOLE-- [fill = 0]
                  0000fa30    0000000c     rtsv7M4_T_le_v4SPD16_eabi.lib : _lock.c.obj (.text:_register_lock)
                  0000fa3c    0000000c                                   : _lock.c.obj (.text:_register_unlock)
                  0000fa48    0000000c     empty.obj (.text:btntest)
                  0000fa54    0000000c     rtsv7M4_T_le_v4SPD16_eabi.lib : copy_zero_init.c.obj (.text:decompress:ZI:__TI_zero_init)
                  0000fa60    0000000c     sysbios.aem4f : BIOS.obj (.text:ti_sysbios_family_arm_lm4_Timer_getAvailMask__E)
                  0000fa6c    00000004     --HOLE-- [fill = 0]
                  0000fa70    0000000c                   : BIOS.obj (.text:ti_sysbios_family_arm_lm4_Timer_getMaxTicks__E)
                  0000fa7c    00000004     --HOLE-- [fill = 0]
                  0000fa80    0000000c                   : BIOS.obj (.text:ti_sysbios_family_arm_lm4_TimestampProvider_startTimer__E)
                  0000fa8c    0000000c     empty_pem4f.oem4f (.text:ti_sysbios_family_arm_m3_Hwi_Params__init__S)
                  0000fa98    0000000c     sysbios.aem4f : BIOS.obj (.text:ti_sysbios_family_arm_m3_Hwi_disableFxn__E)
                  0000faa4    00000004     --HOLE-- [fill = 0]
                  0000faa8    0000000c                   : BIOS.obj (.text:ti_sysbios_family_arm_m3_TaskSupport_checkStack__E)
                  0000fab4    00000004     --HOLE-- [fill = 0]
                  0000fab8    0000000c                   : BIOS.obj (.text:ti_sysbios_family_arm_m3_TaskSupport_getStackAlignment__E)
                  0000fac4    00000004     --HOLE-- [fill = 0]
                  0000fac8    0000000c                   : BIOS.obj (.text:ti_sysbios_gates_GateHwi_enter__E)
                  0000fad4    0000000c     empty_pem4f.oem4f (.text:ti_sysbios_gates_GateMutexPri_Params__init__S)
                  0000fae0    0000000c     sysbios.aem4f : BIOS.obj (.text:ti_sysbios_hal_SecondsClock_set__E)
                  0000faec    0000000c     empty_pem4f.oem4f (.text:ti_sysbios_hal_Timer_Params__init__S)
                  0000faf8    0000000c     empty_pem4f.oem4f (.text:ti_sysbios_knl_Clock_Params__init__S)
                  0000fb04    0000000c     empty_pem4f.oem4f (.text:ti_sysbios_knl_Queue_Object__get__S)
                  0000fb10    0000000c     empty_pem4f.oem4f (.text:ti_sysbios_knl_Semaphore_Params__init__S)
                  0000fb1c    0000000c     empty_pem4f.oem4f (.text:ti_sysbios_knl_Task_Params__init__S)
                  0000fb28    0000000c     driverlib.lib : udma.obj (.text:uDMAControlBaseSet)
                  0000fb34    0000000c     ti.targets.arm.rtsarm.aem4f : Error.oem4f (.text:xdc_runtime_Error_init__E)
                  0000fb40    0000000c                                 : Gate.oem4f (.text:xdc_runtime_Gate_enterSystem__E)
                  0000fb4c    0000000c                                 : Memory.oem4f (.text:xdc_runtime_Memory_calloc__E)
                  0000fb58    0000000c                                 : Memory.oem4f (.text:xdc_runtime_Memory_getMaxDefaultTypeAlign__E)
                  0000fb64    0000000a     driverlib.lib : i2c.obj (.text:I2CMasterDisable)
                  0000fb6e    0000000a                   : i2c.obj (.text:I2CMasterEnable)
                  0000fb78    0000000a     drivers_tivaware.aem4f : I2CTiva.oem4f (.text:I2CTiva_init)
                  0000fb82    0000000a     Kentec320x240x16_ssd2119_spi.obj (.text:Kentec320x240x16_SSD2119Flush)
                  0000fb8c    0000000a     drivers_tivaware.aem4f : PWMTimerTiva.oem4f (.text:PWMTimerTiva_getPeriodCounts)
                  0000fb96    0000000a                            : PWM.oem4f (.text:PWM_setDuty)
                  0000fba0    0000000a     driverlib.lib : ssi.obj (.text:SSIDataPut)
                  0000fbaa    0000000a                   : ssi.obj (.text:SSIEnable)
                  0000fbb4    0000000a                   : uart.obj (.text:UARTCharGet)
                  0000fbbe    0000000a                   : uart.obj (.text:UARTCharPut)
                  0000fbc8    0000000a                   : uart.obj (.text:UARTIntDisable)
                  0000fbd2    0000000a                   : uart.obj (.text:UARTIntStatus)
                  0000fbdc    0000000a     rtsv7M4_T_le_v4SPD16_eabi.lib : sprintf.c.obj (.text:_outc)
                  0000fbe6    00000002     --HOLE-- [fill = 0]
                  0000fbe8    0000000a     sysbios.aem4f : BIOS.obj (.text:ti_sysbios_hal_Timer_Instance_finalize__E)
                  0000fbf2    0000000a     empty_pem4f.oem4f (.text:xdc_runtime_IHeap_alloc)
                  0000fbfc    0000000a     empty_pem4f.oem4f (.text:xdc_runtime_IHeap_free)
                  0000fc06    00000008     EK_TM4C1294XL.obj (.text:EK_TM4C1294XL_initGPIO)
                  0000fc0e    00000008     grlib.lib : charmap.obj (.text:GrMapISO8859_1_Unicode)
                  0000fc16    00000008     driverlib.lib : i2c.obj (.text:I2CMasterIntClear)
                  0000fc1e    00000008                   : i2c.obj (.text:I2CMasterSlaveAddrSet)
                  0000fc26    00000008     drivers_tivaware.aem4f : I2CTiva.oem4f (.text:I2CTiva_blockingCallback)
                  0000fc2e    00000008                            : PWMTimerTiva.oem4f (.text:PWMTimerTiva_init)
                  0000fc36    00000008     driverlib.lib : ssi.obj (.text:SSIBusy)
                  0000fc3e    00000008                   : uart.obj (.text:UARTIntEnable)
                  0000fc46    00000008                   : uart.obj (.text:UARTRxErrorGet)
                  0000fc4e    00000002     --HOLE-- [fill = 0]
                  0000fc50    00000008     rtsv7M4_T_le_v4SPD16_eabi.lib : errno.c.obj (.text:__aeabi_errno_addr)
                  0000fc58    00000008     drivers_tivaware.aem4f : UARTTiva.oem4f (.text:readSemCallback)
                  0000fc60    00000008     sysbios.aem4f : BIOS.obj (.text:ti_sysbios_family_arm_lm4_Timer_masterDisable__I)
                  0000fc68    00000008                   : BIOS.obj (.text:ti_sysbios_family_arm_m3_Hwi_doSwiRestore__I)
                  0000fc70    00000008                   : BIOS.obj (.text:ti_sysbios_family_arm_m3_Hwi_startup__E)
                  0000fc78    00000008     drivers_tivaware.aem4f : UARTTiva.oem4f (.text:writeSemCallback)
                  0000fc80    00000006                            : PWMTimerTiva.oem4f (.text:PWMTimerTiva_getPeriodMicroSecs)
                  0000fc86    00000006     driverlib.lib : sysctl.obj (.text:SysCtlDelay)
                  0000fc8c    00000006                   : uart.obj (.text:UARTFIFOLevelSet)
                  0000fc92    00000006                   : uart.obj (.text:UARTRxErrorClear)
                  0000fc98    00000006     grlib.lib : widget.obj (.text:WidgetMutexPut)
                  0000fc9e    00000002     --HOLE-- [fill = 0]
                  0000fca0    00000006     sysbios.aem4f : BIOS.obj (.text:ti_sysbios_family_arm_lm4_TimestampProvider_Module_startup__E)
                  0000fca6    00000002     --HOLE-- [fill = 0]
                  0000fca8    00000006                   : BIOS.obj (.text:ti_sysbios_family_arm_m3_Hwi_doTaskRestore__I)
                  0000fcae    00000002     --HOLE-- [fill = 0]
                  0000fcb0    00000006                   : BIOS.obj (.text:ti_sysbios_family_arm_m3_Hwi_restoreFxn__E)
                  0000fcb6    00000002     --HOLE-- [fill = 0]
                  0000fcb8    00000006                   : BIOS.obj (.text:ti_sysbios_gates_GateHwi_leave__E)
                  0000fcbe    00000002     --HOLE-- [fill = 0]
                  0000fcc0    00000006                   : BIOS.obj (.text:ti_sysbios_heaps_HeapMem_isBlocking__E)
                  0000fcc6    00000002     --HOLE-- [fill = 0]
                  0000fcc8    00000006                   : BIOS.obj (.text:ti_sysbios_knl_Clock_stop__E)
                  0000fcce    00000002     --HOLE-- [fill = 0]
                  0000fcd0    00000006                   : BIOS.obj (.text:ti_sysbios_knl_Queue_Instance_init__E)
                  0000fcd6    00000002     --HOLE-- [fill = 0]
                  0000fcd8    00000006                   : BIOS.obj (.text:ti_sysbios_knl_Swi_startup__E)
                  0000fcde    00000006     ti.targets.arm.rtsarm.aem4f : System.oem4f (.text:xdc_runtime_System_Module_startup__E)
                  0000fce4    00000004     --HOLE-- [fill = 0]
                  0000fce8    00000004     sysbios.aem4f : BIOS.obj (.text:ti_sysbios_family_arm_lm4_Timer_getPeriod__E)
                  0000fcec    00000004     --HOLE-- [fill = 0]
                  0000fcf0    00000004                   : BIOS.obj (.text:ti_sysbios_gates_GateHwi_query__E)
                  0000fcf4    00000004     --HOLE-- [fill = 0]
                  0000fcf8    00000004                   : BIOS.obj (.text:ti_sysbios_gates_GateMutexPri_query__E)
                  0000fcfc    00000004     --HOLE-- [fill = 0]
                  0000fd00    00000004                   : BIOS.obj (.text:ti_sysbios_gates_GateMutex_query__E)
                  0000fd04    00000004     --HOLE-- [fill = 0]
                  0000fd08    00000004                   : BIOS.obj (.text:ti_sysbios_knl_Task_startup__E)
                  0000fd0c    00000004     --HOLE-- [fill = 0]
                  0000fd10    00000002                   : BIOS.obj (.text:ti_sysbios_gates_GateHwi_Instance_init__E)
                  0000fd12    00000006     --HOLE-- [fill = 0]
                  0000fd18    00000002                   : BIOS.obj (.text:ti_sysbios_knl_Clock_logTick__E)

.const     0    0000fd20    0000c038     
                  0000fd20    000018bb     empty_pem4f.oem4f (.const:xdc_runtime_Text_charTab__A)
                  000115db    00000a60     grlib.lib : fontcm24.obj (.const:.string:g_pui8Cm24Data)
                  0001203b    00000960               : fontcm22.obj (.const:.string:g_pui8Cm22Data)
                  0001299b    0000095e               : fontcm20.obj (.const:.string:g_pui8Cm20Data)
                  000132f9    000008c1               : fontcmss20.obj (.const:.string:g_pui8Cmss20Data)
                  00013bba    0000086e               : fontcm18.obj (.const:.string:g_pui8Cm18Data)
                  00014428    0000083d     GUIImg.obj (.const:.string:g_pui8RedSlider195x37)
                  00014c65    00000826     GUIImg.obj (.const:.string:g_pui8GreenSlider195x37)
                  0001548b    00000782     grlib.lib : fontcmss18b.obj (.const:.string:g_pui8Cmss18bData)
                  00015c0d    00000759               : fontcm16.obj (.const:.string:g_pui8Cm16Data)
                  00016366    00000705     GUIImg.obj (.const:.string:g_pui8GettingHotter28x148)
                  00016a6b    0000065a     grlib.lib : fontcm14.obj (.const:.string:g_pui8Cm14Data)
                  000170c5    000005c7               : fontcmss12b.obj (.const:.string:g_pui8Cmss12bData)
                  0001768c    0000055f               : fontcm12.obj (.const:.string:g_pui8Cm12Data)
                  00017beb    00000514               : fontcmss12.obj (.const:.string:g_pui8Cmss12Data)
                  000180ff    000003ad     GUIImg.obj (.const:.string:g_pui8GettingHotter28x148Mono)
                  000184ac    0000024d     GUIImg.obj (.const:.string:g_pui8Logo)
                  000186f9    00000210     GUIImg.obj (.const:.string:g_pui8Blue50x50)
                  00018909    0000020e     GUIImg.obj (.const:.string:g_pui8Blue50x50Press)
                  00018b17    0000020d     GUIImg.obj (.const:.string:g_pui8btn140x40)
                  00018d24    0000020d     GUIImg.obj (.const:.string:g_pui8btn150x40Press)
                  00018f31    00000001     empty_pem4f.oem4f (.const:xdc_runtime_Error_policy__C)
                  00018f32    00000002     empty_pem4f.oem4f (.const:ti_catalog_arm_cortexm4_tiva_ce_Boot_Module__id__C)
                  00018f34    00000204     empty.obj (.const:.string)
                  00019138    0000017b     Images.obj (.const:.string:g_pui8CompS)
                  000192b3    0000017b     Images.obj (.const:.string:g_pui8CompW)
                  0001942e    0000017b     Images.obj (.const:.string:g_pui8accSlow)
                  000195a9    0000017b     Images.obj (.const:.string:g_pui8accfast)
                  00019724    0000017b     Images.obj (.const:.string:g_pui8accmid)
                  0001989f    00000178     Images.obj (.const:.string:g_pui8CompE)
                  00019a17    00000178     Images.obj (.const:.string:g_pui8CompN)
                  00019b8f    00000163     Images.obj (.const:.string:g_pui8Stop)
                  00019cf2    00000160     Images.obj (.const:.string:g_pui8Go)
                  00019e52    0000015d     Images.obj (.const:.string:g_pui8idle)
                  00019faf    00000124     Images.obj (.const:.string:g_pui8Night)
                  0001a0d3    00000001     --HOLE-- [fill = 0]
                  0001a0d4    00000120     Boot.aem4f : Boot_sysctl.oem4f (.const:g_pppui32XTALtoVCO)
                  0001a1f4    00000107     GUIImg.obj (.const:.string:g_pui8arrowRight)
                  0001a2fb    00000101     rtsv7M4_T_le_v4SPD16_eabi.lib : ctype.c.obj (.const:.string:_ctypes_)
                  0001a3fc    000000f8     Images.obj (.const:.string:g_pui8Day)
                  0001a4f4    000000f5     GUIImg.obj (.const:.string:g_pui8LightOff)
                  0001a5e9    000000e6     GUIImg.obj (.const:.string:g_pui8LightOn)
                  0001a6cf    00000001     --HOLE-- [fill = 0]
                  0001a6d0    000000d4     empty_pem4f.oem4f (.const:xdc_runtime_Text_nodeTab__A)
                  0001a7a4    000000c8     grlib.lib : fontcm12.obj (.const:g_sFontCm12)
                  0001a86c    000000c8               : fontcm14.obj (.const:g_sFontCm14)
                  0001a934    000000c8               : fontcm16.obj (.const:g_sFontCm16)
                  0001a9fc    000000c8               : fontcm18.obj (.const:g_sFontCm18)
                  0001aac4    000000c8               : fontcm20.obj (.const:g_sFontCm20)
                  0001ab8c    000000c8               : fontcm22.obj (.const:g_sFontCm22)
                  0001ac54    000000c8               : fontcm24.obj (.const:g_sFontCm24)
                  0001ad1c    000000c8               : fontcmss12.obj (.const:g_sFontCmss12)
                  0001ade4    000000c8               : fontcmss12b.obj (.const:g_sFontCmss12b)
                  0001aeac    000000c8               : fontcmss18b.obj (.const:g_sFontCmss18b)
                  0001af74    000000c8               : fontcmss20.obj (.const:g_sFontCmss20)
                  0001b03c    000000a5     GUIImg.obj (.const:.string:g_pui8arrowLeft)
                  0001b0e1    00000001     --HOLE-- [fill = 0]
                  0001b0e2    00000002     empty_pem4f.oem4f (.const:ti_sysbios_family_arm_lm4_Timer_Module__id__C)
                  0001b0e4    00000004     empty_pem4f.oem4f (.const:ti_catalog_arm_cortexm4_tiva_ce_Boot_A_mustNotUseEnhancedClockMode__C)
                  0001b0e8    000000a0     empty.obj (.const:$P$T0$3)
                  0001b188    00000090     driverlib.lib : gpio.obj (.const:g_pui32GPIOBaseAddrs)
                  0001b218    00000076     GUIImg.obj (.const:.string:g_pui8backBtn)
                  0001b28e    00000002     empty_pem4f.oem4f (.const:ti_sysbios_family_arm_lm4_Timer_supportsAltclk__C)
                  0001b290    00000070     driverlib.lib : interrupt.obj (.const)
                  0001b300    0000006c     Boot.aem4f : Boot_sysctl.oem4f (.const:g_pui32Xtals)
                  0001b36c    00000060     MotorLib.lib : motorlib.obj (.const:PWM_config)
                  0001b3cc    00000054     drivers_tivaware.aem4f : GPIOTiva.oem4f (.const:.string)
                  0001b420    00000054     MotorLib.lib : motorlib.obj (.const:motorLibPWMTivaHWAttrs)
                  0001b474    0000004c     drivers_tivaware.aem4f : UARTTiva.oem4f (.const)
                  0001b4c0    00000048     empty_pem4f.oem4f (.const:.string)
                  0001b508    00000048     drivers_tivaware.aem4f : GPIOTiva.oem4f (.const:gpioBaseAddresses)
                  0001b550    0000003c     empty_pem4f.oem4f (.const:ti_sysbios_family_arm_lm4_Timer_Object__PARAMS__C)
                  0001b58c    0000003c     empty_pem4f.oem4f (.const:ti_sysbios_knl_Task_Object__PARAMS__C)
                  0001b5c8    00000030     Boot.aem4f : Boot_sysctl.oem4f (.const:g_sXTALtoMEMTIM)
                  0001b5f8    00000030     empty_pem4f.oem4f (.const:ti_sysbios_family_arm_m3_Hwi_Object__PARAMS__C)
                  0001b628    00000030     empty_pem4f.oem4f (.const:ti_sysbios_hal_Timer_Object__PARAMS__C)
                  0001b658    0000002c     empty_pem4f.oem4f (.const:xdc_runtime_Startup_sfxnTab__A)
                  0001b684    00000028     drivers_tivaware.aem4f : UARTTiva.oem4f (.const:UARTTiva_fxnTable)
                  0001b6ac    00000028     Kentec320x240x16_ssd2119_spi.obj (.const:g_sKentec320x240x16_SSD2119)
                  0001b6d4    00000028     empty_pem4f.oem4f (.const:ti_sysbios_heaps_HeapMem_Module__FXNS__C)
                  0001b6fc    00000024     EK_TM4C1294XL.obj (.const:I2C_config)
                  0001b720    00000024     drivers_tivaware.aem4f : UART.oem4f (.const:UART_defaultParams)
                  0001b744    00000024     empty_pem4f.oem4f (.const:ti_sysbios_gates_GateHwi_Module__FXNS__C)
                  0001b768    00000024     empty_pem4f.oem4f (.const:ti_sysbios_gates_GateMutexPri_Module__FXNS__C)
                  0001b78c    00000024     empty_pem4f.oem4f (.const:ti_sysbios_gates_GateMutex_Module__FXNS__C)
                  0001b7b0    00000024     empty_pem4f.oem4f (.const:ti_sysbios_heaps_HeapMem_Object__PARAMS__C)
                  0001b7d4    00000024     empty_pem4f.oem4f (.const:ti_sysbios_knl_Clock_Object__PARAMS__C)
                  0001b7f8    00000024     empty_pem4f.oem4f (.const:ti_sysbios_knl_Semaphore_Object__PARAMS__C)
                  0001b81c    00000020     drivers_tivaware.aem4f : PWMTimerTiva.oem4f (.const)
                  0001b83c    00000020                            : PWMTiva.oem4f (.const)
                  0001b85c    00000020     empty_pem4f.oem4f (.const:ti_sysbios_family_arm_lm4_Timer_Object__DESC__C)
                  0001b87c    00000020     empty_pem4f.oem4f (.const:ti_sysbios_family_arm_m3_Hwi_Object__DESC__C)
                  0001b89c    00000020     empty_pem4f.oem4f (.const:ti_sysbios_gates_GateHwi_Object__DESC__C)
                  0001b8bc    00000020     empty_pem4f.oem4f (.const:ti_sysbios_gates_GateMutexPri_Object__DESC__C)
                  0001b8dc    00000020     empty_pem4f.oem4f (.const:ti_sysbios_gates_GateMutex_Object__DESC__C)
                  0001b8fc    00000020     empty_pem4f.oem4f (.const:ti_sysbios_hal_Timer_Object__DESC__C)
                  0001b91c    00000020     empty_pem4f.oem4f (.const:ti_sysbios_heaps_HeapMem_Object__DESC__C)
                  0001b93c    00000020     empty_pem4f.oem4f (.const:ti_sysbios_knl_Clock_Object__DESC__C)
                  0001b95c    00000020     empty_pem4f.oem4f (.const:ti_sysbios_knl_Queue_Object__DESC__C)
                  0001b97c    00000020     empty_pem4f.oem4f (.const:ti_sysbios_knl_Semaphore_Object__DESC__C)
                  0001b99c    00000020     empty_pem4f.oem4f (.const:ti_sysbios_knl_Task_Object__DESC__C)
                  0001b9bc    0000001c     drivers_tivaware.aem4f : I2CTiva.oem4f (.const)
                  0001b9d8    0000001c     touch.obj (.const:g_pi32TouchParameters)
                  0001b9f4    00000018     EK_TM4C1294XL.obj (.const:UART_config)
                  0001ba0c    00000018     EK_TM4C1294XL.obj (.const:i2cTivaHWAttrs)
                  0001ba24    00000018     empty_pem4f.oem4f (.const:ti_sysbios_gates_GateHwi_Object__PARAMS__C)
                  0001ba3c    00000018     empty_pem4f.oem4f (.const:ti_sysbios_gates_GateMutexPri_Object__PARAMS__C)
                  0001ba54    00000018     empty_pem4f.oem4f (.const:ti_sysbios_gates_GateMutex_Object__PARAMS__C)
                  0001ba6c    00000018     empty_pem4f.oem4f (.const:ti_sysbios_knl_Queue_Object__PARAMS__C)
                  0001ba84    00000018     EK_TM4C1294XL.obj (.const:uartTivaHWAttrs)
                  0001ba9c    00000016     empty_pem4f.oem4f (.const:xdc_runtime_Startup_sfxnRts__A)
                  0001bab2    00000002     empty_pem4f.oem4f (.const:ti_sysbios_family_arm_m3_Hwi_Module__id__C)
                  0001bab4    00000014     EK_TM4C1294XL.obj (.const:GPIOTiva_config)
                  0001bac8    00000014     empty_pem4f.oem4f (.const:xdc_runtime_Startup_firstFxns__A)
                  0001badc    00000012     ustdlib.obj (.const:.string)
                  0001baee    00000002     empty_pem4f.oem4f (.const:ti_sysbios_gates_GateMutexPri_Module__id__C)
                  0001baf0    00000010     grlib.lib : context.obj (.const)
                  0001bb00    00000010     MotorLib.lib : motorlib.obj (.const:motorLibPWMTimerTivaHWAttrs)
                  0001bb10    0000000c     drivers_tivaware.aem4f : PWM.oem4f (.const)
                  0001bb1c    00000008     Boot.aem4f : Boot_sysctl.oem4f (.const)
[...]
0001bc0c  ti_sysbios_heaps_HeapMem_Module__diagsMask__C                        
0001bc10  ti_sysbios_heaps_HeapMem_Module__gateObj__C                          
0001bc14  ti_sysbios_heaps_HeapMem_Object__count__C                            
0001bc18  ti_sysbios_heaps_HeapMem_reqAlign__C                                 
0001bc1c  ti_sysbios_knl_Clock_A_badThreadType__C                              
0001bc20  ti_sysbios_knl_Clock_Module_State_clockQ__O                          
0001bc24  ti_sysbios_knl_Clock_Module__diagsEnabled__C                         
0001bc28  ti_sysbios_knl_Clock_Module__diagsIncluded__C                        
0001bc2c  ti_sysbios_knl_Clock_Module__diagsMask__C                            
0001bc30  ti_sysbios_knl_Clock_tickPeriod__C                                   
0001bc34  ti_sysbios_knl_Idle_funcList__A                                      
0001bc38  ti_sysbios_knl_Semaphore_A_badContext__C                             
0001bc3c  ti_sysbios_knl_Semaphore_A_noEvents__C                               
0001bc40  ti_sysbios_knl_Semaphore_A_overflow__C                               
0001bc44  ti_sysbios_knl_Semaphore_A_pendTaskDisabled__C                       
0001bc48  ti_sysbios_knl_Semaphore_Instance_State_pendQ__O                     
0001bc4c  ti_sysbios_knl_Semaphore_Module__diagsEnabled__C                     
0001bc50  ti_sysbios_knl_Semaphore_Module__diagsIncluded__C                    
0001bc54  ti_sysbios_knl_Semaphore_Module__diagsMask__C                        
0001bc58  ti_sysbios_knl_Swi_Object__count__C                                  
0001bc5c  ti_sysbios_knl_Task_A_badPriority__C                                 
0001bc60  ti_sysbios_knl_Task_A_badTaskState__C                                
0001bc64  ti_sysbios_knl_Task_A_badThreadType__C                               
0001bc68  ti_sysbios_knl_Task_A_badTimeout__C                                  
0001bc6c  ti_sysbios_knl_Task_A_noPendElem__C                                  
0001bc70  ti_sysbios_knl_Task_A_sleepTaskDisabled__C                           
0001bc74  ti_sysbios_knl_Task_E_spOutOfBounds__C                               
0001bc78  ti_sysbios_knl_Task_E_stackOverflow__C                               
0001bc7c  ti_sysbios_knl_Task_Module_State_inactiveQ__O                        
0001bc80  ti_sysbios_knl_Task_Module__diagsEnabled__C                          
0001bc84  ti_sysbios_knl_Task_Module__diagsIncluded__C                         
0001bc88  ti_sysbios_knl_Task_Module__diagsMask__C                             
0001bc8c  ti_sysbios_knl_Task_Object__count__C                                 
0001bc90  ti_sysbios_knl_Task_allBlockedFunc__C                                
0001bc94  ti_sysbios_knl_Task_defaultStackHeap__C                              
0001bc98  ti_sysbios_knl_Task_defaultStackSize__C                              
0001bc9c  ti_sysbios_knl_Task_numConstructedTasks__C                           
0001bca4  xdc_runtime_Assert_E_assertFailed__C                                 
0001bca8  xdc_runtime_Core_A_initializedParams__C                              
0001bcac  xdc_runtime_Core_Module__diagsEnabled__C                             
0001bcb0  xdc_runtime_Core_Module__diagsIncluded__C                            
0001bcb4  xdc_runtime_Core_Module__diagsMask__C                                
0001bcb8  xdc_runtime_Error_E_generic__C                                       
0001bcbc  xdc_runtime_Error_E_memory__C                                        
0001bcc0  xdc_runtime_Error_Module__diagsEnabled__C                            
0001bcc4  xdc_runtime_Error_Module__diagsIncluded__C                           
0001bcc8  xdc_runtime_Error_Module__diagsMask__C                               
0001bccc  xdc_runtime_Error_Module__loggerFxn8__C                              
0001bcd0  xdc_runtime_Error_Module__loggerObj__C                               
0001bcd4  xdc_runtime_Error_policyFxn__C                                       
0001bcd8  xdc_runtime_Error_raiseHook__C                                       
0001bcdc  xdc_runtime_IGateProvider_Interface__BASE__C                         
0001bce0  xdc_runtime_IHeap_Interface__BASE__C                                 
0001bce4  xdc_runtime_IModule_Interface__BASE__C                               
0001bce8  xdc_runtime_Log_L_error__C                                           
0001bcec  xdc_runtime_Memory_defaultHeapInstance__C                            
0001bcf0  xdc_runtime_Startup_execImpl__C                                      
0001bcf4  xdc_runtime_Startup_lastFxns__A                                      
0001bcf8  xdc_runtime_Startup_maxPasses__C                                     
0001bcfc  xdc_runtime_Startup_sfxnRts__C                                       
0001bd00  xdc_runtime_Startup_sfxnTab__C                                       
0001bd04  xdc_runtime_SysMin_bufSize__C                                        
0001bd08  xdc_runtime_SysMin_outputFunc__C                                     
0001bd0c  xdc_runtime_System_Module__gateObj__C                                
0001bd10  xdc_runtime_System_abortFxn__C                                       
0001bd14  xdc_runtime_System_exitFxn__C                                        
0001bd18  xdc_runtime_System_extendFxn__C                                      
0001bd1c  xdc_runtime_System_maxAtexitHandlers__C                              
0001bd20  xdc_runtime_Text_charTab__C                                          
0001bd24  xdc_runtime_Text_nameEmpty__C                                        
0001bd28  xdc_runtime_Text_nameStatic__C                                       
0001bd2c  xdc_runtime_Text_nameUnknown__C                                      
0001bd30  xdc_runtime_Text_nodeTab__C                                          
0001bd34  xdc_runtime_Text_visitRopeFxn__C                                     
0001bd38  ti_sysbios_gates_GateMutex_Module__id__C                             
0001bd3a  ti_sysbios_hal_Hwi_Module__id__C                                     
0001bd3c  ti_sysbios_heaps_HeapMem_Module__id__C                               
0001bd3e  ti_sysbios_knl_Clock_Module__id__C                                   
0001bd40  ti_sysbios_knl_Semaphore_Module__id__C                               
0001bd42  ti_sysbios_knl_Task_Module__id__C                                    
0001bd44  xdc_runtime_Core_Module__id__C                                       
0001bd46  xdc_runtime_Error_Module__loggerDefined__C                           
0001bd48  xdc_runtime_Error_maxDepth__C                                        
0001bd4a  xdc_runtime_Main_Module__id__C                                       
0001bd4c  xdc_runtime_Memory_Module__id__C                                     
0001bd4e  xdc_runtime_SysMin_flushAtExit__C                                    
0001bd50  xdc_runtime_Text_charCnt__C                                          
0001bd52  xdc_runtime_Text_isLoaded__C                                         
0001bd54  xdc_runtime_Text_registryModsLastId__C                               
0001bd56  xdc_runtime_Text_unnamedModsLastId__C                                
0001bd58  __TI_static_base__                                                   
0001c630  __TI_Handler_Table_Base                                              
0001c63c  __TI_Handler_Table_Limit                                             
0001c650  __TI_CINIT_Base                                                      
0001c668  __TI_CINIT_Limit                                                     
20000000  __start___llvm_prf_cnts                                              
20000000  __stop___llvm_prf_cnts                                               
20000000  ti_sysbios_family_arm_m3_Hwi_ramVectors                              
20000400  task0Stack                                                           
20000c00  taskTouchStack                                                       
20001400  psDMAControlTable                                                    
20001800  ti_sysbios_heaps_HeapMem_Instance_State_0_buf__A                     
20001c00  ti_sysbios_family_arm_m3_Hwi_dispatchTable                           
20001f60  ti_sysbios_knl_Task_Instance_State_0_stack__A                        
200022a0  __CIOBUF_                                                            
200023c0  i2cTivaObjects                                                       
200024c0  uartTivaObjects                                                      
2000261c  xdc_runtime_SysMin_Module_State_0_outbuf__A                          
2000269c  task0Struct                                                          
200026ec  taskTouchStruct                                                      
2000273c  motorLibPWMObjects                                                   
20002774  sContext                                                             
200027e0  uartTivaRingBuffer                                                   
20002800  datetime                                                             
20002818  motorLibPWMTimerObjects                                              
20002858  AccBox                                                               
20002860  Banner                                                               
20002868  BannerB                                                              
20002870  CurrBox                                                              
20002878  Distbox                                                              
20002880  clearBox                                                             
20002888  graphClear                                                           
20002890  parmbuf                                                              
20002898  ScreenGate                                                           
2000289c  g_pi32ParmSet                                                        
200028a4  g_ui32Panel                                                          
200028ac  timerclock                                                           
200028b0  uart                                                                 
200028b4  g_i16TouchX                                                          
200028b6  g_i16TouchY                                                          
200028b8  g_psSliders                                                          
20002ae0  g_psPanels                                                           
20002ce0  dd                                                                   
20002e70  g_psRadioButtonIndicators                                            
20002ff0  sidertestC                                                           
200030f0  g_psCheckBoxIndicators                                               
200031b0  g_psCheckBoxes                                                       
20003270  g_psRadioButtons1                                                    
20003330  g_psRadioButtons2                                                    
200033f0  ti_sysbios_family_arm_lm4_Timer_Object__table__V                     
20003470  ti_sysbios_knl_Swi_Module_State_0_readyQ__A                          
200034f0  ti_sysbios_knl_Task_Module_State_0_readyQ__A                         
20003570  g_psRadioContainers                                                  
200035e0  MotorSpeedSlider                                                     
2000363c  slidertest                                                           
20003698  AccDownBtn                                                           
200036e8  AccUpBtn                                                             
20003738  CurrentDownBtn                                                       
20003788  CurrentUpBtn                                                         
200037d8  DistDownBtn                                                          
20003828  DistUpBtn                                                            
20003878  GraphPgBtn                                                           
200038c8  LightGraphBtn                                                        
20003918  MotorGraphBtn                                                        
20003968  MotorMode                                                            
200039b8  MotorPgBtn                                                           
20003a08  PowerGraphBtn                                                        
20003a58  SensorPgBtn                                                          
20003aa8  TestGraphBtn                                                         
20003af8  backGraphBtn                                                         
20003b48  backGraphSelectBtn                                                   
20003b98  backMotorBtn                                                         
20003be8  backSensorBtn                                                        
20003c38  brrrr2                                                               
20003c88  brrrr                                                                
20003cd8  ti_sysbios_knl_Task_Object__table__V                                 
20003d24  ti_sysbios_family_arm_m3_Hwi_Object__table__V                        
20003d6c  ti_sysbios_knl_Task_Module__state__V                                 
20003db0  g_Acceleration                                                       
20003df0  g_MotorStat                                                          
20003e30  g_sCanvas1                                                           
20003e70  g_sCanvas2                                                           
20003eb0  g_sCanvas3                                                           
20003ef0  g_sIntroduction                                                      
20003f30  g_sPrimitives                                                        
20003f70  g_sSliderValueCanvas                                                 
20003fb0  g_scompass                                                           
20003ff0  ti_sysbios_family_arm_lm4_Timer_Module_State_0_device__A             
20004030  ti_sysbios_hal_SecondsClock_Module__state__V                         
20004070  motorStartStop                                                       
20004071  HA                                                                   
20004072  HB                                                                   
20004073  HC                                                                   
20004074  LowLight                                                             
20004078  lux                                                                  
20004080  objectdist                                                           
20004088  ongraph                                                              
2000408c  currentDirection                                                     
20004090  CurrentMotorStat                                                     
20004094  CurrentAcceleration                                                  
20004098  x1                                                                   
2000409c  x2                                                                   
200040a0  y1                                                                   
200040a4  y2                                                                   
200040a8  g_sContainer1                                                        
200040e0  g_sContainer2                                                        
20004118  g_sContainer3                                                        
20004150  ti_sysbios_gates_GateMutex_Object__table__V                          
20004188  ti_sysbios_family_arm_m3_Hwi_Module__state__V                        
200041bc  ti_sysbios_knl_Swi_Object__table__V                                  
200041ec  g_sRoot                                                              
2000421a  ti_sysbios_family_arm_m3_Hwi_Module_State_0_excActive__A             
2000421c  ti_sysbios_knl_Clock_Module__state__V                                
20004248  ti_sysbios_BIOS_Module__state__V                                     
2000426c  ti_sysbios_family_arm_lm4_Timer_Module_State_0_handles__A            
2000428c  gpioPinConfigs                                                       
200042a8  ti_sysbios_knl_Swi_Module__state__V                                  
200042dc  ti_sysbios_heaps_HeapMem_Object__table__V                            
200042f4  ti_sysbios_family_arm_lm4_Timer_Module__state__V                     
20004300  xdc_runtime_SysMin_Module__state__V                                  
2000430c  _lock                                                                
20004310  _unlock                                                              
20004314  gpioCallbackFunctions                                                
2000431c  ti_sysbios_family_arm_lm4_Timer_Module__root__V                      
20004324  ti_sysbios_family_arm_lm4_TimestampProvider_Module__state__V         
2000432c  ti_sysbios_family_arm_m3_Hwi_Module__root__V                         
20004334  ti_sysbios_gates_GateHwi_Module__root__V                             
2000433c  ti_sysbios_gates_GateMutexPri_Module__root__V                        
20004344  ti_sysbios_gates_GateMutex_Module__root__V                           
2000434c  ti_sysbios_hal_Timer_Module__root__V                                 
20004354  ti_sysbios_heaps_HeapMem_Module__root__V                             
2000435c  ti_sysbios_knl_Clock_Module__root__V                                 
20004364  ti_sysbios_knl_Queue_Module__root__V                                 
2000436c  ti_sysbios_knl_Semaphore_Module__root__V                             
20004374  ti_sysbios_knl_Task_Module__root__V                                  
2000437c  xdc_runtime_Registry_Module__state__V                                
20004384  xdc_runtime_Startup_Module__state__V                                 
2000438c  xdc_runtime_System_Module_State_0_atexitHandlers__A                  
20004394  xdc_runtime_System_Module__state__V                                  
200043a2  xdc_runtime_Error_Module__state__V                                   
200043ac  errno                                                                
200043b0  main_func_sp                                                         
200043b4  ti_sysbios_family_arm_m3_Hwi_Module_State_0_excContext__A            
200043b8  ti_sysbios_family_arm_m3_Hwi_Module_State_0_excStack__A              
200043bc  ti_sysbios_gates_GateHwi_Object__table__V                            
200043c0  ti_sysbios_knl_Task_Module_State_0_idleTask__A                       
200043c4  g_i16TouchMin                                                        
200043c8  xdc_runtime_Memory_Module__state__V                                  
200043d0  __stack                                                              
200046d0  __STACK_END                                                          
e000e000  ti_sysbios_family_arm_m3_Hwi_nvic                                    
ffffffff  __TI_pprof_out_hndl                                                  
ffffffff  __TI_prof_data_size                                                  
ffffffff  __TI_prof_data_start                                                 
ffffffff  __binit__                                                            
ffffffff  __c_args__                                                           
ffffffff  binit                                                                
UNDEFED   SHT$$INIT_ARRAY$$Base                                                
UNDEFED   SHT$$INIT_ARRAY$$Limit                                               

[1031 symbols]
