******************************************************************************
                  TI ARM Linker PC v20.2.5                     
******************************************************************************
>> Linked Thu May 19 17:13:39 2022

OUTPUT FILE NAME:   <EGH456MotorProject.out>
ENTRY POINT SYMBOL: "_c_int00"  address: 0000b2b5


MEMORY CONFIGURATION

         name            origin    length      used     unused   attr    fill
----------------------  --------  ---------  --------  --------  ----  --------
  FLASH                 00000000   00100000  00015e60  000ea1a0  R  X
  SRAM                  20000000   00040000  00003948  0003c6b8  RW X


SEGMENT ALLOCATION MAP

run origin  load origin   length   init length attrs members
----------  ----------- ---------- ----------- ----- -------
00000000    00000000    00015e70   00015e70    r-x
  00000000    00000000    0000003c   0000003c    r-- .resetVecs
  00000040    00000040    0000e562   0000e562    r-x .text
  0000e5a8    0000e5a8    00007352   00007352    r-- .const
  00015900    00015900    00000570   00000570    r-- .cinit
20000000    20000000    00000360   00000000    rw-
  20000000    20000000    00000360   00000000    rw- .vecs
20000400    20000400    000035e8   00000000    rw-
  20000400    20000400    000024a0   00000000    rw- .bss
  200028a0    200028a0    00000e48   00000000    rw- .data
  200036e8    200036e8    00000300   00000000    rw- .stack


SECTION ALLOCATION MAP

 output                                  attributes/
section   page    origin      length       input sections
--------  ----  ----------  ----------   ----------------
.text      0    00000040    0000e562     
                  00000040    00000a4e     rtsv7M4_T_le_v4SPD16_eabi.lib : _printfi.c.obj (.text:__TI_printfi)
                  00000a8e    00000002                                   : _lock.c.obj (.text:_nop)
                  00000a90    000006ac     MotorLib.lib : motorlib.obj (.text)
                  0000113c    00000004     driverlib.lib : i2c.obj (.text:I2CMasterControl)
                  00001140    00000430     sysbios.aem4f : BIOS.obj (.text:ti_sysbios_family_arm_m3_Hwi_excDumpRegs__I)
                  00001570    0000039c     GlobalDraw.obj (.text:MotorPage)
                  0000190c    00000394     GlobalDraw.obj (.text:GraphPrimitive)
                  00001ca0    00000374     grlib.lib : image.obj (.text:InternalImageDraw)
                  00002014    0000034c     ti.targets.arm.rtsarm.aem4f : System.oem4f (.text:xdc_runtime_System_doPrint__I)
                  00002360    00000304     GlobalDraw.obj (.text:SensorPage)
                  00002664    000002f8     grlib.lib : image.obj (.text:PixelTransparentDraw)
                  0000295c    000002c8     GlobalDraw.obj (.text:TopBarDraw)
                  00002c24    000002c6     grlib.lib : slider.obj (.text:SliderPaint)
                  00002eea    00000002     rtsv7M4_T_le_v4SPD16_eabi.lib : div0.asm.obj (.text)
                  00002eec    000002b0     Clock.obj (.text:timeConvert)
                  0000319c    00000004     driverlib.lib : i2c.obj (.text:I2CMasterDataGet)
                  000031a0    000002a4     sysbios.aem4f : BIOS.obj (.text:ti_sysbios_knl_Semaphore_pend__E)
                  00003444    00000270     rtsv7M4_T_le_v4SPD16_eabi.lib : _printfi.c.obj (.text:_pconv_a)
                  000036b4    00000004     driverlib.lib : i2c.obj (.text:I2CMasterDataPut)
                  000036b8    0000026c     sysbios.aem4f : BIOS.obj (.text:ti_sysbios_heaps_HeapMem_free__E)
                  00003924    00000268     touch.obj (.text:TouchScreenDebouncer)
                  00003b8c    00000254     grlib.lib : string.obj (.text:GrFontGlyphRender)
                  00003de0    00000250     sysbios.aem4f : BIOS.obj (.text:ti_sysbios_heaps_HeapMem_alloc__E)
                  00004030    00000234                   : BIOS.obj (.text:ti_sysbios_knl_Task_Instance_finalize__E)
                  00004264    00000004     driverlib.lib : uart.obj (.text:UARTIntClear)
                  00004268    00000210     sysbios.aem4f : BIOS.obj (.text:ti_sysbios_family_arm_lm4_Timer_Instance_init__E)
                  00004478    0000020c     drivers_tivaware.aem4f : UARTTiva.oem4f (.text:UARTTiva_open)
                  00004684    00000204     Boot.aem4f : Boot_sysctl.oem4f (.text:ti_catalog_arm_cortexm4_tiva_ce_Boot_sysCtlClockFreqSetI__I)
                  00004888    000001f4     sysbios.aem4f : BIOS.obj (.text:ti_sysbios_family_arm_m3_Hwi_excHandlerMax__I)
                  00004a7c    000001e4     Kentec320x240x16_ssd2119_spi.obj (.text:Kentec320x240x16_SSD2119Init)
                  00004c60    000001dc     Kentec320x240x16_ssd2119_spi.obj (.text:Kentec320x240x16_SSD2119PixelDrawMultiple)
                  00004e3c    000001d0     rtsv7M4_T_le_v4SPD16_eabi.lib : _printfi.c.obj (.text:_pconv_g)
                  0000500c    00000004     grlib.lib : widget.obj (.text:WidgetDefaultMsgProc)
                  00005010    000001c8     sysbios.aem4f : BIOS.obj (.text:ti_sysbios_knl_Task_sleep__E)
                  000051d8    000001c0                   : BIOS.obj (.text:ti_sysbios_knl_Task_Instance_init__E)
                  00005398    000001b6     rtsv7M4_T_le_v4SPD16_eabi.lib : fd_add_t2.asm.obj (.text)
                  0000554e    00000002     empty_pem4f.oem4f (.text:ti_sysbios_BIOS_nullFunc__I)
                  00005550    000001a0     sysbios.aem4f : BIOS.obj (.text:ti_sysbios_gates_GateMutexPri_enter__E)
                  000056f0    00000190     grlib.lib : canvas.obj (.text:CanvasPaint)
                  00005880    0000017e               : pushbutton.obj (.text:RectangularButtonPaint)
                  000059fe    00000002     empty_pem4f.oem4f (.text:xdc_runtime_Startup_reset__I)
                  00005a00    00000178     touch.obj (.text:TouchScreenIntHandler)
                  00005b78    00000174     sysbios.aem4f : BIOS.obj (.text:ti_sysbios_family_arm_m3_Hwi_excBusFault__I)
                  00005cec    00000170     drivers_tivaware.aem4f : PWMTiva.oem4f (.text:PWMTiva_open)
                  00005e5c    00000004     rtsv7M4_T_le_v4SPD16_eabi.lib : exit.c.obj (.text:abort:abort)
                  00005e60    00000164     sysbios.aem4f : BIOS.obj (.text:ti_sysbios_family_arm_m3_Hwi_excUsageFault__I)
                  00005fc4    00000150     drivers_tivaware.aem4f : GPIOTiva.oem4f (.text:GPIO_setConfig)
                  00006114    00000004     empty_pem4f.oem4f (.text:ti_sysbios_BIOS_RtsGateProxy_enter__E)
                  00006118    00000148     sysbios.aem4f : BIOS.obj (.text:ti_sysbios_family_arm_m3_Hwi_excMemFault__I)
                  00006260    0000013c     rtsv7M4_T_le_v4SPD16_eabi.lib : _printfi.c.obj (.text:_pconv_e)
                  0000639c    00000004     empty_pem4f.oem4f (.text:ti_sysbios_BIOS_RtsGateProxy_leave__E)
                  000063a0    0000013c     sysbios.aem4f : BIOS.obj (.text:ti_sysbios_heaps_HeapMem_Instance_init__E)
                  000064dc    00000136     rtsv7M4_T_le_v4SPD16_eabi.lib : fd_div_t2.asm.obj (.text)
                  00006612    00000002     --HOLE-- [fill = 0]
                  00006614    00000134     empty.obj (.text:main)
                  00006748    00000134     sysbios.aem4f : BIOS.obj (.text:ti_sysbios_knl_Task_setPri__E)
                  0000687c    00000130     GlobalDraw.obj (.text:BannerInit)
                  000069ac    00000130     driverlib.lib : gpio.obj (.text:GPIOPadConfigSet)
                  00006adc    00000124     rtsv7M4_T_le_v4SPD16_eabi.lib : _printfi.c.obj (.text:fcvt)
                  00006c00    00000118     ti.targets.arm.rtsarm.aem4f : Error.oem4f (.text:xdc_runtime_Error_policyDefault__E)
                  00006d18    00000114     drivers_tivaware.aem4f : PWMTimerTiva.oem4f (.text:PWMTimerTiva_open)
                  00006e2c    00000110     rtsv7M4_T_le_v4SPD16_eabi.lib : s_scalbn.c.obj (.text:scalbn)
                  00006f3c    0000010c     Kentec320x240x16_ssd2119_spi.obj (.text:Kentec320x240x16_SSD2119RectFill)
                  00007048    0000010c     touch.obj (.text:TouchScreenInit)
                  00007154    0000010c     empty.obj (.text:heartBeatFxn)
                  00007260    00000108     sysbios.aem4f : BIOS.obj (.text:ti_sysbios_family_arm_lm4_Timer_start__E)
                  00007368    00000108                   : BIOS.obj (.text:ti_sysbios_knl_Clock_Instance_init__E)
                  00007470    00000106     grlib.lib : line.obj (.text:GrLineDraw)
                  00007576    00000002     --HOLE-- [fill = 0]
                  00007578    00000100     ti.targets.arm.rtsarm.aem4f : Core-mem.oem4f (.text:xdc_runtime_Core_createObject__I)
                  00007678    000000fc     rtsv7M4_T_le_v4SPD16_eabi.lib : fd_mul_t2.asm.obj (.text)
                  00007774    000000f8                                   : s_floor.c.obj (.text:floor)
                  0000786c    000000f8     ti.targets.arm.rtsarm.aem4f : Startup.oem4f (.text:xdc_runtime_Startup_startMods__I)
                  00007964    000000f8     empty_pem4f.oem4f (.text:xdc_runtime_System_printfExtend__I)
                  00007a5c    000000f4     GlobalDraw.obj (.text:graphSelectPage)
                  00007b50    000000f4     sysbios.aem4f : m3_Hwi_asm.obj (.text:ti_sysbios_family_arm_m3_Hwi_dispatch__I)
                  00007c44    000000f2     grlib.lib : pushbutton.obj (.text:RectangularButtonClick)
                  00007d36    000000f0     drivers_tivaware.aem4f : PWMTiva.oem4f (.text:PWMTiva_setDuty)
                  00007e26    00000002     --HOLE-- [fill = 0]
                  00007e28    000000ec     sysbios.aem4f : BIOS.obj (.text:ti_sysbios_knl_Semaphore_post__E)
                  00007f14    000000e8     grlib.lib : widget.obj (.text:WidgetMessageQueueAdd)
                  00007ffc    000000e0     drivers_tivaware.aem4f : I2CTiva.oem4f (.text:I2CTiva_open)
                  000080dc    000000d8     GlobalDraw.obj (.text:MainPage)
                  000081b4    000000d6     drivers_tivaware.aem4f : I2CTiva.oem4f (.text:I2CTiva_hwiFxn)
                  0000828a    000000d6     grlib.lib : slider.obj (.text:SliderClick)
                  00008360    000000cc     ti.targets.arm.rtsarm.aem4f : Core-smem.oem4f (.text:xdc_runtime_Core_constructObject__I)
                  0000842c    000000c0     grlib.lib : string.obj (.text:GrDefaultStringRenderer)
                  000084ec    00000004     sysbios.aem4f : BIOS.obj (.text:ti_sysbios_family_arm_lm4_Timer_masterEnable__I)
                  000084f0    000000bc                   : BIOS.obj (.text:ti_sysbios_family_arm_m3_Hwi_excDebugMon__I)
                  000085ac    00000004     empty_pem4f.oem4f (.text:ti_sysbios_family_arm_m3_Hwi_delete)
                  000085b0    000000bc     sysbios.aem4f : BIOS.obj (.text:ti_sysbios_family_arm_m3_Hwi_excHardFault__I)
                  0000866c    000000b8     EK_TM4C1294XL.obj (.text:EK_TM4C1294XL_initGeneral)
                  00008724    000000b8     grlib.lib : line.obj (.text:GrLineClip)
                  000087dc    000000b8     Kentec320x240x16_ssd2119_spi.obj (.text:InitSPILCDInterface)
                  00008894    000000b8     drivers_tivaware.aem4f : PWMTimerTiva.oem4f (.text:PWMTimerTiva_setDuty)
                  0000894c    000000b4     grlib.lib : widget.obj (.text:WidgetMessageSendPostOrder)
                  00008a00    000000b4     sysbios.aem4f : BIOS.obj (.text:ti_sysbios_gates_GateMutex_enter__E)
                  00008ab4    00000004     empty_pem4f.oem4f (.text:ti_sysbios_family_arm_m3_Hwi_destruct)
                  00008ab8    000000b4     sysbios.aem4f : BIOS.obj (.text:ti_sysbios_knl_Task_checkStacks__E)
                  00008b6c    000000b1     rtsv7M4_T_le_v4SPD16_eabi.lib : _printfi.c.obj (.text:_ltostr)
                  00008c1d    00000001     --HOLE-- [fill = 0]
                  00008c1e    000000b0     grlib.lib : slider.obj (.text:SliderValueToPosition)
                  00008cce    000000ac     drivers_tivaware.aem4f : UARTTiva.oem4f (.text:readTaskBlocking)
                  00008d7a    00000006     driverlib.lib : gpio.obj (.text:GPIOIntClear)
                  00008d80    000000ac     sysbios.aem4f : BIOS.obj (.text:ti_sysbios_family_arm_lm4_Timer_enableTiva__I)
                  00008e2c    00000004     empty_pem4f.oem4f (.text:ti_sysbios_family_arm_m3_TaskSupport_Module__startupDone__S)
                  00008e30    000000a4     sysbios.aem4f : BIOS.obj (.text:ti_sysbios_knl_Clock_Instance_finalize__E)
                  00008ed4    000000a0     auto_init.aem4f : auto_init.oem4f (.text)
                  00008f74    000000a0     ti.targets.arm.rtsarm.aem4f : Text.oem4f (.text:xdc_runtime_Text_putMod__E)
                  00009014    0000009c     rtsv7M4_T_le_v4SPD16_eabi.lib : memcpy_t2.asm.obj (.text)
                  000090b0    0000009c     sysbios.aem4f : BIOS.obj (.text:ti_sysbios_knl_Semaphore_Instance_init__E)
                  0000914c    0000009a     ti.targets.arm.rtsarm.aem4f : Text.oem4f (.text:xdc_runtime_Text_putSite__E)
                  000091e6    00000098     drivers_tivaware.aem4f : UARTTiva.oem4f (.text:UARTTiva_readPolling)
                  0000927e    00000002     --HOLE-- [fill = 0]
                  00009280    00000098     Boot.aem4f : Boot.oem4f (.text:ti_catalog_arm_cortexm4_tiva_ce_Boot_sysCtlClockFreqSet__E)
                  00009318    00000096     rtsv7M4_T_le_v4SPD16_eabi.lib : ull_div_t2.asm.obj (.text)
                  000093ae    00000094     drivers_tivaware.aem4f : UARTTiva.oem4f (.text:UARTTiva_write)
                  00009442    00000006     driverlib.lib : gpio.obj (.text:GPIOPinRead)
                  00009448    00000094     sysbios.aem4f : BIOS.obj (.text:ti_sysbios_family_arm_m3_Hwi_Instance_init__E)
                  000094dc    00000004     empty_pem4f.oem4f (.text:ti_sysbios_hal_Timer_TimerProxy_delete)
                  000094e0    00000094     sysbios.aem4f : BIOS.obj (.text:ti_sysbios_family_arm_m3_Hwi_initNVIC__E)
                  00009574    0000008c     drivers_tivaware.aem4f : GPIOTiva.oem4f (.text:GPIO_init)
                  00009600    0000008c                            : UARTTiva.oem4f (.text:UARTTiva_control)
                  0000968c    0000008c     sysbios.aem4f : m3_TaskSupport_asm.obj (.text:ti_sysbios_family_arm_m3_TaskSupport_buildTaskStack)
                  00009718    0000008c                   : BIOS.obj (.text:ti_sysbios_hal_SecondsClock_Module_startup__E)
                  000097a4    00000004     empty_pem4f.oem4f (.text:ti_sysbios_heaps_HeapMem_Module_GateProxy_enter__E)
                  000097a8    0000008c     sysbios.aem4f : BIOS.obj (.text:ti_sysbios_knl_Task_postInit__I)
                  00009834    0000008a     drivers_tivaware.aem4f : UARTTiva.oem4f (.text:readIsrTextBlocking)
                  000098be    00000002     --HOLE-- [fill = 0]
                  000098c0    00000088                            : PWMTiva.oem4f (.text:PWMTiva_control)
                  00009948    00000086     grlib.lib : rectangle.obj (.text:GrRectFill)
                  000099ce    00000086     rtsv7M4_T_le_v4SPD16_eabi.lib : fd_cmp_t2.asm.obj (.text:__aeabi_cdcmple)
                  00009a54    00000086                                   : fd_cmp_t2.asm.obj (.text:__aeabi_cdrcmple)
                  00009ada    00000084     GraphFunctions.obj (.text:ArrayUpdate)
                  00009b5e    00000002     --HOLE-- [fill = 0]
                  00009b60    00000084     sysbios.aem4f : BIOS.obj (.text:ti_sysbios_family_arm_m3_Hwi_postInit__I)
                  00009be4    00000082     drivers_tivaware.aem4f : UARTTiva.oem4f (.text:readIsrTextCallback)
                  00009c66    00000080     grlib.lib : rectangle.obj (.text:GrRectIntersectGet)
                  00009ce6    0000007e     drivers_tivaware.aem4f : I2CTiva.oem4f (.text:I2CTiva_transfer)
                  00009d64    0000007c     GlobalDraw.obj (.text:GraphPage)
                  00009de0    0000007c     sysbios.aem4f : BIOS.obj (.text:ti_sysbios_family_arm_lm4_Timer_disableTiva__I)
                  00009e5c    0000007a     driverlib.lib : adc.obj (.text:ADCSequenceStepConfigure)
                  00009ed6    0000007a     drivers_tivaware.aem4f : UARTTiva.oem4f (.text:readTaskCallback)
                  00009f50    0000007a     rtsv7M4_T_le_v4SPD16_eabi.lib : memset_t2.asm.obj (.text)
                  00009fca    00000002     --HOLE-- [fill = 0]
                  00009fcc    00000074     GlobalDraw.obj (.text:InitScreen)
                  0000a040    00000074     sysbios.aem4f : BIOS.obj (.text:ti_sysbios_knl_Clock_start__E)
                  0000a0b4    00000004     empty_pem4f.oem4f (.text:ti_sysbios_heaps_HeapMem_Module_GateProxy_leave__E)
                  0000a0b8    00000070     sysbios.aem4f : BIOS.obj (.text:ti_sysbios_knl_Clock_workFunc__E)
                  0000a128    00000070                   : BIOS.obj (.text:ti_sysbios_knl_Task_exit__E)
                  0000a198    0000006e     rtsv7M4_T_le_v4SPD16_eabi.lib : _printfi.c.obj (.text:_mcpy)
                  0000a206    00000002     --HOLE-- [fill = 0]
                  0000a208    0000006d     ti.targets.arm.rtsarm.aem4f : System.oem4f (.text:xdc_runtime_System_formatNum__I)
                  0000a275    00000003     --HOLE-- [fill = 0]
                  0000a278    0000006c     GraphFunctions.obj (.text:CalcAvg)
                  0000a2e4    0000006c     drivers_tivaware.aem4f : PWMTimerTiva.oem4f (.text:PWMTimerTiva_control)
                  0000a350    0000006c     empty_pem4f.oem4f (.text:ti_sysbios_family_arm_lm4_Timer_Object__create__S)
                  0000a3bc    00000004     empty_pem4f.oem4f (.text:ti_sysbios_knl_Clock_TimerProxy_getFreq__E)
                  0000a3c0    0000006c     sysbios.aem4f : BIOS.obj (.text:ti_sysbios_gates_GateMutexPri_leave__E)
                  0000a42c    00000004     empty_pem4f.oem4f (.text:ti_sysbios_knl_Clock_TimerProxy_getMaxTicks__E)
                  0000a430    0000006c     sysbios.aem4f : BIOS.obj (.text:ti_sysbios_knl_Swi_restoreHwi__E)
                  0000a49c    0000006c     drivers_tivaware.aem4f : UARTTiva.oem4f (.text:writeData)
                  0000a508    0000006c     ti.targets.arm.rtsarm.aem4f : Error.oem4f (.text:xdc_runtime_Error_print__E)
                  0000a574    0000006c                                 : Memory.oem4f (.text:xdc_runtime_Memory_alloc__E)
                  0000a5e0    0000006a     drivers_tivaware.aem4f : PWMTiva.oem4f (.text:PWMTiva_close)
                  0000a64a    00000002     --HOLE-- [fill = 0]
                  0000a64c    00000068     GlobalDraw.obj (.text:BackMainMotorPage)
                  0000a6b4    00000068     EK_TM4C1294XL.obj (.text:EK_TM4C1294XL_initI2C)
                  0000a71c    00000068     grlib.lib : context.obj (.text:GrContextInit)
                  0000a784    00000068               : string.obj (.text:GrStringWidthGet)
                  0000a7ec    00000068     driverlib.lib : interrupt.obj (.text:IntEnable)
                  0000a854    00000068     Kentec320x240x16_ssd2119_spi.obj (.text:Kentec320x240x16_SSD2119LineDrawH)
                  0000a8bc    00000068     Kentec320x240x16_ssd2119_spi.obj (.text:Kentec320x240x16_SSD2119LineDrawV)
                  0000a924    00000068     rtsv7M4_T_le_v4SPD16_eabi.lib : copy_decompress_lzss.c.obj (.text:decompress:lzss:__TI_decompress_lzss)
                  0000a98c    00000066     grlib.lib : context.obj (.text:GrContextClipRegionSet)
                  0000a9f2    00000066               : rectangle.obj (.text:GrRectDraw)
                  0000aa58    00000066     ti.targets.arm.rtsarm.aem4f : Core-mem.oem4f (.text:xdc_runtime_Core_deleteObject__I)
                  0000aabe    00000002     --HOLE-- [fill = 0]
                  0000aac0    00000064     drivers_tivaware.aem4f : GPIOTiva.oem4f (.text:GPIO_hwiIntFxn)
                  0000ab24    00000064     grlib.lib : widget.obj (.text:WidgetMessageQueueProcess)
                  0000ab88    00000064     rtsv7M4_T_le_v4SPD16_eabi.lib : s_frexp.c.obj (.text:frexp)
                  0000abec    00000004     empty_pem4f.oem4f (.text:ti_sysbios_knl_Clock_TimerProxy_getPeriod__E)
                  0000abf0    00000064     sysbios.aem4f : BIOS.obj (.text:ti_sysbios_family_arm_lm4_Timer_Module_startup__E)
                  0000ac54    00000064     empty_pem4f.oem4f (.text:ti_sysbios_family_arm_m3_Hwi_create)
                  0000acb8    00000064     sysbios.aem4f : BIOS.obj (.text:ti_sysbios_family_arm_m3_Hwi_dispatchC__I)
                  0000ad1c    00000064     empty_pem4f.oem4f (.text:ti_sysbios_hal_Timer_create)
                  0000ad80    00000064     Clock.obj (.text:timer1sec)
                  0000ade4    00000062     drivers_tivaware.aem4f : I2CTiva.oem4f (.text:I2CTiva_primeTransfer)
                  0000ae46    00000002     --HOLE-- [fill = 0]
                  0000ae48    00000060     driverlib.lib : timer.obj (.text:TimerConfigure)
                  0000aea8    00000060     Kentec320x240x16_ssd2119_spi.obj (.text:WriteDataSPI)
                  0000af08    00000060     sysbios.aem4f : BIOS.obj (.text:ti_sysbios_knl_Task_schedule__I)
                  0000af68    0000005e     grlib.lib : widget.obj (.text:WidgetMessageSendPreOrder)
                  0000afc6    0000005e     drivers_tivaware.aem4f : UARTTiva.oem4f (.text:readIsrBinaryBlocking)
                  0000b024    0000005c     Kentec320x240x16_ssd2119_spi.obj (.text:WriteCommandSPI)
                  0000b080    0000005c     sysbios.aem4f : BIOS.obj (.text:ti_sysbios_knl_Swi_run__I)
                  0000b0dc    00000004     empty_pem4f.oem4f (.text:ti_sysbios_knl_Clock_destruct)
                  0000b0e0    0000005c     sysbios.aem4f : BIOS.obj (.text:ti_sysbios_knl_Swi_schedule__I)
                  0000b13c    00000004     empty_pem4f.oem4f (.text:ti_sysbios_knl_Queue_destruct)
                  0000b140    0000005c     sysbios.aem4f : BIOS.obj (.text:ti_sysbios_knl_Task_Module_startup__E)
                  0000b19c    00000004     empty_pem4f.oem4f (.text:ti_sysbios_knl_Semaphore_destruct)
                  0000b1a0    0000005c     sysbios.aem4f : BIOS.obj (.text:ti_sysbios_knl_Task_startCore__E)
                  0000b1fc    0000005b     ti.targets.arm.rtsarm.aem4f : Text.oem4f (.text:xdc_runtime_Text_putLab__E)
                  0000b257    00000001     --HOLE-- [fill = 0]
                  0000b258    0000005a     grlib.lib : string.obj (.text:FontWideGlyphDataGet)
                  0000b2b2    00000002     --HOLE-- [fill = 0]
                  0000b2b4    00000058     boot.aem4f : boot.oem4f (.text)
                  0000b30c    00000058     rtsv7M4_T_le_v4SPD16_eabi.lib : hostwrite.c.obj (.text:HOSTwrite)
                  0000b364    00000058     grlib.lib : slider.obj (.text:SliderPositionToValue)
                  0000b3bc    00000058     driverlib.lib : timer.obj (.text:TimerControlTrigger)
                  0000b414    00000004     ti.targets.arm.rtsarm.aem4f : Error.oem4f (.text:xdc_runtime_Error_getSite__E)
                  0000b418    00000058     sysbios.aem4f : BIOS.obj (.text:ti_sysbios_family_arm_lm4_Timer_Instance_finalize__E)
                  0000b470    00000058     empty_pem4f.oem4f (.text:ti_sysbios_family_arm_m3_Hwi_construct)
                  0000b4c8    00000058     sysbios.aem4f : m3_Hwi_asm_switch.obj (.text:ti_sysbios_family_arm_m3_Hwi_initStacks__E)
                  0000b520    00000056     driverlib.lib : gpio.obj (.text:GPIOIntTypeSet)
                  0000b576    00000056     rtsv7M4_T_le_v4SPD16_eabi.lib : _printfi.c.obj (.text:_pconv_f)
                  0000b5cc    00000054                                   : _ltoa.c.obj (.text:__TI_ltoa)
                  0000b620    00000054     drivers_tivaware.aem4f : UARTTiva.oem4f (.text:readIsrBinaryCallback)
                  0000b674    00000004     empty_pem4f.oem4f (.text:xdc_runtime_System_Module_GateProxy_enter__E)
                  0000b678    00000054     sysbios.aem4f : BIOS.obj (.text:ti_sysbios_family_arm_lm4_Timer_initDevice__I)
                  0000b6cc    00000054     empty_pem4f.oem4f (.text:ti_sysbios_knl_Task_construct)
                  0000b720    00000054     ti.targets.arm.rtsarm.aem4f : Assert.oem4f (.text:xdc_runtime_Assert_raise__I)
                  0000b774    00000052     rtsv7M4_T_le_v4SPD16_eabi.lib : _printfi.c.obj (.text:_ecpy)
                  0000b7c6    00000002     --HOLE-- [fill = 0]
                  0000b7c8    00000050     drivers_tivaware.aem4f : GPIOTiva.oem4f (.text:GPIO_setCallback)
                  0000b818    00000050                            : GPIOTiva.oem4f (.text:GPIO_toggle)
                  0000b868    00000050                            : GPIOTiva.oem4f (.text:GPIO_write)
                  0000b8b8    00000050                            : UARTTiva.oem4f (.text:UARTTiva_writeCancel)
                  0000b908    00000050     Boot.aem4f : Boot_sysctl.oem4f (.text:_SysCtlFrequencyGet)
                  0000b958    00000050     sysbios.aem4f : BIOS.obj (.text:ti_sysbios_family_arm_m3_Hwi_Module_startup__E)
                  0000b9a8    00000050     ti.targets.arm.rtsarm.aem4f : Startup.oem4f (.text:xdc_runtime_Startup_exec__E)
                  0000b9f8    00000050                                 : Text.oem4f (.text:xdc_runtime_Text_visitRope2__I)
                  0000ba48    0000004c     drivers_tivaware.aem4f : UARTTiva.oem4f (.text:UARTTiva_close)
                  0000ba94    0000004c     grlib.lib : widget.obj (.text:WidgetRemove)
                  0000bae0    0000004c     rtsv7M4_T_le_v4SPD16_eabi.lib : atoi.c.obj (.text:atoi)
                  0000bb2c    0000004c                                   : cpy_tbl.c.obj (.text:copy_in)
                  0000bb78    0000004c     sysbios.aem4f : BIOS.obj (.text:ti_sysbios_family_arm_lm4_Timer_setAvailMask__E)
                  0000bbc4    00000004     empty_pem4f.oem4f (.text:xdc_runtime_System_Module_GateProxy_leave__E)
                  0000bbc8    0000004c     sysbios.aem4f : BIOS.obj (.text:ti_sysbios_heaps_HeapMem_getStats__E)
                  0000bc14    00000004     ti.targets.arm.rtsarm.aem4f : System.oem4f (.text:xdc_runtime_System_aprintf_va__F)
                  0000bc18    0000004c     sysbios.aem4f : BIOS.obj (.text:ti_sysbios_knl_Swi_runLoop__I)
                  0000bc64    00000004     ti.targets.arm.rtsarm.aem4f : System.oem4f (.text:xdc_runtime_System_printf_va__F)
                  0000bc68    0000004c     sysbios.aem4f : BIOS.obj (.text:ti_sysbios_knl_Task_allBlockedFunction__I)
                  0000bcb4    00000004     --HOLE-- [fill = 0]
                  0000bcb8    0000004c                   : BIOS.obj (.text:ti_sysbios_knl_Task_block__E)
                  0000bd04    0000004a     drivers_tivaware.aem4f : PWMTimerTiva.oem4f (.text:PWMTimerTiva_close)
                  0000bd4e    0000004a     grlib.lib : string.obj (.text:UpdateContextCharMapping)
                  0000bd98    00000048     driverlib.lib : gpio.obj (.text:GPIOPinConfigure)
                  0000bde0    00000048                   : i2c.obj (.text:I2CMasterInitExpClk)
                  0000be28    00000048     rtsv7M4_T_le_v4SPD16_eabi.lib : fd_toi_t2.asm.obj (.text)
                  0000be70    00000048     sysbios.aem4f : BIOS.obj (.text:ti_sysbios_family_arm_lm4_Timer_enableTimers__I)
                  0000beb8    00000048                   : BIOS.obj (.text:ti_sysbios_family_arm_m3_Hwi_disableInterrupt__E)
                  0000bf00    00000048                   : BIOS.obj (.text:ti_sysbios_family_arm_m3_Hwi_enableInterrupt__E)
                  0000bf48    00000048                   : BIOS.obj (.text:ti_sysbios_family_arm_m3_Hwi_excReserved__I)
                  0000bf90    00000048                   : BIOS.obj (.text:ti_sysbios_hal_SecondsClock_increment__I)
                  0000bfd8    00000046     grlib.lib : line.obj (.text:GrLineDrawH)
                  0000c01e    00000046               : line.obj (.text:GrLineDrawV)
                  0000c064    00000046     Kentec320x240x16_ssd2119_spi.obj (.text:Kentec320x240x16_SSD2119PixelDraw)
                  0000c0aa    00000046     drivers_tivaware.aem4f : RingBuf.oem4f (.text:RingBuf_put)
                  0000c0f0    00000046     UARTLocal.obj (.text:initUART)
                  0000c136    00000046     ti.targets.arm.rtsarm.aem4f : Core-params.oem4f (.text:xdc_runtime_Core_assignParams__I)
                  0000c17c    00000004     --HOLE-- [fill = 0]
                  0000c180    00000044     sysbios.aem4f : BIOS.obj (.text:ti_sysbios_family_arm_lm4_Timer_isrStub__E)
                  0000c1c4    00000004     --HOLE-- [fill = 0]
                  0000c1c8    00000044                   : BIOS.obj (.text:ti_sysbios_family_arm_m3_Hwi_getStackInfo__E)
                  0000c20c    00000004     --HOLE-- [fill = 0]
                  0000c210    00000044                   : BIOS.obj (.text:ti_sysbios_knl_Swi_post__E)
                  0000c254    00000044     ti.targets.arm.rtsarm.aem4f : Error.oem4f (.text:xdc_runtime_Error_setX__E)
                  0000c298    00000044                                 : SysMin.oem4f (.text:xdc_runtime_SysMin_flush__E)
                  0000c2dc    00000044                                 : Text.oem4f (.text:xdc_runtime_Text_xprintf__I)
                  0000c320    00000042     driverlib.lib : uart.obj (.text:UARTConfigSetExpClk)
                  0000c362    00000042     drivers_tivaware.aem4f : UARTTiva.oem4f (.text:UARTTiva_hwiIntFxn)
                  0000c3a4    00000042                            : UARTTiva.oem4f (.text:UARTTiva_writePolling)
                  0000c3e6    00000040                            : RingBuf.oem4f (.text:RingBuf_get)
                  0000c426    00000040                            : UARTTiva.oem4f (.text:UARTTiva_read)
                  0000c466    00000040     rtsv7M4_T_le_v4SPD16_eabi.lib : u_divt2.asm.obj (.text)
                  0000c4a6    00000002     --HOLE-- [fill = 0]
                  0000c4a8    00000040                                   : sprintf.c.obj (.text:sprintf)
                  0000c4e8    00000040     sysbios.aem4f : BIOS.obj (.text:ti_sysbios_family_arm_lm4_Timer_startup__E)
                  0000c528    00000040                   : BIOS.obj (.text:ti_sysbios_hal_SecondsClock_getTime__E)
                  0000c568    0000003e     driverlib.lib : adc.obj (.text:ADCSequenceConfigure)
                  0000c5a6    0000003e     rtsv7M4_T_le_v4SPD16_eabi.lib : _printfi.c.obj (.text:_fcpy)
                  0000c5e4    0000003c     GraphFunctions.obj (.text:CalcNoRemainder)
                  0000c620    0000003c     driverlib.lib : ssi.obj (.text:SSIConfigSetExpClk)
                  0000c65c    00000004     --HOLE-- [fill = 0]
                  0000c660    0000003c     sysbios.aem4f : BIOS.obj (.text:ti_sysbios_family_arm_m3_Hwi_excSvCall__I)
                  0000c69c    00000004     --HOLE-- [fill = 0]
                  0000c6a0    0000003c                   : BIOS.obj (.text:ti_sysbios_heaps_HeapMem_init__I)
                  0000c6dc    00000004     --HOLE-- [fill = 0]
                  0000c6e0    0000003c                   : BIOS.obj (.text:ti_sysbios_knl_Swi_restore__E)
                  0000c71c    0000003a     grlib.lib : string.obj (.text:FontGlyphDataGet)
                  0000c756    0000003a     drivers_tivaware.aem4f : I2CTiva.oem4f (.text:I2CTiva_completeTransfer)
                  0000c790    00000038     grlib.lib : rectangle.obj (.text:GrRectOverlapCheck)
                  0000c7c8    00000038     drivers_tivaware.aem4f : I2C.oem4f (.text:I2C_init)
                  0000c800    00000038                            : PWM.oem4f (.text:PWM_init)
                  0000c838    00000038     GlobalDraw.obj (.text:RemoveGraphSelect)
                  0000c870    00000038     driverlib.lib : sysctl.obj (.text:SysCtlPeripheralReady)
                  0000c8a8    00000038     drivers_tivaware.aem4f : UART.oem4f (.text:UART_init)
                  0000c8e0    00000038     rtsv7M4_T_le_v4SPD16_eabi.lib : trgmsg.c.obj (.text:__TI_writemsg)
                  0000c918    00000038                                   : fs_tod_t2.asm.obj (.text)
                  0000c950    00000038     sysbios.aem4f : BIOS.obj (.text:ti_sysbios_family_arm_m3_Hwi_excNoIsr__I)
                  0000c988    00000038     ti.targets.arm.rtsarm.aem4f : SysMin.oem4f (.text:xdc_runtime_SysMin_putch__E)
                  0000c9c0    00000038                                 : System.oem4f (.text:xdc_runtime_System_atexit__E)
                  0000c9f8    00000036     grlib.lib : line.obj (.text:GrClipCodeGet)
                  0000ca2e    00000036     drivers_tivaware.aem4f : I2CTiva.oem4f (.text:I2CTiva_close)
                  0000ca64    00000036                            : UARTTiva.oem4f (.text:UARTTiva_readCancel)
                  0000ca9a    00000002     --HOLE-- [fill = 0]
                  0000ca9c    00000034     driverlib.lib : sysctl.obj (.text:SysCtlPeripheralEnable)
                  0000cad0    00000034     rtsv7M4_T_le_v4SPD16_eabi.lib : trgmsg.c.obj (.text:__TI_readmsg)
                  0000cb04    00000004     --HOLE-- [fill = 0]
                  0000cb08    00000034     sysbios.aem4f : BIOS.obj (.text:ti_sysbios_family_arm_lm4_Timer_setPeriodMicroSecs__E)
                  0000cb3c    00000004     --HOLE-- [fill = 0]
                  0000cb40    00000034                   : BIOS.obj (.text:ti_sysbios_family_arm_m3_Hwi_Instance_finalize__E)
                  0000cb74    00000004     --HOLE-- [fill = 0]
                  0000cb78    00000034                   : BIOS.obj (.text:ti_sysbios_family_arm_m3_Hwi_excNmi__I)
                  0000cbac    00000004     --HOLE-- [fill = 0]
                  0000cbb0    00000034                   : BIOS.obj (.text:ti_sysbios_hal_Hwi_checkStack)
                  0000cbe4    00000034     empty_pem4f.oem4f (.text:ti_sysbios_knl_Clock_construct)
                  0000cc18    00000034     ti.targets.arm.rtsarm.aem4f : Core-label.oem4f (.text:xdc_runtime_Core_assignLabel__I)
                  0000cc4c    00000033                                 : Text.oem4f (.text:xdc_runtime_Text_printVisFxn__I)
                  0000cc7f    00000001     --HOLE-- [fill = 0]
                  0000cc80    00000032     sysbios.aem4f : BIOS.obj (.text:ti_sysbios_hal_Hwi_initStack)
                  0000ccb2    00000002     --HOLE-- [fill = 0]
                  0000ccb4    00000030     drivers_tivaware.aem4f : PWMTiva.oem4f (.text:PWMTiva_init)
                  0000cce4    00000030                            : PWM.oem4f (.text:PWM_open)
                  0000cd14    00000030                            : UART.oem4f (.text:UART_open)
                  0000cd44    00000030     empty_pem4f.oem4f (.text:ti_sysbios_BIOS_atExitFunc__I)
                  0000cd74    00000004     --HOLE-- [fill = 0]
                  0000cd78    00000030     sysbios.aem4f : BIOS.obj (.text:ti_sysbios_family_arm_lm4_Timer_stop__E)
                  0000cda8    00000030                   : BIOS.obj (.text:ti_sysbios_family_arm_m3_TaskSupport_start__E)
                  0000cdd8    00000030     empty_pem4f.oem4f (.text:ti_sysbios_gates_GateHwi_Object__create__S)
                  0000ce08    00000030     empty_pem4f.oem4f (.text:ti_sysbios_gates_GateMutexPri_Object__create__S)
                  0000ce38    00000030     empty_pem4f.oem4f (.text:ti_sysbios_gates_GateMutexPri_create)
                  0000ce68    00000030     empty_pem4f.oem4f (.text:ti_sysbios_gates_GateMutex_Object__create__S)
                  0000ce98    00000030     empty_pem4f.oem4f (.text:ti_sysbios_heaps_HeapMem_Object__create__S)
                  0000cec8    00000030     empty_pem4f.oem4f (.text:ti_sysbios_knl_Semaphore_construct)
                  0000cef8    00000030     sysbios.aem4f : BIOS.obj (.text:ti_sysbios_knl_Semaphore_pendTimeout__I)
                  0000cf28    00000030                   : BIOS.obj (.text:ti_sysbios_knl_Task_processVitalTaskFlag__I)
                  0000cf58    00000030                   : BIOS.obj (.text:ti_sysbios_knl_Task_unblockI__E)
                  0000cf88    00000030     ti.targets.arm.rtsarm.aem4f : SysMin.oem4f (.text:xdc_runtime_SysMin_abort__E)
                  0000cfb8    00000030                                 : System.oem4f (.text:xdc_runtime_System_processAtExit__E)
                  0000cfe8    0000002e     grlib.lib : string.obj (.text:GrStringNextCharGet)
                  0000d016    0000002e     rtsv7M4_T_le_v4SPD16_eabi.lib : i_tofd_t2.asm.obj (.text)
                  0000d044    0000002c     EK_TM4C1294XL.obj (.text:EK_TM4C1294XL_initUART)
                  0000d070    0000002c     grlib.lib : string.obj (.text:GrFontBaselineGet)
                  0000d09c    0000002c               : string.obj (.text:GrFontHeightGet)
                  0000d0c8    0000002c               : pushbutton.obj (.text:RectangularButtonMsgProc)
                  0000d0f4    0000002c               : slider.obj (.text:SliderMsgProc)
                  0000d120    0000002c               : widget.obj (.text:WidgetIsInTree)
                  0000d14c    0000002c     empty_pem4f.oem4f (.text:ti_sysbios_knl_Clock_doTick__I)
                  0000d178    0000002c     empty_pem4f.oem4f (.text:ti_sysbios_knl_Queue_construct)
                  0000d1a4    00000004     --HOLE-- [fill = 0]
                  0000d1a8    0000002c     sysbios.aem4f : BIOS.obj (.text:ti_sysbios_knl_Task_restore__E)
                  0000d1d4    0000002c     ti.targets.arm.rtsarm.aem4f : Text.oem4f (.text:xdc_runtime_Text_cordText__E)
                  0000d200    0000002a     driverlib.lib : gpio.obj (.text:GPIODirModeSet)
                  0000d22a    0000002a     ti.targets.arm.rtsarm.aem4f : System.oem4f (.text:xdc_runtime_System_putchar__I)
                  0000d254    00000028     Kentec320x240x16_ssd2119_spi.obj (.text:Kentec320x240x16_SSD2119ColorTranslate)
                  0000d27c    00000004     --HOLE-- [fill = 0]
                  0000d280    00000028     sysbios.aem4f : BIOS.obj (.text:ti_sysbios_hal_Timer_Instance_init__E)
                  0000d2a8    00000028                   : BIOS.obj (.text:ti_sysbios_knl_Clock_addI__E)
                  0000d2d0    00000028                   : BIOS.obj (.text:ti_sysbios_knl_Swi_Module_startup__E)
                  0000d2f8    00000026     grlib.lib : string.obj (.text:GrFontInfoGet)
                  0000d31e    00000026     sysbios.aem4f : m3_Hwi_asm.obj (.text:ti_sysbios_family_arm_m3_Hwi_pendSV__I)
                  0000d344    00000026     ti.targets.arm.rtsarm.aem4f : System.oem4f (.text:xdc_runtime_System_avprintf__E)
                  0000d36a    00000002     --HOLE-- [fill = 0]
                  0000d36c    00000024     GlobalDraw.obj (.text:BackGraphSelect)
                  0000d390    00000024     GlobalDraw.obj (.text:BackMainGraph)
                  0000d3b4    00000024     GlobalDraw.obj (.text:RemoveMainPage)
                  0000d3d8    00000024     GlobalDraw.obj (.text:backMainSensor)
                  0000d3fc    00000024     GlobalDraw.obj (.text:removeSensorPage)
                  0000d420    00000024     empty_pem4f.oem4f (.text:ti_sysbios_BIOS_errorRaiseHook__I)
                  0000d444    00000024     empty_pem4f.oem4f (.text:ti_sysbios_BIOS_registerRTSLock__I)
                  0000d468    00000024     empty_pem4f.oem4f (.text:ti_sysbios_BIOS_removeRTSLock__I)
                  0000d48c    00000024     empty_pem4f.oem4f (.text:ti_sysbios_BIOS_startFunc__I)
                  0000d4b0    00000024     empty_pem4f.oem4f (.text:ti_sysbios_gates_GateMutexPri_Object__delete__S)
                  0000d4d4    00000024     empty_pem4f.oem4f (.text:ti_sysbios_gates_GateMutex_Object__delete__S)
                  0000d4f8    00000024     sysbios.aem4f : BIOS.obj (.text:ti_sysbios_knl_Clock_Module_startup__E)
                  0000d51c    00000004     --HOLE-- [fill = 0]
                  0000d520    00000024                   : BIOS.obj (.text:ti_sysbios_knl_Task_restoreHwi__E)
                  0000d544    00000024     ti.targets.arm.rtsarm.aem4f : System.oem4f (.text:xdc_runtime_System_vprintf__E)
                  0000d568    00000022     grlib.lib : string.obj (.text:GrFontGlyphDataGet)
                  0000d58a    00000022     driverlib.lib : pwm.obj (.text:PWMGenConfigure)
                  0000d5ac    00000022     drivers_tivaware.aem4f : PWMTiva.oem4f (.text:PWMTiva_getPeriodCounts)
                  0000d5ce    00000002     --HOLE-- [fill = 0]
                  0000d5d0    00000022     sysbios.aem4f : BIOS.obj (.text:ti_sysbios_family_arm_lm4_Timer_write__I)
                  0000d5f2    00000022     empty_pem4f.oem4f (.text:xdc_runtime_SysMin_output__I)
                  0000d614    00000020     Boot.aem4f : Boot_sysctl.oem4f (.text:_SysCtlMemTimingGet)
                  0000d634    00000020     rtsv7M4_T_le_v4SPD16_eabi.lib : u_tofd_t2.asm.obj (.text)
                  0000d654    00000020     empty_pem4f.oem4f (.text:ti_sysbios_BIOS_rtsLock__I)
                  0000d674    00000020     empty_pem4f.oem4f (.text:ti_sysbios_family_arm_lm4_Timer_Object__delete__S)
                  0000d694    00000004     --HOLE-- [fill = 0]
                  0000d698    00000020     sysbios.aem4f : BIOS.obj (.text:ti_sysbios_family_arm_lm4_Timer_getFreq__E)
                  0000d6b8    00000020                   : BIOS.obj (.text:ti_sysbios_family_arm_lm4_Timer_postInit__I)
                  0000d6d8    00000020     empty_pem4f.oem4f (.text:ti_sysbios_family_arm_m3_Hwi_Object__delete__S)
                  0000d6f8    00000020     sysbios.aem4f : m3_Hwi_asm.obj (.text:ti_sysbios_family_arm_m3_Hwi_excHandlerAsm__I)
                  0000d718    00000020                   : BIOS.obj (.text:ti_sysbios_family_arm_m3_Hwi_excHandler__I)
                  0000d738    00000020     empty_pem4f.oem4f (.text:ti_sysbios_gates_GateHwi_Object__delete__S)
                  0000d758    00000020     empty_pem4f.oem4f (.text:ti_sysbios_heaps_HeapMem_Object__delete__S)
                  0000d778    00000020     empty_pem4f.oem4f (.text:ti_sysbios_knl_Clock_Object__destruct__S)
                  0000d798    00000020     sysbios.aem4f : BIOS.obj (.text:ti_sysbios_knl_Idle_run__E)
                  0000d7b8    00000020     empty_pem4f.oem4f (.text:ti_sysbios_knl_Semaphore_Object__destruct__S)
                  0000d7d8    00000020     ti.targets.arm.rtsarm.aem4f : Registry.oem4f (.text:xdc_runtime_Registry_findById__E)
                  0000d7f8    00000020                                 : SysMin.oem4f (.text:xdc_runtime_SysMin_Module_startup__E)
                  0000d818    0000001e     grlib.lib : string.obj (.text:GrFontCodepageGet)
                  0000d836    0000001e     driverlib.lib : pwm.obj (.text:PWMPulseWidthSet)
                  0000d854    0000001e     drivers_tivaware.aem4f : PWMTiva.oem4f (.text:PWMTiva_getPeriodMicroSecs)
                  0000d872    0000001e     grlib.lib : widget.obj (.text:WidgetAdd)
                  0000d890    0000001e     sysbios.aem4f : m3_Hwi_asm_switch.obj (.text:ti_sysbios_family_xxx_Hwi_switchAndRunFunc)
                  0000d8ae    0000001e     Clock.obj (.text:updatetime)
                  0000d8cc    0000001c     driverlib.lib : uart.obj (.text:UARTDisable)
                  0000d8e8    0000001c     grlib.lib : widget.obj (.text:WidgetPointerMessage)
                  0000d904    0000001c     drivers_tivaware.aem4f : GPIOTiva.oem4f (.text:getGpioIntIndex)
                  0000d920    0000001c     rtsv7M4_T_le_v4SPD16_eabi.lib : memccpy.c.obj (.text:memccpy)
                  0000d93c    0000001c     empty_pem4f.oem4f (.text:ti_sysbios_family_arm_m3_Hwi_Object__destruct__S)
                  0000d958    0000001c     sysbios.aem4f : BIOS.obj (.text:ti_sysbios_gates_GateMutexPri_Instance_init__E)
                  0000d974    00000004     --HOLE-- [fill = 0]
                  0000d978    0000001c                   : BIOS.obj (.text:ti_sysbios_gates_GateMutex_Instance_init__E)
                  0000d994    0000001c     empty_pem4f.oem4f (.text:ti_sysbios_hal_Timer_TimerProxy_create)
                  0000d9b0    0000001c     empty_pem4f.oem4f (.text:ti_sysbios_knl_Queue_Object__destruct__S)
                  0000d9cc    00000004     --HOLE-- [fill = 0]
                  0000d9d0    0000001c     sysbios.aem4f : BIOS.obj (.text:ti_sysbios_knl_Queue_put__E)
                  0000d9ec    00000004     --HOLE-- [fill = 0]
                  0000d9f0    0000001c                   : BIOS.obj (.text:ti_sysbios_knl_Task_enter__I)
                  0000da0c    0000001c     ti.targets.arm.rtsarm.aem4f : Error.oem4f (.text:xdc_runtime_Error_raiseX__E)
                  0000da28    0000001c                                 : Memory.oem4f (.text:xdc_runtime_Memory_valloc__E)
                  0000da44    0000001c                                 : SysMin.oem4f (.text:xdc_runtime_SysMin_exit__E)
                  0000da60    0000001c                                 : System.oem4f (.text:xdc_runtime_System_abort__E)
                  0000da7c    0000001a     rtsv7M4_T_le_v4SPD16_eabi.lib : s_copysign.c.obj (.text:copysign)
                  0000da96    0000001a     empty_pem4f.oem4f (.text:ti_sysbios_family_arm_m3_Hwi_Handle__label__S)
                  0000dab0    0000001a     empty_pem4f.oem4f (.text:ti_sysbios_gates_GateHwi_Handle__label__S)
                  0000daca    0000001a     empty_pem4f.oem4f (.text:ti_sysbios_gates_GateMutexPri_Handle__label__S)
                  0000dae4    0000001a     empty_pem4f.oem4f (.text:ti_sysbios_gates_GateMutex_Handle__label__S)
                  0000dafe    0000001a     empty_pem4f.oem4f (.text:ti_sysbios_heaps_HeapMem_Handle__label__S)
                  0000db18    0000001a     empty_pem4f.oem4f (.text:ti_sysbios_knl_Swi_Handle__label__S)
                  0000db32    0000001a     empty_pem4f.oem4f (.text:ti_sysbios_knl_Task_Handle__label__S)
                  0000db4c    0000001a     empty_pem4f.oem4f (.text:xdc_runtime_System_aprintf__E)
                  0000db66    0000001a     empty_pem4f.oem4f (.text:xdc_runtime_System_printf__E)
                  0000db80    00000018     driverlib.lib : gpio.obj (.text:GPIOPinTypeGPIOOutput)
                  0000db98    00000018                   : timer.obj (.text:TimerControlLevel)
                  0000dbb0    00000018     drivers_tivaware.aem4f : UART.oem4f (.text:UART_Params_init)
                  0000dbc8    00000018     rtsv7M4_T_le_v4SPD16_eabi.lib : args_main.c.obj (.text:_args_main)
                  0000dbe0    00000018                                   : sprintf.c.obj (.text:_outs)
                  0000dbf8    00000018     empty_pem4f.oem4f (.text:ti_sysbios_BIOS_rtsUnlock__I)
                  0000dc10    00000018     empty_pem4f.oem4f (.text:ti_sysbios_family_arm_lm4_Timer_Module__startupDone__F)
                  0000dc28    00000018     empty_pem4f.oem4f (.text:ti_sysbios_family_arm_m3_Hwi_Module__startupDone__F)
                  0000dc40    00000018     sysbios.aem4f : m3_TaskSupport_asm.obj (.text:ti_sysbios_family_arm_m3_TaskSupport_swap__E)
                  0000dc58    00000018                   : BIOS.obj (.text:ti_sysbios_gates_GateMutex_leave__E)
                  0000dc70    00000018     empty_pem4f.oem4f (.text:ti_sysbios_knl_Clock_Module__startupDone__F)
                  0000dc88    00000018     sysbios.aem4f : BIOS.obj (.text:ti_sysbios_knl_Task_sleepTimeout__I)
                  0000dca0    00000018     ti.targets.arm.rtsarm.aem4f : Error.oem4f (.text:xdc_runtime_Error_check__E)
                  0000dcb8    00000018                                 : System.oem4f (.text:xdc_runtime_System_exit__E)
                  0000dcd0    00000018                                 : Text.oem4f (.text:xdc_runtime_Text_ropeText__E)
                  0000dce8    00000016     grlib.lib : string.obj (.text:GrStringDraw)
                  0000dcfe    00000016     driverlib.lib : i2c.obj (.text:I2CMasterErr)
                  0000dd14    00000016     empty.obj (.text:MotorInit)
                  0000dd2a    00000016     rtsv7M4_T_le_v4SPD16_eabi.lib : strchr.c.obj (.text:strchr)
                  0000dd40    00000016     empty_pem4f.oem4f (.text:ti_sysbios_BIOS_exitFunc__I)
                  0000dd56    00000016     GlobalDraw.obj (.text:ti_sysbios_gates_GateMutexPri_Params_init)
                  0000dd6c    00000016     Clock.obj (.text:ti_sysbios_hal_Timer_Params_init)
                  0000dd82    00000016     empty.obj (.text:ti_sysbios_knl_Task_Params_init)
                  0000dd98    00000016     sysbios.aem4f : BIOS.obj (.text:ti_sysbios_knl_Task_unblock__E)
                  0000ddae    00000014     grlib.lib : canvas.obj (.text:CanvasMsgProc)
                  0000ddc2    00000002     --HOLE-- [fill = 0]
                  0000ddc4    00000014     Kentec320x240x16_ssd2119_spi.obj (.text:LED_OFF)
                  0000ddd8    00000014     Kentec320x240x16_ssd2119_spi.obj (.text:LED_ON)
                  0000ddec    00000014     driverlib.lib : pwm.obj (.text:PWMClockSet)
                  0000de00    00000014                   : sysctl.obj (.text:SysCtlPWMClockSet)
                  0000de14    00000014                   : timer.obj (.text:TimerDisable)
                  0000de28    00000014     touch.obj (.text:TouchScreenCallbackSet)
                  0000de3c    00000014     driverlib.lib : uart.obj (.text:UARTEnable)
                  0000de50    00000014     grlib.lib : widget.obj (.text:WidgetMutexGet)
                  0000de64    00000014     rtsv7M4_T_le_v4SPD16_eabi.lib : strlen.c.obj (.text:strlen)
                  0000de78    00000014     empty_pem4f.oem4f (.text:ti_sysbios_family_arm_m3_Hwi_Object__get__S)
                  0000de8c    00000004     --HOLE-- [fill = 0]
                  0000de90    00000014     sysbios.aem4f : BIOS.obj (.text:ti_sysbios_family_arm_m3_Hwi_switchFromBootStack__E)
                  0000dea4    00000014     empty_pem4f.oem4f (.text:ti_sysbios_heaps_HeapMem_Object__get__S)
                  0000deb8    00000014     empty_pem4f.oem4f (.text:ti_sysbios_knl_Swi_Object__get__S)
                  0000decc    00000012     driverlib.lib : gpio.obj (.text:GPIOPinTypeI2C)
                  0000dede    00000012                   : gpio.obj (.text:GPIOPinTypeI2CSCL)
                  0000def0    00000012                   : gpio.obj (.text:GPIOPinTypePWM)
                  0000df02    00000012                   : gpio.obj (.text:GPIOPinTypeSSI)
                  0000df14    00000012                   : gpio.obj (.text:GPIOPinTypeTimer)
                  0000df26    00000012                   : gpio.obj (.text:GPIOPinTypeUART)
                  0000df38    00000012                   : pwm.obj (.text:PWMGenPeriodGet)
                  0000df4a    00000012                   : pwm.obj (.text:PWMOutputInvert)
                  0000df5c    00000012                   : pwm.obj (.text:PWMOutputState)
                  0000df6e    00000012     drivers_tivaware.aem4f : RingBuf.oem4f (.text:RingBuf_construct)
                  0000df80    00000012     driverlib.lib : ssi.obj (.text:SSIDataGetNonBlocking)
                  0000df92    00000012                   : timer.obj (.text:TimerLoadSet)
                  0000dfa4    00000012                   : timer.obj (.text:TimerMatchSet)
                  0000dfb6    00000012                   : timer.obj (.text:TimerPrescaleMatchSet)
                  0000dfc8    00000012                   : timer.obj (.text:TimerPrescaleSet)
                  0000dfda    00000006                   : gpio.obj (.text:GPIOPinWrite)
                  0000dfe0    00000012     sysbios.aem4f : BIOS.obj (.text:ti_sysbios_hal_Hwi_Module_startup__E)
                  0000dff2    00000006     grlib.lib : string.obj (.text:GrContextFontSet)
                  0000dff8    00000012     sysbios.aem4f : BIOS.obj (.text:ti_sysbios_hal_Timer_Module_startup__E)
                  0000e00a    00000012     rtsv7M4_T_le_v4SPD16_eabi.lib : wcslen.c.obj (.text:wcslen)
                  0000e01c    00000012     empty_pem4f.oem4f (.text:xdc_runtime_Startup_exec__I)
                  0000e02e    00000002     --HOLE-- [fill = 0]
                  0000e030    00000010     empty_pem4f.oem4f (.text:.bootCodeSection:ti_catalog_arm_cortexm4_tiva_ce_Boot_init__I)
                  0000e040    00000010     driverlib.lib : adc.obj (.text:ADCIntEnable)
                  0000e050    00000010                   : fpu.obj (.text:FPUEnable)
                  0000e060    00000010                   : fpu.obj (.text:FPULazyStackingEnable)
                  0000e070    00000010                   : pwm.obj (.text:PWMGenPeriodSet)
                  0000e080    00000010     drivers_tivaware.aem4f : PWM.oem4f (.text:PWM_Params_init)
                  0000e090    00000010     GlobalDraw.obj (.text:RemoveGraph)
                  0000e0a0    00000010     drivers_tivaware.aem4f : UARTTiva.oem4f (.text:readBlockingTimeout)
                  0000e0b0    00000010     sysbios.aem4f : BIOS.obj (.text:ti_sysbios_BIOS_exit__E)
                  0000e0c0    00000010                   : BIOS.obj (.text:ti_sysbios_BIOS_getCpuFreq__E)
                  0000e0d0    00000010                   : BIOS.obj (.text:ti_sysbios_BIOS_setThreadType__E)
                  0000e0e0    00000010                   : BIOS.obj (.text:ti_sysbios_BIOS_start__E)
                  0000e0f0    00000010                   : BIOS.obj (.text:ti_sysbios_family_arm_lm4_TimestampProvider_rolloverFunc__E)
                  0000e100    00000010                   : m3_TaskSupport_asm.obj (.text:ti_sysbios_family_arm_m3_TaskSupport_glue)
                  0000e110    00000010                   : BIOS.obj (.text:ti_sysbios_gates_GateMutexPri_Instance_finalize__E)
                  0000e120    00000010                   : BIOS.obj (.text:ti_sysbios_gates_GateMutex_Instance_finalize__E)
                  0000e130    00000010     empty_pem4f.oem4f (.text:ti_sysbios_hal_Timer_TimerProxy_Object__create__S)
                  0000e140    00000010     sysbios.aem4f : BIOS.obj (.text:ti_sysbios_knl_Semaphore_Instance_finalize__E)
                  0000e150    00000010                   : BIOS.obj (.text:ti_sysbios_knl_Swi_disable__E)
                  0000e160    00000010     empty_pem4f.oem4f (.text:ti_sysbios_knl_Task_Object__get__S)
                  0000e170    00000010     sysbios.aem4f : BIOS.obj (.text:ti_sysbios_knl_Task_disable__E)
                  0000e180    00000010     driverlib.lib : udma.obj (.text:uDMAEnable)
                  0000e190    00000010     ti.targets.arm.rtsarm.aem4f : Gate.oem4f (.text:xdc_runtime_Gate_leaveSystem__E)
                  0000e1a0    00000010                                 : Memory.oem4f (.text:xdc_runtime_Memory_free__E)
                  0000e1b0    00000010                                 : SysMin.oem4f (.text:xdc_runtime_SysMin_ready__E)
                  0000e1c0    00000010                                 : System.oem4f (.text:xdc_runtime_System_vsnprintf__E)
                  0000e1d0    00000010     empty_pem4f.oem4f (.text:xdc_runtime_Text_visitRope__I)
                  0000e1e0    0000000e     driverlib.lib : adc.obj (.text:ADCSequenceEnable)
                  0000e1ee    0000000e                   : gpio.obj (.text:GPIOIntStatus)
                  0000e1fc    0000000e     grlib.lib : image.obj (.text:GrImageDraw)
                  0000e20a    0000000e     driverlib.lib : timer.obj (.text:TimerEnable)
                  0000e218    0000000e                   : uart.obj (.text:UARTCharGetNonBlocking)
                  0000e226    0000000e                   : uart.obj (.text:UARTCharPutNonBlocking)
                  0000e234    0000000e     rtsv7M4_T_le_v4SPD16_eabi.lib : copy_decompress_none.c.obj (.text:decompress:none:__TI_decompress_none)
                  0000e242    00000006     driverlib.lib : i2c.obj (.text:I2CMasterIntDisable)
                  0000e248    0000000e     sysbios.aem4f : BIOS.obj (.text:ti_sysbios_knl_Idle_loop__E)
                  0000e256    00000002     --HOLE-- [fill = 0]
                  0000e258    0000000e                   : BIOS.obj (.text:ti_sysbios_knl_Queue_empty__E)
                  0000e266    0000000c     driverlib.lib : pwm.obj (.text:PWMGenDisable)
                  0000e272    0000000c                   : pwm.obj (.text:PWMGenEnable)
                  0000e27e    0000000c     drivers_tivaware.aem4f : RingBuf.oem4f (.text:RingBuf_peek)
                  0000e28a    0000000c     empty.obj (.text:TouchCheckTask)
                  0000e296    0000000c     driverlib.lib : uart.obj (.text:UARTFlowControlSet)
                  0000e2a2    0000000c     drivers_tivaware.aem4f : UARTTiva.oem4f (.text:UARTTiva_init)
                  0000e2ae    00000002     --HOLE-- [fill = 0]
                  0000e2b0    0000000c     rtsv7M4_T_le_v4SPD16_eabi.lib : _lock.c.obj (.text:_register_lock)
                  0000e2bc    0000000c                                   : _lock.c.obj (.text:_register_unlock)
                  0000e2c8    0000000c     GlobalDraw.obj (.text:btntest)
                  0000e2d4    0000000c     rtsv7M4_T_le_v4SPD16_eabi.lib : copy_zero_init.c.obj (.text:decompress:ZI:__TI_zero_init)
                  0000e2e0    0000000c     sysbios.aem4f : BIOS.obj (.text:ti_sysbios_family_arm_lm4_Timer_getAvailMask__E)
                  0000e2ec    00000004     --HOLE-- [fill = 0]
                  0000e2f0    0000000c                   : BIOS.obj (.text:ti_sysbios_family_arm_lm4_Timer_getMaxTicks__E)
                  0000e2fc    00000004     --HOLE-- [fill = 0]
                  0000e300    0000000c                   : BIOS.obj (.text:ti_sysbios_family_arm_lm4_TimestampProvider_startTimer__E)
                  0000e30c    0000000c     empty_pem4f.oem4f (.text:ti_sysbios_family_arm_m3_Hwi_Params__init__S)
                  0000e318    0000000c     sysbios.aem4f : BIOS.obj (.text:ti_sysbios_family_arm_m3_Hwi_disableFxn__E)
                  0000e324    00000004     --HOLE-- [fill = 0]
                  0000e328    0000000c                   : BIOS.obj (.text:ti_sysbios_family_arm_m3_TaskSupport_checkStack__E)
                  0000e334    00000004     --HOLE-- [fill = 0]
                  0000e338    0000000c                   : BIOS.obj (.text:ti_sysbios_family_arm_m3_TaskSupport_getStackAlignment__E)
                  0000e344    00000004     --HOLE-- [fill = 0]
                  0000e348    0000000c                   : BIOS.obj (.text:ti_sysbios_gates_GateHwi_enter__E)
                  0000e354    0000000c     empty_pem4f.oem4f (.text:ti_sysbios_gates_GateMutexPri_Params__init__S)
                  0000e360    0000000c     sysbios.aem4f : BIOS.obj (.text:ti_sysbios_hal_SecondsClock_set__E)
                  0000e36c    0000000c     empty_pem4f.oem4f (.text:ti_sysbios_hal_Timer_Params__init__S)
                  0000e378    0000000c     empty_pem4f.oem4f (.text:ti_sysbios_knl_Clock_Params__init__S)
                  0000e384    0000000c     empty_pem4f.oem4f (.text:ti_sysbios_knl_Queue_Object__get__S)
                  0000e390    0000000c     empty_pem4f.oem4f (.text:ti_sysbios_knl_Semaphore_Params__init__S)
                  0000e39c    0000000c     empty_pem4f.oem4f (.text:ti_sysbios_knl_Task_Params__init__S)
                  0000e3a8    0000000c     driverlib.lib : udma.obj (.text:uDMAControlBaseSet)
                  0000e3b4    0000000c     ti.targets.arm.rtsarm.aem4f : Error.oem4f (.text:xdc_runtime_Error_init__E)
                  0000e3c0    0000000c                                 : Gate.oem4f (.text:xdc_runtime_Gate_enterSystem__E)
                  0000e3cc    0000000c                                 : Memory.oem4f (.text:xdc_runtime_Memory_calloc__E)
                  0000e3d8    0000000c                                 : Memory.oem4f (.text:xdc_runtime_Memory_getMaxDefaultTypeAlign__E)
                  0000e3e4    0000000a     driverlib.lib : i2c.obj (.text:I2CMasterDisable)
                  0000e3ee    0000000a                   : i2c.obj (.text:I2CMasterEnable)
                  0000e3f8    0000000a     drivers_tivaware.aem4f : I2CTiva.oem4f (.text:I2CTiva_init)
                  0000e402    0000000a     Kentec320x240x16_ssd2119_spi.obj (.text:Kentec320x240x16_SSD2119Flush)
                  0000e40c    0000000a     drivers_tivaware.aem4f : PWMTimerTiva.oem4f (.text:PWMTimerTiva_getPeriodCounts)
                  0000e416    0000000a                            : PWM.oem4f (.text:PWM_setDuty)
                  0000e420    0000000a     driverlib.lib : ssi.obj (.text:SSIDataPut)
                  0000e42a    0000000a                   : ssi.obj (.text:SSIEnable)
                  0000e434    0000000a                   : uart.obj (.text:UARTCharGet)
                  0000e43e    0000000a                   : uart.obj (.text:UARTCharPut)
                  0000e448    0000000a                   : uart.obj (.text:UARTIntDisable)
                  0000e452    0000000a                   : uart.obj (.text:UARTIntStatus)
                  0000e45c    0000000a     rtsv7M4_T_le_v4SPD16_eabi.lib : sprintf.c.obj (.text:_outc)
                  0000e466    00000002     --HOLE-- [fill = 0]
                  0000e468    0000000a     sysbios.aem4f : BIOS.obj (.text:ti_sysbios_hal_Timer_Instance_finalize__E)
                  0000e472    0000000a     empty_pem4f.oem4f (.text:xdc_runtime_IHeap_alloc)
                  0000e47c    0000000a     empty_pem4f.oem4f (.text:xdc_runtime_IHeap_free)
                  0000e486    00000008     EK_TM4C1294XL.obj (.text:EK_TM4C1294XL_initGPIO)
                  0000e48e    00000008     grlib.lib : charmap.obj (.text:GrMapISO8859_1_Unicode)
                  0000e496    00000008     driverlib.lib : i2c.obj (.text:I2CMasterIntClear)
                  0000e49e    00000008                   : i2c.obj (.text:I2CMasterSlaveAddrSet)
                  0000e4a6    00000008     drivers_tivaware.aem4f : I2CTiva.oem4f (.text:I2CTiva_blockingCallback)
                  0000e4ae    00000008                            : PWMTimerTiva.oem4f (.text:PWMTimerTiva_init)
                  0000e4b6    00000008     driverlib.lib : ssi.obj (.text:SSIBusy)
                  0000e4be    00000008                   : uart.obj (.text:UARTIntEnable)
                  0000e4c6    00000008                   : uart.obj (.text:UARTRxErrorGet)
                  0000e4ce    00000002     --HOLE-- [fill = 0]
                  0000e4d0    00000008     rtsv7M4_T_le_v4SPD16_eabi.lib : errno.c.obj (.text:__aeabi_errno_addr)
                  0000e4d8    00000008     drivers_tivaware.aem4f : UARTTiva.oem4f (.text:readSemCallback)
                  0000e4e0    00000008     sysbios.aem4f : BIOS.obj (.text:ti_sysbios_family_arm_lm4_Timer_masterDisable__I)
                  0000e4e8    00000008                   : BIOS.obj (.text:ti_sysbios_family_arm_m3_Hwi_doSwiRestore__I)
                  0000e4f0    00000008                   : BIOS.obj (.text:ti_sysbios_family_arm_m3_Hwi_startup__E)
                  0000e4f8    00000008     drivers_tivaware.aem4f : UARTTiva.oem4f (.text:writeSemCallback)
                  0000e500    00000006     driverlib.lib : i2c.obj (.text:I2CMasterIntEnable)
                  0000e506    00000006     drivers_tivaware.aem4f : I2CTiva.oem4f (.text:I2CTiva_control)
                  0000e50c    00000006                            : PWMTimerTiva.oem4f (.text:PWMTimerTiva_getPeriodMicroSecs)
                  0000e512    00000006     driverlib.lib : sysctl.obj (.text:SysCtlDelay)
                  0000e518    00000006                   : uart.obj (.text:UARTFIFOLevelSet)
                  0000e51e    00000006                   : uart.obj (.text:UARTRxErrorClear)
                  0000e524    00000006     grlib.lib : widget.obj (.text:WidgetMutexPut)
                  0000e52a    00000006     ti.targets.arm.rtsarm.aem4f : System.oem4f (.text:xdc_runtime_System_Module_startup__E)
                  0000e530    00000006     sysbios.aem4f : BIOS.obj (.text:ti_sysbios_family_arm_lm4_TimestampProvider_Module_startup__E)
                  0000e536    00000002     --HOLE-- [fill = 0]
                  0000e538    00000006                   : BIOS.obj (.text:ti_sysbios_family_arm_m3_Hwi_doTaskRestore__I)
                  0000e53e    00000002     --HOLE-- [fill = 0]
                  0000e540    00000006                   : BIOS.obj (.text:ti_sysbios_family_arm_m3_Hwi_restoreFxn__E)
                  0000e546    00000002     --HOLE-- [fill = 0]
                  0000e548    00000006                   : BIOS.obj (.text:ti_sysbios_gates_GateHwi_leave__E)
                  0000e54e    00000002     --HOLE-- [fill = 0]
                  0000e550    00000006                   : BIOS.obj (.text:ti_sysbios_heaps_HeapMem_isBlocking__E)
                  0000e556    00000002     --HOLE-- [fill = 0]
                  0000e558    00000006                   : BIOS.obj (.text:ti_sysbios_knl_Clock_stop__E)
                  0000e55e    00000002     --HOLE-- [fill = 0]
                  0000e560    00000006                   : BIOS.obj (.text:ti_sysbios_knl_Queue_Instance_init__E)
                  0000e566    00000002     --HOLE-- [fill = 0]
                  0000e568    00000006                   : BIOS.obj (.text:ti_sysbios_knl_Swi_startup__E)
                  0000e56e    00000002     --HOLE-- [fill = 0]
                  0000e570    00000004                   : BIOS.obj (.text:ti_sysbios_family_arm_lm4_Timer_getPeriod__E)
                  0000e574    00000004     --HOLE-- [fill = 0]
                  0000e578    00000004                   : BIOS.obj (.text:ti_sysbios_gates_GateHwi_query__E)
                  0000e57c    00000004     --HOLE-- [fill = 0]
                  0000e580    00000004                   : BIOS.obj (.text:ti_sysbios_gates_GateMutexPri_query__E)
                  0000e584    00000004     --HOLE-- [fill = 0]
                  0000e588    00000004                   : BIOS.obj (.text:ti_sysbios_gates_GateMutex_query__E)
                  0000e58c    00000004     --HOLE-- [fill = 0]
                  0000e590    00000004                   : BIOS.obj (.text:ti_sysbios_knl_Task_startup__E)
                  0000e594    00000004     --HOLE-- [fill = 0]
                  0000e598    00000002                   : BIOS.obj (.text:ti_sysbios_gates_GateHwi_Instance_init__E)
                  0000e59a    00000006     --HOLE-- [fill = 0]
                  0000e5a0    00000002                   : BIOS.obj (.text:ti_sysbios_knl_Clock_logTick__E)

.const     0    0000e5a8    00007352     
                  0000e5a8    000018bb     empty_pem4f.oem4f (.const:xdc_runtime_Text_charTab__A)
                  0000fe63    0000095e     grlib.lib : fontcm20.obj (.const:.string:g_pui8Cm20Data)
                  000107c1    000008c1               : fontcmss20.obj (.const:.string:g_pui8Cmss20Data)
                  00011082    00000782               : fontcmss18b.obj (.const:.string:g_pui8Cmss18bData)
                  00011804    00000759               : fontcm16.obj (.const:.string:g_pui8Cm16Data)
                  00011f5d    000005c7               : fontcmss12b.obj (.const:.string:g_pui8Cmss12bData)
                  00012524    00000514               : fontcmss12.obj (.const:.string:g_pui8Cmss12Data)
                  00012a38    0000024d     GUIImg.obj (.const:.string:g_pui8Logo)
                  00012c85    0000020d     GUIImg.obj (.const:.string:g_pui8btn140x40)
                  00012e92    0000020d     GUIImg.obj (.const:.string:g_pui8btn150x40Press)
                  0001309f    00000001     empty_pem4f.oem4f (.const:xdc_runtime_Error_policy__C)
                  000130a0    00000190     GlobalDraw.obj (.const:$P$T0$1)
                  00013230    0000017b     Images.obj (.const:.string:g_pui8CompS)
                  000133ab    0000017b     Images.obj (.const:.string:g_pui8CompW)
                  00013526    0000017b     Images.obj (.const:.string:g_pui8accSlow)
                  000136a1    0000017b     Images.obj (.const:.string:g_pui8accfast)
                  0001381c    0000017b     Images.obj (.const:.string:g_pui8accmid)
                  00013997    00000178     Images.obj (.const:.string:g_pui8CompE)
                  00013b0f    00000178     Images.obj (.const:.string:g_pui8CompN)
                  00013c87    00000163     Images.obj (.const:.string:g_pui8Stop)
                  00013dea    00000160     Images.obj (.const:.string:g_pui8Go)
                  00013f4a    0000015d     Images.obj (.const:.string:g_pui8idle)
                  000140a7    00000124     Images.obj (.const:.string:g_pui8Night)
                  000141cb    00000001     --HOLE-- [fill = 0]
                  000141cc    00000120     Boot.aem4f : Boot_sysctl.oem4f (.const:g_pppui32XTALtoVCO)
                  000142ec    00000107     GUIImg.obj (.const:.string:g_pui8arrowRight)
                  000143f3    00000101     rtsv7M4_T_le_v4SPD16_eabi.lib : ctype.c.obj (.const:.string:_ctypes_)
                  000144f4    000000f8     Images.obj (.const:.string:g_pui8Day)
                  000145ec    000000d4     empty_pem4f.oem4f (.const:xdc_runtime_Text_nodeTab__A)
                  000146c0    000000c8     grlib.lib : fontcm16.obj (.const:g_sFontCm16)
                  00014788    000000c8               : fontcm20.obj (.const:g_sFontCm20)
                  00014850    000000c8               : fontcmss12.obj (.const:g_sFontCmss12)
                  00014918    000000c8               : fontcmss12b.obj (.const:g_sFontCmss12b)
                  000149e0    000000c8               : fontcmss18b.obj (.const:g_sFontCmss18b)
                  00014aa8    000000c8               : fontcmss20.obj (.const:g_sFontCmss20)
                  00014b70    000000a5     GUIImg.obj (.const:.string:g_pui8arrowLeft)
                  00014c15    00000001     --HOLE-- [fill = 0]
                  00014c16    00000002     empty_pem4f.oem4f (.const:ti_catalog_arm_cortexm4_tiva_ce_Boot_Module__id__C)
                  00014c18    000000a0     empty.obj (.const:$P$T0$1)
                  00014cb8    00000090     driverlib.lib : gpio.obj (.const:g_pui32GPIOBaseAddrs)
                  00014d48    00000082     GlobalDraw.obj (.const:.string)
                  00014dca    00000076     GUIImg.obj (.const:.string:g_pui8backBtn)
                  00014e40    00000070     driverlib.lib : interrupt.obj (.const)
                  00014eb0    0000006c     Boot.aem4f : Boot_sysctl.oem4f (.const:g_pui32Xtals)
                  00014f1c    00000060     MotorLib.lib : motorlib.obj (.const:PWM_config)
                  00014f7c    00000054     drivers_tivaware.aem4f : GPIOTiva.oem4f (.const:.string)
                  00014fd0    00000054     MotorLib.lib : motorlib.obj (.const:motorLibPWMTivaHWAttrs)
                  00015024    0000004c     drivers_tivaware.aem4f : UARTTiva.oem4f (.const)
                  00015070    00000048     empty_pem4f.oem4f (.const:.string)
                  000150b8    00000048     drivers_tivaware.aem4f : GPIOTiva.oem4f (.const:gpioBaseAddresses)
                  00015100    0000003c     empty_pem4f.oem4f (.const:ti_sysbios_family_arm_lm4_Timer_Object__PARAMS__C)
                  0001513c    0000003c     empty_pem4f.oem4f (.const:ti_sysbios_knl_Task_Object__PARAMS__C)
                  00015178    00000030     Boot.aem4f : Boot_sysctl.oem4f (.const:g_sXTALtoMEMTIM)
                  000151a8    00000030     empty_pem4f.oem4f (.const:ti_sysbios_family_arm_m3_Hwi_Object__PARAMS__C)
                  000151d8    00000030     empty_pem4f.oem4f (.const:ti_sysbios_hal_Timer_Object__PARAMS__C)
                  00015208    0000002c     empty_pem4f.oem4f (.const:xdc_runtime_Startup_sfxnTab__A)
                  00015234    00000028     drivers_tivaware.aem4f : UARTTiva.oem4f (.const:UARTTiva_fxnTable)
                  0001525c    00000028     Kentec320x240x16_ssd2119_spi.obj (.const:g_sKentec320x240x16_SSD2119)
                  00015284    00000028     empty_pem4f.oem4f (.const:ti_sysbios_heaps_HeapMem_Module__FXNS__C)
                  000152ac    00000024     EK_TM4C1294XL.obj (.const:I2C_config)
                  000152d0    00000024     drivers_tivaware.aem4f : UART.oem4f (.const:UART_defaultParams)
                  000152f4    00000024     empty_pem4f.oem4f (.const:ti_sysbios_gates_GateHwi_Module__FXNS__C)
                  00015318    00000024     empty_pem4f.oem4f (.const:ti_sysbios_gates_GateMutexPri_Module__FXNS__C)
                  0001533c    00000024     empty_pem4f.oem4f (.const:ti_sysbios_gates_GateMutex_Module__FXNS__C)
                  00015360    00000024     empty_pem4f.oem4f (.const:ti_sysbios_heaps_HeapMem_Object__PARAMS__C)
                  00015384    00000024     empty_pem4f.oem4f (.const:ti_sysbios_knl_Clock_Object__PARAMS__C)
                  000153a8    00000024     empty_pem4f.oem4f (.const:ti_sysbios_knl_Semaphore_Object__PARAMS__C)
                  000153cc    00000020     drivers_tivaware.aem4f : PWMTimerTiva.oem4f (.const)
                  000153ec    00000020                            : PWMTiva.oem4f (.const)
                  0001540c    00000020     empty_pem4f.oem4f (.const:ti_sysbios_family_arm_lm4_Timer_Object__DESC__C)
                  0001542c    00000020     empty_pem4f.oem4f (.const:ti_sysbios_family_arm_m3_Hwi_Object__DESC__C)
                  0001544c    00000020     empty_pem4f.oem4f (.const:ti_sysbios_gates_GateHwi_Object__DESC__C)
                  0001546c    00000020     empty_pem4f.oem4f (.const:ti_sysbios_gates_GateMutexPri_Object__DESC__C)
                  0001548c    00000020     empty_pem4f.oem4f (.const:ti_sysbios_gates_GateMutex_Object__DESC__C)
                  000154ac    00000020     empty_pem4f.oem4f (.const:ti_sysbios_hal_Timer_Object__DESC__C)
                  000154cc    00000020     empty_pem4f.oem4f (.const:ti_sysbios_heaps_HeapMem_Object__DESC__C)
                  000154ec    00000020     empty_pem4f.oem4f (.const:ti_sysbios_knl_Clock_Object__DESC__C)
                  0001550c    00000020     empty_pem4f.oem4f (.const:ti_sysbios_knl_Queue_Object__DESC__C)
                  0001552c    00000020     empty_pem4f.oem4f (.const:ti_sysbios_knl_Semaphore_Object__DESC__C)
                  0001554c    00000020     empty_pem4f.oem4f (.const:ti_sysbios_knl_Task_Object__DESC__C)
                  0001556c    0000001c     drivers_tivaware.aem4f : I2CTiva.oem4f (.const)
                  00015588    0000001c     touch.obj (.const:g_pi32TouchParameters)
                  000155a4    00000018     EK_TM4C1294XL.obj (.const:UART_config)
                  000155bc    00000018     EK_TM4C1294XL.obj (.const:i2cTivaHWAttrs)
                  000155d4    00000018     empty_pem4f.oem4f (.const:ti_sysbios_gates_GateHwi_Object__PARAMS__C)
                  000155ec    00000018     empty_pem4f.oem4f (.const:ti_sysbios_gates_GateMutexPri_Object__PARAMS__C)
                  00015604    00000018     empty_pem4f.oem4f (.const:ti_sysbios_gates_GateMutex_Object__PARAMS__C)
                  0001561c    00000018     empty_pem4f.oem4f (.const:ti_sysbios_knl_Queue_Object__PARAMS__C)
                  00015634    00000018     EK_TM4C1294XL.obj (.const:uartTivaHWAttrs)
                  0001564c    00000016     empty_pem4f.oem4f (.const:xdc_runtime_Startup_sfxnRts__A)
                  00015662    00000002     empty_pem4f.oem4f (.const:ti_sysbios_family_arm_lm4_Timer_Module__id__C)
                  00015664    00000014     EK_TM4C1294XL.obj (.const:GPIOTiva_config)
                  00015678    00000014     empty_pem4f.oem4f (.const:xdc_runtime_Startup_firstFxns__A)
                  0001568c    00000010     grlib.lib : context.obj (.const)
                  0001569c    00000010     MotorLib.lib : motorlib.obj (.const:motorLibPWMTimerTivaHWAttrs)
                  000156ac    0000000c     drivers_tivaware.aem4f : PWM.oem4f (.const)
                  000156b8    00000008     Boot.aem4f : Boot_sysctl.oem4f (.const)
                  000156c0    00000008     empty_pem4f.oem4f (.const:ti_sysbios_family_arm_m3_Hwi_excHookFuncs__A)
                  000156c8    00000008     empty_pem4f.oem4f (.const:ti_sysbios_knl_Idle_funcList__C)
                  000156d0    00000008     empty_pem4f.oem4f (.const:xdc_runtime_Startup_firstFxns__C)
                  000156d8    00000008     empty_pem4f.oem4f (.const:xdc_runtime_Startup_lastFxns__C)
                  000156e0    00000004     empty_pem4f.oem4f (.const:ti_catalog_arm_cortexm4_tiva_ce_Boot_A_mustNotUseEnhancedClockMode__C)
                  000156e4    00000004     empty_pem4f.oem4f (.const:ti_catalog_arm_cortexm4_tiva_ce_Boot_Module__diagsEnabled__C)
                  000156e8    00000004     empty_pem4f.oem4f (.const:ti_catalog_arm_cortexm4_tiva_ce_Boot_Module__diagsIncluded__C)
                  000156ec    00000004     empty_pem4f.oem4f (.const:ti_catalog_arm_cortexm4_tiva_ce_Boot_Module__diagsMask__C)
                  000156f0    00000004     empty_pem4f.oem4f (.const:ti_sysbios_family_arm_lm4_Timer_E_cannotSupport__C)
                  000156f4    00000004     empty_pem4f.oem4f (.const:ti_sysbios_family_arm_lm4_Timer_E_invalidTimer__C)
                  000156f8    00000004     empty_pem4f.oem4f (.const:ti_sysbios_family_arm_lm4_Timer_E_noaltclk__C)
                  000156fc    00000004     empty_pem4f.oem4f (.const:ti_sysbios_family_arm_lm4_Timer_E_notAvailable__C)
                  00015700    00000004     empty_pem4f.oem4f (.const:ti_sysbios_family_arm_lm4_Timer_anyMask__C)
                  00015704    00000004     empty_pem4f.oem4f (.const:ti_sysbios_family_arm_lm4_Timer_disableFunc__C)
                  00015708    00000004     empty_pem4f.oem4f (.const:ti_sysbios_family_arm_lm4_Timer_enableFunc__C)
                  0001570c    00000004     empty_pem4f.oem4f (.const:ti_sysbios_family_arm_lm4_Timer_numTimerDevices__C)
                  00015710    00000004     empty_pem4f.oem4f (.const:ti_sysbios_family_arm_lm4_Timer_startupNeeded__C)
                  00015714    00000004     empty_pem4f.oem4f (.const:ti_sysbios_family_arm_m3_Hwi_E_NMI__C)
                  00015718    00000004     empty_pem4f.oem4f (.const:ti_sysbios_family_arm_m3_Hwi_E_alreadyDefined__C)
                  0001571c    00000004     empty_pem4f.oem4f (.const:ti_sysbios_family_arm_m3_Hwi_E_busFault__C)
                  00015720    00000004     empty_pem4f.oem4f (.const:ti_sysbios_family_arm_m3_Hwi_E_debugMon__C)
                  00015724    00000004     empty_pem4f.oem4f (.const:ti_sysbios_family_arm_m3_Hwi_E_hardFault__C)
                  00015728    00000004     empty_pem4f.oem4f (.const:ti_sysbios_family_arm_m3_Hwi_E_memFault__C)
                  0001572c    00000004     empty_pem4f.oem4f (.const:ti_sysbios_family_arm_m3_Hwi_E_noIsr__C)
                  00015730    00000004     empty_pem4f.oem4f (.const:ti_sysbios_family_arm_m3_Hwi_E_reserved__C)
                  00015734    00000004     empty_pem4f.oem4f (.const:ti_sysbios_family_arm_m3_Hwi_E_svCall__C)
                  00015738    00000004     empty_pem4f.oem4f (.const:ti_sysbios_family_arm_m3_Hwi_E_usageFault__C)
                  0001573c    00000004     empty_pem4f.oem4f (.const:ti_sysbios_family_arm_m3_Hwi_NUM_INTERRUPTS__C)
                  00015740    00000004     empty_pem4f.oem4f (.const:ti_sysbios_family_arm_m3_Hwi_Object__count__C)
                  00015744    00000004     empty_pem4f.oem4f (.const:ti_sysbios_family_arm_m3_Hwi_ccr__C)
                  00015748    00000004     empty_pem4f.oem4f (.const:ti_sysbios_family_arm_m3_Hwi_excHandlerFunc__C)
[...]
00015758  ti_sysbios_family_arm_m3_TaskSupport_stackAlignment__C               
0001575c  ti_sysbios_gates_GateMutexPri_A_badContext__C                        
00015760  ti_sysbios_gates_GateMutexPri_A_enterTaskDisabled__C                 
00015764  ti_sysbios_gates_GateMutexPri_Instance_State_pendQ__O                
00015768  ti_sysbios_gates_GateMutexPri_Module__diagsEnabled__C                
0001576c  ti_sysbios_gates_GateMutexPri_Module__diagsIncluded__C               
00015770  ti_sysbios_gates_GateMutexPri_Module__diagsMask__C                   
00015774  ti_sysbios_gates_GateMutex_A_badContext__C                           
00015778  ti_sysbios_gates_GateMutex_Instance_State_sem__O                     
0001577c  ti_sysbios_gates_GateMutex_Module__diagsEnabled__C                   
00015780  ti_sysbios_gates_GateMutex_Module__diagsIncluded__C                  
00015784  ti_sysbios_gates_GateMutex_Module__diagsMask__C                      
00015788  ti_sysbios_hal_Hwi_E_stackOverflow__C                                
0001578c  ti_sysbios_hal_SecondsClock_Module_State_clock__O                    
00015790  ti_sysbios_heaps_HeapMem_A_align__C                                  
00015794  ti_sysbios_heaps_HeapMem_A_heapSize__C                               
00015798  ti_sysbios_heaps_HeapMem_A_invalidFree__C                            
0001579c  ti_sysbios_heaps_HeapMem_A_zeroBlock__C                              
000157a0  ti_sysbios_heaps_HeapMem_E_memory__C                                 
000157a4  ti_sysbios_heaps_HeapMem_Module__diagsEnabled__C                     
000157a8  ti_sysbios_heaps_HeapMem_Module__diagsIncluded__C                    
000157ac  ti_sysbios_heaps_HeapMem_Module__diagsMask__C                        
000157b0  ti_sysbios_heaps_HeapMem_Module__gateObj__C                          
000157b4  ti_sysbios_heaps_HeapMem_Object__count__C                            
000157b8  ti_sysbios_heaps_HeapMem_reqAlign__C                                 
000157bc  ti_sysbios_knl_Clock_A_badThreadType__C                              
000157c0  ti_sysbios_knl_Clock_Module_State_clockQ__O                          
000157c4  ti_sysbios_knl_Clock_Module__diagsEnabled__C                         
000157c8  ti_sysbios_knl_Clock_Module__diagsIncluded__C                        
000157cc  ti_sysbios_knl_Clock_Module__diagsMask__C                            
000157d0  ti_sysbios_knl_Clock_tickPeriod__C                                   
000157d4  ti_sysbios_knl_Idle_funcList__A                                      
000157d8  ti_sysbios_knl_Semaphore_A_badContext__C                             
000157dc  ti_sysbios_knl_Semaphore_A_noEvents__C                               
000157e0  ti_sysbios_knl_Semaphore_A_overflow__C                               
000157e4  ti_sysbios_knl_Semaphore_A_pendTaskDisabled__C                       
000157e8  ti_sysbios_knl_Semaphore_Instance_State_pendQ__O                     
000157ec  ti_sysbios_knl_Semaphore_Module__diagsEnabled__C                     
000157f0  ti_sysbios_knl_Semaphore_Module__diagsIncluded__C                    
000157f4  ti_sysbios_knl_Semaphore_Module__diagsMask__C                        
000157f8  ti_sysbios_knl_Swi_Object__count__C                                  
000157fc  ti_sysbios_knl_Task_A_badPriority__C                                 
00015800  ti_sysbios_knl_Task_A_badTaskState__C                                
00015804  ti_sysbios_knl_Task_A_badThreadType__C                               
00015808  ti_sysbios_knl_Task_A_badTimeout__C                                  
0001580c  ti_sysbios_knl_Task_A_noPendElem__C                                  
00015810  ti_sysbios_knl_Task_A_sleepTaskDisabled__C                           
00015814  ti_sysbios_knl_Task_E_spOutOfBounds__C                               
00015818  ti_sysbios_knl_Task_E_stackOverflow__C                               
0001581c  ti_sysbios_knl_Task_Module_State_inactiveQ__O                        
00015820  ti_sysbios_knl_Task_Module__diagsEnabled__C                          
00015824  ti_sysbios_knl_Task_Module__diagsIncluded__C                         
00015828  ti_sysbios_knl_Task_Module__diagsMask__C                             
0001582c  ti_sysbios_knl_Task_Object__count__C                                 
00015830  ti_sysbios_knl_Task_allBlockedFunc__C                                
00015834  ti_sysbios_knl_Task_defaultStackHeap__C                              
00015838  ti_sysbios_knl_Task_defaultStackSize__C                              
0001583c  ti_sysbios_knl_Task_numConstructedTasks__C                           
00015840  xdc_runtime_Assert_E_assertFailed__C                                 
00015844  xdc_runtime_Core_A_initializedParams__C                              
00015848  xdc_runtime_Core_Module__diagsEnabled__C                             
0001584c  xdc_runtime_Core_Module__diagsIncluded__C                            
00015850  xdc_runtime_Core_Module__diagsMask__C                                
00015854  xdc_runtime_Error_E_generic__C                                       
00015858  xdc_runtime_Error_E_memory__C                                        
0001585c  xdc_runtime_Error_Module__diagsEnabled__C                            
00015860  xdc_runtime_Error_Module__diagsIncluded__C                           
00015864  xdc_runtime_Error_Module__diagsMask__C                               
00015868  xdc_runtime_Error_Module__loggerFxn8__C                              
0001586c  xdc_runtime_Error_Module__loggerObj__C                               
00015870  xdc_runtime_Error_policyFxn__C                                       
00015874  xdc_runtime_Error_raiseHook__C                                       
00015878  xdc_runtime_IGateProvider_Interface__BASE__C                         
0001587c  xdc_runtime_IHeap_Interface__BASE__C                                 
00015880  xdc_runtime_IModule_Interface__BASE__C                               
00015884  xdc_runtime_Log_L_error__C                                           
00015888  xdc_runtime_Memory_defaultHeapInstance__C                            
0001588c  xdc_runtime_Startup_execImpl__C                                      
00015890  xdc_runtime_Startup_lastFxns__A                                      
00015894  xdc_runtime_Startup_maxPasses__C                                     
00015898  xdc_runtime_Startup_sfxnRts__C                                       
0001589c  xdc_runtime_Startup_sfxnTab__C                                       
000158a0  xdc_runtime_SysMin_bufSize__C                                        
000158a4  xdc_runtime_SysMin_outputFunc__C                                     
000158a8  xdc_runtime_System_Module__gateObj__C                                
000158ac  xdc_runtime_System_abortFxn__C                                       
000158b0  xdc_runtime_System_exitFxn__C                                        
000158b4  xdc_runtime_System_extendFxn__C                                      
000158b8  xdc_runtime_System_maxAtexitHandlers__C                              
000158bc  xdc_runtime_Text_charTab__C                                          
000158c0  xdc_runtime_Text_nameEmpty__C                                        
000158c4  xdc_runtime_Text_nameStatic__C                                       
000158c8  xdc_runtime_Text_nameUnknown__C                                      
000158cc  xdc_runtime_Text_nodeTab__C                                          
000158d0  xdc_runtime_Text_visitRopeFxn__C                                     
000158d4  ti_sysbios_family_arm_lm4_Timer_supportsAltclk__C                    
000158d6  ti_sysbios_family_arm_m3_Hwi_Module__id__C                           
000158d8  ti_sysbios_gates_GateMutexPri_Module__id__C                          
000158da  ti_sysbios_gates_GateMutex_Module__id__C                             
000158dc  ti_sysbios_hal_Hwi_Module__id__C                                     
000158de  ti_sysbios_heaps_HeapMem_Module__id__C                               
000158e0  ti_sysbios_knl_Clock_Module__id__C                                   
000158e2  ti_sysbios_knl_Semaphore_Module__id__C                               
000158e4  ti_sysbios_knl_Task_Module__id__C                                    
000158e6  xdc_runtime_Core_Module__id__C                                       
000158e8  xdc_runtime_Error_Module__loggerDefined__C                           
000158ea  xdc_runtime_Error_maxDepth__C                                        
000158ec  xdc_runtime_Main_Module__id__C                                       
000158ee  xdc_runtime_Memory_Module__id__C                                     
000158f0  xdc_runtime_SysMin_flushAtExit__C                                    
000158f2  xdc_runtime_Text_charCnt__C                                          
000158f4  xdc_runtime_Text_isLoaded__C                                         
000158f6  xdc_runtime_Text_registryModsLastId__C                               
000158f8  xdc_runtime_Text_unnamedModsLastId__C                                
00015900  __TI_static_base__                                                   
00015e3c  __TI_Handler_Table_Base                                              
00015e48  __TI_Handler_Table_Limit                                             
00015e58  __TI_CINIT_Base                                                      
00015e70  __TI_CINIT_Limit                                                     
20000000  __start___llvm_prf_cnts                                              
20000000  __stop___llvm_prf_cnts                                               
20000000  ti_sysbios_family_arm_m3_Hwi_ramVectors                              
20000400  task0Stack                                                           
20000c00  taskTouchStack                                                       
20001400  psDMAControlTable                                                    
20001800  ti_sysbios_heaps_HeapMem_Instance_State_0_buf__A                     
20001c00  ti_sysbios_family_arm_m3_Hwi_dispatchTable                           
20001f60  ti_sysbios_knl_Task_Instance_State_0_stack__A                        
200022a0  __CIOBUF_                                                            
200023c0  i2cTivaObjects                                                       
200024c0  uartTivaObjects                                                      
2000261c  xdc_runtime_SysMin_Module_State_0_outbuf__A                          
2000269c  task0Struct                                                          
200026ec  taskTouchStruct                                                      
2000273c  motorLibPWMObjects                                                   
20002774  sContext                                                             
200027e0  uartTivaRingBuffer                                                   
20002800  datetime                                                             
20002818  motorLibPWMTimerObjects                                              
20002848  AccBox                                                               
20002850  Banner                                                               
20002858  BannerB                                                              
20002860  CurrBox                                                              
20002868  Distbox                                                              
20002870  clearBox                                                             
20002878  parmbuf                                                              
20002880  ScreenGate                                                           
20002884  g_pi32ParmSet                                                        
2000288c  g_ui32Panel                                                          
20002894  timerclock                                                           
20002898  uart                                                                 
2000289c  g_i16TouchX                                                          
2000289e  g_i16TouchY                                                          
200028a0  dd                                                                   
20002a30  ti_sysbios_family_arm_lm4_Timer_Object__table__V                     
20002ab0  ti_sysbios_knl_Swi_Module_State_0_readyQ__A                          
20002b30  ti_sysbios_knl_Task_Module_State_0_readyQ__A                         
20002bb0  MotorSpeedSlider                                                     
20002c0c  AccDownBtn                                                           
20002c5c  AccUpBtn                                                             
20002cac  CurrentDownBtn                                                       
20002cfc  CurrentUpBtn                                                         
20002d4c  DistDownBtn                                                          
20002d9c  DistUpBtn                                                            
20002dec  GraphPgBtn                                                           
20002e3c  LightGraphBtn                                                        
20002e8c  MotorGraphBtn                                                        
20002edc  MotorMode                                                            
20002f2c  MotorPgBtn                                                           
20002f7c  PowerGraphBtn                                                        
20002fcc  SensorPgBtn                                                          
2000301c  TestGraphBtn                                                         
2000306c  backGraphBtn                                                         
200030bc  backGraphSelectBtn                                                   
2000310c  backMotorBtn                                                         
2000315c  backSensorBtn                                                        
200031ac  ti_sysbios_knl_Task_Object__table__V                                 
200031f8  ti_sysbios_family_arm_m3_Hwi_Object__table__V                        
20003240  ti_sysbios_knl_Task_Module__state__V                                 
20003284  g_Acceleration                                                       
200032c4  g_MotorStat                                                          
20003304  g_sCanvas2                                                           
20003344  g_sCanvas3                                                           
20003384  g_scompass                                                           
200033c4  ti_sysbios_family_arm_lm4_Timer_Module_State_0_device__A             
20003404  ti_sysbios_hal_SecondsClock_Module__state__V                         
20003440  ti_sysbios_gates_GateMutex_Object__table__V                          
20003478  ti_sysbios_family_arm_m3_Hwi_Module__state__V                        
200034ac  ti_sysbios_knl_Swi_Object__table__V                                  
200034dc  g_sRoot                                                              
2000350a  ti_sysbios_family_arm_m3_Hwi_Module_State_0_excActive__A             
2000350c  ti_sysbios_knl_Clock_Module__state__V                                
20003538  motorStartStop                                                       
20003539  HA                                                                   
2000353a  HB                                                                   
2000353b  HC                                                                   
2000353c  LowLight                                                             
20003540  lux                                                                  
20003548  objectdist                                                           
20003550  ongraph                                                              
20003554  currentDirection                                                     
20003558  CurrentMotorStat                                                     
2000355c  CurrentAcceleration                                                  
20003560  ti_sysbios_BIOS_Module__state__V                                     
20003584  ti_sysbios_family_arm_lm4_Timer_Module_State_0_handles__A            
200035a4  gpioPinConfigs                                                       
200035c0  ti_sysbios_knl_Swi_Module__state__V                                  
200035f4  ti_sysbios_heaps_HeapMem_Object__table__V                            
2000360c  ti_sysbios_family_arm_lm4_Timer_Module__state__V                     
20003618  xdc_runtime_SysMin_Module__state__V                                  
20003624  _lock                                                                
20003628  _unlock                                                              
2000362c  gpioCallbackFunctions                                                
20003634  ti_sysbios_family_arm_lm4_Timer_Module__root__V                      
2000363c  ti_sysbios_family_arm_lm4_TimestampProvider_Module__state__V         
20003644  ti_sysbios_family_arm_m3_Hwi_Module__root__V                         
2000364c  ti_sysbios_gates_GateHwi_Module__root__V                             
20003654  ti_sysbios_gates_GateMutexPri_Module__root__V                        
2000365c  ti_sysbios_gates_GateMutex_Module__root__V                           
20003664  ti_sysbios_hal_Timer_Module__root__V                                 
2000366c  ti_sysbios_heaps_HeapMem_Module__root__V                             
20003674  ti_sysbios_knl_Clock_Module__root__V                                 
2000367c  ti_sysbios_knl_Queue_Module__root__V                                 
20003684  ti_sysbios_knl_Semaphore_Module__root__V                             
2000368c  ti_sysbios_knl_Task_Module__root__V                                  
20003694  xdc_runtime_Registry_Module__state__V                                
2000369c  xdc_runtime_Startup_Module__state__V                                 
200036a4  xdc_runtime_System_Module_State_0_atexitHandlers__A                  
200036ac  xdc_runtime_System_Module__state__V                                  
200036ba  xdc_runtime_Error_Module__state__V                                   
200036c8  errno                                                                
200036cc  main_func_sp                                                         
200036d0  ti_sysbios_family_arm_m3_Hwi_Module_State_0_excContext__A            
200036d4  ti_sysbios_family_arm_m3_Hwi_Module_State_0_excStack__A              
200036d8  ti_sysbios_gates_GateHwi_Object__table__V                            
200036dc  ti_sysbios_knl_Task_Module_State_0_idleTask__A                       
200036e0  g_i16TouchMin                                                        
200036e4  xdc_runtime_Memory_Module__state__V                                  
200036e8  __stack                                                              
200039e8  __STACK_END                                                          
e000e000  ti_sysbios_family_arm_m3_Hwi_nvic                                    
ffffffff  __TI_pprof_out_hndl                                                  
ffffffff  __TI_prof_data_size                                                  
ffffffff  __TI_prof_data_start                                                 
ffffffff  __binit__                                                            
ffffffff  __c_args__                                                           
ffffffff  binit                                                                
UNDEFED   SHT$$INIT_ARRAY$$Base                                                
UNDEFED   SHT$$INIT_ARRAY$$Limit                                               

[980 symbols]
