******************************************************************************
                  TI ARM Linker PC v20.2.5                     
******************************************************************************
>> Linked Fri May  6 15:32:07 2022

OUTPUT FILE NAME:   <EGH456MotorProject.out>
ENTRY POINT SYMBOL: "_c_int00"  address: 00006fc1


MEMORY CONFIGURATION

         name            origin    length      used     unused   attr    fill
----------------------  --------  ---------  --------  --------  ----  --------
  FLASH                 00000000   00100000  0000bc52  000f43ae  R  X
  SRAM                  20000000   00040000  0000286a  0003d796  RW X


SEGMENT ALLOCATION MAP

run origin  load origin   length   init length attrs members
----------  ----------- ---------- ----------- ----- -------
00000000    00000000    0000bc58   0000bc58    r-x
  00000000    00000000    0000003c   0000003c    r-- .resetVecs
  00000040    00000040    0000951a   0000951a    r-x .text
  0000955c    0000955c    00002494   00002494    r-- .const
  0000b9f0    0000b9f0    00000268   00000268    r-- .cinit
20000000    20000000    00002870   00000000    rw-
  20000000    20000000    00000360   00000000    rw- .vecs
  20000360    20000360    00001c14   00000000    rw- .bss
  20001f74    20001f74    000004f6   00000000    rw- .data
  20002470    20002470    00000400   00000000    rw- .stack


SECTION ALLOCATION MAP

 output                                  attributes/
section   page    origin      length       input sections
--------  ----  ----------  ----------   ----------------
.text      0    00000040    0000951a     
                  00000040    00000a4e     rtsv7M4_T_le_v4SPD16_eabi.lib : _printfi.c.obj (.text:__TI_printfi)
                  00000a8e    00000002                                   : _lock.c.obj (.text:_nop)
                  00000a90    00000430     sysbios.aem4f : BIOS.obj (.text:ti_sysbios_family_arm_m3_Hwi_excDumpRegs__I)
                  00000ec0    0000034c     ti.targets.arm.rtsarm.aem4f : System.oem4f (.text:xdc_runtime_System_doPrint__I)
                  0000120c    000002b0     Clock.obj (.text:timeConvert)
                  000014bc    00000004     driverlib.lib : i2c.obj (.text:I2CMasterControl)
                  000014c0    000002a4     sysbios.aem4f : BIOS.obj (.text:ti_sysbios_knl_Semaphore_pend__E)
                  00001764    00000270     rtsv7M4_T_le_v4SPD16_eabi.lib : _printfi.c.obj (.text:_pconv_a)
                  000019d4    00000004     driverlib.lib : i2c.obj (.text:I2CMasterDataGet)
                  000019d8    0000026c     sysbios.aem4f : BIOS.obj (.text:ti_sysbios_heaps_HeapMem_free__E)
                  00001c44    00000268     touch.obj (.text:TouchScreenDebouncer)
                  00001eac    00000004     driverlib.lib : i2c.obj (.text:I2CMasterDataPut)
                  00001eb0    00000250     sysbios.aem4f : BIOS.obj (.text:ti_sysbios_heaps_HeapMem_alloc__E)
                  00002100    00000234                   : BIOS.obj (.text:ti_sysbios_knl_Task_Instance_finalize__E)
                  00002334    00000004     driverlib.lib : uart.obj (.text:UARTIntClear)
                  00002338    0000021c     sysbios.aem4f : BIOS.obj (.text:ti_sysbios_family_arm_lm4_Timer_Instance_init__E)
                  00002554    0000020c     drivers_tivaware.aem4f : UARTTiva.oem4f (.text:UARTTiva_open)
                  00002760    00000204     Boot.aem4f : Boot_sysctl.oem4f (.text:ti_catalog_arm_cortexm4_tiva_ce_Boot_sysCtlClockFreqSetI__I)
                  00002964    00000004     rtsv7M4_T_le_v4SPD16_eabi.lib : exit.c.obj (.text:abort:abort)
                  00002968    000001f4     sysbios.aem4f : BIOS.obj (.text:ti_sysbios_family_arm_m3_Hwi_excHandlerMax__I)
                  00002b5c    000001d0     rtsv7M4_T_le_v4SPD16_eabi.lib : _printfi.c.obj (.text:_pconv_g)
                  00002d2c    00000004     empty_pem4f.oem4f (.text:ti_sysbios_BIOS_RtsGateProxy_enter__E)
                  00002d30    000001c8     sysbios.aem4f : BIOS.obj (.text:ti_sysbios_knl_Task_sleep__E)
                  00002ef8    000001c0                   : BIOS.obj (.text:ti_sysbios_knl_Task_Instance_init__E)
                  000030b8    000001b6     rtsv7M4_T_le_v4SPD16_eabi.lib : fd_add_t2.asm.obj (.text)
                  0000326e    00000002                                   : div0.asm.obj (.text)
                  00003270    000001a4     pinout.obj (.text:PinoutSet)
                  00003414    00000178     touch.obj (.text:TouchScreenIntHandler)
                  0000358c    00000004     empty_pem4f.oem4f (.text:ti_sysbios_BIOS_RtsGateProxy_leave__E)
                  00003590    00000174     sysbios.aem4f : BIOS.obj (.text:ti_sysbios_family_arm_m3_Hwi_excBusFault__I)
                  00003704    00000004                   : BIOS.obj (.text:ti_sysbios_family_arm_lm4_Timer_masterEnable__I)
                  00003708    00000164                   : BIOS.obj (.text:ti_sysbios_family_arm_m3_Hwi_excUsageFault__I)
                  0000386c    00000150     drivers_tivaware.aem4f : GPIOTiva.oem4f (.text:GPIO_setConfig)
                  000039bc    00000004     empty_pem4f.oem4f (.text:ti_sysbios_family_arm_m3_Hwi_delete)
                  000039c0    00000148     sysbios.aem4f : BIOS.obj (.text:ti_sysbios_family_arm_m3_Hwi_excMemFault__I)
                  00003b08    0000013c     rtsv7M4_T_le_v4SPD16_eabi.lib : _printfi.c.obj (.text:_pconv_e)
                  00003c44    00000004     empty_pem4f.oem4f (.text:ti_sysbios_family_arm_m3_Hwi_destruct)
                  00003c48    0000013c     sysbios.aem4f : BIOS.obj (.text:ti_sysbios_heaps_HeapMem_Instance_init__E)
                  00003d84    00000136     rtsv7M4_T_le_v4SPD16_eabi.lib : fd_div_t2.asm.obj (.text)
                  00003eba    00000130     driverlib.lib : gpio.obj (.text:GPIOPadConfigSet)
                  00003fea    00000002     empty_pem4f.oem4f (.text:ti_sysbios_BIOS_nullFunc__I)
                  00003fec    00000124     rtsv7M4_T_le_v4SPD16_eabi.lib : _printfi.c.obj (.text:fcvt)
                  00004110    00000118     empty.obj (.text:main)
                  00004228    00000118     ti.targets.arm.rtsarm.aem4f : Error.oem4f (.text:xdc_runtime_Error_policyDefault__E)
                  00004340    00000110     rtsv7M4_T_le_v4SPD16_eabi.lib : s_scalbn.c.obj (.text:scalbn)
                  00004450    00000108     sysbios.aem4f : BIOS.obj (.text:ti_sysbios_family_arm_lm4_Timer_start__E)
                  00004558    00000108                   : BIOS.obj (.text:ti_sysbios_knl_Clock_Instance_init__E)
                  00004660    00000100     ti.targets.arm.rtsarm.aem4f : Core-mem.oem4f (.text:xdc_runtime_Core_createObject__I)
                  00004760    000000fc     rtsv7M4_T_le_v4SPD16_eabi.lib : fd_mul_t2.asm.obj (.text)
                  0000485c    000000f8                                   : s_floor.c.obj (.text:floor)
                  00004954    000000f8     ti.targets.arm.rtsarm.aem4f : Startup.oem4f (.text:xdc_runtime_Startup_startMods__I)
                  00004a4c    000000f8     empty_pem4f.oem4f (.text:xdc_runtime_System_printfExtend__I)
                  00004b44    000000f4     sysbios.aem4f : m3_Hwi_asm.obj (.text:ti_sysbios_family_arm_m3_Hwi_dispatch__I)
                  00004c38    000000ec                   : BIOS.obj (.text:ti_sysbios_knl_Semaphore_post__E)
                  00004d24    000000e0     drivers_tivaware.aem4f : I2CTiva.oem4f (.text:I2CTiva_open)
                  00004e04    000000d6                            : I2CTiva.oem4f (.text:I2CTiva_hwiFxn)
                  00004eda    00000002     empty_pem4f.oem4f (.text:xdc_runtime_Startup_reset__I)
                  00004edc    000000cc     ti.targets.arm.rtsarm.aem4f : Core-smem.oem4f (.text:xdc_runtime_Core_constructObject__I)
                  00004fa8    000000bc     sysbios.aem4f : BIOS.obj (.text:ti_sysbios_family_arm_m3_Hwi_excDebugMon__I)
                  00005064    00000004     empty_pem4f.oem4f (.text:ti_sysbios_family_arm_m3_TaskSupport_Module__startupDone__S)
                  00005068    000000bc     sysbios.aem4f : BIOS.obj (.text:ti_sysbios_family_arm_m3_Hwi_excHardFault__I)
                  00005124    000000b8     EK_TM4C1294XL.obj (.text:EK_TM4C1294XL_initGeneral)
                  000051dc    00000004     empty_pem4f.oem4f (.text:ti_sysbios_hal_Timer_TimerProxy_delete)
                  000051e0    000000b4     sysbios.aem4f : BIOS.obj (.text:ti_sysbios_gates_GateMutex_enter__E)
                  00005294    00000004     empty_pem4f.oem4f (.text:ti_sysbios_heaps_HeapMem_Module_GateProxy_enter__E)
                  00005298    000000b4     sysbios.aem4f : BIOS.obj (.text:ti_sysbios_knl_Task_checkStacks__E)
                  0000534c    000000b1     rtsv7M4_T_le_v4SPD16_eabi.lib : _printfi.c.obj (.text:_ltostr)
                  000053fd    00000001     --HOLE-- [fill = 0]
                  000053fe    000000ac     drivers_tivaware.aem4f : UARTTiva.oem4f (.text:readTaskBlocking)
                  000054aa    00000006     driverlib.lib : gpio.obj (.text:GPIOIntClear)
                  000054b0    000000ac     sysbios.aem4f : BIOS.obj (.text:ti_sysbios_family_arm_lm4_Timer_enableTiva__I)
                  0000555c    00000004     empty_pem4f.oem4f (.text:ti_sysbios_heaps_HeapMem_Module_GateProxy_leave__E)
                  00005560    000000a4     sysbios.aem4f : BIOS.obj (.text:ti_sysbios_knl_Clock_Instance_finalize__E)
                  00005604    000000a0     auto_init.aem4f : auto_init.oem4f (.text)
                  000056a4    000000a0     ti.targets.arm.rtsarm.aem4f : Text.oem4f (.text:xdc_runtime_Text_putMod__E)
                  00005744    0000009c     rtsv7M4_T_le_v4SPD16_eabi.lib : memcpy_t2.asm.obj (.text)
                  000057e0    0000009c     sysbios.aem4f : BIOS.obj (.text:ti_sysbios_knl_Semaphore_Instance_init__E)
                  0000587c    0000009a     ti.targets.arm.rtsarm.aem4f : Text.oem4f (.text:xdc_runtime_Text_putSite__E)
                  00005916    00000098     drivers_tivaware.aem4f : UARTTiva.oem4f (.text:UARTTiva_readPolling)
                  000059ae    00000002     --HOLE-- [fill = 0]
                  000059b0    00000098     Boot.aem4f : Boot.oem4f (.text:ti_catalog_arm_cortexm4_tiva_ce_Boot_sysCtlClockFreqSet__E)
                  00005a48    00000096     rtsv7M4_T_le_v4SPD16_eabi.lib : ull_div_t2.asm.obj (.text)
                  00005ade    00000094     drivers_tivaware.aem4f : UARTTiva.oem4f (.text:UARTTiva_write)
                  00005b72    00000006     driverlib.lib : gpio.obj (.text:GPIOPinWrite)
                  00005b78    00000094     sysbios.aem4f : BIOS.obj (.text:ti_sysbios_family_arm_m3_Hwi_Instance_init__E)
                  00005c0c    00000004     empty_pem4f.oem4f (.text:ti_sysbios_knl_Clock_TimerProxy_getFreq__E)
                  00005c10    00000094     sysbios.aem4f : BIOS.obj (.text:ti_sysbios_family_arm_m3_Hwi_initNVIC__E)
                  00005ca4    00000004     empty_pem4f.oem4f (.text:ti_sysbios_knl_Clock_TimerProxy_getMaxTicks__E)
                  00005ca8    00000094     sysbios.aem4f : BIOS.obj (.text:ti_sysbios_knl_Task_postInit__I)
                  00005d3c    0000008c     drivers_tivaware.aem4f : GPIOTiva.oem4f (.text:GPIO_init)
                  00005dc8    0000008c                            : UARTTiva.oem4f (.text:UARTTiva_control)
                  00005e54    0000008c     sysbios.aem4f : m3_TaskSupport_asm.obj (.text:ti_sysbios_family_arm_m3_TaskSupport_buildTaskStack)
                  00005ee0    0000008c                   : BIOS.obj (.text:ti_sysbios_hal_SecondsClock_Module_startup__E)
                  00005f6c    0000008a     drivers_tivaware.aem4f : UARTTiva.oem4f (.text:readIsrTextBlocking)
                  00005ff6    00000086     rtsv7M4_T_le_v4SPD16_eabi.lib : fd_cmp_t2.asm.obj (.text:__aeabi_cdcmple)
                  0000607c    00000086                                   : fd_cmp_t2.asm.obj (.text:__aeabi_cdrcmple)
                  00006102    00000006     driverlib.lib : i2c.obj (.text:I2CMasterIntDisable)
                  00006108    00000084     sysbios.aem4f : BIOS.obj (.text:ti_sysbios_family_arm_m3_Hwi_postInit__I)
                  0000618c    00000082     drivers_tivaware.aem4f : UARTTiva.oem4f (.text:readIsrTextCallback)
                  0000620e    0000007e                            : I2CTiva.oem4f (.text:I2CTiva_transfer)
                  0000628c    0000007c     empty.obj (.text:heartBeatFxn)
                  00006308    0000007c     sysbios.aem4f : BIOS.obj (.text:ti_sysbios_family_arm_lm4_Timer_disableTiva__I)
                  00006384    0000007a     drivers_tivaware.aem4f : UARTTiva.oem4f (.text:readTaskCallback)
                  000063fe    0000007a     rtsv7M4_T_le_v4SPD16_eabi.lib : memset_t2.asm.obj (.text)
                  00006478    00000074     sysbios.aem4f : BIOS.obj (.text:ti_sysbios_knl_Clock_start__E)
                  000064ec    00000004     empty_pem4f.oem4f (.text:ti_sysbios_knl_Clock_TimerProxy_getPeriod__E)
                  000064f0    00000070     sysbios.aem4f : BIOS.obj (.text:ti_sysbios_knl_Clock_workFunc__E)
                  00006560    00000070                   : BIOS.obj (.text:ti_sysbios_knl_Task_exit__E)
                  000065d0    0000006e     rtsv7M4_T_le_v4SPD16_eabi.lib : _printfi.c.obj (.text:_mcpy)
                  0000663e    00000002     --HOLE-- [fill = 0]
                  00006640    0000006d     ti.targets.arm.rtsarm.aem4f : System.oem4f (.text:xdc_runtime_System_formatNum__I)
                  000066ad    00000003     --HOLE-- [fill = 0]
                  000066b0    0000006c     empty_pem4f.oem4f (.text:ti_sysbios_family_arm_lm4_Timer_Object__create__S)
                  0000671c    00000004     empty_pem4f.oem4f (.text:ti_sysbios_knl_Clock_destruct)
                  00006720    0000006c     sysbios.aem4f : BIOS.obj (.text:ti_sysbios_knl_Swi_restoreHwi__E)
                  0000678c    0000006c     drivers_tivaware.aem4f : UARTTiva.oem4f (.text:writeData)
                  000067f8    0000006c     ti.targets.arm.rtsarm.aem4f : Error.oem4f (.text:xdc_runtime_Error_print__E)
                  00006864    0000006c                                 : Memory.oem4f (.text:xdc_runtime_Memory_alloc__E)
                  000068d0    00000068     EK_TM4C1294XL.obj (.text:EK_TM4C1294XL_initI2C)
                  00006938    00000068     rtsv7M4_T_le_v4SPD16_eabi.lib : copy_decompress_lzss.c.obj (.text:decompress:lzss:__TI_decompress_lzss)
                  000069a0    00000066     ti.targets.arm.rtsarm.aem4f : Core-mem.oem4f (.text:xdc_runtime_Core_deleteObject__I)
                  00006a06    00000002     --HOLE-- [fill = 0]
                  00006a08    00000064     drivers_tivaware.aem4f : GPIOTiva.oem4f (.text:GPIO_hwiIntFxn)
                  00006a6c    00000064     rtsv7M4_T_le_v4SPD16_eabi.lib : s_frexp.c.obj (.text:frexp)
                  00006ad0    00000064     sysbios.aem4f : BIOS.obj (.text:ti_sysbios_family_arm_lm4_Timer_Module_startup__E)
                  00006b34    00000064     empty_pem4f.oem4f (.text:ti_sysbios_family_arm_m3_Hwi_create)
                  00006b98    00000064     sysbios.aem4f : BIOS.obj (.text:ti_sysbios_family_arm_m3_Hwi_dispatchC__I)
                  00006bfc    00000064     empty_pem4f.oem4f (.text:ti_sysbios_hal_Timer_create)
                  00006c60    00000064     Clock.obj (.text:timer1sec)
                  00006cc4    00000062     drivers_tivaware.aem4f : I2CTiva.oem4f (.text:I2CTiva_primeTransfer)
                  00006d26    00000002     --HOLE-- [fill = 0]
                  00006d28    00000060     sysbios.aem4f : BIOS.obj (.text:ti_sysbios_knl_Task_schedule__I)
                  00006d88    0000005e     drivers_tivaware.aem4f : UARTTiva.oem4f (.text:readIsrBinaryBlocking)
                  00006de6    00000002     --HOLE-- [fill = 0]
                  00006de8    0000005c     sysbios.aem4f : BIOS.obj (.text:ti_sysbios_knl_Swi_run__I)
                  00006e44    00000004     empty_pem4f.oem4f (.text:ti_sysbios_knl_Queue_destruct)
                  00006e48    0000005c     sysbios.aem4f : BIOS.obj (.text:ti_sysbios_knl_Swi_schedule__I)
                  00006ea4    00000004     empty_pem4f.oem4f (.text:ti_sysbios_knl_Semaphore_destruct)
                  00006ea8    0000005c     sysbios.aem4f : BIOS.obj (.text:ti_sysbios_knl_Task_Module_startup__E)
                  00006f04    00000004     ti.targets.arm.rtsarm.aem4f : Error.oem4f (.text:xdc_runtime_Error_getSite__E)
                  00006f08    0000005c     sysbios.aem4f : BIOS.obj (.text:ti_sysbios_knl_Task_startCore__E)
                  00006f64    0000005b     ti.targets.arm.rtsarm.aem4f : Text.oem4f (.text:xdc_runtime_Text_putLab__E)
                  00006fbf    00000001     --HOLE-- [fill = 0]
                  00006fc0    00000058     boot.aem4f : boot.oem4f (.text)
                  00007018    00000058     rtsv7M4_T_le_v4SPD16_eabi.lib : hostwrite.c.obj (.text:HOSTwrite)
                  00007070    00000058     sysbios.aem4f : BIOS.obj (.text:ti_sysbios_family_arm_lm4_Timer_Instance_finalize__E)
                  000070c8    00000058     empty_pem4f.oem4f (.text:ti_sysbios_family_arm_m3_Hwi_construct)
                  00007120    00000058     sysbios.aem4f : m3_Hwi_asm_switch.obj (.text:ti_sysbios_family_arm_m3_Hwi_initStacks__E)
                  00007178    00000056     driverlib.lib : gpio.obj (.text:GPIOIntTypeSet)
                  000071ce    00000056     rtsv7M4_T_le_v4SPD16_eabi.lib : _printfi.c.obj (.text:_pconv_f)
                  00007224    00000054                                   : _ltoa.c.obj (.text:__TI_ltoa)
                  00007278    00000054     drivers_tivaware.aem4f : UARTTiva.oem4f (.text:readIsrBinaryCallback)
                  000072cc    00000004     empty_pem4f.oem4f (.text:xdc_runtime_System_Module_GateProxy_enter__E)
                  000072d0    00000054     sysbios.aem4f : BIOS.obj (.text:ti_sysbios_family_arm_lm4_Timer_initDevice__I)
                  00007324    00000054     empty_pem4f.oem4f (.text:ti_sysbios_knl_Task_construct)
                  00007378    00000054     ti.targets.arm.rtsarm.aem4f : Assert.oem4f (.text:xdc_runtime_Assert_raise__I)
                  000073cc    00000052     rtsv7M4_T_le_v4SPD16_eabi.lib : _printfi.c.obj (.text:_ecpy)
                  0000741e    00000002     --HOLE-- [fill = 0]
                  00007420    00000050     drivers_tivaware.aem4f : GPIOTiva.oem4f (.text:GPIO_setCallback)
                  00007470    00000050                            : GPIOTiva.oem4f (.text:GPIO_write)
                  000074c0    00000050                            : UARTTiva.oem4f (.text:UARTTiva_writeCancel)
                  00007510    00000050     Boot.aem4f : Boot_sysctl.oem4f (.text:_SysCtlFrequencyGet)
                  00007560    00000050     sysbios.aem4f : BIOS.obj (.text:ti_sysbios_family_arm_m3_Hwi_Module_startup__E)
                  000075b0    00000050     ti.targets.arm.rtsarm.aem4f : Startup.oem4f (.text:xdc_runtime_Startup_exec__E)
                  00007600    00000050                                 : Text.oem4f (.text:xdc_runtime_Text_visitRope2__I)
                  00007650    0000004c     drivers_tivaware.aem4f : UARTTiva.oem4f (.text:UARTTiva_close)
                  0000769c    0000004c     rtsv7M4_T_le_v4SPD16_eabi.lib : atoi.c.obj (.text:atoi)
                  000076e8    0000004c                                   : cpy_tbl.c.obj (.text:copy_in)
                  00007734    00000004     empty_pem4f.oem4f (.text:xdc_runtime_System_Module_GateProxy_leave__E)
                  00007738    0000004c     sysbios.aem4f : BIOS.obj (.text:ti_sysbios_heaps_HeapMem_getStats__E)
                  00007784    00000004     ti.targets.arm.rtsarm.aem4f : System.oem4f (.text:xdc_runtime_System_aprintf_va__F)
                  00007788    0000004c     sysbios.aem4f : BIOS.obj (.text:ti_sysbios_knl_Swi_runLoop__I)
                  000077d4    00000004     ti.targets.arm.rtsarm.aem4f : System.oem4f (.text:xdc_runtime_System_printf_va__F)
                  000077d8    0000004c     sysbios.aem4f : BIOS.obj (.text:ti_sysbios_knl_Task_allBlockedFunction__I)
                  00007824    00000048     driverlib.lib : gpio.obj (.text:GPIOPinConfigure)
                  0000786c    00000048                   : i2c.obj (.text:I2CMasterInitExpClk)
                  000078b4    00000048     rtsv7M4_T_le_v4SPD16_eabi.lib : fd_toi_t2.asm.obj (.text)
                  000078fc    00000004     --HOLE-- [fill = 0]
                  00007900    00000048     sysbios.aem4f : BIOS.obj (.text:ti_sysbios_family_arm_lm4_Timer_enableTimers__I)
                  00007948    00000048                   : BIOS.obj (.text:ti_sysbios_family_arm_m3_Hwi_disableInterrupt__E)
                  00007990    00000048                   : BIOS.obj (.text:ti_sysbios_family_arm_m3_Hwi_enableInterrupt__E)
                  000079d8    00000048                   : BIOS.obj (.text:ti_sysbios_family_arm_m3_Hwi_excReserved__I)
                  00007a20    00000048                   : BIOS.obj (.text:ti_sysbios_hal_SecondsClock_increment__I)
                  00007a68    00000046     drivers_tivaware.aem4f : RingBuf.oem4f (.text:RingBuf_put)
                  00007aae    00000046     ti.targets.arm.rtsarm.aem4f : Core-params.oem4f (.text:xdc_runtime_Core_assignParams__I)
                  00007af4    00000004     --HOLE-- [fill = 0]
                  00007af8    00000044     sysbios.aem4f : BIOS.obj (.text:ti_sysbios_family_arm_lm4_Timer_isrStub__E)
                  00007b3c    00000004     --HOLE-- [fill = 0]
                  00007b40    00000044                   : BIOS.obj (.text:ti_sysbios_family_arm_m3_Hwi_getStackInfo__E)
                  00007b84    00000004     --HOLE-- [fill = 0]
                  00007b88    00000044                   : BIOS.obj (.text:ti_sysbios_knl_Swi_post__E)
                  00007bcc    00000044     ti.targets.arm.rtsarm.aem4f : Error.oem4f (.text:xdc_runtime_Error_setX__E)
                  00007c10    00000044                                 : SysMin.oem4f (.text:xdc_runtime_SysMin_flush__E)
                  00007c54    00000044                                 : Text.oem4f (.text:xdc_runtime_Text_xprintf__I)
                  00007c98    00000042     driverlib.lib : uart.obj (.text:UARTConfigSetExpClk)
                  00007cda    00000042     drivers_tivaware.aem4f : UARTTiva.oem4f (.text:UARTTiva_hwiIntFxn)
                  00007d1c    00000042                            : UARTTiva.oem4f (.text:UARTTiva_writePolling)
                  00007d5e    00000040                            : RingBuf.oem4f (.text:RingBuf_get)
                  00007d9e    00000040                            : UARTTiva.oem4f (.text:UARTTiva_read)
                  00007dde    00000040     rtsv7M4_T_le_v4SPD16_eabi.lib : u_divt2.asm.obj (.text)
                  00007e1e    00000002     --HOLE-- [fill = 0]
                  00007e20    00000040                                   : sprintf.c.obj (.text:sprintf)
                  00007e60    00000040     sysbios.aem4f : BIOS.obj (.text:ti_sysbios_family_arm_lm4_Timer_startup__E)
                  00007ea0    00000040                   : BIOS.obj (.text:ti_sysbios_hal_SecondsClock_getTime__E)
                  00007ee0    0000003e     rtsv7M4_T_le_v4SPD16_eabi.lib : _printfi.c.obj (.text:_fcpy)
                  00007f1e    00000002     --HOLE-- [fill = 0]
                  00007f20    0000003c     sysbios.aem4f : BIOS.obj (.text:ti_sysbios_family_arm_m3_Hwi_excSvCall__I)
                  00007f5c    00000004     --HOLE-- [fill = 0]
                  00007f60    0000003c                   : BIOS.obj (.text:ti_sysbios_heaps_HeapMem_init__I)
                  00007f9c    00000004     --HOLE-- [fill = 0]
                  00007fa0    0000003c                   : BIOS.obj (.text:ti_sysbios_knl_Swi_restore__E)
                  00007fdc    0000003a     drivers_tivaware.aem4f : I2CTiva.oem4f (.text:I2CTiva_completeTransfer)
                  00008016    00000002     --HOLE-- [fill = 0]
                  00008018    00000038                            : I2C.oem4f (.text:I2C_init)
                  00008050    00000038                            : UART.oem4f (.text:UART_init)
                  00008088    00000038     rtsv7M4_T_le_v4SPD16_eabi.lib : trgmsg.c.obj (.text:__TI_writemsg)
                  000080c0    00000038     sysbios.aem4f : BIOS.obj (.text:ti_sysbios_family_arm_m3_Hwi_excNoIsr__I)
                  000080f8    00000038                   : BIOS.obj (.text:ti_sysbios_knl_Task_processVitalTaskFlag__I)
                  00008130    00000038     ti.targets.arm.rtsarm.aem4f : SysMin.oem4f (.text:xdc_runtime_SysMin_putch__E)
                  00008168    00000038                                 : System.oem4f (.text:xdc_runtime_System_atexit__E)
                  000081a0    00000036     drivers_tivaware.aem4f : I2CTiva.oem4f (.text:I2CTiva_close)
                  000081d6    00000036                            : UARTTiva.oem4f (.text:UARTTiva_readCancel)
                  0000820c    00000034     driverlib.lib : sysctl.obj (.text:SysCtlPeripheralEnable)
                  00008240    00000034     rtsv7M4_T_le_v4SPD16_eabi.lib : trgmsg.c.obj (.text:__TI_readmsg)
                  00008274    00000004     --HOLE-- [fill = 0]
                  00008278    00000034     sysbios.aem4f : BIOS.obj (.text:ti_sysbios_family_arm_lm4_Timer_setPeriodMicroSecs__E)
                  000082ac    00000004     --HOLE-- [fill = 0]
                  000082b0    00000034                   : BIOS.obj (.text:ti_sysbios_family_arm_m3_Hwi_Instance_finalize__E)
                  000082e4    00000004     --HOLE-- [fill = 0]
                  000082e8    00000034                   : BIOS.obj (.text:ti_sysbios_family_arm_m3_Hwi_excNmi__I)
                  0000831c    00000004     --HOLE-- [fill = 0]
                  00008320    00000034                   : BIOS.obj (.text:ti_sysbios_hal_Hwi_checkStack)
                  00008354    00000034     empty_pem4f.oem4f (.text:ti_sysbios_knl_Clock_construct)
                  00008388    00000034     ti.targets.arm.rtsarm.aem4f : Core-label.oem4f (.text:xdc_runtime_Core_assignLabel__I)
                  000083bc    00000033                                 : Text.oem4f (.text:xdc_runtime_Text_printVisFxn__I)
                  000083ef    00000001     --HOLE-- [fill = 0]
                  000083f0    00000032     sysbios.aem4f : BIOS.obj (.text:ti_sysbios_hal_Hwi_initStack)
                  00008422    00000002     --HOLE-- [fill = 0]
                  00008424    00000030     empty_pem4f.oem4f (.text:ti_sysbios_BIOS_atExitFunc__I)
                  00008454    00000004     --HOLE-- [fill = 0]
                  00008458    00000030     sysbios.aem4f : BIOS.obj (.text:ti_sysbios_family_arm_lm4_Timer_stop__E)
                  00008488    00000030                   : BIOS.obj (.text:ti_sysbios_family_arm_m3_TaskSupport_start__E)
                  000084b8    00000030     empty_pem4f.oem4f (.text:ti_sysbios_gates_GateHwi_Object__create__S)
                  000084e8    00000030     empty_pem4f.oem4f (.text:ti_sysbios_gates_GateMutex_Object__create__S)
                  00008518    00000030     empty_pem4f.oem4f (.text:ti_sysbios_heaps_HeapMem_Object__create__S)
                  00008548    00000030     empty_pem4f.oem4f (.text:ti_sysbios_knl_Semaphore_construct)
                  00008578    00000030     sysbios.aem4f : BIOS.obj (.text:ti_sysbios_knl_Semaphore_pendTimeout__I)
                  000085a8    00000030                   : BIOS.obj (.text:ti_sysbios_knl_Task_unblockI__E)
                  000085d8    00000030     ti.targets.arm.rtsarm.aem4f : SysMin.oem4f (.text:xdc_runtime_SysMin_abort__E)
                  00008608    00000030                                 : System.oem4f (.text:xdc_runtime_System_processAtExit__E)
                  00008638    0000002e     rtsv7M4_T_le_v4SPD16_eabi.lib : i_tofd_t2.asm.obj (.text)
                  00008666    00000002     --HOLE-- [fill = 0]
                  00008668    0000002c     EK_TM4C1294XL.obj (.text:EK_TM4C1294XL_initUART)
                  00008694    0000002c     empty_pem4f.oem4f (.text:ti_sysbios_knl_Clock_doTick__I)
                  000086c0    0000002c     empty_pem4f.oem4f (.text:ti_sysbios_knl_Queue_construct)
                  000086ec    00000004     --HOLE-- [fill = 0]
                  000086f0    0000002c     sysbios.aem4f : BIOS.obj (.text:ti_sysbios_knl_Task_restore__E)
                  0000871c    0000002c     ti.targets.arm.rtsarm.aem4f : Text.oem4f (.text:xdc_runtime_Text_cordText__E)
                  00008748    0000002a     driverlib.lib : gpio.obj (.text:GPIODirModeSet)
                  00008772    0000002a     ti.targets.arm.rtsarm.aem4f : System.oem4f (.text:xdc_runtime_System_putchar__I)
                  0000879c    00000004     --HOLE-- [fill = 0]
                  000087a0    00000028     sysbios.aem4f : BIOS.obj (.text:ti_sysbios_hal_Timer_Instance_init__E)
                  000087c8    00000028                   : BIOS.obj (.text:ti_sysbios_knl_Clock_addI__E)
                  000087f0    00000028                   : BIOS.obj (.text:ti_sysbios_knl_Swi_Module_startup__E)
                  00008818    00000026                   : m3_Hwi_asm.obj (.text:ti_sysbios_family_arm_m3_Hwi_pendSV__I)
                  0000883e    00000026     ti.targets.arm.rtsarm.aem4f : System.oem4f (.text:xdc_runtime_System_avprintf__E)
                  00008864    00000024     empty_pem4f.oem4f (.text:ti_sysbios_BIOS_errorRaiseHook__I)
                  00008888    00000024     empty_pem4f.oem4f (.text:ti_sysbios_BIOS_registerRTSLock__I)
                  000088ac    00000024     empty_pem4f.oem4f (.text:ti_sysbios_BIOS_removeRTSLock__I)
                  000088d0    00000024     empty_pem4f.oem4f (.text:ti_sysbios_BIOS_startFunc__I)
                  000088f4    00000024     empty_pem4f.oem4f (.text:ti_sysbios_gates_GateMutex_Object__delete__S)
                  00008918    00000024     sysbios.aem4f : BIOS.obj (.text:ti_sysbios_knl_Clock_Module_startup__E)
                  0000893c    00000004     --HOLE-- [fill = 0]
                  00008940    00000024                   : BIOS.obj (.text:ti_sysbios_knl_Task_restoreHwi__E)
                  00008964    00000024     ti.targets.arm.rtsarm.aem4f : System.oem4f (.text:xdc_runtime_System_vprintf__E)
                  00008988    00000022     sysbios.aem4f : BIOS.obj (.text:ti_sysbios_family_arm_lm4_Timer_write__I)
                  000089aa    00000022     empty_pem4f.oem4f (.text:xdc_runtime_SysMin_output__I)
                  000089cc    00000020     Boot.aem4f : Boot_sysctl.oem4f (.text:_SysCtlMemTimingGet)
                  000089ec    00000020     rtsv7M4_T_le_v4SPD16_eabi.lib : u_tofd_t2.asm.obj (.text)
                  00008a0c    00000020     empty_pem4f.oem4f (.text:ti_sysbios_BIOS_rtsLock__I)
                  00008a2c    00000020     empty_pem4f.oem4f (.text:ti_sysbios_family_arm_lm4_Timer_Object__delete__S)
                  00008a4c    00000004     --HOLE-- [fill = 0]
                  00008a50    00000020     sysbios.aem4f : BIOS.obj (.text:ti_sysbios_family_arm_lm4_Timer_getFreq__E)
                  00008a70    00000020     empty_pem4f.oem4f (.text:ti_sysbios_family_arm_m3_Hwi_Object__delete__S)
                  00008a90    00000020     sysbios.aem4f : m3_Hwi_asm.obj (.text:ti_sysbios_family_arm_m3_Hwi_excHandlerAsm__I)
                  00008ab0    00000020                   : BIOS.obj (.text:ti_sysbios_family_arm_m3_Hwi_excHandler__I)
                  00008ad0    00000020     empty_pem4f.oem4f (.text:ti_sysbios_gates_GateHwi_Object__delete__S)
                  00008af0    00000020     empty_pem4f.oem4f (.text:ti_sysbios_heaps_HeapMem_Object__delete__S)
                  00008b10    00000020     empty_pem4f.oem4f (.text:ti_sysbios_knl_Clock_Object__destruct__S)
                  00008b30    00000020     sysbios.aem4f : BIOS.obj (.text:ti_sysbios_knl_Idle_run__E)
                  00008b50    00000020     empty_pem4f.oem4f (.text:ti_sysbios_knl_Semaphore_Object__destruct__S)
                  00008b70    00000020     ti.targets.arm.rtsarm.aem4f : Registry.oem4f (.text:xdc_runtime_Registry_findById__E)
                  00008b90    00000020                                 : SysMin.oem4f (.text:xdc_runtime_SysMin_Module_startup__E)
                  00008bb0    0000001e     sysbios.aem4f : m3_Hwi_asm_switch.obj (.text:ti_sysbios_family_xxx_Hwi_switchAndRunFunc)
                  00008bce    0000001e     Clock.obj (.text:updatetime)
                  00008bec    0000001c     driverlib.lib : uart.obj (.text:UARTDisable)
                  00008c08    0000001c     drivers_tivaware.aem4f : GPIOTiva.oem4f (.text:getGpioIntIndex)
                  00008c24    0000001c     rtsv7M4_T_le_v4SPD16_eabi.lib : memccpy.c.obj (.text:memccpy)
                  00008c40    0000001c     empty_pem4f.oem4f (.text:ti_sysbios_family_arm_m3_Hwi_Object__destruct__S)
                  00008c5c    00000004     --HOLE-- [fill = 0]
                  00008c60    0000001c     sysbios.aem4f : BIOS.obj (.text:ti_sysbios_gates_GateMutex_Instance_init__E)
                  00008c7c    0000001c     empty_pem4f.oem4f (.text:ti_sysbios_hal_Timer_TimerProxy_create)
                  00008c98    0000001c     empty_pem4f.oem4f (.text:ti_sysbios_knl_Queue_Object__destruct__S)
                  00008cb4    00000004     --HOLE-- [fill = 0]
                  00008cb8    0000001c     sysbios.aem4f : BIOS.obj (.text:ti_sysbios_knl_Queue_put__E)
                  00008cd4    00000004     --HOLE-- [fill = 0]
                  00008cd8    0000001c                   : BIOS.obj (.text:ti_sysbios_knl_Task_enter__I)
                  00008cf4    0000001c     ti.targets.arm.rtsarm.aem4f : Error.oem4f (.text:xdc_runtime_Error_raiseX__E)
                  00008d10    0000001c                                 : Memory.oem4f (.text:xdc_runtime_Memory_valloc__E)
                  00008d2c    0000001c                                 : SysMin.oem4f (.text:xdc_runtime_SysMin_exit__E)
                  00008d48    0000001c                                 : System.oem4f (.text:xdc_runtime_System_abort__E)
                  00008d64    0000001a     rtsv7M4_T_le_v4SPD16_eabi.lib : s_copysign.c.obj (.text:copysign)
                  00008d7e    0000001a     empty_pem4f.oem4f (.text:ti_sysbios_family_arm_m3_Hwi_Handle__label__S)
                  00008d98    0000001a     empty_pem4f.oem4f (.text:ti_sysbios_gates_GateHwi_Handle__label__S)
                  00008db2    0000001a     empty_pem4f.oem4f (.text:ti_sysbios_gates_GateMutex_Handle__label__S)
                  00008dcc    0000001a     empty_pem4f.oem4f (.text:ti_sysbios_heaps_HeapMem_Handle__label__S)
                  00008de6    0000001a     empty_pem4f.oem4f (.text:ti_sysbios_knl_Swi_Handle__label__S)
                  00008e00    0000001a     empty_pem4f.oem4f (.text:ti_sysbios_knl_Task_Handle__label__S)
                  00008e1a    0000001a     empty_pem4f.oem4f (.text:xdc_runtime_System_aprintf__E)
                  00008e34    0000001a     empty_pem4f.oem4f (.text:xdc_runtime_System_printf__E)
                  00008e4e    00000018     driverlib.lib : gpio.obj (.text:GPIOPinTypeGPIOOutput)
                  00008e66    00000002     --HOLE-- [fill = 0]
                  00008e68    00000018     rtsv7M4_T_le_v4SPD16_eabi.lib : args_main.c.obj (.text:_args_main)
                  00008e80    00000018                                   : sprintf.c.obj (.text:_outs)
                  00008e98    00000018     empty_pem4f.oem4f (.text:ti_sysbios_BIOS_rtsUnlock__I)
                  00008eb0    00000018     empty_pem4f.oem4f (.text:ti_sysbios_family_arm_lm4_Timer_Module__startupDone__F)
                  00008ec8    00000018     empty_pem4f.oem4f (.text:ti_sysbios_family_arm_m3_Hwi_Module__startupDone__F)
                  00008ee0    00000018     sysbios.aem4f : m3_TaskSupport_asm.obj (.text:ti_sysbios_family_arm_m3_TaskSupport_swap__E)
                  00008ef8    00000018                   : BIOS.obj (.text:ti_sysbios_gates_GateMutex_leave__E)
                  00008f10    00000018     empty_pem4f.oem4f (.text:ti_sysbios_knl_Clock_Module__startupDone__F)
                  00008f28    00000018     sysbios.aem4f : BIOS.obj (.text:ti_sysbios_knl_Task_sleepTimeout__I)
                  00008f40    00000018     ti.targets.arm.rtsarm.aem4f : Error.oem4f (.text:xdc_runtime_Error_check__E)
                  00008f58    00000018                                 : System.oem4f (.text:xdc_runtime_System_exit__E)
                  00008f70    00000018                                 : Text.oem4f (.text:xdc_runtime_Text_ropeText__E)
                  00008f88    00000016     driverlib.lib : i2c.obj (.text:I2CMasterErr)
                  00008f9e    00000016     rtsv7M4_T_le_v4SPD16_eabi.lib : strchr.c.obj (.text:strchr)
                  00008fb4    00000016     empty_pem4f.oem4f (.text:ti_sysbios_BIOS_exitFunc__I)
                  00008fca    00000016     Clock.obj (.text:ti_sysbios_hal_Timer_Params_init)
                  00008fe0    00000016     empty.obj (.text:ti_sysbios_knl_Task_Params_init)
                  00008ff6    00000014     driverlib.lib : uart.obj (.text:UARTEnable)
                  0000900a    00000014     rtsv7M4_T_le_v4SPD16_eabi.lib : strlen.c.obj (.text:strlen)
                  0000901e    00000002     --HOLE-- [fill = 0]
                  00009020    00000014     empty_pem4f.oem4f (.text:ti_sysbios_family_arm_m3_Hwi_Object__get__S)
                  00009034    00000004     --HOLE-- [fill = 0]
                  00009038    00000014     sysbios.aem4f : BIOS.obj (.text:ti_sysbios_family_arm_m3_Hwi_switchFromBootStack__E)
                  0000904c    00000014     empty_pem4f.oem4f (.text:ti_sysbios_heaps_HeapMem_Object__get__S)
                  00009060    00000014     empty_pem4f.oem4f (.text:ti_sysbios_knl_Swi_Object__get__S)
                  00009074    00000012     driverlib.lib : gpio.obj (.text:GPIOPinTypeEthernetLED)
                  00009086    00000012                   : gpio.obj (.text:GPIOPinTypeGPIOInput)
                  00009098    00000012                   : gpio.obj (.text:GPIOPinTypeI2C)
                  000090aa    00000012                   : gpio.obj (.text:GPIOPinTypeI2CSCL)
                  000090bc    00000012                   : gpio.obj (.text:GPIOPinTypeUART)
                  000090ce    00000012                   : gpio.obj (.text:GPIOPinTypeUSBAnalog)
                  000090e0    00000012                   : gpio.obj (.text:GPIOPinTypeUSBDigital)
                  000090f2    00000012     drivers_tivaware.aem4f : RingBuf.oem4f (.text:RingBuf_construct)
                  00009104    00000004     --HOLE-- [fill = 0]
                  00009108    00000012     sysbios.aem4f : BIOS.obj (.text:ti_sysbios_hal_Hwi_Module_startup__E)
                  0000911a    00000006     driverlib.lib : i2c.obj (.text:I2CMasterIntEnable)
                  00009120    00000012     sysbios.aem4f : BIOS.obj (.text:ti_sysbios_hal_Timer_Module_startup__E)
                  00009132    00000012     rtsv7M4_T_le_v4SPD16_eabi.lib : wcslen.c.obj (.text:wcslen)
                  00009144    00000012     empty_pem4f.oem4f (.text:xdc_runtime_Startup_exec__I)
                  00009156    00000002     --HOLE-- [fill = 0]
                  00009158    00000010     empty_pem4f.oem4f (.text:.bootCodeSection:ti_catalog_arm_cortexm4_tiva_ce_Boot_init__I)
                  00009168    00000010     drivers_tivaware.aem4f : UARTTiva.oem4f (.text:readBlockingTimeout)
                  00009178    00000010     sysbios.aem4f : BIOS.obj (.text:ti_sysbios_BIOS_getCpuFreq__E)
                  00009188    00000010                   : BIOS.obj (.text:ti_sysbios_BIOS_setThreadType__E)
                  00009198    00000010                   : BIOS.obj (.text:ti_sysbios_BIOS_start__E)
                  000091a8    00000010                   : BIOS.obj (.text:ti_sysbios_family_arm_lm4_TimestampProvider_rolloverFunc__E)
                  000091b8    00000010                   : m3_TaskSupport_asm.obj (.text:ti_sysbios_family_arm_m3_TaskSupport_glue)
                  000091c8    00000010                   : BIOS.obj (.text:ti_sysbios_gates_GateMutex_Instance_finalize__E)
                  000091d8    00000010     empty_pem4f.oem4f (.text:ti_sysbios_hal_Timer_TimerProxy_Object__create__S)
                  000091e8    00000010     sysbios.aem4f : BIOS.obj (.text:ti_sysbios_knl_Semaphore_Instance_finalize__E)
                  000091f8    00000010                   : BIOS.obj (.text:ti_sysbios_knl_Swi_disable__E)
                  00009208    00000010     empty_pem4f.oem4f (.text:ti_sysbios_knl_Task_Object__get__S)
                  00009218    00000010     sysbios.aem4f : BIOS.obj (.text:ti_sysbios_knl_Task_disable__E)
                  00009228    00000010     ti.targets.arm.rtsarm.aem4f : Gate.oem4f (.text:xdc_runtime_Gate_leaveSystem__E)
                  00009238    00000010                                 : Memory.oem4f (.text:xdc_runtime_Memory_free__E)
                  00009248    00000010                                 : SysMin.oem4f (.text:xdc_runtime_SysMin_ready__E)
                  00009258    00000010                                 : System.oem4f (.text:xdc_runtime_System_vsnprintf__E)
                  00009268    00000010     empty_pem4f.oem4f (.text:xdc_runtime_Text_visitRope__I)
                  00009278    0000000e     driverlib.lib : gpio.obj (.text:GPIOIntStatus)
                  00009286    0000000e                   : uart.obj (.text:UARTCharGetNonBlocking)
                  00009294    0000000e                   : uart.obj (.text:UARTCharPutNonBlocking)
                  000092a2    0000000e     rtsv7M4_T_le_v4SPD16_eabi.lib : copy_decompress_none.c.obj (.text:decompress:none:__TI_decompress_none)
                  000092b0    0000000e     sysbios.aem4f : BIOS.obj (.text:ti_sysbios_knl_Idle_loop__E)
                  000092be    00000002     --HOLE-- [fill = 0]
                  000092c0    0000000e                   : BIOS.obj (.text:ti_sysbios_knl_Queue_empty__E)
                  000092ce    0000000c     drivers_tivaware.aem4f : RingBuf.oem4f (.text:RingBuf_peek)
                  000092da    0000000c     driverlib.lib : uart.obj (.text:UARTFlowControlSet)
                  000092e6    0000000c     drivers_tivaware.aem4f : UARTTiva.oem4f (.text:UARTTiva_init)
                  000092f2    00000002     --HOLE-- [fill = 0]
                  000092f4    0000000c     rtsv7M4_T_le_v4SPD16_eabi.lib : _lock.c.obj (.text:_register_lock)
                  00009300    0000000c                                   : _lock.c.obj (.text:_register_unlock)
                  0000930c    0000000c                                   : copy_zero_init.c.obj (.text:decompress:ZI:__TI_zero_init)
                  00009318    0000000c     sysbios.aem4f : BIOS.obj (.text:ti_sysbios_family_arm_lm4_Timer_getMaxTicks__E)
                  00009324    00000004     --HOLE-- [fill = 0]
                  00009328    0000000c                   : BIOS.obj (.text:ti_sysbios_family_arm_lm4_TimestampProvider_startTimer__E)
                  00009334    0000000c     empty_pem4f.oem4f (.text:ti_sysbios_family_arm_m3_Hwi_Params__init__S)
                  00009340    0000000c     sysbios.aem4f : BIOS.obj (.text:ti_sysbios_family_arm_m3_Hwi_disableFxn__E)
                  0000934c    00000004     --HOLE-- [fill = 0]
                  00009350    0000000c                   : BIOS.obj (.text:ti_sysbios_family_arm_m3_TaskSupport_checkStack__E)
                  0000935c    00000004     --HOLE-- [fill = 0]
                  00009360    0000000c                   : BIOS.obj (.text:ti_sysbios_family_arm_m3_TaskSupport_getStackAlignment__E)
                  0000936c    00000004     --HOLE-- [fill = 0]
                  00009370    0000000c                   : BIOS.obj (.text:ti_sysbios_gates_GateHwi_enter__E)
                  0000937c    00000004     --HOLE-- [fill = 0]
                  00009380    0000000c                   : BIOS.obj (.text:ti_sysbios_hal_SecondsClock_set__E)
                  0000938c    0000000c     empty_pem4f.oem4f (.text:ti_sysbios_hal_Timer_Params__init__S)
                  00009398    0000000c     empty_pem4f.oem4f (.text:ti_sysbios_knl_Clock_Params__init__S)
                  000093a4    0000000c     empty_pem4f.oem4f (.text:ti_sysbios_knl_Queue_Object__get__S)
                  000093b0    0000000c     empty_pem4f.oem4f (.text:ti_sysbios_knl_Semaphore_Params__init__S)
                  000093bc    0000000c     empty_pem4f.oem4f (.text:ti_sysbios_knl_Task_Params__init__S)
                  000093c8    0000000c     ti.targets.arm.rtsarm.aem4f : Error.oem4f (.text:xdc_runtime_Error_init__E)
                  000093d4    0000000c                                 : Gate.oem4f (.text:xdc_runtime_Gate_enterSystem__E)
                  000093e0    0000000c                                 : Memory.oem4f (.text:xdc_runtime_Memory_calloc__E)
                  000093ec    0000000c                                 : Memory.oem4f (.text:xdc_runtime_Memory_getMaxDefaultTypeAlign__E)
                  000093f8    0000000a     driverlib.lib : i2c.obj (.text:I2CMasterDisable)
                  00009402    0000000a                   : i2c.obj (.text:I2CMasterEnable)
                  0000940c    0000000a     drivers_tivaware.aem4f : I2CTiva.oem4f (.text:I2CTiva_init)
                  00009416    0000000a     driverlib.lib : uart.obj (.text:UARTCharGet)
                  00009420    0000000a                   : uart.obj (.text:UARTCharPut)
                  0000942a    0000000a                   : uart.obj (.text:UARTIntDisable)
                  00009434    0000000a                   : uart.obj (.text:UARTIntStatus)
                  0000943e    0000000a     drivers_tivaware.aem4f : UART.oem4f (.text:UART_write)
                  00009448    0000000a     rtsv7M4_T_le_v4SPD16_eabi.lib : sprintf.c.obj (.text:_outc)
                  00009452    00000006     drivers_tivaware.aem4f : I2CTiva.oem4f (.text:I2CTiva_control)
                  00009458    0000000a     sysbios.aem4f : BIOS.obj (.text:ti_sysbios_hal_Timer_Instance_finalize__E)
                  00009462    0000000a     empty_pem4f.oem4f (.text:xdc_runtime_IHeap_alloc)
                  0000946c    0000000a     empty_pem4f.oem4f (.text:xdc_runtime_IHeap_free)
                  00009476    00000008     EK_TM4C1294XL.obj (.text:EK_TM4C1294XL_initGPIO)
                  0000947e    00000008     driverlib.lib : i2c.obj (.text:I2CMasterIntClear)
                  00009486    00000008                   : i2c.obj (.text:I2CMasterSlaveAddrSet)
                  0000948e    00000008     drivers_tivaware.aem4f : I2CTiva.oem4f (.text:I2CTiva_blockingCallback)
                  00009496    00000008     driverlib.lib : uart.obj (.text:UARTIntEnable)
                  0000949e    00000008                   : uart.obj (.text:UARTRxErrorGet)
                  000094a6    00000002     --HOLE-- [fill = 0]
                  000094a8    00000008     rtsv7M4_T_le_v4SPD16_eabi.lib : errno.c.obj (.text:__aeabi_errno_addr)
                  000094b0    00000008     drivers_tivaware.aem4f : UARTTiva.oem4f (.text:readSemCallback)
                  000094b8    00000008     sysbios.aem4f : BIOS.obj (.text:ti_sysbios_family_arm_lm4_Timer_masterDisable__I)
                  000094c0    00000008                   : BIOS.obj (.text:ti_sysbios_family_arm_m3_Hwi_doSwiRestore__I)
                  000094c8    00000008                   : BIOS.obj (.text:ti_sysbios_family_arm_m3_Hwi_startup__E)
                  000094d0    00000008     drivers_tivaware.aem4f : UARTTiva.oem4f (.text:writeSemCallback)
                  000094d8    00000006     driverlib.lib : uart.obj (.text:UARTFIFOLevelSet)
                  000094de    00000006                   : uart.obj (.text:UARTRxErrorClear)
                  000094e4    00000004     --HOLE-- [fill = 0]
                  000094e8    00000006     sysbios.aem4f : BIOS.obj (.text:ti_sysbios_family_arm_lm4_TimestampProvider_Module_startup__E)
                  000094ee    00000002     --HOLE-- [fill = 0]
                  000094f0    00000006                   : BIOS.obj (.text:ti_sysbios_family_arm_m3_Hwi_doTaskRestore__I)
                  000094f6    00000002     --HOLE-- [fill = 0]
                  000094f8    00000006                   : BIOS.obj (.text:ti_sysbios_family_arm_m3_Hwi_restoreFxn__E)
                  000094fe    00000002     --HOLE-- [fill = 0]
                  00009500    00000006                   : BIOS.obj (.text:ti_sysbios_gates_GateHwi_leave__E)
                  00009506    00000002     --HOLE-- [fill = 0]
                  00009508    00000006                   : BIOS.obj (.text:ti_sysbios_heaps_HeapMem_isBlocking__E)
                  0000950e    00000002     --HOLE-- [fill = 0]
                  00009510    00000006                   : BIOS.obj (.text:ti_sysbios_knl_Clock_stop__E)
                  00009516    00000002     --HOLE-- [fill = 0]
                  00009518    00000006                   : BIOS.obj (.text:ti_sysbios_knl_Queue_Instance_init__E)
                  0000951e    00000002     --HOLE-- [fill = 0]
                  00009520    00000006                   : BIOS.obj (.text:ti_sysbios_knl_Swi_startup__E)
                  00009526    00000006     ti.targets.arm.rtsarm.aem4f : System.oem4f (.text:xdc_runtime_System_Module_startup__E)
                  0000952c    00000004     --HOLE-- [fill = 0]
                  00009530    00000004     sysbios.aem4f : BIOS.obj (.text:ti_sysbios_family_arm_lm4_Timer_getPeriod__E)
                  00009534    00000004     --HOLE-- [fill = 0]
                  00009538    00000004                   : BIOS.obj (.text:ti_sysbios_gates_GateHwi_query__E)
                  0000953c    00000004     --HOLE-- [fill = 0]
                  00009540    00000004                   : BIOS.obj (.text:ti_sysbios_gates_GateMutex_query__E)
                  00009544    00000004     --HOLE-- [fill = 0]
                  00009548    00000004                   : BIOS.obj (.text:ti_sysbios_knl_Task_startup__E)
                  0000954c    00000004     --HOLE-- [fill = 0]
                  00009550    00000002                   : BIOS.obj (.text:ti_sysbios_gates_GateHwi_Instance_init__E)
                  00009552    00000006     --HOLE-- [fill = 0]
                  00009558    00000002                   : BIOS.obj (.text:ti_sysbios_knl_Clock_logTick__E)

.const     0    0000955c    00002494     
                  0000955c    000018ae     empty_pem4f.oem4f (.const:xdc_runtime_Text_charTab__A)
                  0000ae0a    00000002     empty_pem4f.oem4f (.const:ti_catalog_arm_cortexm4_tiva_ce_Boot_Module__id__C)
                  0000ae0c    00000120     Boot.aem4f : Boot_sysctl.oem4f (.const:g_pppui32XTALtoVCO)
                  0000af2c    00000101     rtsv7M4_T_le_v4SPD16_eabi.lib : ctype.c.obj (.const:.string:_ctypes_)
                  0000b02d    00000001     empty_pem4f.oem4f (.const:xdc_runtime_Error_policy__C)
                  0000b02e    000000d0     empty_pem4f.oem4f (.const:xdc_runtime_Text_nodeTab__A)
                  0000b0fe    00000002     empty_pem4f.oem4f (.const:ti_sysbios_family_arm_lm4_Timer_Module__id__C)
                  0000b100    00000090     driverlib.lib : gpio.obj (.const:g_pui32GPIOBaseAddrs)
                  0000b190    0000006c     Boot.aem4f : Boot_sysctl.oem4f (.const:g_pui32Xtals)
                  0000b1fc    00000054     drivers_tivaware.aem4f : GPIOTiva.oem4f (.const:.string)
                  0000b250    0000004c                            : UARTTiva.oem4f (.const)
                  0000b29c    00000048     empty_pem4f.oem4f (.const:.string)
                  0000b2e4    00000048     drivers_tivaware.aem4f : GPIOTiva.oem4f (.const:gpioBaseAddresses)
                  0000b32c    0000003c     empty_pem4f.oem4f (.const:ti_sysbios_family_arm_lm4_Timer_Object__PARAMS__C)
                  0000b368    0000003c     empty_pem4f.oem4f (.const:ti_sysbios_knl_Task_Object__PARAMS__C)
                  0000b3a4    00000030     Boot.aem4f : Boot_sysctl.oem4f (.const:g_sXTALtoMEMTIM)
                  0000b3d4    00000030     empty_pem4f.oem4f (.const:ti_sysbios_family_arm_m3_Hwi_Object__PARAMS__C)
                  0000b404    00000030     empty_pem4f.oem4f (.const:ti_sysbios_hal_Timer_Object__PARAMS__C)
                  0000b434    0000002c     empty_pem4f.oem4f (.const:xdc_runtime_Startup_sfxnTab__A)
                  0000b460    00000028     drivers_tivaware.aem4f : UARTTiva.oem4f (.const:UARTTiva_fxnTable)
                  0000b488    00000028     empty_pem4f.oem4f (.const:ti_sysbios_heaps_HeapMem_Module__FXNS__C)
                  0000b4b0    00000024     EK_TM4C1294XL.obj (.const:I2C_config)
                  0000b4d4    00000024     empty_pem4f.oem4f (.const:ti_sysbios_gates_GateHwi_Module__FXNS__C)
                  0000b4f8    00000024     empty_pem4f.oem4f (.const:ti_sysbios_gates_GateMutex_Module__FXNS__C)
                  0000b51c    00000024     empty_pem4f.oem4f (.const:ti_sysbios_heaps_HeapMem_Object__PARAMS__C)
                  0000b540    00000024     empty_pem4f.oem4f (.const:ti_sysbios_knl_Clock_Object__PARAMS__C)
                  0000b564    00000024     empty_pem4f.oem4f (.const:ti_sysbios_knl_Semaphore_Object__PARAMS__C)
                  0000b588    00000020     empty_pem4f.oem4f (.const:ti_sysbios_family_arm_lm4_Timer_Object__DESC__C)
                  0000b5a8    00000020     empty_pem4f.oem4f (.const:ti_sysbios_family_arm_m3_Hwi_Object__DESC__C)
                  0000b5c8    00000020     empty_pem4f.oem4f (.const:ti_sysbios_gates_GateHwi_Object__DESC__C)
                  0000b5e8    00000020     empty_pem4f.oem4f (.const:ti_sysbios_gates_GateMutex_Object__DESC__C)
                  0000b608    00000020     empty_pem4f.oem4f (.const:ti_sysbios_hal_Timer_Object__DESC__C)
                  0000b628    00000020     empty_pem4f.oem4f (.const:ti_sysbios_heaps_HeapMem_Object__DESC__C)
                  0000b648    00000020     empty_pem4f.oem4f (.const:ti_sysbios_knl_Clock_Object__DESC__C)
                  0000b668    00000020     empty_pem4f.oem4f (.const:ti_sysbios_knl_Queue_Object__DESC__C)
                  0000b688    00000020     empty_pem4f.oem4f (.const:ti_sysbios_knl_Semaphore_Object__DESC__C)
                  0000b6a8    00000020     empty_pem4f.oem4f (.const:ti_sysbios_knl_Task_Object__DESC__C)
                  0000b6c8    0000001c     drivers_tivaware.aem4f : I2CTiva.oem4f (.const)
                  0000b6e4    0000001c     touch.obj (.const:g_pi32TouchParameters)
                  0000b700    00000018     EK_TM4C1294XL.obj (.const:UART_config)
                  0000b718    00000018     EK_TM4C1294XL.obj (.const:i2cTivaHWAttrs)
                  0000b730    00000018     empty_pem4f.oem4f (.const:ti_sysbios_gates_GateHwi_Object__PARAMS__C)
                  0000b748    00000018     empty_pem4f.oem4f (.const:ti_sysbios_gates_GateMutex_Object__PARAMS__C)
                  0000b760    00000018     empty_pem4f.oem4f (.const:ti_sysbios_knl_Queue_Object__PARAMS__C)
                  0000b778    00000018     EK_TM4C1294XL.obj (.const:uartTivaHWAttrs)
                  0000b790    00000016     empty_pem4f.oem4f (.const:xdc_runtime_Startup_sfxnRts__A)
                  0000b7a6    00000002     empty_pem4f.oem4f (.const:ti_sysbios_family_arm_lm4_Timer_supportsAltclk__C)
                  0000b7a8    00000014     EK_TM4C1294XL.obj (.const:GPIOTiva_config)
                  0000b7bc    00000014     empty_pem4f.oem4f (.const:xdc_runtime_Startup_firstFxns__A)
                  0000b7d0    00000008     Boot.aem4f : Boot_sysctl.oem4f (.const)
                  0000b7d8    00000008     empty_pem4f.oem4f (.const:ti_sysbios_family_arm_m3_Hwi_excHookFuncs__A)
                  0000b7e0    00000008     empty_pem4f.oem4f (.const:ti_sysbios_knl_Idle_funcList__C)
                  0000b7e8    00000008     empty_pem4f.oem4f (.const:xdc_runtime_Startup_firstFxns__C)
                  0000b7f0    00000008     empty_pem4f.oem4f (.const:xdc_runtime_Startup_lastFxns__C)
                  0000b7f8    00000004     empty_pem4f.oem4f (.const:ti_catalog_arm_cortexm4_tiva_ce_Boot_A_mustNotUseEnhancedClockMode__C)
                  0000b7fc    00000004     empty_pem4f.oem4f (.const:ti_catalog_arm_cortexm4_tiva_ce_Boot_Module__diagsEnabled__C)
                  0000b800    00000004     empty_pem4f.oem4f (.const:ti_catalog_arm_cortexm4_tiva_ce_Boot_Module__diagsIncluded__C)
                  0000b804    00000004     empty_pem4f.oem4f (.const:ti_catalog_arm_cortexm4_tiva_ce_Boot_Module__diagsMask__C)
                  0000b808    00000004     empty_pem4f.oem4f (.const:ti_sysbios_family_arm_lm4_Timer_E_cannotSupport__C)
                  0000b80c    00000004     empty_pem4f.oem4f (.const:ti_sysbios_family_arm_lm4_Timer_E_invalidTimer__C)
                  0000b810    00000004     empty_pem4f.oem4f (.const:ti_sysbios_family_arm_lm4_Timer_E_noaltclk__C)
                  0000b814    00000004     empty_pem4f.oem4f (.const:ti_sysbios_family_arm_lm4_Timer_E_notAvailable__C)
                  0000b818    00000004     empty_pem4f.oem4f (.const:ti_sysbios_family_arm_lm4_Timer_anyMask__C)
                  0000b81c    00000004     empty_pem4f.oem4f (.const:ti_sysbios_family_arm_lm4_Timer_disableFunc__C)
                  0000b820    00000004     empty_pem4f.oem4f (.const:ti_sysbios_family_arm_lm4_Timer_enableFunc__C)
                  0000b824    00000004     empty_pem4f.oem4f (.const:ti_sysbios_family_arm_lm4_Timer_numTimerDevices__C)
                  0000b828    00000004     empty_pem4f.oem4f (.const:ti_sysbios_family_arm_lm4_Timer_startupNeeded__C)
                  0000b82c    00000004     empty_pem4f.oem4f (.const:ti_sysbios_family_arm_m3_Hwi_E_NMI__C)
                  0000b830    00000004     empty_pem4f.oem4f (.const:ti_sysbios_family_arm_m3_Hwi_E_alreadyDefined__C)
                  0000b834    00000004     empty_pem4f.oem4f (.const:ti_sysbios_family_arm_m3_Hwi_E_busFault__C)
                  0000b838    00000004     empty_pem4f.oem4f (.const:ti_sysbios_family_arm_m3_Hwi_E_debugMon__C)
                  0000b83c    00000004     empty_pem4f.oem4f (.const:ti_sysbios_family_arm_m3_Hwi_E_hardFault__C)
                  0000b840    00000004     empty_pem4f.oem4f (.const:ti_sysbios_family_arm_m3_Hwi_E_memFault__C)
                  0000b844    00000004     empty_pem4f.oem4f (.const:ti_sysbios_family_arm_m3_Hwi_E_noIsr__C)
                  0000b848    00000004     empty_pem4f.oem4f (.const:ti_sysbios_family_arm_m3_Hwi_E_reserved__C)
                  0000b84c    00000004     empty_pem4f.oem4f (.const:ti_sysbios_family_arm_m3_Hwi_E_svCall__C)
                  0000b850    00000004     empty_pem4f.oem4f (.const:ti_sysbios_family_arm_m3_Hwi_E_usageFault__C)
                  0000b854    00000004     empty_pem4f.oem4f (.const:ti_sysbios_family_arm_m3_Hwi_NUM_INTERRUPTS__C)
                  0000b858    00000004     empty_pem4f.oem4f (.const:ti_sysbios_family_arm_m3_Hwi_Object__count__C)
                  0000b85c    00000004     empty_pem4f.oem4f (.const:ti_sysbios_family_arm_m3_Hwi_ccr__C)
                  0000b860    00000004     empty_pem4f.oem4f (.const:ti_sysbios_family_arm_m3_Hwi_excHandlerFunc__C)
                  0000b864    00000004     empty_pem4f.oem4f (.const:ti_sysbios_family_arm_m3_Hwi_excHookFuncs__C)
                  0000b868    00000004     empty_pem4f.oem4f (.const:ti_sysbios_family_arm_m3_Hwi_nullIsrFunc__C)
                  0000b86c    00000004     empty_pem4f.oem4f (.const:ti_sysbios_family_arm_m3_Hwi_priGroup__C)
                  0000b870    00000004     empty_pem4f.oem4f (.const:ti_sysbios_family_arm_m3_TaskSupport_stackAlignment__C)
                  0000b874    00000004     empty_pem4f.oem4f (.const:ti_sysbios_gates_GateMutex_A_badContext__C)
                  0000b878    00000004     empty_pem4f.oem4f (.const:ti_sysbios_gates_GateMutex_Instance_State_sem__O)
                  0000b87c    00000004     empty_pem4f.oem4f (.const:ti_sysbios_gates_GateMutex_Module__diagsEnabled__C)
                  0000b880    00000004     empty_pem4f.oem4f (.const:ti_sysbios_gates_GateMutex_Module__diagsIncluded__C)
                  0000b884    00000004     empty_pem4f.oem4f (.const:ti_sysbios_gates_GateMutex_Module__diagsMask__C)
                  0000b888    00000004     empty_pem4f.oem4f (.const:ti_sysbios_hal_Hwi_E_stackOverflow__C)
                  0000b88c    00000004     empty_pem4f.oem4f (.const:ti_sysbios_hal_SecondsClock_Module_State_clock__O)
                  0000b890    00000004     empty_pem4f.oem4f (.const:ti_sysbios_heaps_HeapMem_A_align__C)
                  0000b894    00000004     empty_pem4f.oem4f (.const:ti_sysbios_heaps_HeapMem_A_heapSize__C)
                  0000b898    00000004     empty_pem4f.oem4f (.const:ti_sysbios_heaps_HeapMem_A_invalidFree__C)
                  0000b89c    00000004     empty_pem4f.oem4f (.const:ti_sysbios_heaps_HeapMem_A_zeroBlock__C)
                  0000b8a0    00000004     empty_pem4f.oem4f (.const:ti_sysbios_heaps_HeapMem_E_memory__C)
                  0000b8a4    00000004     empty_pem4f.oem4f (.const:ti_sysbios_heaps_HeapMem_Module__diagsEnabled__C)
                  0000b8a8    00000004     empty_pem4f.oem4f (.const:ti_sysbios_heaps_HeapMem_Module__diagsIncluded__C)
                  0000b8ac    00000004     empty_pem4f.oem4f (.const:ti_sysbios_heaps_HeapMem_Module__diagsMask__C)
                  0000b8b0    00000004     empty_pem4f.oem4f (.const:ti_sysbios_heaps_HeapMem_Module__gateObj__C)
                  0000b8b4    00000004     empty_pem4f.oem4f (.const:ti_sysbios_heaps_HeapMem_Object__count__C)
                  0000b8b8    00000004     empty_pem4f.oem4f (.const:ti_sysbios_heaps_HeapMem_reqAlign__C)
                  0000b8bc    00000004     empty_pem4f.oem4f (.const:ti_sysbios_knl_Clock_A_badThreadType__C)
                  0000b8c0    00000004     empty_pem4f.oem4f (.const:ti_sysbios_knl_Clock_Module_State_clockQ__O)
                  0000b8c4    00000004     empty_pem4f.oem4f (.const:ti_sysbios_knl_Clock_Module__diagsEnabled__C)
                  0000b8c8    00000004     empty_pem4f.oem4f (.const:ti_sysbios_knl_Clock_Module__diagsIncluded__C)
                  0000b8cc    00000004     empty_pem4f.oem4f (.const:ti_sysbios_knl_Clock_Module__diagsMask__C)
                  0000b8d0    00000004     empty_pem4f.oem4f (.const:ti_sysbios_knl_Clock_tickPeriod__C)
                  0000b8d4    00000004     empty_pem4f.oem4f (.const:ti_sysbios_knl_Idle_funcList__A)
                  0000b8d8    00000004     empty_pem4f.oem4f (.const:ti_sysbios_knl_Semaphore_A_badContext__C)
                  0000b8dc    00000004     empty_pem4f.oem4f (.const:ti_sysbios_knl_Semaphore_A_noEvents__C)
                  0000b8e0    00000004     empty_pem4f.oem4f (.const:ti_sysbios_knl_Semaphore_A_overflow__C)
                  0000b8e4    00000004     empty_pem4f.oem4f (.const:ti_sysbios_knl_Semaphore_A_pendTaskDisabled__C)
                  0000b8e8    00000004     empty_pem4f.oem4f (.const:ti_sysbios_knl_Semaphore_Instance_State_pendQ__O)
                  0000b8ec    00000004     empty_pem4f.oem4f (.const:ti_sysbios_knl_Semaphore_Module__diagsEnabled__C)
                  0000b8f0    00000004     empty_pem4f.oem4f (.const:ti_sysbios_knl_Semaphore_Module__diagsIncluded__C)
                  0000b8f4    00000004     empty_pem4f.oem4f (.const:ti_sysbios_knl_Semaphore_Module__diagsMask__C)
                  0000b8f8    00000004     empty_pem4f.oem4f (.const:ti_sysbios_knl_Swi_Object__count__C)
                  0000b8fc    00000004     empty_pem4f.oem4f (.const:ti_sysbios_knl_Task_A_badPriority__C)
                  0000b900    00000004     empty_pem4f.oem4f (.const:ti_sysbios_knl_Task_A_badTaskState__C)
                  0000b904    00000004     empty_pem4f.oem4f (.const:ti_sysbios_knl_Task_A_badThreadType__C)
                  0000b908    00000004     empty_pem4f.oem4f (.const:ti_sysbios_knl_Task_A_badTimeout__C)
                  0000b90c    00000004     empty_pem4f.oem4f (.const:ti_sysbios_knl_Task_A_noPendElem__C)
                  0000b910    00000004     empty_pem4f.oem4f (.const:ti_sysbios_knl_Task_A_sleepTaskDisabled__C)
                  0000b914    00000004     empty_pem4f.oem4f (.const:ti_sysbios_knl_Task_E_spOutOfBounds__C)
                  0000b918    00000004     empty_pem4f.oem4f (.const:ti_sysbios_knl_Task_E_stackOverflow__C)
                  0000b91c    00000004     empty_pem4f.oem4f (.const:ti_sysbios_knl_Task_Module_State_inactiveQ__O)
                  0000b920    00000004     empty_pem4f.oem4f (.const:ti_sysbios_knl_Task_Module__diagsEnabled__C)
                  0000b924    00000004     empty_pem4f.oem4f (.const:ti_sysbios_knl_Task_Module__diagsIncluded__C)
                  0000b928    00000004     empty_pem4f.oem4f (.const:ti_sysbios_knl_Task_Module__diagsMask__C)
                  0000b92c    00000004     empty_pem4f.oem4f (.const:ti_sysbios_knl_Task_Object__count__C)
                  0000b930    00000004     empty_pem4f.oem4f (.const:ti_sysbios_knl_Task_allBlockedFunc__C)
                  0000b934    00000004     empty_pem4f.oem4f (.const:ti_sysbios_knl_Task_defaultStackHeap__C)
                  0000b938    00000004     empty_pem4f.oem4f (.const:ti_sysbios_knl_Task_defaultStackSize__C)
                  0000b93c    00000004     empty_pem4f.oem4f (.const:ti_sysbios_knl_Task_numConstructedTasks__C)
                  0000b940    00000004     empty_pem4f.oem4f (.const:xdc_runtime_Assert_E_assertFailed__C)
                  0000b944    00000004     empty_pem4f.oem4f (.const:xdc_runtime_Core_A_initializedParams__C)
                  0000b948    00000004     empty_pem4f.oem4f (.const:xdc_runtime_Core_Module__diagsEnabled__C)
                  0000b94c    00000004     empty_pem4f.oem4f (.const:xdc_runtime_Core_Module__diagsIncluded__C)
                  0000b950    00000004     empty_pem4f.oem4f (.const:xdc_runtime_Core_Module__diagsMask__C)
                  0000b954    00000004     empty_pem4f.oem4f (.const:xdc_runtime_Error_E_memory__C)
                  0000b958    00000004     empty_pem4f.oem4f (.const:xdc_runtime_Error_Module__diagsEnabled__C)
                  0000b95c    00000004     empty_pem4f.oem4f (.const:xdc_runtime_Error_Module__diagsIncluded__C)
                  0000b960    00000004     empty_pem4f.oem4f (.const:xdc_runtime_Error_Module__diagsMask__C)
                  0000b964    00000004     empty_pem4f.oem4f (.const:xdc_runtime_Error_Module__loggerFxn8__C)
                  0000b968    00000004     empty_pem4f.oem4f (.const:xdc_runtime_Error_Module__loggerObj__C)
                  0000b96c    00000004     empty_pem4f.oem4f (.const:xdc_runtime_Error_policyFxn__C)
                  0000b970    00000004     empty_pem4f.oem4f (.const:xdc_runtime_Error_raiseHook__C)
                  0000b974    00000004     empty_pem4f.oem4f (.const:xdc_runtime_IGateProvider_Interface__BASE__C)
                  0000b978    00000004     empty_pem4f.oem4f (.const:xdc_runtime_IHeap_Interface__BASE__C)
                  0000b97c    00000004     empty_pem4f.oem4f (.const:xdc_runtime_IModule_Interface__BASE__C)
                  0000b980    00000004     empty_pem4f.oem4f (.const:xdc_runtime_Log_L_error__C)
                  0000b984    00000004     empty_pem4f.oem4f (.const:xdc_runtime_Memory_defaultHeapInstance__C)
                  0000b988    00000004     empty_pem4f.oem4f (.const:xdc_runtime_Startup_execImpl__C)
                  0000b98c    00000004     empty_pem4f.oem4f (.const:xdc_runtime_Startup_lastFxns__A)
                  0000b990    00000004     empty_pem4f.oem4f (.const:xdc_runtime_Startup_maxPasses__C)
                  0000b994    00000004     empty_pem4f.oem4f (.const:xdc_runtime_Startup_sfxnRts__C)
                  0000b998    00000004     empty_pem4f.oem4f (.const:xdc_runtime_Startup_sfxnTab__C)
                  0000b99c    00000004     empty_pem4f.oem4f (.const:xdc_runtime_SysMin_bufSize__C)
                  0000b9a0    00000004     empty_pem4f.oem4f (.const:xdc_runtime_SysMin_outputFunc__C)
                  0000b9a4    00000004     empty_pem4f.oem4f (.const:xdc_runtime_System_Module__gateObj__C)
                  0000b9a8    00000004     empty_pem4f.oem4f (.const:xdc_runtime_System_abortFxn__C)
                  0000b9ac    00000004     empty_pem4f.oem4f (.const:xdc_runtime_System_exitFxn__C)
                  0000b9b0    00000004     empty_pem4f.oem4f (.const:xdc_runtime_System_extendFxn__C)
                  0000b9b4    00000004     empty_pem4f.oem4f (.const:xdc_runtime_System_maxAtexitHandlers__C)
                  0000b9b8    00000004     empty_pem4f.oem4f (.const:xdc_runtime_Text_charTab__C)
                  0000b9bc    00000004     empty_pem4f.oem4f (.const:xdc_runtime_Text_nameEmpty__C)
                  0000b9c0    00000004     empty_pem4f.oem4f (.const:xdc_runtime_Text_nameStatic__C)
                  0000b9c4    00000004     empty_pem4f.oem4f (.const:xdc_runtime_Text_nameUnknown__C)
                  0000b9c8    00000004     empty_pem4f.oem4f (.const:xdc_runtime_Text_nodeTab__C)
                  0000b9cc    00000004     empty_pem4f.oem4f (.const:xdc_runtime_Text_visitRopeFxn__C)
                  0000b9d0    00000002     empty_pem4f.oem4f (.const:ti_sysbios_family_arm_m3_Hwi_Module__id__C)
                  0000b9d2    00000002     empty_pem4f.oem4f (.const:ti_sysbios_gates_GateMutex_Module__id__C)
                  0000b9d4    00000002     empty_pem4f.oem4f (.const:ti_sysbios_hal_Hwi_Module__id__C)
                  0000b9d6    00000002     empty_pem4f.oem4f (.const:ti_sysbios_heaps_HeapMem_Module__id__C)
                  0000b9d8    00000002     empty_pem4f.oem4f (.const:ti_sysbios_knl_Clock_Module__id__C)
                  0000b9da    00000002     empty_pem4f.oem4f (.const:ti_sysbios_knl_Semaphore_Module__id__C)
                  0000b9dc    00000002     empty_pem4f.oem4f (.const:ti_sysbios_knl_Task_Module__id__C)
                  0000b9de    00000002     empty_pem4f.oem4f (.const:xdc_runtime_Core_Module__id__C)
                  0000b9e0    00000002     empty_pem4f.oem4f (.const:xdc_runtime_Error_Module__loggerDefined__C)
                  0000b9e2    00000002     empty_pem4f.oem4f (.const:xdc_runtime_Error_maxDepth__C)
                  0000b9e4    00000002     empty_pem4f.oem4f (.const:xdc_runtime_Memory_Module__id__C)
                  0000b9e6    00000002     empty_pem4f.oem4f (.const:xdc_runtime_SysMin_flushAtExit__C)
                  0000b9e8    00000002     empty_pem4f.oem4f (.const:xdc_runtime_Text_charCnt__C)
                  0000b9ea    00000002     empty_pem4f.oem4f (.const:xdc_runtime_Text_isLoaded__C)
                  0000b9ec    00000002     empty_pem4f.oem4f (.const:xdc_runtime_Text_registryModsLastId__C)
                  0000b9ee    00000002     empty_pem4f.oem4f (.const:xdc_runtime_Text_unnamedModsLastId__C)

.cinit     0    0000b9f0    00000268     
                  0000b9f0    0000022d     (.cinit..data.load) [load image, compression = lzss]
                  0000bc1d    00000003     --HOLE-- [fill = 0]
                  0000bc20    0000000c     (__TI_handler_table)
                  0000bc2c    00000004     --HOLE-- [fill = 0]
                  0000bc30    00000008     (.cinit..bss.load) [load image, compression = zero_init]
                  0000bc38    00000008     (.cinit..vecs.load) [load image, compression = zero_init]
                  0000bc40    00000018     (__TI_cinit_table)

.init_array 
*          0    00000000    00000000     UNINITIALIZED

.resetVecs 
*          0    00000000    0000003c     
                  00000000    0000003c     empty_pem4f.oem4f (.resetVecs)

.bss       0    20000360    00001c14     UNINITIALIZED
                  20000360    00000800     (.common:task0Stack)
                  20000b60    00000800     (.common:ti_sysbios_heaps_HeapMem_Instance_State_0_buf__A)
                  20001360    00000400     empty_pem4f.oem4f (.bss:taskStackSection)
                  20001760    00000360     (.common:ti_sysbios_family_arm_m3_Hwi_dispatchTable)
                  20001ac0    00000120     rtsv7M4_T_le_v4SPD16_eabi.lib : trgmsg.c.obj (.bss:_CIOBUF_)
                  20001be0    00000100     (.common:i2cTivaObjects)
                  20001ce0    000000cc     (.common:uartTivaObjects)
                  20001dac    00000090     drivers_tivaware.aem4f : GPIOTiva.oem4f (.bss:gpioCallbackInfo)
                  20001e3c    00000080     (.common:xdc_runtime_SysMin_Module_State_0_outbuf__A)
                  20001ebc    00000050     (.common:task0Struct)
                  20001f0c    00000020     (.common:uartTivaRingBuffer)
                  20001f2c    00000018     (.common:datetime)
                  20001f44    00000010     touch.obj (.bss:g_pi16Samples)
                  20001f54    00000008     touch.obj (.bss)
                  20001f5c    00000008     (.common:parmbuf)
                  20001f64    00000004     (.common:gpioInterruptVectors)
                  20001f68    00000004     (.common:timerclock)
                  20001f6c    00000004     (.common:uart)
                  20001f70    00000002     (.common:g_i16TouchX)
                  20001f72    00000002     (.common:g_i16TouchY)

.data      0    20001f74    000004f6     UNINITIALIZED
                  20001f74    00000080     empty_pem4f.oem4f (.data:ti_sysbios_family_arm_lm4_Timer_Object__table__V)
                  20001ff4    00000080     empty_pem4f.oem4f (.data:ti_sysbios_knl_Swi_Module_State_0_readyQ__A)
                  20002074    00000080     empty_pem4f.oem4f (.data:ti_sysbios_knl_Task_Module_State_0_readyQ__A)
                  200020f4    0000004c     empty_pem4f.oem4f (.data:ti_sysbios_knl_Task_Object__table__V)
                  20002140    00000048     empty_pem4f.oem4f (.data:ti_sysbios_family_arm_m3_Hwi_Object__table__V)
                  20002188    00000044     empty_pem4f.oem4f (.data:ti_sysbios_knl_Task_Module__state__V)
                  200021cc    00000040     empty_pem4f.oem4f (.data:ti_sysbios_family_arm_lm4_Timer_Module_State_0_device__A)
                  2000220c    0000003c     empty_pem4f.oem4f (.data:ti_sysbios_hal_SecondsClock_Module__state__V)
                  20002248    00000038     empty_pem4f.oem4f (.data:ti_sysbios_gates_GateMutex_Object__table__V)
                  20002280    00000034     empty_pem4f.oem4f (.data:ti_sysbios_family_arm_m3_Hwi_Module__state__V)
                  200022b4    00000030     empty_pem4f.oem4f (.data:ti_sysbios_knl_Swi_Object__table__V)
                  200022e4    0000002c     empty_pem4f.oem4f (.data:ti_sysbios_knl_Clock_Module__state__V)
                  20002310    00000024     empty_pem4f.oem4f (.data:ti_sysbios_BIOS_Module__state__V)
                  20002334    00000020     empty_pem4f.oem4f (.data:ti_sysbios_family_arm_lm4_Timer_Module_State_0_handles__A)
                  20002354    0000001c     empty_pem4f.oem4f (.data:ti_sysbios_knl_Swi_Module__state__V)
                  20002370    00000018     empty_pem4f.oem4f (.data:ti_sysbios_heaps_HeapMem_Object__table__V)
                  20002388    00000010     EK_TM4C1294XL.obj (.data:gpioPinConfigs)
                  20002398    0000000c     empty_pem4f.oem4f (.data:ti_sysbios_family_arm_lm4_Timer_Module__state__V)
                  200023a4    0000000c     empty_pem4f.oem4f (.data:xdc_runtime_SysMin_Module__state__V)
                  200023b0    00000008     rtsv7M4_T_le_v4SPD16_eabi.lib : _lock.c.obj (.data:$O1$$)
                  200023b8    00000008     EK_TM4C1294XL.obj (.data:gpioCallbackFunctions)
                  200023c0    00000008     empty_pem4f.oem4f (.data:ti_sysbios_family_arm_lm4_Timer_Module__root__V)
                  200023c8    00000008     empty_pem4f.oem4f (.data:ti_sysbios_family_arm_lm4_TimestampProvider_Module__state__V)
                  200023d0    00000008     empty_pem4f.oem4f (.data:ti_sysbios_family_arm_m3_Hwi_Module__root__V)
                  200023d8    00000008     empty_pem4f.oem4f (.data:ti_sysbios_gates_GateHwi_Module__root__V)
                  200023e0    00000008     empty_pem4f.oem4f (.data:ti_sysbios_gates_GateMutex_Module__root__V)
                  200023e8    00000008     empty_pem4f.oem4f (.data:ti_sysbios_hal_Timer_Module__root__V)
                  200023f0    00000008     empty_pem4f.oem4f (.data:ti_sysbios_heaps_HeapMem_Module__root__V)
                  200023f8    00000008     empty_pem4f.oem4f (.data:ti_sysbios_knl_Clock_Module__root__V)
                  20002400    00000008     empty_pem4f.oem4f (.data:ti_sysbios_knl_Queue_Module__root__V)
                  20002408    00000008     empty_pem4f.oem4f (.data:ti_sysbios_knl_Semaphore_Module__root__V)
                  20002410    00000008     empty_pem4f.oem4f (.data:ti_sysbios_knl_Task_Module__root__V)
                  20002418    00000008     empty_pem4f.oem4f (.data:xdc_runtime_Registry_Module__state__V)
                  20002420    00000008     empty_pem4f.oem4f (.data:xdc_runtime_Startup_Module__state__V)
                  20002428    00000008     empty_pem4f.oem4f (.data:xdc_runtime_System_Module_State_0_atexitHandlers__A)
                  20002430    00000008     empty_pem4f.oem4f (.data:xdc_runtime_System_Module__state__V)
                  20002438    00000005     drivers_tivaware.aem4f : GPIOTiva.oem4f (.data)
                  2000243d    00000001     --HOLE--
                  2000243e    00000002     empty_pem4f.oem4f (.data:ti_sysbios_family_arm_m3_Hwi_Module_State_0_excActive__A)
                  20002440    00000004     drivers_tivaware.aem4f : I2C.oem4f (.data)
                  20002444    00000004                            : UART.oem4f (.data)
                  20002448    00000004     rtsv7M4_T_le_v4SPD16_eabi.lib : errno.c.obj (.data)
                  2000244c    00000004                                   : stkdepth_vars.c.obj (.data)
                  20002450    00000004     empty_pem4f.oem4f (.data:ti_sysbios_family_arm_m3_Hwi_Module_State_0_excContext__A)
                  20002454    00000004     empty_pem4f.oem4f (.data:ti_sysbios_family_arm_m3_Hwi_Module_State_0_excStack__A)
                  20002458    00000004     empty_pem4f.oem4f (.data:ti_sysbios_gates_GateHwi_Object__table__V)
                  2000245c    00000004     empty_pem4f.oem4f (.data:ti_sysbios_knl_Task_Module_State_0_idleTask__A)
                  20002460    00000004     touch.obj (.data)
                  20002464    00000004     empty_pem4f.oem4f (.data:xdc_runtime_Memory_Module__state__V)
                  20002468    00000002     empty_pem4f.oem4f (.data:xdc_runtime_Error_Module__state__V)

.stack     0    20002470    00000400     UNINITIALIZED
                  20002470    00000400     --HOLE--

.bootVecs 
*          0    00000000    00000008     DSECT
                  00000000    00000008     boot.aem4f : boot.oem4f (.bootVecs)

.vecs      0    20000000    00000360     UNINITIALIZED
                  20000000    00000360     empty_pem4f.oem4f (.vecs)

xdc.meta   0    00000000    00000106     COPY SECTION
                  00000000    00000106     empty_pem4f.oem4f (xdc.meta)

__llvm_prf_cnts 
*          0    20000000    00000000     UNINITIALIZED

MODULE SUMMARY

       Module                       code    ro data   rw data
       ------                       ----    -------   -------
    .\
       empty.obj                    426     0         2160   
       EK_TM4C1294XL.obj            340     128       516    
[...]
0000b4b0  I2C_config                                                           
0000b4d4  ti_sysbios_gates_GateHwi_Module__FXNS__C                             
0000b4f8  ti_sysbios_gates_GateMutex_Module__FXNS__C                           
0000b51c  ti_sysbios_heaps_HeapMem_Object__PARAMS__C                           
0000b540  ti_sysbios_knl_Clock_Object__PARAMS__C                               
0000b564  ti_sysbios_knl_Semaphore_Object__PARAMS__C                           
0000b588  ti_sysbios_family_arm_lm4_Timer_Object__DESC__C                      
0000b5a8  ti_sysbios_family_arm_m3_Hwi_Object__DESC__C                         
0000b5c8  ti_sysbios_gates_GateHwi_Object__DESC__C                             
0000b5e8  ti_sysbios_gates_GateMutex_Object__DESC__C                           
0000b608  ti_sysbios_hal_Timer_Object__DESC__C                                 
0000b628  ti_sysbios_heaps_HeapMem_Object__DESC__C                             
0000b648  ti_sysbios_knl_Clock_Object__DESC__C                                 
0000b668  ti_sysbios_knl_Queue_Object__DESC__C                                 
0000b688  ti_sysbios_knl_Semaphore_Object__DESC__C                             
0000b6a8  ti_sysbios_knl_Task_Object__DESC__C                                  
0000b6c8  I2CTiva_fxnTable                                                     
0000b6e4  g_pi32TouchParameters                                                
0000b700  UART_config                                                          
0000b718  i2cTivaHWAttrs                                                       
0000b730  ti_sysbios_gates_GateHwi_Object__PARAMS__C                           
0000b748  ti_sysbios_gates_GateMutex_Object__PARAMS__C                         
0000b760  ti_sysbios_knl_Queue_Object__PARAMS__C                               
0000b778  uartTivaHWAttrs                                                      
0000b790  xdc_runtime_Startup_sfxnRts__A                                       
0000b7a6  ti_sysbios_family_arm_lm4_Timer_supportsAltclk__C                    
0000b7a8  GPIOTiva_config                                                      
0000b7bc  xdc_runtime_Startup_firstFxns__A                                     
0000b7d8  ti_sysbios_family_arm_m3_Hwi_excHookFuncs__A                         
0000b7e0  ti_sysbios_knl_Idle_funcList__C                                      
0000b7e8  xdc_runtime_Startup_firstFxns__C                                     
0000b7f0  xdc_runtime_Startup_lastFxns__C                                      
0000b7f8  ti_catalog_arm_cortexm4_tiva_ce_Boot_A_mustNotUseEnhancedClockMode__C
0000b7fc  ti_catalog_arm_cortexm4_tiva_ce_Boot_Module__diagsEnabled__C         
0000b800  ti_catalog_arm_cortexm4_tiva_ce_Boot_Module__diagsIncluded__C        
0000b804  ti_catalog_arm_cortexm4_tiva_ce_Boot_Module__diagsMask__C            
0000b808  ti_sysbios_family_arm_lm4_Timer_E_cannotSupport__C                   
0000b80c  ti_sysbios_family_arm_lm4_Timer_E_invalidTimer__C                    
0000b810  ti_sysbios_family_arm_lm4_Timer_E_noaltclk__C                        
0000b814  ti_sysbios_family_arm_lm4_Timer_E_notAvailable__C                    
0000b818  ti_sysbios_family_arm_lm4_Timer_anyMask__C                           
0000b81c  ti_sysbios_family_arm_lm4_Timer_disableFunc__C                       
0000b820  ti_sysbios_family_arm_lm4_Timer_enableFunc__C                        
0000b824  ti_sysbios_family_arm_lm4_Timer_numTimerDevices__C                   
0000b828  ti_sysbios_family_arm_lm4_Timer_startupNeeded__C                     
0000b82c  ti_sysbios_family_arm_m3_Hwi_E_NMI__C                                
0000b830  ti_sysbios_family_arm_m3_Hwi_E_alreadyDefined__C                     
0000b834  ti_sysbios_family_arm_m3_Hwi_E_busFault__C                           
0000b838  ti_sysbios_family_arm_m3_Hwi_E_debugMon__C                           
0000b83c  ti_sysbios_family_arm_m3_Hwi_E_hardFault__C                          
0000b840  ti_sysbios_family_arm_m3_Hwi_E_memFault__C                           
0000b844  ti_sysbios_family_arm_m3_Hwi_E_noIsr__C                              
0000b848  ti_sysbios_family_arm_m3_Hwi_E_reserved__C                           
0000b84c  ti_sysbios_family_arm_m3_Hwi_E_svCall__C                             
0000b850  ti_sysbios_family_arm_m3_Hwi_E_usageFault__C                         
0000b854  ti_sysbios_family_arm_m3_Hwi_NUM_INTERRUPTS__C                       
0000b858  ti_sysbios_family_arm_m3_Hwi_Object__count__C                        
0000b85c  ti_sysbios_family_arm_m3_Hwi_ccr__C                                  
0000b860  ti_sysbios_family_arm_m3_Hwi_excHandlerFunc__C                       
0000b864  ti_sysbios_family_arm_m3_Hwi_excHookFuncs__C                         
0000b868  ti_sysbios_family_arm_m3_Hwi_nullIsrFunc__C                          
0000b86c  ti_sysbios_family_arm_m3_Hwi_priGroup__C                             
0000b870  ti_sysbios_family_arm_m3_TaskSupport_stackAlignment__C               
0000b874  ti_sysbios_gates_GateMutex_A_badContext__C                           
0000b878  ti_sysbios_gates_GateMutex_Instance_State_sem__O                     
0000b87c  ti_sysbios_gates_GateMutex_Module__diagsEnabled__C                   
0000b880  ti_sysbios_gates_GateMutex_Module__diagsIncluded__C                  
0000b884  ti_sysbios_gates_GateMutex_Module__diagsMask__C                      
0000b888  ti_sysbios_hal_Hwi_E_stackOverflow__C                                
0000b88c  ti_sysbios_hal_SecondsClock_Module_State_clock__O                    
0000b890  ti_sysbios_heaps_HeapMem_A_align__C                                  
0000b894  ti_sysbios_heaps_HeapMem_A_heapSize__C                               
0000b898  ti_sysbios_heaps_HeapMem_A_invalidFree__C                            
0000b89c  ti_sysbios_heaps_HeapMem_A_zeroBlock__C                              
0000b8a0  ti_sysbios_heaps_HeapMem_E_memory__C                                 
0000b8a4  ti_sysbios_heaps_HeapMem_Module__diagsEnabled__C                     
0000b8a8  ti_sysbios_heaps_HeapMem_Module__diagsIncluded__C                    
0000b8ac  ti_sysbios_heaps_HeapMem_Module__diagsMask__C                        
0000b8b0  ti_sysbios_heaps_HeapMem_Module__gateObj__C                          
0000b8b4  ti_sysbios_heaps_HeapMem_Object__count__C                            
0000b8b8  ti_sysbios_heaps_HeapMem_reqAlign__C                                 
0000b8bc  ti_sysbios_knl_Clock_A_badThreadType__C                              
0000b8c0  ti_sysbios_knl_Clock_Module_State_clockQ__O                          
0000b8c4  ti_sysbios_knl_Clock_Module__diagsEnabled__C                         
0000b8c8  ti_sysbios_knl_Clock_Module__diagsIncluded__C                        
0000b8cc  ti_sysbios_knl_Clock_Module__diagsMask__C                            
0000b8d0  ti_sysbios_knl_Clock_tickPeriod__C                                   
0000b8d4  ti_sysbios_knl_Idle_funcList__A                                      
0000b8d8  ti_sysbios_knl_Semaphore_A_badContext__C                             
0000b8dc  ti_sysbios_knl_Semaphore_A_noEvents__C                               
0000b8e0  ti_sysbios_knl_Semaphore_A_overflow__C                               
0000b8e4  ti_sysbios_knl_Semaphore_A_pendTaskDisabled__C                       
0000b8e8  ti_sysbios_knl_Semaphore_Instance_State_pendQ__O                     
0000b8ec  ti_sysbios_knl_Semaphore_Module__diagsEnabled__C                     
0000b8f0  ti_sysbios_knl_Semaphore_Module__diagsIncluded__C                    
0000b8f4  ti_sysbios_knl_Semaphore_Module__diagsMask__C                        
0000b8f8  ti_sysbios_knl_Swi_Object__count__C                                  
0000b8fc  ti_sysbios_knl_Task_A_badPriority__C                                 
0000b900  ti_sysbios_knl_Task_A_badTaskState__C                                
0000b904  ti_sysbios_knl_Task_A_badThreadType__C                               
0000b908  ti_sysbios_knl_Task_A_badTimeout__C                                  
0000b90c  ti_sysbios_knl_Task_A_noPendElem__C                                  
0000b910  ti_sysbios_knl_Task_A_sleepTaskDisabled__C                           
0000b914  ti_sysbios_knl_Task_E_spOutOfBounds__C                               
0000b918  ti_sysbios_knl_Task_E_stackOverflow__C                               
0000b91c  ti_sysbios_knl_Task_Module_State_inactiveQ__O                        
0000b920  ti_sysbios_knl_Task_Module__diagsEnabled__C                          
0000b924  ti_sysbios_knl_Task_Module__diagsIncluded__C                         
0000b928  ti_sysbios_knl_Task_Module__diagsMask__C                             
0000b92c  ti_sysbios_knl_Task_Object__count__C                                 
0000b930  ti_sysbios_knl_Task_allBlockedFunc__C                                
0000b934  ti_sysbios_knl_Task_defaultStackHeap__C                              
0000b938  ti_sysbios_knl_Task_defaultStackSize__C                              
0000b93c  ti_sysbios_knl_Task_numConstructedTasks__C                           
0000b940  xdc_runtime_Assert_E_assertFailed__C                                 
0000b944  xdc_runtime_Core_A_initializedParams__C                              
0000b948  xdc_runtime_Core_Module__diagsEnabled__C                             
0000b94c  xdc_runtime_Core_Module__diagsIncluded__C                            
0000b950  xdc_runtime_Core_Module__diagsMask__C                                
0000b954  xdc_runtime_Error_E_memory__C                                        
0000b958  xdc_runtime_Error_Module__diagsEnabled__C                            
0000b95c  xdc_runtime_Error_Module__diagsIncluded__C                           
0000b960  xdc_runtime_Error_Module__diagsMask__C                               
0000b964  xdc_runtime_Error_Module__loggerFxn8__C                              
0000b968  xdc_runtime_Error_Module__loggerObj__C                               
0000b96c  xdc_runtime_Error_policyFxn__C                                       
0000b970  xdc_runtime_Error_raiseHook__C                                       
0000b974  xdc_runtime_IGateProvider_Interface__BASE__C                         
0000b978  xdc_runtime_IHeap_Interface__BASE__C                                 
0000b97c  xdc_runtime_IModule_Interface__BASE__C                               
0000b980  xdc_runtime_Log_L_error__C                                           
0000b984  xdc_runtime_Memory_defaultHeapInstance__C                            
0000b988  xdc_runtime_Startup_execImpl__C                                      
0000b98c  xdc_runtime_Startup_lastFxns__A                                      
0000b990  xdc_runtime_Startup_maxPasses__C                                     
0000b994  xdc_runtime_Startup_sfxnRts__C                                       
0000b998  xdc_runtime_Startup_sfxnTab__C                                       
0000b99c  xdc_runtime_SysMin_bufSize__C                                        
0000b9a0  xdc_runtime_SysMin_outputFunc__C                                     
0000b9a4  xdc_runtime_System_Module__gateObj__C                                
0000b9a8  xdc_runtime_System_abortFxn__C                                       
0000b9ac  xdc_runtime_System_exitFxn__C                                        
0000b9b0  xdc_runtime_System_extendFxn__C                                      
0000b9b4  xdc_runtime_System_maxAtexitHandlers__C                              
0000b9b8  xdc_runtime_Text_charTab__C                                          
0000b9bc  xdc_runtime_Text_nameEmpty__C                                        
0000b9c0  xdc_runtime_Text_nameStatic__C                                       
0000b9c4  xdc_runtime_Text_nameUnknown__C                                      
0000b9c8  xdc_runtime_Text_nodeTab__C                                          
0000b9cc  xdc_runtime_Text_visitRopeFxn__C                                     
0000b9d0  ti_sysbios_family_arm_m3_Hwi_Module__id__C                           
0000b9d2  ti_sysbios_gates_GateMutex_Module__id__C                             
0000b9d4  ti_sysbios_hal_Hwi_Module__id__C                                     
0000b9d6  ti_sysbios_heaps_HeapMem_Module__id__C                               
0000b9d8  ti_sysbios_knl_Clock_Module__id__C                                   
0000b9da  ti_sysbios_knl_Semaphore_Module__id__C                               
0000b9dc  ti_sysbios_knl_Task_Module__id__C                                    
0000b9de  xdc_runtime_Core_Module__id__C                                       
0000b9e0  xdc_runtime_Error_Module__loggerDefined__C                           
0000b9e2  xdc_runtime_Error_maxDepth__C                                        
0000b9e4  xdc_runtime_Memory_Module__id__C                                     
0000b9e6  xdc_runtime_SysMin_flushAtExit__C                                    
0000b9e8  xdc_runtime_Text_charCnt__C                                          
0000b9ea  xdc_runtime_Text_isLoaded__C                                         
0000b9ec  xdc_runtime_Text_registryModsLastId__C                               
0000b9ee  xdc_runtime_Text_unnamedModsLastId__C                                
0000b9f0  __TI_static_base__                                                   
0000bc20  __TI_Handler_Table_Base                                              
0000bc2c  __TI_Handler_Table_Limit                                             
0000bc40  __TI_CINIT_Base                                                      
0000bc58  __TI_CINIT_Limit                                                     
20000000  __start___llvm_prf_cnts                                              
20000000  __stop___llvm_prf_cnts                                               
20000000  ti_sysbios_family_arm_m3_Hwi_ramVectors                              
20000360  task0Stack                                                           
20000b60  ti_sysbios_heaps_HeapMem_Instance_State_0_buf__A                     
20001360  ti_sysbios_knl_Task_Instance_State_0_stack__A                        
20001760  ti_sysbios_family_arm_m3_Hwi_dispatchTable                           
20001ac0  __CIOBUF_                                                            
20001be0  i2cTivaObjects                                                       
20001ce0  uartTivaObjects                                                      
20001e3c  xdc_runtime_SysMin_Module_State_0_outbuf__A                          
20001ebc  task0Struct                                                          
20001f0c  uartTivaRingBuffer                                                   
20001f2c  datetime                                                             
20001f5c  parmbuf                                                              
20001f68  timerclock                                                           
20001f6c  uart                                                                 
20001f70  g_i16TouchX                                                          
20001f72  g_i16TouchY                                                          
20001f74  ti_sysbios_family_arm_lm4_Timer_Object__table__V                     
20001ff4  ti_sysbios_knl_Swi_Module_State_0_readyQ__A                          
20002074  ti_sysbios_knl_Task_Module_State_0_readyQ__A                         
200020f4  ti_sysbios_knl_Task_Object__table__V                                 
20002140  ti_sysbios_family_arm_m3_Hwi_Object__table__V                        
20002188  ti_sysbios_knl_Task_Module__state__V                                 
200021cc  ti_sysbios_family_arm_lm4_Timer_Module_State_0_device__A             
2000220c  ti_sysbios_hal_SecondsClock_Module__state__V                         
20002248  ti_sysbios_gates_GateMutex_Object__table__V                          
20002280  ti_sysbios_family_arm_m3_Hwi_Module__state__V                        
200022b4  ti_sysbios_knl_Swi_Object__table__V                                  
200022e4  ti_sysbios_knl_Clock_Module__state__V                                
20002310  ti_sysbios_BIOS_Module__state__V                                     
20002334  ti_sysbios_family_arm_lm4_Timer_Module_State_0_handles__A            
20002354  ti_sysbios_knl_Swi_Module__state__V                                  
20002370  ti_sysbios_heaps_HeapMem_Object__table__V                            
20002388  gpioPinConfigs                                                       
20002398  ti_sysbios_family_arm_lm4_Timer_Module__state__V                     
200023a4  xdc_runtime_SysMin_Module__state__V                                  
200023b0  _lock                                                                
200023b4  _unlock                                                              
200023b8  gpioCallbackFunctions                                                
200023c0  ti_sysbios_family_arm_lm4_Timer_Module__root__V                      
200023c8  ti_sysbios_family_arm_lm4_TimestampProvider_Module__state__V         
200023d0  ti_sysbios_family_arm_m3_Hwi_Module__root__V                         
200023d8  ti_sysbios_gates_GateHwi_Module__root__V                             
200023e0  ti_sysbios_gates_GateMutex_Module__root__V                           
200023e8  ti_sysbios_hal_Timer_Module__root__V                                 
200023f0  ti_sysbios_heaps_HeapMem_Module__root__V                             
200023f8  ti_sysbios_knl_Clock_Module__root__V                                 
20002400  ti_sysbios_knl_Queue_Module__root__V                                 
20002408  ti_sysbios_knl_Semaphore_Module__root__V                             
20002410  ti_sysbios_knl_Task_Module__root__V                                  
20002418  xdc_runtime_Registry_Module__state__V                                
20002420  xdc_runtime_Startup_Module__state__V                                 
20002428  xdc_runtime_System_Module_State_0_atexitHandlers__A                  
20002430  xdc_runtime_System_Module__state__V                                  
2000243e  ti_sysbios_family_arm_m3_Hwi_Module_State_0_excActive__A             
20002448  errno                                                                
2000244c  main_func_sp                                                         
20002450  ti_sysbios_family_arm_m3_Hwi_Module_State_0_excContext__A            
20002454  ti_sysbios_family_arm_m3_Hwi_Module_State_0_excStack__A              
20002458  ti_sysbios_gates_GateHwi_Object__table__V                            
2000245c  ti_sysbios_knl_Task_Module_State_0_idleTask__A                       
20002460  g_i16TouchMin                                                        
20002464  xdc_runtime_Memory_Module__state__V                                  
20002468  xdc_runtime_Error_Module__state__V                                   
20002470  __stack                                                              
20002870  __STACK_END                                                          
e000e000  ti_sysbios_family_arm_m3_Hwi_nvic                                    
ffffffff  __TI_pprof_out_hndl                                                  
ffffffff  __TI_prof_data_size                                                  
ffffffff  __TI_prof_data_start                                                 
ffffffff  __binit__                                                            
ffffffff  __c_args__                                                           
ffffffff  binit                                                                
UNDEFED   SHT$$INIT_ARRAY$$Base                                                
UNDEFED   SHT$$INIT_ARRAY$$Limit                                               
UNDEFED   updatetimeDisp                                                       

[737 symbols]
