******************************************************************************
                  TI ARM Linker PC v20.2.5                     
******************************************************************************
>> Linked Thu May  5 23:18:12 2022

OUTPUT FILE NAME:   <EGH456MotorProject.out>
ENTRY POINT SYMBOL: "_c_int00"  address: 00008fad


MEMORY CONFIGURATION

         name            origin    length      used     unused   attr    fill
----------------------  --------  ---------  --------  --------  ----  --------
  FLASH                 00000000   00100000  00012534  000edacc  R  X
  SRAM                  20000000   00040000  0000200c  0003dff4  RW X


SEGMENT ALLOCATION MAP

run origin  load origin   length   init length attrs members
----------  ----------- ---------- ----------- ----- -------
00000000    00000000    00012540   00012540    r-x
  00000000    00000000    0000003c   0000003c    r-- .resetVecs
  00000040    00000040    0000bb1a   0000bb1a    r-x .text
  0000bb5c    0000bb5c    0000670e   0000670e    r-- .const
  00012270    00012270    000002d0   000002d0    r-- .cinit
20000000    20000000    00002010   00000000    rw-
  20000000    20000000    00000360   00000000    rw- .vecs
  20000360    20000360    000013c4   00000000    rw- .bss
  20001724    20001724    000005e8   00000000    rw- .data
  20001d10    20001d10    00000300   00000000    rw- .stack


SECTION ALLOCATION MAP

 output                                  attributes/
section   page    origin      length       input sections
--------  ----  ----------  ----------   ----------------
.text      0    00000040    0000bb1a     
                  00000040    00000a4e     rtsv7M4_T_le_v4SPD16_eabi.lib : _printfi.c.obj (.text:__TI_printfi)
                  00000a8e    00000002                                   : _lock.c.obj (.text:_nop)
                  00000a90    00000430     sysbios.aem4f : BIOS.obj (.text:ti_sysbios_family_arm_m3_Hwi_excDumpRegs__I)
                  00000ec0    00000374     grlib.lib : image.obj (.text:InternalImageDraw)
                  00001234    0000034c     ti.targets.arm.rtsarm.aem4f : System.oem4f (.text:xdc_runtime_System_doPrint__I)
                  00001580    000002f8     grlib.lib : image.obj (.text:PixelTransparentDraw)
                  00001878    000002b8     empty.obj (.text:timeConvert)
                  00001b30    000002a4     sysbios.aem4f : BIOS.obj (.text:ti_sysbios_knl_Semaphore_pend__E)
                  00001dd4    000002a0     rtsv7M4_T_le_v4SPD16_eabi.lib : mktime.c.obj (.text:__mktime32)
                  00002074    00000278     frame.obj (.text:FrameDraw)
                  000022ec    00000270     rtsv7M4_T_le_v4SPD16_eabi.lib : _printfi.c.obj (.text:_pconv_a)
                  0000255c    00000004     driverlib.lib : i2c.obj (.text:I2CMasterControl)
                  00002560    0000026c     sysbios.aem4f : BIOS.obj (.text:ti_sysbios_heaps_HeapMem_free__E)
                  000027cc    00000268     touch.obj (.text:TouchScreenDebouncer)
                  00002a34    00000254     grlib.lib : string.obj (.text:GrFontGlyphRender)
                  00002c88    00000250     sysbios.aem4f : BIOS.obj (.text:ti_sysbios_heaps_HeapMem_alloc__E)
                  00002ed8    00000234                   : BIOS.obj (.text:ti_sysbios_knl_Task_Instance_finalize__E)
                  0000310c    00000004     driverlib.lib : i2c.obj (.text:I2CMasterDataGet)
                  00003110    0000021c     sysbios.aem4f : BIOS.obj (.text:ti_sysbios_family_arm_lm4_Timer_Instance_init__E)
                  0000332c    0000020c     drivers_tivaware.aem4f : UARTTiva.oem4f (.text:UARTTiva_open)
                  00003538    00000204     Boot.aem4f : Boot_sysctl.oem4f (.text:ti_catalog_arm_cortexm4_tiva_ce_Boot_sysCtlClockFreqSetI__I)
                  0000373c    00000004     driverlib.lib : i2c.obj (.text:I2CMasterDataPut)
                  00003740    000001f4     sysbios.aem4f : BIOS.obj (.text:ti_sysbios_family_arm_m3_Hwi_excHandlerMax__I)
                  00003934    000001e4     Kentec320x240x16_ssd2119_spi.obj (.text:Kentec320x240x16_SSD2119Init)
                  00003b18    000001dc     Kentec320x240x16_ssd2119_spi.obj (.text:Kentec320x240x16_SSD2119PixelDrawMultiple)
                  00003cf4    000001d0     rtsv7M4_T_le_v4SPD16_eabi.lib : _printfi.c.obj (.text:_pconv_g)
                  00003ec4    00000004     driverlib.lib : uart.obj (.text:UARTIntClear)
                  00003ec8    000001c0     sysbios.aem4f : BIOS.obj (.text:ti_sysbios_knl_Task_Instance_init__E)
                  00004088    000001b6     rtsv7M4_T_le_v4SPD16_eabi.lib : fd_add_t2.asm.obj (.text)
                  0000423e    00000002                                   : div0.asm.obj (.text)
                  00004240    000001a4     pinout.obj (.text:PinoutSet)
                  000043e4    000001a0     empty.obj (.text:main)
                  00004584    00000190     grlib.lib : canvas.obj (.text:CanvasPaint)
                  00004714    0000017e               : pushbutton.obj (.text:RectangularButtonPaint)
                  00004892    00000002     empty_pem4f.oem4f (.text:ti_sysbios_BIOS_nullFunc__I)
                  00004894    00000178     touch.obj (.text:TouchScreenIntHandler)
                  00004a0c    00000004     grlib.lib : widget.obj (.text:WidgetDefaultMsgProc)
                  00004a10    00000174     sysbios.aem4f : BIOS.obj (.text:ti_sysbios_family_arm_m3_Hwi_excBusFault__I)
                  00004b84    00000004     rtsv7M4_T_le_v4SPD16_eabi.lib : exit.c.obj (.text:abort:abort)
                  00004b88    00000164     sysbios.aem4f : BIOS.obj (.text:ti_sysbios_family_arm_m3_Hwi_excUsageFault__I)
                  00004cec    00000150     drivers_tivaware.aem4f : GPIOTiva.oem4f (.text:GPIO_setConfig)
                  00004e3c    00000004     empty_pem4f.oem4f (.text:ti_sysbios_BIOS_RtsGateProxy_enter__E)
                  00004e40    00000148     sysbios.aem4f : BIOS.obj (.text:ti_sysbios_family_arm_m3_Hwi_excMemFault__I)
                  00004f88    0000013c     rtsv7M4_T_le_v4SPD16_eabi.lib : _printfi.c.obj (.text:_pconv_e)
                  000050c4    00000004     empty_pem4f.oem4f (.text:ti_sysbios_BIOS_RtsGateProxy_leave__E)
                  000050c8    0000013c     sysbios.aem4f : BIOS.obj (.text:ti_sysbios_heaps_HeapMem_Instance_init__E)
                  00005204    00000136     rtsv7M4_T_le_v4SPD16_eabi.lib : fd_div_t2.asm.obj (.text)
                  0000533a    00000002     empty_pem4f.oem4f (.text:xdc_runtime_Startup_reset__I)
                  0000533c    00000134     rtsv7M4_T_le_v4SPD16_eabi.lib : localtim.c.obj (.text:__localtime32)
                  00005470    00000130     driverlib.lib : gpio.obj (.text:GPIOPadConfigSet)
                  000055a0    00000124     rtsv7M4_T_le_v4SPD16_eabi.lib : _printfi.c.obj (.text:fcvt)
                  000056c4    00000118     ti.targets.arm.rtsarm.aem4f : Error.oem4f (.text:xdc_runtime_Error_policyDefault__E)
                  000057dc    00000110     rtsv7M4_T_le_v4SPD16_eabi.lib : s_scalbn.c.obj (.text:scalbn)
                  000058ec    0000010c     Kentec320x240x16_ssd2119_spi.obj (.text:Kentec320x240x16_SSD2119RectFill)
                  000059f8    0000010c     touch.obj (.text:TouchScreenInit)
                  00005b04    00000004     sysbios.aem4f : BIOS.obj (.text:ti_sysbios_family_arm_lm4_Timer_masterEnable__I)
                  00005b08    00000108                   : BIOS.obj (.text:ti_sysbios_family_arm_lm4_Timer_start__E)
                  00005c10    00000108                   : BIOS.obj (.text:ti_sysbios_knl_Clock_Instance_init__E)
                  00005d18    00000100     ti.targets.arm.rtsarm.aem4f : Core-mem.oem4f (.text:xdc_runtime_Core_createObject__I)
                  00005e18    000000fc     rtsv7M4_T_le_v4SPD16_eabi.lib : fd_mul_t2.asm.obj (.text)
                  00005f14    000000f8                                   : s_floor.c.obj (.text:floor)
                  0000600c    000000f8     ti.targets.arm.rtsarm.aem4f : Startup.oem4f (.text:xdc_runtime_Startup_startMods__I)
                  00006104    000000f8     empty_pem4f.oem4f (.text:xdc_runtime_System_printfExtend__I)
                  000061fc    000000f4     sysbios.aem4f : m3_Hwi_asm.obj (.text:ti_sysbios_family_arm_m3_Hwi_dispatch__I)
                  000062f0    000000f2     grlib.lib : pushbutton.obj (.text:RectangularButtonClick)
                  000063e2    00000006     driverlib.lib : gpio.obj (.text:GPIOIntClear)
                  000063e8    000000ec     sysbios.aem4f : BIOS.obj (.text:ti_sysbios_knl_Semaphore_post__E)
                  000064d4    000000e8     grlib.lib : widget.obj (.text:WidgetMessageQueueAdd)
                  000065bc    000000e0     drivers_tivaware.aem4f : I2CTiva.oem4f (.text:I2CTiva_open)
                  0000669c    000000d6                            : I2CTiva.oem4f (.text:I2CTiva_hwiFxn)
                  00006772    00000002     --HOLE-- [fill = 0]
                  00006774    000000cc     ti.targets.arm.rtsarm.aem4f : Core-smem.oem4f (.text:xdc_runtime_Core_constructObject__I)
                  00006840    000000c0     grlib.lib : string.obj (.text:GrDefaultStringRenderer)
                  00006900    000000bc     sysbios.aem4f : BIOS.obj (.text:ti_sysbios_family_arm_m3_Hwi_excDebugMon__I)
                  000069bc    00000004     empty_pem4f.oem4f (.text:ti_sysbios_family_arm_m3_Hwi_delete)
                  000069c0    000000bc     sysbios.aem4f : BIOS.obj (.text:ti_sysbios_family_arm_m3_Hwi_excHardFault__I)
                  00006a7c    000000b8     EK_TM4C1294XL.obj (.text:EK_TM4C1294XL_initGeneral)
                  00006b34    000000b8     Kentec320x240x16_ssd2119_spi.obj (.text:InitSPILCDInterface)
                  00006bec    00000004     empty_pem4f.oem4f (.text:ti_sysbios_family_arm_m3_Hwi_destruct)
                  00006bf0    000000b4     sysbios.aem4f : BIOS.obj (.text:ti_sysbios_gates_GateMutex_enter__E)
                  00006ca4    00000004     empty_pem4f.oem4f (.text:ti_sysbios_family_arm_m3_TaskSupport_Module__startupDone__S)
                  00006ca8    000000b4     sysbios.aem4f : BIOS.obj (.text:ti_sysbios_knl_Task_checkStacks__E)
                  00006d5c    000000b1     rtsv7M4_T_le_v4SPD16_eabi.lib : _printfi.c.obj (.text:_ltostr)
                  00006e0d    00000001     --HOLE-- [fill = 0]
                  00006e0e    000000ac     drivers_tivaware.aem4f : UARTTiva.oem4f (.text:readTaskBlocking)
                  00006eba    00000006     driverlib.lib : gpio.obj (.text:GPIOPinWrite)
                  00006ec0    000000ac     sysbios.aem4f : BIOS.obj (.text:ti_sysbios_family_arm_lm4_Timer_enableTiva__I)
                  00006f6c    00000004     empty_pem4f.oem4f (.text:ti_sysbios_hal_Timer_TimerProxy_delete)
                  00006f70    000000a4     sysbios.aem4f : BIOS.obj (.text:ti_sysbios_knl_Clock_Instance_finalize__E)
                  00007014    000000a0     auto_init.aem4f : auto_init.oem4f (.text)
                  000070b4    000000a0     ti.targets.arm.rtsarm.aem4f : Text.oem4f (.text:xdc_runtime_Text_putMod__E)
                  00007154    0000009c     rtsv7M4_T_le_v4SPD16_eabi.lib : memcpy_t2.asm.obj (.text)
                  000071f0    0000009c     sysbios.aem4f : BIOS.obj (.text:ti_sysbios_knl_Semaphore_Instance_init__E)
                  0000728c    0000009a     ti.targets.arm.rtsarm.aem4f : Text.oem4f (.text:xdc_runtime_Text_putSite__E)
                  00007326    00000098     drivers_tivaware.aem4f : UARTTiva.oem4f (.text:UARTTiva_readPolling)
                  000073be    00000002     --HOLE-- [fill = 0]
                  000073c0    00000098     Boot.aem4f : Boot.oem4f (.text:ti_catalog_arm_cortexm4_tiva_ce_Boot_sysCtlClockFreqSet__E)
                  00007458    00000096     rtsv7M4_T_le_v4SPD16_eabi.lib : ull_div_t2.asm.obj (.text)
                  000074ee    00000094     drivers_tivaware.aem4f : UARTTiva.oem4f (.text:UARTTiva_write)
                  00007582    00000006     grlib.lib : string.obj (.text:GrContextFontSet)
                  00007588    00000094     sysbios.aem4f : BIOS.obj (.text:ti_sysbios_family_arm_m3_Hwi_Instance_init__E)
                  0000761c    00000004     empty_pem4f.oem4f (.text:ti_sysbios_heaps_HeapMem_Module_GateProxy_enter__E)
                  00007620    00000094     sysbios.aem4f : BIOS.obj (.text:ti_sysbios_family_arm_m3_Hwi_initNVIC__E)
                  000076b4    00000004     empty_pem4f.oem4f (.text:ti_sysbios_heaps_HeapMem_Module_GateProxy_leave__E)
                  000076b8    00000094     sysbios.aem4f : BIOS.obj (.text:ti_sysbios_knl_Task_postInit__I)
                  0000774c    0000008c     drivers_tivaware.aem4f : GPIOTiva.oem4f (.text:GPIO_init)
                  000077d8    0000008c                            : UARTTiva.oem4f (.text:UARTTiva_control)
                  00007864    0000008c     sysbios.aem4f : m3_TaskSupport_asm.obj (.text:ti_sysbios_family_arm_m3_TaskSupport_buildTaskStack)
                  000078f0    0000008c                   : BIOS.obj (.text:ti_sysbios_hal_SecondsClock_Module_startup__E)
                  0000797c    0000008a     drivers_tivaware.aem4f : UARTTiva.oem4f (.text:readIsrTextBlocking)
                  00007a06    00000086     grlib.lib : rectangle.obj (.text:GrRectFill)
                  00007a8c    00000086     rtsv7M4_T_le_v4SPD16_eabi.lib : fd_cmp_t2.asm.obj (.text:__aeabi_cdcmple)
                  00007b12    00000086                                   : fd_cmp_t2.asm.obj (.text:__aeabi_cdrcmple)
                  00007b98    00000084     empty.obj (.text:StartStopBttnPress)
                  00007c1c    00000004     empty_pem4f.oem4f (.text:ti_sysbios_knl_Clock_TimerProxy_getFreq__E)
                  00007c20    00000084     sysbios.aem4f : BIOS.obj (.text:ti_sysbios_family_arm_m3_Hwi_postInit__I)
                  00007ca4    00000082     drivers_tivaware.aem4f : UARTTiva.oem4f (.text:readIsrTextCallback)
                  00007d26    0000007e                            : I2CTiva.oem4f (.text:I2CTiva_transfer)
                  00007da4    00000004     empty_pem4f.oem4f (.text:ti_sysbios_knl_Clock_TimerProxy_getMaxTicks__E)
                  00007da8    0000007c     sysbios.aem4f : BIOS.obj (.text:ti_sysbios_family_arm_lm4_Timer_disableTiva__I)
                  00007e24    0000007a     driverlib.lib : adc.obj (.text:ADCSequenceStepConfigure)
                  00007e9e    0000007a     drivers_tivaware.aem4f : UARTTiva.oem4f (.text:readTaskCallback)
                  00007f18    0000007a     rtsv7M4_T_le_v4SPD16_eabi.lib : memset_t2.asm.obj (.text)
                  00007f92    00000006     driverlib.lib : i2c.obj (.text:I2CMasterIntDisable)
                  00007f98    00000074     sysbios.aem4f : BIOS.obj (.text:ti_sysbios_knl_Clock_start__E)
                  0000800c    00000004     empty_pem4f.oem4f (.text:ti_sysbios_knl_Clock_TimerProxy_getPeriod__E)
                  00008010    00000070     sysbios.aem4f : BIOS.obj (.text:ti_sysbios_knl_Clock_workFunc__E)
                  00008080    00000070                   : BIOS.obj (.text:ti_sysbios_knl_Task_exit__E)
                  000080f0    0000006e     rtsv7M4_T_le_v4SPD16_eabi.lib : _printfi.c.obj (.text:_mcpy)
                  0000815e    0000006e                                   : ll_div_t2.asm.obj (.text)
                  000081cc    0000006d     ti.targets.arm.rtsarm.aem4f : System.oem4f (.text:xdc_runtime_System_formatNum__I)
                  00008239    00000003     --HOLE-- [fill = 0]
                  0000823c    0000006c     rtsv7M4_T_le_v4SPD16_eabi.lib : asctime.c.obj (.text:asctime)
                  000082a8    0000006c     empty_pem4f.oem4f (.text:ti_sysbios_family_arm_lm4_Timer_Object__create__S)
                  00008314    00000004     empty_pem4f.oem4f (.text:ti_sysbios_knl_Clock_destruct)
                  00008318    0000006c     sysbios.aem4f : BIOS.obj (.text:ti_sysbios_knl_Swi_restoreHwi__E)
                  00008384    0000006c     drivers_tivaware.aem4f : UARTTiva.oem4f (.text:writeData)
                  000083f0    0000006c     ti.targets.arm.rtsarm.aem4f : Error.oem4f (.text:xdc_runtime_Error_print__E)
                  0000845c    0000006c                                 : Memory.oem4f (.text:xdc_runtime_Memory_alloc__E)
                  000084c8    00000068     EK_TM4C1294XL.obj (.text:EK_TM4C1294XL_initI2C)
                  00008530    00000068     grlib.lib : context.obj (.text:GrContextInit)
                  00008598    00000068               : string.obj (.text:GrStringWidthGet)
                  00008600    00000068     driverlib.lib : interrupt.obj (.text:IntEnable)
                  00008668    00000068     Kentec320x240x16_ssd2119_spi.obj (.text:Kentec320x240x16_SSD2119LineDrawH)
                  000086d0    00000068     Kentec320x240x16_ssd2119_spi.obj (.text:Kentec320x240x16_SSD2119LineDrawV)
                  00008738    00000068     rtsv7M4_T_le_v4SPD16_eabi.lib : copy_decompress_lzss.c.obj (.text:decompress:lzss:__TI_decompress_lzss)
                  000087a0    00000066     grlib.lib : context.obj (.text:GrContextClipRegionSet)
                  00008806    00000066               : rectangle.obj (.text:GrRectDraw)
                  0000886c    00000066     ti.targets.arm.rtsarm.aem4f : Core-mem.oem4f (.text:xdc_runtime_Core_deleteObject__I)
                  000088d2    00000002     --HOLE-- [fill = 0]
                  000088d4    00000064     drivers_tivaware.aem4f : GPIOTiva.oem4f (.text:GPIO_hwiIntFxn)
                  00008938    00000064     rtsv7M4_T_le_v4SPD16_eabi.lib : s_frexp.c.obj (.text:frexp)
                  0000899c    00000004     empty_pem4f.oem4f (.text:ti_sysbios_knl_Queue_destruct)
                  000089a0    00000064     sysbios.aem4f : BIOS.obj (.text:ti_sysbios_family_arm_lm4_Timer_Module_startup__E)
                  00008a04    00000064     empty_pem4f.oem4f (.text:ti_sysbios_family_arm_m3_Hwi_create)
                  00008a68    00000064     sysbios.aem4f : BIOS.obj (.text:ti_sysbios_family_arm_m3_Hwi_dispatchC__I)
                  00008acc    00000064     empty_pem4f.oem4f (.text:ti_sysbios_hal_Timer_create)
                  00008b30    00000062     drivers_tivaware.aem4f : I2CTiva.oem4f (.text:I2CTiva_primeTransfer)
                  00008b92    00000002     --HOLE-- [fill = 0]
                  00008b94    00000060     driverlib.lib : timer.obj (.text:TimerConfigure)
                  00008bf4    00000060     Kentec320x240x16_ssd2119_spi.obj (.text:WriteDataSPI)
                  00008c54    00000004     empty_pem4f.oem4f (.text:ti_sysbios_knl_Semaphore_destruct)
                  00008c58    00000060     sysbios.aem4f : BIOS.obj (.text:ti_sysbios_knl_Task_schedule__I)
                  00008cb8    0000005e     drivers_tivaware.aem4f : UARTTiva.oem4f (.text:readIsrBinaryBlocking)
                  00008d16    00000002     --HOLE-- [fill = 0]
                  00008d18    0000005c     Kentec320x240x16_ssd2119_spi.obj (.text:WriteCommandSPI)
                  00008d74    00000004     ti.targets.arm.rtsarm.aem4f : Error.oem4f (.text:xdc_runtime_Error_getSite__E)
                  00008d78    0000005c     sysbios.aem4f : BIOS.obj (.text:ti_sysbios_knl_Swi_run__I)
                  00008dd4    00000004     empty_pem4f.oem4f (.text:xdc_runtime_System_Module_GateProxy_enter__E)
                  00008dd8    0000005c     sysbios.aem4f : BIOS.obj (.text:ti_sysbios_knl_Swi_schedule__I)
                  00008e34    00000004     empty_pem4f.oem4f (.text:xdc_runtime_System_Module_GateProxy_leave__E)
                  00008e38    0000005c     sysbios.aem4f : BIOS.obj (.text:ti_sysbios_knl_Task_Module_startup__E)
                  00008e94    00000004     ti.targets.arm.rtsarm.aem4f : System.oem4f (.text:xdc_runtime_System_aprintf_va__F)
                  00008e98    0000005c     sysbios.aem4f : BIOS.obj (.text:ti_sysbios_knl_Task_startCore__E)
                  00008ef4    0000005b     ti.targets.arm.rtsarm.aem4f : Text.oem4f (.text:xdc_runtime_Text_putLab__E)
                  00008f4f    00000001     --HOLE-- [fill = 0]
                  00008f50    0000005a     grlib.lib : string.obj (.text:FontWideGlyphDataGet)
                  00008faa    00000002     --HOLE-- [fill = 0]
                  00008fac    00000058     boot.aem4f : boot.oem4f (.text)
                  00009004    00000058     rtsv7M4_T_le_v4SPD16_eabi.lib : hostwrite.c.obj (.text:HOSTwrite)
                  0000905c    00000058     driverlib.lib : timer.obj (.text:TimerControlTrigger)
                  000090b4    00000004     ti.targets.arm.rtsarm.aem4f : System.oem4f (.text:xdc_runtime_System_printf_va__F)
                  000090b8    00000058     sysbios.aem4f : BIOS.obj (.text:ti_sysbios_family_arm_lm4_Timer_Instance_finalize__E)
                  00009110    00000058     empty_pem4f.oem4f (.text:ti_sysbios_family_arm_m3_Hwi_construct)
                  00009168    00000058     sysbios.aem4f : m3_Hwi_asm_switch.obj (.text:ti_sysbios_family_arm_m3_Hwi_initStacks__E)
                  000091c0    00000056     driverlib.lib : gpio.obj (.text:GPIOIntTypeSet)
                  00009216    00000056     rtsv7M4_T_le_v4SPD16_eabi.lib : _printfi.c.obj (.text:_pconv_f)
                  0000926c    00000054                                   : _ltoa.c.obj (.text:__TI_ltoa)
                  000092c0    00000054     drivers_tivaware.aem4f : UARTTiva.oem4f (.text:readIsrBinaryCallback)
                  00009314    00000004     --HOLE-- [fill = 0]
                  00009318    00000054     sysbios.aem4f : BIOS.obj (.text:ti_sysbios_family_arm_lm4_Timer_initDevice__I)
                  0000936c    00000054     empty_pem4f.oem4f (.text:ti_sysbios_knl_Task_construct)
                  000093c0    00000054     ti.targets.arm.rtsarm.aem4f : Assert.oem4f (.text:xdc_runtime_Assert_raise__I)
                  00009414    00000052     rtsv7M4_T_le_v4SPD16_eabi.lib : _printfi.c.obj (.text:_ecpy)
                  00009466    00000002     --HOLE-- [fill = 0]
                  00009468    00000050     drivers_tivaware.aem4f : GPIOTiva.oem4f (.text:GPIO_setCallback)
                  000094b8    00000050                            : GPIOTiva.oem4f (.text:GPIO_write)
                  00009508    00000050                            : UARTTiva.oem4f (.text:UARTTiva_writeCancel)
                  00009558    00000050     Boot.aem4f : Boot_sysctl.oem4f (.text:_SysCtlFrequencyGet)
                  000095a8    00000050     sysbios.aem4f : BIOS.obj (.text:ti_sysbios_family_arm_m3_Hwi_Module_startup__E)
                  000095f8    00000050     ti.targets.arm.rtsarm.aem4f : Startup.oem4f (.text:xdc_runtime_Startup_exec__E)
                  00009648    00000050                                 : Text.oem4f (.text:xdc_runtime_Text_visitRope2__I)
                  00009698    0000004c     drivers_tivaware.aem4f : UARTTiva.oem4f (.text:UARTTiva_close)
                  000096e4    0000004c     rtsv7M4_T_le_v4SPD16_eabi.lib : atoi.c.obj (.text:atoi)
                  00009730    0000004c                                   : cpy_tbl.c.obj (.text:copy_in)
                  0000977c    0000004c                                   : snprintf.c.obj (.text:snprintf)
                  000097c8    0000004c     sysbios.aem4f : BIOS.obj (.text:ti_sysbios_heaps_HeapMem_getStats__E)
                  00009814    00000004     --HOLE-- [fill = 0]
                  00009818    0000004c                   : BIOS.obj (.text:ti_sysbios_knl_Swi_runLoop__I)
                  00009864    00000004     --HOLE-- [fill = 0]
                  00009868    0000004c                   : BIOS.obj (.text:ti_sysbios_knl_Task_allBlockedFunction__I)
                  000098b4    0000004a     grlib.lib : string.obj (.text:UpdateContextCharMapping)
                  000098fe    00000002     --HOLE-- [fill = 0]
                  00009900    00000048     driverlib.lib : gpio.obj (.text:GPIOPinConfigure)
                  00009948    00000048                   : i2c.obj (.text:I2CMasterInitExpClk)
                  00009990    00000048     rtsv7M4_T_le_v4SPD16_eabi.lib : fd_toi_t2.asm.obj (.text)
                  000099d8    00000048     sysbios.aem4f : BIOS.obj (.text:ti_sysbios_family_arm_lm4_Timer_enableTimers__I)
                  00009a20    00000048                   : BIOS.obj (.text:ti_sysbios_family_arm_m3_Hwi_disableInterrupt__E)
                  00009a68    00000048                   : BIOS.obj (.text:ti_sysbios_family_arm_m3_Hwi_enableInterrupt__E)
                  00009ab0    00000048                   : BIOS.obj (.text:ti_sysbios_family_arm_m3_Hwi_excReserved__I)
                  00009af8    00000048                   : BIOS.obj (.text:ti_sysbios_hal_SecondsClock_increment__I)
                  00009b40    00000048     empty.obj (.text:timer1sec)
                  00009b88    00000046     grlib.lib : line.obj (.text:GrLineDrawH)
                  00009bce    00000046               : line.obj (.text:GrLineDrawV)
                  00009c14    00000046     Kentec320x240x16_ssd2119_spi.obj (.text:Kentec320x240x16_SSD2119PixelDraw)
                  00009c5a    00000046     drivers_tivaware.aem4f : RingBuf.oem4f (.text:RingBuf_put)
                  00009ca0    00000046     UARTLocal.obj (.text:initUART)
                  00009ce6    00000046     ti.targets.arm.rtsarm.aem4f : Core-params.oem4f (.text:xdc_runtime_Core_assignParams__I)
                  00009d2c    00000004     --HOLE-- [fill = 0]
                  00009d30    00000044     sysbios.aem4f : BIOS.obj (.text:ti_sysbios_family_arm_lm4_Timer_isrStub__E)
                  00009d74    00000004     --HOLE-- [fill = 0]
                  00009d78    00000044                   : BIOS.obj (.text:ti_sysbios_family_arm_m3_Hwi_getStackInfo__E)
                  00009dbc    00000004     --HOLE-- [fill = 0]
                  00009dc0    00000044                   : BIOS.obj (.text:ti_sysbios_knl_Swi_post__E)
                  00009e04    00000044     ti.targets.arm.rtsarm.aem4f : Error.oem4f (.text:xdc_runtime_Error_setX__E)
                  00009e48    00000044                                 : SysMin.oem4f (.text:xdc_runtime_SysMin_flush__E)
                  00009e8c    00000044                                 : Text.oem4f (.text:xdc_runtime_Text_xprintf__I)
                  00009ed0    00000042     driverlib.lib : uart.obj (.text:UARTConfigSetExpClk)
                  00009f12    00000042     drivers_tivaware.aem4f : UARTTiva.oem4f (.text:UARTTiva_hwiIntFxn)
                  00009f54    00000042                            : UARTTiva.oem4f (.text:UARTTiva_writePolling)
                  00009f96    00000040                            : RingBuf.oem4f (.text:RingBuf_get)
                  00009fd6    00000040                            : UARTTiva.oem4f (.text:UARTTiva_read)
                  0000a016    00000040     rtsv7M4_T_le_v4SPD16_eabi.lib : u_divt2.asm.obj (.text)
                  0000a056    00000002     --HOLE-- [fill = 0]
                  0000a058    00000040     sysbios.aem4f : BIOS.obj (.text:ti_sysbios_family_arm_lm4_Timer_startup__E)
                  0000a098    00000040                   : BIOS.obj (.text:ti_sysbios_hal_SecondsClock_getTime__E)
                  0000a0d8    0000003e     driverlib.lib : adc.obj (.text:ADCSequenceConfigure)
                  0000a116    0000003e     rtsv7M4_T_le_v4SPD16_eabi.lib : _printfi.c.obj (.text:_fcpy)
                  0000a154    0000003c     driverlib.lib : ssi.obj (.text:SSIConfigSetExpClk)
                  0000a190    0000003c     sysbios.aem4f : BIOS.obj (.text:ti_sysbios_family_arm_m3_Hwi_excSvCall__I)
                  0000a1cc    00000004     --HOLE-- [fill = 0]
                  0000a1d0    0000003c                   : BIOS.obj (.text:ti_sysbios_heaps_HeapMem_init__I)
                  0000a20c    00000004     --HOLE-- [fill = 0]
                  0000a210    0000003c                   : BIOS.obj (.text:ti_sysbios_knl_Swi_restore__E)
                  0000a24c    0000003a     grlib.lib : string.obj (.text:FontGlyphDataGet)
                  0000a286    0000003a     drivers_tivaware.aem4f : I2CTiva.oem4f (.text:I2CTiva_completeTransfer)
                  0000a2c0    00000038                            : I2C.oem4f (.text:I2C_init)
                  0000a2f8    00000038                            : UART.oem4f (.text:UART_init)
                  0000a330    00000038     rtsv7M4_T_le_v4SPD16_eabi.lib : trgmsg.c.obj (.text:__TI_writemsg)
                  0000a368    00000038     sysbios.aem4f : BIOS.obj (.text:ti_sysbios_family_arm_m3_Hwi_excNoIsr__I)
                  0000a3a0    00000038                   : BIOS.obj (.text:ti_sysbios_knl_Task_processVitalTaskFlag__I)
                  0000a3d8    00000038     ti.targets.arm.rtsarm.aem4f : SysMin.oem4f (.text:xdc_runtime_SysMin_putch__E)
                  0000a410    00000038                                 : System.oem4f (.text:xdc_runtime_System_atexit__E)
                  0000a448    00000036     drivers_tivaware.aem4f : I2CTiva.oem4f (.text:I2CTiva_close)
                  0000a47e    00000036                            : UARTTiva.oem4f (.text:UARTTiva_readCancel)
                  0000a4b4    00000034     driverlib.lib : sysctl.obj (.text:SysCtlPeripheralEnable)
                  0000a4e8    00000034     rtsv7M4_T_le_v4SPD16_eabi.lib : trgmsg.c.obj (.text:__TI_readmsg)
                  0000a51c    00000004     --HOLE-- [fill = 0]
                  0000a520    00000034     sysbios.aem4f : BIOS.obj (.text:ti_sysbios_family_arm_lm4_Timer_setPeriodMicroSecs__E)
                  0000a554    00000004     --HOLE-- [fill = 0]
                  0000a558    00000034                   : BIOS.obj (.text:ti_sysbios_family_arm_m3_Hwi_Instance_finalize__E)
                  0000a58c    00000004     --HOLE-- [fill = 0]
                  0000a590    00000034                   : BIOS.obj (.text:ti_sysbios_family_arm_m3_Hwi_excNmi__I)
                  0000a5c4    00000004     --HOLE-- [fill = 0]
                  0000a5c8    00000034                   : BIOS.obj (.text:ti_sysbios_hal_Hwi_checkStack)
                  0000a5fc    00000034     empty_pem4f.oem4f (.text:ti_sysbios_knl_Clock_construct)
                  0000a630    00000034     ti.targets.arm.rtsarm.aem4f : Core-label.oem4f (.text:xdc_runtime_Core_assignLabel__I)
                  0000a664    00000033                                 : Text.oem4f (.text:xdc_runtime_Text_printVisFxn__I)
                  0000a697    00000001     --HOLE-- [fill = 0]
                  0000a698    00000032     sysbios.aem4f : BIOS.obj (.text:ti_sysbios_hal_Hwi_initStack)
                  0000a6ca    00000002     --HOLE-- [fill = 0]
                  0000a6cc    00000030     drivers_tivaware.aem4f : UART.oem4f (.text:UART_open)
                  0000a6fc    00000030     rtsv7M4_T_le_v4SPD16_eabi.lib : snprintf.c.obj (.text:_outs)
                  0000a72c    00000030     empty.obj (.text:heartBeatFxn)
                  0000a75c    00000030     empty_pem4f.oem4f (.text:ti_sysbios_BIOS_atExitFunc__I)
                  0000a78c    00000004     --HOLE-- [fill = 0]
                  0000a790    00000030     sysbios.aem4f : BIOS.obj (.text:ti_sysbios_family_arm_lm4_Timer_stop__E)
                  0000a7c0    00000030                   : BIOS.obj (.text:ti_sysbios_family_arm_m3_TaskSupport_start__E)
                  0000a7f0    00000030     empty_pem4f.oem4f (.text:ti_sysbios_gates_GateHwi_Object__create__S)
                  0000a820    00000030     empty_pem4f.oem4f (.text:ti_sysbios_gates_GateMutex_Object__create__S)
                  0000a850    00000030     empty_pem4f.oem4f (.text:ti_sysbios_heaps_HeapMem_Object__create__S)
                  0000a880    00000030     empty_pem4f.oem4f (.text:ti_sysbios_knl_Semaphore_construct)
                  0000a8b0    00000030     sysbios.aem4f : BIOS.obj (.text:ti_sysbios_knl_Semaphore_pendTimeout__I)
                  0000a8e0    00000030                   : BIOS.obj (.text:ti_sysbios_knl_Task_unblockI__E)
                  0000a910    00000030     ti.targets.arm.rtsarm.aem4f : SysMin.oem4f (.text:xdc_runtime_SysMin_abort__E)
                  0000a940    00000030                                 : System.oem4f (.text:xdc_runtime_System_processAtExit__E)
                  0000a970    0000002e     grlib.lib : string.obj (.text:GrStringNextCharGet)
                  0000a99e    0000002e     rtsv7M4_T_le_v4SPD16_eabi.lib : i_tofd_t2.asm.obj (.text)
                  0000a9cc    0000002c     EK_TM4C1294XL.obj (.text:EK_TM4C1294XL_initUART)
                  0000a9f8    0000002c     grlib.lib : string.obj (.text:GrFontBaselineGet)
                  0000aa24    0000002c               : string.obj (.text:GrFontHeightGet)
                  0000aa50    0000002c               : pushbutton.obj (.text:RectangularButtonMsgProc)
                  0000aa7c    0000002c     empty_pem4f.oem4f (.text:ti_sysbios_knl_Clock_doTick__I)
                  0000aaa8    0000002c     empty_pem4f.oem4f (.text:ti_sysbios_knl_Queue_construct)
                  0000aad4    00000004     --HOLE-- [fill = 0]
                  0000aad8    0000002c     sysbios.aem4f : BIOS.obj (.text:ti_sysbios_knl_Task_restore__E)
                  0000ab04    0000002c     ti.targets.arm.rtsarm.aem4f : Text.oem4f (.text:xdc_runtime_Text_cordText__E)
                  0000ab30    0000002a     driverlib.lib : gpio.obj (.text:GPIODirModeSet)
                  0000ab5a    0000002a     ti.targets.arm.rtsarm.aem4f : System.oem4f (.text:xdc_runtime_System_putchar__I)
                  0000ab84    00000028     Kentec320x240x16_ssd2119_spi.obj (.text:Kentec320x240x16_SSD2119ColorTranslate)
                  0000abac    00000004     --HOLE-- [fill = 0]
                  0000abb0    00000028     sysbios.aem4f : BIOS.obj (.text:ti_sysbios_hal_Timer_Instance_init__E)
                  0000abd8    00000028                   : BIOS.obj (.text:ti_sysbios_knl_Clock_addI__E)
                  0000ac00    00000028                   : BIOS.obj (.text:ti_sysbios_knl_Swi_Module_startup__E)
                  0000ac28    00000026     grlib.lib : string.obj (.text:GrFontInfoGet)
                  0000ac4e    00000026     sysbios.aem4f : m3_Hwi_asm.obj (.text:ti_sysbios_family_arm_m3_Hwi_pendSV__I)
                  0000ac74    00000026     ti.targets.arm.rtsarm.aem4f : System.oem4f (.text:xdc_runtime_System_avprintf__E)
                  0000ac9a    00000002     --HOLE-- [fill = 0]
                  0000ac9c    00000024     empty_pem4f.oem4f (.text:ti_sysbios_BIOS_errorRaiseHook__I)
                  0000acc0    00000024     empty_pem4f.oem4f (.text:ti_sysbios_BIOS_registerRTSLock__I)
                  0000ace4    00000024     empty_pem4f.oem4f (.text:ti_sysbios_BIOS_removeRTSLock__I)
                  0000ad08    00000024     empty_pem4f.oem4f (.text:ti_sysbios_BIOS_startFunc__I)
                  0000ad2c    00000024     empty_pem4f.oem4f (.text:ti_sysbios_gates_GateMutex_Object__delete__S)
                  0000ad50    00000024     sysbios.aem4f : BIOS.obj (.text:ti_sysbios_knl_Clock_Module_startup__E)
                  0000ad74    00000004     --HOLE-- [fill = 0]
                  0000ad78    00000024                   : BIOS.obj (.text:ti_sysbios_knl_Task_restoreHwi__E)
                  0000ad9c    00000024     ti.targets.arm.rtsarm.aem4f : System.oem4f (.text:xdc_runtime_System_vprintf__E)
                  0000adc0    00000022     grlib.lib : string.obj (.text:GrFontGlyphDataGet)
                  0000ade2    00000006     driverlib.lib : i2c.obj (.text:I2CMasterIntEnable)
                  0000ade8    00000022     sysbios.aem4f : BIOS.obj (.text:ti_sysbios_family_arm_lm4_Timer_write__I)
                  0000ae0a    00000022     empty_pem4f.oem4f (.text:xdc_runtime_SysMin_output__I)
                  0000ae2c    00000020     Boot.aem4f : Boot_sysctl.oem4f (.text:_SysCtlMemTimingGet)
                  0000ae4c    00000020     rtsv7M4_T_le_v4SPD16_eabi.lib : u_tofd_t2.asm.obj (.text)
                  0000ae6c    00000020     empty_pem4f.oem4f (.text:ti_sysbios_BIOS_rtsLock__I)
                  0000ae8c    00000020     empty_pem4f.oem4f (.text:ti_sysbios_family_arm_lm4_Timer_Object__delete__S)
                  0000aeac    00000004     --HOLE-- [fill = 0]
                  0000aeb0    00000020     sysbios.aem4f : BIOS.obj (.text:ti_sysbios_family_arm_lm4_Timer_getFreq__E)
                  0000aed0    00000020     empty_pem4f.oem4f (.text:ti_sysbios_family_arm_m3_Hwi_Object__delete__S)
                  0000aef0    00000020     sysbios.aem4f : m3_Hwi_asm.obj (.text:ti_sysbios_family_arm_m3_Hwi_excHandlerAsm__I)
                  0000af10    00000020                   : BIOS.obj (.text:ti_sysbios_family_arm_m3_Hwi_excHandler__I)
                  0000af30    00000020     empty_pem4f.oem4f (.text:ti_sysbios_gates_GateHwi_Object__delete__S)
                  0000af50    00000020     empty_pem4f.oem4f (.text:ti_sysbios_heaps_HeapMem_Object__delete__S)
                  0000af70    00000020     empty_pem4f.oem4f (.text:ti_sysbios_knl_Clock_Object__destruct__S)
                  0000af90    00000020     sysbios.aem4f : BIOS.obj (.text:ti_sysbios_knl_Idle_run__E)
                  0000afb0    00000020     empty_pem4f.oem4f (.text:ti_sysbios_knl_Semaphore_Object__destruct__S)
                  0000afd0    00000020     ti.targets.arm.rtsarm.aem4f : Registry.oem4f (.text:xdc_runtime_Registry_findById__E)
                  0000aff0    00000020                                 : SysMin.oem4f (.text:xdc_runtime_SysMin_Module_startup__E)
                  0000b010    0000001e     grlib.lib : string.obj (.text:GrFontCodepageGet)
                  0000b02e    0000001e               : widget.obj (.text:WidgetAdd)
                  0000b04c    0000001e     sysbios.aem4f : m3_Hwi_asm_switch.obj (.text:ti_sysbios_family_xxx_Hwi_switchAndRunFunc)
                  0000b06a    00000002     --HOLE-- [fill = 0]
                  0000b06c    0000001c     driverlib.lib : uart.obj (.text:UARTDisable)
                  0000b088    0000001c     grlib.lib : widget.obj (.text:WidgetPointerMessage)
                  0000b0a4    0000001c     drivers_tivaware.aem4f : GPIOTiva.oem4f (.text:getGpioIntIndex)
                  0000b0c0    0000001c     rtsv7M4_T_le_v4SPD16_eabi.lib : memccpy.c.obj (.text:memccpy)
                  0000b0dc    0000001c     empty_pem4f.oem4f (.text:ti_sysbios_family_arm_m3_Hwi_Object__destruct__S)
                  0000b0f8    0000001c     sysbios.aem4f : BIOS.obj (.text:ti_sysbios_gates_GateMutex_Instance_init__E)
                  0000b114    0000001c     empty_pem4f.oem4f (.text:ti_sysbios_hal_Timer_TimerProxy_create)
                  0000b130    0000001c     empty_pem4f.oem4f (.text:ti_sysbios_knl_Queue_Object__destruct__S)
                  0000b14c    00000004     --HOLE-- [fill = 0]
                  0000b150    0000001c     sysbios.aem4f : BIOS.obj (.text:ti_sysbios_knl_Queue_put__E)
                  0000b16c    00000004     --HOLE-- [fill = 0]
                  0000b170    0000001c                   : BIOS.obj (.text:ti_sysbios_knl_Task_enter__I)
                  0000b18c    0000001c     empty.obj (.text:updatetime)
                  0000b1a8    0000001c     ti.targets.arm.rtsarm.aem4f : Error.oem4f (.text:xdc_runtime_Error_raiseX__E)
                  0000b1c4    0000001c                                 : Memory.oem4f (.text:xdc_runtime_Memory_valloc__E)
                  0000b1e0    0000001c                                 : SysMin.oem4f (.text:xdc_runtime_SysMin_exit__E)
                  0000b1fc    0000001c                                 : System.oem4f (.text:xdc_runtime_System_abort__E)
                  0000b218    0000001a     rtsv7M4_T_le_v4SPD16_eabi.lib : s_copysign.c.obj (.text:copysign)
                  0000b232    0000001a     empty_pem4f.oem4f (.text:ti_sysbios_family_arm_m3_Hwi_Handle__label__S)
                  0000b24c    0000001a     empty_pem4f.oem4f (.text:ti_sysbios_gates_GateHwi_Handle__label__S)
                  0000b266    0000001a     empty_pem4f.oem4f (.text:ti_sysbios_gates_GateMutex_Handle__label__S)
                  0000b280    0000001a     empty_pem4f.oem4f (.text:ti_sysbios_heaps_HeapMem_Handle__label__S)
                  0000b29a    0000001a     empty_pem4f.oem4f (.text:ti_sysbios_knl_Swi_Handle__label__S)
                  0000b2b4    0000001a     empty_pem4f.oem4f (.text:ti_sysbios_knl_Task_Handle__label__S)
                  0000b2ce    0000001a     empty_pem4f.oem4f (.text:xdc_runtime_System_aprintf__E)
                  0000b2e8    0000001a     empty_pem4f.oem4f (.text:xdc_runtime_System_printf__E)
                  0000b302    00000018     driverlib.lib : gpio.obj (.text:GPIOPinTypeGPIOOutput)
                  0000b31a    00000002     --HOLE-- [fill = 0]
                  0000b31c    00000018     drivers_tivaware.aem4f : UART.oem4f (.text:UART_Params_init)
                  0000b334    00000018     rtsv7M4_T_le_v4SPD16_eabi.lib : args_main.c.obj (.text:_args_main)
                  0000b34c    00000018                                   : snprintf.c.obj (.text:_outc)
                  0000b364    00000018     empty_pem4f.oem4f (.text:ti_sysbios_BIOS_rtsUnlock__I)
                  0000b37c    00000018     empty_pem4f.oem4f (.text:ti_sysbios_family_arm_lm4_Timer_Module__startupDone__F)
                  0000b394    00000018     empty_pem4f.oem4f (.text:ti_sysbios_family_arm_m3_Hwi_Module__startupDone__F)
                  0000b3ac    00000018     sysbios.aem4f : m3_TaskSupport_asm.obj (.text:ti_sysbios_family_arm_m3_TaskSupport_swap__E)
                  0000b3c4    00000004     --HOLE-- [fill = 0]
                  0000b3c8    00000018                   : BIOS.obj (.text:ti_sysbios_gates_GateMutex_leave__E)
                  0000b3e0    00000018     empty_pem4f.oem4f (.text:ti_sysbios_knl_Clock_Module__startupDone__F)
                  0000b3f8    00000018     empty_pem4f.oem4f (.text:time)
                  0000b410    00000018     ti.targets.arm.rtsarm.aem4f : Error.oem4f (.text:xdc_runtime_Error_check__E)
                  0000b428    00000018                                 : System.oem4f (.text:xdc_runtime_System_exit__E)
                  0000b440    00000018                                 : Text.oem4f (.text:xdc_runtime_Text_ropeText__E)
                  0000b458    00000016     grlib.lib : string.obj (.text:GrStringDraw)
                  0000b46e    00000016     driverlib.lib : i2c.obj (.text:I2CMasterErr)
                  0000b484    00000016     rtsv7M4_T_le_v4SPD16_eabi.lib : strchr.c.obj (.text:strchr)
                  0000b49a    00000016     empty_pem4f.oem4f (.text:ti_sysbios_BIOS_exitFunc__I)
                  0000b4b0    00000016     empty.obj (.text:ti_sysbios_hal_Timer_Params_init)
                  0000b4c6    00000016     empty.obj (.text:ti_sysbios_knl_Task_Params_init)
                  0000b4dc    00000014     grlib.lib : canvas.obj (.text:CanvasMsgProc)
                  0000b4f0    00000014     Kentec320x240x16_ssd2119_spi.obj (.text:LED_OFF)
                  0000b504    00000014     Kentec320x240x16_ssd2119_spi.obj (.text:LED_ON)
                  0000b518    00000014     touch.obj (.text:TouchScreenCallbackSet)
                  0000b52c    00000014     driverlib.lib : uart.obj (.text:UARTEnable)
                  0000b540    00000014     grlib.lib : widget.obj (.text:WidgetMutexGet)
                  0000b554    00000014     rtsv7M4_T_le_v4SPD16_eabi.lib : strlen.c.obj (.text:strlen)
                  0000b568    00000014     empty_pem4f.oem4f (.text:ti_sysbios_family_arm_m3_Hwi_Object__get__S)
                  0000b57c    00000004     --HOLE-- [fill = 0]
                  0000b580    00000014     sysbios.aem4f : BIOS.obj (.text:ti_sysbios_family_arm_m3_Hwi_switchFromBootStack__E)
                  0000b594    00000014     empty_pem4f.oem4f (.text:ti_sysbios_heaps_HeapMem_Object__get__S)
                  0000b5a8    00000014     empty_pem4f.oem4f (.text:ti_sysbios_knl_Swi_Object__get__S)
                  0000b5bc    00000012     driverlib.lib : gpio.obj (.text:GPIOPinTypeEthernetLED)
                  0000b5ce    00000012                   : gpio.obj (.text:GPIOPinTypeGPIOInput)
                  0000b5e0    00000012                   : gpio.obj (.text:GPIOPinTypeI2C)
                  0000b5f2    00000012                   : gpio.obj (.text:GPIOPinTypeI2CSCL)
                  0000b604    00000012                   : gpio.obj (.text:GPIOPinTypeSSI)
                  0000b616    00000012                   : gpio.obj (.text:GPIOPinTypeUART)
                  0000b628    00000012                   : gpio.obj (.text:GPIOPinTypeUSBAnalog)
                  0000b63a    00000012                   : gpio.obj (.text:GPIOPinTypeUSBDigital)
                  0000b64c    00000012     drivers_tivaware.aem4f : RingBuf.oem4f (.text:RingBuf_construct)
                  0000b65e    00000012     driverlib.lib : ssi.obj (.text:SSIDataGetNonBlocking)
                  0000b670    00000012                   : timer.obj (.text:TimerLoadSet)
                  0000b682    00000012     UARTLocal.obj (.text:WriteUART)
                  0000b694    00000004     --HOLE-- [fill = 0]
                  0000b698    00000012     sysbios.aem4f : BIOS.obj (.text:ti_sysbios_hal_Hwi_Module_startup__E)
                  0000b6aa    00000006     drivers_tivaware.aem4f : I2CTiva.oem4f (.text:I2CTiva_control)
                  0000b6b0    00000012     sysbios.aem4f : BIOS.obj (.text:ti_sysbios_hal_Timer_Module_startup__E)
                  0000b6c2    00000012     rtsv7M4_T_le_v4SPD16_eabi.lib : wcslen.c.obj (.text:wcslen)
                  0000b6d4    00000012     empty_pem4f.oem4f (.text:xdc_runtime_Startup_exec__I)
                  0000b6e6    00000002     --HOLE-- [fill = 0]
                  0000b6e8    00000010     empty_pem4f.oem4f (.text:.bootCodeSection:ti_catalog_arm_cortexm4_tiva_ce_Boot_init__I)
                  0000b6f8    00000010     driverlib.lib : adc.obj (.text:ADCIntEnable)
                  0000b708    00000010     drivers_tivaware.aem4f : UARTTiva.oem4f (.text:readBlockingTimeout)
                  0000b718    00000010     sysbios.aem4f : BIOS.obj (.text:ti_sysbios_BIOS_getCpuFreq__E)
                  0000b728    00000010                   : BIOS.obj (.text:ti_sysbios_BIOS_setThreadType__E)
                  0000b738    00000010                   : BIOS.obj (.text:ti_sysbios_BIOS_start__E)
                  0000b748    00000010                   : BIOS.obj (.text:ti_sysbios_family_arm_lm4_TimestampProvider_rolloverFunc__E)
                  0000b758    00000010                   : m3_TaskSupport_asm.obj (.text:ti_sysbios_family_arm_m3_TaskSupport_glue)
                  0000b768    00000010                   : BIOS.obj (.text:ti_sysbios_gates_GateMutex_Instance_finalize__E)
                  0000b778    00000010     empty_pem4f.oem4f (.text:ti_sysbios_hal_Timer_TimerProxy_Object__create__S)
                  0000b788    00000010     sysbios.aem4f : BIOS.obj (.text:ti_sysbios_knl_Semaphore_Instance_finalize__E)
                  0000b798    00000010                   : BIOS.obj (.text:ti_sysbios_knl_Swi_disable__E)
                  0000b7a8    00000010     empty_pem4f.oem4f (.text:ti_sysbios_knl_Task_Object__get__S)
                  0000b7b8    00000010     sysbios.aem4f : BIOS.obj (.text:ti_sysbios_knl_Task_disable__E)
                  0000b7c8    00000010     ti.targets.arm.rtsarm.aem4f : Gate.oem4f (.text:xdc_runtime_Gate_leaveSystem__E)
                  0000b7d8    00000010                                 : Memory.oem4f (.text:xdc_runtime_Memory_free__E)
                  0000b7e8    00000010                                 : SysMin.oem4f (.text:xdc_runtime_SysMin_ready__E)
                  0000b7f8    00000010                                 : System.oem4f (.text:xdc_runtime_System_vsnprintf__E)
                  0000b808    00000010     empty_pem4f.oem4f (.text:xdc_runtime_Text_visitRope__I)
                  0000b818    0000000e     driverlib.lib : adc.obj (.text:ADCSequenceEnable)
                  0000b826    0000000e                   : gpio.obj (.text:GPIOIntStatus)
                  0000b834    0000000e     grlib.lib : image.obj (.text:GrImageDraw)
                  0000b842    0000000e     driverlib.lib : timer.obj (.text:TimerEnable)
                  0000b850    0000000e                   : uart.obj (.text:UARTCharGetNonBlocking)
                  0000b85e    0000000e                   : uart.obj (.text:UARTCharPutNonBlocking)
                  0000b86c    0000000e     rtsv7M4_T_le_v4SPD16_eabi.lib : copy_decompress_none.c.obj (.text:decompress:none:__TI_decompress_none)
                  0000b87a    00000006     driverlib.lib : sysctl.obj (.text:SysCtlDelay)
                  0000b880    0000000e     sysbios.aem4f : BIOS.obj (.text:ti_sysbios_knl_Idle_loop__E)
                  0000b88e    00000002     --HOLE-- [fill = 0]
                  0000b890    0000000e                   : BIOS.obj (.text:ti_sysbios_knl_Queue_empty__E)
                  0000b89e    0000000c     drivers_tivaware.aem4f : RingBuf.oem4f (.text:RingBuf_peek)
                  0000b8aa    0000000c     driverlib.lib : uart.obj (.text:UARTFlowControlSet)
                  0000b8b6    0000000c     drivers_tivaware.aem4f : UARTTiva.oem4f (.text:UARTTiva_init)
                  0000b8c2    00000002     --HOLE-- [fill = 0]
                  0000b8c4    0000000c     rtsv7M4_T_le_v4SPD16_eabi.lib : _lock.c.obj (.text:_register_lock)
                  0000b8d0    0000000c                                   : _lock.c.obj (.text:_register_unlock)
                  0000b8dc    0000000c                                   : copy_zero_init.c.obj (.text:decompress:ZI:__TI_zero_init)
                  0000b8e8    0000000c     sysbios.aem4f : BIOS.obj (.text:ti_sysbios_family_arm_lm4_Timer_getMaxTicks__E)
                  0000b8f4    00000004     --HOLE-- [fill = 0]
                  0000b8f8    0000000c                   : BIOS.obj (.text:ti_sysbios_family_arm_lm4_TimestampProvider_startTimer__E)
                  0000b904    0000000c     empty_pem4f.oem4f (.text:ti_sysbios_family_arm_m3_Hwi_Params__init__S)
                  0000b910    0000000c     sysbios.aem4f : BIOS.obj (.text:ti_sysbios_family_arm_m3_Hwi_disableFxn__E)
                  0000b91c    00000004     --HOLE-- [fill = 0]
                  0000b920    0000000c                   : BIOS.obj (.text:ti_sysbios_family_arm_m3_TaskSupport_checkStack__E)
                  0000b92c    00000004     --HOLE-- [fill = 0]
                  0000b930    0000000c                   : BIOS.obj (.text:ti_sysbios_family_arm_m3_TaskSupport_getStackAlignment__E)
                  0000b93c    00000004     --HOLE-- [fill = 0]
                  0000b940    0000000c                   : BIOS.obj (.text:ti_sysbios_gates_GateHwi_enter__E)
                  0000b94c    00000004     --HOLE-- [fill = 0]
                  0000b950    0000000c                   : BIOS.obj (.text:ti_sysbios_hal_SecondsClock_get__E)
                  0000b95c    00000004     --HOLE-- [fill = 0]
                  0000b960    0000000c                   : BIOS.obj (.text:ti_sysbios_hal_SecondsClock_set__E)
                  0000b96c    0000000c     empty_pem4f.oem4f (.text:ti_sysbios_hal_Timer_Params__init__S)
                  0000b978    0000000c     empty_pem4f.oem4f (.text:ti_sysbios_knl_Clock_Params__init__S)
                  0000b984    0000000c     empty_pem4f.oem4f (.text:ti_sysbios_knl_Queue_Object__get__S)
                  0000b990    0000000c     empty_pem4f.oem4f (.text:ti_sysbios_knl_Semaphore_Params__init__S)
                  0000b99c    0000000c     empty_pem4f.oem4f (.text:ti_sysbios_knl_Task_Params__init__S)
                  0000b9a8    0000000c     ti.targets.arm.rtsarm.aem4f : Error.oem4f (.text:xdc_runtime_Error_init__E)
                  0000b9b4    0000000c                                 : Gate.oem4f (.text:xdc_runtime_Gate_enterSystem__E)
                  0000b9c0    0000000c                                 : Memory.oem4f (.text:xdc_runtime_Memory_calloc__E)
                  0000b9cc    0000000c                                 : Memory.oem4f (.text:xdc_runtime_Memory_getMaxDefaultTypeAlign__E)
                  0000b9d8    0000000a     driverlib.lib : i2c.obj (.text:I2CMasterDisable)
                  0000b9e2    0000000a                   : i2c.obj (.text:I2CMasterEnable)
                  0000b9ec    0000000a     drivers_tivaware.aem4f : I2CTiva.oem4f (.text:I2CTiva_init)
                  0000b9f6    0000000a     Kentec320x240x16_ssd2119_spi.obj (.text:Kentec320x240x16_SSD2119Flush)
                  0000ba00    0000000a     driverlib.lib : ssi.obj (.text:SSIDataPut)
                  0000ba0a    0000000a                   : ssi.obj (.text:SSIEnable)
                  0000ba14    0000000a                   : uart.obj (.text:UARTCharGet)
                  0000ba1e    0000000a                   : uart.obj (.text:UARTCharPut)
                  0000ba28    0000000a                   : uart.obj (.text:UARTIntDisable)
                  0000ba32    0000000a                   : uart.obj (.text:UARTIntStatus)
                  0000ba3c    0000000a     drivers_tivaware.aem4f : UART.oem4f (.text:UART_write)
                  0000ba46    00000002     --HOLE-- [fill = 0]
                  0000ba48    0000000a     sysbios.aem4f : BIOS.obj (.text:ti_sysbios_hal_Timer_Instance_finalize__E)
                  0000ba52    0000000a     empty_pem4f.oem4f (.text:xdc_runtime_IHeap_alloc)
                  0000ba5c    0000000a     empty_pem4f.oem4f (.text:xdc_runtime_IHeap_free)
                  0000ba66    00000008     EK_TM4C1294XL.obj (.text:EK_TM4C1294XL_initGPIO)
                  0000ba6e    00000008     grlib.lib : charmap.obj (.text:GrMapISO8859_1_Unicode)
                  0000ba76    00000008     driverlib.lib : i2c.obj (.text:I2CMasterIntClear)
                  0000ba7e    00000008                   : i2c.obj (.text:I2CMasterSlaveAddrSet)
                  0000ba86    00000008     drivers_tivaware.aem4f : I2CTiva.oem4f (.text:I2CTiva_blockingCallback)
                  0000ba8e    00000008     driverlib.lib : ssi.obj (.text:SSIBusy)
                  0000ba96    00000008                   : uart.obj (.text:UARTIntEnable)
                  0000ba9e    00000008                   : uart.obj (.text:UARTRxErrorGet)
                  0000baa6    00000002     --HOLE-- [fill = 0]
                  0000baa8    00000008     rtsv7M4_T_le_v4SPD16_eabi.lib : errno.c.obj (.text:__aeabi_errno_addr)
                  0000bab0    00000008     drivers_tivaware.aem4f : UARTTiva.oem4f (.text:readSemCallback)
                  0000bab8    00000008     sysbios.aem4f : BIOS.obj (.text:ti_sysbios_family_arm_lm4_Timer_masterDisable__I)
                  0000bac0    00000008                   : BIOS.obj (.text:ti_sysbios_family_arm_m3_Hwi_doSwiRestore__I)
                  0000bac8    00000008                   : BIOS.obj (.text:ti_sysbios_family_arm_m3_Hwi_startup__E)
                  0000bad0    00000008     drivers_tivaware.aem4f : UARTTiva.oem4f (.text:writeSemCallback)
                  0000bad8    00000006     driverlib.lib : uart.obj (.text:UARTFIFOLevelSet)
                  0000bade    00000006                   : uart.obj (.text:UARTRxErrorClear)
                  0000bae4    00000006     grlib.lib : widget.obj (.text:WidgetMutexPut)
                  0000baea    00000006     ti.targets.arm.rtsarm.aem4f : System.oem4f (.text:xdc_runtime_System_Module_startup__E)
                  0000baf0    00000006     sysbios.aem4f : BIOS.obj (.text:ti_sysbios_family_arm_lm4_TimestampProvider_Module_startup__E)
                  0000baf6    00000002     --HOLE-- [fill = 0]
                  0000baf8    00000006                   : BIOS.obj (.text:ti_sysbios_family_arm_m3_Hwi_doTaskRestore__I)
                  0000bafe    00000002     --HOLE-- [fill = 0]
                  0000bb00    00000006                   : BIOS.obj (.text:ti_sysbios_family_arm_m3_Hwi_restoreFxn__E)
                  0000bb06    00000002     --HOLE-- [fill = 0]
                  0000bb08    00000006                   : BIOS.obj (.text:ti_sysbios_gates_GateHwi_leave__E)
                  0000bb0e    00000002     --HOLE-- [fill = 0]
                  0000bb10    00000006                   : BIOS.obj (.text:ti_sysbios_heaps_HeapMem_isBlocking__E)
                  0000bb16    00000002     --HOLE-- [fill = 0]
                  0000bb18    00000006                   : BIOS.obj (.text:ti_sysbios_knl_Clock_stop__E)
                  0000bb1e    00000002     --HOLE-- [fill = 0]
                  0000bb20    00000006                   : BIOS.obj (.text:ti_sysbios_knl_Queue_Instance_init__E)
                  0000bb26    00000002     --HOLE-- [fill = 0]
                  0000bb28    00000006                   : BIOS.obj (.text:ti_sysbios_knl_Swi_startup__E)
                  0000bb2e    00000002     --HOLE-- [fill = 0]
                  0000bb30    00000004                   : BIOS.obj (.text:ti_sysbios_family_arm_lm4_Timer_getPeriod__E)
                  0000bb34    00000004     --HOLE-- [fill = 0]
                  0000bb38    00000004                   : BIOS.obj (.text:ti_sysbios_gates_GateHwi_query__E)
                  0000bb3c    00000004     --HOLE-- [fill = 0]
                  0000bb40    00000004                   : BIOS.obj (.text:ti_sysbios_gates_GateMutex_query__E)
                  0000bb44    00000004     --HOLE-- [fill = 0]
                  0000bb48    00000004                   : BIOS.obj (.text:ti_sysbios_knl_Task_startup__E)
                  0000bb4c    00000004     --HOLE-- [fill = 0]
                  0000bb50    00000002                   : BIOS.obj (.text:ti_sysbios_gates_GateHwi_Instance_init__E)
                  0000bb52    00000006     --HOLE-- [fill = 0]
                  0000bb58    00000002                   : BIOS.obj (.text:ti_sysbios_knl_Clock_logTick__E)

.const     0    0000bb5c    0000670e     
                  0000bb5c    00001a46     frame.obj (.const:.string:g_pui8Top)
                  0000d5a2    000018ae     empty_pem4f.oem4f (.const:xdc_runtime_Text_charTab__A)
                  0000ee50    00000786     frame.obj (.const:.string:g_pui8Bottom)
                  0000f5d6    00000782     grlib.lib : fontcmss18b.obj (.const:.string:g_pui8Cmss18bData)
                  0000fd58    000006ca               : fontcmss16b.obj (.const:.string:g_pui8Cmss16bData)
                  00010422    00000546     frame.obj (.const:.string:g_pui8Left)
                  00010968    00000546     frame.obj (.const:.string:g_pui8Right)
                  00010eae    0000017c     frame.obj (.const:.string:g_pui8TopLeft)
                  0001102a    00000173     frame.obj (.const:.string:g_pui8TopRight)
                  0001119d    00000001     empty_pem4f.oem4f (.const:xdc_runtime_Error_policy__C)
                  0001119e    00000002     empty_pem4f.oem4f (.const:ti_catalog_arm_cortexm4_tiva_ce_Boot_Module__id__C)
                  000111a0    00000120     Boot.aem4f : Boot_sysctl.oem4f (.const:g_pppui32XTALtoVCO)
                  000112c0    00000101     rtsv7M4_T_le_v4SPD16_eabi.lib : ctype.c.obj (.const:.string:_ctypes_)
                  000113c1    000000d0     frame.obj (.const:.string:g_pui8BottomLeft)
                  00011491    00000001     --HOLE-- [fill = 0]
                  00011492    000000d0     empty_pem4f.oem4f (.const:xdc_runtime_Text_nodeTab__A)
                  00011562    00000002     empty_pem4f.oem4f (.const:ti_sysbios_family_arm_lm4_Timer_Module__id__C)
                  00011564    000000c8     grlib.lib : fontcmss16b.obj (.const:g_sFontCmss16b)
                  0001162c    000000c8               : fontcmss18b.obj (.const:g_sFontCmss18b)
                  000116f4    000000c4     frame.obj (.const:.string:g_pui8BottomRight)
                  000117b8    00000090     driverlib.lib : gpio.obj (.const:g_pui32GPIOBaseAddrs)
                  00011848    00000070                   : interrupt.obj (.const)
                  000118b8    0000006c     Boot.aem4f : Boot_sysctl.oem4f (.const:g_pui32Xtals)
                  00011924    00000060     rtsv7M4_T_le_v4SPD16_eabi.lib : mktime.c.obj (.const:$O1$$)
                  00011984    00000054     drivers_tivaware.aem4f : GPIOTiva.oem4f (.const:.string)
                  000119d8    0000004c     rtsv7M4_T_le_v4SPD16_eabi.lib : asctime.c.obj (.const:$O1$$)
                  00011a24    0000004c                                   : asctime.c.obj (.const:.string)
                  00011a70    0000004c     drivers_tivaware.aem4f : UARTTiva.oem4f (.const)
                  00011abc    00000048     empty_pem4f.oem4f (.const:.string)
                  00011b04    00000048     drivers_tivaware.aem4f : GPIOTiva.oem4f (.const:gpioBaseAddresses)
                  00011b4c    0000003c     empty_pem4f.oem4f (.const:ti_sysbios_family_arm_lm4_Timer_Object__PARAMS__C)
                  00011b88    0000003c     empty_pem4f.oem4f (.const:ti_sysbios_knl_Task_Object__PARAMS__C)
                  00011bc4    00000030     Boot.aem4f : Boot_sysctl.oem4f (.const:g_sXTALtoMEMTIM)
                  00011bf4    00000030     empty_pem4f.oem4f (.const:ti_sysbios_family_arm_m3_Hwi_Object__PARAMS__C)
                  00011c24    00000030     empty_pem4f.oem4f (.const:ti_sysbios_hal_Timer_Object__PARAMS__C)
                  00011c54    0000002c     empty_pem4f.oem4f (.const:xdc_runtime_Startup_sfxnTab__A)
                  00011c80    00000028     drivers_tivaware.aem4f : UARTTiva.oem4f (.const:UARTTiva_fxnTable)
                  00011ca8    00000028     Kentec320x240x16_ssd2119_spi.obj (.const:g_sKentec320x240x16_SSD2119)
                  00011cd0    00000028     empty_pem4f.oem4f (.const:ti_sysbios_heaps_HeapMem_Module__FXNS__C)
                  00011cf8    00000024     EK_TM4C1294XL.obj (.const:I2C_config)
                  00011d1c    00000024     drivers_tivaware.aem4f : UART.oem4f (.const:UART_defaultParams)
                  00011d40    00000024     empty_pem4f.oem4f (.const:ti_sysbios_gates_GateHwi_Module__FXNS__C)
                  00011d64    00000024     empty_pem4f.oem4f (.const:ti_sysbios_gates_GateMutex_Module__FXNS__C)
                  00011d88    00000024     empty_pem4f.oem4f (.const:ti_sysbios_heaps_HeapMem_Object__PARAMS__C)
                  00011dac    00000024     empty_pem4f.oem4f (.const:ti_sysbios_knl_Clock_Object__PARAMS__C)
                  00011dd0    00000024     empty_pem4f.oem4f (.const:ti_sysbios_knl_Semaphore_Object__PARAMS__C)
                  00011df4    00000020     empty_pem4f.oem4f (.const:ti_sysbios_family_arm_lm4_Timer_Object__DESC__C)
                  00011e14    00000020     empty_pem4f.oem4f (.const:ti_sysbios_family_arm_m3_Hwi_Object__DESC__C)
                  00011e34    00000020     empty_pem4f.oem4f (.const:ti_sysbios_gates_GateHwi_Object__DESC__C)
                  00011e54    00000020     empty_pem4f.oem4f (.const:ti_sysbios_gates_GateMutex_Object__DESC__C)
                  00011e74    00000020     empty_pem4f.oem4f (.const:ti_sysbios_hal_Timer_Object__DESC__C)
                  00011e94    00000020     empty_pem4f.oem4f (.const:ti_sysbios_heaps_HeapMem_Object__DESC__C)
                  00011eb4    00000020     empty_pem4f.oem4f (.const:ti_sysbios_knl_Clock_Object__DESC__C)
                  00011ed4    00000020     empty_pem4f.oem4f (.const:ti_sysbios_knl_Queue_Object__DESC__C)
                  00011ef4    00000020     empty_pem4f.oem4f (.const:ti_sysbios_knl_Semaphore_Object__DESC__C)
                  00011f14    00000020     empty_pem4f.oem4f (.const:ti_sysbios_knl_Task_Object__DESC__C)
                  00011f34    0000001c     drivers_tivaware.aem4f : I2CTiva.oem4f (.const)
                  00011f50    0000001c     touch.obj (.const:g_pi32TouchParameters)
                  00011f6c    00000018     EK_TM4C1294XL.obj (.const:UART_config)
                  00011f84    00000018     EK_TM4C1294XL.obj (.const:i2cTivaHWAttrs)
                  00011f9c    00000018     empty_pem4f.oem4f (.const:ti_sysbios_gates_GateHwi_Object__PARAMS__C)
                  00011fb4    00000018     empty_pem4f.oem4f (.const:ti_sysbios_gates_GateMutex_Object__PARAMS__C)
                  00011fcc    00000018     empty_pem4f.oem4f (.const:ti_sysbios_knl_Queue_Object__PARAMS__C)
                  00011fe4    00000018     EK_TM4C1294XL.obj (.const:uartTivaHWAttrs)
                  00011ffc    00000016     empty_pem4f.oem4f (.const:xdc_runtime_Startup_sfxnRts__A)
                  00012012    00000002     empty_pem4f.oem4f (.const:ti_sysbios_family_arm_lm4_Timer_supportsAltclk__C)
                  00012014    00000014     EK_TM4C1294XL.obj (.const:GPIOTiva_config)
                  00012028    00000014     empty_pem4f.oem4f (.const:xdc_runtime_Startup_firstFxns__A)
                  0001203c    00000010     grlib.lib : context.obj (.const)
                  0001204c    00000008     Boot.aem4f : Boot_sysctl.oem4f (.const)
                  00012054    00000008     empty_pem4f.oem4f (.const:ti_sysbios_family_arm_m3_Hwi_excHookFuncs__A)
                  0001205c    00000008     empty_pem4f.oem4f (.const:ti_sysbios_knl_Idle_funcList__C)
                  00012064    00000008     empty_pem4f.oem4f (.const:xdc_runtime_Startup_firstFxns__C)
                  0001206c    00000008     empty_pem4f.oem4f (.const:xdc_runtime_Startup_lastFxns__C)
                  00012074    00000006     empty.obj (.const:.string)
                  0001207a    00000002     empty_pem4f.oem4f (.const:ti_sysbios_family_arm_m3_Hwi_Module__id__C)
                  0001207c    00000004     empty_pem4f.oem4f (.const:ti_catalog_arm_cortexm4_tiva_ce_Boot_A_mustNotUseEnhancedClockMode__C)
                  00012080    00000004     empty_pem4f.oem4f (.const:ti_catalog_arm_cortexm4_tiva_ce_Boot_Module__diagsEnabled__C)
                  00012084    00000004     empty_pem4f.oem4f (.const:ti_catalog_arm_cortexm4_tiva_ce_Boot_Module__diagsIncluded__C)
                  00012088    00000004     empty_pem4f.oem4f (.const:ti_catalog_arm_cortexm4_tiva_ce_Boot_Module__diagsMask__C)
                  0001208c    00000004     empty_pem4f.oem4f (.const:ti_sysbios_family_arm_lm4_Timer_E_cannotSupport__C)
                  00012090    00000004     empty_pem4f.oem4f (.const:ti_sysbios_family_arm_lm4_Timer_E_invalidTimer__C)
                  00012094    00000004     empty_pem4f.oem4f (.const:ti_sysbios_family_arm_lm4_Timer_E_noaltclk__C)
                  00012098    00000004     empty_pem4f.oem4f (.const:ti_sysbios_family_arm_lm4_Timer_E_notAvailable__C)
                  0001209c    00000004     empty_pem4f.oem4f (.const:ti_sysbios_family_arm_lm4_Timer_anyMask__C)
                  000120a0    00000004     empty_pem4f.oem4f (.const:ti_sysbios_family_arm_lm4_Timer_disableFunc__C)
                  000120a4    00000004     empty_pem4f.oem4f (.const:ti_sysbios_family_arm_lm4_Timer_enableFunc__C)
                  000120a8    00000004     empty_pem4f.oem4f (.const:ti_sysbios_family_arm_lm4_Timer_numTimerDevices__C)
                  000120ac    00000004     empty_pem4f.oem4f (.const:ti_sysbios_family_arm_lm4_Timer_startupNeeded__C)
                  000120b0    00000004     empty_pem4f.oem4f (.const:ti_sysbios_family_arm_m3_Hwi_E_NMI__C)
                  000120b4    00000004     empty_pem4f.oem4f (.const:ti_sysbios_family_arm_m3_Hwi_E_alreadyDefined__C)
                  000120b8    00000004     empty_pem4f.oem4f (.const:ti_sysbios_family_arm_m3_Hwi_E_busFault__C)
                  000120bc    00000004     empty_pem4f.oem4f (.const:ti_sysbios_family_arm_m3_Hwi_E_debugMon__C)
                  000120c0    00000004     empty_pem4f.oem4f (.const:ti_sysbios_family_arm_m3_Hwi_E_hardFault__C)
                  000120c4    00000004     empty_pem4f.oem4f (.const:ti_sysbios_family_arm_m3_Hwi_E_memFault__C)
                  000120c8    00000004     empty_pem4f.oem4f (.const:ti_sysbios_family_arm_m3_Hwi_E_noIsr__C)
                  000120cc    00000004     empty_pem4f.oem4f (.const:ti_sysbios_family_arm_m3_Hwi_E_reserved__C)
                  000120d0    00000004     empty_pem4f.oem4f (.const:ti_sysbios_family_arm_m3_Hwi_E_svCall__C)
                  000120d4    00000004     empty_pem4f.oem4f (.const:ti_sysbios_family_arm_m3_Hwi_E_usageFault__C)
                  000120d8    00000004     empty_pem4f.oem4f (.const:ti_sysbios_family_arm_m3_Hwi_NUM_INTERRUPTS__C)
                  000120dc    00000004     empty_pem4f.oem4f (.const:ti_sysbios_family_arm_m3_Hwi_Object__count__C)
                  000120e0    00000004     empty_pem4f.oem4f (.const:ti_sysbios_family_arm_m3_Hwi_ccr__C)
                  000120e4    00000004     empty_pem4f.oem4f (.const:ti_sysbios_family_arm_m3_Hwi_excHandlerFunc__C)
                  000120e8    00000004     empty_pem4f.oem4f (.const:ti_sysbios_family_arm_m3_Hwi_excHookFuncs__C)
                  000120ec    00000004     empty_pem4f.oem4f (.const:ti_sysbios_family_arm_m3_Hwi_nullIsrFunc__C)
                  000120f0    00000004     empty_pem4f.oem4f (.const:ti_sysbios_family_arm_m3_Hwi_priGroup__C)
                  000120f4    00000004     empty_pem4f.oem4f (.const:ti_sysbios_family_arm_m3_TaskSupport_stackAlignment__C)
                  000120f8    00000004     empty_pem4f.oem4f (.const:ti_sysbios_gates_GateMutex_A_badContext__C)
                  000120fc    00000004     empty_pem4f.oem4f (.const:ti_sysbios_gates_GateMutex_Instance_State_sem__O)
                  00012100    00000004     empty_pem4f.oem4f (.const:ti_sysbios_gates_GateMutex_Module__diagsEnabled__C)
                  00012104    00000004     empty_pem4f.oem4f (.const:ti_sysbios_gates_GateMutex_Module__diagsIncluded__C)
                  00012108    00000004     empty_pem4f.oem4f (.const:ti_sysbios_gates_GateMutex_Module__diagsMask__C)
                  0001210c    00000004     empty_pem4f.oem4f (.const:ti_sysbios_hal_Hwi_E_stackOverflow__C)
                  00012110    00000004     empty_pem4f.oem4f (.const:ti_sysbios_hal_SecondsClock_Module_State_clock__O)
                  00012114    00000004     empty_pem4f.oem4f (.const:ti_sysbios_heaps_HeapMem_A_align__C)
                  00012118    00000004     empty_pem4f.oem4f (.const:ti_sysbios_heaps_HeapMem_A_heapSize__C)
                  0001211c    00000004     empty_pem4f.oem4f (.const:ti_sysbios_heaps_HeapMem_A_invalidFree__C)
                  00012120    00000004     empty_pem4f.oem4f (.const:ti_sysbios_heaps_HeapMem_A_zeroBlock__C)
                  00012124    00000004     empty_pem4f.oem4f (.const:ti_sysbios_heaps_HeapMem_E_memory__C)
                  00012128    00000004     empty_pem4f.oem4f (.const:ti_sysbios_heaps_HeapMem_Module__diagsEnabled__C)
                  0001212c    00000004     empty_pem4f.oem4f (.const:ti_sysbios_heaps_HeapMem_Module__diagsIncluded__C)
                  00012130    00000004     empty_pem4f.oem4f (.const:ti_sysbios_heaps_HeapMem_Module__diagsMask__C)
                  00012134    00000004     empty_pem4f.oem4f (.const:ti_sysbios_heaps_HeapMem_Module__gateObj__C)
                  00012138    00000004     empty_pem4f.oem4f (.const:ti_sysbios_heaps_HeapMem_Object__count__C)
                  0001213c    00000004     empty_pem4f.oem4f (.const:ti_sysbios_heaps_HeapMem_reqAlign__C)
                  00012140    00000004     empty_pem4f.oem4f (.const:ti_sysbios_knl_Clock_A_badThreadType__C)
                  00012144    00000004     empty_pem4f.oem4f (.const:ti_sysbios_knl_Clock_Module_State_clockQ__O)
                  00012148    00000004     empty_pem4f.oem4f (.const:ti_sysbios_knl_Clock_Module__diagsEnabled__C)
                  0001214c    00000004     empty_pem4f.oem4f (.const:ti_sysbios_knl_Clock_Module__diagsIncluded__C)
                  00012150    00000004     empty_pem4f.oem4f (.const:ti_sysbios_knl_Clock_Module__diagsMask__C)
                  00012154    00000004     empty_pem4f.oem4f (.const:ti_sysbios_knl_Clock_tickPeriod__C)
                  00012158    00000004     empty_pem4f.oem4f (.const:ti_sysbios_knl_Idle_funcList__A)
                  0001215c    00000004     empty_pem4f.oem4f (.const:ti_sysbios_knl_Semaphore_A_badContext__C)
                  00012160    00000004     empty_pem4f.oem4f (.const:ti_sysbios_knl_Semaphore_A_noEvents__C)
                  00012164    00000004     empty_pem4f.oem4f (.const:ti_sysbios_knl_Semaphore_A_overflow__C)
                  00012168    00000004     empty_pem4f.oem4f (.const:ti_sysbios_knl_Semaphore_A_pendTaskDisabled__C)
                  0001216c    00000004     empty_pem4f.oem4f (.const:ti_sysbios_knl_Semaphore_Instance_State_pendQ__O)
                  00012170    00000004     empty_pem4f.oem4f (.const:ti_sysbios_knl_Semaphore_Module__diagsEnabled__C)
                  00012174    00000004     empty_pem4f.oem4f (.const:ti_sysbios_knl_Semaphore_Module__diagsIncluded__C)
                  00012178    00000004     empty_pem4f.oem4f (.const:ti_sysbios_knl_Semaphore_Module__diagsMask__C)
                  0001217c    00000004     empty_pem4f.oem4f (.const:ti_sysbios_knl_Swi_Object__count__C)
                  00012180    00000004     empty_pem4f.oem4f (.const:ti_sysbios_knl_Task_A_badPriority__C)
                  00012184    00000004     empty_pem4f.oem4f (.const:ti_sysbios_knl_Task_A_badTaskState__C)
                  00012188    00000004     empty_pem4f.oem4f (.const:ti_sysbios_knl_Task_A_badThreadType__C)
                  0001218c    00000004     empty_pem4f.oem4f (.const:ti_sysbios_knl_Task_A_noPendElem__C)
                  00012190    00000004     empty_pem4f.oem4f (.const:ti_sysbios_knl_Task_E_spOutOfBounds__C)
                  00012194    00000004     empty_pem4f.oem4f (.const:ti_sysbios_knl_Task_E_stackOverflow__C)
                  00012198    00000004     empty_pem4f.oem4f (.const:ti_sysbios_knl_Task_Module_State_inactiveQ__O)
                  0001219c    00000004     empty_pem4f.oem4f (.const:ti_sysbios_knl_Task_Module__diagsEnabled__C)
                  000121a0    00000004     empty_pem4f.oem4f (.const:ti_sysbios_knl_Task_Module__diagsIncluded__C)
                  000121a4    00000004     empty_pem4f.oem4f (.const:ti_sysbios_knl_Task_Module__diagsMask__C)
                  000121a8    00000004     empty_pem4f.oem4f (.const:ti_sysbios_knl_Task_Object__count__C)
                  000121ac    00000004     empty_pem4f.oem4f (.const:ti_sysbios_knl_Task_allBlockedFunc__C)
                  000121b0    00000004     empty_pem4f.oem4f (.const:ti_sysbios_knl_Task_defaultStackHeap__C)
                  000121b4    00000004     empty_pem4f.oem4f (.const:ti_sysbios_knl_Task_defaultStackSize__C)
                  000121b8    00000004     empty_pem4f.oem4f (.const:ti_sysbios_knl_Task_numConstructedTasks__C)
                  000121bc    00000004     empty_pem4f.oem4f (.const:xdc_runtime_Assert_E_assertFailed__C)
                  000121c0    00000004     empty_pem4f.oem4f (.const:xdc_runtime_Core_A_initializedParams__C)
                  000121c4    00000004     empty_pem4f.oem4f (.const:xdc_runtime_Core_Module__diagsEnabled__C)
                  000121c8    00000004     empty_pem4f.oem4f (.const:xdc_runtime_Core_Module__diagsIncluded__C)
                  000121cc    00000004     empty_pem4f.oem4f (.const:xdc_runtime_Core_Module__diagsMask__C)
                  000121d0    00000004     empty_pem4f.oem4f (.const:xdc_runtime_Error_E_memory__C)
                  000121d4    00000004     empty_pem4f.oem4f (.const:xdc_runtime_Error_Module__diagsEnabled__C)
                  000121d8    00000004     empty_pem4f.oem4f (.const:xdc_runtime_Error_Module__diagsIncluded__C)
                  000121dc    00000004     empty_pem4f.oem4f (.const:xdc_runtime_Error_Module__diagsMask__C)
                  000121e0    00000004     empty_pem4f.oem4f (.const:xdc_runtime_Error_Module__loggerFxn8__C)
                  000121e4    00000004     empty_pem4f.oem4f (.const:xdc_runtime_Error_Module__loggerObj__C)
                  000121e8    00000004     empty_pem4f.oem4f (.const:xdc_runtime_Error_policyFxn__C)
                  000121ec    00000004     empty_pem4f.oem4f (.const:xdc_runtime_Error_raiseHook__C)
                  000121f0    00000004     empty_pem4f.oem4f (.const:xdc_runtime_IGateProvider_Interface__BASE__C)
                  000121f4    00000004     empty_pem4f.oem4f (.const:xdc_runtime_IHeap_Interface__BASE__C)
                  000121f8    00000004     empty_pem4f.oem4f (.const:xdc_runtime_IModule_Interface__BASE__C)
                  000121fc    00000004     empty_pem4f.oem4f (.const:xdc_runtime_Log_L_error__C)
                  00012200    00000004     empty_pem4f.oem4f (.const:xdc_runtime_Memory_defaultHeapInstance__C)
                  00012204    00000004     empty_pem4f.oem4f (.const:xdc_runtime_Startup_execImpl__C)
                  00012208    00000004     empty_pem4f.oem4f (.const:xdc_runtime_Startup_lastFxns__A)
                  0001220c    00000004     empty_pem4f.oem4f (.const:xdc_runtime_Startup_maxPasses__C)
                  00012210    00000004     empty_pem4f.oem4f (.const:xdc_runtime_Startup_sfxnRts__C)
                  00012214    00000004     empty_pem4f.oem4f (.const:xdc_runtime_Startup_sfxnTab__C)
                  00012218    00000004     empty_pem4f.oem4f (.const:xdc_runtime_SysMin_bufSize__C)
                  0001221c    00000004     empty_pem4f.oem4f (.const:xdc_runtime_SysMin_outputFunc__C)
                  00012220    00000004     empty_pem4f.oem4f (.const:xdc_runtime_System_Module__gateObj__C)
                  00012224    00000004     empty_pem4f.oem4f (.const:xdc_runtime_System_abortFxn__C)
                  00012228    00000004     empty_pem4f.oem4f (.const:xdc_runtime_System_exitFxn__C)
                  0001222c    00000004     empty_pem4f.oem4f (.const:xdc_runtime_System_extendFxn__C)
                  00012230    00000004     empty_pem4f.oem4f (.const:xdc_runtime_System_maxAtexitHandlers__C)
                  00012234    00000004     empty_pem4f.oem4f (.const:xdc_runtime_Text_charTab__C)
                  00012238    00000004     empty_pem4f.oem4f (.const:xdc_runtime_Text_nameEmpty__C)
                  0001223c    00000004     empty_pem4f.oem4f (.const:xdc_runtime_Text_nameStatic__C)
                  00012240    00000004     empty_pem4f.oem4f (.const:xdc_runtime_Text_nameUnknown__C)
                  00012244    00000004     empty_pem4f.oem4f (.const:xdc_runtime_Text_nodeTab__C)
                  00012248    00000004     empty_pem4f.oem4f (.const:xdc_runtime_Text_visitRopeFxn__C)
                  0001224c    00000002     empty_pem4f.oem4f (.const:ti_sysbios_gates_GateMutex_Module__id__C)
                  0001224e    00000002     empty_pem4f.oem4f (.const:ti_sysbios_hal_Hwi_Module__id__C)
                  00012250    00000002     empty_pem4f.oem4f (.const:ti_sysbios_heaps_HeapMem_Module__id__C)
                  00012252    00000002     empty_pem4f.oem4f (.const:ti_sysbios_knl_Clock_Module__id__C)
                  00012254    00000002     empty_pem4f.oem4f (.const:ti_sysbios_knl_Semaphore_Module__id__C)
                  00012256    00000002     empty_pem4f.oem4f (.const:ti_sysbios_knl_Task_Module__id__C)
                  00012258    00000002     empty_pem4f.oem4f (.const:xdc_runtime_Core_Module__id__C)
                  0001225a    00000002     empty_pem4f.oem4f (.const:xdc_runtime_Error_Module__loggerDefined__C)
                  0001225c    00000002     empty_pem4f.oem4f (.const:xdc_runtime_Error_maxDepth__C)
                  0001225e    00000002     empty_pem4f.oem4f (.const:xdc_runtime_Memory_Module__id__C)
                  00012260    00000002     empty_pem4f.oem4f (.const:xdc_runtime_SysMin_flushAtExit__C)
[...]
00011dd0  ti_sysbios_knl_Semaphore_Object__PARAMS__C                           
00011df4  ti_sysbios_family_arm_lm4_Timer_Object__DESC__C                      
00011e14  ti_sysbios_family_arm_m3_Hwi_Object__DESC__C                         
00011e34  ti_sysbios_gates_GateHwi_Object__DESC__C                             
00011e54  ti_sysbios_gates_GateMutex_Object__DESC__C                           
00011e74  ti_sysbios_hal_Timer_Object__DESC__C                                 
00011e94  ti_sysbios_heaps_HeapMem_Object__DESC__C                             
00011eb4  ti_sysbios_knl_Clock_Object__DESC__C                                 
00011ed4  ti_sysbios_knl_Queue_Object__DESC__C                                 
00011ef4  ti_sysbios_knl_Semaphore_Object__DESC__C                             
00011f14  ti_sysbios_knl_Task_Object__DESC__C                                  
00011f34  I2CTiva_fxnTable                                                     
00011f50  g_pi32TouchParameters                                                
00011f6c  UART_config                                                          
00011f84  i2cTivaHWAttrs                                                       
00011f9c  ti_sysbios_gates_GateHwi_Object__PARAMS__C                           
00011fb4  ti_sysbios_gates_GateMutex_Object__PARAMS__C                         
00011fcc  ti_sysbios_knl_Queue_Object__PARAMS__C                               
00011fe4  uartTivaHWAttrs                                                      
00011ffc  xdc_runtime_Startup_sfxnRts__A                                       
00012012  ti_sysbios_family_arm_lm4_Timer_supportsAltclk__C                    
00012014  GPIOTiva_config                                                      
00012028  xdc_runtime_Startup_firstFxns__A                                     
0001203c  g_psDefaultCodePointMapTable                                         
00012054  ti_sysbios_family_arm_m3_Hwi_excHookFuncs__A                         
0001205c  ti_sysbios_knl_Idle_funcList__C                                      
00012064  xdc_runtime_Startup_firstFxns__C                                     
0001206c  xdc_runtime_Startup_lastFxns__C                                      
0001207a  ti_sysbios_family_arm_m3_Hwi_Module__id__C                           
0001207c  ti_catalog_arm_cortexm4_tiva_ce_Boot_A_mustNotUseEnhancedClockMode__C
00012080  ti_catalog_arm_cortexm4_tiva_ce_Boot_Module__diagsEnabled__C         
00012084  ti_catalog_arm_cortexm4_tiva_ce_Boot_Module__diagsIncluded__C        
00012088  ti_catalog_arm_cortexm4_tiva_ce_Boot_Module__diagsMask__C            
0001208c  ti_sysbios_family_arm_lm4_Timer_E_cannotSupport__C                   
00012090  ti_sysbios_family_arm_lm4_Timer_E_invalidTimer__C                    
00012094  ti_sysbios_family_arm_lm4_Timer_E_noaltclk__C                        
00012098  ti_sysbios_family_arm_lm4_Timer_E_notAvailable__C                    
0001209c  ti_sysbios_family_arm_lm4_Timer_anyMask__C                           
000120a0  ti_sysbios_family_arm_lm4_Timer_disableFunc__C                       
000120a4  ti_sysbios_family_arm_lm4_Timer_enableFunc__C                        
000120a8  ti_sysbios_family_arm_lm4_Timer_numTimerDevices__C                   
000120ac  ti_sysbios_family_arm_lm4_Timer_startupNeeded__C                     
000120b0  ti_sysbios_family_arm_m3_Hwi_E_NMI__C                                
000120b4  ti_sysbios_family_arm_m3_Hwi_E_alreadyDefined__C                     
000120b8  ti_sysbios_family_arm_m3_Hwi_E_busFault__C                           
000120bc  ti_sysbios_family_arm_m3_Hwi_E_debugMon__C                           
000120c0  ti_sysbios_family_arm_m3_Hwi_E_hardFault__C                          
000120c4  ti_sysbios_family_arm_m3_Hwi_E_memFault__C                           
000120c8  ti_sysbios_family_arm_m3_Hwi_E_noIsr__C                              
000120cc  ti_sysbios_family_arm_m3_Hwi_E_reserved__C                           
000120d0  ti_sysbios_family_arm_m3_Hwi_E_svCall__C                             
000120d4  ti_sysbios_family_arm_m3_Hwi_E_usageFault__C                         
000120d8  ti_sysbios_family_arm_m3_Hwi_NUM_INTERRUPTS__C                       
000120dc  ti_sysbios_family_arm_m3_Hwi_Object__count__C                        
000120e0  ti_sysbios_family_arm_m3_Hwi_ccr__C                                  
000120e4  ti_sysbios_family_arm_m3_Hwi_excHandlerFunc__C                       
000120e8  ti_sysbios_family_arm_m3_Hwi_excHookFuncs__C                         
000120ec  ti_sysbios_family_arm_m3_Hwi_nullIsrFunc__C                          
000120f0  ti_sysbios_family_arm_m3_Hwi_priGroup__C                             
000120f4  ti_sysbios_family_arm_m3_TaskSupport_stackAlignment__C               
000120f8  ti_sysbios_gates_GateMutex_A_badContext__C                           
000120fc  ti_sysbios_gates_GateMutex_Instance_State_sem__O                     
00012100  ti_sysbios_gates_GateMutex_Module__diagsEnabled__C                   
00012104  ti_sysbios_gates_GateMutex_Module__diagsIncluded__C                  
00012108  ti_sysbios_gates_GateMutex_Module__diagsMask__C                      
0001210c  ti_sysbios_hal_Hwi_E_stackOverflow__C                                
00012110  ti_sysbios_hal_SecondsClock_Module_State_clock__O                    
00012114  ti_sysbios_heaps_HeapMem_A_align__C                                  
00012118  ti_sysbios_heaps_HeapMem_A_heapSize__C                               
0001211c  ti_sysbios_heaps_HeapMem_A_invalidFree__C                            
00012120  ti_sysbios_heaps_HeapMem_A_zeroBlock__C                              
00012124  ti_sysbios_heaps_HeapMem_E_memory__C                                 
00012128  ti_sysbios_heaps_HeapMem_Module__diagsEnabled__C                     
0001212c  ti_sysbios_heaps_HeapMem_Module__diagsIncluded__C                    
00012130  ti_sysbios_heaps_HeapMem_Module__diagsMask__C                        
00012134  ti_sysbios_heaps_HeapMem_Module__gateObj__C                          
00012138  ti_sysbios_heaps_HeapMem_Object__count__C                            
0001213c  ti_sysbios_heaps_HeapMem_reqAlign__C                                 
00012140  ti_sysbios_knl_Clock_A_badThreadType__C                              
00012144  ti_sysbios_knl_Clock_Module_State_clockQ__O                          
00012148  ti_sysbios_knl_Clock_Module__diagsEnabled__C                         
0001214c  ti_sysbios_knl_Clock_Module__diagsIncluded__C                        
00012150  ti_sysbios_knl_Clock_Module__diagsMask__C                            
00012154  ti_sysbios_knl_Clock_tickPeriod__C                                   
00012158  ti_sysbios_knl_Idle_funcList__A                                      
0001215c  ti_sysbios_knl_Semaphore_A_badContext__C                             
00012160  ti_sysbios_knl_Semaphore_A_noEvents__C                               
00012164  ti_sysbios_knl_Semaphore_A_overflow__C                               
00012168  ti_sysbios_knl_Semaphore_A_pendTaskDisabled__C                       
0001216c  ti_sysbios_knl_Semaphore_Instance_State_pendQ__O                     
00012170  ti_sysbios_knl_Semaphore_Module__diagsEnabled__C                     
00012174  ti_sysbios_knl_Semaphore_Module__diagsIncluded__C                    
00012178  ti_sysbios_knl_Semaphore_Module__diagsMask__C                        
0001217c  ti_sysbios_knl_Swi_Object__count__C                                  
00012180  ti_sysbios_knl_Task_A_badPriority__C                                 
00012184  ti_sysbios_knl_Task_A_badTaskState__C                                
00012188  ti_sysbios_knl_Task_A_badThreadType__C                               
0001218c  ti_sysbios_knl_Task_A_noPendElem__C                                  
00012190  ti_sysbios_knl_Task_E_spOutOfBounds__C                               
00012194  ti_sysbios_knl_Task_E_stackOverflow__C                               
00012198  ti_sysbios_knl_Task_Module_State_inactiveQ__O                        
0001219c  ti_sysbios_knl_Task_Module__diagsEnabled__C                          
000121a0  ti_sysbios_knl_Task_Module__diagsIncluded__C                         
000121a4  ti_sysbios_knl_Task_Module__diagsMask__C                             
000121a8  ti_sysbios_knl_Task_Object__count__C                                 
000121ac  ti_sysbios_knl_Task_allBlockedFunc__C                                
000121b0  ti_sysbios_knl_Task_defaultStackHeap__C                              
000121b4  ti_sysbios_knl_Task_defaultStackSize__C                              
000121b8  ti_sysbios_knl_Task_numConstructedTasks__C                           
000121bc  xdc_runtime_Assert_E_assertFailed__C                                 
000121c0  xdc_runtime_Core_A_initializedParams__C                              
000121c4  xdc_runtime_Core_Module__diagsEnabled__C                             
000121c8  xdc_runtime_Core_Module__diagsIncluded__C                            
000121cc  xdc_runtime_Core_Module__diagsMask__C                                
000121d0  xdc_runtime_Error_E_memory__C                                        
000121d4  xdc_runtime_Error_Module__diagsEnabled__C                            
000121d8  xdc_runtime_Error_Module__diagsIncluded__C                           
000121dc  xdc_runtime_Error_Module__diagsMask__C                               
000121e0  xdc_runtime_Error_Module__loggerFxn8__C                              
000121e4  xdc_runtime_Error_Module__loggerObj__C                               
000121e8  xdc_runtime_Error_policyFxn__C                                       
000121ec  xdc_runtime_Error_raiseHook__C                                       
000121f0  xdc_runtime_IGateProvider_Interface__BASE__C                         
000121f4  xdc_runtime_IHeap_Interface__BASE__C                                 
000121f8  xdc_runtime_IModule_Interface__BASE__C                               
000121fc  xdc_runtime_Log_L_error__C                                           
00012200  xdc_runtime_Memory_defaultHeapInstance__C                            
00012204  xdc_runtime_Startup_execImpl__C                                      
00012208  xdc_runtime_Startup_lastFxns__A                                      
0001220c  xdc_runtime_Startup_maxPasses__C                                     
00012210  xdc_runtime_Startup_sfxnRts__C                                       
00012214  xdc_runtime_Startup_sfxnTab__C                                       
00012218  xdc_runtime_SysMin_bufSize__C                                        
0001221c  xdc_runtime_SysMin_outputFunc__C                                     
00012220  xdc_runtime_System_Module__gateObj__C                                
00012224  xdc_runtime_System_abortFxn__C                                       
00012228  xdc_runtime_System_exitFxn__C                                        
0001222c  xdc_runtime_System_extendFxn__C                                      
00012230  xdc_runtime_System_maxAtexitHandlers__C                              
00012234  xdc_runtime_Text_charTab__C                                          
00012238  xdc_runtime_Text_nameEmpty__C                                        
0001223c  xdc_runtime_Text_nameStatic__C                                       
00012240  xdc_runtime_Text_nameUnknown__C                                      
00012244  xdc_runtime_Text_nodeTab__C                                          
00012248  xdc_runtime_Text_visitRopeFxn__C                                     
0001224c  ti_sysbios_gates_GateMutex_Module__id__C                             
0001224e  ti_sysbios_hal_Hwi_Module__id__C                                     
00012250  ti_sysbios_heaps_HeapMem_Module__id__C                               
00012252  ti_sysbios_knl_Clock_Module__id__C                                   
00012254  ti_sysbios_knl_Semaphore_Module__id__C                               
00012256  ti_sysbios_knl_Task_Module__id__C                                    
00012258  xdc_runtime_Core_Module__id__C                                       
0001225a  xdc_runtime_Error_Module__loggerDefined__C                           
0001225c  xdc_runtime_Error_maxDepth__C                                        
0001225e  xdc_runtime_Memory_Module__id__C                                     
00012260  xdc_runtime_SysMin_flushAtExit__C                                    
00012262  xdc_runtime_Text_charCnt__C                                          
00012264  xdc_runtime_Text_isLoaded__C                                         
00012266  xdc_runtime_Text_registryModsLastId__C                               
00012268  xdc_runtime_Text_unnamedModsLastId__C                                
00012270  __TI_static_base__                                                   
00012508  __TI_Handler_Table_Base                                              
00012514  __TI_Handler_Table_Limit                                             
00012528  __TI_CINIT_Base                                                      
00012540  __TI_CINIT_Limit                                                     
20000000  __start___llvm_prf_cnts                                              
20000000  __stop___llvm_prf_cnts                                               
20000000  ti_sysbios_family_arm_m3_Hwi_ramVectors                              
20000360  task0Stack                                                           
20000760  ti_sysbios_heaps_HeapMem_Instance_State_0_buf__A                     
20000b60  ti_sysbios_family_arm_m3_Hwi_dispatchTable                           
20000ec0  ti_sysbios_knl_Task_Instance_State_0_stack__A                        
20001200  __CIOBUF_                                                            
20001320  i2cTivaObjects                                                       
20001420  uartTivaObjects                                                      
2000157c  xdc_runtime_SysMin_Module_State_0_outbuf__A                          
200015fc  task0Struct                                                          
2000164c  sContext                                                             
20001698  uartTivaRingBuffer                                                   
200016d4  datetime                                                             
20001704  parmbuf                                                              
2000170c  g_pi32ParmSet                                                        
20001718  timerclock                                                           
2000171c  uart                                                                 
20001720  g_i16TouchX                                                          
20001722  g_i16TouchY                                                          
20001724  ti_sysbios_family_arm_lm4_Timer_Object__table__V                     
200017a4  ti_sysbios_knl_Swi_Module_State_0_readyQ__A                          
20001824  ti_sysbios_knl_Task_Module_State_0_readyQ__A                         
200018a4  g_sStartStopBttn                                                     
200018f4  ti_sysbios_knl_Task_Object__table__V                                 
20001940  ti_sysbios_family_arm_m3_Hwi_Object__table__V                        
20001988  ti_sysbios_knl_Task_Module__state__V                                 
200019cc  g_sBackground                                                        
20001a0c  ti_sysbios_family_arm_lm4_Timer_Module_State_0_device__A             
20001a4c  ti_sysbios_hal_SecondsClock_Module__state__V                         
20001a88  ti_sysbios_gates_GateMutex_Object__table__V                          
20001ac0  ti_sysbios_family_arm_m3_Hwi_Module__state__V                        
20001af4  ti_sysbios_knl_Swi_Object__table__V                                  
20001b24  g_sRoot                                                              
20001b51  motorStartStop                                                       
20001b52  ti_sysbios_family_arm_m3_Hwi_Module_State_0_excActive__A             
20001b54  ti_sysbios_knl_Clock_Module__state__V                                
20001ba4  ti_sysbios_BIOS_Module__state__V                                     
20001bc8  ti_sysbios_family_arm_lm4_Timer_Module_State_0_handles__A            
20001be8  ti_sysbios_knl_Swi_Module__state__V                                  
20001c04  ti_sysbios_heaps_HeapMem_Object__table__V                            
20001c1c  _tz                                                                  
20001c2c  gpioPinConfigs                                                       
20001c3c  ti_sysbios_family_arm_lm4_Timer_Module__state__V                     
20001c48  xdc_runtime_SysMin_Module__state__V                                  
20001c54  _lock                                                                
20001c58  _unlock                                                              
20001c5c  gpioCallbackFunctions                                                
20001c64  ti_sysbios_family_arm_lm4_Timer_Module__root__V                      
20001c6c  ti_sysbios_family_arm_lm4_TimestampProvider_Module__state__V         
20001c74  ti_sysbios_family_arm_m3_Hwi_Module__root__V                         
20001c7c  ti_sysbios_gates_GateHwi_Module__root__V                             
20001c84  ti_sysbios_gates_GateMutex_Module__root__V                           
20001c8c  ti_sysbios_hal_Timer_Module__root__V                                 
20001c94  ti_sysbios_heaps_HeapMem_Module__root__V                             
20001c9c  ti_sysbios_knl_Clock_Module__root__V                                 
20001ca4  ti_sysbios_knl_Queue_Module__root__V                                 
20001cac  ti_sysbios_knl_Semaphore_Module__root__V                             
20001cb4  ti_sysbios_knl_Task_Module__root__V                                  
20001cbc  xdc_runtime_Registry_Module__state__V                                
20001cc4  xdc_runtime_Startup_Module__state__V                                 
20001ccc  xdc_runtime_System_Module_State_0_atexitHandlers__A                  
20001cd4  xdc_runtime_System_Module__state__V                                  
20001ce2  xdc_runtime_Error_Module__state__V                                   
20001cec  errno                                                                
20001cf0  main_func_sp                                                         
20001cf4  ti_sysbios_family_arm_m3_Hwi_Module_State_0_excContext__A            
20001cf8  ti_sysbios_family_arm_m3_Hwi_Module_State_0_excStack__A              
20001cfc  ti_sysbios_gates_GateHwi_Object__table__V                            
20001d00  ti_sysbios_knl_Task_Module_State_0_idleTask__A                       
20001d04  g_i16TouchMin                                                        
20001d08  xdc_runtime_Memory_Module__state__V                                  
20001d10  __stack                                                              
20002010  __STACK_END                                                          
e000e000  ti_sysbios_family_arm_m3_Hwi_nvic                                    
ffffffff  __TI_pprof_out_hndl                                                  
ffffffff  __TI_prof_data_size                                                  
ffffffff  __TI_prof_data_start                                                 
ffffffff  __binit__                                                            
ffffffff  __c_args__                                                           
ffffffff  binit                                                                
UNDEFED   SHT$$INIT_ARRAY$$Base                                                
UNDEFED   SHT$$INIT_ARRAY$$Limit                                               

[806 symbols]
