******************************************************************************
                  TI ARM Linker PC v20.2.5                     
******************************************************************************
>> Linked Wed Jun  1 18:27:39 2022

OUTPUT FILE NAME:   <EGH456MotorProject.out>
ENTRY POINT SYMBOL: "_c_int00"  address: 0000d679


MEMORY CONFIGURATION

         name            origin    length      used     unused   attr    fill
----------------------  --------  ---------  --------  --------  ----  --------
  FLASH                 00000000   00100000  00019500  000e6b00  R  X
  SRAM                  20000000   00040000  00006c18  000393e8  RW X


SEGMENT ALLOCATION MAP

run origin  load origin   length   init length attrs members
----------  ----------- ---------- ----------- ----- -------
00000000    00000000    00019510   00019510    r-x
  00000000    00000000    0000003c   0000003c    r-- .resetVecs
  00000040    00000040    00010e42   00010e42    r-x .text
  00010e88    00010e88    0000820a   0000820a    r-- .const
  00019098    00019098    00000478   00000478    r-- .cinit
20000000    20000000    00000360   00000000    rw-
  20000000    20000000    00000360   00000000    rw- .vecs
20000400    20000400    000068b8   00000000    rw-
  20000400    20000400    00005770   00000000    rw- .bss
  20005b70    20005b70    00000d48   00000000    rw- .data
  200068b8    200068b8    00000400   00000000    rw- .stack


SECTION ALLOCATION MAP

 output                                  attributes/
section   page    origin      length       input sections
--------  ----  ----------  ----------   ----------------
.text      0    00000040    00010e42     
                  00000040    00000a4e     rtsv7M4_T_le_v4SPD16_eabi.lib : _printfi.c.obj (.text:__TI_printfi)
                  00000a8e    00000002                                   : _lock.c.obj (.text:_nop)
                  00000a90    000006ac     MotorLib.lib : motorlib.obj (.text)
                  0000113c    00000438     ustdlib.obj (.text:uvsnprintf)
                  00001574    00000004     driverlib.lib : i2c.obj (.text:I2CMasterControl)
                  00001578    00000430     sysbios.aem4f : BIOS.obj (.text:ti_sysbios_family_arm_m3_Hwi_excDumpRegs__I)
                  000019a8    00000400     GlobalDraw.obj (.text:MotorPage)
                  00001da8    0000039c     GlobalDraw.obj (.text:GraphPrimitive)
                  00002144    00000378     GlobalDraw.obj (.text:SensorPage)
                  000024bc    00000374     grlib.lib : image.obj (.text:InternalImageDraw)
                  00002830    0000034c     ti.targets.arm.rtsarm.aem4f : System.oem4f (.text:xdc_runtime_System_doPrint__I)
                  00002b7c    00000004     driverlib.lib : i2c.obj (.text:I2CMasterDataGet)
                  00002b80    00000320     sysbios.aem4f : BIOS.obj (.text:ti_sysbios_knl_Event_pend__E)
                  00002ea0    000002f8     grlib.lib : image.obj (.text:PixelTransparentDraw)
                  00003198    000002c8     Motor.obj (.text:RegulateSpeed)
                  00003460    000002c6     grlib.lib : slider.obj (.text:SliderPaint)
                  00003726    00000002     rtsv7M4_T_le_v4SPD16_eabi.lib : div0.asm.obj (.text)
                  00003728    000002a4     sysbios.aem4f : BIOS.obj (.text:ti_sysbios_knl_Semaphore_pend__E)
                  000039cc    000002a0     GlobalDraw.obj (.text:TopBarDraw)
                  00003c6c    00000270     rtsv7M4_T_le_v4SPD16_eabi.lib : _printfi.c.obj (.text:_pconv_a)
                  00003edc    00000004     driverlib.lib : i2c.obj (.text:I2CMasterDataPut)
                  00003ee0    0000026c     sysbios.aem4f : BIOS.obj (.text:ti_sysbios_heaps_HeapMem_free__E)
                  0000414c    00000268     touch.obj (.text:TouchScreenDebouncer)
                  000043b4    00000254     grlib.lib : string.obj (.text:GrFontGlyphRender)
                  00004608    00000250     sysbios.aem4f : BIOS.obj (.text:ti_sysbios_heaps_HeapMem_alloc__E)
                  00004858    00000234                   : BIOS.obj (.text:ti_sysbios_knl_Task_Instance_finalize__E)
                  00004a8c    00000224     empty.obj (.text:main)
                  00004cb0    0000020c     drivers_tivaware.aem4f : UARTTiva.oem4f (.text:UARTTiva_open)
                  00004ebc    00000204     Boot.aem4f : Boot_sysctl.oem4f (.text:ti_catalog_arm_cortexm4_tiva_ce_Boot_sysCtlClockFreqSetI__I)
                  000050c0    00000200     Motor.obj (.text:PIControl)
                  000052c0    00000200     rtsv7M4_T_le_v4SPD16_eabi.lib : s_exp2.c.obj (.text:exp2)
                  000054c0    000001f8     GlobalDraw.obj (.text:updateSensorPage)
                  000056b8    000001f4     sysbios.aem4f : BIOS.obj (.text:ti_sysbios_family_arm_m3_Hwi_excHandlerMax__I)
                  000058ac    000001e4     Kentec320x240x16_ssd2119_spi.obj (.text:Kentec320x240x16_SSD2119Init)
                  00005a90    000001dc     Kentec320x240x16_ssd2119_spi.obj (.text:Kentec320x240x16_SSD2119PixelDrawMultiple)
                  00005c6c    000001d4     sensors.obj (.text:readOptFxn)
                  00005e40    000001d0     rtsv7M4_T_le_v4SPD16_eabi.lib : _printfi.c.obj (.text:_pconv_g)
                  00006010    000001c8     sysbios.aem4f : BIOS.obj (.text:ti_sysbios_knl_Task_sleep__E)
                  000061d8    000001c0                   : BIOS.obj (.text:ti_sysbios_knl_Task_Instance_init__E)
                  00006398    000001bc     empty.obj (.text:heartBeatFxn)
                  00006554    000001b6     rtsv7M4_T_le_v4SPD16_eabi.lib : fd_add_t2.asm.obj (.text)
                  0000670a    00000002     empty_pem4f.oem4f (.text:ti_sysbios_BIOS_nullFunc__I)
                  0000670c    000001a4     GlobalDraw.obj (.text:MotorPageUpdate)
                  000068b0    000001a4     pinout.obj (.text:PinoutSet)
                  00006a54    000001a4     GlobalDraw.obj (.text:UpdateGraphPlot)
                  00006bf8    000001a0     sysbios.aem4f : BIOS.obj (.text:ti_sysbios_gates_GateMutexPri_enter__E)
                  00006d98    00000190     grlib.lib : canvas.obj (.text:CanvasPaint)
                  00006f28    0000017e               : pushbutton.obj (.text:RectangularButtonPaint)
                  000070a6    00000002     empty_pem4f.oem4f (.text:xdc_runtime_Startup_reset__I)
                  000070a8    00000178     touch.obj (.text:TouchScreenIntHandler)
                  00007220    00000174     sysbios.aem4f : BIOS.obj (.text:ti_sysbios_family_arm_m3_Hwi_excBusFault__I)
                  00007394    00000170     drivers_tivaware.aem4f : PWMTiva.oem4f (.text:PWMTiva_open)
                  00007504    00000004     driverlib.lib : uart.obj (.text:UARTIntClear)
                  00007508    00000164     sysbios.aem4f : BIOS.obj (.text:ti_sysbios_family_arm_m3_Hwi_excUsageFault__I)
                  0000766c    0000015c     sensors.obj (.text:accelSensorFilterFxn)
                  000077c8    00000158     sensors.obj (.text:readCurrentFxn)
                  00007920    00000150     drivers_tivaware.aem4f : GPIOTiva.oem4f (.text:GPIO_setConfig)
                  00007a70    0000014c     sensors.obj (.text:readAccFxn)
                  00007bbc    00000004     grlib.lib : widget.obj (.text:WidgetDefaultMsgProc)
                  00007bc0    00000148     sysbios.aem4f : BIOS.obj (.text:ti_sysbios_family_arm_m3_Hwi_excMemFault__I)
                  00007d08    0000013c     rtsv7M4_T_le_v4SPD16_eabi.lib : _printfi.c.obj (.text:_pconv_e)
                  00007e44    00000004                                   : exit.c.obj (.text:abort:abort)
                  00007e48    0000013c     sysbios.aem4f : BIOS.obj (.text:ti_sysbios_heaps_HeapMem_Instance_init__E)
                  00007f84    00000136     rtsv7M4_T_le_v4SPD16_eabi.lib : fd_div_t2.asm.obj (.text)
                  000080ba    00000006     driverlib.lib : gpio.obj (.text:GPIOIntClear)
                  000080c0    00000134     sysbios.aem4f : BIOS.obj (.text:ti_sysbios_knl_Task_setPri__E)
                  000081f4    00000130     GlobalDraw.obj (.text:BannerInit)
                  00008324    00000130     driverlib.lib : gpio.obj (.text:GPIOPadConfigSet)
                  00008454    00000124     rtsv7M4_T_le_v4SPD16_eabi.lib : _printfi.c.obj (.text:fcvt)
                  00008578    00000118     ti.targets.arm.rtsarm.aem4f : Error.oem4f (.text:xdc_runtime_Error_policyDefault__E)
                  00008690    00000114     drivers_tivaware.aem4f : PWMTimerTiva.oem4f (.text:PWMTimerTiva_open)
                  000087a4    00000110     sensors.obj (.text:currentSensorFilterFxn)
                  000088b4    00000110     rtsv7M4_T_le_v4SPD16_eabi.lib : s_scalbn.c.obj (.text:scalbn)
                  000089c4    0000010c     Kentec320x240x16_ssd2119_spi.obj (.text:Kentec320x240x16_SSD2119RectFill)
                  00008ad0    0000010c     touch.obj (.text:TouchScreenInit)
                  00008bdc    00000004     empty_pem4f.oem4f (.text:ti_sysbios_BIOS_RtsGateProxy_enter__E)
                  00008be0    00000108     sysbios.aem4f : BIOS.obj (.text:ti_sysbios_family_arm_lm4_Timer_start__E)
                  00008ce8    00000108                   : BIOS.obj (.text:ti_sysbios_knl_Clock_Instance_init__E)
                  00008df0    00000106     grlib.lib : line.obj (.text:GrLineDraw)
                  00008ef6    00000002     --HOLE-- [fill = 0]
                  00008ef8    00000104     sysbios.aem4f : BIOS.obj (.text:ti_sysbios_knl_Event_post__E)
                  00008ffc    00000100     ti.targets.arm.rtsarm.aem4f : Core-mem.oem4f (.text:xdc_runtime_Core_createObject__I)
                  000090fc    000000fc     rtsv7M4_T_le_v4SPD16_eabi.lib : fd_mul_t2.asm.obj (.text)
                  000091f8    000000f8     ti.targets.arm.rtsarm.aem4f : Startup.oem4f (.text:xdc_runtime_Startup_startMods__I)
                  000092f0    000000f8     empty_pem4f.oem4f (.text:xdc_runtime_System_printfExtend__I)
                  000093e8    000000f4     Motor.obj (.text:MotorMain)
                  000094dc    000000f4     GlobalDraw.obj (.text:graphSelectPage)
                  000095d0    000000f4     sysbios.aem4f : m3_Hwi_asm.obj (.text:ti_sysbios_family_arm_m3_Hwi_dispatch__I)
                  000096c4    000000f2     grlib.lib : pushbutton.obj (.text:RectangularButtonClick)
                  000097b6    000000f0     drivers_tivaware.aem4f : PWMTiva.oem4f (.text:PWMTiva_setDuty)
                  000098a6    000000f0     bmi160.obj (.text:bmi160_init)
                  00009996    00000002     --HOLE-- [fill = 0]
                  00009998    000000ec     sysbios.aem4f : BIOS.obj (.text:ti_sysbios_knl_Semaphore_post__E)
                  00009a84    000000e8     grlib.lib : widget.obj (.text:WidgetMessageQueueAdd)
                  00009b6c    000000e0     drivers_tivaware.aem4f : I2CTiva.oem4f (.text:I2CTiva_open)
                  00009c4c    000000d8     GlobalDraw.obj (.text:MainPage)
                  00009d24    000000d6     drivers_tivaware.aem4f : I2CTiva.oem4f (.text:I2CTiva_hwiFxn)
                  00009dfa    000000d6     grlib.lib : slider.obj (.text:SliderClick)
                  00009ed0    000000d4     sysbios.aem4f : BIOS.obj (.text:ti_sysbios_knl_Swi_Instance_init__E)
                  00009fa4    000000cc     ti.targets.arm.rtsarm.aem4f : Core-smem.oem4f (.text:xdc_runtime_Core_constructObject__I)
                  0000a070    000000c0     grlib.lib : string.obj (.text:GrDefaultStringRenderer)
                  0000a130    000000bc     sysbios.aem4f : BIOS.obj (.text:ti_sysbios_family_arm_m3_Hwi_excDebugMon__I)
                  0000a1ec    00000004     empty_pem4f.oem4f (.text:ti_sysbios_BIOS_RtsGateProxy_leave__E)
                  0000a1f0    000000bc     sysbios.aem4f : BIOS.obj (.text:ti_sysbios_family_arm_m3_Hwi_excHardFault__I)
                  0000a2ac    000000b8     EK_TM4C1294XL.obj (.text:EK_TM4C1294XL_initGeneral)
                  0000a364    000000b8     grlib.lib : line.obj (.text:GrLineClip)
                  0000a41c    000000b8     Kentec320x240x16_ssd2119_spi.obj (.text:InitSPILCDInterface)
                  0000a4d4    000000b8     drivers_tivaware.aem4f : PWMTimerTiva.oem4f (.text:PWMTimerTiva_setDuty)
                  0000a58c    000000b4     grlib.lib : widget.obj (.text:WidgetMessageSendPostOrder)
                  0000a640    000000b4     sysbios.aem4f : BIOS.obj (.text:ti_sysbios_gates_GateMutex_enter__E)
                  0000a6f4    00000004                   : BIOS.obj (.text:ti_sysbios_family_arm_lm4_Timer_masterEnable__I)
                  0000a6f8    000000b4                   : BIOS.obj (.text:ti_sysbios_knl_Task_checkStacks__E)
                  0000a7ac    000000b1     rtsv7M4_T_le_v4SPD16_eabi.lib : _printfi.c.obj (.text:_ltostr)
                  0000a85d    00000001     --HOLE-- [fill = 0]
                  0000a85e    000000b0     grlib.lib : slider.obj (.text:SliderValueToPosition)
                  0000a90e    000000ac     drivers_tivaware.aem4f : UARTTiva.oem4f (.text:readTaskBlocking)
                  0000a9ba    00000006     driverlib.lib : gpio.obj (.text:GPIOPinRead)
                  0000a9c0    000000ac     sysbios.aem4f : BIOS.obj (.text:ti_sysbios_family_arm_lm4_Timer_enableTiva__I)
                  0000aa6c    00000004     empty_pem4f.oem4f (.text:ti_sysbios_family_arm_m3_Hwi_destruct)
                  0000aa70    000000a4     sysbios.aem4f : BIOS.obj (.text:ti_sysbios_knl_Clock_Instance_finalize__E)
                  0000ab14    000000a0     auto_init.aem4f : auto_init.oem4f (.text)
                  0000abb4    000000a0     ti.targets.arm.rtsarm.aem4f : Text.oem4f (.text:xdc_runtime_Text_putMod__E)
                  0000ac54    0000009c     GlobalDraw.obj (.text:ChangeMotorStat)
                  0000acf0    0000009c     EK_TM4C1294XL.obj (.text:EK_TM4C1294XL_initI2C)
                  0000ad8c    0000009c     rtsv7M4_T_le_v4SPD16_eabi.lib : memcpy_t2.asm.obj (.text)
                  0000ae28    0000009c     sysbios.aem4f : BIOS.obj (.text:ti_sysbios_knl_Semaphore_Instance_init__E)
                  0000aec4    0000009a     ti.targets.arm.rtsarm.aem4f : Text.oem4f (.text:xdc_runtime_Text_putSite__E)
                  0000af5e    00000098     drivers_tivaware.aem4f : UARTTiva.oem4f (.text:UARTTiva_readPolling)
                  0000aff6    00000002     --HOLE-- [fill = 0]
                  0000aff8    00000098     Boot.aem4f : Boot.oem4f (.text:ti_catalog_arm_cortexm4_tiva_ce_Boot_sysCtlClockFreqSet__E)
                  0000b090    00000096     rtsv7M4_T_le_v4SPD16_eabi.lib : ull_div_t2.asm.obj (.text)
                  0000b126    00000094     drivers_tivaware.aem4f : UARTTiva.oem4f (.text:UARTTiva_write)
                  0000b1ba    00000006     driverlib.lib : gpio.obj (.text:GPIOPinWrite)
                  0000b1c0    00000094     sysbios.aem4f : BIOS.obj (.text:ti_sysbios_family_arm_m3_Hwi_Instance_init__E)
                  0000b254    00000004     empty_pem4f.oem4f (.text:ti_sysbios_family_arm_m3_TaskSupport_Module__startupDone__S)
                  0000b258    00000094     sysbios.aem4f : BIOS.obj (.text:ti_sysbios_family_arm_m3_Hwi_initNVIC__E)
                  0000b2ec    00000004     empty_pem4f.oem4f (.text:ti_sysbios_heaps_HeapMem_Module_GateProxy_enter__E)
                  0000b2f0    00000094     sysbios.aem4f : BIOS.obj (.text:ti_sysbios_knl_Task_postInit__I)
                  0000b384    0000008c     drivers_tivaware.aem4f : GPIOTiva.oem4f (.text:GPIO_init)
                  0000b410    0000008c                            : UARTTiva.oem4f (.text:UARTTiva_control)
                  0000b49c    0000008c     sysbios.aem4f : m3_TaskSupport_asm.obj (.text:ti_sysbios_family_arm_m3_TaskSupport_buildTaskStack)
                  0000b528    0000008c                   : BIOS.obj (.text:ti_sysbios_hal_SecondsClock_Module_startup__E)
                  0000b5b4    0000008a     drivers_tivaware.aem4f : UARTTiva.oem4f (.text:readIsrTextBlocking)
                  0000b63e    00000002     --HOLE-- [fill = 0]
                  0000b640    00000088     GlobalDraw.obj (.text:GraphPageCurrent)
                  0000b6c8    00000088     drivers_tivaware.aem4f : PWMTiva.oem4f (.text:PWMTiva_control)
                  0000b750    00000086     grlib.lib : rectangle.obj (.text:GrRectFill)
                  0000b7d6    00000086     rtsv7M4_T_le_v4SPD16_eabi.lib : fd_cmp_t2.asm.obj (.text:__aeabi_cdcmple)
                  0000b85c    00000086                                   : fd_cmp_t2.asm.obj (.text:__aeabi_cdrcmple)
                  0000b8e2    00000002     --HOLE-- [fill = 0]
                  0000b8e4    00000084     GlobalDraw.obj (.text:GraphPageAccel)
                  0000b968    00000084     GlobalDraw.obj (.text:GraphPageLight)
                  0000b9ec    00000004     empty_pem4f.oem4f (.text:ti_sysbios_heaps_HeapMem_Module_GateProxy_leave__E)
                  0000b9f0    00000084     sysbios.aem4f : BIOS.obj (.text:ti_sysbios_family_arm_m3_Hwi_postInit__I)
                  0000ba74    00000082     opt3001.obj (.text:opt3001_init)
                  0000baf6    00000082     drivers_tivaware.aem4f : UARTTiva.oem4f (.text:readIsrTextCallback)
                  0000bb78    00000080     grlib.lib : rectangle.obj (.text:GrRectIntersectGet)
                  0000bbf8    00000080     GlobalDraw.obj (.text:GraphPageVelocity)
                  0000bc78    0000007e     drivers_tivaware.aem4f : I2CTiva.oem4f (.text:I2CTiva_transfer)
                  0000bcf6    00000002     --HOLE-- [fill = 0]
                  0000bcf8    0000007c     sensors.obj (.text:adc_init)
                  0000bd74    0000007a     driverlib.lib : adc.obj (.text:ADCSequenceStepConfigure)
                  0000bdee    0000007a     drivers_tivaware.aem4f : UARTTiva.oem4f (.text:readTaskCallback)
                  0000be68    0000007a     rtsv7M4_T_le_v4SPD16_eabi.lib : memset_t2.asm.obj (.text)
                  0000bee2    00000002     --HOLE-- [fill = 0]
                  0000bee4    00000078     GlobalDraw.obj (.text:UpdateAccelGraph)
                  0000bf5c    00000078     GlobalDraw.obj (.text:UpdateCurrentGraph)
                  0000bfd4    00000078     GlobalDraw.obj (.text:UpdateLightGraph)
                  0000c04c    00000076     GraphFunctions.obj (.text:ArrayUpdate)
                  0000c0c2    00000002     --HOLE-- [fill = 0]
                  0000c0c4    00000074     GlobalDraw.obj (.text:InitScreen)
                  0000c138    00000074     GlobalDraw.obj (.text:UpdateVelocityGraph)
                  0000c1ac    00000004     empty_pem4f.oem4f (.text:ti_sysbios_knl_Clock_TimerProxy_getFreq__E)
                  0000c1b0    00000074     sysbios.aem4f : BIOS.obj (.text:ti_sysbios_knl_Clock_start__E)
                  0000c224    00000070     GlobalDraw.obj (.text:BackMainMotorPage)
                  0000c294    00000070     sensors.obj (.text:lightSensorFilterFxn)
                  0000c304    00000070     opt3001.obj (.text:opt3001_read)
                  0000c374    00000004     empty_pem4f.oem4f (.text:ti_sysbios_knl_Clock_TimerProxy_getMaxTicks__E)
                  0000c378    00000070     sysbios.aem4f : BIOS.obj (.text:ti_sysbios_knl_Clock_workFunc__E)
                  0000c3e8    00000070                   : BIOS.obj (.text:ti_sysbios_knl_Task_exit__E)
                  0000c458    0000006e     rtsv7M4_T_le_v4SPD16_eabi.lib : _printfi.c.obj (.text:_mcpy)
                  0000c4c6    00000002     --HOLE-- [fill = 0]
                  0000c4c8    0000006d     ti.targets.arm.rtsarm.aem4f : System.oem4f (.text:xdc_runtime_System_formatNum__I)
                  0000c535    00000003     --HOLE-- [fill = 0]
                  0000c538    0000006c     GraphFunctions.obj (.text:CalcAvg)
                  0000c5a4    0000006c     Motor.obj (.text:HAllF)
                  0000c610    0000006c     drivers_tivaware.aem4f : PWMTimerTiva.oem4f (.text:PWMTimerTiva_control)
                  0000c67c    00000004     empty_pem4f.oem4f (.text:ti_sysbios_knl_Clock_TimerProxy_getPeriod__E)
                  0000c680    0000006c     sysbios.aem4f : BIOS.obj (.text:ti_sysbios_gates_GateMutexPri_leave__E)
                  0000c6ec    00000004     empty_pem4f.oem4f (.text:ti_sysbios_knl_Clock_destruct)
                  0000c6f0    0000006c     sysbios.aem4f : BIOS.obj (.text:ti_sysbios_knl_Swi_restoreHwi__E)
                  0000c75c    0000006c     drivers_tivaware.aem4f : UARTTiva.oem4f (.text:writeData)
                  0000c7c8    0000006c     ti.targets.arm.rtsarm.aem4f : Error.oem4f (.text:xdc_runtime_Error_print__E)
                  0000c834    0000006c                                 : Memory.oem4f (.text:xdc_runtime_Memory_alloc__E)
                  0000c8a0    0000006a     drivers_tivaware.aem4f : PWMTiva.oem4f (.text:PWMTiva_close)
                  0000c90a    00000002     --HOLE-- [fill = 0]
                  0000c90c    00000068     grlib.lib : context.obj (.text:GrContextInit)
                  0000c974    00000068               : string.obj (.text:GrStringWidthGet)
                  0000c9dc    00000068     driverlib.lib : interrupt.obj (.text:IntEnable)
                  0000ca44    00000068     Kentec320x240x16_ssd2119_spi.obj (.text:Kentec320x240x16_SSD2119LineDrawH)
                  0000caac    00000068     Kentec320x240x16_ssd2119_spi.obj (.text:Kentec320x240x16_SSD2119LineDrawV)
                  0000cb14    00000068     rtsv7M4_T_le_v4SPD16_eabi.lib : copy_decompress_lzss.c.obj (.text:decompress:lzss:__TI_decompress_lzss)
                  0000cb7c    00000068     opt3001.obj (.text:opt3001_convert)
                  0000cbe4    00000066     grlib.lib : context.obj (.text:GrContextClipRegionSet)
                  0000cc4a    00000066               : rectangle.obj (.text:GrRectDraw)
                  0000ccb0    00000066     ti.targets.arm.rtsarm.aem4f : Core-mem.oem4f (.text:xdc_runtime_Core_deleteObject__I)
                  0000cd16    00000002     --HOLE-- [fill = 0]
                  0000cd18    00000064     drivers_tivaware.aem4f : GPIOTiva.oem4f (.text:GPIO_hwiIntFxn)
                  0000cd7c    00000064     grlib.lib : widget.obj (.text:WidgetMessageQueueProcess)
                  0000cde0    00000064     rtsv7M4_T_le_v4SPD16_eabi.lib : s_frexp.c.obj (.text:frexp)
                  0000ce44    00000064     GraphFunctions.obj (.text:min_element)
                  0000cea8    00000064     sysbios.aem4f : BIOS.obj (.text:ti_sysbios_family_arm_lm4_Timer_Module_startup__E)
                  0000cf0c    00000064     empty_pem4f.oem4f (.text:ti_sysbios_family_arm_m3_Hwi_create)
                  0000cf70    00000064     sysbios.aem4f : BIOS.obj (.text:ti_sysbios_family_arm_m3_Hwi_dispatchC__I)
                  0000cfd4    00000062     drivers_tivaware.aem4f : I2CTiva.oem4f (.text:I2CTiva_primeTransfer)
                  0000d036    00000002     --HOLE-- [fill = 0]
                  0000d038    00000060     driverlib.lib : timer.obj (.text:TimerConfigure)
                  0000d098    00000060     Kentec320x240x16_ssd2119_spi.obj (.text:WriteDataSPI)
                  0000d0f8    00000060     sysbios.aem4f : BIOS.obj (.text:ti_sysbios_knl_Task_schedule__I)
                  0000d158    0000005e     grlib.lib : widget.obj (.text:WidgetMessageSendPreOrder)
                  0000d1b6    0000005e     bmi160.obj (.text:bmi160_getAccel)
                  0000d214    0000005e     drivers_tivaware.aem4f : UARTTiva.oem4f (.text:readIsrBinaryBlocking)
                  0000d272    00000002     --HOLE-- [fill = 0]
                  0000d274    0000005c     GlobalDraw.obj (.text:OnSliderChange)
                  0000d2d0    0000005c     Kentec320x240x16_ssd2119_spi.obj (.text:WriteCommandSPI)
                  0000d32c    0000005c     GraphFunctions.obj (.text:max_element)
                  0000d388    0000005c     empty_pem4f.oem4f (.text:ti_sysbios_knl_Swi_create)
                  0000d3e4    00000004     empty_pem4f.oem4f (.text:ti_sysbios_knl_Queue_destruct)
                  0000d3e8    0000005c     sysbios.aem4f : BIOS.obj (.text:ti_sysbios_knl_Swi_run__I)
                  0000d444    00000004     empty_pem4f.oem4f (.text:ti_sysbios_knl_Semaphore_destruct)
                  0000d448    0000005c     sysbios.aem4f : BIOS.obj (.text:ti_sysbios_knl_Swi_schedule__I)
                  0000d4a4    00000004     ti.targets.arm.rtsarm.aem4f : Error.oem4f (.text:xdc_runtime_Error_getSite__E)
                  0000d4a8    0000005c     sysbios.aem4f : BIOS.obj (.text:ti_sysbios_knl_Task_Module_startup__E)
                  0000d504    00000004     empty_pem4f.oem4f (.text:xdc_runtime_System_Module_GateProxy_enter__E)
                  0000d508    0000005c     sysbios.aem4f : BIOS.obj (.text:ti_sysbios_knl_Task_startCore__E)
                  0000d564    0000005c     i2cDriver.obj (.text:writeI2C)
                  0000d5c0    0000005b     ti.targets.arm.rtsarm.aem4f : Text.oem4f (.text:xdc_runtime_Text_putLab__E)
                  0000d61b    00000001     --HOLE-- [fill = 0]
                  0000d61c    0000005a     grlib.lib : string.obj (.text:FontWideGlyphDataGet)
                  0000d676    00000002     --HOLE-- [fill = 0]
                  0000d678    00000058     boot.aem4f : boot.oem4f (.text)
                  0000d6d0    00000058     rtsv7M4_T_le_v4SPD16_eabi.lib : hostwrite.c.obj (.text:HOSTwrite)
                  0000d728    00000058     grlib.lib : slider.obj (.text:SliderPositionToValue)
                  0000d780    00000058     driverlib.lib : timer.obj (.text:TimerControlTrigger)
                  0000d7d8    00000058     empty_pem4f.oem4f (.text:ti_sysbios_family_arm_m3_Hwi_construct)
                  0000d830    00000058     sysbios.aem4f : m3_Hwi_asm_switch.obj (.text:ti_sysbios_family_arm_m3_Hwi_initStacks__E)
                  0000d888    00000058     ustdlib.obj (.text:ustrncpy)
                  0000d8e0    00000057     Motor.obj (.text:MotorInit)
                  0000d937    00000001     --HOLE-- [fill = 0]
                  0000d938    00000056     driverlib.lib : gpio.obj (.text:GPIOIntTypeSet)
                  0000d98e    00000056     rtsv7M4_T_le_v4SPD16_eabi.lib : _printfi.c.obj (.text:_pconv_f)
                  0000d9e4    00000054     Motor.obj (.text:GetCurrentSpeed)
                  0000da38    00000054     Motor.obj (.text:MotorStart)
                  0000da8c    00000054     rtsv7M4_T_le_v4SPD16_eabi.lib : _ltoa.c.obj (.text:__TI_ltoa)
                  0000dae0    00000054     sensors.obj (.text:i2c_Open)
                  0000db34    00000054     drivers_tivaware.aem4f : UARTTiva.oem4f (.text:readIsrBinaryCallback)
                  0000db88    00000054     sysbios.aem4f : BIOS.obj (.text:ti_sysbios_family_arm_lm4_Timer_initDevice__I)
                  0000dbdc    00000004     empty_pem4f.oem4f (.text:xdc_runtime_System_Module_GateProxy_leave__E)
                  0000dbe0    00000054     sysbios.aem4f : BIOS.obj (.text:ti_sysbios_knl_Swi_Instance_finalize__E)
                  0000dc34    00000054     empty_pem4f.oem4f (.text:ti_sysbios_knl_Task_construct)
                  0000dc88    00000054     ti.targets.arm.rtsarm.aem4f : Assert.oem4f (.text:xdc_runtime_Assert_raise__I)
                  0000dcdc    00000052     rtsv7M4_T_le_v4SPD16_eabi.lib : _printfi.c.obj (.text:_ecpy)
                  0000dd2e    00000002     --HOLE-- [fill = 0]
                  0000dd30    00000050     drivers_tivaware.aem4f : GPIOTiva.oem4f (.text:GPIO_setCallback)
                  0000dd80    00000050                            : GPIOTiva.oem4f (.text:GPIO_write)
                  0000ddd0    00000050                            : UARTTiva.oem4f (.text:UARTTiva_writeCancel)
                  0000de20    00000050     Boot.aem4f : Boot_sysctl.oem4f (.text:_SysCtlFrequencyGet)
                  0000de70    00000050     sysbios.aem4f : BIOS.obj (.text:ti_sysbios_family_arm_m3_Hwi_Module_startup__E)
                  0000dec0    00000050     ti.targets.arm.rtsarm.aem4f : Startup.oem4f (.text:xdc_runtime_Startup_exec__E)
                  0000df10    00000050                                 : Text.oem4f (.text:xdc_runtime_Text_visitRope2__I)
                  0000df60    0000004c     drivers_tivaware.aem4f : UARTTiva.oem4f (.text:UARTTiva_close)
                  0000dfac    0000004c     grlib.lib : widget.obj (.text:WidgetRemove)
                  0000dff8    0000004c     rtsv7M4_T_le_v4SPD16_eabi.lib : atoi.c.obj (.text:atoi)
                  0000e044    0000004c                                   : cpy_tbl.c.obj (.text:copy_in)
                  0000e090    0000004c     i2cDriver.obj (.text:readI2C)
                  0000e0dc    00000004     ti.targets.arm.rtsarm.aem4f : System.oem4f (.text:xdc_runtime_System_aprintf_va__F)
                  0000e0e0    0000004c     sysbios.aem4f : BIOS.obj (.text:ti_sysbios_family_arm_lm4_Timer_setAvailMask__E)
                  0000e12c    00000004     ti.targets.arm.rtsarm.aem4f : System.oem4f (.text:xdc_runtime_System_printf_va__F)
                  0000e130    0000004c     sysbios.aem4f : BIOS.obj (.text:ti_sysbios_heaps_HeapMem_getStats__E)
                  0000e17c    00000004     --HOLE-- [fill = 0]
                  0000e180    0000004c                   : BIOS.obj (.text:ti_sysbios_knl_Swi_runLoop__I)
                  0000e1cc    00000004     --HOLE-- [fill = 0]
                  0000e1d0    0000004c                   : BIOS.obj (.text:ti_sysbios_knl_Task_allBlockedFunction__I)
                  0000e21c    00000004     --HOLE-- [fill = 0]
                  0000e220    0000004c                   : BIOS.obj (.text:ti_sysbios_knl_Task_block__E)
                  0000e26c    0000004a     drivers_tivaware.aem4f : PWMTimerTiva.oem4f (.text:PWMTimerTiva_close)
                  0000e2b6    0000004a     grlib.lib : string.obj (.text:UpdateContextCharMapping)
                  0000e300    00000048     driverlib.lib : gpio.obj (.text:GPIOPinConfigure)
                  0000e348    00000048                   : i2c.obj (.text:I2CMasterInitExpClk)
                  0000e390    00000048     rtsv7M4_T_le_v4SPD16_eabi.lib : fd_toi_t2.asm.obj (.text)
                  0000e3d8    00000048     sysbios.aem4f : BIOS.obj (.text:ti_sysbios_family_arm_lm4_Timer_enableTimers__I)
                  0000e420    00000048                   : BIOS.obj (.text:ti_sysbios_family_arm_m3_Hwi_disableInterrupt__E)
                  0000e468    00000048                   : BIOS.obj (.text:ti_sysbios_family_arm_m3_Hwi_enableInterrupt__E)
                  0000e4b0    00000048                   : BIOS.obj (.text:ti_sysbios_family_arm_m3_Hwi_excReserved__I)
                  0000e4f8    00000048                   : BIOS.obj (.text:ti_sysbios_hal_SecondsClock_increment__I)
                  0000e540    00000048                   : BIOS.obj (.text:ti_sysbios_knl_Mailbox_Module_startup__E)
                  0000e588    00000046     grlib.lib : line.obj (.text:GrLineDrawH)
                  0000e5ce    00000046               : line.obj (.text:GrLineDrawV)
                  0000e614    00000046     Kentec320x240x16_ssd2119_spi.obj (.text:Kentec320x240x16_SSD2119PixelDraw)
                  0000e65a    00000046     drivers_tivaware.aem4f : RingBuf.oem4f (.text:RingBuf_put)
                  0000e6a0    00000046     UARTLocal.obj (.text:initUART)
                  0000e6e6    00000046     ti.targets.arm.rtsarm.aem4f : Core-params.oem4f (.text:xdc_runtime_Core_assignParams__I)
                  0000e72c    00000044     GraphFunctions.obj (.text:CalcNoRemainder)
                  0000e770    00000044     sysbios.aem4f : BIOS.obj (.text:ti_sysbios_family_arm_lm4_Timer_isrStub__E)
                  0000e7b4    00000004     --HOLE-- [fill = 0]
                  0000e7b8    00000044                   : BIOS.obj (.text:ti_sysbios_family_arm_m3_Hwi_getStackInfo__E)
                  0000e7fc    00000004     --HOLE-- [fill = 0]
                  0000e800    00000044                   : BIOS.obj (.text:ti_sysbios_knl_Mailbox_postInit__I)
                  0000e844    00000004     --HOLE-- [fill = 0]
                  0000e848    00000044                   : BIOS.obj (.text:ti_sysbios_knl_Swi_post__E)
                  0000e88c    00000044     ti.targets.arm.rtsarm.aem4f : Error.oem4f (.text:xdc_runtime_Error_setX__E)
                  0000e8d0    00000044                                 : SysMin.oem4f (.text:xdc_runtime_SysMin_flush__E)
                  0000e914    00000044                                 : Text.oem4f (.text:xdc_runtime_Text_xprintf__I)
                  0000e958    00000042     driverlib.lib : uart.obj (.text:UARTConfigSetExpClk)
                  0000e99a    00000042     drivers_tivaware.aem4f : UARTTiva.oem4f (.text:UARTTiva_hwiIntFxn)
                  0000e9dc    00000042                            : UARTTiva.oem4f (.text:UARTTiva_writePolling)
                  0000ea1e    00000002     --HOLE-- [fill = 0]
                  0000ea20    00000040     GraphData.obj (.text:InitsingleBuffer)
                  0000ea60    00000040     drivers_tivaware.aem4f : RingBuf.oem4f (.text:RingBuf_get)
                  0000eaa0    00000040                            : UARTTiva.oem4f (.text:UARTTiva_read)
                  0000eae0    00000040     rtsv7M4_T_le_v4SPD16_eabi.lib : u_divt2.asm.obj (.text)
                  0000eb20    00000040                                   : sprintf.c.obj (.text:sprintf)
                  0000eb60    00000040     sysbios.aem4f : BIOS.obj (.text:ti_sysbios_family_arm_lm4_Timer_startup__E)
                  0000eba0    0000003e     driverlib.lib : adc.obj (.text:ADCSequenceConfigure)
                  0000ebde    0000003e     rtsv7M4_T_le_v4SPD16_eabi.lib : _printfi.c.obj (.text:_fcpy)
                  0000ec1c    0000003c     driverlib.lib : ssi.obj (.text:SSIConfigSetExpClk)
                  0000ec58    0000003c     Estop.obj (.text:checkEstop)
                  0000ec94    00000004     --HOLE-- [fill = 0]
                  0000ec98    0000003c     sysbios.aem4f : BIOS.obj (.text:ti_sysbios_family_arm_m3_Hwi_excSvCall__I)
                  0000ecd4    00000004     --HOLE-- [fill = 0]
                  0000ecd8    0000003c                   : BIOS.obj (.text:ti_sysbios_heaps_HeapMem_init__I)
                  0000ed14    00000004     --HOLE-- [fill = 0]
                  0000ed18    0000003c                   : BIOS.obj (.text:ti_sysbios_knl_Swi_restore__E)
                  0000ed54    0000003a     grlib.lib : string.obj (.text:FontGlyphDataGet)
                  0000ed8e    0000003a     drivers_tivaware.aem4f : I2CTiva.oem4f (.text:I2CTiva_completeTransfer)
                  0000edc8    00000038     grlib.lib : rectangle.obj (.text:GrRectOverlapCheck)
                  0000ee00    00000038     drivers_tivaware.aem4f : I2C.oem4f (.text:I2C_init)
                  0000ee38    00000038                            : PWM.oem4f (.text:PWM_init)
                  0000ee70    00000038     GlobalDraw.obj (.text:RemoveGraph)
                  0000eea8    00000038     GlobalDraw.obj (.text:RemoveGraphSelect)
                  0000eee0    00000038     driverlib.lib : sysctl.obj (.text:SysCtlPeripheralReady)
                  0000ef18    00000038     drivers_tivaware.aem4f : UART.oem4f (.text:UART_init)
                  0000ef50    00000038     rtsv7M4_T_le_v4SPD16_eabi.lib : trgmsg.c.obj (.text:__TI_writemsg)
                  0000ef88    00000038     sysbios.aem4f : BIOS.obj (.text:ti_sysbios_family_arm_m3_Hwi_excNoIsr__I)
                  0000efc0    00000038                   : BIOS.obj (.text:ti_sysbios_knl_Task_processVitalTaskFlag__I)
                  0000eff8    00000038     ti.targets.arm.rtsarm.aem4f : SysMin.oem4f (.text:xdc_runtime_SysMin_putch__E)
                  0000f030    00000038                                 : System.oem4f (.text:xdc_runtime_System_atexit__E)
                  0000f068    00000036     grlib.lib : line.obj (.text:GrClipCodeGet)
                  0000f09e    00000036     drivers_tivaware.aem4f : I2CTiva.oem4f (.text:I2CTiva_close)
                  0000f0d4    00000036                            : UARTTiva.oem4f (.text:UARTTiva_readCancel)
                  0000f10a    00000002     --HOLE-- [fill = 0]
                  0000f10c    00000034     driverlib.lib : sysctl.obj (.text:SysCtlPeripheralEnable)
                  0000f140    00000034     rtsv7M4_T_le_v4SPD16_eabi.lib : trgmsg.c.obj (.text:__TI_readmsg)
                  0000f174    00000034     bmi160.obj (.text:bmi160_readConvert)
                  0000f1a8    00000034     GraphData.obj (.text:initGraphBuffers)
                  0000f1dc    00000004     --HOLE-- [fill = 0]
                  0000f1e0    00000034     sysbios.aem4f : BIOS.obj (.text:ti_sysbios_family_arm_m3_Hwi_Instance_finalize__E)
                  0000f214    00000004     --HOLE-- [fill = 0]
                  0000f218    00000034                   : BIOS.obj (.text:ti_sysbios_family_arm_m3_Hwi_excNmi__I)
                  0000f24c    00000004     --HOLE-- [fill = 0]
                  0000f250    00000034                   : BIOS.obj (.text:ti_sysbios_hal_Hwi_checkStack)
                  0000f284    00000034     empty_pem4f.oem4f (.text:ti_sysbios_knl_Clock_construct)
                  0000f2b8    00000034     ti.targets.arm.rtsarm.aem4f : Core-label.oem4f (.text:xdc_runtime_Core_assignLabel__I)
                  0000f2ec    00000033                                 : Text.oem4f (.text:xdc_runtime_Text_printVisFxn__I)
                  0000f31f    00000001     --HOLE-- [fill = 0]
                  0000f320    00000032     sysbios.aem4f : BIOS.obj (.text:ti_sysbios_hal_Hwi_initStack)
                  0000f352    00000032     ustdlib.obj (.text:usprintf)
                  0000f384    00000030     drivers_tivaware.aem4f : GPIOTiva.oem4f (.text:GPIO_enableInt)
                  0000f3b4    00000030                            : GPIOTiva.oem4f (.text:GPIO_read)
                  0000f3e4    00000030                            : I2C.oem4f (.text:I2C_open)
                  0000f414    00000030                            : PWMTiva.oem4f (.text:PWMTiva_init)
                  0000f444    00000030                            : PWM.oem4f (.text:PWM_open)
                  0000f474    00000030                            : UART.oem4f (.text:UART_open)
                  0000f4a4    00000030     empty_pem4f.oem4f (.text:ti_sysbios_BIOS_atExitFunc__I)
                  0000f4d4    00000004     --HOLE-- [fill = 0]
                  0000f4d8    00000030     sysbios.aem4f : BIOS.obj (.text:ti_sysbios_family_arm_lm4_Timer_stop__E)
                  0000f508    00000030                   : BIOS.obj (.text:ti_sysbios_family_arm_m3_TaskSupport_start__E)
                  0000f538    00000030     empty_pem4f.oem4f (.text:ti_sysbios_gates_GateHwi_Object__create__S)
                  0000f568    00000030     empty_pem4f.oem4f (.text:ti_sysbios_gates_GateHwi_create)
                  0000f598    00000030     empty_pem4f.oem4f (.text:ti_sysbios_gates_GateMutexPri_Object__create__S)
                  0000f5c8    00000030     empty_pem4f.oem4f (.text:ti_sysbios_gates_GateMutexPri_create)
                  0000f5f8    00000030     empty_pem4f.oem4f (.text:ti_sysbios_gates_GateMutex_Object__create__S)
                  0000f628    00000030     empty_pem4f.oem4f (.text:ti_sysbios_heaps_HeapMem_Object__create__S)
                  0000f658    00000030     sysbios.aem4f : BIOS.obj (.text:ti_sysbios_knl_Event_pendTimeout__I)
                  0000f688    00000030     empty_pem4f.oem4f (.text:ti_sysbios_knl_Semaphore_construct)
                  0000f6b8    00000030     sysbios.aem4f : BIOS.obj (.text:ti_sysbios_knl_Semaphore_pendTimeout__I)
                  0000f6e8    00000030                   : BIOS.obj (.text:ti_sysbios_knl_Task_unblockI__E)
                  0000f718    00000030     ti.targets.arm.rtsarm.aem4f : SysMin.oem4f (.text:xdc_runtime_SysMin_abort__E)
                  0000f748    00000030                                 : System.oem4f (.text:xdc_runtime_System_processAtExit__E)
                  0000f778    0000002e     driverlib.lib : adc.obj (.text:ADCIntStatus)
                  0000f7a6    0000002e     grlib.lib : string.obj (.text:GrStringNextCharGet)
                  0000f7d4    0000002e     rtsv7M4_T_le_v4SPD16_eabi.lib : i_tofd_t2.asm.obj (.text)
                  0000f802    00000002     --HOLE-- [fill = 0]
                  0000f804    0000002c     EK_TM4C1294XL.obj (.text:EK_TM4C1294XL_initUART)
                  0000f830    0000002c     grlib.lib : string.obj (.text:GrFontBaselineGet)
                  0000f85c    0000002c               : string.obj (.text:GrFontHeightGet)
                  0000f888    0000002c               : pushbutton.obj (.text:RectangularButtonMsgProc)
                  0000f8b4    0000002c               : slider.obj (.text:SliderMsgProc)
                  0000f8e0    0000002c               : widget.obj (.text:WidgetIsInTree)
                  0000f90c    0000002c     GlobalDraw.obj (.text:removeSensorPage)
                  0000f938    0000002c     empty_pem4f.oem4f (.text:ti_sysbios_knl_Clock_doTick__I)
                  0000f964    0000002c     empty_pem4f.oem4f (.text:ti_sysbios_knl_Event_construct)
                  0000f990    0000002c     empty_pem4f.oem4f (.text:ti_sysbios_knl_Queue_construct)
                  0000f9bc    00000004     --HOLE-- [fill = 0]
                  0000f9c0    0000002c     sysbios.aem4f : BIOS.obj (.text:ti_sysbios_knl_Task_restore__E)
                  0000f9ec    0000002c     ti.targets.arm.rtsarm.aem4f : Text.oem4f (.text:xdc_runtime_Text_cordText__E)
                  0000fa18    0000002a     driverlib.lib : gpio.obj (.text:GPIODirModeSet)
                  0000fa42    0000002a     bmi160.obj (.text:bmi160_delay)
                  0000fa6c    0000002a     ti.targets.arm.rtsarm.aem4f : System.oem4f (.text:xdc_runtime_System_putchar__I)
                  0000fa96    00000028     Kentec320x240x16_ssd2119_spi.obj (.text:Kentec320x240x16_SSD2119ColorTranslate)
                  0000fabe    00000002     --HOLE-- [fill = 0]
                  0000fac0    00000028     sysbios.aem4f : BIOS.obj (.text:ti_sysbios_knl_Clock_addI__E)
                  0000fae8    00000028                   : BIOS.obj (.text:ti_sysbios_knl_Swi_Module_startup__E)
                  0000fb10    00000026     grlib.lib : string.obj (.text:GrFontInfoGet)
                  0000fb36    00000026     sysbios.aem4f : m3_Hwi_asm.obj (.text:ti_sysbios_family_arm_m3_Hwi_pendSV__I)
                  0000fb5c    00000026     ti.targets.arm.rtsarm.aem4f : System.oem4f (.text:xdc_runtime_System_avprintf__E)
                  0000fb82    00000002     --HOLE-- [fill = 0]
                  0000fb84    00000024     GlobalDraw.obj (.text:BackGraphSelect)
                  0000fba8    00000024     GlobalDraw.obj (.text:BackMainGraph)
                  0000fbcc    00000024     GlobalDraw.obj (.text:ChangeCurrentDown)
                  0000fbf0    00000024     GlobalDraw.obj (.text:ChangeCurrentUp)
                  0000fc14    00000024     GlobalDraw.obj (.text:RemoveMainPage)
                  0000fc38    00000024     GlobalDraw.obj (.text:backMainSensor)
                  0000fc5c    00000024     empty_pem4f.oem4f (.text:ti_sysbios_BIOS_errorRaiseHook__I)
                  0000fc80    00000024     empty_pem4f.oem4f (.text:ti_sysbios_BIOS_registerRTSLock__I)
                  0000fca4    00000024     empty_pem4f.oem4f (.text:ti_sysbios_BIOS_removeRTSLock__I)
                  0000fcc8    00000024     empty_pem4f.oem4f (.text:ti_sysbios_BIOS_startFunc__I)
                  0000fcec    00000024     empty_pem4f.oem4f (.text:ti_sysbios_gates_GateMutexPri_Object__delete__S)
                  0000fd10    00000024     empty_pem4f.oem4f (.text:ti_sysbios_gates_GateMutex_Object__delete__S)
                  0000fd34    00000004     --HOLE-- [fill = 0]
                  0000fd38    00000024     sysbios.aem4f : BIOS.obj (.text:ti_sysbios_knl_Clock_Module_startup__E)
                  0000fd5c    00000004     --HOLE-- [fill = 0]
                  0000fd60    00000024                   : BIOS.obj (.text:ti_sysbios_knl_Task_restoreHwi__E)
                  0000fd84    00000024     ti.targets.arm.rtsarm.aem4f : System.oem4f (.text:xdc_runtime_System_vprintf__E)
                  0000fda8    00000022     grlib.lib : string.obj (.text:GrFontGlyphDataGet)
                  0000fdca    00000022     driverlib.lib : pwm.obj (.text:PWMGenConfigure)
                  0000fdec    00000022     drivers_tivaware.aem4f : PWMTiva.oem4f (.text:PWMTiva_getPeriodCounts)
                  0000fe0e    00000002     --HOLE-- [fill = 0]
                  0000fe10    00000022     sysbios.aem4f : BIOS.obj (.text:ti_sysbios_family_arm_lm4_Timer_write__I)
                  0000fe32    00000022     empty_pem4f.oem4f (.text:xdc_runtime_SysMin_output__I)
                  0000fe54    00000020     Boot.aem4f : Boot_sysctl.oem4f (.text:_SysCtlMemTimingGet)
                  0000fe74    00000020     Estop.obj (.text:initEstop)
                  0000fe94    00000020     rtsv7M4_T_le_v4SPD16_eabi.lib : u_tofd_t2.asm.obj (.text)
                  0000feb4    00000020     empty_pem4f.oem4f (.text:ti_sysbios_BIOS_rtsLock__I)
                  0000fed4    00000004     --HOLE-- [fill = 0]
                  0000fed8    00000020     sysbios.aem4f : BIOS.obj (.text:ti_sysbios_family_arm_lm4_Timer_getFreq__E)
                  0000fef8    00000020                   : m3_Hwi_asm.obj (.text:ti_sysbios_family_arm_m3_Hwi_excHandlerAsm__I)
                  0000ff18    00000020                   : BIOS.obj (.text:ti_sysbios_family_arm_m3_Hwi_excHandler__I)
                  0000ff38    00000020     empty_pem4f.oem4f (.text:ti_sysbios_gates_GateHwi_Object__delete__S)
                  0000ff58    00000020     empty_pem4f.oem4f (.text:ti_sysbios_heaps_HeapMem_Object__delete__S)
                  0000ff78    00000020     empty_pem4f.oem4f (.text:ti_sysbios_knl_Clock_Object__destruct__S)
                  0000ff98    00000020     sysbios.aem4f : BIOS.obj (.text:ti_sysbios_knl_Idle_run__E)
                  0000ffb8    00000020     empty_pem4f.oem4f (.text:ti_sysbios_knl_Semaphore_Object__destruct__S)
                  0000ffd8    00000020     ti.targets.arm.rtsarm.aem4f : Registry.oem4f (.text:xdc_runtime_Registry_findById__E)
                  0000fff8    00000020                                 : SysMin.oem4f (.text:xdc_runtime_SysMin_Module_startup__E)
                  00010018    0000001e     driverlib.lib : adc.obj (.text:ADCSequenceDataGet)
                  00010036    0000001e     grlib.lib : string.obj (.text:GrFontCodepageGet)
                  00010054    0000001e     driverlib.lib : pwm.obj (.text:PWMPulseWidthSet)
                  00010072    0000001e     drivers_tivaware.aem4f : PWMTiva.oem4f (.text:PWMTiva_getPeriodMicroSecs)
                  00010090    0000001e     grlib.lib : widget.obj (.text:WidgetAdd)
                  000100ae    0000001e     sysbios.aem4f : m3_Hwi_asm_switch.obj (.text:ti_sysbios_family_xxx_Hwi_switchAndRunFunc)
                  000100cc    0000001c     driverlib.lib : uart.obj (.text:UARTDisable)
                  000100e8    0000001c     grlib.lib : widget.obj (.text:WidgetPointerMessage)
                  00010104    0000001c     drivers_tivaware.aem4f : GPIOTiva.oem4f (.text:getGpioIntIndex)
                  00010120    0000001c     rtsv7M4_T_le_v4SPD16_eabi.lib : memccpy.c.obj (.text:memccpy)
                  0001013c    0000001c     empty_pem4f.oem4f (.text:ti_sysbios_family_arm_m3_Hwi_Object__destruct__S)
                  00010158    0000001c     sysbios.aem4f : BIOS.obj (.text:ti_sysbios_gates_GateMutexPri_Instance_init__E)
                  00010174    00000004     --HOLE-- [fill = 0]
                  00010178    0000001c                   : BIOS.obj (.text:ti_sysbios_gates_GateMutex_Instance_init__E)
                  00010194    0000001c     empty_pem4f.oem4f (.text:ti_sysbios_knl_Queue_Object__destruct__S)
                  000101b0    0000001c     sysbios.aem4f : BIOS.obj (.text:ti_sysbios_knl_Queue_put__E)
                  000101cc    00000004     --HOLE-- [fill = 0]
                  000101d0    0000001c                   : BIOS.obj (.text:ti_sysbios_knl_Task_enter__I)
                  000101ec    0000001c     ti.targets.arm.rtsarm.aem4f : Error.oem4f (.text:xdc_runtime_Error_raiseX__E)
                  00010208    0000001c                                 : Memory.oem4f (.text:xdc_runtime_Memory_valloc__E)
                  00010224    0000001c                                 : SysMin.oem4f (.text:xdc_runtime_SysMin_exit__E)
                  00010240    0000001c                                 : System.oem4f (.text:xdc_runtime_System_abort__E)
                  0001025c    0000001a     rtsv7M4_T_le_v4SPD16_eabi.lib : s_copysign.c.obj (.text:copysign)
                  00010276    0000001a     empty_pem4f.oem4f (.text:ti_sysbios_family_arm_m3_Hwi_Handle__label__S)
                  00010290    0000001a     empty_pem4f.oem4f (.text:ti_sysbios_gates_GateHwi_Handle__label__S)
                  000102aa    0000001a     empty_pem4f.oem4f (.text:ti_sysbios_gates_GateMutexPri_Handle__label__S)
                  000102c4    0000001a     empty_pem4f.oem4f (.text:ti_sysbios_gates_GateMutex_Handle__label__S)
                  000102de    0000001a     empty_pem4f.oem4f (.text:ti_sysbios_heaps_HeapMem_Handle__label__S)
                  000102f8    0000001a     empty_pem4f.oem4f (.text:ti_sysbios_knl_Swi_Handle__label__S)
                  00010312    0000001a     empty_pem4f.oem4f (.text:ti_sysbios_knl_Task_Handle__label__S)
                  0001032c    0000001a     empty_pem4f.oem4f (.text:xdc_runtime_System_aprintf__E)
                  00010346    0000001a     empty_pem4f.oem4f (.text:xdc_runtime_System_printf__E)
                  00010360    00000018     driverlib.lib : adc.obj (.text:ADCProcessorTrigger)
                  00010378    00000018     Estop.obj (.text:EstopPower)
                  00010390    00000018     driverlib.lib : gpio.obj (.text:GPIOPinTypeGPIOOutput)
                  000103a8    00000018                   : timer.obj (.text:TimerControlLevel)
                  000103c0    00000018     drivers_tivaware.aem4f : UART.oem4f (.text:UART_Params_init)
                  000103d8    00000018     rtsv7M4_T_le_v4SPD16_eabi.lib : args_main.c.obj (.text:_args_main)
                  000103f0    00000018                                   : sprintf.c.obj (.text:_outs)
                  00010408    00000018     Motor.obj (.text:clk0Fxn)
                  00010420    00000018     empty_pem4f.oem4f (.text:ti_sysbios_BIOS_rtsUnlock__I)
                  00010438    00000018     empty_pem4f.oem4f (.text:ti_sysbios_family_arm_lm4_Timer_Module__startupDone__F)
                  00010450    00000018     empty_pem4f.oem4f (.text:ti_sysbios_family_arm_m3_Hwi_Module__startupDone__F)
                  00010468    00000018     sysbios.aem4f : m3_TaskSupport_asm.obj (.text:ti_sysbios_family_arm_m3_TaskSupport_swap__E)
                  00010480    00000018                   : BIOS.obj (.text:ti_sysbios_gates_GateMutex_leave__E)
                  00010498    00000018     empty_pem4f.oem4f (.text:ti_sysbios_knl_Clock_Module__startupDone__F)
                  000104b0    00000018     sysbios.aem4f : BIOS.obj (.text:ti_sysbios_knl_Task_sleepTimeout__I)
                  000104c8    00000018     ti.targets.arm.rtsarm.aem4f : Error.oem4f (.text:xdc_runtime_Error_check__E)
                  000104e0    00000018                                 : System.oem4f (.text:xdc_runtime_System_exit__E)
                  000104f8    00000018                                 : Text.oem4f (.text:xdc_runtime_Text_ropeText__E)
                  00010510    00000016     grlib.lib : string.obj (.text:GrStringDraw)
                  00010526    00000016     driverlib.lib : i2c.obj (.text:I2CMasterErr)
                  0001053c    00000016     rtsv7M4_T_le_v4SPD16_eabi.lib : strchr.c.obj (.text:strchr)
                  00010552    00000016     empty_pem4f.oem4f (.text:ti_sysbios_BIOS_exitFunc__I)
                  00010568    00000016     Motor.obj (.text:ti_sysbios_gates_GateHwi_Params_init)
                  0001057e    00000016     GlobalDraw.obj (.text:ti_sysbios_gates_GateMutexPri_Params_init)
                  00010594    00000016     Motor.obj (.text:ti_sysbios_knl_Clock_Params_init)
                  000105aa    00000016     Motor.obj (.text:ti_sysbios_knl_Swi_Params_init)
                  000105c0    00000016     empty.obj (.text:ti_sysbios_knl_Swi_Params_init)
                  000105d6    00000016     empty.obj (.text:ti_sysbios_knl_Task_Params_init)
                  000105ec    00000014     grlib.lib : canvas.obj (.text:CanvasMsgProc)
                  00010600    00000014     Kentec320x240x16_ssd2119_spi.obj (.text:LED_OFF)
                  00010614    00000014     Kentec320x240x16_ssd2119_spi.obj (.text:LED_ON)
                  00010628    00000014     driverlib.lib : pwm.obj (.text:PWMClockSet)
                  0001063c    00000014                   : sysctl.obj (.text:SysCtlPWMClockSet)
                  00010650    00000014                   : timer.obj (.text:TimerDisable)
                  00010664    00000014     touch.obj (.text:TouchScreenCallbackSet)
                  00010678    00000014     driverlib.lib : uart.obj (.text:UARTEnable)
                  0001068c    00000014     grlib.lib : widget.obj (.text:WidgetMutexGet)
                  000106a0    00000014     rtsv7M4_T_le_v4SPD16_eabi.lib : strlen.c.obj (.text:strlen)
                  000106b4    00000014     empty_pem4f.oem4f (.text:ti_sysbios_family_arm_m3_Hwi_Object__get__S)
                  000106c8    00000014     sysbios.aem4f : BIOS.obj (.text:ti_sysbios_family_arm_m3_Hwi_switchFromBootStack__E)
                  000106dc    00000014     empty_pem4f.oem4f (.text:ti_sysbios_heaps_HeapMem_Object__get__S)
                  000106f0    00000014     sysbios.aem4f : BIOS.obj (.text:ti_sysbios_knl_Event_Instance_init__E)
                  00010704    00000014     empty_pem4f.oem4f (.text:ti_sysbios_knl_Swi_Object__get__S)
                  00010718    00000012     driverlib.lib : gpio.obj (.text:GPIOPinTypeADC)
                  0001072a    00000012                   : gpio.obj (.text:GPIOPinTypeEthernetLED)
                  0001073c    00000012                   : gpio.obj (.text:GPIOPinTypeGPIOInput)
                  0001074e    00000012                   : gpio.obj (.text:GPIOPinTypeI2C)
                  00010760    00000012                   : gpio.obj (.text:GPIOPinTypeI2CSCL)
                  00010772    00000012                   : gpio.obj (.text:GPIOPinTypePWM)
                  00010784    00000012                   : gpio.obj (.text:GPIOPinTypeSSI)
                  00010796    00000012                   : gpio.obj (.text:GPIOPinTypeTimer)
                  000107a8    00000012                   : gpio.obj (.text:GPIOPinTypeUART)
                  000107ba    00000012                   : gpio.obj (.text:GPIOPinTypeUSBAnalog)
                  000107cc    00000012                   : gpio.obj (.text:GPIOPinTypeUSBDigital)
                  000107de    00000012                   : pwm.obj (.text:PWMGenPeriodGet)
                  000107f0    00000012                   : pwm.obj (.text:PWMOutputInvert)
                  00010802    00000012                   : pwm.obj (.text:PWMOutputState)
                  00010814    00000012     drivers_tivaware.aem4f : RingBuf.oem4f (.text:RingBuf_construct)
                  00010826    00000012     driverlib.lib : ssi.obj (.text:SSIDataGetNonBlocking)
                  00010838    00000012                   : timer.obj (.text:TimerLoadSet)
                  0001084a    00000012                   : timer.obj (.text:TimerMatchSet)
                  0001085c    00000012                   : timer.obj (.text:TimerPrescaleMatchSet)
                  0001086e    00000012                   : timer.obj (.text:TimerPrescaleSet)
                  00010880    00000012     sysbios.aem4f : BIOS.obj (.text:ti_sysbios_hal_Hwi_Module_startup__E)
                  00010892    00000006     grlib.lib : string.obj (.text:GrContextFontSet)
                  00010898    00000012     sysbios.aem4f : BIOS.obj (.text:ti_sysbios_hal_Timer_Module_startup__E)
                  000108aa    00000012     rtsv7M4_T_le_v4SPD16_eabi.lib : wcslen.c.obj (.text:wcslen)
                  000108bc    00000012     empty_pem4f.oem4f (.text:xdc_runtime_Startup_exec__I)
                  000108ce    00000002     --HOLE-- [fill = 0]
                  000108d0    00000010     empty_pem4f.oem4f (.text:.bootCodeSection:ti_catalog_arm_cortexm4_tiva_ce_Boot_init__I)
                  000108e0    00000010     driverlib.lib : adc.obj (.text:ADCIntEnable)
                  000108f0    00000010     GlobalDraw.obj (.text:ChangeAccelDown)
                  00010900    00000010     GlobalDraw.obj (.text:ChangeAccelUp)
                  00010910    00000010     driverlib.lib : fpu.obj (.text:FPUEnable)
                  00010920    00000010                   : fpu.obj (.text:FPULazyStackingEnable)
                  00010930    00000010     drivers_tivaware.aem4f : I2C.oem4f (.text:I2C_Params_init)
                  00010940    00000010     driverlib.lib : pwm.obj (.text:PWMGenPeriodSet)
                  00010950    00000010     drivers_tivaware.aem4f : PWM.oem4f (.text:PWM_Params_init)
                  00010960    00000010                            : UARTTiva.oem4f (.text:readBlockingTimeout)
                  00010970    00000010     sysbios.aem4f : BIOS.obj (.text:ti_sysbios_BIOS_getCpuFreq__E)
                  00010980    00000010                   : BIOS.obj (.text:ti_sysbios_BIOS_setThreadType__E)
                  00010990    00000010                   : BIOS.obj (.text:ti_sysbios_BIOS_start__E)
                  000109a0    00000010                   : BIOS.obj (.text:ti_sysbios_family_arm_lm4_TimestampProvider_rolloverFunc__E)
                  000109b0    00000010                   : m3_TaskSupport_asm.obj (.text:ti_sysbios_family_arm_m3_TaskSupport_glue)
                  000109c0    00000010                   : BIOS.obj (.text:ti_sysbios_gates_GateMutexPri_Instance_finalize__E)
                  000109d0    00000010                   : BIOS.obj (.text:ti_sysbios_gates_GateMutex_Instance_finalize__E)
                  000109e0    00000010     empty_pem4f.oem4f (.text:ti_sysbios_knl_Mailbox_Object__get__S)
                  000109f0    00000010     sysbios.aem4f : BIOS.obj (.text:ti_sysbios_knl_Semaphore_Instance_finalize__E)
                  00010a00    00000010                   : BIOS.obj (.text:ti_sysbios_knl_Swi_disable__E)
                  00010a10    00000010     empty_pem4f.oem4f (.text:ti_sysbios_knl_Task_Object__get__S)
                  00010a20    00000010     sysbios.aem4f : BIOS.obj (.text:ti_sysbios_knl_Task_disable__E)
                  00010a30    00000010     driverlib.lib : udma.obj (.text:uDMAEnable)
                  00010a40    00000010     ti.targets.arm.rtsarm.aem4f : Gate.oem4f (.text:xdc_runtime_Gate_leaveSystem__E)
                  00010a50    00000010                                 : Memory.oem4f (.text:xdc_runtime_Memory_free__E)
                  00010a60    00000010                                 : SysMin.oem4f (.text:xdc_runtime_SysMin_ready__E)
                  00010a70    00000010                                 : System.oem4f (.text:xdc_runtime_System_vsnprintf__E)
                  00010a80    00000010     empty_pem4f.oem4f (.text:xdc_runtime_Text_visitRope__I)
                  00010a90    0000000e     driverlib.lib : adc.obj (.text:ADCSequenceEnable)
                  00010a9e    0000000e                   : gpio.obj (.text:GPIOIntStatus)
                  00010aac    0000000e     grlib.lib : image.obj (.text:GrImageDraw)
                  00010aba    0000000e     driverlib.lib : timer.obj (.text:TimerEnable)
                  00010ac8    0000000e                   : uart.obj (.text:UARTCharGetNonBlocking)
                  00010ad6    0000000e                   : uart.obj (.text:UARTCharPutNonBlocking)
                  00010ae4    0000000e     rtsv7M4_T_le_v4SPD16_eabi.lib : copy_decompress_none.c.obj (.text:decompress:none:__TI_decompress_none)
                  00010af2    00000006     driverlib.lib : i2c.obj (.text:I2CMasterIntDisable)
                  00010af8    0000000e     sysbios.aem4f : BIOS.obj (.text:ti_sysbios_knl_Idle_loop__E)
                  00010b06    00000002     --HOLE-- [fill = 0]
                  00010b08    0000000e                   : BIOS.obj (.text:ti_sysbios_knl_Queue_empty__E)
                  00010b16    0000000c     driverlib.lib : gpio.obj (.text:GPIOIntEnable)
                  00010b22    0000000c                   : pwm.obj (.text:PWMGenDisable)
                  00010b2e    0000000c                   : pwm.obj (.text:PWMGenEnable)
                  00010b3a    0000000c     drivers_tivaware.aem4f : RingBuf.oem4f (.text:RingBuf_peek)
                  00010b46    0000000c     empty.obj (.text:TouchCheckTask)
                  00010b52    0000000c     driverlib.lib : uart.obj (.text:UARTFlowControlSet)
                  00010b5e    0000000c     drivers_tivaware.aem4f : UARTTiva.oem4f (.text:UARTTiva_init)
                  00010b6a    00000002     --HOLE-- [fill = 0]
                  00010b6c    0000000c     rtsv7M4_T_le_v4SPD16_eabi.lib : _lock.c.obj (.text:_register_lock)
                  00010b78    0000000c                                   : _lock.c.obj (.text:_register_unlock)
                  00010b84    0000000c     GlobalDraw.obj (.text:btntest)
                  00010b90    0000000c     rtsv7M4_T_le_v4SPD16_eabi.lib : copy_zero_init.c.obj (.text:decompress:ZI:__TI_zero_init)
                  00010b9c    00000004     --HOLE-- [fill = 0]
                  00010ba0    0000000c     sysbios.aem4f : BIOS.obj (.text:ti_sysbios_family_arm_lm4_Timer_getAvailMask__E)
                  00010bac    00000004     --HOLE-- [fill = 0]
                  00010bb0    0000000c                   : BIOS.obj (.text:ti_sysbios_family_arm_lm4_Timer_getMaxTicks__E)
                  00010bbc    00000004     --HOLE-- [fill = 0]
                  00010bc0    0000000c                   : BIOS.obj (.text:ti_sysbios_family_arm_lm4_TimestampProvider_startTimer__E)
                  00010bcc    0000000c     empty_pem4f.oem4f (.text:ti_sysbios_family_arm_m3_Hwi_Params__init__S)
                  00010bd8    0000000c     sysbios.aem4f : BIOS.obj (.text:ti_sysbios_family_arm_m3_Hwi_disableFxn__E)
                  00010be4    00000004     --HOLE-- [fill = 0]
                  00010be8    0000000c                   : BIOS.obj (.text:ti_sysbios_family_arm_m3_TaskSupport_checkStack__E)
                  00010bf4    00000004     --HOLE-- [fill = 0]
                  00010bf8    0000000c                   : BIOS.obj (.text:ti_sysbios_family_arm_m3_TaskSupport_getStackAlignment__E)
                  00010c04    0000000c     empty_pem4f.oem4f (.text:ti_sysbios_gates_GateHwi_Params__init__S)
                  00010c10    0000000c     sysbios.aem4f : BIOS.obj (.text:ti_sysbios_gates_GateHwi_enter__E)
                  00010c1c    0000000c     empty_pem4f.oem4f (.text:ti_sysbios_gates_GateMutexPri_Params__init__S)
                  00010c28    0000000c     empty_pem4f.oem4f (.text:ti_sysbios_knl_Clock_Params__init__S)
                  00010c34    00000004     --HOLE-- [fill = 0]
                  00010c38    0000000c     sysbios.aem4f : BIOS.obj (.text:ti_sysbios_knl_Clock_getTicks__E)
                  00010c44    0000000c     Estop.obj (.text:ti_sysbios_knl_Event_handle)
                  00010c50    0000000c     empty_pem4f.oem4f (.text:ti_sysbios_knl_Queue_Object__get__S)
                  00010c5c    0000000c     empty_pem4f.oem4f (.text:ti_sysbios_knl_Semaphore_Params__init__S)
                  00010c68    0000000c     empty_pem4f.oem4f (.text:ti_sysbios_knl_Swi_Params__init__S)
                  00010c74    0000000c     empty_pem4f.oem4f (.text:ti_sysbios_knl_Task_Params__init__S)
                  00010c80    0000000c     driverlib.lib : udma.obj (.text:uDMAControlBaseSet)
                  00010c8c    0000000c     ti.targets.arm.rtsarm.aem4f : Error.oem4f (.text:xdc_runtime_Error_init__E)
                  00010c98    0000000c                                 : Gate.oem4f (.text:xdc_runtime_Gate_enterSystem__E)
                  00010ca4    0000000c                                 : Memory.oem4f (.text:xdc_runtime_Memory_calloc__E)
                  00010cb0    0000000c                                 : Memory.oem4f (.text:xdc_runtime_Memory_getMaxDefaultTypeAlign__E)
                  00010cbc    0000000a     driverlib.lib : adc.obj (.text:ADCIntClear)
                  00010cc6    0000000a                   : i2c.obj (.text:I2CMasterDisable)
                  00010cd0    0000000a                   : i2c.obj (.text:I2CMasterEnable)
                  00010cda    0000000a     drivers_tivaware.aem4f : I2CTiva.oem4f (.text:I2CTiva_init)
                  00010ce4    0000000a                            : I2C.oem4f (.text:I2C_transfer)
                  00010cee    0000000a     Kentec320x240x16_ssd2119_spi.obj (.text:Kentec320x240x16_SSD2119Flush)
                  00010cf8    0000000a     drivers_tivaware.aem4f : PWMTimerTiva.oem4f (.text:PWMTimerTiva_getPeriodCounts)
                  00010d02    0000000a                            : PWM.oem4f (.text:PWM_setDuty)
                  00010d0c    0000000a     driverlib.lib : ssi.obj (.text:SSIDataPut)
                  00010d16    0000000a                   : ssi.obj (.text:SSIEnable)
                  00010d20    0000000a                   : uart.obj (.text:UARTCharGet)
                  00010d2a    0000000a                   : uart.obj (.text:UARTCharPut)
                  00010d34    0000000a                   : uart.obj (.text:UARTIntDisable)
                  00010d3e    0000000a                   : uart.obj (.text:UARTIntStatus)
                  00010d48    0000000a     rtsv7M4_T_le_v4SPD16_eabi.lib : sprintf.c.obj (.text:_outc)
                  00010d52    0000000a     empty_pem4f.oem4f (.text:xdc_runtime_IHeap_alloc)
                  00010d5c    0000000a     empty_pem4f.oem4f (.text:xdc_runtime_IHeap_free)
                  00010d66    00000008     EK_TM4C1294XL.obj (.text:EK_TM4C1294XL_initGPIO)
                  00010d6e    00000008     grlib.lib : charmap.obj (.text:GrMapISO8859_1_Unicode)
                  00010d76    00000008     driverlib.lib : i2c.obj (.text:I2CMasterIntClear)
                  00010d7e    00000008                   : i2c.obj (.text:I2CMasterSlaveAddrSet)
                  00010d86    00000008     drivers_tivaware.aem4f : I2CTiva.oem4f (.text:I2CTiva_blockingCallback)
                  00010d8e    00000008                            : PWMTimerTiva.oem4f (.text:PWMTimerTiva_init)
                  00010d96    00000008     driverlib.lib : ssi.obj (.text:SSIBusy)
                  00010d9e    00000008                   : uart.obj (.text:UARTIntEnable)
                  00010da6    00000008                   : uart.obj (.text:UARTRxErrorGet)
                  00010dae    00000002     --HOLE-- [fill = 0]
                  00010db0    00000008     rtsv7M4_T_le_v4SPD16_eabi.lib : errno.c.obj (.text:__aeabi_errno_addr)
                  00010db8    00000008     drivers_tivaware.aem4f : UARTTiva.oem4f (.text:readSemCallback)
                  00010dc0    00000008     sysbios.aem4f : BIOS.obj (.text:ti_sysbios_family_arm_lm4_Timer_masterDisable__I)
                  00010dc8    00000008                   : BIOS.obj (.text:ti_sysbios_family_arm_m3_Hwi_doSwiRestore__I)
                  00010dd0    00000008                   : BIOS.obj (.text:ti_sysbios_family_arm_m3_Hwi_startup__E)
                  00010dd8    00000008     drivers_tivaware.aem4f : UARTTiva.oem4f (.text:writeSemCallback)
                  00010de0    00000006     driverlib.lib : i2c.obj (.text:I2CMasterIntEnable)
                  00010de6    00000006     drivers_tivaware.aem4f : I2CTiva.oem4f (.text:I2CTiva_control)
                  00010dec    00000006                            : PWMTimerTiva.oem4f (.text:PWMTimerTiva_getPeriodMicroSecs)
                  00010df2    00000006     driverlib.lib : sysctl.obj (.text:SysCtlDelay)
                  00010df8    00000006                   : uart.obj (.text:UARTFIFOLevelSet)
                  00010dfe    00000006                   : uart.obj (.text:UARTRxErrorClear)
                  00010e04    00000006     grlib.lib : widget.obj (.text:WidgetMutexPut)
                  00010e0a    00000006     ti.targets.arm.rtsarm.aem4f : System.oem4f (.text:xdc_runtime_System_Module_startup__E)
                  00010e10    00000006     sysbios.aem4f : BIOS.obj (.text:ti_sysbios_family_arm_lm4_TimestampProvider_Module_startup__E)
                  00010e16    00000002     --HOLE-- [fill = 0]
                  00010e18    00000006                   : BIOS.obj (.text:ti_sysbios_family_arm_m3_Hwi_doTaskRestore__I)
                  00010e1e    00000002     --HOLE-- [fill = 0]
                  00010e20    00000006                   : BIOS.obj (.text:ti_sysbios_family_arm_m3_Hwi_restoreFxn__E)
                  00010e26    00000002     --HOLE-- [fill = 0]
                  00010e28    00000006                   : BIOS.obj (.text:ti_sysbios_gates_GateHwi_leave__E)
                  00010e2e    00000002     --HOLE-- [fill = 0]
                  00010e30    00000006                   : BIOS.obj (.text:ti_sysbios_heaps_HeapMem_isBlocking__E)
                  00010e36    00000002     --HOLE-- [fill = 0]
                  00010e38    00000006                   : BIOS.obj (.text:ti_sysbios_knl_Clock_stop__E)
                  00010e3e    00000002     --HOLE-- [fill = 0]
                  00010e40    00000006                   : BIOS.obj (.text:ti_sysbios_knl_Queue_Instance_init__E)
                  00010e46    00000002     --HOLE-- [fill = 0]
                  00010e48    00000006                   : BIOS.obj (.text:ti_sysbios_knl_Swi_startup__E)
                  00010e4e    00000002     --HOLE-- [fill = 0]
                  00010e50    00000004                   : BIOS.obj (.text:ti_sysbios_family_arm_lm4_Timer_getPeriod__E)
                  00010e54    00000004     --HOLE-- [fill = 0]
                  00010e58    00000004                   : BIOS.obj (.text:ti_sysbios_gates_GateHwi_query__E)
                  00010e5c    00000004     --HOLE-- [fill = 0]
                  00010e60    00000004                   : BIOS.obj (.text:ti_sysbios_gates_GateMutexPri_query__E)
                  00010e64    00000004     --HOLE-- [fill = 0]
                  00010e68    00000004                   : BIOS.obj (.text:ti_sysbios_gates_GateMutex_query__E)
                  00010e6c    00000004     --HOLE-- [fill = 0]
                  00010e70    00000004                   : BIOS.obj (.text:ti_sysbios_knl_Task_startup__E)
                  00010e74    00000004     --HOLE-- [fill = 0]
                  00010e78    00000002                   : BIOS.obj (.text:ti_sysbios_gates_GateHwi_Instance_init__E)
                  00010e7a    00000006     --HOLE-- [fill = 0]
                  00010e80    00000002                   : BIOS.obj (.text:ti_sysbios_knl_Clock_logTick__E)

.const     0    00010e88    0000820a     
                  00010e88    00001950     empty_pem4f.oem4f (.const:xdc_runtime_Text_charTab__A)
                  000127d8    00001000     rtsv7M4_T_le_v4SPD16_eabi.lib : s_exp2.c.obj (.const:tbl)
                  000137d8    0000095e     grlib.lib : fontcm20.obj (.const:.string:g_pui8Cm20Data)
                  00014136    000008c1               : fontcmss20.obj (.const:.string:g_pui8Cmss20Data)
                  000149f7    00000782               : fontcmss18b.obj (.const:.string:g_pui8Cmss18bData)
                  00015179    00000759               : fontcm16.obj (.const:.string:g_pui8Cm16Data)
                  000158d2    000005c7               : fontcmss12b.obj (.const:.string:g_pui8Cmss12bData)
                  00015e99    00000514               : fontcmss12.obj (.const:.string:g_pui8Cmss12Data)
                  000163ad    0000024d     GUIImg.obj (.const:.string:g_pui8Logo)
                  000165fa    0000020d     GUIImg.obj (.const:.string:g_pui8btn140x40)
                  00016807    0000020d     GUIImg.obj (.const:.string:g_pui8btn150x40Press)
                  00016a14    0000017b     Images.obj (.const:.string:g_pui8CompS)
                  00016b8f    0000017b     Images.obj (.const:.string:g_pui8CompW)
                  00016d0a    0000017b     Images.obj (.const:.string:g_pui8accSlow)
                  00016e85    0000017b     Images.obj (.const:.string:g_pui8accfast)
                  00017000    0000017b     Images.obj (.const:.string:g_pui8accmid)
                  0001717b    00000178     Images.obj (.const:.string:g_pui8CompE)
                  000172f3    00000178     Images.obj (.const:.string:g_pui8CompN)
                  0001746b    00000163     Images.obj (.const:.string:g_pui8Stop)
                  000175ce    00000160     Images.obj (.const:.string:g_pui8Go)
                  0001772e    0000015d     Images.obj (.const:.string:g_pui8idle)
                  0001788b    00000124     Images.obj (.const:.string:g_pui8Night)
                  000179af    00000001     empty_pem4f.oem4f (.const:xdc_runtime_Error_policy__C)
                  000179b0    00000120     Boot.aem4f : Boot_sysctl.oem4f (.const:g_pppui32XTALtoVCO)
                  00017ad0    00000107     GUIImg.obj (.const:.string:g_pui8arrowRight)
                  00017bd7    00000101     rtsv7M4_T_le_v4SPD16_eabi.lib : ctype.c.obj (.const:.string:_ctypes_)
                  00017cd8    000000f8     Images.obj (.const:.string:g_pui8Day)
                  00017dd0    000000dc     empty_pem4f.oem4f (.const:xdc_runtime_Text_nodeTab__A)
                  00017eac    000000c8     grlib.lib : fontcm16.obj (.const:g_sFontCm16)
                  00017f74    000000c8               : fontcm20.obj (.const:g_sFontCm20)
                  0001803c    000000c8               : fontcmss12.obj (.const:g_sFontCmss12)
                  00018104    000000c8               : fontcmss12b.obj (.const:g_sFontCmss12b)
                  000181cc    000000c8               : fontcmss18b.obj (.const:g_sFontCmss18b)
                  00018294    000000c8               : fontcmss20.obj (.const:g_sFontCmss20)
                  0001835c    000000a5     GUIImg.obj (.const:.string:g_pui8arrowLeft)
                  00018401    00000001     --HOLE-- [fill = 0]
                  00018402    00000002     empty_pem4f.oem4f (.const:ti_catalog_arm_cortexm4_tiva_ce_Boot_Module__id__C)
                  00018404    00000090     driverlib.lib : gpio.obj (.const:g_pui32GPIOBaseAddrs)
                  00018494    0000008e     GlobalDraw.obj (.const:.string)
                  00018522    00000076     GUIImg.obj (.const:.string:g_pui8backBtn)
                  00018598    00000070     driverlib.lib : interrupt.obj (.const)
                  00018608    0000006c     Boot.aem4f : Boot_sysctl.oem4f (.const:g_pui32Xtals)
                  00018674    00000060     MotorLib.lib : motorlib.obj (.const:PWM_config)
                  000186d4    00000054     drivers_tivaware.aem4f : GPIOTiva.oem4f (.const:.string)
                  00018728    00000054     MotorLib.lib : motorlib.obj (.const:motorLibPWMTivaHWAttrs)
                  0001877c    0000004c     drivers_tivaware.aem4f : UARTTiva.oem4f (.const)
                  000187c8    00000048     empty_pem4f.oem4f (.const:.string)
                  00018810    00000048     drivers_tivaware.aem4f : GPIOTiva.oem4f (.const:gpioBaseAddresses)
                  00018858    0000003c     empty_pem4f.oem4f (.const:ti_sysbios_knl_Task_Object__PARAMS__C)
                  00018894    00000030     EK_TM4C1294XL.obj (.const:I2C_config)
                  000188c4    00000030     Boot.aem4f : Boot_sysctl.oem4f (.const:g_sXTALtoMEMTIM)
                  000188f4    00000030     empty_pem4f.oem4f (.const:ti_sysbios_family_arm_m3_Hwi_Object__PARAMS__C)
                  00018924    00000030     empty_pem4f.oem4f (.const:xdc_runtime_Startup_sfxnTab__A)
                  00018954    00000028     drivers_tivaware.aem4f : UARTTiva.oem4f (.const:UARTTiva_fxnTable)
                  0001897c    00000028     Kentec320x240x16_ssd2119_spi.obj (.const:g_sKentec320x240x16_SSD2119)
                  000189a4    00000028     empty_pem4f.oem4f (.const:ti_sysbios_heaps_HeapMem_Module__FXNS__C)
                  000189cc    00000028     empty_pem4f.oem4f (.const:ti_sysbios_knl_Swi_Object__PARAMS__C)
                  000189f4    00000024     drivers_tivaware.aem4f : UART.oem4f (.const:UART_defaultParams)
                  00018a18    00000024     EK_TM4C1294XL.obj (.const:i2cTivaHWAttrs)
                  00018a3c    00000024     empty_pem4f.oem4f (.const:ti_sysbios_gates_GateHwi_Module__FXNS__C)
                  00018a60    00000024     empty_pem4f.oem4f (.const:ti_sysbios_gates_GateMutexPri_Module__FXNS__C)
                  00018a84    00000024     empty_pem4f.oem4f (.const:ti_sysbios_gates_GateMutex_Module__FXNS__C)
                  00018aa8    00000024     empty_pem4f.oem4f (.const:ti_sysbios_heaps_HeapMem_Object__PARAMS__C)
                  00018acc    00000024     empty_pem4f.oem4f (.const:ti_sysbios_knl_Clock_Object__PARAMS__C)
                  00018af0    00000024     empty_pem4f.oem4f (.const:ti_sysbios_knl_Semaphore_Object__PARAMS__C)
                  00018b14    00000020     drivers_tivaware.aem4f : PWMTimerTiva.oem4f (.const)
                  00018b34    00000020                            : PWMTiva.oem4f (.const)
                  00018b54    00000020     empty_pem4f.oem4f (.const:ti_sysbios_family_arm_m3_Hwi_Object__DESC__C)
                  00018b74    00000020     empty_pem4f.oem4f (.const:ti_sysbios_gates_GateHwi_Object__DESC__C)
                  00018b94    00000020     empty_pem4f.oem4f (.const:ti_sysbios_gates_GateMutexPri_Object__DESC__C)
                  00018bb4    00000020     empty_pem4f.oem4f (.const:ti_sysbios_gates_GateMutex_Object__DESC__C)
                  00018bd4    00000020     empty_pem4f.oem4f (.const:ti_sysbios_heaps_HeapMem_Object__DESC__C)
                  00018bf4    00000020     empty_pem4f.oem4f (.const:ti_sysbios_knl_Clock_Object__DESC__C)
                  00018c14    00000020     empty_pem4f.oem4f (.const:ti_sysbios_knl_Event_Object__DESC__C)
                  00018c34    00000020     empty_pem4f.oem4f (.const:ti_sysbios_knl_Queue_Object__DESC__C)
                  00018c54    00000020     empty_pem4f.oem4f (.const:ti_sysbios_knl_Semaphore_Object__DESC__C)
                  00018c74    00000020     empty_pem4f.oem4f (.const:ti_sysbios_knl_Swi_Object__DESC__C)
                  00018c94    00000020     empty_pem4f.oem4f (.const:ti_sysbios_knl_Task_Object__DESC__C)
                  00018cb4    0000001c     drivers_tivaware.aem4f : I2CTiva.oem4f (.const)
                  00018cd0    0000001c     touch.obj (.const:g_pi32TouchParameters)
                  00018cec    00000018     EK_TM4C1294XL.obj (.const:UART_config)
                  00018d04    00000018     empty_pem4f.oem4f (.const:ti_sysbios_gates_GateHwi_Object__PARAMS__C)
                  00018d1c    00000018     empty_pem4f.oem4f (.const:ti_sysbios_gates_GateMutexPri_Object__PARAMS__C)
[...]
00018fd0  ti_sysbios_knl_Task_numConstructedTasks__C                           
00018fd8  xdc_runtime_Assert_E_assertFailed__C                                 
00018fdc  xdc_runtime_Core_A_initializedParams__C                              
00018fe0  xdc_runtime_Core_Module__diagsEnabled__C                             
00018fe4  xdc_runtime_Core_Module__diagsIncluded__C                            
00018fe8  xdc_runtime_Core_Module__diagsMask__C                                
00018fec  xdc_runtime_Error_E_generic__C                                       
00018ff0  xdc_runtime_Error_E_memory__C                                        
00018ff4  xdc_runtime_Error_Module__diagsEnabled__C                            
00018ff8  xdc_runtime_Error_Module__diagsIncluded__C                           
00018ffc  xdc_runtime_Error_Module__diagsMask__C                               
00019000  xdc_runtime_Error_Module__loggerFxn8__C                              
00019004  xdc_runtime_Error_Module__loggerObj__C                               
00019008  xdc_runtime_Error_policyFxn__C                                       
0001900c  xdc_runtime_Error_raiseHook__C                                       
00019010  xdc_runtime_IGateProvider_Interface__BASE__C                         
00019014  xdc_runtime_IHeap_Interface__BASE__C                                 
00019018  xdc_runtime_IModule_Interface__BASE__C                               
0001901c  xdc_runtime_Log_L_error__C                                           
00019020  xdc_runtime_Memory_defaultHeapInstance__C                            
00019024  xdc_runtime_Startup_execImpl__C                                      
00019028  xdc_runtime_Startup_lastFxns__A                                      
0001902c  xdc_runtime_Startup_maxPasses__C                                     
00019030  xdc_runtime_Startup_sfxnRts__C                                       
00019034  xdc_runtime_Startup_sfxnTab__C                                       
00019038  xdc_runtime_SysMin_bufSize__C                                        
0001903c  xdc_runtime_SysMin_outputFunc__C                                     
00019040  xdc_runtime_System_Module__gateObj__C                                
00019044  xdc_runtime_System_abortFxn__C                                       
00019048  xdc_runtime_System_exitFxn__C                                        
0001904c  xdc_runtime_System_extendFxn__C                                      
00019050  xdc_runtime_System_maxAtexitHandlers__C                              
00019054  xdc_runtime_Text_charTab__C                                          
00019058  xdc_runtime_Text_nameEmpty__C                                        
0001905c  xdc_runtime_Text_nameStatic__C                                       
00019060  xdc_runtime_Text_nameUnknown__C                                      
00019064  xdc_runtime_Text_nodeTab__C                                          
00019068  xdc_runtime_Text_visitRopeFxn__C                                     
0001906c  ti_sysbios_gates_GateMutexPri_Module__id__C                          
0001906e  ti_sysbios_gates_GateMutex_Module__id__C                             
00019070  ti_sysbios_hal_Hwi_Module__id__C                                     
00019072  ti_sysbios_heaps_HeapMem_Module__id__C                               
00019074  ti_sysbios_knl_Clock_Module__id__C                                   
00019076  ti_sysbios_knl_Event_Module__id__C                                   
00019078  ti_sysbios_knl_Semaphore_Module__id__C                               
0001907a  ti_sysbios_knl_Swi_Module__id__C                                     
0001907c  ti_sysbios_knl_Task_Module__id__C                                    
0001907e  xdc_runtime_Core_Module__id__C                                       
00019080  xdc_runtime_Error_Module__loggerDefined__C                           
00019082  xdc_runtime_Error_maxDepth__C                                        
00019084  xdc_runtime_Main_Module__id__C                                       
00019086  xdc_runtime_Memory_Module__id__C                                     
00019088  xdc_runtime_SysMin_flushAtExit__C                                    
0001908a  xdc_runtime_Text_charCnt__C                                          
0001908c  xdc_runtime_Text_isLoaded__C                                         
0001908e  xdc_runtime_Text_registryModsLastId__C                               
00019090  xdc_runtime_Text_unnamedModsLastId__C                                
00019098  __TI_static_base__                                                   
000194d8  __TI_Handler_Table_Base                                              
000194e4  __TI_Handler_Table_Limit                                             
000194f8  __TI_CINIT_Base                                                      
00019510  __TI_CINIT_Limit                                                     
20000000  __start___llvm_prf_cnts                                              
20000000  __stop___llvm_prf_cnts                                               
20000000  ti_sysbios_family_arm_m3_Hwi_ramVectors                              
20000400  ti_sysbios_heaps_HeapMem_Instance_State_0_buf__A                     
20001400  readAccelStack                                                       
20001c00  readCurrentStack                                                     
20002400  readLightStack                                                       
20002c00  task0Stack                                                           
20003400  taskTouchStack                                                       
20003c00  psDMAControlTable                                                    
20004000  xdc_runtime_SysMin_Module_State_0_outbuf__A                          
20004400  ti_sysbios_family_arm_m3_Hwi_dispatchTable                           
20004760  ti_sysbios_knl_Task_Instance_State_0_stack__A                        
20004960  AccelData                                                            
20004af0  CurrentData                                                          
20004c80  LightData                                                            
20004e10  VelocityData                                                         
20004fa0  i2cTivaObjects                                                       
20005260  __CIOBUF_                                                            
20005380  adcBuffer2                                                           
20005488  bmi160_accel_values                                                  
20005578  uartTivaObjects                                                      
20005644  EstopEvent                                                           
20005648  Sensor_Filtered_Buffer                                               
20005778  readAccelStruct                                                      
200057c8  readCurrentStruct                                                    
20005818  readLightStruct                                                      
20005868  task0Struct                                                          
200058b8  taskTouchStruct                                                      
20005908  motorLibPWMObjects                                                   
20005940  sContext                                                             
2000596c  ScreenGate                                                           
20005970  VelocityBuffer                                                       
20005998  adc_current_values                                                   
200059c0  opt3001_light_values                                                 
200059e8  clk0Struct                                                           
20005a4c  uartTivaRingBuffer                                                   
20005a6c  datetime                                                             
20005a84  gHwiprms                                                             
20005a9c  motorLibPWMTimerObjects                                              
20005ab4  evtStruct                                                            
20005ad8  i2cParams                                                            
20005afc  AccBox                                                               
20005b04  Banner                                                               
20005b0c  BannerB                                                              
20005b14  CurrBox                                                              
20005b1c  Distbox                                                              
20005b24  clearBox                                                             
20005b2c  graphClear                                                           
20005b34  parmbuf                                                              
20005b3c  SwiHandle                                                            
20005b40  g_pi32ParmSet                                                        
20005b48  g_ui32Panel                                                          
20005b4c  gateHwi                                                              
20005b54  i2c                                                                  
20005b58  postedStop                                                           
20005b5c  swiAccelSensorFilterHandle                                           
20005b60  swiCurrentSensorFilterHandle                                         
20005b64  swiLightSensorFilterHandle                                           
20005b68  uart                                                                 
20005b6c  g_i16TouchX                                                          
20005b6e  g_i16TouchY                                                          
20005b70  ti_sysbios_family_arm_lm4_Timer_Object__table__V                     
20005bf0  ti_sysbios_knl_Swi_Module_State_0_readyQ__A                          
20005c70  ti_sysbios_knl_Task_Module_State_0_readyQ__A                         
20005cf0  MotorSpeedSlider                                                     
20005d4c  LightGraph                                                           
20005d4d  AccelGraph                                                           
20005d4e  CurrentGraph                                                         
20005d4f  VelocityGraph                                                        
20005d50  VelocitySecond                                                       
20005d58  bufferpos                                                            
20005d5c  Hall_changed                                                         
20005d60  desired_speed                                                        
20005d68  estop                                                                
20005d70  pwm_current                                                          
20005d78  error_sum                                                            
20005d80  current_speed                                                        
20005d88  current_speed_estop                                                  
20005d90  previous_speed                                                       
20005d98  previous_speed_estop                                                 
20005da0  Stop                                                                 
20005da1  OnSensorPage                                                         
20005da2  OnMotorPage                                                          
20005da4  AccDownBtn                                                           
20005df4  AccUpBtn                                                             
20005e44  CurrentDownBtn                                                       
20005e94  CurrentUpBtn                                                         
20005ee4  DistDownBtn                                                          
20005f34  DistUpBtn                                                            
20005f84  GraphPgBtn                                                           
20005fd4  LightGraphBtn                                                        
20006024  MotorGraphBtn                                                        
20006074  MotorMode                                                            
200060c4  MotorPgBtn                                                           
20006114  PowerGraphBtn                                                        
20006164  SensorPgBtn                                                          
200061b4  TestGraphBtn                                                         
20006204  backGraphBtn                                                         
20006254  backGraphSelectBtn                                                   
200062a4  backMotorBtn                                                         
200062f4  backSensorBtn                                                        
20006344  ti_sysbios_knl_Task_Object__table__V                                 
20006390  ti_sysbios_family_arm_m3_Hwi_Object__table__V                        
200063d8  LightSecond                                                          
200063e0  CurrentSecond                                                        
200063e8  AccelSecond                                                          
200063f0  MaxCurrent                                                           
200063f8  opt3001_filteredValue                                                
20006400  FilteredAccelPos                                                     
20006408  bmi160_filteredValue                                                 
20006410  current_filteredValue                                                
20006418  bufferCurrent                                                        
2000641c  ti_sysbios_knl_Task_Module__state__V                                 
20006460  g_Acceleration                                                       
200064a0  g_MotorStat                                                          
200064e0  g_sCanvas2                                                           
20006520  g_sCanvas3                                                           
20006560  g_scompass                                                           
200065a0  ti_sysbios_family_arm_lm4_Timer_Module_State_0_device__A             
200065e0  ti_sysbios_hal_SecondsClock_Module__state__V                         
2000661c  ti_sysbios_family_arm_m3_Hwi_Module__state__V                        
20006650  ti_sysbios_knl_Swi_Object__table__V                                  
20006680  g_sRoot                                                              
200066ae  ti_sysbios_family_arm_m3_Hwi_Module_State_0_excActive__A             
200066b0  ti_sysbios_knl_Clock_Module__state__V                                
200066dc  ti_sysbios_BIOS_Module__state__V                                     
20006700  ti_sysbios_family_arm_lm4_Timer_Module_State_0_handles__A            
20006720  gpioPinConfigs                                                       
2000673c  ti_sysbios_gates_GateMutex_Object__table__V                          
20006758  ti_sysbios_knl_Swi_Module__state__V                                  
2000678c  ti_sysbios_gates_GateMutexPri_Object__table__V                       
200067a4  ti_sysbios_heaps_HeapMem_Object__table__V                            
200067bc  motorStartStop                                                       
200067bd  HA                                                                   
200067be  HB                                                                   
200067bf  HC                                                                   
200067c0  LowLight                                                             
200067c1  ongraph                                                              
200067c4  currentDirection                                                     
200067c8  CurrentMotorStat                                                     
200067cc  CurrentAcceleration                                                  
200067d0  ti_sysbios_family_arm_lm4_Timer_Module__state__V                     
200067dc  xdc_runtime_SysMin_Module__state__V                                  
200067e8  _lock                                                                
200067ec  _unlock                                                              
200067f0  gpioCallbackFunctions                                                
200067f8  ti_sysbios_family_arm_lm4_TimestampProvider_Module__state__V         
20006800  ti_sysbios_family_arm_m3_Hwi_Module__root__V                         
20006808  ti_sysbios_gates_GateHwi_Module__root__V                             
20006810  ti_sysbios_gates_GateMutexPri_Module__root__V                        
20006818  ti_sysbios_gates_GateMutex_Module__root__V                           
20006820  ti_sysbios_heaps_HeapMem_Module__root__V                             
20006828  ti_sysbios_knl_Clock_Module__root__V                                 
20006830  ti_sysbios_knl_Event_Module__root__V                                 
20006838  ti_sysbios_knl_Queue_Module__root__V                                 
20006840  ti_sysbios_knl_Semaphore_Module__root__V                             
20006848  ti_sysbios_knl_Swi_Module__root__V                                   
20006850  ti_sysbios_knl_Task_Module__root__V                                  
20006858  xdc_runtime_Registry_Module__state__V                                
20006860  xdc_runtime_Startup_Module__state__V                                 
20006868  xdc_runtime_System_Module_State_0_atexitHandlers__A                  
20006870  xdc_runtime_System_Module__state__V                                  
20006878  AccelStop                                                            
2000687a  PowerEstop                                                           
2000687c  EStop                                                                
2000687e  xdc_runtime_Error_Module__state__V                                   
20006888  MaxAccel                                                             
20006898  errno                                                                
2000689c  main_func_sp                                                         
200068a0  ti_sysbios_family_arm_m3_Hwi_Module_State_0_excContext__A            
200068a4  ti_sysbios_family_arm_m3_Hwi_Module_State_0_excStack__A              
200068a8  ti_sysbios_gates_GateHwi_Object__table__V                            
200068ac  ti_sysbios_knl_Task_Module_State_0_idleTask__A                       
200068b0  g_i16TouchMin                                                        
200068b4  xdc_runtime_Memory_Module__state__V                                  
200068b8  __stack                                                              
20006cb8  __STACK_END                                                          
e000e000  ti_sysbios_family_arm_m3_Hwi_nvic                                    
ffffffff  __TI_pprof_out_hndl                                                  
ffffffff  __TI_prof_data_size                                                  
ffffffff  __TI_prof_data_start                                                 
ffffffff  __binit__                                                            
ffffffff  __c_args__                                                           
ffffffff  binit                                                                
UNDEFED   SHT$$INIT_ARRAY$$Base                                                
UNDEFED   SHT$$INIT_ARRAY$$Limit                                               

[1100 symbols]
