******************************************************************************
                  TI ARM Linker PC v20.2.5                     
******************************************************************************
>> Linked Wed Jun  8 10:14:03 2022

OUTPUT FILE NAME:   <EGH456MotorProject.out>
ENTRY POINT SYMBOL: "_c_int00"  address: 0000dcd1


MEMORY CONFIGURATION

         name            origin    length      used     unused   attr    fill
----------------------  --------  ---------  --------  --------  ----  --------
  FLASH                 00000000   00100000  00019f80  000e6080  R  X
  SRAM                  20000000   00040000  00006ccc  00039334  RW X


SEGMENT ALLOCATION MAP

run origin  load origin   length   init length attrs members
----------  ----------- ---------- ----------- ----- -------
00000000    00000000    00019f90   00019f90    r-x
  00000000    00000000    0000003c   0000003c    r-- .resetVecs
  00000040    00000040    000115d2   000115d2    r-x .text
  00011618    00011618    00008512   00008512    r-- .const
  00019b30    00019b30    00000460   00000460    r-- .cinit
20000000    20000000    00000360   00000000    rw-
  20000000    20000000    00000360   00000000    rw- .vecs
20000400    20000400    00006970   00000000    rw-
  20000400    20000400    00005808   00000000    rw- .bss
  20005c08    20005c08    00000d64   00000000    rw- .data
  20006970    20006970    00000400   00000000    rw- .stack


SECTION ALLOCATION MAP

 output                                  attributes/
section   page    origin      length       input sections
--------  ----  ----------  ----------   ----------------
.text      0    00000040    000115d2     
                  00000040    00000a4e     rtsv7M4_T_le_v4SPD16_eabi.lib : _printfi.c.obj (.text:__TI_printfi)
                  00000a8e    00000002                                   : _lock.c.obj (.text:_nop)
                  00000a90    000006ac     MotorLib.lib : motorlib.obj (.text)
                  0000113c    00000438     ustdlib.obj (.text:uvsnprintf)
                  00001574    00000430     GlobalDraw.obj (.text:MotorPage)
                  000019a4    00000004     driverlib.lib : i2c.obj (.text:I2CMasterControl)
                  000019a8    00000430     sysbios.aem4f : BIOS.obj (.text:ti_sysbios_family_arm_m3_Hwi_excDumpRegs__I)
                  00001dd8    000003c8     GlobalDraw.obj (.text:GraphPrimitive)
                  000021a0    00000380     GlobalDraw.obj (.text:SensorPage)
                  00002520    00000374     grlib.lib : image.obj (.text:InternalImageDraw)
                  00002894    0000034c     ti.targets.arm.rtsarm.aem4f : System.oem4f (.text:xdc_runtime_System_doPrint__I)
                  00002be0    0000033c     sysbios.aem4f : BIOS.obj (.text:ti_sysbios_knl_Event_pend__E)
                  00002f1c    000002fc     Motor.obj (.text:RegulateSpeed)
                  00003218    000002f8     grlib.lib : image.obj (.text:PixelTransparentDraw)
                  00003510    000002c6               : slider.obj (.text:SliderPaint)
                  000037d6    00000002     rtsv7M4_T_le_v4SPD16_eabi.lib : div0.asm.obj (.text)
                  000037d8    000002b0     Clock.obj (.text:timeConvert)
                  00003a88    000002a4     sysbios.aem4f : BIOS.obj (.text:ti_sysbios_knl_Semaphore_pend__E)
                  00003d2c    00000270     rtsv7M4_T_le_v4SPD16_eabi.lib : _printfi.c.obj (.text:_pconv_a)
                  00003f9c    00000004     driverlib.lib : i2c.obj (.text:I2CMasterDataGet)
                  00003fa0    0000026c     sysbios.aem4f : BIOS.obj (.text:ti_sysbios_heaps_HeapMem_free__E)
                  0000420c    00000268     touch.obj (.text:TouchScreenDebouncer)
                  00004474    00000254     grlib.lib : string.obj (.text:GrFontGlyphRender)
                  000046c8    00000250     sysbios.aem4f : BIOS.obj (.text:ti_sysbios_heaps_HeapMem_alloc__E)
                  00004918    00000234                   : BIOS.obj (.text:ti_sysbios_knl_Task_Instance_finalize__E)
                  00004b4c    00000224     empty.obj (.text:main)
                  00004d70    00000214     GlobalDraw.obj (.text:TopBarDraw)
                  00004f84    0000020c     drivers_tivaware.aem4f : UARTTiva.oem4f (.text:UARTTiva_open)
                  00005190    00000204     Boot.aem4f : Boot_sysctl.oem4f (.text:ti_catalog_arm_cortexm4_tiva_ce_Boot_sysCtlClockFreqSetI__I)
                  00005394    00000200     rtsv7M4_T_le_v4SPD16_eabi.lib : s_exp2.c.obj (.text:exp2)
                  00005594    000001f8     GlobalDraw.obj (.text:updateSensorPage)
                  0000578c    00000004     driverlib.lib : i2c.obj (.text:I2CMasterDataPut)
                  00005790    000001f4     sysbios.aem4f : BIOS.obj (.text:ti_sysbios_family_arm_m3_Hwi_excHandlerMax__I)
                  00005984    000001e8     GlobalDraw.obj (.text:MotorPageUpdate)
                  00005b6c    000001e4     Kentec320x240x16_ssd2119_spi.obj (.text:Kentec320x240x16_SSD2119Init)
                  00005d50    000001dc     Kentec320x240x16_ssd2119_spi.obj (.text:Kentec320x240x16_SSD2119PixelDrawMultiple)
                  00005f2c    000001d0     rtsv7M4_T_le_v4SPD16_eabi.lib : _printfi.c.obj (.text:_pconv_g)
                  000060fc    00000004     driverlib.lib : uart.obj (.text:UARTIntClear)
                  00006100    000001c8     sysbios.aem4f : BIOS.obj (.text:ti_sysbios_knl_Task_sleep__E)
                  000062c8    000001c4     empty.obj (.text:heartBeatFxn)
                  0000648c    00000004     grlib.lib : widget.obj (.text:WidgetDefaultMsgProc)
                  00006490    000001c0     sysbios.aem4f : BIOS.obj (.text:ti_sysbios_knl_Task_Instance_init__E)
                  00006650    000001b6     rtsv7M4_T_le_v4SPD16_eabi.lib : fd_add_t2.asm.obj (.text)
                  00006806    00000002     empty_pem4f.oem4f (.text:ti_sysbios_BIOS_nullFunc__I)
                  00006808    000001b4     sensors.obj (.text:readOptFxn)
                  000069bc    000001a4     pinout.obj (.text:PinoutSet)
                  00006b60    000001a4     GlobalDraw.obj (.text:UpdateGraphPlot)
                  00006d04    00000004     rtsv7M4_T_le_v4SPD16_eabi.lib : exit.c.obj (.text:abort:abort)
                  00006d08    000001a0     sysbios.aem4f : BIOS.obj (.text:ti_sysbios_gates_GateMutexPri_enter__E)
                  00006ea8    00000190     grlib.lib : canvas.obj (.text:CanvasPaint)
                  00007038    0000017e               : pushbutton.obj (.text:RectangularButtonPaint)
                  000071b6    00000002     empty_pem4f.oem4f (.text:xdc_runtime_Startup_reset__I)
                  000071b8    00000178     touch.obj (.text:TouchScreenIntHandler)
                  00007330    00000174     sysbios.aem4f : BIOS.obj (.text:ti_sysbios_family_arm_m3_Hwi_excBusFault__I)
                  000074a4    00000170     drivers_tivaware.aem4f : PWMTiva.oem4f (.text:PWMTiva_open)
                  00007614    00000004     empty_pem4f.oem4f (.text:ti_sysbios_BIOS_RtsGateProxy_enter__E)
                  00007618    00000164     sysbios.aem4f : BIOS.obj (.text:ti_sysbios_family_arm_m3_Hwi_excUsageFault__I)
                  0000777c    0000015c     sensors.obj (.text:accelSensorFilterFxn)
                  000078d8    00000158     sensors.obj (.text:readCurrentFxn)
                  00007a30    00000150     drivers_tivaware.aem4f : GPIOTiva.oem4f (.text:GPIO_setConfig)
                  00007b80    0000014c     sensors.obj (.text:readAccFxn)
                  00007ccc    00000004     empty_pem4f.oem4f (.text:ti_sysbios_BIOS_RtsGateProxy_leave__E)
                  00007cd0    00000148     sysbios.aem4f : BIOS.obj (.text:ti_sysbios_family_arm_m3_Hwi_excMemFault__I)
                  00007e18    00000140     Motor.obj (.text:MotorMain)
                  00007f58    0000013c     rtsv7M4_T_le_v4SPD16_eabi.lib : _printfi.c.obj (.text:_pconv_e)
                  00008094    00000004     sysbios.aem4f : BIOS.obj (.text:ti_sysbios_family_arm_lm4_Timer_masterEnable__I)
                  00008098    0000013c                   : BIOS.obj (.text:ti_sysbios_heaps_HeapMem_Instance_init__E)
                  000081d4    00000136     rtsv7M4_T_le_v4SPD16_eabi.lib : fd_div_t2.asm.obj (.text)
                  0000830a    00000006     driverlib.lib : gpio.obj (.text:GPIOIntClear)
                  00008310    00000134     sysbios.aem4f : BIOS.obj (.text:ti_sysbios_knl_Task_setPri__E)
                  00008444    00000130     GlobalDraw.obj (.text:BannerInit)
                  00008574    00000130     driverlib.lib : gpio.obj (.text:GPIOPadConfigSet)
                  000086a4    00000128     Motor.obj (.text:PIControl)
                  000087cc    00000124     rtsv7M4_T_le_v4SPD16_eabi.lib : _printfi.c.obj (.text:fcvt)
                  000088f0    00000118     ti.targets.arm.rtsarm.aem4f : Error.oem4f (.text:xdc_runtime_Error_policyDefault__E)
                  00008a08    00000114     drivers_tivaware.aem4f : PWMTimerTiva.oem4f (.text:PWMTimerTiva_open)
                  00008b1c    00000110     rtsv7M4_T_le_v4SPD16_eabi.lib : s_scalbn.c.obj (.text:scalbn)
                  00008c2c    0000010c     Kentec320x240x16_ssd2119_spi.obj (.text:Kentec320x240x16_SSD2119RectFill)
                  00008d38    0000010c     touch.obj (.text:TouchScreenInit)
                  00008e44    00000004     empty_pem4f.oem4f (.text:ti_sysbios_family_arm_m3_Hwi_destruct)
                  00008e48    00000108     sysbios.aem4f : BIOS.obj (.text:ti_sysbios_family_arm_lm4_Timer_start__E)
                  00008f50    00000108                   : BIOS.obj (.text:ti_sysbios_knl_Clock_Instance_init__E)
                  00009058    00000106     grlib.lib : line.obj (.text:GrLineDraw)
                  0000915e    00000002     --HOLE-- [fill = 0]
                  00009160    00000104     sysbios.aem4f : BIOS.obj (.text:ti_sysbios_knl_Event_post__E)
                  00009264    00000100     GlobalDraw.obj (.text:graphSelectPage)
                  00009364    00000100     ti.targets.arm.rtsarm.aem4f : Core-mem.oem4f (.text:xdc_runtime_Core_createObject__I)
                  00009464    000000fc     rtsv7M4_T_le_v4SPD16_eabi.lib : fd_mul_t2.asm.obj (.text)
                  00009560    000000f8     sensors.obj (.text:currentSensorFilterFxn)
                  00009658    000000f8     rtsv7M4_T_le_v4SPD16_eabi.lib : s_floor.c.obj (.text:floor)
                  00009750    000000f8     ti.targets.arm.rtsarm.aem4f : Startup.oem4f (.text:xdc_runtime_Startup_startMods__I)
                  00009848    000000f8     empty_pem4f.oem4f (.text:xdc_runtime_System_printfExtend__I)
                  00009940    000000f4     sysbios.aem4f : m3_Hwi_asm.obj (.text:ti_sysbios_family_arm_m3_Hwi_dispatch__I)
                  00009a34    000000f2     grlib.lib : pushbutton.obj (.text:RectangularButtonClick)
                  00009b26    000000f0     drivers_tivaware.aem4f : PWMTiva.oem4f (.text:PWMTiva_setDuty)
                  00009c16    000000f0     bmi160.obj (.text:bmi160_init)
                  00009d06    00000002     --HOLE-- [fill = 0]
                  00009d08    000000ec     sysbios.aem4f : BIOS.obj (.text:ti_sysbios_knl_Semaphore_post__E)
                  00009df4    000000e8     grlib.lib : widget.obj (.text:WidgetMessageQueueAdd)
                  00009edc    000000e0     drivers_tivaware.aem4f : I2CTiva.oem4f (.text:I2CTiva_open)
                  00009fbc    000000e0     GlobalDraw.obj (.text:MainPage)
                  0000a09c    000000d6     drivers_tivaware.aem4f : I2CTiva.oem4f (.text:I2CTiva_hwiFxn)
                  0000a172    000000d6     grlib.lib : slider.obj (.text:SliderClick)
                  0000a248    000000d4     sysbios.aem4f : BIOS.obj (.text:ti_sysbios_knl_Swi_Instance_init__E)
                  0000a31c    000000cc     ti.targets.arm.rtsarm.aem4f : Core-smem.oem4f (.text:xdc_runtime_Core_constructObject__I)
                  0000a3e8    000000c0     grlib.lib : string.obj (.text:GrDefaultStringRenderer)
                  0000a4a8    000000bc     sysbios.aem4f : BIOS.obj (.text:ti_sysbios_family_arm_m3_Hwi_excDebugMon__I)
                  0000a564    00000004     empty_pem4f.oem4f (.text:ti_sysbios_family_arm_m3_TaskSupport_Module__startupDone__S)
                  0000a568    000000bc     sysbios.aem4f : BIOS.obj (.text:ti_sysbios_family_arm_m3_Hwi_excHardFault__I)
                  0000a624    000000b8     EK_TM4C1294XL.obj (.text:EK_TM4C1294XL_initGeneral)
                  0000a6dc    000000b8     grlib.lib : line.obj (.text:GrLineClip)
                  0000a794    000000b8     Kentec320x240x16_ssd2119_spi.obj (.text:InitSPILCDInterface)
                  0000a84c    000000b8     drivers_tivaware.aem4f : PWMTimerTiva.oem4f (.text:PWMTimerTiva_setDuty)
                  0000a904    000000b4     grlib.lib : widget.obj (.text:WidgetMessageSendPostOrder)
                  0000a9b8    000000b4     sysbios.aem4f : BIOS.obj (.text:ti_sysbios_gates_GateMutex_enter__E)
                  0000aa6c    00000004     empty_pem4f.oem4f (.text:ti_sysbios_heaps_HeapMem_Module_GateProxy_enter__E)
                  0000aa70    000000b4     sysbios.aem4f : BIOS.obj (.text:ti_sysbios_knl_Task_checkStacks__E)
                  0000ab24    000000b1     rtsv7M4_T_le_v4SPD16_eabi.lib : _printfi.c.obj (.text:_ltostr)
                  0000abd5    00000003     --HOLE-- [fill = 0]
                  0000abd8    000000b0     GlobalDraw.obj (.text:GraphPageCurrent)
                  0000ac88    000000b0     grlib.lib : slider.obj (.text:SliderValueToPosition)
                  0000ad38    000000ac     GlobalDraw.obj (.text:GraphPageAccel)
                  0000ade4    000000ac     GlobalDraw.obj (.text:GraphPageLight)
                  0000ae90    000000ac     drivers_tivaware.aem4f : UARTTiva.oem4f (.text:readTaskBlocking)
                  0000af3c    00000004     empty_pem4f.oem4f (.text:ti_sysbios_heaps_HeapMem_Module_GateProxy_leave__E)
                  0000af40    000000ac     sysbios.aem4f : BIOS.obj (.text:ti_sysbios_family_arm_lm4_Timer_enableTiva__I)
                  0000afec    000000a4     GlobalDraw.obj (.text:ChangeMotorStat)
                  0000b090    000000a4     empty.obj (.text:TouchCheckTask)
                  0000b134    00000004     empty_pem4f.oem4f (.text:ti_sysbios_knl_Clock_TimerProxy_getFreq__E)
                  0000b138    000000a4     sysbios.aem4f : BIOS.obj (.text:ti_sysbios_knl_Clock_Instance_finalize__E)
                  0000b1dc    000000a0     auto_init.aem4f : auto_init.oem4f (.text)
                  0000b27c    000000a0     ti.targets.arm.rtsarm.aem4f : Text.oem4f (.text:xdc_runtime_Text_putMod__E)
                  0000b31c    0000009c     EK_TM4C1294XL.obj (.text:EK_TM4C1294XL_initI2C)
                  0000b3b8    0000009c     rtsv7M4_T_le_v4SPD16_eabi.lib : memcpy_t2.asm.obj (.text)
                  0000b454    00000004     empty_pem4f.oem4f (.text:ti_sysbios_knl_Clock_TimerProxy_getMaxTicks__E)
                  0000b458    0000009c     sysbios.aem4f : BIOS.obj (.text:ti_sysbios_knl_Semaphore_Instance_init__E)
                  0000b4f4    0000009a     ti.targets.arm.rtsarm.aem4f : Text.oem4f (.text:xdc_runtime_Text_putSite__E)
                  0000b58e    00000098     drivers_tivaware.aem4f : UARTTiva.oem4f (.text:UARTTiva_readPolling)
                  0000b626    00000002     --HOLE-- [fill = 0]
                  0000b628    00000098     Boot.aem4f : Boot.oem4f (.text:ti_catalog_arm_cortexm4_tiva_ce_Boot_sysCtlClockFreqSet__E)
                  0000b6c0    00000098     sysbios.aem4f : BIOS.obj (.text:ti_sysbios_gates_GateSwi_enter__E)
                  0000b758    00000096     rtsv7M4_T_le_v4SPD16_eabi.lib : ull_div_t2.asm.obj (.text)
                  0000b7ee    00000094     drivers_tivaware.aem4f : UARTTiva.oem4f (.text:UARTTiva_write)
                  0000b882    00000006     driverlib.lib : gpio.obj (.text:GPIOPinRead)
                  0000b888    00000094     sysbios.aem4f : BIOS.obj (.text:ti_sysbios_family_arm_m3_Hwi_Instance_init__E)
                  0000b91c    00000004     empty_pem4f.oem4f (.text:ti_sysbios_knl_Clock_TimerProxy_getPeriod__E)
                  0000b920    00000094     sysbios.aem4f : BIOS.obj (.text:ti_sysbios_family_arm_m3_Hwi_initNVIC__E)
                  0000b9b4    00000004     empty_pem4f.oem4f (.text:ti_sysbios_knl_Clock_destruct)
                  0000b9b8    00000094     sysbios.aem4f : BIOS.obj (.text:ti_sysbios_knl_Task_postInit__I)
                  0000ba4c    00000090     GlobalDraw.obj (.text:GraphPageVelocity)
                  0000badc    00000090     GlobalDraw.obj (.text:UpdateAccelGraph)
                  0000bb6c    00000090     GlobalDraw.obj (.text:UpdateCurrentGraph)
                  0000bbfc    00000090     GlobalDraw.obj (.text:UpdateLightGraph)
                  0000bc8c    0000008c     drivers_tivaware.aem4f : GPIOTiva.oem4f (.text:GPIO_init)
                  0000bd18    0000008c                            : UARTTiva.oem4f (.text:UARTTiva_control)
                  0000bda4    0000008c     sysbios.aem4f : m3_TaskSupport_asm.obj (.text:ti_sysbios_family_arm_m3_TaskSupport_buildTaskStack)
                  0000be30    0000008c                   : BIOS.obj (.text:ti_sysbios_hal_SecondsClock_Module_startup__E)
                  0000bebc    0000008a     drivers_tivaware.aem4f : UARTTiva.oem4f (.text:readIsrTextBlocking)
                  0000bf46    00000002     --HOLE-- [fill = 0]
                  0000bf48    00000088                            : PWMTiva.oem4f (.text:PWMTiva_control)
                  0000bfd0    00000086     grlib.lib : rectangle.obj (.text:GrRectFill)
                  0000c056    00000086     rtsv7M4_T_le_v4SPD16_eabi.lib : fd_cmp_t2.asm.obj (.text:__aeabi_cdcmple)
                  0000c0dc    00000086                                   : fd_cmp_t2.asm.obj (.text:__aeabi_cdrcmple)
                  0000c162    00000006     driverlib.lib : gpio.obj (.text:GPIOPinWrite)
                  0000c168    00000084     sysbios.aem4f : BIOS.obj (.text:ti_sysbios_family_arm_m3_Hwi_postInit__I)
                  0000c1ec    00000082     opt3001.obj (.text:opt3001_init)
                  0000c26e    00000082     drivers_tivaware.aem4f : UARTTiva.oem4f (.text:readIsrTextCallback)
                  0000c2f0    00000080     grlib.lib : rectangle.obj (.text:GrRectIntersectGet)
                  0000c370    0000007e     drivers_tivaware.aem4f : I2CTiva.oem4f (.text:I2CTiva_transfer)
                  0000c3ee    00000002     --HOLE-- [fill = 0]
                  0000c3f0    0000007c     sensors.obj (.text:adc_init)
                  0000c46c    0000007a     driverlib.lib : adc.obj (.text:ADCSequenceStepConfigure)
                  0000c4e6    0000007a     drivers_tivaware.aem4f : UARTTiva.oem4f (.text:readTaskCallback)
                  0000c560    0000007a     rtsv7M4_T_le_v4SPD16_eabi.lib : memset_t2.asm.obj (.text)
                  0000c5da    00000076     GraphFunctions.obj (.text:ArrayUpdate)
                  0000c650    00000074     GlobalDraw.obj (.text:InitScreen)
                  0000c6c4    00000074     Motor.obj (.text:MotorStart)
                  0000c738    00000074     GlobalDraw.obj (.text:UpdateVelocityGraph)
                  0000c7ac    00000004     empty_pem4f.oem4f (.text:ti_sysbios_knl_Queue_destruct)
                  0000c7b0    00000074     sysbios.aem4f : BIOS.obj (.text:ti_sysbios_knl_Clock_start__E)
                  0000c824    00000070     GlobalDraw.obj (.text:BackMainMotorPage)
                  0000c894    00000070     sensors.obj (.text:lightSensorFilterFxn)
                  0000c904    00000070     opt3001.obj (.text:opt3001_read)
                  0000c974    00000004     empty_pem4f.oem4f (.text:ti_sysbios_knl_Semaphore_destruct)
                  0000c978    00000070     sysbios.aem4f : BIOS.obj (.text:ti_sysbios_knl_Clock_workFunc__E)
                  0000c9e8    00000070                   : BIOS.obj (.text:ti_sysbios_knl_Task_exit__E)
                  0000ca58    0000006e     rtsv7M4_T_le_v4SPD16_eabi.lib : _printfi.c.obj (.text:_mcpy)
                  0000cac6    00000002     --HOLE-- [fill = 0]
                  0000cac8    0000006d     ti.targets.arm.rtsarm.aem4f : System.oem4f (.text:xdc_runtime_System_formatNum__I)
                  0000cb35    00000003     --HOLE-- [fill = 0]
                  0000cb38    0000006c     GraphFunctions.obj (.text:CalcAvg)
                  0000cba4    0000006c     Motor.obj (.text:HAllF)
                  0000cc10    0000006c     drivers_tivaware.aem4f : PWMTimerTiva.oem4f (.text:PWMTimerTiva_control)
                  0000cc7c    00000004     ti.targets.arm.rtsarm.aem4f : Error.oem4f (.text:xdc_runtime_Error_getSite__E)
                  0000cc80    0000006c     sysbios.aem4f : BIOS.obj (.text:ti_sysbios_gates_GateMutexPri_leave__E)
                  0000ccec    00000004     empty_pem4f.oem4f (.text:xdc_runtime_System_Module_GateProxy_enter__E)
                  0000ccf0    0000006c     sysbios.aem4f : BIOS.obj (.text:ti_sysbios_knl_Swi_restoreHwi__E)
                  0000cd5c    0000006c     drivers_tivaware.aem4f : UARTTiva.oem4f (.text:writeData)
                  0000cdc8    0000006c     ti.targets.arm.rtsarm.aem4f : Error.oem4f (.text:xdc_runtime_Error_print__E)
                  0000ce34    0000006c                                 : Memory.oem4f (.text:xdc_runtime_Memory_alloc__E)
                  0000cea0    0000006a     drivers_tivaware.aem4f : PWMTiva.oem4f (.text:PWMTiva_close)
                  0000cf0a    00000002     --HOLE-- [fill = 0]
                  0000cf0c    00000068     grlib.lib : context.obj (.text:GrContextInit)
                  0000cf74    00000068               : string.obj (.text:GrStringWidthGet)
                  0000cfdc    00000068     driverlib.lib : interrupt.obj (.text:IntEnable)
                  0000d044    00000068     Kentec320x240x16_ssd2119_spi.obj (.text:Kentec320x240x16_SSD2119LineDrawH)
                  0000d0ac    00000068     Kentec320x240x16_ssd2119_spi.obj (.text:Kentec320x240x16_SSD2119LineDrawV)
                  0000d114    00000068     rtsv7M4_T_le_v4SPD16_eabi.lib : copy_decompress_lzss.c.obj (.text:decompress:lzss:__TI_decompress_lzss)
                  0000d17c    00000068     opt3001.obj (.text:opt3001_convert)
                  0000d1e4    00000066     grlib.lib : context.obj (.text:GrContextClipRegionSet)
                  0000d24a    00000066               : rectangle.obj (.text:GrRectDraw)
                  0000d2b0    00000066     ti.targets.arm.rtsarm.aem4f : Core-mem.oem4f (.text:xdc_runtime_Core_deleteObject__I)
                  0000d316    00000002     --HOLE-- [fill = 0]
                  0000d318    00000064     drivers_tivaware.aem4f : GPIOTiva.oem4f (.text:GPIO_hwiIntFxn)
                  0000d37c    00000064     grlib.lib : widget.obj (.text:WidgetMessageQueueProcess)
                  0000d3e0    00000064     rtsv7M4_T_le_v4SPD16_eabi.lib : s_frexp.c.obj (.text:frexp)
                  0000d444    00000064     GraphFunctions.obj (.text:min_element)
                  0000d4a8    00000064     sysbios.aem4f : BIOS.obj (.text:ti_sysbios_family_arm_lm4_Timer_Module_startup__E)
                  0000d50c    00000064     empty_pem4f.oem4f (.text:ti_sysbios_family_arm_m3_Hwi_create)
                  0000d570    00000064     sysbios.aem4f : BIOS.obj (.text:ti_sysbios_family_arm_m3_Hwi_dispatchC__I)
                  0000d5d4    00000062     drivers_tivaware.aem4f : I2CTiva.oem4f (.text:I2CTiva_primeTransfer)
                  0000d636    00000002     --HOLE-- [fill = 0]
                  0000d638    00000060     driverlib.lib : timer.obj (.text:TimerConfigure)
                  0000d698    00000060     Kentec320x240x16_ssd2119_spi.obj (.text:WriteDataSPI)
                  0000d6f8    00000060     sysbios.aem4f : BIOS.obj (.text:ti_sysbios_knl_Task_schedule__I)
                  0000d758    0000005e     grlib.lib : widget.obj (.text:WidgetMessageSendPreOrder)
                  0000d7b6    0000005e     bmi160.obj (.text:bmi160_getAccel)
                  0000d814    0000005e     drivers_tivaware.aem4f : UARTTiva.oem4f (.text:readIsrBinaryBlocking)
                  0000d872    00000002     --HOLE-- [fill = 0]
                  0000d874    0000005c     GlobalDraw.obj (.text:OnSliderChange)
                  0000d8d0    0000005c     Kentec320x240x16_ssd2119_spi.obj (.text:WriteCommandSPI)
                  0000d92c    0000005c     Motor.obj (.text:freq2ticks)
                  0000d988    0000005c     GraphFunctions.obj (.text:max_element)
                  0000d9e4    0000005c     empty_pem4f.oem4f (.text:ti_sysbios_knl_Swi_create)
                  0000da40    0000005c     sysbios.aem4f : BIOS.obj (.text:ti_sysbios_knl_Swi_run__I)
                  0000da9c    00000004     empty_pem4f.oem4f (.text:xdc_runtime_System_Module_GateProxy_leave__E)
                  0000daa0    0000005c     sysbios.aem4f : BIOS.obj (.text:ti_sysbios_knl_Swi_schedule__I)
                  0000dafc    00000004     ti.targets.arm.rtsarm.aem4f : System.oem4f (.text:xdc_runtime_System_aprintf_va__F)
                  0000db00    0000005c     sysbios.aem4f : BIOS.obj (.text:ti_sysbios_knl_Task_Module_startup__E)
                  0000db5c    00000004     ti.targets.arm.rtsarm.aem4f : System.oem4f (.text:xdc_runtime_System_printf_va__F)
                  0000db60    0000005c     sysbios.aem4f : BIOS.obj (.text:ti_sysbios_knl_Task_startCore__E)
                  0000dbbc    0000005c     i2cDriver.obj (.text:writeI2C)
                  0000dc18    0000005b     ti.targets.arm.rtsarm.aem4f : Text.oem4f (.text:xdc_runtime_Text_putLab__E)
                  0000dc73    00000001     --HOLE-- [fill = 0]
                  0000dc74    0000005a     grlib.lib : string.obj (.text:FontWideGlyphDataGet)
                  0000dcce    00000002     --HOLE-- [fill = 0]
                  0000dcd0    00000058     boot.aem4f : boot.oem4f (.text)
                  0000dd28    00000058     Motor.obj (.text:GetCurrentSpeed)
                  0000dd80    00000058     rtsv7M4_T_le_v4SPD16_eabi.lib : hostwrite.c.obj (.text:HOSTwrite)
                  0000ddd8    00000058     grlib.lib : slider.obj (.text:SliderPositionToValue)
                  0000de30    00000058     driverlib.lib : timer.obj (.text:TimerControlTrigger)
                  0000de88    00000058     empty_pem4f.oem4f (.text:ti_sysbios_family_arm_m3_Hwi_construct)
                  0000dee0    00000058     sysbios.aem4f : m3_Hwi_asm_switch.obj (.text:ti_sysbios_family_arm_m3_Hwi_initStacks__E)
                  0000df38    00000058     ustdlib.obj (.text:ustrncpy)
                  0000df90    00000057     Motor.obj (.text:MotorInit)
                  0000dfe7    00000001     --HOLE-- [fill = 0]
                  0000dfe8    00000056     driverlib.lib : gpio.obj (.text:GPIOIntTypeSet)
                  0000e03e    00000056     rtsv7M4_T_le_v4SPD16_eabi.lib : _printfi.c.obj (.text:_pconv_f)
                  0000e094    00000054                                   : _ltoa.c.obj (.text:__TI_ltoa)
                  0000e0e8    00000054     sensors.obj (.text:i2c_Open)
                  0000e13c    00000054     drivers_tivaware.aem4f : UARTTiva.oem4f (.text:readIsrBinaryCallback)
                  0000e190    00000054     sysbios.aem4f : BIOS.obj (.text:ti_sysbios_family_arm_lm4_Timer_initDevice__I)
                  0000e1e4    00000004     --HOLE-- [fill = 0]
                  0000e1e8    00000054                   : BIOS.obj (.text:ti_sysbios_knl_Swi_Instance_finalize__E)
                  0000e23c    00000054     empty_pem4f.oem4f (.text:ti_sysbios_knl_Task_construct)
                  0000e290    00000054     ti.targets.arm.rtsarm.aem4f : Assert.oem4f (.text:xdc_runtime_Assert_raise__I)
                  0000e2e4    00000052     rtsv7M4_T_le_v4SPD16_eabi.lib : _printfi.c.obj (.text:_ecpy)
                  0000e336    00000002     --HOLE-- [fill = 0]
                  0000e338    00000050     drivers_tivaware.aem4f : GPIOTiva.oem4f (.text:GPIO_setCallback)
                  0000e388    00000050                            : GPIOTiva.oem4f (.text:GPIO_write)
                  0000e3d8    00000050                            : UARTTiva.oem4f (.text:UARTTiva_writeCancel)
                  0000e428    00000050     Boot.aem4f : Boot_sysctl.oem4f (.text:_SysCtlFrequencyGet)
                  0000e478    00000050     sysbios.aem4f : BIOS.obj (.text:ti_sysbios_family_arm_m3_Hwi_Module_startup__E)
                  0000e4c8    00000050     ti.targets.arm.rtsarm.aem4f : Startup.oem4f (.text:xdc_runtime_Startup_exec__E)
                  0000e518    00000050                                 : Text.oem4f (.text:xdc_runtime_Text_visitRope2__I)
                  0000e568    0000004c     drivers_tivaware.aem4f : UARTTiva.oem4f (.text:UARTTiva_close)
                  0000e5b4    0000004c     grlib.lib : widget.obj (.text:WidgetRemove)
                  0000e600    0000004c     rtsv7M4_T_le_v4SPD16_eabi.lib : atoi.c.obj (.text:atoi)
                  0000e64c    0000004c                                   : cpy_tbl.c.obj (.text:copy_in)
                  0000e698    0000004c     i2cDriver.obj (.text:readI2C)
                  0000e6e4    00000004     --HOLE-- [fill = 0]
                  0000e6e8    0000004c     sysbios.aem4f : BIOS.obj (.text:ti_sysbios_family_arm_lm4_Timer_setAvailMask__E)
                  0000e734    00000004     --HOLE-- [fill = 0]
                  0000e738    0000004c                   : BIOS.obj (.text:ti_sysbios_heaps_HeapMem_getStats__E)
                  0000e784    00000004     --HOLE-- [fill = 0]
                  0000e788    0000004c                   : BIOS.obj (.text:ti_sysbios_knl_Swi_runLoop__I)
                  0000e7d4    00000004     --HOLE-- [fill = 0]
                  0000e7d8    0000004c                   : BIOS.obj (.text:ti_sysbios_knl_Task_allBlockedFunction__I)
                  0000e824    00000004     --HOLE-- [fill = 0]
                  0000e828    0000004c                   : BIOS.obj (.text:ti_sysbios_knl_Task_block__E)
                  0000e874    0000004a     drivers_tivaware.aem4f : PWMTimerTiva.oem4f (.text:PWMTimerTiva_close)
                  0000e8be    0000004a     grlib.lib : string.obj (.text:UpdateContextCharMapping)
                  0000e908    00000048     driverlib.lib : gpio.obj (.text:GPIOPinConfigure)
                  0000e950    00000048                   : i2c.obj (.text:I2CMasterInitExpClk)
                  0000e998    00000048     rtsv7M4_T_le_v4SPD16_eabi.lib : fd_toi_t2.asm.obj (.text)
                  0000e9e0    00000048     sysbios.aem4f : BIOS.obj (.text:ti_sysbios_family_arm_lm4_Timer_enableTimers__I)
                  0000ea28    00000048                   : BIOS.obj (.text:ti_sysbios_family_arm_m3_Hwi_disableInterrupt__E)
                  0000ea70    00000048                   : BIOS.obj (.text:ti_sysbios_family_arm_m3_Hwi_enableInterrupt__E)
                  0000eab8    00000048                   : BIOS.obj (.text:ti_sysbios_family_arm_m3_Hwi_excReserved__I)
                  0000eb00    00000048                   : BIOS.obj (.text:ti_sysbios_hal_SecondsClock_increment__I)
                  0000eb48    00000048                   : BIOS.obj (.text:ti_sysbios_knl_Mailbox_Module_startup__E)
                  0000eb90    00000046     grlib.lib : line.obj (.text:GrLineDrawH)
                  0000ebd6    00000046               : line.obj (.text:GrLineDrawV)
                  0000ec1c    00000046     Kentec320x240x16_ssd2119_spi.obj (.text:Kentec320x240x16_SSD2119PixelDraw)
                  0000ec62    00000046     drivers_tivaware.aem4f : RingBuf.oem4f (.text:RingBuf_put)
                  0000eca8    00000046     UARTLocal.obj (.text:initUART)
                  0000ecee    00000046     ti.targets.arm.rtsarm.aem4f : Core-params.oem4f (.text:xdc_runtime_Core_assignParams__I)
                  0000ed34    00000044     GraphFunctions.obj (.text:CalcNoRemainder)
                  0000ed78    00000044     sysbios.aem4f : BIOS.obj (.text:ti_sysbios_family_arm_lm4_Timer_isrStub__E)
                  0000edbc    00000004     --HOLE-- [fill = 0]
                  0000edc0    00000044                   : BIOS.obj (.text:ti_sysbios_family_arm_m3_Hwi_getStackInfo__E)
                  0000ee04    00000004     --HOLE-- [fill = 0]
                  0000ee08    00000044                   : BIOS.obj (.text:ti_sysbios_knl_Mailbox_postInit__I)
                  0000ee4c    00000004     --HOLE-- [fill = 0]
                  0000ee50    00000044                   : BIOS.obj (.text:ti_sysbios_knl_Swi_post__E)
                  0000ee94    00000044     ti.targets.arm.rtsarm.aem4f : Error.oem4f (.text:xdc_runtime_Error_setX__E)
                  0000eed8    00000044                                 : SysMin.oem4f (.text:xdc_runtime_SysMin_flush__E)
                  0000ef1c    00000044                                 : Text.oem4f (.text:xdc_runtime_Text_xprintf__I)
                  0000ef60    00000042     driverlib.lib : uart.obj (.text:UARTConfigSetExpClk)
                  0000efa2    00000042     drivers_tivaware.aem4f : UARTTiva.oem4f (.text:UARTTiva_hwiIntFxn)
                  0000efe4    00000042                            : UARTTiva.oem4f (.text:UARTTiva_writePolling)
                  0000f026    00000002     --HOLE-- [fill = 0]
                  0000f028    00000040     GraphData.obj (.text:InitsingleBuffer)
                  0000f068    00000040     drivers_tivaware.aem4f : RingBuf.oem4f (.text:RingBuf_get)
                  0000f0a8    00000040                            : UARTTiva.oem4f (.text:UARTTiva_read)
                  0000f0e8    00000040     rtsv7M4_T_le_v4SPD16_eabi.lib : u_divt2.asm.obj (.text)
                  0000f128    00000040                                   : sprintf.c.obj (.text:sprintf)
                  0000f168    00000040     sysbios.aem4f : BIOS.obj (.text:ti_sysbios_family_arm_lm4_Timer_startup__E)
                  0000f1a8    00000040                   : BIOS.obj (.text:ti_sysbios_hal_SecondsClock_getTime__E)
                  0000f1e8    0000003e     driverlib.lib : adc.obj (.text:ADCSequenceConfigure)
                  0000f226    0000003e     rtsv7M4_T_le_v4SPD16_eabi.lib : _printfi.c.obj (.text:_fcpy)
                  0000f264    0000003c     driverlib.lib : ssi.obj (.text:SSIConfigSetExpClk)
                  0000f2a0    0000003c     Estop.obj (.text:checkEstop)
                  0000f2dc    00000004     --HOLE-- [fill = 0]
                  0000f2e0    0000003c     sysbios.aem4f : BIOS.obj (.text:ti_sysbios_family_arm_m3_Hwi_excSvCall__I)
                  0000f31c    00000004     --HOLE-- [fill = 0]
                  0000f320    0000003c                   : BIOS.obj (.text:ti_sysbios_heaps_HeapMem_init__I)
                  0000f35c    00000004     --HOLE-- [fill = 0]
                  0000f360    0000003c                   : BIOS.obj (.text:ti_sysbios_knl_Swi_restore__E)
                  0000f39c    0000003a     grlib.lib : string.obj (.text:FontGlyphDataGet)
                  0000f3d6    0000003a     drivers_tivaware.aem4f : I2CTiva.oem4f (.text:I2CTiva_completeTransfer)
                  0000f410    00000038     grlib.lib : rectangle.obj (.text:GrRectOverlapCheck)
                  0000f448    00000038     drivers_tivaware.aem4f : I2C.oem4f (.text:I2C_init)
                  0000f480    00000038                            : PWM.oem4f (.text:PWM_init)
                  0000f4b8    00000038     GlobalDraw.obj (.text:RemoveGraph)
                  0000f4f0    00000038     GlobalDraw.obj (.text:RemoveGraphSelect)
                  0000f528    00000038     driverlib.lib : sysctl.obj (.text:SysCtlPeripheralReady)
                  0000f560    00000038     drivers_tivaware.aem4f : UART.oem4f (.text:UART_init)
                  0000f598    00000038     rtsv7M4_T_le_v4SPD16_eabi.lib : trgmsg.c.obj (.text:__TI_writemsg)
                  0000f5d0    00000038     sysbios.aem4f : BIOS.obj (.text:ti_sysbios_family_arm_m3_Hwi_excNoIsr__I)
                  0000f608    00000038                   : BIOS.obj (.text:ti_sysbios_knl_Task_processVitalTaskFlag__I)
                  0000f640    00000038     ti.targets.arm.rtsarm.aem4f : SysMin.oem4f (.text:xdc_runtime_SysMin_putch__E)
                  0000f678    00000038                                 : System.oem4f (.text:xdc_runtime_System_atexit__E)
                  0000f6b0    00000036     grlib.lib : line.obj (.text:GrClipCodeGet)
                  0000f6e6    00000036     drivers_tivaware.aem4f : I2CTiva.oem4f (.text:I2CTiva_close)
                  0000f71c    00000036                            : UARTTiva.oem4f (.text:UARTTiva_readCancel)
                  0000f752    00000002     --HOLE-- [fill = 0]
                  0000f754    00000034     driverlib.lib : sysctl.obj (.text:SysCtlPeripheralEnable)
                  0000f788    00000034     rtsv7M4_T_le_v4SPD16_eabi.lib : trgmsg.c.obj (.text:__TI_readmsg)
                  0000f7bc    00000034     bmi160.obj (.text:bmi160_readConvert)
                  0000f7f0    00000034     GraphData.obj (.text:initGraphBuffers)
                  0000f824    00000004     --HOLE-- [fill = 0]
                  0000f828    00000034     sysbios.aem4f : BIOS.obj (.text:ti_sysbios_family_arm_m3_Hwi_Instance_finalize__E)
                  0000f85c    00000004     --HOLE-- [fill = 0]
                  0000f860    00000034                   : BIOS.obj (.text:ti_sysbios_family_arm_m3_Hwi_excNmi__I)
                  0000f894    00000004     --HOLE-- [fill = 0]
                  0000f898    00000034                   : BIOS.obj (.text:ti_sysbios_hal_Hwi_checkStack)
                  0000f8cc    00000034     empty_pem4f.oem4f (.text:ti_sysbios_knl_Clock_construct)
                  0000f900    00000034     ti.targets.arm.rtsarm.aem4f : Core-label.oem4f (.text:xdc_runtime_Core_assignLabel__I)
                  0000f934    00000033                                 : Text.oem4f (.text:xdc_runtime_Text_printVisFxn__I)
                  0000f967    00000001     --HOLE-- [fill = 0]
                  0000f968    00000032     sysbios.aem4f : BIOS.obj (.text:ti_sysbios_hal_Hwi_initStack)
                  0000f99a    00000032     ustdlib.obj (.text:usprintf)
                  0000f9cc    00000030     drivers_tivaware.aem4f : GPIOTiva.oem4f (.text:GPIO_enableInt)
                  0000f9fc    00000030                            : GPIOTiva.oem4f (.text:GPIO_read)
                  0000fa2c    00000030                            : I2C.oem4f (.text:I2C_open)
                  0000fa5c    00000030                            : PWMTiva.oem4f (.text:PWMTiva_init)
                  0000fa8c    00000030                            : PWM.oem4f (.text:PWM_open)
                  0000fabc    00000030                            : UART.oem4f (.text:UART_open)
                  0000faec    00000030     empty_pem4f.oem4f (.text:ti_sysbios_BIOS_atExitFunc__I)
                  0000fb1c    00000004     --HOLE-- [fill = 0]
                  0000fb20    00000030     sysbios.aem4f : BIOS.obj (.text:ti_sysbios_family_arm_lm4_Timer_stop__E)
                  0000fb50    00000030                   : BIOS.obj (.text:ti_sysbios_family_arm_m3_TaskSupport_start__E)
                  0000fb80    00000030     empty_pem4f.oem4f (.text:ti_sysbios_gates_GateHwi_Object__create__S)
                  0000fbb0    00000030     empty_pem4f.oem4f (.text:ti_sysbios_gates_GateHwi_create)
                  0000fbe0    00000030     empty_pem4f.oem4f (.text:ti_sysbios_gates_GateMutexPri_Object__create__S)
                  0000fc10    00000030     empty_pem4f.oem4f (.text:ti_sysbios_gates_GateMutexPri_create)
                  0000fc40    00000030     empty_pem4f.oem4f (.text:ti_sysbios_gates_GateMutex_Object__create__S)
                  0000fc70    00000030     empty_pem4f.oem4f (.text:ti_sysbios_gates_GateSwi_Object__create__S)
                  0000fca0    00000030     empty_pem4f.oem4f (.text:ti_sysbios_gates_GateSwi_create)
                  0000fcd0    00000030     empty_pem4f.oem4f (.text:ti_sysbios_heaps_HeapMem_Object__create__S)
                  0000fd00    00000030     sysbios.aem4f : BIOS.obj (.text:ti_sysbios_knl_Event_pendTimeout__I)
                  0000fd30    00000030     empty_pem4f.oem4f (.text:ti_sysbios_knl_Semaphore_construct)
                  0000fd60    00000030     sysbios.aem4f : BIOS.obj (.text:ti_sysbios_knl_Semaphore_pendTimeout__I)
                  0000fd90    00000030                   : BIOS.obj (.text:ti_sysbios_knl_Task_unblockI__E)
                  0000fdc0    00000030     ti.targets.arm.rtsarm.aem4f : SysMin.oem4f (.text:xdc_runtime_SysMin_abort__E)
                  0000fdf0    00000030                                 : System.oem4f (.text:xdc_runtime_System_processAtExit__E)
                  0000fe20    0000002e     driverlib.lib : adc.obj (.text:ADCIntStatus)
                  0000fe4e    0000002e     grlib.lib : string.obj (.text:GrStringNextCharGet)
                  0000fe7c    0000002e     rtsv7M4_T_le_v4SPD16_eabi.lib : i_tofd_t2.asm.obj (.text)
                  0000feaa    00000002     --HOLE-- [fill = 0]
                  0000feac    0000002c     EK_TM4C1294XL.obj (.text:EK_TM4C1294XL_initUART)
                  0000fed8    0000002c     grlib.lib : string.obj (.text:GrFontBaselineGet)
                  0000ff04    0000002c               : string.obj (.text:GrFontHeightGet)
                  0000ff30    0000002c               : pushbutton.obj (.text:RectangularButtonMsgProc)
                  0000ff5c    0000002c               : slider.obj (.text:SliderMsgProc)
                  0000ff88    0000002c               : widget.obj (.text:WidgetIsInTree)
                  0000ffb4    0000002c     GlobalDraw.obj (.text:removeSensorPage)
                  0000ffe0    0000002c     empty_pem4f.oem4f (.text:ti_sysbios_knl_Clock_doTick__I)
                  0001000c    0000002c     empty_pem4f.oem4f (.text:ti_sysbios_knl_Event_construct)
                  00010038    0000002c     empty_pem4f.oem4f (.text:ti_sysbios_knl_Queue_construct)
                  00010064    00000004     --HOLE-- [fill = 0]
                  00010068    0000002c     sysbios.aem4f : BIOS.obj (.text:ti_sysbios_knl_Task_restore__E)
                  00010094    0000002c     ti.targets.arm.rtsarm.aem4f : Text.oem4f (.text:xdc_runtime_Text_cordText__E)
                  000100c0    0000002a     driverlib.lib : gpio.obj (.text:GPIODirModeSet)
                  000100ea    0000002a     bmi160.obj (.text:bmi160_delay)
                  00010114    0000002a     ti.targets.arm.rtsarm.aem4f : System.oem4f (.text:xdc_runtime_System_putchar__I)
                  0001013e    00000028     Kentec320x240x16_ssd2119_spi.obj (.text:Kentec320x240x16_SSD2119ColorTranslate)
                  00010166    00000002     --HOLE-- [fill = 0]
                  00010168    00000028     sysbios.aem4f : BIOS.obj (.text:ti_sysbios_knl_Clock_addI__E)
                  00010190    00000028                   : BIOS.obj (.text:ti_sysbios_knl_Swi_Module_startup__E)
                  000101b8    00000026     grlib.lib : string.obj (.text:GrFontInfoGet)
                  000101de    00000026     sysbios.aem4f : m3_Hwi_asm.obj (.text:ti_sysbios_family_arm_m3_Hwi_pendSV__I)
                  00010204    00000026     ti.targets.arm.rtsarm.aem4f : System.oem4f (.text:xdc_runtime_System_avprintf__E)
                  0001022a    00000002     --HOLE-- [fill = 0]
                  0001022c    00000024     GlobalDraw.obj (.text:BackGraphSelect)
                  00010250    00000024     GlobalDraw.obj (.text:BackMainGraph)
                  00010274    00000024     GlobalDraw.obj (.text:ChangeCurrentDown)
                  00010298    00000024     GlobalDraw.obj (.text:ChangeCurrentUp)
                  000102bc    00000024     GlobalDraw.obj (.text:RemoveMainPage)
                  000102e0    00000024     GlobalDraw.obj (.text:backMainSensor)
                  00010304    00000024     empty_pem4f.oem4f (.text:ti_sysbios_BIOS_errorRaiseHook__I)
                  00010328    00000024     empty_pem4f.oem4f (.text:ti_sysbios_BIOS_registerRTSLock__I)
                  0001034c    00000024     empty_pem4f.oem4f (.text:ti_sysbios_BIOS_removeRTSLock__I)
                  00010370    00000024     empty_pem4f.oem4f (.text:ti_sysbios_BIOS_startFunc__I)
                  00010394    00000024     empty_pem4f.oem4f (.text:ti_sysbios_gates_GateMutexPri_Object__delete__S)
                  000103b8    00000024     empty_pem4f.oem4f (.text:ti_sysbios_gates_GateMutex_Object__delete__S)
                  000103dc    00000004     --HOLE-- [fill = 0]
                  000103e0    00000024     sysbios.aem4f : BIOS.obj (.text:ti_sysbios_knl_Clock_Module_startup__E)
                  00010404    00000004     --HOLE-- [fill = 0]
                  00010408    00000024                   : BIOS.obj (.text:ti_sysbios_knl_Task_restoreHwi__E)
                  0001042c    00000024     ti.targets.arm.rtsarm.aem4f : System.oem4f (.text:xdc_runtime_System_vprintf__E)
                  00010450    00000022     grlib.lib : string.obj (.text:GrFontGlyphDataGet)
                  00010472    00000022     driverlib.lib : pwm.obj (.text:PWMGenConfigure)
                  00010494    00000022     drivers_tivaware.aem4f : PWMTiva.oem4f (.text:PWMTiva_getPeriodCounts)
                  000104b6    00000002     --HOLE-- [fill = 0]
                  000104b8    00000022     sysbios.aem4f : BIOS.obj (.text:ti_sysbios_family_arm_lm4_Timer_write__I)
                  000104da    00000022     empty_pem4f.oem4f (.text:xdc_runtime_SysMin_output__I)
                  000104fc    00000020     Boot.aem4f : Boot_sysctl.oem4f (.text:_SysCtlMemTimingGet)
                  0001051c    00000020     Estop.obj (.text:initEstop)
                  0001053c    00000020     rtsv7M4_T_le_v4SPD16_eabi.lib : u_tofd_t2.asm.obj (.text)
                  0001055c    00000020     empty_pem4f.oem4f (.text:ti_sysbios_BIOS_rtsLock__I)
                  0001057c    00000004     --HOLE-- [fill = 0]
                  00010580    00000020     sysbios.aem4f : BIOS.obj (.text:ti_sysbios_family_arm_lm4_Timer_getFreq__E)
                  000105a0    00000020                   : m3_Hwi_asm.obj (.text:ti_sysbios_family_arm_m3_Hwi_excHandlerAsm__I)
                  000105c0    00000020                   : BIOS.obj (.text:ti_sysbios_family_arm_m3_Hwi_excHandler__I)
                  000105e0    00000020     empty_pem4f.oem4f (.text:ti_sysbios_gates_GateHwi_Object__delete__S)
                  00010600    00000020     empty_pem4f.oem4f (.text:ti_sysbios_gates_GateSwi_Object__delete__S)
                  00010620    00000020     empty_pem4f.oem4f (.text:ti_sysbios_heaps_HeapMem_Object__delete__S)
                  00010640    00000020     empty_pem4f.oem4f (.text:ti_sysbios_knl_Clock_Object__destruct__S)
                  00010660    00000020     sysbios.aem4f : BIOS.obj (.text:ti_sysbios_knl_Idle_run__E)
                  00010680    00000020     empty_pem4f.oem4f (.text:ti_sysbios_knl_Semaphore_Object__destruct__S)
                  000106a0    00000020     ti.targets.arm.rtsarm.aem4f : Registry.oem4f (.text:xdc_runtime_Registry_findById__E)
                  000106c0    00000020                                 : SysMin.oem4f (.text:xdc_runtime_SysMin_Module_startup__E)
                  000106e0    0000001e     driverlib.lib : adc.obj (.text:ADCSequenceDataGet)
                  000106fe    0000001e     grlib.lib : string.obj (.text:GrFontCodepageGet)
                  0001071c    0000001e     driverlib.lib : pwm.obj (.text:PWMPulseWidthSet)
                  0001073a    0000001e     drivers_tivaware.aem4f : PWMTiva.oem4f (.text:PWMTiva_getPeriodMicroSecs)
                  00010758    0000001e     grlib.lib : widget.obj (.text:WidgetAdd)
                  00010776    0000001e     sysbios.aem4f : m3_Hwi_asm_switch.obj (.text:ti_sysbios_family_xxx_Hwi_switchAndRunFunc)
                  00010794    0000001e     Clock.obj (.text:updatetime)
                  000107b2    00000002     --HOLE-- [fill = 0]
                  000107b4    0000001c     driverlib.lib : uart.obj (.text:UARTDisable)
                  000107d0    0000001c     grlib.lib : widget.obj (.text:WidgetPointerMessage)
                  000107ec    0000001c     drivers_tivaware.aem4f : GPIOTiva.oem4f (.text:getGpioIntIndex)
                  00010808    0000001c     rtsv7M4_T_le_v4SPD16_eabi.lib : memccpy.c.obj (.text:memccpy)
                  00010824    0000001c     empty_pem4f.oem4f (.text:ti_sysbios_family_arm_m3_Hwi_Object__destruct__S)
                  00010840    0000001c     sysbios.aem4f : BIOS.obj (.text:ti_sysbios_gates_GateMutexPri_Instance_init__E)
                  0001085c    00000004     --HOLE-- [fill = 0]
                  00010860    0000001c                   : BIOS.obj (.text:ti_sysbios_gates_GateMutex_Instance_init__E)
                  0001087c    0000001c     empty_pem4f.oem4f (.text:ti_sysbios_knl_Queue_Object__destruct__S)
                  00010898    0000001c     sysbios.aem4f : BIOS.obj (.text:ti_sysbios_knl_Queue_put__E)
                  000108b4    00000004     --HOLE-- [fill = 0]
                  000108b8    0000001c                   : BIOS.obj (.text:ti_sysbios_knl_Task_enter__I)
                  000108d4    0000001c     ti.targets.arm.rtsarm.aem4f : Error.oem4f (.text:xdc_runtime_Error_raiseX__E)
                  000108f0    0000001c                                 : Memory.oem4f (.text:xdc_runtime_Memory_valloc__E)
                  0001090c    0000001c                                 : SysMin.oem4f (.text:xdc_runtime_SysMin_exit__E)
                  00010928    0000001c                                 : System.oem4f (.text:xdc_runtime_System_abort__E)
                  00010944    0000001a     rtsv7M4_T_le_v4SPD16_eabi.lib : s_copysign.c.obj (.text:copysign)
                  0001095e    0000001a     empty_pem4f.oem4f (.text:ti_sysbios_family_arm_m3_Hwi_Handle__label__S)
                  00010978    0000001a     empty_pem4f.oem4f (.text:ti_sysbios_gates_GateHwi_Handle__label__S)
                  00010992    0000001a     empty_pem4f.oem4f (.text:ti_sysbios_gates_GateMutexPri_Handle__label__S)
                  000109ac    0000001a     empty_pem4f.oem4f (.text:ti_sysbios_gates_GateMutex_Handle__label__S)
                  000109c6    0000001a     empty_pem4f.oem4f (.text:ti_sysbios_gates_GateSwi_Handle__label__S)
                  000109e0    0000001a     empty_pem4f.oem4f (.text:ti_sysbios_heaps_HeapMem_Handle__label__S)
                  000109fa    0000001a     empty_pem4f.oem4f (.text:ti_sysbios_knl_Swi_Handle__label__S)
                  00010a14    0000001a     empty_pem4f.oem4f (.text:ti_sysbios_knl_Task_Handle__label__S)
                  00010a2e    0000001a     empty_pem4f.oem4f (.text:xdc_runtime_System_aprintf__E)
                  00010a48    0000001a     empty_pem4f.oem4f (.text:xdc_runtime_System_printf__E)
                  00010a62    00000018     driverlib.lib : adc.obj (.text:ADCProcessorTrigger)
                  00010a7a    00000002     --HOLE-- [fill = 0]
                  00010a7c    00000018     Estop.obj (.text:EstopPower)
                  00010a94    00000018     driverlib.lib : gpio.obj (.text:GPIOPinTypeGPIOOutput)
                  00010aac    00000018                   : timer.obj (.text:TimerControlLevel)
                  00010ac4    00000018     drivers_tivaware.aem4f : UART.oem4f (.text:UART_Params_init)
                  00010adc    00000018     rtsv7M4_T_le_v4SPD16_eabi.lib : args_main.c.obj (.text:_args_main)
                  00010af4    00000018                                   : sprintf.c.obj (.text:_outs)
                  00010b0c    00000018     Motor.obj (.text:clk0Fxn)
                  00010b24    00000018     empty_pem4f.oem4f (.text:ti_sysbios_BIOS_rtsUnlock__I)
                  00010b3c    00000018     empty_pem4f.oem4f (.text:ti_sysbios_family_arm_lm4_Timer_Module__startupDone__F)
                  00010b54    00000018     empty_pem4f.oem4f (.text:ti_sysbios_family_arm_m3_Hwi_Module__startupDone__F)
                  00010b6c    00000018     sysbios.aem4f : m3_TaskSupport_asm.obj (.text:ti_sysbios_family_arm_m3_TaskSupport_swap__E)
                  00010b84    00000004     --HOLE-- [fill = 0]
                  00010b88    00000018                   : BIOS.obj (.text:ti_sysbios_gates_GateMutex_leave__E)
                  00010ba0    00000018     empty_pem4f.oem4f (.text:ti_sysbios_knl_Clock_Module__startupDone__F)
                  00010bb8    00000018     sysbios.aem4f : BIOS.obj (.text:ti_sysbios_knl_Task_sleepTimeout__I)
                  00010bd0    00000018     ti.targets.arm.rtsarm.aem4f : Error.oem4f (.text:xdc_runtime_Error_check__E)
                  00010be8    00000018                                 : System.oem4f (.text:xdc_runtime_System_exit__E)
                  00010c00    00000018                                 : Text.oem4f (.text:xdc_runtime_Text_ropeText__E)
                  00010c18    00000016     grlib.lib : string.obj (.text:GrStringDraw)
                  00010c2e    00000016     driverlib.lib : i2c.obj (.text:I2CMasterErr)
                  00010c44    00000016     rtsv7M4_T_le_v4SPD16_eabi.lib : strchr.c.obj (.text:strchr)
                  00010c5a    00000016     empty_pem4f.oem4f (.text:ti_sysbios_BIOS_exitFunc__I)
                  00010c70    00000016     Motor.obj (.text:ti_sysbios_gates_GateHwi_Params_init)
                  00010c86    00000016     GlobalDraw.obj (.text:ti_sysbios_gates_GateMutexPri_Params_init)
                  00010c9c    00000016     Motor.obj (.text:ti_sysbios_gates_GateSwi_Params_init)
                  00010cb2    00000016     Motor.obj (.text:ti_sysbios_knl_Clock_Params_init)
                  00010cc8    00000016     Motor.obj (.text:ti_sysbios_knl_Swi_Params_init)
                  00010cde    00000016     empty.obj (.text:ti_sysbios_knl_Swi_Params_init)
                  00010cf4    00000016     empty.obj (.text:ti_sysbios_knl_Task_Params_init)
                  00010d0a    00000014     grlib.lib : canvas.obj (.text:CanvasMsgProc)
                  00010d1e    00000002     --HOLE-- [fill = 0]
                  00010d20    00000014     Kentec320x240x16_ssd2119_spi.obj (.text:LED_OFF)
                  00010d34    00000014     Kentec320x240x16_ssd2119_spi.obj (.text:LED_ON)
                  00010d48    00000014     driverlib.lib : pwm.obj (.text:PWMClockSet)
                  00010d5c    00000014                   : sysctl.obj (.text:SysCtlPWMClockSet)
                  00010d70    00000014                   : timer.obj (.text:TimerDisable)
                  00010d84    00000014     touch.obj (.text:TouchScreenCallbackSet)
                  00010d98    00000014     driverlib.lib : uart.obj (.text:UARTEnable)
                  00010dac    00000014     grlib.lib : widget.obj (.text:WidgetMutexGet)
                  00010dc0    00000014     rtsv7M4_T_le_v4SPD16_eabi.lib : strlen.c.obj (.text:strlen)
                  00010dd4    00000014     empty_pem4f.oem4f (.text:ti_sysbios_family_arm_m3_Hwi_Object__get__S)
                  00010de8    00000014     sysbios.aem4f : BIOS.obj (.text:ti_sysbios_family_arm_m3_Hwi_switchFromBootStack__E)
                  00010dfc    00000014     empty_pem4f.oem4f (.text:ti_sysbios_heaps_HeapMem_Object__get__S)
                  00010e10    00000014     sysbios.aem4f : BIOS.obj (.text:ti_sysbios_knl_Event_Instance_init__E)
                  00010e24    00000014     empty_pem4f.oem4f (.text:ti_sysbios_knl_Swi_Object__get__S)
                  00010e38    00000012     driverlib.lib : gpio.obj (.text:GPIOPinTypeADC)
                  00010e4a    00000012                   : gpio.obj (.text:GPIOPinTypeEthernetLED)
                  00010e5c    00000012                   : gpio.obj (.text:GPIOPinTypeGPIOInput)
                  00010e6e    00000012                   : gpio.obj (.text:GPIOPinTypeI2C)
                  00010e80    00000012                   : gpio.obj (.text:GPIOPinTypeI2CSCL)
                  00010e92    00000012                   : gpio.obj (.text:GPIOPinTypePWM)
                  00010ea4    00000012                   : gpio.obj (.text:GPIOPinTypeSSI)
                  00010eb6    00000012                   : gpio.obj (.text:GPIOPinTypeTimer)
                  00010ec8    00000012                   : gpio.obj (.text:GPIOPinTypeUART)
                  00010eda    00000012                   : gpio.obj (.text:GPIOPinTypeUSBAnalog)
                  00010eec    00000012                   : gpio.obj (.text:GPIOPinTypeUSBDigital)
                  00010efe    00000012                   : pwm.obj (.text:PWMGenPeriodGet)
                  00010f10    00000012                   : pwm.obj (.text:PWMOutputInvert)
                  00010f22    00000012                   : pwm.obj (.text:PWMOutputState)
                  00010f34    00000012     drivers_tivaware.aem4f : RingBuf.oem4f (.text:RingBuf_construct)
                  00010f46    00000012     driverlib.lib : ssi.obj (.text:SSIDataGetNonBlocking)
                  00010f58    00000012                   : timer.obj (.text:TimerLoadSet)
                  00010f6a    00000012                   : timer.obj (.text:TimerMatchSet)
                  00010f7c    00000012                   : timer.obj (.text:TimerPrescaleMatchSet)
                  00010f8e    00000012                   : timer.obj (.text:TimerPrescaleSet)
                  00010fa0    00000012     sysbios.aem4f : BIOS.obj (.text:ti_sysbios_hal_Hwi_Module_startup__E)
                  00010fb2    00000006     grlib.lib : string.obj (.text:GrContextFontSet)
                  00010fb8    00000012     sysbios.aem4f : BIOS.obj (.text:ti_sysbios_hal_Timer_Module_startup__E)
                  00010fca    00000012     rtsv7M4_T_le_v4SPD16_eabi.lib : wcslen.c.obj (.text:wcslen)
                  00010fdc    00000012     empty_pem4f.oem4f (.text:xdc_runtime_Startup_exec__I)
                  00010fee    00000002     --HOLE-- [fill = 0]
                  00010ff0    00000010     empty_pem4f.oem4f (.text:.bootCodeSection:ti_catalog_arm_cortexm4_tiva_ce_Boot_init__I)
                  00011000    00000010     driverlib.lib : adc.obj (.text:ADCIntEnable)
                  00011010    00000010     GlobalDraw.obj (.text:ChangeAccelDown)
                  00011020    00000010     GlobalDraw.obj (.text:ChangeAccelUp)
                  00011030    00000010     driverlib.lib : fpu.obj (.text:FPUEnable)
                  00011040    00000010                   : fpu.obj (.text:FPULazyStackingEnable)
                  00011050    00000010     drivers_tivaware.aem4f : I2C.oem4f (.text:I2C_Params_init)
                  00011060    00000010     driverlib.lib : pwm.obj (.text:PWMGenPeriodSet)
                  00011070    00000010     drivers_tivaware.aem4f : PWM.oem4f (.text:PWM_Params_init)
                  00011080    00000010                            : UARTTiva.oem4f (.text:readBlockingTimeout)
                  00011090    00000010     sysbios.aem4f : BIOS.obj (.text:ti_sysbios_BIOS_getCpuFreq__E)
                  000110a0    00000010                   : BIOS.obj (.text:ti_sysbios_BIOS_setThreadType__E)
                  000110b0    00000010                   : BIOS.obj (.text:ti_sysbios_BIOS_start__E)
                  000110c0    00000010                   : BIOS.obj (.text:ti_sysbios_family_arm_lm4_TimestampProvider_rolloverFunc__E)
                  000110d0    00000010                   : m3_TaskSupport_asm.obj (.text:ti_sysbios_family_arm_m3_TaskSupport_glue)
                  000110e0    00000010                   : BIOS.obj (.text:ti_sysbios_gates_GateMutexPri_Instance_finalize__E)
                  000110f0    00000010                   : BIOS.obj (.text:ti_sysbios_gates_GateMutex_Instance_finalize__E)
                  00011100    00000010     empty_pem4f.oem4f (.text:ti_sysbios_knl_Mailbox_Object__get__S)
                  00011110    00000010     sysbios.aem4f : BIOS.obj (.text:ti_sysbios_knl_Semaphore_Instance_finalize__E)
                  00011120    00000010                   : BIOS.obj (.text:ti_sysbios_knl_Swi_disable__E)
                  00011130    00000010     empty_pem4f.oem4f (.text:ti_sysbios_knl_Task_Object__get__S)
                  00011140    00000010     sysbios.aem4f : BIOS.obj (.text:ti_sysbios_knl_Task_disable__E)
                  00011150    00000010     driverlib.lib : udma.obj (.text:uDMAEnable)
                  00011160    00000010     ti.targets.arm.rtsarm.aem4f : Gate.oem4f (.text:xdc_runtime_Gate_leaveSystem__E)
                  00011170    00000010                                 : Memory.oem4f (.text:xdc_runtime_Memory_free__E)
                  00011180    00000010                                 : SysMin.oem4f (.text:xdc_runtime_SysMin_ready__E)
                  00011190    00000010                                 : System.oem4f (.text:xdc_runtime_System_vsnprintf__E)
                  000111a0    00000010     empty_pem4f.oem4f (.text:xdc_runtime_Text_visitRope__I)
                  000111b0    0000000e     driverlib.lib : adc.obj (.text:ADCSequenceEnable)
                  000111be    0000000e                   : gpio.obj (.text:GPIOIntStatus)
                  000111cc    0000000e     grlib.lib : image.obj (.text:GrImageDraw)
                  000111da    0000000e     driverlib.lib : timer.obj (.text:TimerEnable)
                  000111e8    0000000e                   : uart.obj (.text:UARTCharGetNonBlocking)
                  000111f6    0000000e                   : uart.obj (.text:UARTCharPutNonBlocking)
                  00011204    0000000e     rtsv7M4_T_le_v4SPD16_eabi.lib : copy_decompress_none.c.obj (.text:decompress:none:__TI_decompress_none)
                  00011212    00000006     driverlib.lib : i2c.obj (.text:I2CMasterIntDisable)
                  00011218    0000000e     sysbios.aem4f : BIOS.obj (.text:ti_sysbios_knl_Idle_loop__E)
                  00011226    00000002     --HOLE-- [fill = 0]
                  00011228    0000000e                   : BIOS.obj (.text:ti_sysbios_knl_Queue_empty__E)
                  00011236    0000000c     driverlib.lib : gpio.obj (.text:GPIOIntEnable)
                  00011242    0000000c                   : pwm.obj (.text:PWMGenDisable)
                  0001124e    0000000c                   : pwm.obj (.text:PWMGenEnable)
                  0001125a    0000000c     drivers_tivaware.aem4f : RingBuf.oem4f (.text:RingBuf_peek)
                  00011266    0000000c     driverlib.lib : uart.obj (.text:UARTFlowControlSet)
                  00011272    0000000c     drivers_tivaware.aem4f : UARTTiva.oem4f (.text:UARTTiva_init)
                  0001127e    00000002     --HOLE-- [fill = 0]
                  00011280    0000000c     rtsv7M4_T_le_v4SPD16_eabi.lib : _lock.c.obj (.text:_register_lock)
                  0001128c    0000000c                                   : _lock.c.obj (.text:_register_unlock)
                  00011298    0000000c     GlobalDraw.obj (.text:btntest)
                  000112a4    0000000c     rtsv7M4_T_le_v4SPD16_eabi.lib : copy_zero_init.c.obj (.text:decompress:ZI:__TI_zero_init)
                  000112b0    0000000c     GlobalDraw.obj (.text:setGraphAPage)
                  000112bc    0000000c     GlobalDraw.obj (.text:setGraphLPage)
                  000112c8    0000000c     GlobalDraw.obj (.text:setGraphMPage)
                  000112d4    0000000c     GlobalDraw.obj (.text:setGraphPPage)
                  000112e0    0000000c     GlobalDraw.obj (.text:setGraphSPage)
                  000112ec    0000000c     GlobalDraw.obj (.text:setMotorPage)
                  000112f8    0000000c     GlobalDraw.obj (.text:setSensorPage)
                  00011304    00000004     --HOLE-- [fill = 0]
                  00011308    0000000c     sysbios.aem4f : BIOS.obj (.text:ti_sysbios_family_arm_lm4_Timer_getAvailMask__E)
                  00011314    00000004     --HOLE-- [fill = 0]
                  00011318    0000000c                   : BIOS.obj (.text:ti_sysbios_family_arm_lm4_Timer_getMaxTicks__E)
                  00011324    00000004     --HOLE-- [fill = 0]
                  00011328    0000000c                   : BIOS.obj (.text:ti_sysbios_family_arm_lm4_TimestampProvider_startTimer__E)
                  00011334    0000000c     empty_pem4f.oem4f (.text:ti_sysbios_family_arm_m3_Hwi_Params__init__S)
                  00011340    0000000c     sysbios.aem4f : BIOS.obj (.text:ti_sysbios_family_arm_m3_Hwi_disableFxn__E)
                  0001134c    00000004     --HOLE-- [fill = 0]
                  00011350    0000000c                   : BIOS.obj (.text:ti_sysbios_family_arm_m3_TaskSupport_checkStack__E)
                  0001135c    00000004     --HOLE-- [fill = 0]
                  00011360    0000000c                   : BIOS.obj (.text:ti_sysbios_family_arm_m3_TaskSupport_getStackAlignment__E)
                  0001136c    0000000c     empty_pem4f.oem4f (.text:ti_sysbios_gates_GateHwi_Params__init__S)
                  00011378    0000000c     sysbios.aem4f : BIOS.obj (.text:ti_sysbios_gates_GateHwi_enter__E)
                  00011384    0000000c     empty_pem4f.oem4f (.text:ti_sysbios_gates_GateMutexPri_Params__init__S)
                  00011390    0000000c     empty_pem4f.oem4f (.text:ti_sysbios_gates_GateSwi_Params__init__S)
                  0001139c    00000004     --HOLE-- [fill = 0]
                  000113a0    0000000c     sysbios.aem4f : BIOS.obj (.text:ti_sysbios_gates_GateSwi_query__E)
                  000113ac    0000000c     empty_pem4f.oem4f (.text:ti_sysbios_knl_Clock_Params__init__S)
                  000113b8    0000000c     sysbios.aem4f : BIOS.obj (.text:ti_sysbios_knl_Clock_getTicks__E)
                  000113c4    0000000c     Estop.obj (.text:ti_sysbios_knl_Event_handle)
                  000113d0    0000000c     empty_pem4f.oem4f (.text:ti_sysbios_knl_Queue_Object__get__S)
                  000113dc    0000000c     empty_pem4f.oem4f (.text:ti_sysbios_knl_Semaphore_Params__init__S)
                  000113e8    0000000c     empty_pem4f.oem4f (.text:ti_sysbios_knl_Swi_Params__init__S)
                  000113f4    0000000c     empty_pem4f.oem4f (.text:ti_sysbios_knl_Task_Params__init__S)
                  00011400    0000000c     driverlib.lib : udma.obj (.text:uDMAControlBaseSet)
                  0001140c    0000000c     ti.targets.arm.rtsarm.aem4f : Error.oem4f (.text:xdc_runtime_Error_init__E)
                  00011418    0000000c                                 : Gate.oem4f (.text:xdc_runtime_Gate_enterSystem__E)
                  00011424    0000000c                                 : Memory.oem4f (.text:xdc_runtime_Memory_calloc__E)
                  00011430    0000000c                                 : Memory.oem4f (.text:xdc_runtime_Memory_getMaxDefaultTypeAlign__E)
                  0001143c    0000000a     driverlib.lib : adc.obj (.text:ADCIntClear)
                  00011446    0000000a                   : i2c.obj (.text:I2CMasterDisable)
                  00011450    0000000a                   : i2c.obj (.text:I2CMasterEnable)
                  0001145a    0000000a     drivers_tivaware.aem4f : I2CTiva.oem4f (.text:I2CTiva_init)
                  00011464    0000000a                            : I2C.oem4f (.text:I2C_transfer)
                  0001146e    0000000a     Kentec320x240x16_ssd2119_spi.obj (.text:Kentec320x240x16_SSD2119Flush)
                  00011478    0000000a     drivers_tivaware.aem4f : PWMTimerTiva.oem4f (.text:PWMTimerTiva_getPeriodCounts)
                  00011482    0000000a                            : PWM.oem4f (.text:PWM_setDuty)
                  0001148c    0000000a     driverlib.lib : ssi.obj (.text:SSIDataPut)
                  00011496    0000000a                   : ssi.obj (.text:SSIEnable)
                  000114a0    0000000a                   : uart.obj (.text:UARTCharGet)
                  000114aa    0000000a                   : uart.obj (.text:UARTCharPut)
                  000114b4    0000000a                   : uart.obj (.text:UARTIntDisable)
                  000114be    0000000a                   : uart.obj (.text:UARTIntStatus)
                  000114c8    0000000a     rtsv7M4_T_le_v4SPD16_eabi.lib : sprintf.c.obj (.text:_outc)
                  000114d2    0000000a     empty_pem4f.oem4f (.text:xdc_runtime_IHeap_alloc)
                  000114dc    0000000a     empty_pem4f.oem4f (.text:xdc_runtime_IHeap_free)
                  000114e6    00000008     EK_TM4C1294XL.obj (.text:EK_TM4C1294XL_initGPIO)
                  000114ee    00000008     grlib.lib : charmap.obj (.text:GrMapISO8859_1_Unicode)
                  000114f6    00000008     driverlib.lib : i2c.obj (.text:I2CMasterIntClear)
                  000114fe    00000008                   : i2c.obj (.text:I2CMasterSlaveAddrSet)
                  00011506    00000008     drivers_tivaware.aem4f : I2CTiva.oem4f (.text:I2CTiva_blockingCallback)
                  0001150e    00000008                            : PWMTimerTiva.oem4f (.text:PWMTimerTiva_init)
                  00011516    00000008     driverlib.lib : ssi.obj (.text:SSIBusy)
                  0001151e    00000008                   : uart.obj (.text:UARTIntEnable)
                  00011526    00000008                   : uart.obj (.text:UARTRxErrorGet)
                  0001152e    00000002     --HOLE-- [fill = 0]
                  00011530    00000008     rtsv7M4_T_le_v4SPD16_eabi.lib : errno.c.obj (.text:__aeabi_errno_addr)
                  00011538    00000008     drivers_tivaware.aem4f : UARTTiva.oem4f (.text:readSemCallback)
                  00011540    00000008     sysbios.aem4f : BIOS.obj (.text:ti_sysbios_family_arm_lm4_Timer_masterDisable__I)
                  00011548    00000008                   : BIOS.obj (.text:ti_sysbios_family_arm_m3_Hwi_doSwiRestore__I)
                  00011550    00000008                   : BIOS.obj (.text:ti_sysbios_family_arm_m3_Hwi_startup__E)
                  00011558    00000008     drivers_tivaware.aem4f : UARTTiva.oem4f (.text:writeSemCallback)
                  00011560    00000006     driverlib.lib : i2c.obj (.text:I2CMasterIntEnable)
                  00011566    00000006     drivers_tivaware.aem4f : I2CTiva.oem4f (.text:I2CTiva_control)
                  0001156c    00000006                            : PWMTimerTiva.oem4f (.text:PWMTimerTiva_getPeriodMicroSecs)
                  00011572    00000006     driverlib.lib : sysctl.obj (.text:SysCtlDelay)
                  00011578    00000006                   : uart.obj (.text:UARTFIFOLevelSet)
                  0001157e    00000006                   : uart.obj (.text:UARTRxErrorClear)
                  00011584    00000006     grlib.lib : widget.obj (.text:WidgetMutexPut)
                  0001158a    00000006     ti.targets.arm.rtsarm.aem4f : System.oem4f (.text:xdc_runtime_System_Module_startup__E)
                  00011590    00000006     sysbios.aem4f : BIOS.obj (.text:ti_sysbios_family_arm_lm4_TimestampProvider_Module_startup__E)
                  00011596    00000002     --HOLE-- [fill = 0]
                  00011598    00000006                   : BIOS.obj (.text:ti_sysbios_family_arm_m3_Hwi_doTaskRestore__I)
                  0001159e    00000002     --HOLE-- [fill = 0]
                  000115a0    00000006                   : BIOS.obj (.text:ti_sysbios_family_arm_m3_Hwi_restoreFxn__E)
                  000115a6    00000002     --HOLE-- [fill = 0]
                  000115a8    00000006                   : BIOS.obj (.text:ti_sysbios_gates_GateHwi_leave__E)
                  000115ae    00000002     --HOLE-- [fill = 0]
                  000115b0    00000006                   : BIOS.obj (.text:ti_sysbios_gates_GateSwi_leave__E)
                  000115b6    00000002     --HOLE-- [fill = 0]
                  000115b8    00000006                   : BIOS.obj (.text:ti_sysbios_heaps_HeapMem_isBlocking__E)
                  000115be    00000002     --HOLE-- [fill = 0]
                  000115c0    00000006                   : BIOS.obj (.text:ti_sysbios_knl_Clock_stop__E)
                  000115c6    00000002     --HOLE-- [fill = 0]
                  000115c8    00000006                   : BIOS.obj (.text:ti_sysbios_knl_Queue_Instance_init__E)
                  000115ce    00000002     --HOLE-- [fill = 0]
                  000115d0    00000006                   : BIOS.obj (.text:ti_sysbios_knl_Swi_startup__E)
                  000115d6    00000002     --HOLE-- [fill = 0]
                  000115d8    00000004                   : BIOS.obj (.text:ti_sysbios_family_arm_lm4_Timer_getPeriod__E)
                  000115dc    00000004     --HOLE-- [fill = 0]
                  000115e0    00000004                   : BIOS.obj (.text:ti_sysbios_gates_GateHwi_query__E)
                  000115e4    00000004     --HOLE-- [fill = 0]
                  000115e8    00000004                   : BIOS.obj (.text:ti_sysbios_gates_GateMutexPri_query__E)
                  000115ec    00000004     --HOLE-- [fill = 0]
                  000115f0    00000004                   : BIOS.obj (.text:ti_sysbios_gates_GateMutex_query__E)
                  000115f4    00000004     --HOLE-- [fill = 0]
                  000115f8    00000004                   : BIOS.obj (.text:ti_sysbios_knl_Task_startup__E)
                  000115fc    00000004     --HOLE-- [fill = 0]
                  00011600    00000002                   : BIOS.obj (.text:ti_sysbios_gates_GateHwi_Instance_init__E)
                  00011602    00000006     --HOLE-- [fill = 0]
                  00011608    00000002                   : BIOS.obj (.text:ti_sysbios_gates_GateSwi_Instance_init__E)
                  0001160a    00000006     --HOLE-- [fill = 0]
                  00011610    00000002                   : BIOS.obj (.text:ti_sysbios_knl_Clock_logTick__E)

.const     0    00011618    00008512     
                  00011618    00001958     empty_pem4f.oem4f (.const:xdc_runtime_Text_charTab__A)
                  00012f70    00001000     rtsv7M4_T_le_v4SPD16_eabi.lib : s_exp2.c.obj (.const:tbl)
                  00013f70    0000095e     grlib.lib : fontcm20.obj (.const:.string:g_pui8Cm20Data)
                  000148ce    000008c1               : fontcmss20.obj (.const:.string:g_pui8Cmss20Data)
                  0001518f    00000782               : fontcmss18b.obj (.const:.string:g_pui8Cmss18bData)
                  00015911    00000759               : fontcm16.obj (.const:.string:g_pui8Cm16Data)
                  0001606a    000005c7               : fontcmss12b.obj (.const:.string:g_pui8Cmss12bData)
                  00016631    00000514               : fontcmss12.obj (.const:.string:g_pui8Cmss12Data)
                  00016b45    00000261     GUIImg.obj (.const:.string:VelText)
                  00016da6    0000024f     GUIImg.obj (.const:.string:BrightText)
                  00016ff5    0000024d     GUIImg.obj (.const:.string:g_pui8Logo)
                  00017242    0000020d     GUIImg.obj (.const:.string:g_pui8btn140x40)
                  0001744f    0000020d     GUIImg.obj (.const:.string:g_pui8btn150x40Press)
                  0001765c    00000208     GUIImg.obj (.const:.string:accelText)
                  00017864    000001c4     GUIImg.obj (.const:.string:CurrentText)
                  00017a28    0000017b     Images.obj (.const:.string:g_pui8accSlow)
                  00017ba3    0000017b     Images.obj (.const:.string:g_pui8accfast)
                  00017d1e    0000017b     Images.obj (.const:.string:g_pui8accmid)
                  00017e99    00000163     Images.obj (.const:.string:g_pui8Stop)
                  00017ffc    00000160     Images.obj (.const:.string:g_pui8Go)
                  0001815c    0000015d     Images.obj (.const:.string:g_pui8idle)
                  000182b9    00000124     Images.obj (.const:.string:g_pui8Night)
                  000183dd    00000001     empty_pem4f.oem4f (.const:xdc_runtime_Error_policy__C)
                  000183de    00000002     empty_pem4f.oem4f (.const:ti_catalog_arm_cortexm4_tiva_ce_Boot_Module__id__C)
                  000183e0    00000120     Boot.aem4f : Boot_sysctl.oem4f (.const:g_pppui32XTALtoVCO)
                  00018500    00000107     GUIImg.obj (.const:.string:g_pui8arrowRight)
                  00018607    00000101     rtsv7M4_T_le_v4SPD16_eabi.lib : ctype.c.obj (.const:.string:_ctypes_)
                  00018708    000000f8     Images.obj (.const:.string:g_pui8Day)
                  00018800    000000e0     empty_pem4f.oem4f (.const:xdc_runtime_Text_nodeTab__A)
                  000188e0    000000c8     grlib.lib : fontcm16.obj (.const:g_sFontCm16)
                  000189a8    000000c8               : fontcm20.obj (.const:g_sFontCm20)
                  00018a70    000000c8               : fontcmss12.obj (.const:g_sFontCmss12)
                  00018b38    000000c8               : fontcmss12b.obj (.const:g_sFontCmss12b)
                  00018c00    000000c8               : fontcmss18b.obj (.const:g_sFontCmss18b)
                  00018cc8    000000c8               : fontcmss20.obj (.const:g_sFontCmss20)
                  00018d90    000000a5     GUIImg.obj (.const:.string:g_pui8arrowLeft)
                  00018e35    00000001     --HOLE-- [fill = 0]
                  00018e36    00000002     empty_pem4f.oem4f (.const:ti_sysbios_family_arm_m3_Hwi_Module__id__C)
                  00018e38    00000090     driverlib.lib : gpio.obj (.const:g_pui32GPIOBaseAddrs)
                  00018ec8    00000086     GlobalDraw.obj (.const:.string)
                  00018f4e    00000076     GUIImg.obj (.const:.string:g_pui8backBtn)
                  00018fc4    00000070     driverlib.lib : interrupt.obj (.const)
                  00019034    0000006c     Boot.aem4f : Boot_sysctl.oem4f (.const:g_pui32Xtals)
                  000190a0    00000060     MotorLib.lib : motorlib.obj (.const:PWM_config)
                  00019100    00000054     drivers_tivaware.aem4f : GPIOTiva.oem4f (.const:.string)
                  00019154    00000054     MotorLib.lib : motorlib.obj (.const:motorLibPWMTivaHWAttrs)
                  000191a8    0000004c     drivers_tivaware.aem4f : UARTTiva.oem4f (.const)
                  000191f4    00000048     empty_pem4f.oem4f (.const:.string)
                  0001923c    00000048     drivers_tivaware.aem4f : GPIOTiva.oem4f (.const:gpioBaseAddresses)
                  00019284    0000003c     empty_pem4f.oem4f (.const:ti_sysbios_knl_Task_Object__PARAMS__C)
                  000192c0    00000030     EK_TM4C1294XL.obj (.const:I2C_config)
                  000192f0    00000030     Boot.aem4f : Boot_sysctl.oem4f (.const:g_sXTALtoMEMTIM)
                  00019320    00000030     empty_pem4f.oem4f (.const:ti_sysbios_family_arm_m3_Hwi_Object__PARAMS__C)
                  00019350    00000030     empty_pem4f.oem4f (.const:xdc_runtime_Startup_sfxnTab__A)
                  00019380    00000028     drivers_tivaware.aem4f : UARTTiva.oem4f (.const:UARTTiva_fxnTable)
                  000193a8    00000028     Kentec320x240x16_ssd2119_spi.obj (.const:g_sKentec320x240x16_SSD2119)
                  000193d0    00000028     empty_pem4f.oem4f (.const:ti_sysbios_heaps_HeapMem_Module__FXNS__C)
                  000193f8    00000028     empty_pem4f.oem4f (.const:ti_sysbios_knl_Swi_Object__PARAMS__C)
                  00019420    00000024     drivers_tivaware.aem4f : UART.oem4f (.const:UART_defaultParams)
                  00019444    00000024     EK_TM4C1294XL.obj (.const:i2cTivaHWAttrs)
[...]
00019a80  xdc_runtime_Core_Module__diagsMask__C                                
00019a84  xdc_runtime_Error_E_generic__C                                       
00019a88  xdc_runtime_Error_E_memory__C                                        
00019a8c  xdc_runtime_Error_Module__diagsEnabled__C                            
00019a90  xdc_runtime_Error_Module__diagsIncluded__C                           
00019a94  xdc_runtime_Error_Module__diagsMask__C                               
00019a98  xdc_runtime_Error_Module__loggerFxn8__C                              
00019a9c  xdc_runtime_Error_Module__loggerObj__C                               
00019aa0  xdc_runtime_Error_policyFxn__C                                       
00019aa4  xdc_runtime_Error_raiseHook__C                                       
00019aa8  xdc_runtime_IGateProvider_Interface__BASE__C                         
00019aac  xdc_runtime_IHeap_Interface__BASE__C                                 
00019ab0  xdc_runtime_IModule_Interface__BASE__C                               
00019ab4  xdc_runtime_Log_L_error__C                                           
00019ab8  xdc_runtime_Memory_defaultHeapInstance__C                            
00019abc  xdc_runtime_Startup_execImpl__C                                      
00019ac0  xdc_runtime_Startup_lastFxns__A                                      
00019ac4  xdc_runtime_Startup_maxPasses__C                                     
00019ac8  xdc_runtime_Startup_sfxnRts__C                                       
00019acc  xdc_runtime_Startup_sfxnTab__C                                       
00019ad0  xdc_runtime_SysMin_bufSize__C                                        
00019ad4  xdc_runtime_SysMin_outputFunc__C                                     
00019ad8  xdc_runtime_System_Module__gateObj__C                                
00019adc  xdc_runtime_System_abortFxn__C                                       
00019ae0  xdc_runtime_System_exitFxn__C                                        
00019ae4  xdc_runtime_System_extendFxn__C                                      
00019ae8  xdc_runtime_System_maxAtexitHandlers__C                              
00019aec  xdc_runtime_Text_charTab__C                                          
00019af0  xdc_runtime_Text_nameEmpty__C                                        
00019af4  xdc_runtime_Text_nameStatic__C                                       
00019af8  xdc_runtime_Text_nameUnknown__C                                      
00019afc  xdc_runtime_Text_nodeTab__C                                          
00019b00  xdc_runtime_Text_visitRopeFxn__C                                     
00019b04  ti_sysbios_gates_GateMutex_Module__id__C                             
00019b06  ti_sysbios_gates_GateSwi_Module__id__C                               
00019b08  ti_sysbios_hal_Hwi_Module__id__C                                     
00019b0a  ti_sysbios_heaps_HeapMem_Module__id__C                               
00019b0c  ti_sysbios_knl_Clock_Module__id__C                                   
00019b0e  ti_sysbios_knl_Event_Module__id__C                                   
00019b10  ti_sysbios_knl_Semaphore_Module__id__C                               
00019b12  ti_sysbios_knl_Swi_Module__id__C                                     
00019b14  ti_sysbios_knl_Task_Module__id__C                                    
00019b16  xdc_runtime_Core_Module__id__C                                       
00019b18  xdc_runtime_Error_Module__loggerDefined__C                           
00019b1a  xdc_runtime_Error_maxDepth__C                                        
00019b1c  xdc_runtime_Main_Module__id__C                                       
00019b1e  xdc_runtime_Memory_Module__id__C                                     
00019b20  xdc_runtime_SysMin_flushAtExit__C                                    
00019b22  xdc_runtime_Text_charCnt__C                                          
00019b24  xdc_runtime_Text_isLoaded__C                                         
00019b26  xdc_runtime_Text_registryModsLastId__C                               
00019b28  xdc_runtime_Text_unnamedModsLastId__C                                
00019b30  __TI_static_base__                                                   
00019f58  __TI_Handler_Table_Base                                              
00019f64  __TI_Handler_Table_Limit                                             
00019f78  __TI_CINIT_Base                                                      
00019f90  __TI_CINIT_Limit                                                     
20000000  __start___llvm_prf_cnts                                              
20000000  __stop___llvm_prf_cnts                                               
20000000  ti_sysbios_family_arm_m3_Hwi_ramVectors                              
20000400  ti_sysbios_heaps_HeapMem_Instance_State_0_buf__A                     
20001400  readAccelStack                                                       
20001c00  readCurrentStack                                                     
20002400  readLightStack                                                       
20002c00  task0Stack                                                           
20003400  taskTouchStack                                                       
20003c00  psDMAControlTable                                                    
20004000  xdc_runtime_SysMin_Module_State_0_outbuf__A                          
20004400  ti_sysbios_family_arm_m3_Hwi_dispatchTable                           
20004760  ti_sysbios_knl_Task_Instance_State_0_stack__A                        
20004960  AccelData                                                            
20004af0  CurrentData                                                          
20004c80  LightData                                                            
20004e10  VelocityData                                                         
20004fa0  i2cTivaObjects                                                       
20005260  __CIOBUF_                                                            
20005380  adcBuffer2                                                           
20005488  bmi160_accel_values                                                  
20005578  uartTivaObjects                                                      
20005644  EstopEvent                                                           
20005648  Sensor_Filtered_Buffer                                               
200056e8  VelocityBuffer                                                       
20005818  readAccelStruct                                                      
20005868  readCurrentStruct                                                    
200058b8  readLightStruct                                                      
20005908  task0Struct                                                          
20005958  taskTouchStruct                                                      
200059a8  motorLibPWMObjects                                                   
200059e0  sContext                                                             
20005a0c  ScreenGate                                                           
20005a10  adc_current_values                                                   
20005a38  opt3001_light_values                                                 
20005a60  clk0Struct                                                           
20005ac4  uartTivaRingBuffer                                                   
20005ae4  SwiPrams                                                             
20005afc  datetime                                                             
20005b14  gHwiprms                                                             
20005b2c  motorLibPWMTimerObjects                                              
20005b44  evtStruct                                                            
20005b68  i2cParams                                                            
20005b98  AccBox                                                               
20005ba0  Banner                                                               
20005ba8  BannerB                                                              
20005bb0  Distbox                                                              
20005bb8  clearBox                                                             
20005bc0  graphClear                                                           
20005bc8  parmbuf                                                              
20005bd0  SwiGate                                                              
20005bd4  SwiHandle                                                            
20005bd8  g_pi32ParmSet                                                        
20005be0  g_ui32Panel                                                          
20005be4  gateHwi                                                              
20005bec  i2c                                                                  
20005bf0  postedStop                                                           
20005bf4  swiAccelSensorFilterHandle                                           
20005bf8  swiCurrentSensorFilterHandle                                         
20005bfc  swiLightSensorFilterHandle                                           
20005c00  uart                                                                 
20005c04  g_i16TouchX                                                          
20005c06  g_i16TouchY                                                          
20005c08  ti_sysbios_family_arm_lm4_Timer_Object__table__V                     
20005c88  ti_sysbios_knl_Swi_Module_State_0_readyQ__A                          
20005d08  ti_sysbios_knl_Task_Module_State_0_readyQ__A                         
20005d88  VelocitySecond                                                       
20005d90  bufferpos                                                            
20005d98  current_Des                                                          
20005da0  Hall_changed                                                         
20005da8  desired_speed                                                        
20005db0  estop                                                                
20005db8  pwm_current                                                          
20005dc0  error_sum                                                            
20005dc8  current_speed                                                        
20005dd0  current_speed_estop                                                  
20005dd8  previous_speed                                                       
20005de0  previous_speed_estop                                                 
20005de8  noMove                                                               
20005dec  Stop                                                                 
20005ded  SelectedScreen                                                       
20005dee  OnSensorPage                                                         
20005def  OnMotorPage                                                          
20005df0  MotorSpeedSlider                                                     
20005e4c  AccDownBtn                                                           
20005e9c  AccUpBtn                                                             
20005eec  CurrentDownBtn                                                       
20005f3c  CurrentUpBtn                                                         
20005f8c  DistDownBtn                                                          
20005fdc  DistUpBtn                                                            
2000602c  GraphPgBtn                                                           
2000607c  LightGraphBtn                                                        
200060cc  MotorGraphBtn                                                        
2000611c  MotorMode                                                            
2000616c  MotorPgBtn                                                           
200061bc  PowerGraphBtn                                                        
2000620c  SensorPgBtn                                                          
2000625c  TestGraphBtn                                                         
200062ac  backGraphBtn                                                         
200062fc  backGraphSelectBtn                                                   
2000634c  backMotorBtn                                                         
2000639c  backSensorBtn                                                        
200063ec  ti_sysbios_knl_Task_Object__table__V                                 
20006438  ti_sysbios_family_arm_m3_Hwi_Object__table__V                        
20006480  LightSecond                                                          
20006488  CurrentSecond                                                        
20006490  AccelSecond                                                          
20006498  MaxCurrent                                                           
200064a0  opt3001_filteredValue                                                
200064a8  FilteredAccelPos                                                     
200064b0  bmi160_filteredValue                                                 
200064b8  current_filteredValue                                                
200064c0  bufferCurrent                                                        
200064c4  ti_sysbios_knl_Task_Module__state__V                                 
20006508  g_Acceleration                                                       
20006548  g_MotorStat                                                          
20006588  g_sCanvas2                                                           
200065c8  g_sCanvas3                                                           
20006608  g_text                                                               
20006648  ti_sysbios_family_arm_lm4_Timer_Module_State_0_device__A             
20006688  ti_sysbios_hal_SecondsClock_Module__state__V                         
200066c4  ti_sysbios_family_arm_m3_Hwi_Module__state__V                        
200066f8  ti_sysbios_knl_Swi_Object__table__V                                  
20006728  g_sRoot                                                              
20006756  ti_sysbios_family_arm_m3_Hwi_Module_State_0_excActive__A             
20006758  ti_sysbios_knl_Clock_Module__state__V                                
20006784  ti_sysbios_BIOS_Module__state__V                                     
200067a8  ti_sysbios_family_arm_lm4_Timer_Module_State_0_handles__A            
200067c8  gpioPinConfigs                                                       
200067e4  ti_sysbios_gates_GateMutex_Object__table__V                          
20006800  ti_sysbios_knl_Swi_Module__state__V                                  
20006834  ti_sysbios_gates_GateMutexPri_Object__table__V                       
2000684c  ti_sysbios_heaps_HeapMem_Object__table__V                            
20006864  motorStartStop                                                       
20006865  HA                                                                   
20006866  HB                                                                   
20006867  HC                                                                   
20006868  LowLight                                                             
20006869  ongraph                                                              
2000686c  currentDirection                                                     
20006870  CurrentMotorStat                                                     
20006874  CurrentAcceleration                                                  
20006878  ti_sysbios_family_arm_lm4_Timer_Module__state__V                     
20006884  xdc_runtime_SysMin_Module__state__V                                  
20006890  _lock                                                                
20006894  _unlock                                                              
20006898  gpioCallbackFunctions                                                
200068a0  ti_sysbios_family_arm_lm4_TimestampProvider_Module__state__V         
200068a8  ti_sysbios_family_arm_m3_Hwi_Module__root__V                         
200068b0  ti_sysbios_gates_GateHwi_Module__root__V                             
200068b8  ti_sysbios_gates_GateMutexPri_Module__root__V                        
200068c0  ti_sysbios_gates_GateMutex_Module__root__V                           
200068c8  ti_sysbios_gates_GateSwi_Module__root__V                             
200068d0  ti_sysbios_heaps_HeapMem_Module__root__V                             
200068d8  ti_sysbios_knl_Clock_Module__root__V                                 
200068e0  ti_sysbios_knl_Event_Module__root__V                                 
200068e8  ti_sysbios_knl_Queue_Module__root__V                                 
200068f0  ti_sysbios_knl_Semaphore_Module__root__V                             
200068f8  ti_sysbios_knl_Swi_Module__root__V                                   
20006900  ti_sysbios_knl_Task_Module__root__V                                  
20006908  xdc_runtime_Registry_Module__state__V                                
20006910  xdc_runtime_Startup_Module__state__V                                 
20006918  xdc_runtime_System_Module_State_0_atexitHandlers__A                  
20006920  xdc_runtime_System_Module__state__V                                  
20006928  AccelStop                                                            
2000692a  PowerEstop                                                           
2000692c  EStop                                                                
2000692e  xdc_runtime_Error_Module__state__V                                   
20006935  LightGraph                                                           
20006936  AccelGraph                                                           
20006937  CurrentGraph                                                         
20006938  VelocityGraph                                                        
2000693c  MaxAccel                                                             
2000694c  errno                                                                
20006950  main_func_sp                                                         
20006954  ti_sysbios_family_arm_m3_Hwi_Module_State_0_excContext__A            
20006958  ti_sysbios_family_arm_m3_Hwi_Module_State_0_excStack__A              
2000695c  ti_sysbios_gates_GateHwi_Object__table__V                            
20006960  ti_sysbios_knl_Task_Module_State_0_idleTask__A                       
20006964  g_i16TouchMin                                                        
20006968  xdc_runtime_Memory_Module__state__V                                  
20006970  __stack                                                              
20006d70  __STACK_END                                                          
e000e000  ti_sysbios_family_arm_m3_Hwi_nvic                                    
ffffffff  __TI_pprof_out_hndl                                                  
ffffffff  __TI_prof_data_size                                                  
ffffffff  __TI_prof_data_start                                                 
ffffffff  __binit__                                                            
ffffffff  __c_args__                                                           
ffffffff  binit                                                                
UNDEFED   SHT$$INIT_ARRAY$$Base                                                
UNDEFED   SHT$$INIT_ARRAY$$Limit                                               

[1137 symbols]
