******************************************************************************
                  TI ARM Linker PC v20.2.5                     
******************************************************************************
>> Linked Thu May 19 19:34:38 2022

OUTPUT FILE NAME:   <EGH456MotorProject.out>
ENTRY POINT SYMBOL: "_c_int00"  address: 0000b285


MEMORY CONFIGURATION

         name            origin    length      used     unused   attr    fill
----------------------  --------  ---------  --------  --------  ----  --------
  FLASH                 00000000   00100000  00016038  000e9fc8  R  X
  SRAM                  20000000   00040000  00003922  0003c6de  RW X


SEGMENT ALLOCATION MAP

run origin  load origin   length   init length attrs members
----------  ----------- ---------- ----------- ----- -------
00000000    00000000    00016048   00016048    r-x
  00000000    00000000    0000003c   0000003c    r-- .resetVecs
  00000040    00000040    0000e72a   0000e72a    r-x .text
  0000e770    0000e770    00007362   00007362    r-- .const
  00015ad8    00015ad8    00000570   00000570    r-- .cinit
20000000    20000000    00000360   00000000    rw-
  20000000    20000000    00000360   00000000    rw- .vecs
20000400    20000400    000035c8   00000000    rw-
  20000400    20000400    0000247a   00000000    rw- .bss
  20002880    20002880    00000e48   00000000    rw- .data
  200036c8    200036c8    00000300   00000000    rw- .stack


SECTION ALLOCATION MAP

 output                                  attributes/
section   page    origin      length       input sections
--------  ----  ----------  ----------   ----------------
.text      0    00000040    0000e72a     
                  00000040    00000a4e     rtsv7M4_T_le_v4SPD16_eabi.lib : _printfi.c.obj (.text:__TI_printfi)
                  00000a8e    00000002                                   : _lock.c.obj (.text:_nop)
                  00000a90    000006ac     MotorLib.lib : motorlib.obj (.text)
                  0000113c    00000004     driverlib.lib : i2c.obj (.text:I2CMasterControl)
                  00001140    00000430     sysbios.aem4f : BIOS.obj (.text:ti_sysbios_family_arm_m3_Hwi_excDumpRegs__I)
                  00001570    0000039c     GlobalDraw.obj (.text:MotorPage)
                  0000190c    00000394     GlobalDraw.obj (.text:GraphPrimitive)
                  00001ca0    00000374     grlib.lib : image.obj (.text:InternalImageDraw)
                  00002014    0000034c     ti.targets.arm.rtsarm.aem4f : System.oem4f (.text:xdc_runtime_System_doPrint__I)
                  00002360    00000304     GlobalDraw.obj (.text:SensorPage)
                  00002664    000002f8     grlib.lib : image.obj (.text:PixelTransparentDraw)
                  0000295c    000002c8     GlobalDraw.obj (.text:TopBarDraw)
                  00002c24    000002c6     grlib.lib : slider.obj (.text:SliderPaint)
                  00002eea    00000002     rtsv7M4_T_le_v4SPD16_eabi.lib : div0.asm.obj (.text)
                  00002eec    000002b0     Clock.obj (.text:timeConvert)
                  0000319c    00000004     driverlib.lib : i2c.obj (.text:I2CMasterDataGet)
                  000031a0    000002a4     sysbios.aem4f : BIOS.obj (.text:ti_sysbios_knl_Semaphore_pend__E)
                  00003444    00000270     rtsv7M4_T_le_v4SPD16_eabi.lib : _printfi.c.obj (.text:_pconv_a)
                  000036b4    00000004     driverlib.lib : i2c.obj (.text:I2CMasterDataPut)
                  000036b8    0000026c     sysbios.aem4f : BIOS.obj (.text:ti_sysbios_heaps_HeapMem_free__E)
                  00003924    00000268     touch.obj (.text:TouchScreenDebouncer)
                  00003b8c    00000254     grlib.lib : string.obj (.text:GrFontGlyphRender)
                  00003de0    00000250     sysbios.aem4f : BIOS.obj (.text:ti_sysbios_heaps_HeapMem_alloc__E)
                  00004030    00000234                   : BIOS.obj (.text:ti_sysbios_knl_Task_Instance_finalize__E)
                  00004264    00000004     driverlib.lib : uart.obj (.text:UARTIntClear)
                  00004268    00000210     sysbios.aem4f : BIOS.obj (.text:ti_sysbios_family_arm_lm4_Timer_Instance_init__E)
                  00004478    0000020c     drivers_tivaware.aem4f : UARTTiva.oem4f (.text:UARTTiva_open)
                  00004684    00000204     Boot.aem4f : Boot_sysctl.oem4f (.text:ti_catalog_arm_cortexm4_tiva_ce_Boot_sysCtlClockFreqSetI__I)
                  00004888    000001f4     sysbios.aem4f : BIOS.obj (.text:ti_sysbios_family_arm_m3_Hwi_excHandlerMax__I)
                  00004a7c    000001e4     Kentec320x240x16_ssd2119_spi.obj (.text:Kentec320x240x16_SSD2119Init)
                  00004c60    000001dc     Kentec320x240x16_ssd2119_spi.obj (.text:Kentec320x240x16_SSD2119PixelDrawMultiple)
                  00004e3c    000001d0     rtsv7M4_T_le_v4SPD16_eabi.lib : _printfi.c.obj (.text:_pconv_g)
                  0000500c    00000004     grlib.lib : widget.obj (.text:WidgetDefaultMsgProc)
                  00005010    000001c8     sysbios.aem4f : BIOS.obj (.text:ti_sysbios_knl_Task_sleep__E)
                  000051d8    000001c0                   : BIOS.obj (.text:ti_sysbios_knl_Task_Instance_init__E)
                  00005398    000001b6     rtsv7M4_T_le_v4SPD16_eabi.lib : fd_add_t2.asm.obj (.text)
                  0000554e    00000002     empty_pem4f.oem4f (.text:ti_sysbios_BIOS_nullFunc__I)
                  00005550    000001a0     empty.obj (.text:heartBeatFxn)
                  000056f0    000001a0     sysbios.aem4f : BIOS.obj (.text:ti_sysbios_gates_GateMutexPri_enter__E)
                  00005890    00000190     grlib.lib : canvas.obj (.text:CanvasPaint)
                  00005a20    0000017e               : pushbutton.obj (.text:RectangularButtonPaint)
                  00005b9e    00000002     empty_pem4f.oem4f (.text:xdc_runtime_Startup_reset__I)
                  00005ba0    00000178     touch.obj (.text:TouchScreenIntHandler)
                  00005d18    00000174     sysbios.aem4f : BIOS.obj (.text:ti_sysbios_family_arm_m3_Hwi_excBusFault__I)
                  00005e8c    00000170     drivers_tivaware.aem4f : PWMTiva.oem4f (.text:PWMTiva_open)
                  00005ffc    00000004     rtsv7M4_T_le_v4SPD16_eabi.lib : exit.c.obj (.text:abort:abort)
                  00006000    00000164     sysbios.aem4f : BIOS.obj (.text:ti_sysbios_family_arm_m3_Hwi_excUsageFault__I)
                  00006164    00000150     drivers_tivaware.aem4f : GPIOTiva.oem4f (.text:GPIO_setConfig)
                  000062b4    00000004     empty_pem4f.oem4f (.text:ti_sysbios_BIOS_RtsGateProxy_enter__E)
                  000062b8    00000148     sysbios.aem4f : BIOS.obj (.text:ti_sysbios_family_arm_m3_Hwi_excMemFault__I)
                  00006400    0000013c     rtsv7M4_T_le_v4SPD16_eabi.lib : _printfi.c.obj (.text:_pconv_e)
                  0000653c    00000004     empty_pem4f.oem4f (.text:ti_sysbios_BIOS_RtsGateProxy_leave__E)
                  00006540    0000013c     sysbios.aem4f : BIOS.obj (.text:ti_sysbios_heaps_HeapMem_Instance_init__E)
                  0000667c    00000136     rtsv7M4_T_le_v4SPD16_eabi.lib : fd_div_t2.asm.obj (.text)
                  000067b2    00000006     driverlib.lib : gpio.obj (.text:GPIOIntClear)
                  000067b8    00000134     sysbios.aem4f : BIOS.obj (.text:ti_sysbios_knl_Task_setPri__E)
                  000068ec    00000130     GlobalDraw.obj (.text:BannerInit)
                  00006a1c    00000130     driverlib.lib : gpio.obj (.text:GPIOPadConfigSet)
                  00006b4c    00000124     rtsv7M4_T_le_v4SPD16_eabi.lib : _printfi.c.obj (.text:fcvt)
                  00006c70    00000120     empty.obj (.text:main)
                  00006d90    00000118     ti.targets.arm.rtsarm.aem4f : Error.oem4f (.text:xdc_runtime_Error_policyDefault__E)
                  00006ea8    00000114     drivers_tivaware.aem4f : PWMTimerTiva.oem4f (.text:PWMTimerTiva_open)
                  00006fbc    00000110     rtsv7M4_T_le_v4SPD16_eabi.lib : s_scalbn.c.obj (.text:scalbn)
                  000070cc    0000010c     Kentec320x240x16_ssd2119_spi.obj (.text:Kentec320x240x16_SSD2119RectFill)
                  000071d8    0000010c     touch.obj (.text:TouchScreenInit)
                  000072e4    00000004     sysbios.aem4f : BIOS.obj (.text:ti_sysbios_family_arm_lm4_Timer_masterEnable__I)
                  000072e8    00000108                   : BIOS.obj (.text:ti_sysbios_family_arm_lm4_Timer_start__E)
                  000073f0    00000108                   : BIOS.obj (.text:ti_sysbios_knl_Clock_Instance_init__E)
                  000074f8    00000106     grlib.lib : line.obj (.text:GrLineDraw)
                  000075fe    00000002     --HOLE-- [fill = 0]
                  00007600    00000100     ti.targets.arm.rtsarm.aem4f : Core-mem.oem4f (.text:xdc_runtime_Core_createObject__I)
                  00007700    000000fc     rtsv7M4_T_le_v4SPD16_eabi.lib : fd_mul_t2.asm.obj (.text)
                  000077fc    000000f8                                   : s_floor.c.obj (.text:floor)
                  000078f4    000000f8     ti.targets.arm.rtsarm.aem4f : Startup.oem4f (.text:xdc_runtime_Startup_startMods__I)
                  000079ec    000000f8     empty_pem4f.oem4f (.text:xdc_runtime_System_printfExtend__I)
                  00007ae4    000000f4     GlobalDraw.obj (.text:graphSelectPage)
                  00007bd8    000000f4     sysbios.aem4f : m3_Hwi_asm.obj (.text:ti_sysbios_family_arm_m3_Hwi_dispatch__I)
                  00007ccc    000000f2     grlib.lib : pushbutton.obj (.text:RectangularButtonClick)
                  00007dbe    000000f0     drivers_tivaware.aem4f : PWMTiva.oem4f (.text:PWMTiva_setDuty)
                  00007eae    00000002     --HOLE-- [fill = 0]
                  00007eb0    000000ec     sysbios.aem4f : BIOS.obj (.text:ti_sysbios_knl_Semaphore_post__E)
                  00007f9c    000000e8     grlib.lib : widget.obj (.text:WidgetMessageQueueAdd)
                  00008084    000000e0     drivers_tivaware.aem4f : I2CTiva.oem4f (.text:I2CTiva_open)
                  00008164    000000d8     GlobalDraw.obj (.text:MainPage)
                  0000823c    000000d6     drivers_tivaware.aem4f : I2CTiva.oem4f (.text:I2CTiva_hwiFxn)
                  00008312    000000d6     grlib.lib : slider.obj (.text:SliderClick)
                  000083e8    000000cc     ti.targets.arm.rtsarm.aem4f : Core-smem.oem4f (.text:xdc_runtime_Core_constructObject__I)
                  000084b4    000000c0     grlib.lib : string.obj (.text:GrDefaultStringRenderer)
                  00008574    00000004     empty_pem4f.oem4f (.text:ti_sysbios_family_arm_m3_Hwi_delete)
                  00008578    000000bc     sysbios.aem4f : BIOS.obj (.text:ti_sysbios_family_arm_m3_Hwi_excDebugMon__I)
                  00008634    00000004     empty_pem4f.oem4f (.text:ti_sysbios_family_arm_m3_Hwi_destruct)
                  00008638    000000bc     sysbios.aem4f : BIOS.obj (.text:ti_sysbios_family_arm_m3_Hwi_excHardFault__I)
                  000086f4    000000b8     EK_TM4C1294XL.obj (.text:EK_TM4C1294XL_initGeneral)
                  000087ac    000000b8     grlib.lib : line.obj (.text:GrLineClip)
                  00008864    000000b8     Kentec320x240x16_ssd2119_spi.obj (.text:InitSPILCDInterface)
                  0000891c    000000b8     drivers_tivaware.aem4f : PWMTimerTiva.oem4f (.text:PWMTimerTiva_setDuty)
                  000089d4    00000004     empty_pem4f.oem4f (.text:ti_sysbios_family_arm_m3_TaskSupport_Module__startupDone__S)
                  000089d8    000000b4     sysbios.aem4f : BIOS.obj (.text:ti_sysbios_gates_GateMutex_enter__E)
                  00008a8c    00000004     empty_pem4f.oem4f (.text:ti_sysbios_hal_Timer_TimerProxy_delete)
                  00008a90    000000b4     sysbios.aem4f : BIOS.obj (.text:ti_sysbios_knl_Task_checkStacks__E)
                  00008b44    000000b1     rtsv7M4_T_le_v4SPD16_eabi.lib : _printfi.c.obj (.text:_ltostr)
                  00008bf5    00000001     --HOLE-- [fill = 0]
                  00008bf6    000000b0     grlib.lib : slider.obj (.text:SliderValueToPosition)
                  00008ca6    000000ac     drivers_tivaware.aem4f : UARTTiva.oem4f (.text:readTaskBlocking)
                  00008d52    00000006     driverlib.lib : gpio.obj (.text:GPIOPinRead)
                  00008d58    000000ac     sysbios.aem4f : BIOS.obj (.text:ti_sysbios_family_arm_lm4_Timer_enableTiva__I)
                  00008e04    00000004     empty_pem4f.oem4f (.text:ti_sysbios_heaps_HeapMem_Module_GateProxy_enter__E)
                  00008e08    000000a4     sysbios.aem4f : BIOS.obj (.text:ti_sysbios_knl_Clock_Instance_finalize__E)
                  00008eac    000000a0     auto_init.aem4f : auto_init.oem4f (.text)
                  00008f4c    000000a0     ti.targets.arm.rtsarm.aem4f : Text.oem4f (.text:xdc_runtime_Text_putMod__E)
                  00008fec    0000009c     rtsv7M4_T_le_v4SPD16_eabi.lib : memcpy_t2.asm.obj (.text)
                  00009088    0000009c     sysbios.aem4f : BIOS.obj (.text:ti_sysbios_knl_Semaphore_Instance_init__E)
                  00009124    0000009a     ti.targets.arm.rtsarm.aem4f : Text.oem4f (.text:xdc_runtime_Text_putSite__E)
                  000091be    00000098     drivers_tivaware.aem4f : UARTTiva.oem4f (.text:UARTTiva_readPolling)
                  00009256    00000002     --HOLE-- [fill = 0]
                  00009258    00000098     Boot.aem4f : Boot.oem4f (.text:ti_catalog_arm_cortexm4_tiva_ce_Boot_sysCtlClockFreqSet__E)
                  000092f0    00000096     rtsv7M4_T_le_v4SPD16_eabi.lib : ull_div_t2.asm.obj (.text)
                  00009386    00000094     drivers_tivaware.aem4f : UARTTiva.oem4f (.text:UARTTiva_write)
                  0000941a    00000006     driverlib.lib : gpio.obj (.text:GPIOPinWrite)
                  00009420    00000094     sysbios.aem4f : BIOS.obj (.text:ti_sysbios_family_arm_m3_Hwi_Instance_init__E)
                  000094b4    00000004     empty_pem4f.oem4f (.text:ti_sysbios_heaps_HeapMem_Module_GateProxy_leave__E)
                  000094b8    00000094     sysbios.aem4f : BIOS.obj (.text:ti_sysbios_family_arm_m3_Hwi_initNVIC__E)
                  0000954c    0000008c     drivers_tivaware.aem4f : GPIOTiva.oem4f (.text:GPIO_init)
                  000095d8    0000008c                            : UARTTiva.oem4f (.text:UARTTiva_control)
                  00009664    0000008c     sysbios.aem4f : m3_TaskSupport_asm.obj (.text:ti_sysbios_family_arm_m3_TaskSupport_buildTaskStack)
                  000096f0    0000008c                   : BIOS.obj (.text:ti_sysbios_hal_SecondsClock_Module_startup__E)
                  0000977c    00000004     empty_pem4f.oem4f (.text:ti_sysbios_knl_Clock_TimerProxy_getFreq__E)
                  00009780    0000008c     sysbios.aem4f : BIOS.obj (.text:ti_sysbios_knl_Task_postInit__I)
                  0000980c    0000008a     drivers_tivaware.aem4f : UARTTiva.oem4f (.text:readIsrTextBlocking)
                  00009896    00000002     --HOLE-- [fill = 0]
                  00009898    00000088                            : PWMTiva.oem4f (.text:PWMTiva_control)
                  00009920    00000086     grlib.lib : rectangle.obj (.text:GrRectFill)
                  000099a6    00000086     rtsv7M4_T_le_v4SPD16_eabi.lib : fd_cmp_t2.asm.obj (.text:__aeabi_cdcmple)
                  00009a2c    00000086                                   : fd_cmp_t2.asm.obj (.text:__aeabi_cdrcmple)
                  00009ab2    00000084     GraphFunctions.obj (.text:ArrayUpdate)
                  00009b36    00000002     --HOLE-- [fill = 0]
                  00009b38    00000084     sysbios.aem4f : BIOS.obj (.text:ti_sysbios_family_arm_m3_Hwi_postInit__I)
                  00009bbc    00000082     drivers_tivaware.aem4f : UARTTiva.oem4f (.text:readIsrTextCallback)
                  00009c3e    00000080     grlib.lib : rectangle.obj (.text:GrRectIntersectGet)
                  00009cbe    0000007e     drivers_tivaware.aem4f : I2CTiva.oem4f (.text:I2CTiva_transfer)
                  00009d3c    0000007c     GlobalDraw.obj (.text:GraphPage)
                  00009db8    0000007c     sysbios.aem4f : BIOS.obj (.text:ti_sysbios_family_arm_lm4_Timer_disableTiva__I)
                  00009e34    0000007a     driverlib.lib : adc.obj (.text:ADCSequenceStepConfigure)
                  00009eae    0000007a     drivers_tivaware.aem4f : UARTTiva.oem4f (.text:readTaskCallback)
                  00009f28    0000007a     rtsv7M4_T_le_v4SPD16_eabi.lib : memset_t2.asm.obj (.text)
                  00009fa2    00000002     --HOLE-- [fill = 0]
                  00009fa4    00000074     GlobalDraw.obj (.text:InitScreen)
                  0000a018    00000074     sysbios.aem4f : BIOS.obj (.text:ti_sysbios_knl_Clock_start__E)
                  0000a08c    00000004     empty_pem4f.oem4f (.text:ti_sysbios_knl_Clock_TimerProxy_getMaxTicks__E)
                  0000a090    00000070     sysbios.aem4f : BIOS.obj (.text:ti_sysbios_knl_Clock_workFunc__E)
                  0000a100    00000070                   : BIOS.obj (.text:ti_sysbios_knl_Task_exit__E)
                  0000a170    0000006e     rtsv7M4_T_le_v4SPD16_eabi.lib : _printfi.c.obj (.text:_mcpy)
                  0000a1de    00000002     --HOLE-- [fill = 0]
                  0000a1e0    0000006d     ti.targets.arm.rtsarm.aem4f : System.oem4f (.text:xdc_runtime_System_formatNum__I)
                  0000a24d    00000003     --HOLE-- [fill = 0]
                  0000a250    0000006c     GraphFunctions.obj (.text:CalcAvg)
                  0000a2bc    0000006c     drivers_tivaware.aem4f : PWMTimerTiva.oem4f (.text:PWMTimerTiva_control)
                  0000a328    0000006c     empty_pem4f.oem4f (.text:ti_sysbios_family_arm_lm4_Timer_Object__create__S)
                  0000a394    00000004     empty_pem4f.oem4f (.text:ti_sysbios_knl_Clock_TimerProxy_getPeriod__E)
                  0000a398    0000006c     sysbios.aem4f : BIOS.obj (.text:ti_sysbios_gates_GateMutexPri_leave__E)
                  0000a404    00000004     empty_pem4f.oem4f (.text:ti_sysbios_knl_Clock_destruct)
                  0000a408    0000006c     sysbios.aem4f : BIOS.obj (.text:ti_sysbios_knl_Swi_restoreHwi__E)
                  0000a474    0000006c     drivers_tivaware.aem4f : UARTTiva.oem4f (.text:writeData)
                  0000a4e0    0000006c     ti.targets.arm.rtsarm.aem4f : Error.oem4f (.text:xdc_runtime_Error_print__E)
                  0000a54c    0000006c                                 : Memory.oem4f (.text:xdc_runtime_Memory_alloc__E)
                  0000a5b8    0000006a     drivers_tivaware.aem4f : PWMTiva.oem4f (.text:PWMTiva_close)
                  0000a622    00000002     --HOLE-- [fill = 0]
                  0000a624    00000068     GlobalDraw.obj (.text:BackMainMotorPage)
                  0000a68c    00000068     EK_TM4C1294XL.obj (.text:EK_TM4C1294XL_initI2C)
                  0000a6f4    00000068     grlib.lib : context.obj (.text:GrContextInit)
                  0000a75c    00000068               : string.obj (.text:GrStringWidthGet)
                  0000a7c4    00000068     driverlib.lib : interrupt.obj (.text:IntEnable)
                  0000a82c    00000068     Kentec320x240x16_ssd2119_spi.obj (.text:Kentec320x240x16_SSD2119LineDrawH)
                  0000a894    00000068     Kentec320x240x16_ssd2119_spi.obj (.text:Kentec320x240x16_SSD2119LineDrawV)
                  0000a8fc    00000068     rtsv7M4_T_le_v4SPD16_eabi.lib : copy_decompress_lzss.c.obj (.text:decompress:lzss:__TI_decompress_lzss)
                  0000a964    00000066     grlib.lib : context.obj (.text:GrContextClipRegionSet)
                  0000a9ca    00000066               : rectangle.obj (.text:GrRectDraw)
                  0000aa30    00000066     ti.targets.arm.rtsarm.aem4f : Core-mem.oem4f (.text:xdc_runtime_Core_deleteObject__I)
                  0000aa96    00000002     --HOLE-- [fill = 0]
                  0000aa98    00000064     drivers_tivaware.aem4f : GPIOTiva.oem4f (.text:GPIO_hwiIntFxn)
                  0000aafc    00000064     rtsv7M4_T_le_v4SPD16_eabi.lib : s_frexp.c.obj (.text:frexp)
                  0000ab60    00000064     sysbios.aem4f : BIOS.obj (.text:ti_sysbios_family_arm_lm4_Timer_Module_startup__E)
                  0000abc4    00000064     empty_pem4f.oem4f (.text:ti_sysbios_family_arm_m3_Hwi_create)
                  0000ac28    00000064     sysbios.aem4f : BIOS.obj (.text:ti_sysbios_family_arm_m3_Hwi_dispatchC__I)
                  0000ac8c    00000064     empty_pem4f.oem4f (.text:ti_sysbios_hal_Timer_create)
                  0000acf0    00000064     Clock.obj (.text:timer1sec)
                  0000ad54    00000062     drivers_tivaware.aem4f : I2CTiva.oem4f (.text:I2CTiva_primeTransfer)
                  0000adb6    00000062     opt3001.obj (.text:sensorOpt3001Read)
                  0000ae18    00000060     driverlib.lib : timer.obj (.text:TimerConfigure)
                  0000ae78    00000060     Kentec320x240x16_ssd2119_spi.obj (.text:WriteDataSPI)
                  0000aed8    00000060     sysbios.aem4f : BIOS.obj (.text:ti_sysbios_knl_Task_schedule__I)
                  0000af38    0000005e     drivers_tivaware.aem4f : UARTTiva.oem4f (.text:readIsrBinaryBlocking)
                  0000af96    0000005e     opt3001.obj (.text:sensorOpt3001Test)
                  0000aff4    0000005c     Kentec320x240x16_ssd2119_spi.obj (.text:WriteCommandSPI)
                  0000b050    0000005c     sysbios.aem4f : BIOS.obj (.text:ti_sysbios_knl_Swi_run__I)
                  0000b0ac    00000004     empty_pem4f.oem4f (.text:ti_sysbios_knl_Queue_destruct)
                  0000b0b0    0000005c     sysbios.aem4f : BIOS.obj (.text:ti_sysbios_knl_Swi_schedule__I)
                  0000b10c    00000004     empty_pem4f.oem4f (.text:ti_sysbios_knl_Semaphore_destruct)
                  0000b110    0000005c     sysbios.aem4f : BIOS.obj (.text:ti_sysbios_knl_Task_Module_startup__E)
                  0000b16c    00000004     ti.targets.arm.rtsarm.aem4f : Error.oem4f (.text:xdc_runtime_Error_getSite__E)
                  0000b170    0000005c     sysbios.aem4f : BIOS.obj (.text:ti_sysbios_knl_Task_startCore__E)
                  0000b1cc    0000005b     ti.targets.arm.rtsarm.aem4f : Text.oem4f (.text:xdc_runtime_Text_putLab__E)
                  0000b227    00000001     --HOLE-- [fill = 0]
                  0000b228    0000005a     grlib.lib : string.obj (.text:FontWideGlyphDataGet)
                  0000b282    00000002     --HOLE-- [fill = 0]
                  0000b284    00000058     boot.aem4f : boot.oem4f (.text)
                  0000b2dc    00000058     rtsv7M4_T_le_v4SPD16_eabi.lib : hostwrite.c.obj (.text:HOSTwrite)
                  0000b334    00000058     grlib.lib : slider.obj (.text:SliderPositionToValue)
                  0000b38c    00000058     driverlib.lib : timer.obj (.text:TimerControlTrigger)
                  0000b3e4    00000004     empty_pem4f.oem4f (.text:xdc_runtime_System_Module_GateProxy_enter__E)
                  0000b3e8    00000058     sysbios.aem4f : BIOS.obj (.text:ti_sysbios_family_arm_lm4_Timer_Instance_finalize__E)
                  0000b440    00000058     empty_pem4f.oem4f (.text:ti_sysbios_family_arm_m3_Hwi_construct)
                  0000b498    00000058     sysbios.aem4f : m3_Hwi_asm_switch.obj (.text:ti_sysbios_family_arm_m3_Hwi_initStacks__E)
                  0000b4f0    00000056     driverlib.lib : gpio.obj (.text:GPIOIntTypeSet)
                  0000b546    00000056     rtsv7M4_T_le_v4SPD16_eabi.lib : _printfi.c.obj (.text:_pconv_f)
                  0000b59c    00000054                                   : _ltoa.c.obj (.text:__TI_ltoa)
                  0000b5f0    00000054     drivers_tivaware.aem4f : UARTTiva.oem4f (.text:readIsrBinaryCallback)
                  0000b644    00000004     empty_pem4f.oem4f (.text:xdc_runtime_System_Module_GateProxy_leave__E)
                  0000b648    00000054     sysbios.aem4f : BIOS.obj (.text:ti_sysbios_family_arm_lm4_Timer_initDevice__I)
                  0000b69c    00000054     empty_pem4f.oem4f (.text:ti_sysbios_knl_Task_construct)
                  0000b6f0    00000054     i2cOptDriver.obj (.text:writeI2C)
                  0000b744    00000054     ti.targets.arm.rtsarm.aem4f : Assert.oem4f (.text:xdc_runtime_Assert_raise__I)
                  0000b798    00000052     rtsv7M4_T_le_v4SPD16_eabi.lib : _printfi.c.obj (.text:_ecpy)
                  0000b7ea    00000002     --HOLE-- [fill = 0]
                  0000b7ec    00000050     drivers_tivaware.aem4f : GPIOTiva.oem4f (.text:GPIO_setCallback)
                  0000b83c    00000050                            : GPIOTiva.oem4f (.text:GPIO_toggle)
                  0000b88c    00000050                            : GPIOTiva.oem4f (.text:GPIO_write)
                  0000b8dc    00000050                            : UARTTiva.oem4f (.text:UARTTiva_writeCancel)
                  0000b92c    00000050     Boot.aem4f : Boot_sysctl.oem4f (.text:_SysCtlFrequencyGet)
                  0000b97c    00000004     ti.targets.arm.rtsarm.aem4f : System.oem4f (.text:xdc_runtime_System_aprintf_va__F)
                  0000b980    00000050     sysbios.aem4f : BIOS.obj (.text:ti_sysbios_family_arm_m3_Hwi_Module_startup__E)
                  0000b9d0    00000050     ti.targets.arm.rtsarm.aem4f : Startup.oem4f (.text:xdc_runtime_Startup_exec__E)
                  0000ba20    00000050                                 : Text.oem4f (.text:xdc_runtime_Text_visitRope2__I)
                  0000ba70    0000004c     drivers_tivaware.aem4f : UARTTiva.oem4f (.text:UARTTiva_close)
                  0000babc    0000004c     grlib.lib : widget.obj (.text:WidgetRemove)
                  0000bb08    0000004c     rtsv7M4_T_le_v4SPD16_eabi.lib : atoi.c.obj (.text:atoi)
                  0000bb54    0000004c                                   : cpy_tbl.c.obj (.text:copy_in)
                  0000bba0    0000004c     sysbios.aem4f : BIOS.obj (.text:ti_sysbios_family_arm_lm4_Timer_setAvailMask__E)
                  0000bbec    00000004     ti.targets.arm.rtsarm.aem4f : System.oem4f (.text:xdc_runtime_System_printf_va__F)
                  0000bbf0    0000004c     sysbios.aem4f : BIOS.obj (.text:ti_sysbios_heaps_HeapMem_getStats__E)
                  0000bc3c    00000004     --HOLE-- [fill = 0]
                  0000bc40    0000004c                   : BIOS.obj (.text:ti_sysbios_knl_Swi_runLoop__I)
                  0000bc8c    00000004     --HOLE-- [fill = 0]
                  0000bc90    0000004c                   : BIOS.obj (.text:ti_sysbios_knl_Task_allBlockedFunction__I)
                  0000bcdc    00000004     --HOLE-- [fill = 0]
                  0000bce0    0000004c                   : BIOS.obj (.text:ti_sysbios_knl_Task_block__E)
                  0000bd2c    0000004a     drivers_tivaware.aem4f : PWMTimerTiva.oem4f (.text:PWMTimerTiva_close)
                  0000bd76    0000004a     grlib.lib : string.obj (.text:UpdateContextCharMapping)
                  0000bdc0    00000048     driverlib.lib : gpio.obj (.text:GPIOPinConfigure)
                  0000be08    00000048                   : i2c.obj (.text:I2CMasterInitExpClk)
                  0000be50    00000048     rtsv7M4_T_le_v4SPD16_eabi.lib : fd_toi_t2.asm.obj (.text)
                  0000be98    00000048     sysbios.aem4f : BIOS.obj (.text:ti_sysbios_family_arm_lm4_Timer_enableTimers__I)
                  0000bee0    00000048                   : BIOS.obj (.text:ti_sysbios_family_arm_m3_Hwi_disableInterrupt__E)
                  0000bf28    00000048                   : BIOS.obj (.text:ti_sysbios_family_arm_m3_Hwi_enableInterrupt__E)
                  0000bf70    00000048                   : BIOS.obj (.text:ti_sysbios_family_arm_m3_Hwi_excReserved__I)
                  0000bfb8    00000048                   : BIOS.obj (.text:ti_sysbios_hal_SecondsClock_increment__I)
                  0000c000    00000046     grlib.lib : line.obj (.text:GrLineDrawH)
                  0000c046    00000046               : line.obj (.text:GrLineDrawV)
                  0000c08c    00000046     Kentec320x240x16_ssd2119_spi.obj (.text:Kentec320x240x16_SSD2119PixelDraw)
                  0000c0d2    00000046     drivers_tivaware.aem4f : RingBuf.oem4f (.text:RingBuf_put)
                  0000c118    00000046     UARTLocal.obj (.text:initUART)
                  0000c15e    00000046     ti.targets.arm.rtsarm.aem4f : Core-params.oem4f (.text:xdc_runtime_Core_assignParams__I)
                  0000c1a4    00000044     i2cOptDriver.obj (.text:readI2C)
                  0000c1e8    00000044     sysbios.aem4f : BIOS.obj (.text:ti_sysbios_family_arm_lm4_Timer_isrStub__E)
                  0000c22c    00000004     --HOLE-- [fill = 0]
                  0000c230    00000044                   : BIOS.obj (.text:ti_sysbios_family_arm_m3_Hwi_getStackInfo__E)
                  0000c274    00000004     --HOLE-- [fill = 0]
                  0000c278    00000044                   : BIOS.obj (.text:ti_sysbios_knl_Swi_post__E)
                  0000c2bc    00000044     ti.targets.arm.rtsarm.aem4f : Error.oem4f (.text:xdc_runtime_Error_setX__E)
                  0000c300    00000044                                 : SysMin.oem4f (.text:xdc_runtime_SysMin_flush__E)
                  0000c344    00000044                                 : Text.oem4f (.text:xdc_runtime_Text_xprintf__I)
                  0000c388    00000042     driverlib.lib : uart.obj (.text:UARTConfigSetExpClk)
                  0000c3ca    00000042     drivers_tivaware.aem4f : UARTTiva.oem4f (.text:UARTTiva_hwiIntFxn)
                  0000c40c    00000042                            : UARTTiva.oem4f (.text:UARTTiva_writePolling)
                  0000c44e    00000040                            : RingBuf.oem4f (.text:RingBuf_get)
                  0000c48e    00000040                            : UARTTiva.oem4f (.text:UARTTiva_read)
                  0000c4ce    00000040     rtsv7M4_T_le_v4SPD16_eabi.lib : u_divt2.asm.obj (.text)
                  0000c50e    00000002     --HOLE-- [fill = 0]
                  0000c510    00000040                                   : sprintf.c.obj (.text:sprintf)
                  0000c550    00000040     sysbios.aem4f : BIOS.obj (.text:ti_sysbios_family_arm_lm4_Timer_startup__E)
                  0000c590    00000040                   : BIOS.obj (.text:ti_sysbios_hal_SecondsClock_getTime__E)
                  0000c5d0    0000003e     driverlib.lib : adc.obj (.text:ADCSequenceConfigure)
                  0000c60e    0000003e     rtsv7M4_T_le_v4SPD16_eabi.lib : _printfi.c.obj (.text:_fcpy)
                  0000c64c    0000003c     GraphFunctions.obj (.text:CalcNoRemainder)
                  0000c688    0000003c     i2cOptDriver.obj (.text:InitI2C)
                  0000c6c4    0000003c     SensorsClock.obj (.text:InitSensorsHWI)
                  0000c700    0000003c     driverlib.lib : ssi.obj (.text:SSIConfigSetExpClk)
                  0000c73c    00000004     --HOLE-- [fill = 0]
                  0000c740    0000003c     sysbios.aem4f : BIOS.obj (.text:ti_sysbios_family_arm_m3_Hwi_excSvCall__I)
                  0000c77c    00000004     --HOLE-- [fill = 0]
                  0000c780    0000003c                   : BIOS.obj (.text:ti_sysbios_heaps_HeapMem_init__I)
                  0000c7bc    00000004     --HOLE-- [fill = 0]
                  0000c7c0    0000003c                   : BIOS.obj (.text:ti_sysbios_knl_Swi_restore__E)
                  0000c7fc    0000003a     grlib.lib : string.obj (.text:FontGlyphDataGet)
                  0000c836    0000003a     drivers_tivaware.aem4f : I2CTiva.oem4f (.text:I2CTiva_completeTransfer)
                  0000c870    00000038     grlib.lib : rectangle.obj (.text:GrRectOverlapCheck)
                  0000c8a8    00000038     drivers_tivaware.aem4f : I2C.oem4f (.text:I2C_init)
                  0000c8e0    00000038                            : PWM.oem4f (.text:PWM_init)
                  0000c918    00000038     GlobalDraw.obj (.text:RemoveGraphSelect)
                  0000c950    00000038     driverlib.lib : sysctl.obj (.text:SysCtlPeripheralReady)
                  0000c988    00000038     drivers_tivaware.aem4f : UART.oem4f (.text:UART_init)
                  0000c9c0    00000038     rtsv7M4_T_le_v4SPD16_eabi.lib : trgmsg.c.obj (.text:__TI_writemsg)
                  0000c9f8    00000038                                   : fs_tod_t2.asm.obj (.text)
                  0000ca30    00000038     sysbios.aem4f : BIOS.obj (.text:ti_sysbios_family_arm_m3_Hwi_excNoIsr__I)
                  0000ca68    00000038     ti.targets.arm.rtsarm.aem4f : SysMin.oem4f (.text:xdc_runtime_SysMin_putch__E)
                  0000caa0    00000038                                 : System.oem4f (.text:xdc_runtime_System_atexit__E)
                  0000cad8    00000036     grlib.lib : line.obj (.text:GrClipCodeGet)
                  0000cb0e    00000036     drivers_tivaware.aem4f : I2CTiva.oem4f (.text:I2CTiva_close)
                  0000cb44    00000036                            : UARTTiva.oem4f (.text:UARTTiva_readCancel)
                  0000cb7a    00000002     --HOLE-- [fill = 0]
                  0000cb7c    00000034     driverlib.lib : sysctl.obj (.text:SysCtlPeripheralEnable)
                  0000cbb0    00000034     rtsv7M4_T_le_v4SPD16_eabi.lib : trgmsg.c.obj (.text:__TI_readmsg)
                  0000cbe4    00000034     SensorsClock.obj (.text:calcPeriod)
                  0000cc18    00000034     sysbios.aem4f : BIOS.obj (.text:ti_sysbios_family_arm_lm4_Timer_setPeriodMicroSecs__E)
                  0000cc4c    00000004     --HOLE-- [fill = 0]
                  0000cc50    00000034                   : BIOS.obj (.text:ti_sysbios_family_arm_m3_Hwi_Instance_finalize__E)
                  0000cc84    00000004     --HOLE-- [fill = 0]
                  0000cc88    00000034                   : BIOS.obj (.text:ti_sysbios_family_arm_m3_Hwi_excNmi__I)
                  0000ccbc    00000004     --HOLE-- [fill = 0]
                  0000ccc0    00000034                   : BIOS.obj (.text:ti_sysbios_hal_Hwi_checkStack)
                  0000ccf4    00000034     empty_pem4f.oem4f (.text:ti_sysbios_knl_Clock_construct)
                  0000cd28    00000034     ti.targets.arm.rtsarm.aem4f : Core-label.oem4f (.text:xdc_runtime_Core_assignLabel__I)
                  0000cd5c    00000033                                 : Text.oem4f (.text:xdc_runtime_Text_printVisFxn__I)
                  0000cd8f    00000001     --HOLE-- [fill = 0]
                  0000cd90    00000032     sysbios.aem4f : BIOS.obj (.text:ti_sysbios_hal_Hwi_initStack)
                  0000cdc2    00000002     --HOLE-- [fill = 0]
                  0000cdc4    00000030     drivers_tivaware.aem4f : I2C.oem4f (.text:I2C_open)
                  0000cdf4    00000030                            : PWMTiva.oem4f (.text:PWMTiva_init)
                  0000ce24    00000030                            : PWM.oem4f (.text:PWM_open)
                  0000ce54    00000030                            : UART.oem4f (.text:UART_open)
                  0000ce84    00000030     empty_pem4f.oem4f (.text:ti_sysbios_BIOS_atExitFunc__I)
                  0000ceb4    00000004     --HOLE-- [fill = 0]
                  0000ceb8    00000030     sysbios.aem4f : BIOS.obj (.text:ti_sysbios_family_arm_lm4_Timer_stop__E)
                  0000cee8    00000030                   : BIOS.obj (.text:ti_sysbios_family_arm_m3_TaskSupport_start__E)
                  0000cf18    00000030     empty_pem4f.oem4f (.text:ti_sysbios_gates_GateHwi_Object__create__S)
                  0000cf48    00000030     empty_pem4f.oem4f (.text:ti_sysbios_gates_GateMutexPri_Object__create__S)
                  0000cf78    00000030     empty_pem4f.oem4f (.text:ti_sysbios_gates_GateMutexPri_create)
                  0000cfa8    00000030     empty_pem4f.oem4f (.text:ti_sysbios_gates_GateMutex_Object__create__S)
                  0000cfd8    00000030     empty_pem4f.oem4f (.text:ti_sysbios_heaps_HeapMem_Object__create__S)
                  0000d008    00000030     empty_pem4f.oem4f (.text:ti_sysbios_knl_Semaphore_construct)
                  0000d038    00000030     sysbios.aem4f : BIOS.obj (.text:ti_sysbios_knl_Semaphore_pendTimeout__I)
                  0000d068    00000030                   : BIOS.obj (.text:ti_sysbios_knl_Task_processVitalTaskFlag__I)
                  0000d098    00000030                   : BIOS.obj (.text:ti_sysbios_knl_Task_unblockI__E)
                  0000d0c8    00000030     ti.targets.arm.rtsarm.aem4f : SysMin.oem4f (.text:xdc_runtime_SysMin_abort__E)
                  0000d0f8    00000030                                 : System.oem4f (.text:xdc_runtime_System_processAtExit__E)
                  0000d128    0000002e     grlib.lib : string.obj (.text:GrStringNextCharGet)
                  0000d156    0000002e     rtsv7M4_T_le_v4SPD16_eabi.lib : i_tofd_t2.asm.obj (.text)
                  0000d184    0000002c     EK_TM4C1294XL.obj (.text:EK_TM4C1294XL_initUART)
                  0000d1b0    0000002c     grlib.lib : string.obj (.text:GrFontBaselineGet)
                  0000d1dc    0000002c               : string.obj (.text:GrFontHeightGet)
                  0000d208    0000002c               : pushbutton.obj (.text:RectangularButtonMsgProc)
                  0000d234    0000002c               : slider.obj (.text:SliderMsgProc)
                  0000d260    0000002c               : widget.obj (.text:WidgetIsInTree)
                  0000d28c    0000002c     empty_pem4f.oem4f (.text:ti_sysbios_knl_Clock_doTick__I)
                  0000d2b8    0000002c     empty_pem4f.oem4f (.text:ti_sysbios_knl_Queue_construct)
                  0000d2e4    00000004     --HOLE-- [fill = 0]
                  0000d2e8    0000002c     sysbios.aem4f : BIOS.obj (.text:ti_sysbios_knl_Task_restore__E)
                  0000d314    0000002c     ti.targets.arm.rtsarm.aem4f : Text.oem4f (.text:xdc_runtime_Text_cordText__E)
                  0000d340    0000002a     driverlib.lib : gpio.obj (.text:GPIODirModeSet)
                  0000d36a    0000002a     opt3001.obj (.text:sensorOpt3001Enable)
                  0000d394    0000002a     ti.targets.arm.rtsarm.aem4f : System.oem4f (.text:xdc_runtime_System_putchar__I)
                  0000d3be    00000028     Kentec320x240x16_ssd2119_spi.obj (.text:Kentec320x240x16_SSD2119ColorTranslate)
                  0000d3e6    00000002     --HOLE-- [fill = 0]
                  0000d3e8    00000028     sysbios.aem4f : BIOS.obj (.text:ti_sysbios_hal_Timer_Instance_init__E)
                  0000d410    00000028                   : BIOS.obj (.text:ti_sysbios_knl_Clock_addI__E)
                  0000d438    00000028                   : BIOS.obj (.text:ti_sysbios_knl_Swi_Module_startup__E)
                  0000d460    00000026     grlib.lib : string.obj (.text:GrFontInfoGet)
                  0000d486    00000026     sysbios.aem4f : m3_Hwi_asm.obj (.text:ti_sysbios_family_arm_m3_Hwi_pendSV__I)
                  0000d4ac    00000026     ti.targets.arm.rtsarm.aem4f : System.oem4f (.text:xdc_runtime_System_avprintf__E)
                  0000d4d2    00000002     --HOLE-- [fill = 0]
                  0000d4d4    00000024     GlobalDraw.obj (.text:BackGraphSelect)
                  0000d4f8    00000024     GlobalDraw.obj (.text:BackMainGraph)
                  0000d51c    00000024     GlobalDraw.obj (.text:RemoveMainPage)
                  0000d540    00000024     GlobalDraw.obj (.text:backMainSensor)
                  0000d564    00000024     GlobalDraw.obj (.text:removeSensorPage)
                  0000d588    00000024     empty_pem4f.oem4f (.text:ti_sysbios_BIOS_errorRaiseHook__I)
                  0000d5ac    00000024     empty_pem4f.oem4f (.text:ti_sysbios_BIOS_registerRTSLock__I)
                  0000d5d0    00000024     empty_pem4f.oem4f (.text:ti_sysbios_BIOS_removeRTSLock__I)
                  0000d5f4    00000024     empty_pem4f.oem4f (.text:ti_sysbios_BIOS_startFunc__I)
                  0000d618    00000024     empty_pem4f.oem4f (.text:ti_sysbios_gates_GateMutexPri_Object__delete__S)
                  0000d63c    00000024     empty_pem4f.oem4f (.text:ti_sysbios_gates_GateMutex_Object__delete__S)
                  0000d660    00000024     sysbios.aem4f : BIOS.obj (.text:ti_sysbios_knl_Clock_Module_startup__E)
                  0000d684    00000004     --HOLE-- [fill = 0]
                  0000d688    00000024                   : BIOS.obj (.text:ti_sysbios_knl_Task_restoreHwi__E)
                  0000d6ac    00000024     ti.targets.arm.rtsarm.aem4f : System.oem4f (.text:xdc_runtime_System_vprintf__E)
                  0000d6d0    00000022     grlib.lib : string.obj (.text:GrFontGlyphDataGet)
                  0000d6f2    00000022     driverlib.lib : pwm.obj (.text:PWMGenConfigure)
                  0000d714    00000022     drivers_tivaware.aem4f : PWMTiva.oem4f (.text:PWMTiva_getPeriodCounts)
                  0000d736    00000002     --HOLE-- [fill = 0]
                  0000d738    00000022     sysbios.aem4f : BIOS.obj (.text:ti_sysbios_family_arm_lm4_Timer_write__I)
                  0000d75a    00000022     empty_pem4f.oem4f (.text:xdc_runtime_SysMin_output__I)
                  0000d77c    00000020     Boot.aem4f : Boot_sysctl.oem4f (.text:_SysCtlMemTimingGet)
                  0000d79c    00000020     rtsv7M4_T_le_v4SPD16_eabi.lib : u_tofd_t2.asm.obj (.text)
                  0000d7bc    00000020     empty_pem4f.oem4f (.text:ti_sysbios_BIOS_rtsLock__I)
                  0000d7dc    00000020     empty_pem4f.oem4f (.text:ti_sysbios_family_arm_lm4_Timer_Object__delete__S)
                  0000d7fc    00000004     --HOLE-- [fill = 0]
                  0000d800    00000020     sysbios.aem4f : BIOS.obj (.text:ti_sysbios_family_arm_lm4_Timer_getFreq__E)
                  0000d820    00000020                   : BIOS.obj (.text:ti_sysbios_family_arm_lm4_Timer_postInit__I)
                  0000d840    00000020     empty_pem4f.oem4f (.text:ti_sysbios_family_arm_m3_Hwi_Object__delete__S)
                  0000d860    00000020     sysbios.aem4f : m3_Hwi_asm.obj (.text:ti_sysbios_family_arm_m3_Hwi_excHandlerAsm__I)
                  0000d880    00000020                   : BIOS.obj (.text:ti_sysbios_family_arm_m3_Hwi_excHandler__I)
                  0000d8a0    00000020     empty_pem4f.oem4f (.text:ti_sysbios_gates_GateHwi_Object__delete__S)
                  0000d8c0    00000020     empty_pem4f.oem4f (.text:ti_sysbios_heaps_HeapMem_Object__delete__S)
                  0000d8e0    00000020     empty_pem4f.oem4f (.text:ti_sysbios_knl_Clock_Object__destruct__S)
                  0000d900    00000020     sysbios.aem4f : BIOS.obj (.text:ti_sysbios_knl_Idle_run__E)
                  0000d920    00000020     empty_pem4f.oem4f (.text:ti_sysbios_knl_Semaphore_Object__destruct__S)
                  0000d940    00000020     ti.targets.arm.rtsarm.aem4f : Registry.oem4f (.text:xdc_runtime_Registry_findById__E)
                  0000d960    00000020                                 : SysMin.oem4f (.text:xdc_runtime_SysMin_Module_startup__E)
                  0000d980    0000001e     grlib.lib : string.obj (.text:GrFontCodepageGet)
                  0000d99e    0000001e     driverlib.lib : pwm.obj (.text:PWMPulseWidthSet)
                  0000d9bc    0000001e     drivers_tivaware.aem4f : PWMTiva.oem4f (.text:PWMTiva_getPeriodMicroSecs)
                  0000d9da    0000001e     grlib.lib : widget.obj (.text:WidgetAdd)
                  0000d9f8    0000001e     sysbios.aem4f : m3_Hwi_asm_switch.obj (.text:ti_sysbios_family_xxx_Hwi_switchAndRunFunc)
                  0000da16    0000001e     Clock.obj (.text:updatetime)
                  0000da34    0000001c     driverlib.lib : uart.obj (.text:UARTDisable)
                  0000da50    0000001c     grlib.lib : widget.obj (.text:WidgetPointerMessage)
                  0000da6c    0000001c     drivers_tivaware.aem4f : GPIOTiva.oem4f (.text:getGpioIntIndex)
                  0000da88    0000001c     rtsv7M4_T_le_v4SPD16_eabi.lib : memccpy.c.obj (.text:memccpy)
                  0000daa4    0000001c     empty_pem4f.oem4f (.text:ti_sysbios_family_arm_m3_Hwi_Object__destruct__S)
                  0000dac0    0000001c     sysbios.aem4f : BIOS.obj (.text:ti_sysbios_gates_GateMutexPri_Instance_init__E)
                  0000dadc    00000004     --HOLE-- [fill = 0]
                  0000dae0    0000001c                   : BIOS.obj (.text:ti_sysbios_gates_GateMutex_Instance_init__E)
                  0000dafc    0000001c     empty_pem4f.oem4f (.text:ti_sysbios_hal_Timer_TimerProxy_create)
                  0000db18    0000001c     empty_pem4f.oem4f (.text:ti_sysbios_knl_Queue_Object__destruct__S)
                  0000db34    00000004     --HOLE-- [fill = 0]
                  0000db38    0000001c     sysbios.aem4f : BIOS.obj (.text:ti_sysbios_knl_Queue_put__E)
                  0000db54    00000004     --HOLE-- [fill = 0]
                  0000db58    0000001c                   : BIOS.obj (.text:ti_sysbios_knl_Task_enter__I)
                  0000db74    0000001c     ti.targets.arm.rtsarm.aem4f : Error.oem4f (.text:xdc_runtime_Error_raiseX__E)
                  0000db90    0000001c                                 : Memory.oem4f (.text:xdc_runtime_Memory_valloc__E)
                  0000dbac    0000001c                                 : SysMin.oem4f (.text:xdc_runtime_SysMin_exit__E)
                  0000dbc8    0000001c                                 : System.oem4f (.text:xdc_runtime_System_abort__E)
                  0000dbe4    0000001a     opt3001.obj (.text:InitOPT3001)
                  0000dbfe    0000001a     rtsv7M4_T_le_v4SPD16_eabi.lib : s_copysign.c.obj (.text:copysign)
                  0000dc18    0000001a     empty_pem4f.oem4f (.text:ti_sysbios_family_arm_m3_Hwi_Handle__label__S)
                  0000dc32    0000001a     empty_pem4f.oem4f (.text:ti_sysbios_gates_GateHwi_Handle__label__S)
                  0000dc4c    0000001a     empty_pem4f.oem4f (.text:ti_sysbios_gates_GateMutexPri_Handle__label__S)
                  0000dc66    0000001a     empty_pem4f.oem4f (.text:ti_sysbios_gates_GateMutex_Handle__label__S)
                  0000dc80    0000001a     empty_pem4f.oem4f (.text:ti_sysbios_heaps_HeapMem_Handle__label__S)
                  0000dc9a    0000001a     empty_pem4f.oem4f (.text:ti_sysbios_knl_Swi_Handle__label__S)
                  0000dcb4    0000001a     empty_pem4f.oem4f (.text:ti_sysbios_knl_Task_Handle__label__S)
                  0000dcce    0000001a     empty_pem4f.oem4f (.text:xdc_runtime_System_aprintf__E)
                  0000dce8    0000001a     empty_pem4f.oem4f (.text:xdc_runtime_System_printf__E)
                  0000dd02    00000018     driverlib.lib : gpio.obj (.text:GPIOPinTypeGPIOOutput)
                  0000dd1a    00000018                   : timer.obj (.text:TimerControlLevel)
                  0000dd32    00000002     --HOLE-- [fill = 0]
                  0000dd34    00000018     drivers_tivaware.aem4f : UART.oem4f (.text:UART_Params_init)
                  0000dd4c    00000018     rtsv7M4_T_le_v4SPD16_eabi.lib : args_main.c.obj (.text:_args_main)
                  0000dd64    00000018                                   : sprintf.c.obj (.text:_outs)
                  0000dd7c    00000018     empty_pem4f.oem4f (.text:ti_sysbios_BIOS_rtsUnlock__I)
                  0000dd94    00000018     empty_pem4f.oem4f (.text:ti_sysbios_family_arm_lm4_Timer_Module__startupDone__F)
                  0000ddac    00000018     empty_pem4f.oem4f (.text:ti_sysbios_family_arm_m3_Hwi_Module__startupDone__F)
                  0000ddc4    00000018     sysbios.aem4f : m3_TaskSupport_asm.obj (.text:ti_sysbios_family_arm_m3_TaskSupport_swap__E)
                  0000dddc    00000004     --HOLE-- [fill = 0]
                  0000dde0    00000018                   : BIOS.obj (.text:ti_sysbios_gates_GateMutex_leave__E)
                  0000ddf8    00000018     empty_pem4f.oem4f (.text:ti_sysbios_knl_Clock_Module__startupDone__F)
                  0000de10    00000018     sysbios.aem4f : BIOS.obj (.text:ti_sysbios_knl_Task_sleepTimeout__I)
                  0000de28    00000018     ti.targets.arm.rtsarm.aem4f : Error.oem4f (.text:xdc_runtime_Error_check__E)
                  0000de40    00000018                                 : System.oem4f (.text:xdc_runtime_System_exit__E)
                  0000de58    00000018                                 : Text.oem4f (.text:xdc_runtime_Text_ropeText__E)
                  0000de70    00000016     grlib.lib : string.obj (.text:GrStringDraw)
                  0000de86    00000016     driverlib.lib : i2c.obj (.text:I2CMasterErr)
                  0000de9c    00000016     empty.obj (.text:MotorInit)
                  0000deb2    00000016     rtsv7M4_T_le_v4SPD16_eabi.lib : strchr.c.obj (.text:strchr)
                  0000dec8    00000016     empty_pem4f.oem4f (.text:ti_sysbios_BIOS_exitFunc__I)
                  0000dede    00000016     GlobalDraw.obj (.text:ti_sysbios_gates_GateMutexPri_Params_init)
                  0000def4    00000016     Clock.obj (.text:ti_sysbios_hal_Timer_Params_init)
                  0000df0a    00000016     SensorsClock.obj (.text:ti_sysbios_knl_Clock_Params_init)
                  0000df20    00000016     empty.obj (.text:ti_sysbios_knl_Task_Params_init)
                  0000df36    00000002     --HOLE-- [fill = 0]
                  0000df38    00000016     sysbios.aem4f : BIOS.obj (.text:ti_sysbios_knl_Task_unblock__E)
                  0000df4e    00000014     grlib.lib : canvas.obj (.text:CanvasMsgProc)
                  0000df62    00000002     --HOLE-- [fill = 0]
                  0000df64    00000014     Kentec320x240x16_ssd2119_spi.obj (.text:LED_OFF)
                  0000df78    00000014     Kentec320x240x16_ssd2119_spi.obj (.text:LED_ON)
                  0000df8c    00000014     driverlib.lib : pwm.obj (.text:PWMClockSet)
                  0000dfa0    00000014                   : sysctl.obj (.text:SysCtlPWMClockSet)
                  0000dfb4    00000014                   : timer.obj (.text:TimerDisable)
                  0000dfc8    00000014     touch.obj (.text:TouchScreenCallbackSet)
                  0000dfdc    00000014     driverlib.lib : uart.obj (.text:UARTEnable)
                  0000dff0    00000014     grlib.lib : widget.obj (.text:WidgetMutexGet)
                  0000e004    00000014     rtsv7M4_T_le_v4SPD16_eabi.lib : strlen.c.obj (.text:strlen)
                  0000e018    00000014     empty_pem4f.oem4f (.text:ti_sysbios_family_arm_m3_Hwi_Object__get__S)
                  0000e02c    00000004     --HOLE-- [fill = 0]
                  0000e030    00000014     sysbios.aem4f : BIOS.obj (.text:ti_sysbios_family_arm_m3_Hwi_switchFromBootStack__E)
                  0000e044    00000014     empty_pem4f.oem4f (.text:ti_sysbios_heaps_HeapMem_Object__get__S)
                  0000e058    00000014     empty_pem4f.oem4f (.text:ti_sysbios_knl_Swi_Object__get__S)
                  0000e06c    00000012     driverlib.lib : gpio.obj (.text:GPIOPinTypeI2C)
                  0000e07e    00000012                   : gpio.obj (.text:GPIOPinTypeI2CSCL)
                  0000e090    00000012                   : gpio.obj (.text:GPIOPinTypePWM)
                  0000e0a2    00000012                   : gpio.obj (.text:GPIOPinTypeSSI)
                  0000e0b4    00000012                   : gpio.obj (.text:GPIOPinTypeTimer)
                  0000e0c6    00000012                   : gpio.obj (.text:GPIOPinTypeUART)
                  0000e0d8    00000012                   : pwm.obj (.text:PWMGenPeriodGet)
                  0000e0ea    00000012                   : pwm.obj (.text:PWMOutputInvert)
                  0000e0fc    00000012                   : pwm.obj (.text:PWMOutputState)
                  0000e10e    00000012     drivers_tivaware.aem4f : RingBuf.oem4f (.text:RingBuf_construct)
                  0000e120    00000012     driverlib.lib : ssi.obj (.text:SSIDataGetNonBlocking)
                  0000e132    00000012                   : timer.obj (.text:TimerLoadSet)
                  0000e144    00000012                   : timer.obj (.text:TimerMatchSet)
                  0000e156    00000012                   : timer.obj (.text:TimerPrescaleMatchSet)
                  0000e168    00000012                   : timer.obj (.text:TimerPrescaleSet)
                  0000e17a    00000006     grlib.lib : string.obj (.text:GrContextFontSet)
                  0000e180    00000012     sysbios.aem4f : BIOS.obj (.text:ti_sysbios_hal_Hwi_Module_startup__E)
                  0000e192    00000006     driverlib.lib : i2c.obj (.text:I2CMasterIntDisable)
                  0000e198    00000012     sysbios.aem4f : BIOS.obj (.text:ti_sysbios_hal_Timer_Module_startup__E)
                  0000e1aa    00000012     rtsv7M4_T_le_v4SPD16_eabi.lib : wcslen.c.obj (.text:wcslen)
                  0000e1bc    00000012     empty_pem4f.oem4f (.text:xdc_runtime_Startup_exec__I)
                  0000e1ce    00000002     --HOLE-- [fill = 0]
                  0000e1d0    00000010     empty_pem4f.oem4f (.text:.bootCodeSection:ti_catalog_arm_cortexm4_tiva_ce_Boot_init__I)
                  0000e1e0    00000010     driverlib.lib : adc.obj (.text:ADCIntEnable)
                  0000e1f0    00000010                   : fpu.obj (.text:FPUEnable)
                  0000e200    00000010                   : fpu.obj (.text:FPULazyStackingEnable)
                  0000e210    00000010     drivers_tivaware.aem4f : I2C.oem4f (.text:I2C_Params_init)
                  0000e220    00000010     SensorsClock.obj (.text:InitSensors)
                  0000e230    00000010     driverlib.lib : pwm.obj (.text:PWMGenPeriodSet)
                  0000e240    00000010     drivers_tivaware.aem4f : PWM.oem4f (.text:PWM_Params_init)
                  0000e250    00000010     GlobalDraw.obj (.text:RemoveGraph)
                  0000e260    00000010     drivers_tivaware.aem4f : UARTTiva.oem4f (.text:readBlockingTimeout)
                  0000e270    00000010     sysbios.aem4f : BIOS.obj (.text:ti_sysbios_BIOS_exit__E)
                  0000e280    00000010                   : BIOS.obj (.text:ti_sysbios_BIOS_getCpuFreq__E)
                  0000e290    00000010                   : BIOS.obj (.text:ti_sysbios_BIOS_setThreadType__E)
                  0000e2a0    00000010                   : BIOS.obj (.text:ti_sysbios_BIOS_start__E)
                  0000e2b0    00000010                   : BIOS.obj (.text:ti_sysbios_family_arm_lm4_TimestampProvider_rolloverFunc__E)
                  0000e2c0    00000010                   : m3_TaskSupport_asm.obj (.text:ti_sysbios_family_arm_m3_TaskSupport_glue)
                  0000e2d0    00000010                   : BIOS.obj (.text:ti_sysbios_gates_GateMutexPri_Instance_finalize__E)
                  0000e2e0    00000010                   : BIOS.obj (.text:ti_sysbios_gates_GateMutex_Instance_finalize__E)
                  0000e2f0    00000010     empty_pem4f.oem4f (.text:ti_sysbios_hal_Timer_TimerProxy_Object__create__S)
                  0000e300    00000010     sysbios.aem4f : BIOS.obj (.text:ti_sysbios_knl_Semaphore_Instance_finalize__E)
                  0000e310    00000010                   : BIOS.obj (.text:ti_sysbios_knl_Swi_disable__E)
                  0000e320    00000010     empty_pem4f.oem4f (.text:ti_sysbios_knl_Task_Object__get__S)
                  0000e330    00000010     sysbios.aem4f : BIOS.obj (.text:ti_sysbios_knl_Task_disable__E)
                  0000e340    00000010     driverlib.lib : udma.obj (.text:uDMAEnable)
                  0000e350    00000010     ti.targets.arm.rtsarm.aem4f : Gate.oem4f (.text:xdc_runtime_Gate_leaveSystem__E)
                  0000e360    00000010                                 : Memory.oem4f (.text:xdc_runtime_Memory_free__E)
                  0000e370    00000010                                 : SysMin.oem4f (.text:xdc_runtime_SysMin_ready__E)
                  0000e380    00000010                                 : System.oem4f (.text:xdc_runtime_System_vsnprintf__E)
                  0000e390    00000010     empty_pem4f.oem4f (.text:xdc_runtime_Text_visitRope__I)
                  0000e3a0    0000000e     driverlib.lib : adc.obj (.text:ADCSequenceEnable)
                  0000e3ae    0000000e                   : gpio.obj (.text:GPIOIntStatus)
                  0000e3bc    0000000e     grlib.lib : image.obj (.text:GrImageDraw)
                  0000e3ca    0000000e     driverlib.lib : timer.obj (.text:TimerEnable)
                  0000e3d8    0000000e                   : uart.obj (.text:UARTCharGetNonBlocking)
                  0000e3e6    0000000e                   : uart.obj (.text:UARTCharPutNonBlocking)
                  0000e3f4    0000000e     rtsv7M4_T_le_v4SPD16_eabi.lib : copy_decompress_none.c.obj (.text:decompress:none:__TI_decompress_none)
                  0000e402    00000006     driverlib.lib : i2c.obj (.text:I2CMasterIntEnable)
                  0000e408    0000000e     sysbios.aem4f : BIOS.obj (.text:ti_sysbios_knl_Idle_loop__E)
                  0000e416    00000002     --HOLE-- [fill = 0]
                  0000e418    0000000e                   : BIOS.obj (.text:ti_sysbios_knl_Queue_empty__E)
                  0000e426    0000000c     driverlib.lib : pwm.obj (.text:PWMGenDisable)
                  0000e432    0000000c                   : pwm.obj (.text:PWMGenEnable)
                  0000e43e    0000000c     drivers_tivaware.aem4f : RingBuf.oem4f (.text:RingBuf_peek)
                  0000e44a    0000000c     driverlib.lib : uart.obj (.text:UARTFlowControlSet)
                  0000e456    0000000c     drivers_tivaware.aem4f : UARTTiva.oem4f (.text:UARTTiva_init)
                  0000e462    00000002     --HOLE-- [fill = 0]
                  0000e464    0000000c     rtsv7M4_T_le_v4SPD16_eabi.lib : _lock.c.obj (.text:_register_lock)
                  0000e470    0000000c                                   : _lock.c.obj (.text:_register_unlock)
                  0000e47c    0000000c     GlobalDraw.obj (.text:btntest)
                  0000e488    0000000c     rtsv7M4_T_le_v4SPD16_eabi.lib : copy_zero_init.c.obj (.text:decompress:ZI:__TI_zero_init)
                  0000e494    0000000c     opt3001.obj (.text:sensorOpt3001Init)
                  0000e4a0    0000000c     sysbios.aem4f : BIOS.obj (.text:ti_sysbios_family_arm_lm4_Timer_getAvailMask__E)
                  0000e4ac    00000004     --HOLE-- [fill = 0]
                  0000e4b0    0000000c                   : BIOS.obj (.text:ti_sysbios_family_arm_lm4_Timer_getMaxTicks__E)
                  0000e4bc    00000004     --HOLE-- [fill = 0]
                  0000e4c0    0000000c                   : BIOS.obj (.text:ti_sysbios_family_arm_lm4_TimestampProvider_startTimer__E)
                  0000e4cc    0000000c     empty_pem4f.oem4f (.text:ti_sysbios_family_arm_m3_Hwi_Params__init__S)
                  0000e4d8    0000000c     sysbios.aem4f : BIOS.obj (.text:ti_sysbios_family_arm_m3_Hwi_disableFxn__E)
                  0000e4e4    00000004     --HOLE-- [fill = 0]
                  0000e4e8    0000000c                   : BIOS.obj (.text:ti_sysbios_family_arm_m3_TaskSupport_checkStack__E)
                  0000e4f4    00000004     --HOLE-- [fill = 0]
                  0000e4f8    0000000c                   : BIOS.obj (.text:ti_sysbios_family_arm_m3_TaskSupport_getStackAlignment__E)
                  0000e504    00000004     --HOLE-- [fill = 0]
                  0000e508    0000000c                   : BIOS.obj (.text:ti_sysbios_gates_GateHwi_enter__E)
                  0000e514    0000000c     empty_pem4f.oem4f (.text:ti_sysbios_gates_GateMutexPri_Params__init__S)
                  0000e520    0000000c     sysbios.aem4f : BIOS.obj (.text:ti_sysbios_hal_SecondsClock_set__E)
                  0000e52c    0000000c     empty_pem4f.oem4f (.text:ti_sysbios_hal_Timer_Params__init__S)
                  0000e538    0000000c     empty_pem4f.oem4f (.text:ti_sysbios_knl_Clock_Params__init__S)
                  0000e544    0000000c     empty_pem4f.oem4f (.text:ti_sysbios_knl_Queue_Object__get__S)
                  0000e550    0000000c     empty_pem4f.oem4f (.text:ti_sysbios_knl_Semaphore_Params__init__S)
                  0000e55c    0000000c     empty_pem4f.oem4f (.text:ti_sysbios_knl_Task_Params__init__S)
                  0000e568    0000000c     driverlib.lib : udma.obj (.text:uDMAControlBaseSet)
                  0000e574    0000000c     ti.targets.arm.rtsarm.aem4f : Error.oem4f (.text:xdc_runtime_Error_init__E)
                  0000e580    0000000c                                 : Gate.oem4f (.text:xdc_runtime_Gate_enterSystem__E)
                  0000e58c    0000000c                                 : Memory.oem4f (.text:xdc_runtime_Memory_calloc__E)
                  0000e598    0000000c                                 : Memory.oem4f (.text:xdc_runtime_Memory_getMaxDefaultTypeAlign__E)
                  0000e5a4    0000000a     driverlib.lib : i2c.obj (.text:I2CMasterDisable)
                  0000e5ae    0000000a                   : i2c.obj (.text:I2CMasterEnable)
                  0000e5b8    0000000a     drivers_tivaware.aem4f : I2CTiva.oem4f (.text:I2CTiva_init)
                  0000e5c2    0000000a                            : I2C.oem4f (.text:I2C_transfer)
                  0000e5cc    0000000a     Kentec320x240x16_ssd2119_spi.obj (.text:Kentec320x240x16_SSD2119Flush)
                  0000e5d6    0000000a     drivers_tivaware.aem4f : PWMTimerTiva.oem4f (.text:PWMTimerTiva_getPeriodCounts)
                  0000e5e0    0000000a                            : PWM.oem4f (.text:PWM_setDuty)
                  0000e5ea    0000000a     driverlib.lib : ssi.obj (.text:SSIDataPut)
                  0000e5f4    0000000a                   : ssi.obj (.text:SSIEnable)
                  0000e5fe    0000000a                   : uart.obj (.text:UARTCharGet)
                  0000e608    0000000a                   : uart.obj (.text:UARTCharPut)
                  0000e612    0000000a                   : uart.obj (.text:UARTIntDisable)
                  0000e61c    0000000a                   : uart.obj (.text:UARTIntStatus)
                  0000e626    0000000a     rtsv7M4_T_le_v4SPD16_eabi.lib : sprintf.c.obj (.text:_outc)
                  0000e630    0000000a     sysbios.aem4f : BIOS.obj (.text:ti_sysbios_hal_Timer_Instance_finalize__E)
                  0000e63a    0000000a     empty_pem4f.oem4f (.text:xdc_runtime_IHeap_alloc)
                  0000e644    0000000a     empty_pem4f.oem4f (.text:xdc_runtime_IHeap_free)
                  0000e64e    00000008     EK_TM4C1294XL.obj (.text:EK_TM4C1294XL_initGPIO)
                  0000e656    00000008     grlib.lib : charmap.obj (.text:GrMapISO8859_1_Unicode)
                  0000e65e    00000008     driverlib.lib : i2c.obj (.text:I2CMasterIntClear)
                  0000e666    00000008                   : i2c.obj (.text:I2CMasterSlaveAddrSet)
                  0000e66e    00000008     drivers_tivaware.aem4f : I2CTiva.oem4f (.text:I2CTiva_blockingCallback)
                  0000e676    00000008                            : PWMTimerTiva.oem4f (.text:PWMTimerTiva_init)
                  0000e67e    00000008     driverlib.lib : ssi.obj (.text:SSIBusy)
                  0000e686    00000008                   : uart.obj (.text:UARTIntEnable)
                  0000e68e    00000008                   : uart.obj (.text:UARTRxErrorGet)
                  0000e696    00000002     --HOLE-- [fill = 0]
                  0000e698    00000008     rtsv7M4_T_le_v4SPD16_eabi.lib : errno.c.obj (.text:__aeabi_errno_addr)
                  0000e6a0    00000008     drivers_tivaware.aem4f : UARTTiva.oem4f (.text:readSemCallback)
                  0000e6a8    00000008     sysbios.aem4f : BIOS.obj (.text:ti_sysbios_family_arm_lm4_Timer_masterDisable__I)
                  0000e6b0    00000008                   : BIOS.obj (.text:ti_sysbios_family_arm_m3_Hwi_doSwiRestore__I)
                  0000e6b8    00000008                   : BIOS.obj (.text:ti_sysbios_family_arm_m3_Hwi_startup__E)
                  0000e6c0    00000008     drivers_tivaware.aem4f : UARTTiva.oem4f (.text:writeSemCallback)
                  0000e6c8    00000006                            : I2CTiva.oem4f (.text:I2CTiva_control)
                  0000e6ce    00000006                            : PWMTimerTiva.oem4f (.text:PWMTimerTiva_getPeriodMicroSecs)
                  0000e6d4    00000006     driverlib.lib : sysctl.obj (.text:SysCtlDelay)
                  0000e6da    00000006                   : uart.obj (.text:UARTFIFOLevelSet)
                  0000e6e0    00000006                   : uart.obj (.text:UARTRxErrorClear)
                  0000e6e6    00000006     grlib.lib : widget.obj (.text:WidgetMutexPut)
                  0000e6ec    00000004     --HOLE-- [fill = 0]
                  0000e6f0    00000006     sysbios.aem4f : BIOS.obj (.text:ti_sysbios_family_arm_lm4_TimestampProvider_Module_startup__E)
                  0000e6f6    00000002     --HOLE-- [fill = 0]
                  0000e6f8    00000006                   : BIOS.obj (.text:ti_sysbios_family_arm_m3_Hwi_doTaskRestore__I)
                  0000e6fe    00000002     --HOLE-- [fill = 0]
                  0000e700    00000006                   : BIOS.obj (.text:ti_sysbios_family_arm_m3_Hwi_restoreFxn__E)
                  0000e706    00000002     --HOLE-- [fill = 0]
                  0000e708    00000006                   : BIOS.obj (.text:ti_sysbios_gates_GateHwi_leave__E)
                  0000e70e    00000002     --HOLE-- [fill = 0]
                  0000e710    00000006                   : BIOS.obj (.text:ti_sysbios_heaps_HeapMem_isBlocking__E)
                  0000e716    00000002     --HOLE-- [fill = 0]
                  0000e718    00000006                   : BIOS.obj (.text:ti_sysbios_knl_Clock_stop__E)
                  0000e71e    00000002     --HOLE-- [fill = 0]
                  0000e720    00000006                   : BIOS.obj (.text:ti_sysbios_knl_Queue_Instance_init__E)
                  0000e726    00000002     --HOLE-- [fill = 0]
                  0000e728    00000006                   : BIOS.obj (.text:ti_sysbios_knl_Swi_startup__E)
                  0000e72e    00000006     ti.targets.arm.rtsarm.aem4f : System.oem4f (.text:xdc_runtime_System_Module_startup__E)
                  0000e734    00000004     --HOLE-- [fill = 0]
                  0000e738    00000004     sysbios.aem4f : BIOS.obj (.text:ti_sysbios_family_arm_lm4_Timer_getPeriod__E)
                  0000e73c    00000004     --HOLE-- [fill = 0]
                  0000e740    00000004                   : BIOS.obj (.text:ti_sysbios_gates_GateHwi_query__E)
                  0000e744    00000004     --HOLE-- [fill = 0]
                  0000e748    00000004                   : BIOS.obj (.text:ti_sysbios_gates_GateMutexPri_query__E)
                  0000e74c    00000004     --HOLE-- [fill = 0]
                  0000e750    00000004                   : BIOS.obj (.text:ti_sysbios_gates_GateMutex_query__E)
                  0000e754    00000004     --HOLE-- [fill = 0]
                  0000e758    00000004                   : BIOS.obj (.text:ti_sysbios_knl_Task_startup__E)
                  0000e75c    00000004     --HOLE-- [fill = 0]
                  0000e760    00000002                   : BIOS.obj (.text:ti_sysbios_gates_GateHwi_Instance_init__E)
                  0000e762    00000006     --HOLE-- [fill = 0]
                  0000e768    00000002                   : BIOS.obj (.text:ti_sysbios_knl_Clock_logTick__E)

.const     0    0000e770    00007362     
                  0000e770    000018bb     empty_pem4f.oem4f (.const:xdc_runtime_Text_charTab__A)
                  0001002b    0000095e     grlib.lib : fontcm20.obj (.const:.string:g_pui8Cm20Data)
                  00010989    000008c1               : fontcmss20.obj (.const:.string:g_pui8Cmss20Data)
                  0001124a    00000782               : fontcmss18b.obj (.const:.string:g_pui8Cmss18bData)
                  000119cc    00000759               : fontcm16.obj (.const:.string:g_pui8Cm16Data)
                  00012125    000005c7               : fontcmss12b.obj (.const:.string:g_pui8Cmss12bData)
                  000126ec    00000514               : fontcmss12.obj (.const:.string:g_pui8Cmss12Data)
                  00012c00    0000024d     GUIImg.obj (.const:.string:g_pui8Logo)
                  00012e4d    0000020d     GUIImg.obj (.const:.string:g_pui8btn140x40)
                  0001305a    0000020d     GUIImg.obj (.const:.string:g_pui8btn150x40Press)
                  00013267    00000001     empty_pem4f.oem4f (.const:xdc_runtime_Error_policy__C)
                  00013268    00000190     GlobalDraw.obj (.const:$P$T0$1)
                  000133f8    0000017b     Images.obj (.const:.string:g_pui8CompS)
                  00013573    0000017b     Images.obj (.const:.string:g_pui8CompW)
                  000136ee    0000017b     Images.obj (.const:.string:g_pui8accSlow)
                  00013869    0000017b     Images.obj (.const:.string:g_pui8accfast)
                  000139e4    0000017b     Images.obj (.const:.string:g_pui8accmid)
                  00013b5f    00000178     Images.obj (.const:.string:g_pui8CompE)
                  00013cd7    00000178     Images.obj (.const:.string:g_pui8CompN)
                  00013e4f    00000163     Images.obj (.const:.string:g_pui8Stop)
                  00013fb2    00000160     Images.obj (.const:.string:g_pui8Go)
                  00014112    0000015d     Images.obj (.const:.string:g_pui8idle)
                  0001426f    00000124     Images.obj (.const:.string:g_pui8Night)
                  00014393    00000001     --HOLE-- [fill = 0]
                  00014394    00000120     Boot.aem4f : Boot_sysctl.oem4f (.const:g_pppui32XTALtoVCO)
                  000144b4    00000107     GUIImg.obj (.const:.string:g_pui8arrowRight)
                  000145bb    00000101     rtsv7M4_T_le_v4SPD16_eabi.lib : ctype.c.obj (.const:.string:_ctypes_)
                  000146bc    000000f8     Images.obj (.const:.string:g_pui8Day)
                  000147b4    000000d4     empty_pem4f.oem4f (.const:xdc_runtime_Text_nodeTab__A)
                  00014888    000000c8     grlib.lib : fontcm16.obj (.const:g_sFontCm16)
                  00014950    000000c8               : fontcm20.obj (.const:g_sFontCm20)
                  00014a18    000000c8               : fontcmss12.obj (.const:g_sFontCmss12)
                  00014ae0    000000c8               : fontcmss12b.obj (.const:g_sFontCmss12b)
                  00014ba8    000000c8               : fontcmss18b.obj (.const:g_sFontCmss18b)
                  00014c70    000000c8               : fontcmss20.obj (.const:g_sFontCmss20)
                  00014d38    000000a5     GUIImg.obj (.const:.string:g_pui8arrowLeft)
                  00014ddd    00000001     --HOLE-- [fill = 0]
                  00014dde    00000002     empty_pem4f.oem4f (.const:ti_catalog_arm_cortexm4_tiva_ce_Boot_Module__id__C)
                  00014de0    000000a0     empty.obj (.const:$P$T0$1)
                  00014e80    00000090     driverlib.lib : gpio.obj (.const:g_pui32GPIOBaseAddrs)
                  00014f10    00000082     GlobalDraw.obj (.const:.string)
                  00014f92    00000076     GUIImg.obj (.const:.string:g_pui8backBtn)
                  00015008    00000070     driverlib.lib : interrupt.obj (.const)
                  00015078    0000006c     Boot.aem4f : Boot_sysctl.oem4f (.const:g_pui32Xtals)
                  000150e4    00000060     MotorLib.lib : motorlib.obj (.const:PWM_config)
                  00015144    00000054     drivers_tivaware.aem4f : GPIOTiva.oem4f (.const:.string)
                  00015198    00000054     MotorLib.lib : motorlib.obj (.const:motorLibPWMTivaHWAttrs)
                  000151ec    0000004c     drivers_tivaware.aem4f : UARTTiva.oem4f (.const)
                  00015238    00000048     empty_pem4f.oem4f (.const:.string)
                  00015280    00000048     drivers_tivaware.aem4f : GPIOTiva.oem4f (.const:gpioBaseAddresses)
                  000152c8    0000003c     empty_pem4f.oem4f (.const:ti_sysbios_family_arm_lm4_Timer_Object__PARAMS__C)
                  00015304    0000003c     empty_pem4f.oem4f (.const:ti_sysbios_knl_Task_Object__PARAMS__C)
                  00015340    00000030     Boot.aem4f : Boot_sysctl.oem4f (.const:g_sXTALtoMEMTIM)
                  00015370    00000030     empty_pem4f.oem4f (.const:ti_sysbios_family_arm_m3_Hwi_Object__PARAMS__C)
                  000153a0    00000030     empty_pem4f.oem4f (.const:ti_sysbios_hal_Timer_Object__PARAMS__C)
                  000153d0    0000002c     empty_pem4f.oem4f (.const:xdc_runtime_Startup_sfxnTab__A)
                  000153fc    00000028     drivers_tivaware.aem4f : UARTTiva.oem4f (.const:UARTTiva_fxnTable)
                  00015424    00000028     Kentec320x240x16_ssd2119_spi.obj (.const:g_sKentec320x240x16_SSD2119)
                  0001544c    00000028     empty_pem4f.oem4f (.const:ti_sysbios_heaps_HeapMem_Module__FXNS__C)
                  00015474    00000024     EK_TM4C1294XL.obj (.const:I2C_config)
                  00015498    00000024     drivers_tivaware.aem4f : UART.oem4f (.const:UART_defaultParams)
                  000154bc    00000024     empty_pem4f.oem4f (.const:ti_sysbios_gates_GateHwi_Module__FXNS__C)
                  000154e0    00000024     empty_pem4f.oem4f (.const:ti_sysbios_gates_GateMutexPri_Module__FXNS__C)
                  00015504    00000024     empty_pem4f.oem4f (.const:ti_sysbios_gates_GateMutex_Module__FXNS__C)
                  00015528    00000024     empty_pem4f.oem4f (.const:ti_sysbios_heaps_HeapMem_Object__PARAMS__C)
                  0001554c    00000024     empty_pem4f.oem4f (.const:ti_sysbios_knl_Clock_Object__PARAMS__C)
                  00015570    00000024     empty_pem4f.oem4f (.const:ti_sysbios_knl_Semaphore_Object__PARAMS__C)
                  00015594    00000020     drivers_tivaware.aem4f : PWMTimerTiva.oem4f (.const)
                  000155b4    00000020                            : PWMTiva.oem4f (.const)
                  000155d4    00000020     empty_pem4f.oem4f (.const:ti_sysbios_family_arm_lm4_Timer_Object__DESC__C)
                  000155f4    00000020     empty_pem4f.oem4f (.const:ti_sysbios_family_arm_m3_Hwi_Object__DESC__C)
                  00015614    00000020     empty_pem4f.oem4f (.const:ti_sysbios_gates_GateHwi_Object__DESC__C)
                  00015634    00000020     empty_pem4f.oem4f (.const:ti_sysbios_gates_GateMutexPri_Object__DESC__C)
                  00015654    00000020     empty_pem4f.oem4f (.const:ti_sysbios_gates_GateMutex_Object__DESC__C)
                  00015674    00000020     empty_pem4f.oem4f (.const:ti_sysbios_hal_Timer_Object__DESC__C)
                  00015694    00000020     empty_pem4f.oem4f (.const:ti_sysbios_heaps_HeapMem_Object__DESC__C)
                  000156b4    00000020     empty_pem4f.oem4f (.const:ti_sysbios_knl_Clock_Object__DESC__C)
                  000156d4    00000020     empty_pem4f.oem4f (.const:ti_sysbios_knl_Queue_Object__DESC__C)
                  000156f4    00000020     empty_pem4f.oem4f (.const:ti_sysbios_knl_Semaphore_Object__DESC__C)
                  00015714    00000020     empty_pem4f.oem4f (.const:ti_sysbios_knl_Task_Object__DESC__C)
                  00015734    0000001c     drivers_tivaware.aem4f : I2CTiva.oem4f (.const)
                  00015750    0000001c     touch.obj (.const:g_pi32TouchParameters)
                  0001576c    00000018     EK_TM4C1294XL.obj (.const:UART_config)
                  00015784    00000018     EK_TM4C1294XL.obj (.const:i2cTivaHWAttrs)
                  0001579c    00000018     empty_pem4f.oem4f (.const:ti_sysbios_gates_GateHwi_Object__PARAMS__C)
                  000157b4    00000018     empty_pem4f.oem4f (.const:ti_sysbios_gates_GateMutexPri_Object__PARAMS__C)
                  000157cc    00000018     empty_pem4f.oem4f (.const:ti_sysbios_gates_GateMutex_Object__PARAMS__C)
                  000157e4    00000018     empty_pem4f.oem4f (.const:ti_sysbios_knl_Queue_Object__PARAMS__C)
                  000157fc    00000018     EK_TM4C1294XL.obj (.const:uartTivaHWAttrs)
                  00015814    00000016     empty_pem4f.oem4f (.const:xdc_runtime_Startup_sfxnRts__A)
                  0001582a    00000002     empty_pem4f.oem4f (.const:ti_sysbios_family_arm_lm4_Timer_Module__id__C)
                  0001582c    00000014     EK_TM4C1294XL.obj (.const:GPIOTiva_config)
                  00015840    00000014     empty_pem4f.oem4f (.const:xdc_runtime_Startup_firstFxns__A)
                  00015854    00000010     drivers_tivaware.aem4f : I2C.oem4f (.const)
                  00015864    00000010     grlib.lib : context.obj (.const)
                  00015874    00000010     MotorLib.lib : motorlib.obj (.const:motorLibPWMTimerTivaHWAttrs)
                  00015884    0000000c     drivers_tivaware.aem4f : PWM.oem4f (.const)
                  00015890    00000008     Boot.aem4f : Boot_sysctl.oem4f (.const)
                  00015898    00000008     empty_pem4f.oem4f (.const:ti_sysbios_family_arm_m3_Hwi_excHookFuncs__A)
                  000158a0    00000008     empty_pem4f.oem4f (.const:ti_sysbios_knl_Idle_funcList__C)
                  000158a8    00000008     empty_pem4f.oem4f (.const:xdc_runtime_Startup_firstFxns__C)
                  000158b0    00000008     empty_pem4f.oem4f (.const:xdc_runtime_Startup_lastFxns__C)
                  000158b8    00000004     empty_pem4f.oem4f (.const:ti_catalog_arm_cortexm4_tiva_ce_Boot_A_mustNotUseEnhancedClockMode__C)
                  000158bc    00000004     empty_pem4f.oem4f (.const:ti_catalog_arm_cortexm4_tiva_ce_Boot_Module__diagsEnabled__C)
                  000158c0    00000004     empty_pem4f.oem4f (.const:ti_catalog_arm_cortexm4_tiva_ce_Boot_Module__diagsIncluded__C)
                  000158c4    00000004     empty_pem4f.oem4f (.const:ti_catalog_arm_cortexm4_tiva_ce_Boot_Module__diagsMask__C)
                  000158c8    00000004     empty_pem4f.oem4f (.const:ti_sysbios_family_arm_lm4_Timer_E_cannotSupport__C)
                  000158cc    00000004     empty_pem4f.oem4f (.const:ti_sysbios_family_arm_lm4_Timer_E_invalidTimer__C)
                  000158d0    00000004     empty_pem4f.oem4f (.const:ti_sysbios_family_arm_lm4_Timer_E_noaltclk__C)
                  000158d4    00000004     empty_pem4f.oem4f (.const:ti_sysbios_family_arm_lm4_Timer_E_notAvailable__C)
                  000158d8    00000004     empty_pem4f.oem4f (.const:ti_sysbios_family_arm_lm4_Timer_anyMask__C)
                  000158dc    00000004     empty_pem4f.oem4f (.const:ti_sysbios_family_arm_lm4_Timer_disableFunc__C)
                  000158e0    00000004     empty_pem4f.oem4f (.const:ti_sysbios_family_arm_lm4_Timer_enableFunc__C)
                  000158e4    00000004     empty_pem4f.oem4f (.const:ti_sysbios_family_arm_lm4_Timer_numTimerDevices__C)
                  000158e8    00000004     empty_pem4f.oem4f (.const:ti_sysbios_family_arm_lm4_Timer_startupNeeded__C)
                  000158ec    00000004     empty_pem4f.oem4f (.const:ti_sysbios_family_arm_m3_Hwi_E_NMI__C)
                  000158f0    00000004     empty_pem4f.oem4f (.const:ti_sysbios_family_arm_m3_Hwi_E_alreadyDefined__C)
                  000158f4    00000004     empty_pem4f.oem4f (.const:ti_sysbios_family_arm_m3_Hwi_E_busFault__C)
                  000158f8    00000004     empty_pem4f.oem4f (.const:ti_sysbios_family_arm_m3_Hwi_E_debugMon__C)
[...]
00015938  ti_sysbios_gates_GateMutexPri_A_enterTaskDisabled__C                 
0001593c  ti_sysbios_gates_GateMutexPri_Instance_State_pendQ__O                
00015940  ti_sysbios_gates_GateMutexPri_Module__diagsEnabled__C                
00015944  ti_sysbios_gates_GateMutexPri_Module__diagsIncluded__C               
00015948  ti_sysbios_gates_GateMutexPri_Module__diagsMask__C                   
0001594c  ti_sysbios_gates_GateMutex_A_badContext__C                           
00015950  ti_sysbios_gates_GateMutex_Instance_State_sem__O                     
00015954  ti_sysbios_gates_GateMutex_Module__diagsEnabled__C                   
00015958  ti_sysbios_gates_GateMutex_Module__diagsIncluded__C                  
0001595c  ti_sysbios_gates_GateMutex_Module__diagsMask__C                      
00015960  ti_sysbios_hal_Hwi_E_stackOverflow__C                                
00015964  ti_sysbios_hal_SecondsClock_Module_State_clock__O                    
00015968  ti_sysbios_heaps_HeapMem_A_align__C                                  
0001596c  ti_sysbios_heaps_HeapMem_A_heapSize__C                               
00015970  ti_sysbios_heaps_HeapMem_A_invalidFree__C                            
00015974  ti_sysbios_heaps_HeapMem_A_zeroBlock__C                              
00015978  ti_sysbios_heaps_HeapMem_E_memory__C                                 
0001597c  ti_sysbios_heaps_HeapMem_Module__diagsEnabled__C                     
00015980  ti_sysbios_heaps_HeapMem_Module__diagsIncluded__C                    
00015984  ti_sysbios_heaps_HeapMem_Module__diagsMask__C                        
00015988  ti_sysbios_heaps_HeapMem_Module__gateObj__C                          
0001598c  ti_sysbios_heaps_HeapMem_Object__count__C                            
00015990  ti_sysbios_heaps_HeapMem_reqAlign__C                                 
00015994  ti_sysbios_knl_Clock_A_badThreadType__C                              
00015998  ti_sysbios_knl_Clock_Module_State_clockQ__O                          
0001599c  ti_sysbios_knl_Clock_Module__diagsEnabled__C                         
000159a0  ti_sysbios_knl_Clock_Module__diagsIncluded__C                        
000159a4  ti_sysbios_knl_Clock_Module__diagsMask__C                            
000159a8  ti_sysbios_knl_Clock_tickPeriod__C                                   
000159ac  ti_sysbios_knl_Idle_funcList__A                                      
000159b0  ti_sysbios_knl_Semaphore_A_badContext__C                             
000159b4  ti_sysbios_knl_Semaphore_A_noEvents__C                               
000159b8  ti_sysbios_knl_Semaphore_A_overflow__C                               
000159bc  ti_sysbios_knl_Semaphore_A_pendTaskDisabled__C                       
000159c0  ti_sysbios_knl_Semaphore_Instance_State_pendQ__O                     
000159c4  ti_sysbios_knl_Semaphore_Module__diagsEnabled__C                     
000159c8  ti_sysbios_knl_Semaphore_Module__diagsIncluded__C                    
000159cc  ti_sysbios_knl_Semaphore_Module__diagsMask__C                        
000159d0  ti_sysbios_knl_Swi_Object__count__C                                  
000159d4  ti_sysbios_knl_Task_A_badPriority__C                                 
000159d8  ti_sysbios_knl_Task_A_badTaskState__C                                
000159dc  ti_sysbios_knl_Task_A_badThreadType__C                               
000159e0  ti_sysbios_knl_Task_A_badTimeout__C                                  
000159e4  ti_sysbios_knl_Task_A_noPendElem__C                                  
000159e8  ti_sysbios_knl_Task_A_sleepTaskDisabled__C                           
000159ec  ti_sysbios_knl_Task_E_spOutOfBounds__C                               
000159f0  ti_sysbios_knl_Task_E_stackOverflow__C                               
000159f4  ti_sysbios_knl_Task_Module_State_inactiveQ__O                        
000159f8  ti_sysbios_knl_Task_Module__diagsEnabled__C                          
000159fc  ti_sysbios_knl_Task_Module__diagsIncluded__C                         
00015a00  ti_sysbios_knl_Task_Module__diagsMask__C                             
00015a04  ti_sysbios_knl_Task_Object__count__C                                 
00015a08  ti_sysbios_knl_Task_allBlockedFunc__C                                
00015a0c  ti_sysbios_knl_Task_defaultStackHeap__C                              
00015a10  ti_sysbios_knl_Task_defaultStackSize__C                              
00015a14  ti_sysbios_knl_Task_numConstructedTasks__C                           
00015a18  xdc_runtime_Assert_E_assertFailed__C                                 
00015a1c  xdc_runtime_Core_A_initializedParams__C                              
00015a20  xdc_runtime_Core_Module__diagsEnabled__C                             
00015a24  xdc_runtime_Core_Module__diagsIncluded__C                            
00015a28  xdc_runtime_Core_Module__diagsMask__C                                
00015a2c  xdc_runtime_Error_E_generic__C                                       
00015a30  xdc_runtime_Error_E_memory__C                                        
00015a34  xdc_runtime_Error_Module__diagsEnabled__C                            
00015a38  xdc_runtime_Error_Module__diagsIncluded__C                           
00015a3c  xdc_runtime_Error_Module__diagsMask__C                               
00015a40  xdc_runtime_Error_Module__loggerFxn8__C                              
00015a44  xdc_runtime_Error_Module__loggerObj__C                               
00015a48  xdc_runtime_Error_policyFxn__C                                       
00015a4c  xdc_runtime_Error_raiseHook__C                                       
00015a50  xdc_runtime_IGateProvider_Interface__BASE__C                         
00015a54  xdc_runtime_IHeap_Interface__BASE__C                                 
00015a58  xdc_runtime_IModule_Interface__BASE__C                               
00015a5c  xdc_runtime_Log_L_error__C                                           
00015a60  xdc_runtime_Memory_defaultHeapInstance__C                            
00015a64  xdc_runtime_Startup_execImpl__C                                      
00015a68  xdc_runtime_Startup_lastFxns__A                                      
00015a6c  xdc_runtime_Startup_maxPasses__C                                     
00015a70  xdc_runtime_Startup_sfxnRts__C                                       
00015a74  xdc_runtime_Startup_sfxnTab__C                                       
00015a78  xdc_runtime_SysMin_bufSize__C                                        
00015a7c  xdc_runtime_SysMin_outputFunc__C                                     
00015a80  xdc_runtime_System_Module__gateObj__C                                
00015a84  xdc_runtime_System_abortFxn__C                                       
00015a88  xdc_runtime_System_exitFxn__C                                        
00015a8c  xdc_runtime_System_extendFxn__C                                      
00015a90  xdc_runtime_System_maxAtexitHandlers__C                              
00015a94  xdc_runtime_Text_charTab__C                                          
00015a98  xdc_runtime_Text_nameEmpty__C                                        
00015a9c  xdc_runtime_Text_nameStatic__C                                       
00015aa0  xdc_runtime_Text_nameUnknown__C                                      
00015aa4  xdc_runtime_Text_nodeTab__C                                          
00015aa8  xdc_runtime_Text_visitRopeFxn__C                                     
00015aac  ti_sysbios_family_arm_lm4_Timer_supportsAltclk__C                    
00015aae  ti_sysbios_family_arm_m3_Hwi_Module__id__C                           
00015ab0  ti_sysbios_gates_GateMutexPri_Module__id__C                          
00015ab2  ti_sysbios_gates_GateMutex_Module__id__C                             
00015ab4  ti_sysbios_hal_Hwi_Module__id__C                                     
00015ab6  ti_sysbios_heaps_HeapMem_Module__id__C                               
00015ab8  ti_sysbios_knl_Clock_Module__id__C                                   
00015aba  ti_sysbios_knl_Semaphore_Module__id__C                               
00015abc  ti_sysbios_knl_Task_Module__id__C                                    
00015abe  xdc_runtime_Core_Module__id__C                                       
00015ac0  xdc_runtime_Error_Module__loggerDefined__C                           
00015ac2  xdc_runtime_Error_maxDepth__C                                        
00015ac4  xdc_runtime_Main_Module__id__C                                       
00015ac6  xdc_runtime_Memory_Module__id__C                                     
00015ac8  xdc_runtime_SysMin_flushAtExit__C                                    
00015aca  xdc_runtime_Text_charCnt__C                                          
00015acc  xdc_runtime_Text_isLoaded__C                                         
00015ace  xdc_runtime_Text_registryModsLastId__C                               
00015ad0  xdc_runtime_Text_unnamedModsLastId__C                                
00015ad8  __TI_static_base__                                                   
00016010  __TI_Handler_Table_Base                                              
0001601c  __TI_Handler_Table_Limit                                             
00016030  __TI_CINIT_Base                                                      
00016048  __TI_CINIT_Limit                                                     
20000000  __start___llvm_prf_cnts                                              
20000000  __stop___llvm_prf_cnts                                               
20000000  ti_sysbios_family_arm_m3_Hwi_ramVectors                              
20000400  task0Stack                                                           
20000c00  taskTouchStack                                                       
20001400  psDMAControlTable                                                    
20001800  ti_sysbios_heaps_HeapMem_Instance_State_0_buf__A                     
20001c00  ti_sysbios_family_arm_m3_Hwi_dispatchTable                           
20001f60  ti_sysbios_knl_Task_Instance_State_0_stack__A                        
200022a0  __CIOBUF_                                                            
200023c0  i2cTivaObjects                                                       
200024c0  uartTivaObjects                                                      
2000261c  xdc_runtime_SysMin_Module_State_0_outbuf__A                          
2000269c  task0Struct                                                          
200026ec  motorLibPWMObjects                                                   
20002724  sContext                                                             
20002750  clkLight                                                             
200027b4  uartTivaRingBuffer                                                   
200027d4  datetime                                                             
200027ec  motorLibPWMTimerObjects                                              
2000281c  AccBox                                                               
20002824  Banner                                                               
2000282c  BannerB                                                              
20002834  CurrBox                                                              
2000283c  Distbox                                                              
20002844  clearBox                                                             
2000284c  parmbuf                                                              
20002854  ScreenGate                                                           
20002858  g_pi32ParmSet                                                        
20002860  g_ui32Panel                                                          
20002868  i2c                                                                  
2000286c  timerclock                                                           
20002870  uart                                                                 
20002874  g_i16TouchX                                                          
20002876  g_i16TouchY                                                          
20002878  lightbits                                                            
20002880  dd                                                                   
20002a10  ti_sysbios_family_arm_lm4_Timer_Object__table__V                     
20002a90  ti_sysbios_knl_Swi_Module_State_0_readyQ__A                          
20002b10  ti_sysbios_knl_Task_Module_State_0_readyQ__A                         
20002b90  MotorSpeedSlider                                                     
20002bec  AccDownBtn                                                           
20002c3c  AccUpBtn                                                             
20002c8c  CurrentDownBtn                                                       
20002cdc  CurrentUpBtn                                                         
20002d2c  DistDownBtn                                                          
20002d7c  DistUpBtn                                                            
20002dcc  GraphPgBtn                                                           
20002e1c  LightGraphBtn                                                        
20002e6c  MotorGraphBtn                                                        
20002ebc  MotorMode                                                            
20002f0c  MotorPgBtn                                                           
20002f5c  PowerGraphBtn                                                        
20002fac  SensorPgBtn                                                          
20002ffc  TestGraphBtn                                                         
2000304c  backGraphBtn                                                         
2000309c  backGraphSelectBtn                                                   
200030ec  backMotorBtn                                                         
2000313c  backSensorBtn                                                        
2000318c  ti_sysbios_knl_Task_Object__table__V                                 
200031d8  ti_sysbios_family_arm_m3_Hwi_Object__table__V                        
20003220  ti_sysbios_knl_Task_Module__state__V                                 
20003264  g_Acceleration                                                       
200032a4  g_MotorStat                                                          
200032e4  g_sCanvas2                                                           
20003324  g_sCanvas3                                                           
20003364  g_scompass                                                           
200033a4  ti_sysbios_family_arm_lm4_Timer_Module_State_0_device__A             
200033e4  ti_sysbios_hal_SecondsClock_Module__state__V                         
20003420  ti_sysbios_gates_GateMutex_Object__table__V                          
20003458  ti_sysbios_family_arm_m3_Hwi_Module__state__V                        
2000348c  ti_sysbios_knl_Swi_Object__table__V                                  
200034bc  g_sRoot                                                              
200034ea  ti_sysbios_family_arm_m3_Hwi_Module_State_0_excActive__A             
200034ec  ti_sysbios_knl_Clock_Module__state__V                                
20003518  motorStartStop                                                       
20003519  HA                                                                   
2000351a  HB                                                                   
2000351b  HC                                                                   
2000351c  LowLight                                                             
20003520  lux                                                                  
20003528  objectdist                                                           
20003530  ongraph                                                              
20003534  currentDirection                                                     
20003538  CurrentMotorStat                                                     
2000353c  CurrentAcceleration                                                  
20003540  ti_sysbios_BIOS_Module__state__V                                     
20003564  ti_sysbios_family_arm_lm4_Timer_Module_State_0_handles__A            
20003584  gpioPinConfigs                                                       
200035a0  ti_sysbios_knl_Swi_Module__state__V                                  
200035d4  ti_sysbios_heaps_HeapMem_Object__table__V                            
200035ec  ti_sysbios_family_arm_lm4_Timer_Module__state__V                     
200035f8  xdc_runtime_SysMin_Module__state__V                                  
20003604  _lock                                                                
20003608  _unlock                                                              
2000360c  gpioCallbackFunctions                                                
20003614  ti_sysbios_family_arm_lm4_Timer_Module__root__V                      
2000361c  ti_sysbios_family_arm_lm4_TimestampProvider_Module__state__V         
20003624  ti_sysbios_family_arm_m3_Hwi_Module__root__V                         
2000362c  ti_sysbios_gates_GateHwi_Module__root__V                             
20003634  ti_sysbios_gates_GateMutexPri_Module__root__V                        
2000363c  ti_sysbios_gates_GateMutex_Module__root__V                           
20003644  ti_sysbios_hal_Timer_Module__root__V                                 
2000364c  ti_sysbios_heaps_HeapMem_Module__root__V                             
20003654  ti_sysbios_knl_Clock_Module__root__V                                 
2000365c  ti_sysbios_knl_Queue_Module__root__V                                 
20003664  ti_sysbios_knl_Semaphore_Module__root__V                             
2000366c  ti_sysbios_knl_Task_Module__root__V                                  
20003674  xdc_runtime_Registry_Module__state__V                                
2000367c  xdc_runtime_Startup_Module__state__V                                 
20003684  xdc_runtime_System_Module_State_0_atexitHandlers__A                  
2000368c  xdc_runtime_System_Module__state__V                                  
2000369a  xdc_runtime_Error_Module__state__V                                   
200036a8  errno                                                                
200036ac  main_func_sp                                                         
200036b0  ti_sysbios_family_arm_m3_Hwi_Module_State_0_excContext__A            
200036b4  ti_sysbios_family_arm_m3_Hwi_Module_State_0_excStack__A              
200036b8  ti_sysbios_gates_GateHwi_Object__table__V                            
200036bc  ti_sysbios_knl_Task_Module_State_0_idleTask__A                       
200036c0  g_i16TouchMin                                                        
200036c4  xdc_runtime_Memory_Module__state__V                                  
200036c8  __stack                                                              
200039c8  __STACK_END                                                          
e000e000  ti_sysbios_family_arm_m3_Hwi_nvic                                    
ffffffff  __TI_pprof_out_hndl                                                  
ffffffff  __TI_prof_data_size                                                  
ffffffff  __TI_prof_data_start                                                 
ffffffff  __binit__                                                            
ffffffff  __c_args__                                                           
ffffffff  binit                                                                
UNDEFED   SHT$$INIT_ARRAY$$Base                                                
UNDEFED   SHT$$INIT_ARRAY$$Limit                                               

[993 symbols]
