******************************************************************************
                  TI ARM Linker PC v20.2.5                     
******************************************************************************
>> Linked Tue May  3 15:20:28 2022

OUTPUT FILE NAME:   <EGH456MotorProject.out>
ENTRY POINT SYMBOL: "_c_int00"  address: 00006e5d


MEMORY CONFIGURATION

         name            origin    length      used     unused   attr    fill
----------------------  --------  ---------  --------  --------  ----  --------
  FLASH                 00000000   00100000  0000f797  000f0869  R  X
  SRAM                  20000000   00040000  00001e80  0003e180  RW X


SEGMENT ALLOCATION MAP

run origin  load origin   length   init length attrs members
----------  ----------- ---------- ----------- ----- -------
00000000    00000000    0000f7a0   0000f7a0    r-x
  00000000    00000000    0000003c   0000003c    r-- .resetVecs
  00000040    00000040    000090f2   000090f2    r-x .text
  00009134    00009134    000063e1   000063e1    r-- .const
  0000f518    0000f518    00000288   00000288    r-- .cinit
20000000    20000000    00001e80   00000000    rw-
  20000000    20000000    00000360   00000000    rw- .vecs
  20000360    20000360    0000130c   00000000    rw- .bss
  2000166c    2000166c    00000514   00000000    rw- .data
  20001b80    20001b80    00000300   00000000    rw- .stack


SECTION ALLOCATION MAP

 output                                  attributes/
section   page    origin      length       input sections
--------  ----  ----------  ----------   ----------------
.text      0    00000040    000090f2     
                  00000040    000006ac     MotorLib.lib : motorlib.obj (.text)
                  000006ec    00000004     driverlib.lib : i2c.obj (.text:I2CMasterControl)
                  000006f0    00000430     sysbios.aem4f : BIOS.obj (.text:ti_sysbios_family_arm_m3_Hwi_excDumpRegs__I)
                  00000b20    00000374     grlib.lib : image.obj (.text:InternalImageDraw)
                  00000e94    0000034c     ti.targets.arm.rtsarm.aem4f : System.oem4f (.text:xdc_runtime_System_doPrint__I)
                  000011e0    000002f8     grlib.lib : image.obj (.text:PixelTransparentDraw)
                  000014d8    000002d0     sysbios.aem4f : BIOS.obj (.text:ti_sysbios_knl_Semaphore_pend__E)
                  000017a8    00000278     frame.obj (.text:FrameDraw)
                  00001a20    0000026c     sysbios.aem4f : BIOS.obj (.text:ti_sysbios_heaps_HeapMem_free__E)
                  00001c8c    00000268     touch.obj (.text:TouchScreenDebouncer)
                  00001ef4    00000254     grlib.lib : string.obj (.text:GrFontGlyphRender)
                  00002148    00000250     sysbios.aem4f : BIOS.obj (.text:ti_sysbios_heaps_HeapMem_alloc__E)
                  00002398    00000234                   : BIOS.obj (.text:ti_sysbios_knl_Task_Instance_finalize__E)
                  000025cc    00000204     Boot.aem4f : Boot_sysctl.oem4f (.text:ti_catalog_arm_cortexm4_tiva_ce_Boot_sysCtlClockFreqSetI__I)
                  000027d0    000001f4     sysbios.aem4f : BIOS.obj (.text:ti_sysbios_family_arm_m3_Hwi_excHandlerMax__I)
                  000029c4    000001e4     Kentec320x240x16_ssd2119_spi.obj (.text:Kentec320x240x16_SSD2119Init)
                  00002ba8    000001dc     Kentec320x240x16_ssd2119_spi.obj (.text:Kentec320x240x16_SSD2119PixelDrawMultiple)
                  00002d84    00000004     driverlib.lib : i2c.obj (.text:I2CMasterDataGet)
                  00002d88    000001c0     sysbios.aem4f : BIOS.obj (.text:ti_sysbios_knl_Task_Instance_init__E)
                  00002f48    000001a4     pinout.obj (.text:PinoutSet)
                  000030ec    00000190     grlib.lib : canvas.obj (.text:CanvasPaint)
                  0000327c    0000017e               : pushbutton.obj (.text:RectangularButtonPaint)
                  000033fa    00000002     rtsv7M4_T_le_v4SPD16_eabi.lib : _lock.c.obj (.text:_nop)
                  000033fc    00000178     touch.obj (.text:TouchScreenIntHandler)
                  00003574    00000004     driverlib.lib : i2c.obj (.text:I2CMasterDataPut)
                  00003578    00000174     sysbios.aem4f : BIOS.obj (.text:ti_sysbios_family_arm_m3_Hwi_excBusFault__I)
                  000036ec    00000170     drivers_tivaware.aem4f : PWMTiva.oem4f (.text:PWMTiva_open)
                  0000385c    00000004     grlib.lib : widget.obj (.text:WidgetDefaultMsgProc)
                  00003860    00000164     sysbios.aem4f : BIOS.obj (.text:ti_sysbios_family_arm_m3_Hwi_excUsageFault__I)
                  000039c4    00000150     drivers_tivaware.aem4f : GPIOTiva.oem4f (.text:GPIO_setConfig)
                  00003b14    00000004     rtsv7M4_T_le_v4SPD16_eabi.lib : exit.c.obj (.text:abort:abort)
                  00003b18    00000148     sysbios.aem4f : BIOS.obj (.text:ti_sysbios_family_arm_m3_Hwi_excMemFault__I)
                  00003c60    0000013c                   : BIOS.obj (.text:ti_sysbios_heaps_HeapMem_Instance_init__E)
                  00003d9c    00000004     empty_pem4f.oem4f (.text:ti_sysbios_BIOS_RtsGateProxy_enter__E)
                  00003da0    00000134     sysbios.aem4f : BIOS.obj (.text:ti_sysbios_family_arm_lm4_Timer_start__E)
                  00003ed4    00000130     driverlib.lib : gpio.obj (.text:GPIOPadConfigSet)
                  00004004    00000118     empty.obj (.text:main)
                  0000411c    00000118     ti.targets.arm.rtsarm.aem4f : Error.oem4f (.text:xdc_runtime_Error_policyDefault__E)
                  00004234    00000114     drivers_tivaware.aem4f : PWMTimerTiva.oem4f (.text:PWMTimerTiva_open)
                  00004348    0000010c     Kentec320x240x16_ssd2119_spi.obj (.text:Kentec320x240x16_SSD2119RectFill)
                  00004454    0000010c     touch.obj (.text:TouchScreenInit)
                  00004560    00000100     ti.targets.arm.rtsarm.aem4f : Core-mem.oem4f (.text:xdc_runtime_Core_createObject__I)
                  00004660    000000f8                                 : Startup.oem4f (.text:xdc_runtime_Startup_startMods__I)
                  00004758    000000f8     empty_pem4f.oem4f (.text:xdc_runtime_System_printfExtend__I)
                  00004850    000000f4     sysbios.aem4f : m3_Hwi_asm.obj (.text:ti_sysbios_family_arm_m3_Hwi_dispatch__I)
                  00004944    000000f2     grlib.lib : pushbutton.obj (.text:RectangularButtonClick)
                  00004a36    000000f0     drivers_tivaware.aem4f : PWMTiva.oem4f (.text:PWMTiva_setDuty)
                  00004b26    00000002     rtsv7M4_T_le_v4SPD16_eabi.lib : div0.asm.obj (.text)
                  00004b28    000000ec     sysbios.aem4f : BIOS.obj (.text:ti_sysbios_knl_Semaphore_post__E)
                  00004c14    000000e8     grlib.lib : widget.obj (.text:WidgetMessageQueueAdd)
                  00004cfc    000000e0     drivers_tivaware.aem4f : I2CTiva.oem4f (.text:I2CTiva_open)
                  00004ddc    000000d6                            : I2CTiva.oem4f (.text:I2CTiva_hwiFxn)
                  00004eb2    00000002     empty_pem4f.oem4f (.text:ti_sysbios_BIOS_nullFunc__I)
                  00004eb4    000000cc     ti.targets.arm.rtsarm.aem4f : Core-smem.oem4f (.text:xdc_runtime_Core_constructObject__I)
                  00004f80    000000c0     grlib.lib : string.obj (.text:GrDefaultStringRenderer)
                  00005040    000000bc     sysbios.aem4f : BIOS.obj (.text:ti_sysbios_family_arm_m3_Hwi_excDebugMon__I)
                  000050fc    00000004     empty_pem4f.oem4f (.text:ti_sysbios_BIOS_RtsGateProxy_leave__E)
                  00005100    000000bc     sysbios.aem4f : BIOS.obj (.text:ti_sysbios_family_arm_m3_Hwi_excHardFault__I)
                  000051bc    000000b8     EK_TM4C1294XL.obj (.text:EK_TM4C1294XL_initGeneral)
                  00005274    000000b8     Kentec320x240x16_ssd2119_spi.obj (.text:InitSPILCDInterface)
                  0000532c    000000b8     drivers_tivaware.aem4f : PWMTimerTiva.oem4f (.text:PWMTimerTiva_setDuty)
                  000053e4    00000004     sysbios.aem4f : BIOS.obj (.text:ti_sysbios_family_arm_lm4_Timer_masterEnable__I)
                  000053e8    000000b4                   : BIOS.obj (.text:ti_sysbios_gates_GateMutex_enter__E)
                  0000549c    00000004     empty_pem4f.oem4f (.text:ti_sysbios_family_arm_m3_Hwi_destruct)
                  000054a0    000000b4     sysbios.aem4f : BIOS.obj (.text:ti_sysbios_knl_Task_checkStacks__E)
                  00005554    00000004     empty_pem4f.oem4f (.text:ti_sysbios_family_arm_m3_TaskSupport_Module__startupDone__S)
                  00005558    000000ac     sysbios.aem4f : BIOS.obj (.text:ti_sysbios_family_arm_lm4_Timer_enableTiva__I)
                  00005604    00000004     empty_pem4f.oem4f (.text:ti_sysbios_heaps_HeapMem_Module_GateProxy_enter__E)
                  00005608    000000a8     sysbios.aem4f : BIOS.obj (.text:ti_sysbios_family_arm_lm4_Timer_enableTimers__I)
                  000056b0    000000a8                   : BIOS.obj (.text:ti_sysbios_knl_Task_postInit__I)
                  00005758    000000a0     auto_init.aem4f : auto_init.oem4f (.text)
                  000057f8    000000a0     ti.targets.arm.rtsarm.aem4f : Text.oem4f (.text:xdc_runtime_Text_putMod__E)
                  00005898    0000009c     rtsv7M4_T_le_v4SPD16_eabi.lib : memcpy_t2.asm.obj (.text)
                  00005934    00000004     empty_pem4f.oem4f (.text:ti_sysbios_heaps_HeapMem_Module_GateProxy_leave__E)
                  00005938    0000009c     sysbios.aem4f : BIOS.obj (.text:ti_sysbios_knl_Semaphore_Instance_init__E)
                  000059d4    0000009a     ti.targets.arm.rtsarm.aem4f : Text.oem4f (.text:xdc_runtime_Text_putSite__E)
                  00005a6e    00000002     empty_pem4f.oem4f (.text:xdc_runtime_Startup_reset__I)
                  00005a70    00000098     Boot.aem4f : Boot.oem4f (.text:ti_catalog_arm_cortexm4_tiva_ce_Boot_sysCtlClockFreqSet__E)
                  00005b08    00000094     sysbios.aem4f : BIOS.obj (.text:ti_sysbios_family_arm_m3_Hwi_Instance_init__E)
                  00005b9c    00000004     empty_pem4f.oem4f (.text:ti_sysbios_knl_Clock_TimerProxy_getMaxTicks__E)
                  00005ba0    00000094     sysbios.aem4f : BIOS.obj (.text:ti_sysbios_family_arm_m3_Hwi_initNVIC__E)
                  00005c34    0000008c     drivers_tivaware.aem4f : GPIOTiva.oem4f (.text:GPIO_init)
                  00005cc0    0000008c     sysbios.aem4f : m3_TaskSupport_asm.obj (.text:ti_sysbios_family_arm_m3_TaskSupport_buildTaskStack)
                  00005d4c    00000088     drivers_tivaware.aem4f : PWMTiva.oem4f (.text:PWMTiva_control)
                  00005dd4    00000086     grlib.lib : rectangle.obj (.text:GrRectFill)
                  00005e5a    00000002     --HOLE-- [fill = 0]
                  00005e5c    00000084     empty.obj (.text:StartStopBttnPress)
                  00005ee0    00000084     sysbios.aem4f : BIOS.obj (.text:ti_sysbios_family_arm_m3_Hwi_postInit__I)
                  00005f64    0000007e     drivers_tivaware.aem4f : I2CTiva.oem4f (.text:I2CTiva_transfer)
                  00005fe2    0000007a     driverlib.lib : adc.obj (.text:ADCSequenceStepConfigure)
                  0000605c    0000007a     rtsv7M4_T_le_v4SPD16_eabi.lib : memset_t2.asm.obj (.text)
                  000060d6    00000002     --HOLE-- [fill = 0]
                  000060d8    00000070     sysbios.aem4f : BIOS.obj (.text:ti_sysbios_knl_Clock_workFunc__E)
                  00006148    00000070                   : BIOS.obj (.text:ti_sysbios_knl_Task_exit__E)
                  000061b8    0000006d     ti.targets.arm.rtsarm.aem4f : System.oem4f (.text:xdc_runtime_System_formatNum__I)
                  00006225    00000003     --HOLE-- [fill = 0]
                  00006228    0000006c     drivers_tivaware.aem4f : PWMTimerTiva.oem4f (.text:PWMTimerTiva_control)
                  00006294    00000004     empty_pem4f.oem4f (.text:ti_sysbios_knl_Queue_destruct)
                  00006298    0000006c     sysbios.aem4f : BIOS.obj (.text:ti_sysbios_knl_Swi_restoreHwi__E)
                  00006304    0000006c     ti.targets.arm.rtsarm.aem4f : Error.oem4f (.text:xdc_runtime_Error_print__E)
                  00006370    0000006c                                 : Memory.oem4f (.text:xdc_runtime_Memory_alloc__E)
                  000063dc    0000006a     drivers_tivaware.aem4f : PWMTiva.oem4f (.text:PWMTiva_close)
                  00006446    00000002     --HOLE-- [fill = 0]
                  00006448    00000068     EK_TM4C1294XL.obj (.text:EK_TM4C1294XL_initI2C)
                  000064b0    00000068     grlib.lib : context.obj (.text:GrContextInit)
                  00006518    00000068               : string.obj (.text:GrStringWidthGet)
                  00006580    00000068     driverlib.lib : interrupt.obj (.text:IntEnable)
                  000065e8    00000068     Kentec320x240x16_ssd2119_spi.obj (.text:Kentec320x240x16_SSD2119LineDrawH)
                  00006650    00000068     Kentec320x240x16_ssd2119_spi.obj (.text:Kentec320x240x16_SSD2119LineDrawV)
                  000066b8    00000068     rtsv7M4_T_le_v4SPD16_eabi.lib : copy_decompress_lzss.c.obj (.text:decompress:lzss:__TI_decompress_lzss)
                  00006720    00000066     grlib.lib : context.obj (.text:GrContextClipRegionSet)
                  00006786    00000066               : rectangle.obj (.text:GrRectDraw)
                  000067ec    00000066     ti.targets.arm.rtsarm.aem4f : Core-mem.oem4f (.text:xdc_runtime_Core_deleteObject__I)
                  00006852    00000002     --HOLE-- [fill = 0]
                  00006854    00000064     drivers_tivaware.aem4f : GPIOTiva.oem4f (.text:GPIO_hwiIntFxn)
                  000068b8    00000064     sysbios.aem4f : BIOS.obj (.text:ti_sysbios_family_arm_lm4_Timer_Module_startup__E)
                  0000691c    00000064     empty_pem4f.oem4f (.text:ti_sysbios_family_arm_m3_Hwi_create)
                  00006980    00000064     sysbios.aem4f : BIOS.obj (.text:ti_sysbios_family_arm_m3_Hwi_dispatchC__I)
                  000069e4    00000062     drivers_tivaware.aem4f : I2CTiva.oem4f (.text:I2CTiva_primeTransfer)
                  00006a46    00000002     --HOLE-- [fill = 0]
                  00006a48    00000060     driverlib.lib : timer.obj (.text:TimerConfigure)
                  00006aa8    00000060     Kentec320x240x16_ssd2119_spi.obj (.text:WriteDataSPI)
                  00006b08    00000060     sysbios.aem4f : BIOS.obj (.text:ti_sysbios_family_arm_lm4_Timer_isrStub__E)
                  00006b68    00000060                   : BIOS.obj (.text:ti_sysbios_knl_Task_schedule__I)
                  00006bc8    0000005c     Kentec320x240x16_ssd2119_spi.obj (.text:WriteCommandSPI)
                  00006c24    00000004     empty_pem4f.oem4f (.text:ti_sysbios_knl_Semaphore_destruct)
                  00006c28    0000005c     sysbios.aem4f : BIOS.obj (.text:ti_sysbios_knl_Swi_run__I)
                  00006c84    00000004     ti.targets.arm.rtsarm.aem4f : Error.oem4f (.text:xdc_runtime_Error_getSite__E)
                  00006c88    0000005c     sysbios.aem4f : BIOS.obj (.text:ti_sysbios_knl_Swi_schedule__I)
                  00006ce4    00000004     empty_pem4f.oem4f (.text:xdc_runtime_System_Module_GateProxy_enter__E)
                  00006ce8    0000005c     sysbios.aem4f : BIOS.obj (.text:ti_sysbios_knl_Task_Module_startup__E)
                  00006d44    00000004     empty_pem4f.oem4f (.text:xdc_runtime_System_Module_GateProxy_leave__E)
                  00006d48    0000005c     sysbios.aem4f : BIOS.obj (.text:ti_sysbios_knl_Task_startCore__E)
                  00006da4    0000005b     ti.targets.arm.rtsarm.aem4f : Text.oem4f (.text:xdc_runtime_Text_putLab__E)
                  00006dff    00000001     --HOLE-- [fill = 0]
                  00006e00    0000005a     grlib.lib : string.obj (.text:FontWideGlyphDataGet)
                  00006e5a    00000002     --HOLE-- [fill = 0]
                  00006e5c    00000058     boot.aem4f : boot.oem4f (.text)
                  00006eb4    00000058     rtsv7M4_T_le_v4SPD16_eabi.lib : hostwrite.c.obj (.text:HOSTwrite)
                  00006f0c    00000058     driverlib.lib : timer.obj (.text:TimerControlTrigger)
                  00006f64    00000058     empty_pem4f.oem4f (.text:ti_sysbios_family_arm_m3_Hwi_construct)
                  00006fbc    00000058     sysbios.aem4f : m3_Hwi_asm_switch.obj (.text:ti_sysbios_family_arm_m3_Hwi_initStacks__E)
                  00007014    00000056     driverlib.lib : gpio.obj (.text:GPIOIntTypeSet)
                  0000706a    00000002     --HOLE-- [fill = 0]
                  0000706c    00000054     empty_pem4f.oem4f (.text:ti_sysbios_knl_Task_construct)
                  000070c0    00000054     ti.targets.arm.rtsarm.aem4f : Assert.oem4f (.text:xdc_runtime_Assert_raise__I)
                  00007114    00000050     drivers_tivaware.aem4f : GPIOTiva.oem4f (.text:GPIO_setCallback)
                  00007164    00000050                            : GPIOTiva.oem4f (.text:GPIO_write)
                  000071b4    00000050     Boot.aem4f : Boot_sysctl.oem4f (.text:_SysCtlFrequencyGet)
                  00007204    00000004     ti.targets.arm.rtsarm.aem4f : System.oem4f (.text:xdc_runtime_System_aprintf_va__F)
                  00007208    00000050     sysbios.aem4f : BIOS.obj (.text:ti_sysbios_family_arm_m3_Hwi_Module_startup__E)
                  00007258    00000050     ti.targets.arm.rtsarm.aem4f : Startup.oem4f (.text:xdc_runtime_Startup_exec__E)
                  000072a8    00000050                                 : Text.oem4f (.text:xdc_runtime_Text_visitRope2__I)
                  000072f8    0000004c     rtsv7M4_T_le_v4SPD16_eabi.lib : cpy_tbl.c.obj (.text:copy_in)
                  00007344    00000004     ti.targets.arm.rtsarm.aem4f : System.oem4f (.text:xdc_runtime_System_printf_va__F)
                  00007348    0000004c     sysbios.aem4f : BIOS.obj (.text:ti_sysbios_family_arm_lm4_Timer_setAvailMask__E)
                  00007394    00000004     --HOLE-- [fill = 0]
                  00007398    0000004c                   : BIOS.obj (.text:ti_sysbios_heaps_HeapMem_getStats__E)
                  000073e4    00000004     --HOLE-- [fill = 0]
                  000073e8    0000004c                   : BIOS.obj (.text:ti_sysbios_knl_Swi_runLoop__I)
                  00007434    00000004     --HOLE-- [fill = 0]
                  00007438    0000004c                   : BIOS.obj (.text:ti_sysbios_knl_Task_allBlockedFunction__I)
                  00007484    0000004a     drivers_tivaware.aem4f : PWMTimerTiva.oem4f (.text:PWMTimerTiva_close)
                  000074ce    0000004a     grlib.lib : string.obj (.text:UpdateContextCharMapping)
                  00007518    00000048     driverlib.lib : gpio.obj (.text:GPIOPinConfigure)
                  00007560    00000048                   : i2c.obj (.text:I2CMasterInitExpClk)
                  000075a8    00000048     sysbios.aem4f : BIOS.obj (.text:ti_sysbios_family_arm_m3_Hwi_disableInterrupt__E)
                  000075f0    00000048                   : BIOS.obj (.text:ti_sysbios_family_arm_m3_Hwi_enableInterrupt__E)
                  00007638    00000048                   : BIOS.obj (.text:ti_sysbios_family_arm_m3_Hwi_excReserved__I)
                  00007680    00000046     grlib.lib : line.obj (.text:GrLineDrawH)
                  000076c6    00000046               : line.obj (.text:GrLineDrawV)
                  0000770c    00000046     Kentec320x240x16_ssd2119_spi.obj (.text:Kentec320x240x16_SSD2119PixelDraw)
                  00007752    00000046     ti.targets.arm.rtsarm.aem4f : Core-params.oem4f (.text:xdc_runtime_Core_assignParams__I)
                  00007798    00000044     sysbios.aem4f : BIOS.obj (.text:ti_sysbios_family_arm_m3_Hwi_getStackInfo__E)
                  000077dc    00000004     --HOLE-- [fill = 0]
                  000077e0    00000044                   : BIOS.obj (.text:ti_sysbios_knl_Swi_post__E)
                  00007824    00000044     ti.targets.arm.rtsarm.aem4f : Error.oem4f (.text:xdc_runtime_Error_setX__E)
                  00007868    00000044                                 : SysMin.oem4f (.text:xdc_runtime_SysMin_flush__E)
                  000078ac    00000044                                 : Text.oem4f (.text:xdc_runtime_Text_xprintf__I)
                  000078f0    00000040     rtsv7M4_T_le_v4SPD16_eabi.lib : u_divt2.asm.obj (.text)
                  00007930    00000040     sysbios.aem4f : BIOS.obj (.text:ti_sysbios_family_arm_lm4_Timer_startup__E)
                  00007970    0000003e     driverlib.lib : adc.obj (.text:ADCSequenceConfigure)
                  000079ae    0000003c                   : ssi.obj (.text:SSIConfigSetExpClk)
                  000079ea    00000006                   : gpio.obj (.text:GPIOIntClear)
                  000079f0    0000003c     sysbios.aem4f : BIOS.obj (.text:ti_sysbios_family_arm_m3_Hwi_excSvCall__I)
                  00007a2c    00000004     --HOLE-- [fill = 0]
                  00007a30    0000003c                   : BIOS.obj (.text:ti_sysbios_heaps_HeapMem_init__I)
                  00007a6c    00000004     --HOLE-- [fill = 0]
                  00007a70    0000003c                   : BIOS.obj (.text:ti_sysbios_knl_Swi_restore__E)
                  00007aac    0000003a     grlib.lib : string.obj (.text:FontGlyphDataGet)
                  00007ae6    0000003a     drivers_tivaware.aem4f : I2CTiva.oem4f (.text:I2CTiva_completeTransfer)
                  00007b20    00000038                            : I2C.oem4f (.text:I2C_init)
                  00007b58    00000038                            : PWM.oem4f (.text:PWM_init)
                  00007b90    00000038     driverlib.lib : sysctl.obj (.text:SysCtlPeripheralReady)
                  00007bc8    00000038     rtsv7M4_T_le_v4SPD16_eabi.lib : trgmsg.c.obj (.text:__TI_writemsg)
                  00007c00    00000038     sysbios.aem4f : BIOS.obj (.text:ti_sysbios_family_arm_m3_Hwi_excNoIsr__I)
                  00007c38    00000038                   : BIOS.obj (.text:ti_sysbios_knl_Task_processVitalTaskFlag__I)
                  00007c70    00000038     ti.targets.arm.rtsarm.aem4f : SysMin.oem4f (.text:xdc_runtime_SysMin_putch__E)
                  00007ca8    00000038                                 : System.oem4f (.text:xdc_runtime_System_atexit__E)
                  00007ce0    00000036     drivers_tivaware.aem4f : I2CTiva.oem4f (.text:I2CTiva_close)
                  00007d16    00000002     --HOLE-- [fill = 0]
                  00007d18    00000034     driverlib.lib : sysctl.obj (.text:SysCtlPeripheralEnable)
                  00007d4c    00000034     rtsv7M4_T_le_v4SPD16_eabi.lib : trgmsg.c.obj (.text:__TI_readmsg)
                  00007d80    00000034     empty.obj (.text:heartBeatFxn)
                  00007db4    00000004     --HOLE-- [fill = 0]
                  00007db8    00000034     sysbios.aem4f : BIOS.obj (.text:ti_sysbios_family_arm_m3_Hwi_Instance_finalize__E)
                  00007dec    00000004     --HOLE-- [fill = 0]
                  00007df0    00000034                   : BIOS.obj (.text:ti_sysbios_family_arm_m3_Hwi_excNmi__I)
                  00007e24    00000004     --HOLE-- [fill = 0]
                  00007e28    00000034                   : BIOS.obj (.text:ti_sysbios_hal_Hwi_checkStack)
                  00007e5c    00000034     ti.targets.arm.rtsarm.aem4f : Core-label.oem4f (.text:xdc_runtime_Core_assignLabel__I)
                  00007e90    00000033                                 : Text.oem4f (.text:xdc_runtime_Text_printVisFxn__I)
                  00007ec3    00000005     --HOLE-- [fill = 0]
                  00007ec8    00000032     sysbios.aem4f : BIOS.obj (.text:ti_sysbios_hal_Hwi_initStack)
                  00007efa    00000002     --HOLE-- [fill = 0]
                  00007efc    00000030     drivers_tivaware.aem4f : PWMTiva.oem4f (.text:PWMTiva_init)
                  00007f2c    00000030                            : PWM.oem4f (.text:PWM_open)
                  00007f5c    00000030     empty_pem4f.oem4f (.text:ti_sysbios_BIOS_atExitFunc__I)
                  00007f8c    00000004     --HOLE-- [fill = 0]
                  00007f90    00000030     sysbios.aem4f : BIOS.obj (.text:ti_sysbios_family_arm_lm4_Timer_stop__E)
                  00007fc0    00000030                   : BIOS.obj (.text:ti_sysbios_family_arm_m3_TaskSupport_start__E)
                  00007ff0    00000030     empty_pem4f.oem4f (.text:ti_sysbios_gates_GateHwi_Object__create__S)
                  00008020    00000030     empty_pem4f.oem4f (.text:ti_sysbios_gates_GateMutex_Object__create__S)
                  00008050    00000030     empty_pem4f.oem4f (.text:ti_sysbios_heaps_HeapMem_Object__create__S)
                  00008080    00000030     empty_pem4f.oem4f (.text:ti_sysbios_knl_Semaphore_construct)
                  000080b0    00000030     sysbios.aem4f : BIOS.obj (.text:ti_sysbios_knl_Semaphore_pendTimeout__I)
                  000080e0    00000030                   : BIOS.obj (.text:ti_sysbios_knl_Task_unblockI__E)
                  00008110    00000030     ti.targets.arm.rtsarm.aem4f : SysMin.oem4f (.text:xdc_runtime_SysMin_abort__E)
                  00008140    00000030                                 : System.oem4f (.text:xdc_runtime_System_processAtExit__E)
                  00008170    0000002e     grlib.lib : string.obj (.text:GrStringNextCharGet)
                  0000819e    0000002c               : string.obj (.text:GrFontBaselineGet)
                  000081ca    0000002c               : string.obj (.text:GrFontHeightGet)
                  000081f6    0000002c               : pushbutton.obj (.text:RectangularButtonMsgProc)
                  00008222    00000002     --HOLE-- [fill = 0]
                  00008224    0000002c     empty_pem4f.oem4f (.text:ti_sysbios_knl_Clock_doTick__I)
                  00008250    0000002c     empty_pem4f.oem4f (.text:ti_sysbios_knl_Queue_construct)
                  0000827c    00000004     --HOLE-- [fill = 0]
                  00008280    0000002c     sysbios.aem4f : BIOS.obj (.text:ti_sysbios_knl_Task_restore__E)
                  000082ac    0000002c     ti.targets.arm.rtsarm.aem4f : Text.oem4f (.text:xdc_runtime_Text_cordText__E)
                  000082d8    0000002a     driverlib.lib : gpio.obj (.text:GPIODirModeSet)
                  00008302    0000002a     ti.targets.arm.rtsarm.aem4f : System.oem4f (.text:xdc_runtime_System_putchar__I)
                  0000832c    00000028     Kentec320x240x16_ssd2119_spi.obj (.text:Kentec320x240x16_SSD2119ColorTranslate)
                  00008354    00000004     --HOLE-- [fill = 0]
                  00008358    00000028     sysbios.aem4f : BIOS.obj (.text:ti_sysbios_knl_Swi_Module_startup__E)
                  00008380    00000026     grlib.lib : string.obj (.text:GrFontInfoGet)
                  000083a6    00000026     sysbios.aem4f : m3_Hwi_asm.obj (.text:ti_sysbios_family_arm_m3_Hwi_pendSV__I)
                  000083cc    00000026     ti.targets.arm.rtsarm.aem4f : System.oem4f (.text:xdc_runtime_System_avprintf__E)
                  000083f2    00000002     --HOLE-- [fill = 0]
                  000083f4    00000024     empty_pem4f.oem4f (.text:ti_sysbios_BIOS_errorRaiseHook__I)
                  00008418    00000024     empty_pem4f.oem4f (.text:ti_sysbios_BIOS_registerRTSLock__I)
                  0000843c    00000024     empty_pem4f.oem4f (.text:ti_sysbios_BIOS_removeRTSLock__I)
                  00008460    00000024     empty_pem4f.oem4f (.text:ti_sysbios_BIOS_startFunc__I)
                  00008484    00000024     empty_pem4f.oem4f (.text:ti_sysbios_gates_GateMutex_Object__delete__S)
                  000084a8    00000024     sysbios.aem4f : BIOS.obj (.text:ti_sysbios_knl_Clock_Module_startup__E)
                  000084cc    00000004     --HOLE-- [fill = 0]
                  000084d0    00000024                   : BIOS.obj (.text:ti_sysbios_knl_Task_restoreHwi__E)
                  000084f4    00000024     ti.targets.arm.rtsarm.aem4f : System.oem4f (.text:xdc_runtime_System_vprintf__E)
                  00008518    00000022     grlib.lib : string.obj (.text:GrFontGlyphDataGet)
                  0000853a    00000022     driverlib.lib : pwm.obj (.text:PWMGenConfigure)
                  0000855c    00000022     drivers_tivaware.aem4f : PWMTiva.oem4f (.text:PWMTiva_getPeriodCounts)
                  0000857e    00000002     --HOLE-- [fill = 0]
                  00008580    00000022     sysbios.aem4f : BIOS.obj (.text:ti_sysbios_family_arm_lm4_Timer_write__I)
                  000085a2    00000022     empty_pem4f.oem4f (.text:xdc_runtime_SysMin_output__I)
                  000085c4    00000020     Boot.aem4f : Boot_sysctl.oem4f (.text:_SysCtlMemTimingGet)
                  000085e4    00000020     empty_pem4f.oem4f (.text:ti_sysbios_BIOS_rtsLock__I)
                  00008604    00000020     sysbios.aem4f : m3_Hwi_asm.obj (.text:ti_sysbios_family_arm_m3_Hwi_excHandlerAsm__I)
                  00008624    00000004     --HOLE-- [fill = 0]
                  00008628    00000020                   : BIOS.obj (.text:ti_sysbios_family_arm_m3_Hwi_excHandler__I)
                  00008648    00000020     empty_pem4f.oem4f (.text:ti_sysbios_gates_GateHwi_Object__delete__S)
                  00008668    00000020     empty_pem4f.oem4f (.text:ti_sysbios_heaps_HeapMem_Object__delete__S)
                  00008688    00000020     sysbios.aem4f : BIOS.obj (.text:ti_sysbios_knl_Idle_run__E)
                  000086a8    00000020     empty_pem4f.oem4f (.text:ti_sysbios_knl_Semaphore_Object__destruct__S)
                  000086c8    00000020     ti.targets.arm.rtsarm.aem4f : Registry.oem4f (.text:xdc_runtime_Registry_findById__E)
                  000086e8    00000020                                 : SysMin.oem4f (.text:xdc_runtime_SysMin_Module_startup__E)
                  00008708    0000001e     grlib.lib : string.obj (.text:GrFontCodepageGet)
                  00008726    0000001e     driverlib.lib : pwm.obj (.text:PWMPulseWidthSet)
                  00008744    0000001e     drivers_tivaware.aem4f : PWMTiva.oem4f (.text:PWMTiva_getPeriodMicroSecs)
                  00008762    0000001e     grlib.lib : widget.obj (.text:WidgetAdd)
                  00008780    0000001e     sysbios.aem4f : m3_Hwi_asm_switch.obj (.text:ti_sysbios_family_xxx_Hwi_switchAndRunFunc)
                  0000879e    00000002     --HOLE-- [fill = 0]
                  000087a0    0000001c     grlib.lib : widget.obj (.text:WidgetPointerMessage)
                  000087bc    0000001c     drivers_tivaware.aem4f : GPIOTiva.oem4f (.text:getGpioIntIndex)
                  000087d8    0000001c     empty_pem4f.oem4f (.text:ti_sysbios_family_arm_m3_Hwi_Object__destruct__S)
                  000087f4    00000004     --HOLE-- [fill = 0]
                  000087f8    0000001c     sysbios.aem4f : BIOS.obj (.text:ti_sysbios_gates_GateMutex_Instance_init__E)
                  00008814    0000001c     empty_pem4f.oem4f (.text:ti_sysbios_knl_Queue_Object__destruct__S)
                  00008830    0000001c     sysbios.aem4f : BIOS.obj (.text:ti_sysbios_knl_Task_enter__I)
                  0000884c    0000001c     ti.targets.arm.rtsarm.aem4f : Error.oem4f (.text:xdc_runtime_Error_raiseX__E)
                  00008868    0000001c                                 : Memory.oem4f (.text:xdc_runtime_Memory_valloc__E)
                  00008884    0000001c                                 : SysMin.oem4f (.text:xdc_runtime_SysMin_exit__E)
                  000088a0    0000001c                                 : System.oem4f (.text:xdc_runtime_System_abort__E)
                  000088bc    0000001a     empty_pem4f.oem4f (.text:ti_sysbios_family_arm_m3_Hwi_Handle__label__S)
                  000088d6    0000001a     empty_pem4f.oem4f (.text:ti_sysbios_gates_GateHwi_Handle__label__S)
                  000088f0    0000001a     empty_pem4f.oem4f (.text:ti_sysbios_gates_GateMutex_Handle__label__S)
                  0000890a    0000001a     empty_pem4f.oem4f (.text:ti_sysbios_heaps_HeapMem_Handle__label__S)
                  00008924    0000001a     empty_pem4f.oem4f (.text:ti_sysbios_knl_Swi_Handle__label__S)
                  0000893e    0000001a     empty_pem4f.oem4f (.text:ti_sysbios_knl_Task_Handle__label__S)
                  00008958    0000001a     empty_pem4f.oem4f (.text:xdc_runtime_System_aprintf__E)
                  00008972    0000001a     empty_pem4f.oem4f (.text:xdc_runtime_System_printf__E)
                  0000898c    00000018     driverlib.lib : gpio.obj (.text:GPIOPinTypeGPIOOutput)
                  000089a4    00000018                   : timer.obj (.text:TimerControlLevel)
                  000089bc    00000018     rtsv7M4_T_le_v4SPD16_eabi.lib : args_main.c.obj (.text:_args_main)
                  000089d4    00000018     empty_pem4f.oem4f (.text:ti_sysbios_BIOS_rtsUnlock__I)
                  000089ec    00000018     empty_pem4f.oem4f (.text:ti_sysbios_family_arm_lm4_Timer_Module__startupDone__F)
                  00008a04    00000018     empty_pem4f.oem4f (.text:ti_sysbios_family_arm_m3_Hwi_Module__startupDone__F)
                  00008a1c    00000018     sysbios.aem4f : m3_TaskSupport_asm.obj (.text:ti_sysbios_family_arm_m3_TaskSupport_swap__E)
                  00008a34    00000004     --HOLE-- [fill = 0]
                  00008a38    00000018                   : BIOS.obj (.text:ti_sysbios_gates_GateMutex_leave__E)
                  00008a50    00000018     ti.targets.arm.rtsarm.aem4f : Error.oem4f (.text:xdc_runtime_Error_check__E)
                  00008a68    00000018                                 : System.oem4f (.text:xdc_runtime_System_exit__E)
                  00008a80    00000018                                 : Text.oem4f (.text:xdc_runtime_Text_ropeText__E)
                  00008a98    00000016     grlib.lib : string.obj (.text:GrStringDraw)
                  00008aae    00000016     driverlib.lib : i2c.obj (.text:I2CMasterErr)
                  00008ac4    00000016     empty_pem4f.oem4f (.text:ti_sysbios_BIOS_exitFunc__I)
                  00008ada    00000016     empty.obj (.text:ti_sysbios_knl_Task_Params_init)
                  00008af0    00000014     grlib.lib : canvas.obj (.text:CanvasMsgProc)
                  00008b04    00000014     Kentec320x240x16_ssd2119_spi.obj (.text:LED_OFF)
                  00008b18    00000014     Kentec320x240x16_ssd2119_spi.obj (.text:LED_ON)
                  00008b2c    00000014     driverlib.lib : pwm.obj (.text:PWMClockSet)
                  00008b40    00000014                   : sysctl.obj (.text:SysCtlPWMClockSet)
                  00008b54    00000014                   : timer.obj (.text:TimerDisable)
                  00008b68    00000014     touch.obj (.text:TouchScreenCallbackSet)
                  00008b7c    00000014     grlib.lib : widget.obj (.text:WidgetMutexGet)
                  00008b90    00000014     rtsv7M4_T_le_v4SPD16_eabi.lib : strlen.c.obj (.text:strlen)
                  00008ba4    00000014     empty_pem4f.oem4f (.text:ti_sysbios_family_arm_m3_Hwi_Object__get__S)
                  00008bb8    00000014     sysbios.aem4f : BIOS.obj (.text:ti_sysbios_family_arm_m3_Hwi_switchFromBootStack__E)
                  00008bcc    00000014     empty_pem4f.oem4f (.text:ti_sysbios_heaps_HeapMem_Object__get__S)
                  00008be0    00000014     empty_pem4f.oem4f (.text:ti_sysbios_knl_Swi_Object__get__S)
                  00008bf4    00000012     driverlib.lib : gpio.obj (.text:GPIOPinTypeEthernetLED)
                  00008c06    00000012                   : gpio.obj (.text:GPIOPinTypeGPIOInput)
                  00008c18    00000012                   : gpio.obj (.text:GPIOPinTypeI2C)
                  00008c2a    00000012                   : gpio.obj (.text:GPIOPinTypeI2CSCL)
                  00008c3c    00000012                   : gpio.obj (.text:GPIOPinTypePWM)
                  00008c4e    00000012                   : gpio.obj (.text:GPIOPinTypeSSI)
                  00008c60    00000012                   : gpio.obj (.text:GPIOPinTypeTimer)
                  00008c72    00000012                   : gpio.obj (.text:GPIOPinTypeUART)
                  00008c84    00000012                   : gpio.obj (.text:GPIOPinTypeUSBAnalog)
                  00008c96    00000012                   : gpio.obj (.text:GPIOPinTypeUSBDigital)
                  00008ca8    00000012     empty.obj (.text:MotorInit)
                  00008cba    00000012     driverlib.lib : pwm.obj (.text:PWMGenPeriodGet)
                  00008ccc    00000012                   : pwm.obj (.text:PWMOutputInvert)
                  00008cde    00000012                   : pwm.obj (.text:PWMOutputState)
                  00008cf0    00000012                   : ssi.obj (.text:SSIDataGetNonBlocking)
                  00008d02    00000012                   : timer.obj (.text:TimerLoadSet)
                  00008d14    00000012                   : timer.obj (.text:TimerMatchSet)
                  00008d26    00000012                   : timer.obj (.text:TimerPrescaleMatchSet)
                  00008d38    00000012                   : timer.obj (.text:TimerPrescaleSet)
                  00008d4a    00000006                   : gpio.obj (.text:GPIOPinWrite)
                  00008d50    00000012     sysbios.aem4f : BIOS.obj (.text:ti_sysbios_hal_Hwi_Module_startup__E)
                  00008d62    00000012     empty_pem4f.oem4f (.text:xdc_runtime_Startup_exec__I)
                  00008d74    00000010     empty_pem4f.oem4f (.text:.bootCodeSection:ti_catalog_arm_cortexm4_tiva_ce_Boot_init__I)
                  00008d84    00000010     driverlib.lib : adc.obj (.text:ADCIntEnable)
                  00008d94    00000010                   : pwm.obj (.text:PWMGenPeriodSet)
                  00008da4    00000010     drivers_tivaware.aem4f : PWM.oem4f (.text:PWM_Params_init)
                  00008db4    00000004     --HOLE-- [fill = 0]
                  00008db8    00000010     sysbios.aem4f : BIOS.obj (.text:ti_sysbios_BIOS_getCpuFreq__E)
                  00008dc8    00000010                   : BIOS.obj (.text:ti_sysbios_BIOS_setThreadType__E)
                  00008dd8    00000010                   : BIOS.obj (.text:ti_sysbios_BIOS_start__E)
                  00008de8    00000010                   : m3_TaskSupport_asm.obj (.text:ti_sysbios_family_arm_m3_TaskSupport_glue)
                  00008df8    00000010                   : BIOS.obj (.text:ti_sysbios_gates_GateMutex_Instance_finalize__E)
                  00008e08    00000010                   : BIOS.obj (.text:ti_sysbios_knl_Semaphore_Instance_finalize__E)
                  00008e18    00000010                   : BIOS.obj (.text:ti_sysbios_knl_Swi_disable__E)
                  00008e28    00000010     empty_pem4f.oem4f (.text:ti_sysbios_knl_Task_Object__get__S)
                  00008e38    00000010     sysbios.aem4f : BIOS.obj (.text:ti_sysbios_knl_Task_disable__E)
                  00008e48    00000010     ti.targets.arm.rtsarm.aem4f : Gate.oem4f (.text:xdc_runtime_Gate_leaveSystem__E)
                  00008e58    00000010                                 : Memory.oem4f (.text:xdc_runtime_Memory_free__E)
                  00008e68    00000010                                 : SysMin.oem4f (.text:xdc_runtime_SysMin_ready__E)
                  00008e78    00000010                                 : System.oem4f (.text:xdc_runtime_System_vsnprintf__E)
                  00008e88    00000010     empty_pem4f.oem4f (.text:xdc_runtime_Text_visitRope__I)
                  00008e98    0000000e     driverlib.lib : adc.obj (.text:ADCSequenceEnable)
                  00008ea6    0000000e                   : gpio.obj (.text:GPIOIntStatus)
                  00008eb4    0000000e     grlib.lib : image.obj (.text:GrImageDraw)
                  00008ec2    0000000e     driverlib.lib : timer.obj (.text:TimerEnable)
                  00008ed0    0000000e     rtsv7M4_T_le_v4SPD16_eabi.lib : copy_decompress_none.c.obj (.text:decompress:none:__TI_decompress_none)
                  00008ede    00000002     --HOLE-- [fill = 0]
                  00008ee0    0000000e     sysbios.aem4f : BIOS.obj (.text:ti_sysbios_knl_Idle_loop__E)
                  00008eee    00000002     --HOLE-- [fill = 0]
                  00008ef0    0000000e                   : BIOS.obj (.text:ti_sysbios_knl_Queue_empty__E)
                  00008efe    0000000c     driverlib.lib : pwm.obj (.text:PWMGenDisable)
                  00008f0a    0000000c                   : pwm.obj (.text:PWMGenEnable)
                  00008f16    00000002     --HOLE-- [fill = 0]
                  00008f18    0000000c     rtsv7M4_T_le_v4SPD16_eabi.lib : _lock.c.obj (.text:_register_lock)
                  00008f24    0000000c                                   : _lock.c.obj (.text:_register_unlock)
                  00008f30    0000000c                                   : copy_zero_init.c.obj (.text:decompress:ZI:__TI_zero_init)
                  00008f3c    00000004     --HOLE-- [fill = 0]
                  00008f40    0000000c     sysbios.aem4f : BIOS.obj (.text:ti_sysbios_family_arm_lm4_Timer_getAvailMask__E)
                  00008f4c    00000004     --HOLE-- [fill = 0]
                  00008f50    0000000c                   : BIOS.obj (.text:ti_sysbios_family_arm_lm4_Timer_getMaxTicks__E)
                  00008f5c    0000000c     empty_pem4f.oem4f (.text:ti_sysbios_family_arm_m3_Hwi_Params__init__S)
                  00008f68    0000000c     sysbios.aem4f : BIOS.obj (.text:ti_sysbios_family_arm_m3_Hwi_disableFxn__E)
                  00008f74    00000004     --HOLE-- [fill = 0]
                  00008f78    0000000c                   : BIOS.obj (.text:ti_sysbios_family_arm_m3_TaskSupport_checkStack__E)
                  00008f84    00000004     --HOLE-- [fill = 0]
                  00008f88    0000000c                   : BIOS.obj (.text:ti_sysbios_family_arm_m3_TaskSupport_getStackAlignment__E)
                  00008f94    00000004     --HOLE-- [fill = 0]
                  00008f98    0000000c                   : BIOS.obj (.text:ti_sysbios_gates_GateHwi_enter__E)
                  00008fa4    0000000c     empty_pem4f.oem4f (.text:ti_sysbios_knl_Queue_Object__get__S)
                  00008fb0    0000000c     empty_pem4f.oem4f (.text:ti_sysbios_knl_Semaphore_Params__init__S)
                  00008fbc    0000000c     empty_pem4f.oem4f (.text:ti_sysbios_knl_Task_Params__init__S)
                  00008fc8    0000000c     ti.targets.arm.rtsarm.aem4f : Error.oem4f (.text:xdc_runtime_Error_init__E)
                  00008fd4    0000000c                                 : Gate.oem4f (.text:xdc_runtime_Gate_enterSystem__E)
                  00008fe0    0000000c                                 : Memory.oem4f (.text:xdc_runtime_Memory_calloc__E)
                  00008fec    0000000c                                 : Memory.oem4f (.text:xdc_runtime_Memory_getMaxDefaultTypeAlign__E)
                  00008ff8    0000000a     driverlib.lib : i2c.obj (.text:I2CMasterDisable)
                  00009002    0000000a                   : i2c.obj (.text:I2CMasterEnable)
                  0000900c    0000000a     drivers_tivaware.aem4f : I2CTiva.oem4f (.text:I2CTiva_init)
                  00009016    0000000a     Kentec320x240x16_ssd2119_spi.obj (.text:Kentec320x240x16_SSD2119Flush)
                  00009020    0000000a     drivers_tivaware.aem4f : PWMTimerTiva.oem4f (.text:PWMTimerTiva_getPeriodCounts)
                  0000902a    0000000a                            : PWM.oem4f (.text:PWM_setDuty)
                  00009034    0000000a     driverlib.lib : ssi.obj (.text:SSIDataPut)
                  0000903e    0000000a                   : ssi.obj (.text:SSIEnable)
                  00009048    0000000a     empty_pem4f.oem4f (.text:xdc_runtime_IHeap_alloc)
                  00009052    0000000a     empty_pem4f.oem4f (.text:xdc_runtime_IHeap_free)
                  0000905c    00000008     EK_TM4C1294XL.obj (.text:EK_TM4C1294XL_initGPIO)
                  00009064    00000008     grlib.lib : charmap.obj (.text:GrMapISO8859_1_Unicode)
                  0000906c    00000008     driverlib.lib : i2c.obj (.text:I2CMasterIntClear)
                  00009074    00000008                   : i2c.obj (.text:I2CMasterSlaveAddrSet)
                  0000907c    00000008     drivers_tivaware.aem4f : I2CTiva.oem4f (.text:I2CTiva_blockingCallback)
                  00009084    00000008                            : PWMTimerTiva.oem4f (.text:PWMTimerTiva_init)
                  0000908c    00000008     driverlib.lib : ssi.obj (.text:SSIBusy)
                  00009094    00000008     sysbios.aem4f : BIOS.obj (.text:ti_sysbios_family_arm_lm4_Timer_masterDisable__I)
                  0000909c    00000004     --HOLE-- [fill = 0]
                  000090a0    00000008                   : BIOS.obj (.text:ti_sysbios_family_arm_m3_Hwi_doSwiRestore__I)
                  000090a8    00000008                   : BIOS.obj (.text:ti_sysbios_family_arm_m3_Hwi_startup__E)
                  000090b0    00000006     grlib.lib : string.obj (.text:GrContextFontSet)
                  000090b6    00000006     driverlib.lib : i2c.obj (.text:I2CMasterIntDisable)
                  000090bc    00000006                   : i2c.obj (.text:I2CMasterIntEnable)
                  000090c2    00000006     drivers_tivaware.aem4f : I2CTiva.oem4f (.text:I2CTiva_control)
                  000090c8    00000006                            : PWMTimerTiva.oem4f (.text:PWMTimerTiva_getPeriodMicroSecs)
                  000090ce    00000006     driverlib.lib : sysctl.obj (.text:SysCtlDelay)
                  000090d4    00000006     grlib.lib : widget.obj (.text:WidgetMutexPut)
                  000090da    00000006     ti.targets.arm.rtsarm.aem4f : System.oem4f (.text:xdc_runtime_System_Module_startup__E)
                  000090e0    00000006     sysbios.aem4f : BIOS.obj (.text:ti_sysbios_family_arm_m3_Hwi_doTaskRestore__I)
                  000090e6    00000002     --HOLE-- [fill = 0]
                  000090e8    00000006                   : BIOS.obj (.text:ti_sysbios_family_arm_m3_Hwi_restoreFxn__E)
                  000090ee    00000002     --HOLE-- [fill = 0]
                  000090f0    00000006                   : BIOS.obj (.text:ti_sysbios_gates_GateHwi_leave__E)
                  000090f6    00000002     --HOLE-- [fill = 0]
                  000090f8    00000006                   : BIOS.obj (.text:ti_sysbios_heaps_HeapMem_isBlocking__E)
                  000090fe    00000002     --HOLE-- [fill = 0]
                  00009100    00000006                   : BIOS.obj (.text:ti_sysbios_knl_Queue_Instance_init__E)
                  00009106    00000002     --HOLE-- [fill = 0]
                  00009108    00000006                   : BIOS.obj (.text:ti_sysbios_knl_Swi_startup__E)
                  0000910e    00000002     --HOLE-- [fill = 0]
                  00009110    00000004                   : BIOS.obj (.text:ti_sysbios_gates_GateHwi_query__E)
                  00009114    00000004     --HOLE-- [fill = 0]
                  00009118    00000004                   : BIOS.obj (.text:ti_sysbios_gates_GateMutex_query__E)
                  0000911c    00000004     --HOLE-- [fill = 0]
                  00009120    00000004                   : BIOS.obj (.text:ti_sysbios_knl_Task_startup__E)
                  00009124    00000004     --HOLE-- [fill = 0]
                  00009128    00000002                   : BIOS.obj (.text:ti_sysbios_gates_GateHwi_Instance_init__E)
                  0000912a    00000006     --HOLE-- [fill = 0]
                  00009130    00000002                   : BIOS.obj (.text:ti_sysbios_knl_Clock_logTick__E)

.const     0    00009134    000063e1     
                  00009134    00001a46     frame.obj (.const:.string:g_pui8Top)
                  0000ab7a    0000187d     empty_pem4f.oem4f (.const:xdc_runtime_Text_charTab__A)
                  0000c3f7    00000786     frame.obj (.const:.string:g_pui8Bottom)
                  0000cb7d    00000782     grlib.lib : fontcmss18b.obj (.const:.string:g_pui8Cmss18bData)
                  0000d2ff    000006ca               : fontcmss16b.obj (.const:.string:g_pui8Cmss16bData)
                  0000d9c9    00000546     frame.obj (.const:.string:g_pui8Left)
                  0000df0f    00000546     frame.obj (.const:.string:g_pui8Right)
                  0000e455    0000017c     frame.obj (.const:.string:g_pui8TopLeft)
                  0000e5d1    00000173     frame.obj (.const:.string:g_pui8TopRight)
                  0000e744    00000120     Boot.aem4f : Boot_sysctl.oem4f (.const:g_pppui32XTALtoVCO)
                  0000e864    000000d0     frame.obj (.const:.string:g_pui8BottomLeft)
                  0000e934    000000c8     grlib.lib : fontcmss16b.obj (.const:g_sFontCmss16b)
                  0000e9fc    000000c8               : fontcmss18b.obj (.const:g_sFontCmss18b)
                  0000eac4    000000c4     frame.obj (.const:.string:g_pui8BottomRight)
                  0000eb88    000000bc     empty_pem4f.oem4f (.const:xdc_runtime_Text_nodeTab__A)
                  0000ec44    00000090     driverlib.lib : gpio.obj (.const:g_pui32GPIOBaseAddrs)
                  0000ecd4    00000070                   : interrupt.obj (.const)
                  0000ed44    0000006c     Boot.aem4f : Boot_sysctl.oem4f (.const:g_pui32Xtals)
                  0000edb0    00000060     MotorLib.lib : motorlib.obj (.const:PWM_config)
                  0000ee10    00000054     drivers_tivaware.aem4f : GPIOTiva.oem4f (.const:.string)
                  0000ee64    00000054     MotorLib.lib : motorlib.obj (.const:motorLibPWMTivaHWAttrs)
                  0000eeb8    00000048     empty_pem4f.oem4f (.const:.string)
                  0000ef00    00000048     drivers_tivaware.aem4f : GPIOTiva.oem4f (.const:gpioBaseAddresses)
                  0000ef48    0000003c     empty_pem4f.oem4f (.const:ti_sysbios_knl_Task_Object__PARAMS__C)
                  0000ef84    00000030     Boot.aem4f : Boot_sysctl.oem4f (.const:g_sXTALtoMEMTIM)
                  0000efb4    00000030     empty_pem4f.oem4f (.const:ti_sysbios_family_arm_m3_Hwi_Object__PARAMS__C)
                  0000efe4    00000028     Kentec320x240x16_ssd2119_spi.obj (.const:g_sKentec320x240x16_SSD2119)
                  0000f00c    00000028     empty_pem4f.oem4f (.const:ti_sysbios_heaps_HeapMem_Module__FXNS__C)
                  0000f034    00000024     EK_TM4C1294XL.obj (.const:I2C_config)
                  0000f058    00000024     empty_pem4f.oem4f (.const:ti_sysbios_gates_GateHwi_Module__FXNS__C)
                  0000f07c    00000024     empty_pem4f.oem4f (.const:ti_sysbios_gates_GateMutex_Module__FXNS__C)
                  0000f0a0    00000024     empty_pem4f.oem4f (.const:ti_sysbios_heaps_HeapMem_Object__PARAMS__C)
                  0000f0c4    00000024     empty_pem4f.oem4f (.const:ti_sysbios_knl_Semaphore_Object__PARAMS__C)
                  0000f0e8    00000020     drivers_tivaware.aem4f : PWMTimerTiva.oem4f (.const)
                  0000f108    00000020                            : PWMTiva.oem4f (.const)
                  0000f128    00000020     empty_pem4f.oem4f (.const:ti_sysbios_family_arm_m3_Hwi_Object__DESC__C)
                  0000f148    00000020     empty_pem4f.oem4f (.const:ti_sysbios_gates_GateHwi_Object__DESC__C)
                  0000f168    00000020     empty_pem4f.oem4f (.const:ti_sysbios_gates_GateMutex_Object__DESC__C)
                  0000f188    00000020     empty_pem4f.oem4f (.const:ti_sysbios_heaps_HeapMem_Object__DESC__C)
                  0000f1a8    00000020     empty_pem4f.oem4f (.const:ti_sysbios_knl_Queue_Object__DESC__C)
                  0000f1c8    00000020     empty_pem4f.oem4f (.const:ti_sysbios_knl_Semaphore_Object__DESC__C)
                  0000f1e8    00000020     empty_pem4f.oem4f (.const:ti_sysbios_knl_Task_Object__DESC__C)
                  0000f208    00000020     empty_pem4f.oem4f (.const:xdc_runtime_Startup_sfxnTab__A)
                  0000f228    0000001c     drivers_tivaware.aem4f : I2CTiva.oem4f (.const)
                  0000f244    0000001c     touch.obj (.const:g_pi32TouchParameters)
                  0000f260    00000018     EK_TM4C1294XL.obj (.const:i2cTivaHWAttrs)
                  0000f278    00000018     empty_pem4f.oem4f (.const:ti_sysbios_gates_GateHwi_Object__PARAMS__C)
                  0000f290    00000018     empty_pem4f.oem4f (.const:ti_sysbios_gates_GateMutex_Object__PARAMS__C)
                  0000f2a8    00000018     empty_pem4f.oem4f (.const:ti_sysbios_knl_Queue_Object__PARAMS__C)
                  0000f2c0    00000014     EK_TM4C1294XL.obj (.const:GPIOTiva_config)
                  0000f2d4    00000014     empty_pem4f.oem4f (.const:xdc_runtime_Startup_firstFxns__A)
                  0000f2e8    00000010     grlib.lib : context.obj (.const)
                  0000f2f8    00000010     MotorLib.lib : motorlib.obj (.const:motorLibPWMTimerTivaHWAttrs)
                  0000f308    00000010     empty_pem4f.oem4f (.const:xdc_runtime_Startup_sfxnRts__A)
                  0000f318    0000000c     drivers_tivaware.aem4f : PWM.oem4f (.const)
                  0000f324    00000008     Boot.aem4f : Boot_sysctl.oem4f (.const)
                  0000f32c    00000008     empty_pem4f.oem4f (.const:ti_sysbios_family_arm_m3_Hwi_excHookFuncs__A)
                  0000f334    00000008     empty_pem4f.oem4f (.const:ti_sysbios_knl_Idle_funcList__C)
                  0000f33c    00000008     empty_pem4f.oem4f (.const:xdc_runtime_Startup_firstFxns__C)
                  0000f344    00000008     empty_pem4f.oem4f (.const:xdc_runtime_Startup_lastFxns__C)
                  0000f34c    00000006     empty.obj (.const:.string)
                  0000f352    00000002     empty_pem4f.oem4f (.const:ti_catalog_arm_cortexm4_tiva_ce_Boot_Module__id__C)
                  0000f354    00000004     empty_pem4f.oem4f (.const:ti_catalog_arm_cortexm4_tiva_ce_Boot_A_mustNotUseEnhancedClockMode__C)
                  0000f358    00000004     empty_pem4f.oem4f (.const:ti_catalog_arm_cortexm4_tiva_ce_Boot_Module__diagsEnabled__C)
                  0000f35c    00000004     empty_pem4f.oem4f (.const:ti_catalog_arm_cortexm4_tiva_ce_Boot_Module__diagsIncluded__C)
                  0000f360    00000004     empty_pem4f.oem4f (.const:ti_catalog_arm_cortexm4_tiva_ce_Boot_Module__diagsMask__C)
                  0000f364    00000004     empty_pem4f.oem4f (.const:ti_sysbios_family_arm_lm4_Timer_enableFunc__C)
                  0000f368    00000004     empty_pem4f.oem4f (.const:ti_sysbios_family_arm_lm4_Timer_numTimerDevices__C)
                  0000f36c    00000004     empty_pem4f.oem4f (.const:ti_sysbios_family_arm_lm4_Timer_startupNeeded__C)
                  0000f370    00000004     empty_pem4f.oem4f (.const:ti_sysbios_family_arm_m3_Hwi_E_NMI__C)
                  0000f374    00000004     empty_pem4f.oem4f (.const:ti_sysbios_family_arm_m3_Hwi_E_alreadyDefined__C)
                  0000f378    00000004     empty_pem4f.oem4f (.const:ti_sysbios_family_arm_m3_Hwi_E_busFault__C)
                  0000f37c    00000004     empty_pem4f.oem4f (.const:ti_sysbios_family_arm_m3_Hwi_E_debugMon__C)
                  0000f380    00000004     empty_pem4f.oem4f (.const:ti_sysbios_family_arm_m3_Hwi_E_hardFault__C)
                  0000f384    00000004     empty_pem4f.oem4f (.const:ti_sysbios_family_arm_m3_Hwi_E_memFault__C)
                  0000f388    00000004     empty_pem4f.oem4f (.const:ti_sysbios_family_arm_m3_Hwi_E_noIsr__C)
                  0000f38c    00000004     empty_pem4f.oem4f (.const:ti_sysbios_family_arm_m3_Hwi_E_reserved__C)
                  0000f390    00000004     empty_pem4f.oem4f (.const:ti_sysbios_family_arm_m3_Hwi_E_svCall__C)
                  0000f394    00000004     empty_pem4f.oem4f (.const:ti_sysbios_family_arm_m3_Hwi_E_usageFault__C)
                  0000f398    00000004     empty_pem4f.oem4f (.const:ti_sysbios_family_arm_m3_Hwi_NUM_INTERRUPTS__C)
                  0000f39c    00000004     empty_pem4f.oem4f (.const:ti_sysbios_family_arm_m3_Hwi_Object__count__C)
                  0000f3a0    00000004     empty_pem4f.oem4f (.const:ti_sysbios_family_arm_m3_Hwi_ccr__C)
                  0000f3a4    00000004     empty_pem4f.oem4f (.const:ti_sysbios_family_arm_m3_Hwi_excHandlerFunc__C)
                  0000f3a8    00000004     empty_pem4f.oem4f (.const:ti_sysbios_family_arm_m3_Hwi_excHookFuncs__C)
                  0000f3ac    00000004     empty_pem4f.oem4f (.const:ti_sysbios_family_arm_m3_Hwi_nullIsrFunc__C)
                  0000f3b0    00000004     empty_pem4f.oem4f (.const:ti_sysbios_family_arm_m3_Hwi_priGroup__C)
                  0000f3b4    00000004     empty_pem4f.oem4f (.const:ti_sysbios_family_arm_m3_TaskSupport_stackAlignment__C)
                  0000f3b8    00000004     empty_pem4f.oem4f (.const:ti_sysbios_gates_GateMutex_A_badContext__C)
                  0000f3bc    00000004     empty_pem4f.oem4f (.const:ti_sysbios_gates_GateMutex_Instance_State_sem__O)
                  0000f3c0    00000004     empty_pem4f.oem4f (.const:ti_sysbios_gates_GateMutex_Module__diagsEnabled__C)
                  0000f3c4    00000004     empty_pem4f.oem4f (.const:ti_sysbios_gates_GateMutex_Module__diagsIncluded__C)
                  0000f3c8    00000004     empty_pem4f.oem4f (.const:ti_sysbios_gates_GateMutex_Module__diagsMask__C)
                  0000f3cc    00000004     empty_pem4f.oem4f (.const:ti_sysbios_hal_Hwi_E_stackOverflow__C)
                  0000f3d0    00000004     empty_pem4f.oem4f (.const:ti_sysbios_heaps_HeapMem_A_align__C)
                  0000f3d4    00000004     empty_pem4f.oem4f (.const:ti_sysbios_heaps_HeapMem_A_heapSize__C)
                  0000f3d8    00000004     empty_pem4f.oem4f (.const:ti_sysbios_heaps_HeapMem_A_invalidFree__C)
                  0000f3dc    00000004     empty_pem4f.oem4f (.const:ti_sysbios_heaps_HeapMem_A_zeroBlock__C)
                  0000f3e0    00000004     empty_pem4f.oem4f (.const:ti_sysbios_heaps_HeapMem_E_memory__C)
                  0000f3e4    00000004     empty_pem4f.oem4f (.const:ti_sysbios_heaps_HeapMem_Module__diagsEnabled__C)
                  0000f3e8    00000004     empty_pem4f.oem4f (.const:ti_sysbios_heaps_HeapMem_Module__diagsIncluded__C)
                  0000f3ec    00000004     empty_pem4f.oem4f (.const:ti_sysbios_heaps_HeapMem_Module__diagsMask__C)
                  0000f3f0    00000004     empty_pem4f.oem4f (.const:ti_sysbios_heaps_HeapMem_Module__gateObj__C)
                  0000f3f4    00000004     empty_pem4f.oem4f (.const:ti_sysbios_heaps_HeapMem_Object__count__C)
                  0000f3f8    00000004     empty_pem4f.oem4f (.const:ti_sysbios_heaps_HeapMem_reqAlign__C)
                  0000f3fc    00000004     empty_pem4f.oem4f (.const:ti_sysbios_knl_Clock_Module_State_clockQ__O)
                  0000f400    00000004     empty_pem4f.oem4f (.const:ti_sysbios_knl_Idle_funcList__A)
                  0000f404    00000004     empty_pem4f.oem4f (.const:ti_sysbios_knl_Semaphore_A_badContext__C)
                  0000f408    00000004     empty_pem4f.oem4f (.const:ti_sysbios_knl_Semaphore_A_noEvents__C)
                  0000f40c    00000004     empty_pem4f.oem4f (.const:ti_sysbios_knl_Semaphore_A_overflow__C)
                  0000f410    00000004     empty_pem4f.oem4f (.const:ti_sysbios_knl_Semaphore_A_pendTaskDisabled__C)
                  0000f414    00000004     empty_pem4f.oem4f (.const:ti_sysbios_knl_Semaphore_Instance_State_pendQ__O)
                  0000f418    00000004     empty_pem4f.oem4f (.const:ti_sysbios_knl_Semaphore_Module__diagsEnabled__C)
                  0000f41c    00000004     empty_pem4f.oem4f (.const:ti_sysbios_knl_Semaphore_Module__diagsIncluded__C)
                  0000f420    00000004     empty_pem4f.oem4f (.const:ti_sysbios_knl_Semaphore_Module__diagsMask__C)
                  0000f424    00000004     empty_pem4f.oem4f (.const:ti_sysbios_knl_Swi_Object__count__C)
                  0000f428    00000004     empty_pem4f.oem4f (.const:ti_sysbios_knl_Task_A_badPriority__C)
                  0000f42c    00000004     empty_pem4f.oem4f (.const:ti_sysbios_knl_Task_A_badTaskState__C)
                  0000f430    00000004     empty_pem4f.oem4f (.const:ti_sysbios_knl_Task_A_badThreadType__C)
                  0000f434    00000004     empty_pem4f.oem4f (.const:ti_sysbios_knl_Task_A_noPendElem__C)
                  0000f438    00000004     empty_pem4f.oem4f (.const:ti_sysbios_knl_Task_E_spOutOfBounds__C)
                  0000f43c    00000004     empty_pem4f.oem4f (.const:ti_sysbios_knl_Task_E_stackOverflow__C)
                  0000f440    00000004     empty_pem4f.oem4f (.const:ti_sysbios_knl_Task_Module_State_inactiveQ__O)
                  0000f444    00000004     empty_pem4f.oem4f (.const:ti_sysbios_knl_Task_Module__diagsEnabled__C)
                  0000f448    00000004     empty_pem4f.oem4f (.const:ti_sysbios_knl_Task_Module__diagsIncluded__C)
                  0000f44c    00000004     empty_pem4f.oem4f (.const:ti_sysbios_knl_Task_Module__diagsMask__C)
                  0000f450    00000004     empty_pem4f.oem4f (.const:ti_sysbios_knl_Task_Object__count__C)
                  0000f454    00000004     empty_pem4f.oem4f (.const:ti_sysbios_knl_Task_allBlockedFunc__C)
                  0000f458    00000004     empty_pem4f.oem4f (.const:ti_sysbios_knl_Task_defaultStackHeap__C)
                  0000f45c    00000004     empty_pem4f.oem4f (.const:ti_sysbios_knl_Task_defaultStackSize__C)
                  0000f460    00000004     empty_pem4f.oem4f (.const:ti_sysbios_knl_Task_numConstructedTasks__C)
                  0000f464    00000004     empty_pem4f.oem4f (.const:xdc_runtime_Assert_E_assertFailed__C)
                  0000f468    00000004     empty_pem4f.oem4f (.const:xdc_runtime_Core_A_initializedParams__C)
                  0000f46c    00000004     empty_pem4f.oem4f (.const:xdc_runtime_Core_Module__diagsEnabled__C)
                  0000f470    00000004     empty_pem4f.oem4f (.const:xdc_runtime_Core_Module__diagsIncluded__C)
                  0000f474    00000004     empty_pem4f.oem4f (.const:xdc_runtime_Core_Module__diagsMask__C)
                  0000f478    00000004     empty_pem4f.oem4f (.const:xdc_runtime_Error_E_generic__C)
                  0000f47c    00000004     empty_pem4f.oem4f (.const:xdc_runtime_Error_E_memory__C)
                  0000f480    00000004     empty_pem4f.oem4f (.const:xdc_runtime_Error_Module__diagsEnabled__C)
                  0000f484    00000004     empty_pem4f.oem4f (.const:xdc_runtime_Error_Module__diagsIncluded__C)
                  0000f488    00000004     empty_pem4f.oem4f (.const:xdc_runtime_Error_Module__diagsMask__C)
                  0000f48c    00000004     empty_pem4f.oem4f (.const:xdc_runtime_Error_Module__loggerFxn8__C)
                  0000f490    00000004     empty_pem4f.oem4f (.const:xdc_runtime_Error_Module__loggerObj__C)
                  0000f494    00000004     empty_pem4f.oem4f (.const:xdc_runtime_Error_policyFxn__C)
                  0000f498    00000004     empty_pem4f.oem4f (.const:xdc_runtime_Error_raiseHook__C)
                  0000f49c    00000004     empty_pem4f.oem4f (.const:xdc_runtime_IGateProvider_Interface__BASE__C)
                  0000f4a0    00000004     empty_pem4f.oem4f (.const:xdc_runtime_IHeap_Interface__BASE__C)
                  0000f4a4    00000004     empty_pem4f.oem4f (.const:xdc_runtime_IModule_Interface__BASE__C)
                  0000f4a8    00000004     empty_pem4f.oem4f (.const:xdc_runtime_Log_L_error__C)
                  0000f4ac    00000004     empty_pem4f.oem4f (.const:xdc_runtime_Memory_defaultHeapInstance__C)
                  0000f4b0    00000004     empty_pem4f.oem4f (.const:xdc_runtime_Startup_execImpl__C)
                  0000f4b4    00000004     empty_pem4f.oem4f (.const:xdc_runtime_Startup_maxPasses__C)
                  0000f4b8    00000004     empty_pem4f.oem4f (.const:xdc_runtime_Startup_sfxnRts__C)
                  0000f4bc    00000004     empty_pem4f.oem4f (.const:xdc_runtime_Startup_sfxnTab__C)
                  0000f4c0    00000004     empty_pem4f.oem4f (.const:xdc_runtime_SysMin_bufSize__C)
                  0000f4c4    00000004     empty_pem4f.oem4f (.const:xdc_runtime_SysMin_outputFunc__C)
                  0000f4c8    00000004     empty_pem4f.oem4f (.const:xdc_runtime_System_Module__gateObj__C)
                  0000f4cc    00000004     empty_pem4f.oem4f (.const:xdc_runtime_System_abortFxn__C)
                  0000f4d0    00000004     empty_pem4f.oem4f (.const:xdc_runtime_System_exitFxn__C)
                  0000f4d4    00000004     empty_pem4f.oem4f (.const:xdc_runtime_System_extendFxn__C)
                  0000f4d8    00000004     empty_pem4f.oem4f (.const:xdc_runtime_System_maxAtexitHandlers__C)
                  0000f4dc    00000004     empty_pem4f.oem4f (.const:xdc_runtime_Text_charTab__C)
                  0000f4e0    00000004     empty_pem4f.oem4f (.const:xdc_runtime_Text_nameEmpty__C)
                  0000f4e4    00000004     empty_pem4f.oem4f (.const:xdc_runtime_Text_nameStatic__C)
                  0000f4e8    00000004     empty_pem4f.oem4f (.const:xdc_runtime_Text_nameUnknown__C)
                  0000f4ec    00000004     empty_pem4f.oem4f (.const:xdc_runtime_Text_nodeTab__C)
                  0000f4f0    00000004     empty_pem4f.oem4f (.const:xdc_runtime_Text_visitRopeFxn__C)
                  0000f4f4    00000002     empty_pem4f.oem4f (.const:ti_sysbios_family_arm_m3_Hwi_Module__id__C)
                  0000f4f6    00000002     empty_pem4f.oem4f (.const:ti_sysbios_gates_GateMutex_Module__id__C)
                  0000f4f8    00000002     empty_pem4f.oem4f (.const:ti_sysbios_hal_Hwi_Module__id__C)
                  0000f4fa    00000002     empty_pem4f.oem4f (.const:ti_sysbios_heaps_HeapMem_Module__id__C)
                  0000f4fc    00000002     empty_pem4f.oem4f (.const:ti_sysbios_knl_Semaphore_Module__id__C)
                  0000f4fe    00000002     empty_pem4f.oem4f (.const:ti_sysbios_knl_Task_Module__id__C)
                  0000f500    00000002     empty_pem4f.oem4f (.const:xdc_runtime_Core_Module__id__C)
                  0000f502    00000002     empty_pem4f.oem4f (.const:xdc_runtime_Error_Module__loggerDefined__C)
                  0000f504    00000002     empty_pem4f.oem4f (.const:xdc_runtime_Error_maxDepth__C)
                  0000f506    00000002     empty_pem4f.oem4f (.const:xdc_runtime_Main_Module__id__C)
                  0000f508    00000002     empty_pem4f.oem4f (.const:xdc_runtime_Memory_Module__id__C)
                  0000f50a    00000002     empty_pem4f.oem4f (.const:xdc_runtime_SysMin_flushAtExit__C)
                  0000f50c    00000002     empty_pem4f.oem4f (.const:xdc_runtime_Text_charCnt__C)
                  0000f50e    00000002     empty_pem4f.oem4f (.const:xdc_runtime_Text_isLoaded__C)
                  0000f510    00000002     empty_pem4f.oem4f (.const:xdc_runtime_Text_registryModsLastId__C)
                  0000f512    00000002     empty_pem4f.oem4f (.const:xdc_runtime_Text_unnamedModsLastId__C)
                  0000f514    00000001     empty_pem4f.oem4f (.const:xdc_runtime_Error_policy__C)

.cinit     0    0000f518    00000288     
                  0000f518    0000024d     (.cinit..data.load) [load image, compression = lzss]
                  0000f765    00000003     --HOLE-- [fill = 0]
                  0000f768    0000000c     (__TI_handler_table)
                  0000f774    00000004     --HOLE-- [fill = 0]
                  0000f778    00000008     (.cinit..bss.load) [load image, compression = zero_init]
                  0000f780    00000008     (.cinit..vecs.load) [load image, compression = zero_init]
                  0000f788    00000018     (__TI_cinit_table)

.init_array 
*          0    00000000    00000000     UNINITIALIZED

.resetVecs 
*          0    00000000    0000003c     
                  00000000    0000003c     empty_pem4f.oem4f (.resetVecs)

.bss       0    20000360    0000130c     UNINITIALIZED
                  20000360    00000400     (.common:task0Stack)
                  20000760    00000400     (.common:ti_sysbios_heaps_HeapMem_Instance_State_0_buf__A)
                  20000b60    00000360     (.common:ti_sysbios_family_arm_m3_Hwi_dispatchTable)
                  20000ec0    00000200     empty_pem4f.oem4f (.bss:taskStackSection)
                  200010c0    00000140     grlib.lib : widget.obj (.bss:g_psMQ)
                  20001200    00000120     rtsv7M4_T_le_v4SPD16_eabi.lib : trgmsg.c.obj (.bss:_CIOBUF_)
                  20001320    00000100     (.common:i2cTivaObjects)
                  20001420    00000090     drivers_tivaware.aem4f : GPIOTiva.oem4f (.bss:gpioCallbackInfo)
                  200014b0    00000080     (.common:xdc_runtime_SysMin_Module_State_0_outbuf__A)
                  20001530    00000050     (.common:task0Struct)
                  20001580    00000038     (.common:motorLibPWMObjects)
                  200015b8    0000002c     (.common:sContext)
                  200015e4    00000020     MotorLib.lib : motorlib.obj (.bss:PWMStruct)
                  20001604    00000020     (.common:g_pui8Dictionary)
                  20001624    00000018     (.common:motorLibPWMTimerObjects)
                  2000163c    00000010     touch.obj (.bss:g_pi16Samples)
                  2000164c    00000008     touch.obj (.bss)
                  20001654    00000008     (.common:parmbuf)
                  2000165c    00000004     (.common:g_pi32ParmSet)
                  20001660    00000004     (.common:g_psGrLibDefaults)
                  20001664    00000004     (.common:gpioInterruptVectors)
                  20001668    00000002     (.common:g_i16TouchX)
                  2000166a    00000002     (.common:g_i16TouchY)

.data      0    2000166c    00000514     UNINITIALIZED
                  2000166c    00000080     empty_pem4f.oem4f (.data:ti_sysbios_knl_Swi_Module_State_0_readyQ__A)
                  200016ec    00000080     empty_pem4f.oem4f (.data:ti_sysbios_knl_Task_Module_State_0_readyQ__A)
                  2000176c    00000050     empty.obj (.data:g_sStartStopBttn)
                  200017bc    0000004c     empty_pem4f.oem4f (.data:ti_sysbios_knl_Task_Object__table__V)
                  20001808    00000044     empty_pem4f.oem4f (.data:ti_sysbios_knl_Task_Module__state__V)
                  2000184c    00000040     empty.obj (.data:g_sBackground)
                  2000188c    00000040     empty_pem4f.oem4f (.data:ti_sysbios_family_arm_lm4_Timer_Module_State_0_device__A)
                  200018cc    00000040     empty_pem4f.oem4f (.data:ti_sysbios_family_arm_lm4_Timer_Object__table__V)
                  2000190c    00000038     empty_pem4f.oem4f (.data:ti_sysbios_gates_GateMutex_Object__table__V)
                  20001944    00000034     empty_pem4f.oem4f (.data:ti_sysbios_family_arm_m3_Hwi_Module__state__V)
                  20001978    00000030     empty_pem4f.oem4f (.data:ti_sysbios_family_arm_m3_Hwi_Object__table__V)
                  200019a8    00000030     empty_pem4f.oem4f (.data:ti_sysbios_knl_Swi_Object__table__V)
                  200019d8    0000002d     grlib.lib : widget.obj (.data)
                  20001a05    00000001     empty.obj (.data)
                  20001a06    00000002     empty_pem4f.oem4f (.data:ti_sysbios_family_arm_m3_Hwi_Module_State_0_excActive__A)
                  20001a08    0000002c     empty_pem4f.oem4f (.data:ti_sysbios_knl_Clock_Module__state__V)
                  20001a34    00000024     empty_pem4f.oem4f (.data:ti_sysbios_BIOS_Module__state__V)
                  20001a58    00000020     empty_pem4f.oem4f (.data:ti_sysbios_family_arm_lm4_Timer_Module_State_0_handles__A)
                  20001a78    0000001c     empty_pem4f.oem4f (.data:ti_sysbios_knl_Swi_Module__state__V)
                  20001a94    00000018     drivers_tivaware.aem4f : PWMTiva.oem4f (.data)
                  20001aac    00000018     empty_pem4f.oem4f (.data:ti_sysbios_heaps_HeapMem_Object__table__V)
                  20001ac4    00000010     EK_TM4C1294XL.obj (.data:gpioPinConfigs)
                  20001ad4    0000000c     empty_pem4f.oem4f (.data:ti_sysbios_family_arm_lm4_Timer_Module__state__V)
                  20001ae0    0000000c     empty_pem4f.oem4f (.data:xdc_runtime_SysMin_Module__state__V)
                  20001aec    00000008     rtsv7M4_T_le_v4SPD16_eabi.lib : _lock.c.obj (.data:$O1$$)
                  20001af4    00000008     EK_TM4C1294XL.obj (.data:gpioCallbackFunctions)
                  20001afc    00000008     empty_pem4f.oem4f (.data:ti_sysbios_family_arm_m3_Hwi_Module__root__V)
                  20001b04    00000008     empty_pem4f.oem4f (.data:ti_sysbios_gates_GateHwi_Module__root__V)
                  20001b0c    00000008     empty_pem4f.oem4f (.data:ti_sysbios_gates_GateMutex_Module__root__V)
                  20001b14    00000008     empty_pem4f.oem4f (.data:ti_sysbios_heaps_HeapMem_Module__root__V)
                  20001b1c    00000008     empty_pem4f.oem4f (.data:ti_sysbios_knl_Queue_Module__root__V)
                  20001b24    00000008     empty_pem4f.oem4f (.data:ti_sysbios_knl_Semaphore_Module__root__V)
                  20001b2c    00000008     empty_pem4f.oem4f (.data:ti_sysbios_knl_Task_Module__root__V)
                  20001b34    00000008     empty_pem4f.oem4f (.data:xdc_runtime_Registry_Module__state__V)
                  20001b3c    00000008     empty_pem4f.oem4f (.data:xdc_runtime_Startup_Module__state__V)
                  20001b44    00000008     empty_pem4f.oem4f (.data:xdc_runtime_System_Module_State_0_atexitHandlers__A)
                  20001b4c    00000008     empty_pem4f.oem4f (.data:xdc_runtime_System_Module__state__V)
                  20001b54    00000005     drivers_tivaware.aem4f : GPIOTiva.oem4f (.data)
                  20001b59    00000001     --HOLE--
                  20001b5a    00000002     empty_pem4f.oem4f (.data:xdc_runtime_Error_Module__state__V)
                  20001b5c    00000004     drivers_tivaware.aem4f : I2C.oem4f (.data)
                  20001b60    00000004                            : PWM.oem4f (.data)
                  20001b64    00000004     rtsv7M4_T_le_v4SPD16_eabi.lib : stkdepth_vars.c.obj (.data)
                  20001b68    00000004     empty_pem4f.oem4f (.data:ti_sysbios_family_arm_m3_Hwi_Module_State_0_excContext__A)
                  20001b6c    00000004     empty_pem4f.oem4f (.data:ti_sysbios_family_arm_m3_Hwi_Module_State_0_excStack__A)
                  20001b70    00000004     empty_pem4f.oem4f (.data:ti_sysbios_gates_GateHwi_Object__table__V)
                  20001b74    00000004     empty_pem4f.oem4f (.data:ti_sysbios_knl_Task_Module_State_0_idleTask__A)
                  20001b78    00000004     touch.obj (.data)
                  20001b7c    00000004     empty_pem4f.oem4f (.data:xdc_runtime_Memory_Module__state__V)

.stack     0    20001b80    00000300     UNINITIALIZED
                  20001b80    00000300     --HOLE--

.bootVecs 
*          0    00000000    00000008     DSECT
                  00000000    00000008     boot.aem4f : boot.oem4f (.bootVecs)

.vecs      0    20000000    00000360     UNINITIALIZED
                  20000000    00000360     empty_pem4f.oem4f (.vecs)

xdc.meta   0    00000000    00000106     COPY SECTION
                  00000000    00000106     empty_pem4f.oem4f (xdc.meta)

__llvm_prf_cnts 
*          0    20000000    00000000     UNINITIALIZED

MODULE SUMMARY

       Module                             code    ro data   rw data
       ------                             ----    -------   -------
    .\
       empty.obj                          504     6         1293   
       EK_TM4C1294XL.obj                  296     80        280    
    +--+----------------------------------+-------+---------+---------+
       Total:                             800     86        1573   
                                                                   
    .\drivers\
       frame.obj                          632     12507     0      
       Kentec320x240x16_ssd2119_spi.obj   1968    40        0      
       touch.obj                          1280    28        36     
       pinout.obj                         420     0         0      
    +--+----------------------------------+-------+---------+---------+
       Total:                             4300    12575     36     
                                                                   
    C:\Users\polit\Documents\EmbeddedSystemsVehicleMotorSystem\EGH456MotorProject\Debug\configPkg\package\cfg\
       empty_pem4f.oem4f                  1790    7728      4424   
    +--+----------------------------------+-------+---------+---------+
       Total:                             1790    7728      4424   
                                                                   
    ../LIBS/MotorLib.lib
       motorlib.obj                       1708    196       112    
    +--+----------------------------------+-------+---------+---------+
       Total:                             1708    196       112    
                                                                   
    C:/ti/ccs1110/tirtos_tivac_2_16_00_08/products/TivaWare_C_Series-2.1.1.71b/driverlib/ccs/Debug/driverlib.lib
       gpio.obj                           734     144       0      
       timer.obj                          314     0         0      
       interrupt.obj                      104     112       0      
       adc.obj                            214     0         0      
       pwm.obj                            178     0         0      
       i2c.obj                            154     0         0      
       sysctl.obj                         134     0         0      
       ssi.obj                            106     0         0      
    +--+----------------------------------+-------+---------+---------+
       Total:                             1938    256       0      
                                                                   
    C:/ti/ccs1110/tirtos_tivac_2_16_00_08/products/tidrivers_tivac_2_16_00_08/packages/ti/drivers/lib/drivers_tivaware.aem4f
       GPIOTiva.oem4f                     764     156       153    
       PWMTiva.oem4f                      962     32        24     
       I2CTiva.oem4f                      798     28        0      
       PWMTimerTiva.oem4f                 666     32        0      
       PWM.oem4f                          130     12        4      
       I2C.oem4f                          56      0         4      
    +--+----------------------------------+-------+---------+---------+
       Total:                             3376    260       185    
                                                                   
    C:/ti/tivaware_c_series_2_1_4_178/grlib/ccs/Debug/grlib.lib
       fontcmss18b.obj                    0       2122      0      
       fontcmss16b.obj                    0       1938      0      
       image.obj                          1658    0         32     
       string.obj                         1378    0         0      
       widget.obj                         320     0         365    
       pushbutton.obj                     668     0         0      
       canvas.obj                         420     0         0      
       rectangle.obj                      236     0         0      
       context.obj                        206     16        4      
       line.obj                           140     0         0      
       charmap.obj                        8       0         0      
[...]
00009121  ti_sysbios_knl_Task_startup__E                                       
00009129  ti_sysbios_gates_GateHwi_Instance_init__E                            
00009131  ti_sysbios_knl_Clock_logTick__E                                      
0000ab7a  xdc_runtime_Text_charTab__A                                          
0000e934  g_sFontCmss16b                                                       
0000e9fc  g_sFontCmss18b                                                       
0000eb88  xdc_runtime_Text_nodeTab__A                                          
0000edb0  PWM_config                                                           
0000ee64  motorLibPWMTivaHWAttrs                                               
0000ef48  ti_sysbios_knl_Task_Object__PARAMS__C                                
0000efb4  ti_sysbios_family_arm_m3_Hwi_Object__PARAMS__C                       
0000efe4  g_sKentec320x240x16_SSD2119                                          
0000f00c  ti_sysbios_heaps_HeapMem_Module__FXNS__C                             
0000f034  I2C_config                                                           
0000f058  ti_sysbios_gates_GateHwi_Module__FXNS__C                             
0000f07c  ti_sysbios_gates_GateMutex_Module__FXNS__C                           
0000f0a0  ti_sysbios_heaps_HeapMem_Object__PARAMS__C                           
0000f0c4  ti_sysbios_knl_Semaphore_Object__PARAMS__C                           
0000f0e8  PWMTimerTiva_fxnTable                                                
0000f104  PWMTimerTiva_MAX_PRESCALAR_VALUE                                     
0000f106  PWMTimerTiva_MAX_MATCH_VALUE                                         
0000f108  PWMTiva_fxnTable                                                     
0000f124  PWMTiva_MAX_PRESCALAR                                                
0000f126  PWMTiva_MAX_MATCH_VALUE                                              
0000f128  ti_sysbios_family_arm_m3_Hwi_Object__DESC__C                         
0000f148  ti_sysbios_gates_GateHwi_Object__DESC__C                             
0000f168  ti_sysbios_gates_GateMutex_Object__DESC__C                           
0000f188  ti_sysbios_heaps_HeapMem_Object__DESC__C                             
0000f1a8  ti_sysbios_knl_Queue_Object__DESC__C                                 
0000f1c8  ti_sysbios_knl_Semaphore_Object__DESC__C                             
0000f1e8  ti_sysbios_knl_Task_Object__DESC__C                                  
0000f208  xdc_runtime_Startup_sfxnTab__A                                       
0000f228  I2CTiva_fxnTable                                                     
0000f244  g_pi32TouchParameters                                                
0000f260  i2cTivaHWAttrs                                                       
0000f278  ti_sysbios_gates_GateHwi_Object__PARAMS__C                           
0000f290  ti_sysbios_gates_GateMutex_Object__PARAMS__C                         
0000f2a8  ti_sysbios_knl_Queue_Object__PARAMS__C                               
0000f2c0  GPIOTiva_config                                                      
0000f2d4  xdc_runtime_Startup_firstFxns__A                                     
0000f2e8  g_psDefaultCodePointMapTable                                         
0000f2f8  motorLibPWMTimerTivaHWAttrs                                          
0000f308  xdc_runtime_Startup_sfxnRts__A                                       
0000f318  PWM_defaultParams                                                    
0000f32c  ti_sysbios_family_arm_m3_Hwi_excHookFuncs__A                         
0000f334  ti_sysbios_knl_Idle_funcList__C                                      
0000f33c  xdc_runtime_Startup_firstFxns__C                                     
0000f344  xdc_runtime_Startup_lastFxns__C                                      
0000f352  ti_catalog_arm_cortexm4_tiva_ce_Boot_Module__id__C                   
0000f354  ti_catalog_arm_cortexm4_tiva_ce_Boot_A_mustNotUseEnhancedClockMode__C
0000f358  ti_catalog_arm_cortexm4_tiva_ce_Boot_Module__diagsEnabled__C         
0000f35c  ti_catalog_arm_cortexm4_tiva_ce_Boot_Module__diagsIncluded__C        
0000f360  ti_catalog_arm_cortexm4_tiva_ce_Boot_Module__diagsMask__C            
0000f364  ti_sysbios_family_arm_lm4_Timer_enableFunc__C                        
0000f368  ti_sysbios_family_arm_lm4_Timer_numTimerDevices__C                   
0000f36c  ti_sysbios_family_arm_lm4_Timer_startupNeeded__C                     
0000f370  ti_sysbios_family_arm_m3_Hwi_E_NMI__C                                
0000f374  ti_sysbios_family_arm_m3_Hwi_E_alreadyDefined__C                     
0000f378  ti_sysbios_family_arm_m3_Hwi_E_busFault__C                           
0000f37c  ti_sysbios_family_arm_m3_Hwi_E_debugMon__C                           
0000f380  ti_sysbios_family_arm_m3_Hwi_E_hardFault__C                          
0000f384  ti_sysbios_family_arm_m3_Hwi_E_memFault__C                           
0000f388  ti_sysbios_family_arm_m3_Hwi_E_noIsr__C                              
0000f38c  ti_sysbios_family_arm_m3_Hwi_E_reserved__C                           
0000f390  ti_sysbios_family_arm_m3_Hwi_E_svCall__C                             
0000f394  ti_sysbios_family_arm_m3_Hwi_E_usageFault__C                         
0000f398  ti_sysbios_family_arm_m3_Hwi_NUM_INTERRUPTS__C                       
0000f39c  ti_sysbios_family_arm_m3_Hwi_Object__count__C                        
0000f3a0  ti_sysbios_family_arm_m3_Hwi_ccr__C                                  
0000f3a4  ti_sysbios_family_arm_m3_Hwi_excHandlerFunc__C                       
0000f3a8  ti_sysbios_family_arm_m3_Hwi_excHookFuncs__C                         
0000f3ac  ti_sysbios_family_arm_m3_Hwi_nullIsrFunc__C                          
0000f3b0  ti_sysbios_family_arm_m3_Hwi_priGroup__C                             
0000f3b4  ti_sysbios_family_arm_m3_TaskSupport_stackAlignment__C               
0000f3b8  ti_sysbios_gates_GateMutex_A_badContext__C                           
0000f3bc  ti_sysbios_gates_GateMutex_Instance_State_sem__O                     
0000f3c0  ti_sysbios_gates_GateMutex_Module__diagsEnabled__C                   
0000f3c4  ti_sysbios_gates_GateMutex_Module__diagsIncluded__C                  
0000f3c8  ti_sysbios_gates_GateMutex_Module__diagsMask__C                      
0000f3cc  ti_sysbios_hal_Hwi_E_stackOverflow__C                                
0000f3d0  ti_sysbios_heaps_HeapMem_A_align__C                                  
0000f3d4  ti_sysbios_heaps_HeapMem_A_heapSize__C                               
0000f3d8  ti_sysbios_heaps_HeapMem_A_invalidFree__C                            
0000f3dc  ti_sysbios_heaps_HeapMem_A_zeroBlock__C                              
0000f3e0  ti_sysbios_heaps_HeapMem_E_memory__C                                 
0000f3e4  ti_sysbios_heaps_HeapMem_Module__diagsEnabled__C                     
0000f3e8  ti_sysbios_heaps_HeapMem_Module__diagsIncluded__C                    
0000f3ec  ti_sysbios_heaps_HeapMem_Module__diagsMask__C                        
0000f3f0  ti_sysbios_heaps_HeapMem_Module__gateObj__C                          
0000f3f4  ti_sysbios_heaps_HeapMem_Object__count__C                            
0000f3f8  ti_sysbios_heaps_HeapMem_reqAlign__C                                 
0000f3fc  ti_sysbios_knl_Clock_Module_State_clockQ__O                          
0000f400  ti_sysbios_knl_Idle_funcList__A                                      
0000f404  ti_sysbios_knl_Semaphore_A_badContext__C                             
0000f408  ti_sysbios_knl_Semaphore_A_noEvents__C                               
0000f40c  ti_sysbios_knl_Semaphore_A_overflow__C                               
0000f410  ti_sysbios_knl_Semaphore_A_pendTaskDisabled__C                       
0000f414  ti_sysbios_knl_Semaphore_Instance_State_pendQ__O                     
0000f418  ti_sysbios_knl_Semaphore_Module__diagsEnabled__C                     
0000f41c  ti_sysbios_knl_Semaphore_Module__diagsIncluded__C                    
0000f420  ti_sysbios_knl_Semaphore_Module__diagsMask__C                        
0000f424  ti_sysbios_knl_Swi_Object__count__C                                  
0000f428  ti_sysbios_knl_Task_A_badPriority__C                                 
0000f42c  ti_sysbios_knl_Task_A_badTaskState__C                                
0000f430  ti_sysbios_knl_Task_A_badThreadType__C                               
0000f434  ti_sysbios_knl_Task_A_noPendElem__C                                  
0000f438  ti_sysbios_knl_Task_E_spOutOfBounds__C                               
0000f43c  ti_sysbios_knl_Task_E_stackOverflow__C                               
0000f440  ti_sysbios_knl_Task_Module_State_inactiveQ__O                        
0000f444  ti_sysbios_knl_Task_Module__diagsEnabled__C                          
0000f448  ti_sysbios_knl_Task_Module__diagsIncluded__C                         
0000f44c  ti_sysbios_knl_Task_Module__diagsMask__C                             
0000f450  ti_sysbios_knl_Task_Object__count__C                                 
0000f454  ti_sysbios_knl_Task_allBlockedFunc__C                                
0000f458  ti_sysbios_knl_Task_defaultStackHeap__C                              
0000f45c  ti_sysbios_knl_Task_defaultStackSize__C                              
0000f460  ti_sysbios_knl_Task_numConstructedTasks__C                           
0000f464  xdc_runtime_Assert_E_assertFailed__C                                 
0000f468  xdc_runtime_Core_A_initializedParams__C                              
0000f46c  xdc_runtime_Core_Module__diagsEnabled__C                             
0000f470  xdc_runtime_Core_Module__diagsIncluded__C                            
0000f474  xdc_runtime_Core_Module__diagsMask__C                                
0000f478  xdc_runtime_Error_E_generic__C                                       
0000f47c  xdc_runtime_Error_E_memory__C                                        
0000f480  xdc_runtime_Error_Module__diagsEnabled__C                            
0000f484  xdc_runtime_Error_Module__diagsIncluded__C                           
0000f488  xdc_runtime_Error_Module__diagsMask__C                               
0000f48c  xdc_runtime_Error_Module__loggerFxn8__C                              
0000f490  xdc_runtime_Error_Module__loggerObj__C                               
0000f494  xdc_runtime_Error_policyFxn__C                                       
0000f498  xdc_runtime_Error_raiseHook__C                                       
0000f49c  xdc_runtime_IGateProvider_Interface__BASE__C                         
0000f4a0  xdc_runtime_IHeap_Interface__BASE__C                                 
0000f4a4  xdc_runtime_IModule_Interface__BASE__C                               
0000f4a8  xdc_runtime_Log_L_error__C                                           
0000f4ac  xdc_runtime_Memory_defaultHeapInstance__C                            
0000f4b0  xdc_runtime_Startup_execImpl__C                                      
0000f4b4  xdc_runtime_Startup_maxPasses__C                                     
0000f4b8  xdc_runtime_Startup_sfxnRts__C                                       
0000f4bc  xdc_runtime_Startup_sfxnTab__C                                       
0000f4c0  xdc_runtime_SysMin_bufSize__C                                        
0000f4c4  xdc_runtime_SysMin_outputFunc__C                                     
0000f4c8  xdc_runtime_System_Module__gateObj__C                                
0000f4cc  xdc_runtime_System_abortFxn__C                                       
0000f4d0  xdc_runtime_System_exitFxn__C                                        
0000f4d4  xdc_runtime_System_extendFxn__C                                      
0000f4d8  xdc_runtime_System_maxAtexitHandlers__C                              
0000f4dc  xdc_runtime_Text_charTab__C                                          
0000f4e0  xdc_runtime_Text_nameEmpty__C                                        
0000f4e4  xdc_runtime_Text_nameStatic__C                                       
0000f4e8  xdc_runtime_Text_nameUnknown__C                                      
0000f4ec  xdc_runtime_Text_nodeTab__C                                          
0000f4f0  xdc_runtime_Text_visitRopeFxn__C                                     
0000f4f4  ti_sysbios_family_arm_m3_Hwi_Module__id__C                           
0000f4f6  ti_sysbios_gates_GateMutex_Module__id__C                             
0000f4f8  ti_sysbios_hal_Hwi_Module__id__C                                     
0000f4fa  ti_sysbios_heaps_HeapMem_Module__id__C                               
0000f4fc  ti_sysbios_knl_Semaphore_Module__id__C                               
0000f4fe  ti_sysbios_knl_Task_Module__id__C                                    
0000f500  xdc_runtime_Core_Module__id__C                                       
0000f502  xdc_runtime_Error_Module__loggerDefined__C                           
0000f504  xdc_runtime_Error_maxDepth__C                                        
0000f506  xdc_runtime_Main_Module__id__C                                       
0000f508  xdc_runtime_Memory_Module__id__C                                     
0000f50a  xdc_runtime_SysMin_flushAtExit__C                                    
0000f50c  xdc_runtime_Text_charCnt__C                                          
0000f50e  xdc_runtime_Text_isLoaded__C                                         
0000f510  xdc_runtime_Text_registryModsLastId__C                               
0000f512  xdc_runtime_Text_unnamedModsLastId__C                                
0000f514  xdc_runtime_Error_policy__C                                          
0000f518  __TI_static_base__                                                   
0000f768  __TI_Handler_Table_Base                                              
0000f774  __TI_Handler_Table_Limit                                             
0000f788  __TI_CINIT_Base                                                      
0000f7a0  __TI_CINIT_Limit                                                     
20000000  __start___llvm_prf_cnts                                              
20000000  __stop___llvm_prf_cnts                                               
20000000  ti_sysbios_family_arm_m3_Hwi_ramVectors                              
20000360  task0Stack                                                           
20000760  ti_sysbios_heaps_HeapMem_Instance_State_0_buf__A                     
20000b60  ti_sysbios_family_arm_m3_Hwi_dispatchTable                           
20000ec0  ti_sysbios_knl_Task_Instance_State_0_stack__A                        
20001200  __CIOBUF_                                                            
20001320  i2cTivaObjects                                                       
200014b0  xdc_runtime_SysMin_Module_State_0_outbuf__A                          
20001530  task0Struct                                                          
20001580  motorLibPWMObjects                                                   
200015b8  sContext                                                             
20001624  motorLibPWMTimerObjects                                              
20001654  parmbuf                                                              
2000165c  g_pi32ParmSet                                                        
20001668  g_i16TouchX                                                          
2000166a  g_i16TouchY                                                          
2000166c  ti_sysbios_knl_Swi_Module_State_0_readyQ__A                          
200016ec  ti_sysbios_knl_Task_Module_State_0_readyQ__A                         
2000176c  g_sStartStopBttn                                                     
200017bc  ti_sysbios_knl_Task_Object__table__V                                 
20001808  ti_sysbios_knl_Task_Module__state__V                                 
2000184c  g_sBackground                                                        
2000188c  ti_sysbios_family_arm_lm4_Timer_Module_State_0_device__A             
200018cc  ti_sysbios_family_arm_lm4_Timer_Object__table__V                     
2000190c  ti_sysbios_gates_GateMutex_Object__table__V                          
20001944  ti_sysbios_family_arm_m3_Hwi_Module__state__V                        
20001978  ti_sysbios_family_arm_m3_Hwi_Object__table__V                        
200019a8  ti_sysbios_knl_Swi_Object__table__V                                  
200019d8  g_sRoot                                                              
20001a05  motorStartStop                                                       
20001a06  ti_sysbios_family_arm_m3_Hwi_Module_State_0_excActive__A             
20001a08  ti_sysbios_knl_Clock_Module__state__V                                
20001a34  ti_sysbios_BIOS_Module__state__V                                     
20001a58  ti_sysbios_family_arm_lm4_Timer_Module_State_0_handles__A            
20001a78  ti_sysbios_knl_Swi_Module__state__V                                  
20001aac  ti_sysbios_heaps_HeapMem_Object__table__V                            
20001ac4  gpioPinConfigs                                                       
20001ad4  ti_sysbios_family_arm_lm4_Timer_Module__state__V                     
20001ae0  xdc_runtime_SysMin_Module__state__V                                  
20001aec  _lock                                                                
20001af0  _unlock                                                              
20001af4  gpioCallbackFunctions                                                
20001afc  ti_sysbios_family_arm_m3_Hwi_Module__root__V                         
20001b04  ti_sysbios_gates_GateHwi_Module__root__V                             
20001b0c  ti_sysbios_gates_GateMutex_Module__root__V                           
20001b14  ti_sysbios_heaps_HeapMem_Module__root__V                             
20001b1c  ti_sysbios_knl_Queue_Module__root__V                                 
20001b24  ti_sysbios_knl_Semaphore_Module__root__V                             
20001b2c  ti_sysbios_knl_Task_Module__root__V                                  
20001b34  xdc_runtime_Registry_Module__state__V                                
20001b3c  xdc_runtime_Startup_Module__state__V                                 
20001b44  xdc_runtime_System_Module_State_0_atexitHandlers__A                  
20001b4c  xdc_runtime_System_Module__state__V                                  
20001b5a  xdc_runtime_Error_Module__state__V                                   
20001b64  main_func_sp                                                         
20001b68  ti_sysbios_family_arm_m3_Hwi_Module_State_0_excContext__A            
20001b6c  ti_sysbios_family_arm_m3_Hwi_Module_State_0_excStack__A              
20001b70  ti_sysbios_gates_GateHwi_Object__table__V                            
20001b74  ti_sysbios_knl_Task_Module_State_0_idleTask__A                       
20001b78  g_i16TouchMin                                                        
20001b7c  xdc_runtime_Memory_Module__state__V                                  
20001b80  __stack                                                              
20001e80  __STACK_END                                                          
e000e000  ti_sysbios_family_arm_m3_Hwi_nvic                                    
ffffffff  __TI_pprof_out_hndl                                                  
ffffffff  __TI_prof_data_size                                                  
ffffffff  __TI_prof_data_start                                                 
ffffffff  __binit__                                                            
ffffffff  __c_args__                                                           
ffffffff  binit                                                                
UNDEFED   SHT$$INIT_ARRAY$$Base                                                
UNDEFED   SHT$$INIT_ARRAY$$Limit                                               

[697 symbols]
