******************************************************************************
                  TI ARM Linker PC v20.2.5                     
******************************************************************************
>> Linked Fri May  6 15:54:43 2022

OUTPUT FILE NAME:   <EGH456MotorProject.out>
ENTRY POINT SYMBOL: "_c_int00"  address: 00008ec5


MEMORY CONFIGURATION

         name            origin    length      used     unused   attr    fill
----------------------  --------  ---------  --------  --------  ----  --------
  FLASH                 00000000   00100000  000122f4  000edd0c  R  X
  SRAM                  20000000   00040000  00001fdc  0003e024  RW X


SEGMENT ALLOCATION MAP

run origin  load origin   length   init length attrs members
----------  ----------- ---------- ----------- ----- -------
00000000    00000000    00012300   00012300    r-x
  00000000    00000000    0000003c   0000003c    r-- .resetVecs
  00000040    00000040    0000b9e2   0000b9e2    r-x .text
  0000ba24    0000ba24    0000661e   0000661e    r-- .const
  00012048    00012048    000002b8   000002b8    r-- .cinit
20000000    20000000    00001fe0   00000000    rw-
  20000000    20000000    00000360   00000000    rw- .vecs
  20000360    20000360    000013c8   00000000    rw- .bss
  20001728    20001728    000005b4   00000000    rw- .data
  20001ce0    20001ce0    00000300   00000000    rw- .stack


SECTION ALLOCATION MAP

 output                                  attributes/
section   page    origin      length       input sections
--------  ----  ----------  ----------   ----------------
.text      0    00000040    0000b9e2     
                  00000040    00000a4e     rtsv7M4_T_le_v4SPD16_eabi.lib : _printfi.c.obj (.text:__TI_printfi)
                  00000a8e    00000002                                   : _lock.c.obj (.text:_nop)
                  00000a90    00000430     sysbios.aem4f : BIOS.obj (.text:ti_sysbios_family_arm_m3_Hwi_excDumpRegs__I)
                  00000ec0    00000374     grlib.lib : image.obj (.text:InternalImageDraw)
                  00001234    0000034c     ti.targets.arm.rtsarm.aem4f : System.oem4f (.text:xdc_runtime_System_doPrint__I)
                  00001580    000002f8     grlib.lib : image.obj (.text:PixelTransparentDraw)
                  00001878    000002b0     Clock.obj (.text:timeConvert)
                  00001b28    000002a4     sysbios.aem4f : BIOS.obj (.text:ti_sysbios_knl_Semaphore_pend__E)
                  00001dcc    00000278     frame.obj (.text:FrameDraw)
                  00002044    00000270     rtsv7M4_T_le_v4SPD16_eabi.lib : _printfi.c.obj (.text:_pconv_a)
                  000022b4    00000004     driverlib.lib : i2c.obj (.text:I2CMasterControl)
                  000022b8    0000026c     sysbios.aem4f : BIOS.obj (.text:ti_sysbios_heaps_HeapMem_free__E)
                  00002524    00000268     touch.obj (.text:TouchScreenDebouncer)
                  0000278c    00000254     grlib.lib : string.obj (.text:GrFontGlyphRender)
                  000029e0    00000250     sysbios.aem4f : BIOS.obj (.text:ti_sysbios_heaps_HeapMem_alloc__E)
                  00002c30    00000234                   : BIOS.obj (.text:ti_sysbios_knl_Task_Instance_finalize__E)
                  00002e64    00000004     driverlib.lib : i2c.obj (.text:I2CMasterDataGet)
                  00002e68    0000021c     sysbios.aem4f : BIOS.obj (.text:ti_sysbios_family_arm_lm4_Timer_Instance_init__E)
                  00003084    0000020c     drivers_tivaware.aem4f : UARTTiva.oem4f (.text:UARTTiva_open)
                  00003290    00000204     Boot.aem4f : Boot_sysctl.oem4f (.text:ti_catalog_arm_cortexm4_tiva_ce_Boot_sysCtlClockFreqSetI__I)
                  00003494    00000004     driverlib.lib : i2c.obj (.text:I2CMasterDataPut)
                  00003498    000001f4     sysbios.aem4f : BIOS.obj (.text:ti_sysbios_family_arm_m3_Hwi_excHandlerMax__I)
                  0000368c    000001e4     Kentec320x240x16_ssd2119_spi.obj (.text:Kentec320x240x16_SSD2119Init)
                  00003870    000001dc     Kentec320x240x16_ssd2119_spi.obj (.text:Kentec320x240x16_SSD2119PixelDrawMultiple)
                  00003a4c    000001d0     rtsv7M4_T_le_v4SPD16_eabi.lib : _printfi.c.obj (.text:_pconv_g)
                  00003c1c    00000004     driverlib.lib : uart.obj (.text:UARTIntClear)
                  00003c20    000001c8     sysbios.aem4f : BIOS.obj (.text:ti_sysbios_knl_Task_sleep__E)
                  00003de8    000001c0                   : BIOS.obj (.text:ti_sysbios_knl_Task_Instance_init__E)
                  00003fa8    000001b6     rtsv7M4_T_le_v4SPD16_eabi.lib : fd_add_t2.asm.obj (.text)
                  0000415e    00000002                                   : div0.asm.obj (.text)
                  00004160    000001a4     pinout.obj (.text:PinoutSet)
                  00004304    00000190     grlib.lib : canvas.obj (.text:CanvasPaint)
                  00004494    0000017e               : pushbutton.obj (.text:RectangularButtonPaint)
                  00004612    00000002     empty_pem4f.oem4f (.text:ti_sysbios_BIOS_nullFunc__I)
                  00004614    00000178     touch.obj (.text:TouchScreenIntHandler)
                  0000478c    00000004     grlib.lib : widget.obj (.text:WidgetDefaultMsgProc)
                  00004790    00000174     sysbios.aem4f : BIOS.obj (.text:ti_sysbios_family_arm_m3_Hwi_excBusFault__I)
                  00004904    00000004     rtsv7M4_T_le_v4SPD16_eabi.lib : exit.c.obj (.text:abort:abort)
                  00004908    00000164     sysbios.aem4f : BIOS.obj (.text:ti_sysbios_family_arm_m3_Hwi_excUsageFault__I)
                  00004a6c    00000150     drivers_tivaware.aem4f : GPIOTiva.oem4f (.text:GPIO_setConfig)
                  00004bbc    00000004     empty_pem4f.oem4f (.text:ti_sysbios_BIOS_RtsGateProxy_enter__E)
                  00004bc0    00000148     sysbios.aem4f : BIOS.obj (.text:ti_sysbios_family_arm_m3_Hwi_excMemFault__I)
                  00004d08    0000013c     rtsv7M4_T_le_v4SPD16_eabi.lib : _printfi.c.obj (.text:_pconv_e)
                  00004e44    00000004     empty_pem4f.oem4f (.text:ti_sysbios_BIOS_RtsGateProxy_leave__E)
                  00004e48    0000013c     sysbios.aem4f : BIOS.obj (.text:ti_sysbios_heaps_HeapMem_Instance_init__E)
                  00004f84    00000136     rtsv7M4_T_le_v4SPD16_eabi.lib : fd_div_t2.asm.obj (.text)
                  000050ba    00000002     empty_pem4f.oem4f (.text:xdc_runtime_Startup_reset__I)
                  000050bc    00000134     empty.obj (.text:main)
                  000051f0    00000130     driverlib.lib : gpio.obj (.text:GPIOPadConfigSet)
                  00005320    00000124     rtsv7M4_T_le_v4SPD16_eabi.lib : _printfi.c.obj (.text:fcvt)
                  00005444    00000118     ti.targets.arm.rtsarm.aem4f : Error.oem4f (.text:xdc_runtime_Error_policyDefault__E)
                  0000555c    00000110     rtsv7M4_T_le_v4SPD16_eabi.lib : s_scalbn.c.obj (.text:scalbn)
                  0000566c    0000010c     Kentec320x240x16_ssd2119_spi.obj (.text:Kentec320x240x16_SSD2119RectFill)
                  00005778    0000010c     touch.obj (.text:TouchScreenInit)
                  00005884    00000004     sysbios.aem4f : BIOS.obj (.text:ti_sysbios_family_arm_lm4_Timer_masterEnable__I)
                  00005888    00000108                   : BIOS.obj (.text:ti_sysbios_family_arm_lm4_Timer_start__E)
                  00005990    00000108                   : BIOS.obj (.text:ti_sysbios_knl_Clock_Instance_init__E)
                  00005a98    00000100     ti.targets.arm.rtsarm.aem4f : Core-mem.oem4f (.text:xdc_runtime_Core_createObject__I)
                  00005b98    000000fc     rtsv7M4_T_le_v4SPD16_eabi.lib : fd_mul_t2.asm.obj (.text)
                  00005c94    000000f8                                   : s_floor.c.obj (.text:floor)
                  00005d8c    000000f8     ti.targets.arm.rtsarm.aem4f : Startup.oem4f (.text:xdc_runtime_Startup_startMods__I)
                  00005e84    000000f8     empty_pem4f.oem4f (.text:xdc_runtime_System_printfExtend__I)
                  00005f7c    000000f4     sysbios.aem4f : m3_Hwi_asm.obj (.text:ti_sysbios_family_arm_m3_Hwi_dispatch__I)
                  00006070    000000f2     grlib.lib : pushbutton.obj (.text:RectangularButtonClick)
                  00006162    00000006     driverlib.lib : gpio.obj (.text:GPIOIntClear)
                  00006168    000000ec     sysbios.aem4f : BIOS.obj (.text:ti_sysbios_knl_Semaphore_post__E)
                  00006254    000000e8     grlib.lib : widget.obj (.text:WidgetMessageQueueAdd)
                  0000633c    000000e0     drivers_tivaware.aem4f : I2CTiva.oem4f (.text:I2CTiva_open)
                  0000641c    000000d6                            : I2CTiva.oem4f (.text:I2CTiva_hwiFxn)
                  000064f2    00000002     --HOLE-- [fill = 0]
                  000064f4    000000cc     ti.targets.arm.rtsarm.aem4f : Core-smem.oem4f (.text:xdc_runtime_Core_constructObject__I)
                  000065c0    000000c0     grlib.lib : string.obj (.text:GrDefaultStringRenderer)
                  00006680    000000bc     sysbios.aem4f : BIOS.obj (.text:ti_sysbios_family_arm_m3_Hwi_excDebugMon__I)
                  0000673c    00000004     empty_pem4f.oem4f (.text:ti_sysbios_family_arm_m3_Hwi_delete)
                  00006740    000000bc     sysbios.aem4f : BIOS.obj (.text:ti_sysbios_family_arm_m3_Hwi_excHardFault__I)
                  000067fc    000000b8     EK_TM4C1294XL.obj (.text:EK_TM4C1294XL_initGeneral)
                  000068b4    000000b8     Kentec320x240x16_ssd2119_spi.obj (.text:InitSPILCDInterface)
                  0000696c    000000b4     grlib.lib : widget.obj (.text:WidgetMessageSendPostOrder)
                  00006a20    000000b4     sysbios.aem4f : BIOS.obj (.text:ti_sysbios_gates_GateMutex_enter__E)
                  00006ad4    00000004     empty_pem4f.oem4f (.text:ti_sysbios_family_arm_m3_Hwi_destruct)
                  00006ad8    000000b4     sysbios.aem4f : BIOS.obj (.text:ti_sysbios_knl_Task_checkStacks__E)
                  00006b8c    000000b1     rtsv7M4_T_le_v4SPD16_eabi.lib : _printfi.c.obj (.text:_ltostr)
                  00006c3d    00000003     --HOLE-- [fill = 0]
                  00006c40    000000ac     empty.obj (.text:heartBeatFxn)
                  00006cec    000000ac     drivers_tivaware.aem4f : UARTTiva.oem4f (.text:readTaskBlocking)
                  00006d98    000000ac     sysbios.aem4f : BIOS.obj (.text:ti_sysbios_family_arm_lm4_Timer_enableTiva__I)
                  00006e44    00000004     empty_pem4f.oem4f (.text:ti_sysbios_family_arm_m3_TaskSupport_Module__startupDone__S)
                  00006e48    000000a4     sysbios.aem4f : BIOS.obj (.text:ti_sysbios_knl_Clock_Instance_finalize__E)
                  00006eec    000000a0     auto_init.aem4f : auto_init.oem4f (.text)
                  00006f8c    000000a0     ti.targets.arm.rtsarm.aem4f : Text.oem4f (.text:xdc_runtime_Text_putMod__E)
                  0000702c    0000009c     rtsv7M4_T_le_v4SPD16_eabi.lib : memcpy_t2.asm.obj (.text)
                  000070c8    0000009c     sysbios.aem4f : BIOS.obj (.text:ti_sysbios_knl_Semaphore_Instance_init__E)
                  00007164    0000009a     ti.targets.arm.rtsarm.aem4f : Text.oem4f (.text:xdc_runtime_Text_putSite__E)
                  000071fe    00000098     drivers_tivaware.aem4f : UARTTiva.oem4f (.text:UARTTiva_readPolling)
                  00007296    00000002     --HOLE-- [fill = 0]
                  00007298    00000098     Boot.aem4f : Boot.oem4f (.text:ti_catalog_arm_cortexm4_tiva_ce_Boot_sysCtlClockFreqSet__E)
                  00007330    00000096     rtsv7M4_T_le_v4SPD16_eabi.lib : ull_div_t2.asm.obj (.text)
                  000073c6    00000094     drivers_tivaware.aem4f : UARTTiva.oem4f (.text:UARTTiva_write)
                  0000745a    00000006     driverlib.lib : gpio.obj (.text:GPIOPinRead)
                  00007460    00000094     sysbios.aem4f : BIOS.obj (.text:ti_sysbios_family_arm_m3_Hwi_Instance_init__E)
                  000074f4    00000004     empty_pem4f.oem4f (.text:ti_sysbios_hal_Timer_TimerProxy_delete)
                  000074f8    00000094     sysbios.aem4f : BIOS.obj (.text:ti_sysbios_family_arm_m3_Hwi_initNVIC__E)
                  0000758c    00000004     empty_pem4f.oem4f (.text:ti_sysbios_heaps_HeapMem_Module_GateProxy_enter__E)
                  00007590    00000094     sysbios.aem4f : BIOS.obj (.text:ti_sysbios_knl_Task_postInit__I)
                  00007624    0000008c     drivers_tivaware.aem4f : GPIOTiva.oem4f (.text:GPIO_init)
                  000076b0    0000008c                            : UARTTiva.oem4f (.text:UARTTiva_control)
                  0000773c    0000008c     sysbios.aem4f : m3_TaskSupport_asm.obj (.text:ti_sysbios_family_arm_m3_TaskSupport_buildTaskStack)
                  000077c8    0000008c                   : BIOS.obj (.text:ti_sysbios_hal_SecondsClock_Module_startup__E)
                  00007854    0000008a     drivers_tivaware.aem4f : UARTTiva.oem4f (.text:readIsrTextBlocking)
                  000078de    00000086     grlib.lib : rectangle.obj (.text:GrRectFill)
                  00007964    00000086     rtsv7M4_T_le_v4SPD16_eabi.lib : fd_cmp_t2.asm.obj (.text:__aeabi_cdcmple)
                  000079ea    00000086                                   : fd_cmp_t2.asm.obj (.text:__aeabi_cdrcmple)
                  00007a70    00000084     empty.obj (.text:StartStopBttnPress)
                  00007af4    00000004     empty_pem4f.oem4f (.text:ti_sysbios_heaps_HeapMem_Module_GateProxy_leave__E)
                  00007af8    00000084     sysbios.aem4f : BIOS.obj (.text:ti_sysbios_family_arm_m3_Hwi_postInit__I)
                  00007b7c    00000082     drivers_tivaware.aem4f : UARTTiva.oem4f (.text:readIsrTextCallback)
                  00007bfe    0000007e                            : I2CTiva.oem4f (.text:I2CTiva_transfer)
                  00007c7c    00000004     empty_pem4f.oem4f (.text:ti_sysbios_knl_Clock_TimerProxy_getFreq__E)
                  00007c80    0000007c     sysbios.aem4f : BIOS.obj (.text:ti_sysbios_family_arm_lm4_Timer_disableTiva__I)
                  00007cfc    0000007a     driverlib.lib : adc.obj (.text:ADCSequenceStepConfigure)
                  00007d76    0000007a     drivers_tivaware.aem4f : UARTTiva.oem4f (.text:readTaskCallback)
                  00007df0    0000007a     rtsv7M4_T_le_v4SPD16_eabi.lib : memset_t2.asm.obj (.text)
                  00007e6a    00000006     driverlib.lib : gpio.obj (.text:GPIOPinWrite)
                  00007e70    00000074     sysbios.aem4f : BIOS.obj (.text:ti_sysbios_knl_Clock_start__E)
                  00007ee4    00000004     empty_pem4f.oem4f (.text:ti_sysbios_knl_Clock_TimerProxy_getMaxTicks__E)
                  00007ee8    00000070     sysbios.aem4f : BIOS.obj (.text:ti_sysbios_knl_Clock_workFunc__E)
                  00007f58    00000070                   : BIOS.obj (.text:ti_sysbios_knl_Task_exit__E)
                  00007fc8    0000006e     rtsv7M4_T_le_v4SPD16_eabi.lib : _printfi.c.obj (.text:_mcpy)
                  00008036    00000002     --HOLE-- [fill = 0]
                  00008038    0000006d     ti.targets.arm.rtsarm.aem4f : System.oem4f (.text:xdc_runtime_System_formatNum__I)
                  000080a5    00000003     --HOLE-- [fill = 0]
                  000080a8    0000006c     empty_pem4f.oem4f (.text:ti_sysbios_family_arm_lm4_Timer_Object__create__S)
                  00008114    00000004     empty_pem4f.oem4f (.text:ti_sysbios_knl_Clock_TimerProxy_getPeriod__E)
                  00008118    0000006c     sysbios.aem4f : BIOS.obj (.text:ti_sysbios_knl_Swi_restoreHwi__E)
                  00008184    0000006c     drivers_tivaware.aem4f : UARTTiva.oem4f (.text:writeData)
                  000081f0    0000006c     ti.targets.arm.rtsarm.aem4f : Error.oem4f (.text:xdc_runtime_Error_print__E)
                  0000825c    0000006c                                 : Memory.oem4f (.text:xdc_runtime_Memory_alloc__E)
                  000082c8    00000068     EK_TM4C1294XL.obj (.text:EK_TM4C1294XL_initI2C)
                  00008330    00000068     grlib.lib : context.obj (.text:GrContextInit)
                  00008398    00000068               : string.obj (.text:GrStringWidthGet)
                  00008400    00000068     driverlib.lib : interrupt.obj (.text:IntEnable)
                  00008468    00000068     Kentec320x240x16_ssd2119_spi.obj (.text:Kentec320x240x16_SSD2119LineDrawH)
                  000084d0    00000068     Kentec320x240x16_ssd2119_spi.obj (.text:Kentec320x240x16_SSD2119LineDrawV)
                  00008538    00000068     rtsv7M4_T_le_v4SPD16_eabi.lib : copy_decompress_lzss.c.obj (.text:decompress:lzss:__TI_decompress_lzss)
                  000085a0    00000066     grlib.lib : context.obj (.text:GrContextClipRegionSet)
                  00008606    00000066               : rectangle.obj (.text:GrRectDraw)
                  0000866c    00000066     ti.targets.arm.rtsarm.aem4f : Core-mem.oem4f (.text:xdc_runtime_Core_deleteObject__I)
                  000086d2    00000002     --HOLE-- [fill = 0]
                  000086d4    00000064     drivers_tivaware.aem4f : GPIOTiva.oem4f (.text:GPIO_hwiIntFxn)
                  00008738    00000064     grlib.lib : widget.obj (.text:WidgetMessageQueueProcess)
                  0000879c    00000064     rtsv7M4_T_le_v4SPD16_eabi.lib : s_frexp.c.obj (.text:frexp)
                  00008800    00000064     sysbios.aem4f : BIOS.obj (.text:ti_sysbios_family_arm_lm4_Timer_Module_startup__E)
                  00008864    00000064     empty_pem4f.oem4f (.text:ti_sysbios_family_arm_m3_Hwi_create)
                  000088c8    00000064     sysbios.aem4f : BIOS.obj (.text:ti_sysbios_family_arm_m3_Hwi_dispatchC__I)
                  0000892c    00000064     empty_pem4f.oem4f (.text:ti_sysbios_hal_Timer_create)
                  00008990    00000064     Clock.obj (.text:timer1sec)
                  000089f4    00000062     drivers_tivaware.aem4f : I2CTiva.oem4f (.text:I2CTiva_primeTransfer)
                  00008a56    00000002     --HOLE-- [fill = 0]
                  00008a58    00000060     driverlib.lib : timer.obj (.text:TimerConfigure)
                  00008ab8    00000060     Kentec320x240x16_ssd2119_spi.obj (.text:WriteDataSPI)
                  00008b18    00000060     sysbios.aem4f : BIOS.obj (.text:ti_sysbios_knl_Task_schedule__I)
                  00008b78    0000005e     grlib.lib : widget.obj (.text:WidgetMessageSendPreOrder)
                  00008bd6    0000005e     drivers_tivaware.aem4f : UARTTiva.oem4f (.text:readIsrBinaryBlocking)
                  00008c34    0000005c     Kentec320x240x16_ssd2119_spi.obj (.text:WriteCommandSPI)
                  00008c90    0000005c     sysbios.aem4f : BIOS.obj (.text:ti_sysbios_knl_Swi_run__I)
                  00008cec    00000004     empty_pem4f.oem4f (.text:ti_sysbios_knl_Clock_destruct)
                  00008cf0    0000005c     sysbios.aem4f : BIOS.obj (.text:ti_sysbios_knl_Swi_schedule__I)
                  00008d4c    00000004     empty_pem4f.oem4f (.text:ti_sysbios_knl_Queue_destruct)
                  00008d50    0000005c     sysbios.aem4f : BIOS.obj (.text:ti_sysbios_knl_Task_Module_startup__E)
                  00008dac    00000004     empty_pem4f.oem4f (.text:ti_sysbios_knl_Semaphore_destruct)
                  00008db0    0000005c     sysbios.aem4f : BIOS.obj (.text:ti_sysbios_knl_Task_startCore__E)
                  00008e0c    0000005b     ti.targets.arm.rtsarm.aem4f : Text.oem4f (.text:xdc_runtime_Text_putLab__E)
                  00008e67    00000001     --HOLE-- [fill = 0]
                  00008e68    0000005a     grlib.lib : string.obj (.text:FontWideGlyphDataGet)
                  00008ec2    00000002     --HOLE-- [fill = 0]
                  00008ec4    00000058     boot.aem4f : boot.oem4f (.text)
                  00008f1c    00000058     rtsv7M4_T_le_v4SPD16_eabi.lib : hostwrite.c.obj (.text:HOSTwrite)
                  00008f74    00000058     driverlib.lib : timer.obj (.text:TimerControlTrigger)
                  00008fcc    00000004     ti.targets.arm.rtsarm.aem4f : Error.oem4f (.text:xdc_runtime_Error_getSite__E)
                  00008fd0    00000058     sysbios.aem4f : BIOS.obj (.text:ti_sysbios_family_arm_lm4_Timer_Instance_finalize__E)
                  00009028    00000058     empty_pem4f.oem4f (.text:ti_sysbios_family_arm_m3_Hwi_construct)
                  00009080    00000058     sysbios.aem4f : m3_Hwi_asm_switch.obj (.text:ti_sysbios_family_arm_m3_Hwi_initStacks__E)
                  000090d8    00000056     driverlib.lib : gpio.obj (.text:GPIOIntTypeSet)
                  0000912e    00000056     rtsv7M4_T_le_v4SPD16_eabi.lib : _printfi.c.obj (.text:_pconv_f)
                  00009184    00000054                                   : _ltoa.c.obj (.text:__TI_ltoa)
                  000091d8    00000054     drivers_tivaware.aem4f : UARTTiva.oem4f (.text:readIsrBinaryCallback)
                  0000922c    00000004     empty_pem4f.oem4f (.text:xdc_runtime_System_Module_GateProxy_enter__E)
                  00009230    00000054     sysbios.aem4f : BIOS.obj (.text:ti_sysbios_family_arm_lm4_Timer_initDevice__I)
                  00009284    00000054     empty_pem4f.oem4f (.text:ti_sysbios_knl_Task_construct)
                  000092d8    00000054     ti.targets.arm.rtsarm.aem4f : Assert.oem4f (.text:xdc_runtime_Assert_raise__I)
                  0000932c    00000052     rtsv7M4_T_le_v4SPD16_eabi.lib : _printfi.c.obj (.text:_ecpy)
                  0000937e    00000002     --HOLE-- [fill = 0]
                  00009380    00000050     drivers_tivaware.aem4f : GPIOTiva.oem4f (.text:GPIO_setCallback)
                  000093d0    00000050                            : GPIOTiva.oem4f (.text:GPIO_toggle)
                  00009420    00000050                            : GPIOTiva.oem4f (.text:GPIO_write)
                  00009470    00000050                            : UARTTiva.oem4f (.text:UARTTiva_writeCancel)
                  000094c0    00000050     Boot.aem4f : Boot_sysctl.oem4f (.text:_SysCtlFrequencyGet)
                  00009510    00000050     sysbios.aem4f : BIOS.obj (.text:ti_sysbios_family_arm_m3_Hwi_Module_startup__E)
                  00009560    00000050     ti.targets.arm.rtsarm.aem4f : Startup.oem4f (.text:xdc_runtime_Startup_exec__E)
                  000095b0    00000050                                 : Text.oem4f (.text:xdc_runtime_Text_visitRope2__I)
                  00009600    0000004c     drivers_tivaware.aem4f : UARTTiva.oem4f (.text:UARTTiva_close)
                  0000964c    0000004c     rtsv7M4_T_le_v4SPD16_eabi.lib : atoi.c.obj (.text:atoi)
                  00009698    0000004c                                   : cpy_tbl.c.obj (.text:copy_in)
                  000096e4    00000004     empty_pem4f.oem4f (.text:xdc_runtime_System_Module_GateProxy_leave__E)
                  000096e8    0000004c     sysbios.aem4f : BIOS.obj (.text:ti_sysbios_heaps_HeapMem_getStats__E)
                  00009734    00000004     ti.targets.arm.rtsarm.aem4f : System.oem4f (.text:xdc_runtime_System_aprintf_va__F)
                  00009738    0000004c     sysbios.aem4f : BIOS.obj (.text:ti_sysbios_knl_Swi_runLoop__I)
                  00009784    00000004     ti.targets.arm.rtsarm.aem4f : System.oem4f (.text:xdc_runtime_System_printf_va__F)
                  00009788    0000004c     sysbios.aem4f : BIOS.obj (.text:ti_sysbios_knl_Task_allBlockedFunction__I)
                  000097d4    0000004a     grlib.lib : string.obj (.text:UpdateContextCharMapping)
                  0000981e    00000002     --HOLE-- [fill = 0]
                  00009820    00000048     driverlib.lib : gpio.obj (.text:GPIOPinConfigure)
                  00009868    00000048                   : i2c.obj (.text:I2CMasterInitExpClk)
                  000098b0    00000048     rtsv7M4_T_le_v4SPD16_eabi.lib : fd_toi_t2.asm.obj (.text)
                  000098f8    00000048     sysbios.aem4f : BIOS.obj (.text:ti_sysbios_family_arm_lm4_Timer_enableTimers__I)
                  00009940    00000048                   : BIOS.obj (.text:ti_sysbios_family_arm_m3_Hwi_disableInterrupt__E)
                  00009988    00000048                   : BIOS.obj (.text:ti_sysbios_family_arm_m3_Hwi_enableInterrupt__E)
                  000099d0    00000048                   : BIOS.obj (.text:ti_sysbios_family_arm_m3_Hwi_excReserved__I)
                  00009a18    00000048                   : BIOS.obj (.text:ti_sysbios_hal_SecondsClock_increment__I)
                  00009a60    00000046     grlib.lib : line.obj (.text:GrLineDrawH)
                  00009aa6    00000046               : line.obj (.text:GrLineDrawV)
                  00009aec    00000046     Kentec320x240x16_ssd2119_spi.obj (.text:Kentec320x240x16_SSD2119PixelDraw)
                  00009b32    00000046     drivers_tivaware.aem4f : RingBuf.oem4f (.text:RingBuf_put)
                  00009b78    00000046     UARTLocal.obj (.text:initUART)
                  00009bbe    00000046     ti.targets.arm.rtsarm.aem4f : Core-params.oem4f (.text:xdc_runtime_Core_assignParams__I)
                  00009c04    00000004     --HOLE-- [fill = 0]
                  00009c08    00000044     sysbios.aem4f : BIOS.obj (.text:ti_sysbios_family_arm_lm4_Timer_isrStub__E)
                  00009c4c    00000004     --HOLE-- [fill = 0]
                  00009c50    00000044                   : BIOS.obj (.text:ti_sysbios_family_arm_m3_Hwi_getStackInfo__E)
                  00009c94    00000004     --HOLE-- [fill = 0]
                  00009c98    00000044                   : BIOS.obj (.text:ti_sysbios_knl_Swi_post__E)
                  00009cdc    00000044     ti.targets.arm.rtsarm.aem4f : Error.oem4f (.text:xdc_runtime_Error_setX__E)
                  00009d20    00000044                                 : SysMin.oem4f (.text:xdc_runtime_SysMin_flush__E)
                  00009d64    00000044                                 : Text.oem4f (.text:xdc_runtime_Text_xprintf__I)
                  00009da8    00000042     driverlib.lib : uart.obj (.text:UARTConfigSetExpClk)
                  00009dea    00000042     drivers_tivaware.aem4f : UARTTiva.oem4f (.text:UARTTiva_hwiIntFxn)
                  00009e2c    00000042                            : UARTTiva.oem4f (.text:UARTTiva_writePolling)
                  00009e6e    00000040                            : RingBuf.oem4f (.text:RingBuf_get)
                  00009eae    00000040                            : UARTTiva.oem4f (.text:UARTTiva_read)
                  00009eee    00000040     rtsv7M4_T_le_v4SPD16_eabi.lib : u_divt2.asm.obj (.text)
                  00009f2e    00000002     --HOLE-- [fill = 0]
                  00009f30    00000040                                   : sprintf.c.obj (.text:sprintf)
                  00009f70    00000040     sysbios.aem4f : BIOS.obj (.text:ti_sysbios_family_arm_lm4_Timer_startup__E)
                  00009fb0    00000040                   : BIOS.obj (.text:ti_sysbios_hal_SecondsClock_getTime__E)
                  00009ff0    0000003e     driverlib.lib : adc.obj (.text:ADCSequenceConfigure)
                  0000a02e    0000003e     rtsv7M4_T_le_v4SPD16_eabi.lib : _printfi.c.obj (.text:_fcpy)
                  0000a06c    0000003c     driverlib.lib : ssi.obj (.text:SSIConfigSetExpClk)
                  0000a0a8    0000003c     sysbios.aem4f : BIOS.obj (.text:ti_sysbios_family_arm_m3_Hwi_excSvCall__I)
                  0000a0e4    00000004     --HOLE-- [fill = 0]
                  0000a0e8    0000003c                   : BIOS.obj (.text:ti_sysbios_heaps_HeapMem_init__I)
                  0000a124    00000004     --HOLE-- [fill = 0]
                  0000a128    0000003c                   : BIOS.obj (.text:ti_sysbios_knl_Swi_restore__E)
                  0000a164    0000003a     grlib.lib : string.obj (.text:FontGlyphDataGet)
                  0000a19e    0000003a     drivers_tivaware.aem4f : I2CTiva.oem4f (.text:I2CTiva_completeTransfer)
                  0000a1d8    00000038                            : I2C.oem4f (.text:I2C_init)
                  0000a210    00000038                            : UART.oem4f (.text:UART_init)
                  0000a248    00000038     rtsv7M4_T_le_v4SPD16_eabi.lib : trgmsg.c.obj (.text:__TI_writemsg)
                  0000a280    00000038     sysbios.aem4f : BIOS.obj (.text:ti_sysbios_family_arm_m3_Hwi_excNoIsr__I)
                  0000a2b8    00000038                   : BIOS.obj (.text:ti_sysbios_knl_Task_processVitalTaskFlag__I)
                  0000a2f0    00000038     ti.targets.arm.rtsarm.aem4f : SysMin.oem4f (.text:xdc_runtime_SysMin_putch__E)
                  0000a328    00000038                                 : System.oem4f (.text:xdc_runtime_System_atexit__E)
                  0000a360    00000036     drivers_tivaware.aem4f : I2CTiva.oem4f (.text:I2CTiva_close)
                  0000a396    00000036                            : UARTTiva.oem4f (.text:UARTTiva_readCancel)
                  0000a3cc    00000034     driverlib.lib : sysctl.obj (.text:SysCtlPeripheralEnable)
                  0000a400    00000034     rtsv7M4_T_le_v4SPD16_eabi.lib : trgmsg.c.obj (.text:__TI_readmsg)
                  0000a434    00000004     --HOLE-- [fill = 0]
                  0000a438    00000034     sysbios.aem4f : BIOS.obj (.text:ti_sysbios_family_arm_lm4_Timer_setPeriodMicroSecs__E)
                  0000a46c    00000004     --HOLE-- [fill = 0]
                  0000a470    00000034                   : BIOS.obj (.text:ti_sysbios_family_arm_m3_Hwi_Instance_finalize__E)
                  0000a4a4    00000004     --HOLE-- [fill = 0]
                  0000a4a8    00000034                   : BIOS.obj (.text:ti_sysbios_family_arm_m3_Hwi_excNmi__I)
                  0000a4dc    00000004     --HOLE-- [fill = 0]
                  0000a4e0    00000034                   : BIOS.obj (.text:ti_sysbios_hal_Hwi_checkStack)
                  0000a514    00000034     empty_pem4f.oem4f (.text:ti_sysbios_knl_Clock_construct)
                  0000a548    00000034     ti.targets.arm.rtsarm.aem4f : Core-label.oem4f (.text:xdc_runtime_Core_assignLabel__I)
                  0000a57c    00000033                                 : Text.oem4f (.text:xdc_runtime_Text_printVisFxn__I)
                  0000a5af    00000001     --HOLE-- [fill = 0]
                  0000a5b0    00000032     sysbios.aem4f : BIOS.obj (.text:ti_sysbios_hal_Hwi_initStack)
                  0000a5e2    00000002     --HOLE-- [fill = 0]
                  0000a5e4    00000030     drivers_tivaware.aem4f : UART.oem4f (.text:UART_open)
                  0000a614    00000030     empty_pem4f.oem4f (.text:ti_sysbios_BIOS_atExitFunc__I)
                  0000a644    00000004     --HOLE-- [fill = 0]
                  0000a648    00000030     sysbios.aem4f : BIOS.obj (.text:ti_sysbios_family_arm_lm4_Timer_stop__E)
                  0000a678    00000030                   : BIOS.obj (.text:ti_sysbios_family_arm_m3_TaskSupport_start__E)
                  0000a6a8    00000030     empty_pem4f.oem4f (.text:ti_sysbios_gates_GateHwi_Object__create__S)
                  0000a6d8    00000030     empty_pem4f.oem4f (.text:ti_sysbios_gates_GateMutex_Object__create__S)
                  0000a708    00000030     empty_pem4f.oem4f (.text:ti_sysbios_heaps_HeapMem_Object__create__S)
                  0000a738    00000030     empty_pem4f.oem4f (.text:ti_sysbios_knl_Semaphore_construct)
                  0000a768    00000030     sysbios.aem4f : BIOS.obj (.text:ti_sysbios_knl_Semaphore_pendTimeout__I)
                  0000a798    00000030                   : BIOS.obj (.text:ti_sysbios_knl_Task_unblockI__E)
                  0000a7c8    00000030     ti.targets.arm.rtsarm.aem4f : SysMin.oem4f (.text:xdc_runtime_SysMin_abort__E)
                  0000a7f8    00000030                                 : System.oem4f (.text:xdc_runtime_System_processAtExit__E)
                  0000a828    0000002e     grlib.lib : string.obj (.text:GrStringNextCharGet)
                  0000a856    0000002e     rtsv7M4_T_le_v4SPD16_eabi.lib : i_tofd_t2.asm.obj (.text)
                  0000a884    0000002c     EK_TM4C1294XL.obj (.text:EK_TM4C1294XL_initUART)
                  0000a8b0    0000002c     grlib.lib : string.obj (.text:GrFontBaselineGet)
                  0000a8dc    0000002c               : string.obj (.text:GrFontHeightGet)
                  0000a908    0000002c               : pushbutton.obj (.text:RectangularButtonMsgProc)
                  0000a934    0000002c               : widget.obj (.text:WidgetIsInTree)
                  0000a960    0000002c     empty_pem4f.oem4f (.text:ti_sysbios_knl_Clock_doTick__I)
                  0000a98c    0000002c     empty_pem4f.oem4f (.text:ti_sysbios_knl_Queue_construct)
                  0000a9b8    0000002c     sysbios.aem4f : BIOS.obj (.text:ti_sysbios_knl_Task_restore__E)
                  0000a9e4    0000002c     ti.targets.arm.rtsarm.aem4f : Text.oem4f (.text:xdc_runtime_Text_cordText__E)
                  0000aa10    0000002a     driverlib.lib : gpio.obj (.text:GPIODirModeSet)
                  0000aa3a    0000002a     ti.targets.arm.rtsarm.aem4f : System.oem4f (.text:xdc_runtime_System_putchar__I)
                  0000aa64    00000028     Kentec320x240x16_ssd2119_spi.obj (.text:Kentec320x240x16_SSD2119ColorTranslate)
                  0000aa8c    00000004     --HOLE-- [fill = 0]
                  0000aa90    00000028     sysbios.aem4f : BIOS.obj (.text:ti_sysbios_hal_Timer_Instance_init__E)
                  0000aab8    00000028                   : BIOS.obj (.text:ti_sysbios_knl_Clock_addI__E)
                  0000aae0    00000028                   : BIOS.obj (.text:ti_sysbios_knl_Swi_Module_startup__E)
                  0000ab08    00000026     grlib.lib : string.obj (.text:GrFontInfoGet)
                  0000ab2e    00000026     sysbios.aem4f : m3_Hwi_asm.obj (.text:ti_sysbios_family_arm_m3_Hwi_pendSV__I)
                  0000ab54    00000026     ti.targets.arm.rtsarm.aem4f : System.oem4f (.text:xdc_runtime_System_avprintf__E)
                  0000ab7a    00000002     --HOLE-- [fill = 0]
                  0000ab7c    00000024     empty_pem4f.oem4f (.text:ti_sysbios_BIOS_errorRaiseHook__I)
                  0000aba0    00000024     empty_pem4f.oem4f (.text:ti_sysbios_BIOS_registerRTSLock__I)
                  0000abc4    00000024     empty_pem4f.oem4f (.text:ti_sysbios_BIOS_removeRTSLock__I)
                  0000abe8    00000024     empty_pem4f.oem4f (.text:ti_sysbios_BIOS_startFunc__I)
                  0000ac0c    00000024     empty_pem4f.oem4f (.text:ti_sysbios_gates_GateMutex_Object__delete__S)
                  0000ac30    00000024     sysbios.aem4f : BIOS.obj (.text:ti_sysbios_knl_Clock_Module_startup__E)
                  0000ac54    00000004     --HOLE-- [fill = 0]
                  0000ac58    00000024                   : BIOS.obj (.text:ti_sysbios_knl_Task_restoreHwi__E)
                  0000ac7c    00000024     ti.targets.arm.rtsarm.aem4f : System.oem4f (.text:xdc_runtime_System_vprintf__E)
                  0000aca0    00000022     grlib.lib : string.obj (.text:GrFontGlyphDataGet)
                  0000acc2    00000006               : string.obj (.text:GrContextFontSet)
                  0000acc8    00000022     sysbios.aem4f : BIOS.obj (.text:ti_sysbios_family_arm_lm4_Timer_write__I)
                  0000acea    00000022     empty_pem4f.oem4f (.text:xdc_runtime_SysMin_output__I)
                  0000ad0c    00000020     Boot.aem4f : Boot_sysctl.oem4f (.text:_SysCtlMemTimingGet)
                  0000ad2c    00000020     rtsv7M4_T_le_v4SPD16_eabi.lib : u_tofd_t2.asm.obj (.text)
                  0000ad4c    00000020     empty_pem4f.oem4f (.text:ti_sysbios_BIOS_rtsLock__I)
                  0000ad6c    00000020     empty_pem4f.oem4f (.text:ti_sysbios_family_arm_lm4_Timer_Object__delete__S)
                  0000ad8c    00000004     --HOLE-- [fill = 0]
                  0000ad90    00000020     sysbios.aem4f : BIOS.obj (.text:ti_sysbios_family_arm_lm4_Timer_getFreq__E)
                  0000adb0    00000020     empty_pem4f.oem4f (.text:ti_sysbios_family_arm_m3_Hwi_Object__delete__S)
                  0000add0    00000020     sysbios.aem4f : m3_Hwi_asm.obj (.text:ti_sysbios_family_arm_m3_Hwi_excHandlerAsm__I)
                  0000adf0    00000020                   : BIOS.obj (.text:ti_sysbios_family_arm_m3_Hwi_excHandler__I)
                  0000ae10    00000020     empty_pem4f.oem4f (.text:ti_sysbios_gates_GateHwi_Object__delete__S)
                  0000ae30    00000020     empty_pem4f.oem4f (.text:ti_sysbios_heaps_HeapMem_Object__delete__S)
                  0000ae50    00000020     empty_pem4f.oem4f (.text:ti_sysbios_knl_Clock_Object__destruct__S)
                  0000ae70    00000020     sysbios.aem4f : BIOS.obj (.text:ti_sysbios_knl_Idle_run__E)
                  0000ae90    00000020     empty_pem4f.oem4f (.text:ti_sysbios_knl_Semaphore_Object__destruct__S)
                  0000aeb0    00000020     ti.targets.arm.rtsarm.aem4f : Registry.oem4f (.text:xdc_runtime_Registry_findById__E)
                  0000aed0    00000020                                 : SysMin.oem4f (.text:xdc_runtime_SysMin_Module_startup__E)
                  0000aef0    0000001e     grlib.lib : string.obj (.text:GrFontCodepageGet)
                  0000af0e    0000001e               : widget.obj (.text:WidgetAdd)
                  0000af2c    0000001e     sysbios.aem4f : m3_Hwi_asm_switch.obj (.text:ti_sysbios_family_xxx_Hwi_switchAndRunFunc)
                  0000af4a    0000001e     Clock.obj (.text:updatetime)
                  0000af68    0000001c     driverlib.lib : uart.obj (.text:UARTDisable)
                  0000af84    0000001c     grlib.lib : widget.obj (.text:WidgetPointerMessage)
                  0000afa0    0000001c     drivers_tivaware.aem4f : GPIOTiva.oem4f (.text:getGpioIntIndex)
                  0000afbc    0000001c     rtsv7M4_T_le_v4SPD16_eabi.lib : memccpy.c.obj (.text:memccpy)
                  0000afd8    0000001c     empty_pem4f.oem4f (.text:ti_sysbios_family_arm_m3_Hwi_Object__destruct__S)
                  0000aff4    00000004     --HOLE-- [fill = 0]
                  0000aff8    0000001c     sysbios.aem4f : BIOS.obj (.text:ti_sysbios_gates_GateMutex_Instance_init__E)
                  0000b014    0000001c     empty_pem4f.oem4f (.text:ti_sysbios_hal_Timer_TimerProxy_create)
                  0000b030    0000001c     empty_pem4f.oem4f (.text:ti_sysbios_knl_Queue_Object__destruct__S)
                  0000b04c    00000004     --HOLE-- [fill = 0]
                  0000b050    0000001c     sysbios.aem4f : BIOS.obj (.text:ti_sysbios_knl_Queue_put__E)
                  0000b06c    00000004     --HOLE-- [fill = 0]
                  0000b070    0000001c                   : BIOS.obj (.text:ti_sysbios_knl_Task_enter__I)
                  0000b08c    0000001c     ti.targets.arm.rtsarm.aem4f : Error.oem4f (.text:xdc_runtime_Error_raiseX__E)
                  0000b0a8    0000001c                                 : Memory.oem4f (.text:xdc_runtime_Memory_valloc__E)
                  0000b0c4    0000001c                                 : SysMin.oem4f (.text:xdc_runtime_SysMin_exit__E)
                  0000b0e0    0000001c                                 : System.oem4f (.text:xdc_runtime_System_abort__E)
                  0000b0fc    0000001a     rtsv7M4_T_le_v4SPD16_eabi.lib : s_copysign.c.obj (.text:copysign)
                  0000b116    0000001a     empty_pem4f.oem4f (.text:ti_sysbios_family_arm_m3_Hwi_Handle__label__S)
                  0000b130    0000001a     empty_pem4f.oem4f (.text:ti_sysbios_gates_GateHwi_Handle__label__S)
                  0000b14a    0000001a     empty_pem4f.oem4f (.text:ti_sysbios_gates_GateMutex_Handle__label__S)
                  0000b164    0000001a     empty_pem4f.oem4f (.text:ti_sysbios_heaps_HeapMem_Handle__label__S)
                  0000b17e    0000001a     empty_pem4f.oem4f (.text:ti_sysbios_knl_Swi_Handle__label__S)
                  0000b198    0000001a     empty_pem4f.oem4f (.text:ti_sysbios_knl_Task_Handle__label__S)
                  0000b1b2    0000001a     empty_pem4f.oem4f (.text:xdc_runtime_System_aprintf__E)
                  0000b1cc    0000001a     empty_pem4f.oem4f (.text:xdc_runtime_System_printf__E)
                  0000b1e6    00000018     driverlib.lib : gpio.obj (.text:GPIOPinTypeGPIOOutput)
                  0000b1fe    00000002     --HOLE-- [fill = 0]
                  0000b200    00000018     drivers_tivaware.aem4f : UART.oem4f (.text:UART_Params_init)
                  0000b218    00000018     rtsv7M4_T_le_v4SPD16_eabi.lib : args_main.c.obj (.text:_args_main)
                  0000b230    00000018                                   : sprintf.c.obj (.text:_outs)
                  0000b248    00000018     empty_pem4f.oem4f (.text:ti_sysbios_BIOS_rtsUnlock__I)
                  0000b260    00000018     empty_pem4f.oem4f (.text:ti_sysbios_family_arm_lm4_Timer_Module__startupDone__F)
                  0000b278    00000018     empty_pem4f.oem4f (.text:ti_sysbios_family_arm_m3_Hwi_Module__startupDone__F)
                  0000b290    00000018     sysbios.aem4f : m3_TaskSupport_asm.obj (.text:ti_sysbios_family_arm_m3_TaskSupport_swap__E)
                  0000b2a8    00000018                   : BIOS.obj (.text:ti_sysbios_gates_GateMutex_leave__E)
                  0000b2c0    00000018     empty_pem4f.oem4f (.text:ti_sysbios_knl_Clock_Module__startupDone__F)
                  0000b2d8    00000018     sysbios.aem4f : BIOS.obj (.text:ti_sysbios_knl_Task_sleepTimeout__I)
                  0000b2f0    00000018     ti.targets.arm.rtsarm.aem4f : Error.oem4f (.text:xdc_runtime_Error_check__E)
                  0000b308    00000018                                 : System.oem4f (.text:xdc_runtime_System_exit__E)
                  0000b320    00000018                                 : Text.oem4f (.text:xdc_runtime_Text_ropeText__E)
                  0000b338    00000016     grlib.lib : string.obj (.text:GrStringDraw)
                  0000b34e    00000016     driverlib.lib : i2c.obj (.text:I2CMasterErr)
                  0000b364    00000016     rtsv7M4_T_le_v4SPD16_eabi.lib : strchr.c.obj (.text:strchr)
                  0000b37a    00000016     empty_pem4f.oem4f (.text:ti_sysbios_BIOS_exitFunc__I)
                  0000b390    00000016     Clock.obj (.text:ti_sysbios_hal_Timer_Params_init)
                  0000b3a6    00000016     empty.obj (.text:ti_sysbios_knl_Task_Params_init)
                  0000b3bc    00000014     grlib.lib : canvas.obj (.text:CanvasMsgProc)
                  0000b3d0    00000014     Kentec320x240x16_ssd2119_spi.obj (.text:LED_OFF)
                  0000b3e4    00000014     Kentec320x240x16_ssd2119_spi.obj (.text:LED_ON)
                  0000b3f8    00000014     touch.obj (.text:TouchScreenCallbackSet)
                  0000b40c    00000014     driverlib.lib : uart.obj (.text:UARTEnable)
                  0000b420    00000014     grlib.lib : widget.obj (.text:WidgetMutexGet)
                  0000b434    00000014     rtsv7M4_T_le_v4SPD16_eabi.lib : strlen.c.obj (.text:strlen)
                  0000b448    00000014     empty_pem4f.oem4f (.text:ti_sysbios_family_arm_m3_Hwi_Object__get__S)
                  0000b45c    00000004     --HOLE-- [fill = 0]
                  0000b460    00000014     sysbios.aem4f : BIOS.obj (.text:ti_sysbios_family_arm_m3_Hwi_switchFromBootStack__E)
                  0000b474    00000014     empty_pem4f.oem4f (.text:ti_sysbios_heaps_HeapMem_Object__get__S)
                  0000b488    00000014     empty_pem4f.oem4f (.text:ti_sysbios_knl_Swi_Object__get__S)
                  0000b49c    00000012     driverlib.lib : gpio.obj (.text:GPIOPinTypeEthernetLED)
                  0000b4ae    00000012                   : gpio.obj (.text:GPIOPinTypeGPIOInput)
                  0000b4c0    00000012                   : gpio.obj (.text:GPIOPinTypeI2C)
                  0000b4d2    00000012                   : gpio.obj (.text:GPIOPinTypeI2CSCL)
                  0000b4e4    00000012                   : gpio.obj (.text:GPIOPinTypeSSI)
                  0000b4f6    00000012                   : gpio.obj (.text:GPIOPinTypeUART)
                  0000b508    00000012                   : gpio.obj (.text:GPIOPinTypeUSBAnalog)
                  0000b51a    00000012                   : gpio.obj (.text:GPIOPinTypeUSBDigital)
                  0000b52c    00000012     drivers_tivaware.aem4f : RingBuf.oem4f (.text:RingBuf_construct)
                  0000b53e    00000012     driverlib.lib : ssi.obj (.text:SSIDataGetNonBlocking)
                  0000b550    00000012                   : timer.obj (.text:TimerLoadSet)
                  0000b562    00000006                   : i2c.obj (.text:I2CMasterIntDisable)
                  0000b568    00000012     sysbios.aem4f : BIOS.obj (.text:ti_sysbios_hal_Hwi_Module_startup__E)
                  0000b57a    00000006     driverlib.lib : i2c.obj (.text:I2CMasterIntEnable)
                  0000b580    00000012     sysbios.aem4f : BIOS.obj (.text:ti_sysbios_hal_Timer_Module_startup__E)
                  0000b592    00000012     rtsv7M4_T_le_v4SPD16_eabi.lib : wcslen.c.obj (.text:wcslen)
                  0000b5a4    00000012     empty_pem4f.oem4f (.text:xdc_runtime_Startup_exec__I)
                  0000b5b6    00000002     --HOLE-- [fill = 0]
                  0000b5b8    00000010     empty_pem4f.oem4f (.text:.bootCodeSection:ti_catalog_arm_cortexm4_tiva_ce_Boot_init__I)
                  0000b5c8    00000010     driverlib.lib : adc.obj (.text:ADCIntEnable)
                  0000b5d8    00000010     drivers_tivaware.aem4f : UARTTiva.oem4f (.text:readBlockingTimeout)
                  0000b5e8    00000010     sysbios.aem4f : BIOS.obj (.text:ti_sysbios_BIOS_getCpuFreq__E)
                  0000b5f8    00000010                   : BIOS.obj (.text:ti_sysbios_BIOS_setThreadType__E)
                  0000b608    00000010                   : BIOS.obj (.text:ti_sysbios_BIOS_start__E)
                  0000b618    00000010                   : BIOS.obj (.text:ti_sysbios_family_arm_lm4_TimestampProvider_rolloverFunc__E)
                  0000b628    00000010                   : m3_TaskSupport_asm.obj (.text:ti_sysbios_family_arm_m3_TaskSupport_glue)
                  0000b638    00000010                   : BIOS.obj (.text:ti_sysbios_gates_GateMutex_Instance_finalize__E)
                  0000b648    00000010     empty_pem4f.oem4f (.text:ti_sysbios_hal_Timer_TimerProxy_Object__create__S)
                  0000b658    00000010     sysbios.aem4f : BIOS.obj (.text:ti_sysbios_knl_Semaphore_Instance_finalize__E)
                  0000b668    00000010                   : BIOS.obj (.text:ti_sysbios_knl_Swi_disable__E)
                  0000b678    00000010     empty_pem4f.oem4f (.text:ti_sysbios_knl_Task_Object__get__S)
                  0000b688    00000010     sysbios.aem4f : BIOS.obj (.text:ti_sysbios_knl_Task_disable__E)
                  0000b698    00000010     ti.targets.arm.rtsarm.aem4f : Gate.oem4f (.text:xdc_runtime_Gate_leaveSystem__E)
                  0000b6a8    00000010                                 : Memory.oem4f (.text:xdc_runtime_Memory_free__E)
                  0000b6b8    00000010                                 : SysMin.oem4f (.text:xdc_runtime_SysMin_ready__E)
                  0000b6c8    00000010                                 : System.oem4f (.text:xdc_runtime_System_vsnprintf__E)
                  0000b6d8    00000010     empty_pem4f.oem4f (.text:xdc_runtime_Text_visitRope__I)
                  0000b6e8    0000000e     driverlib.lib : adc.obj (.text:ADCSequenceEnable)
                  0000b6f6    0000000e                   : gpio.obj (.text:GPIOIntStatus)
                  0000b704    0000000e     grlib.lib : image.obj (.text:GrImageDraw)
                  0000b712    0000000e     driverlib.lib : timer.obj (.text:TimerEnable)
                  0000b720    0000000e                   : uart.obj (.text:UARTCharGetNonBlocking)
                  0000b72e    0000000e                   : uart.obj (.text:UARTCharPutNonBlocking)
                  0000b73c    0000000e     rtsv7M4_T_le_v4SPD16_eabi.lib : copy_decompress_none.c.obj (.text:decompress:none:__TI_decompress_none)
                  0000b74a    00000006     drivers_tivaware.aem4f : I2CTiva.oem4f (.text:I2CTiva_control)
                  0000b750    0000000e     sysbios.aem4f : BIOS.obj (.text:ti_sysbios_knl_Idle_loop__E)
                  0000b75e    00000002     --HOLE-- [fill = 0]
                  0000b760    0000000e                   : BIOS.obj (.text:ti_sysbios_knl_Queue_empty__E)
                  0000b76e    0000000c     drivers_tivaware.aem4f : RingBuf.oem4f (.text:RingBuf_peek)
                  0000b77a    0000000c     driverlib.lib : uart.obj (.text:UARTFlowControlSet)
                  0000b786    0000000c     drivers_tivaware.aem4f : UARTTiva.oem4f (.text:UARTTiva_init)
                  0000b792    00000002     --HOLE-- [fill = 0]
                  0000b794    0000000c     rtsv7M4_T_le_v4SPD16_eabi.lib : _lock.c.obj (.text:_register_lock)
                  0000b7a0    0000000c                                   : _lock.c.obj (.text:_register_unlock)
                  0000b7ac    0000000c                                   : copy_zero_init.c.obj (.text:decompress:ZI:__TI_zero_init)
                  0000b7b8    0000000c     sysbios.aem4f : BIOS.obj (.text:ti_sysbios_family_arm_lm4_Timer_getMaxTicks__E)
                  0000b7c4    00000004     --HOLE-- [fill = 0]
                  0000b7c8    0000000c                   : BIOS.obj (.text:ti_sysbios_family_arm_lm4_TimestampProvider_startTimer__E)
                  0000b7d4    0000000c     empty_pem4f.oem4f (.text:ti_sysbios_family_arm_m3_Hwi_Params__init__S)
                  0000b7e0    0000000c     sysbios.aem4f : BIOS.obj (.text:ti_sysbios_family_arm_m3_Hwi_disableFxn__E)
                  0000b7ec    00000004     --HOLE-- [fill = 0]
                  0000b7f0    0000000c                   : BIOS.obj (.text:ti_sysbios_family_arm_m3_TaskSupport_checkStack__E)
                  0000b7fc    00000004     --HOLE-- [fill = 0]
                  0000b800    0000000c                   : BIOS.obj (.text:ti_sysbios_family_arm_m3_TaskSupport_getStackAlignment__E)
                  0000b80c    00000004     --HOLE-- [fill = 0]
                  0000b810    0000000c                   : BIOS.obj (.text:ti_sysbios_gates_GateHwi_enter__E)
                  0000b81c    00000004     --HOLE-- [fill = 0]
                  0000b820    0000000c                   : BIOS.obj (.text:ti_sysbios_hal_SecondsClock_set__E)
                  0000b82c    0000000c     empty_pem4f.oem4f (.text:ti_sysbios_hal_Timer_Params__init__S)
                  0000b838    0000000c     empty_pem4f.oem4f (.text:ti_sysbios_knl_Clock_Params__init__S)
                  0000b844    0000000c     empty_pem4f.oem4f (.text:ti_sysbios_knl_Queue_Object__get__S)
                  0000b850    0000000c     empty_pem4f.oem4f (.text:ti_sysbios_knl_Semaphore_Params__init__S)
                  0000b85c    0000000c     empty_pem4f.oem4f (.text:ti_sysbios_knl_Task_Params__init__S)
                  0000b868    0000000c     ti.targets.arm.rtsarm.aem4f : Error.oem4f (.text:xdc_runtime_Error_init__E)
                  0000b874    0000000c                                 : Gate.oem4f (.text:xdc_runtime_Gate_enterSystem__E)
                  0000b880    0000000c                                 : Memory.oem4f (.text:xdc_runtime_Memory_calloc__E)
                  0000b88c    0000000c                                 : Memory.oem4f (.text:xdc_runtime_Memory_getMaxDefaultTypeAlign__E)
                  0000b898    0000000a     driverlib.lib : i2c.obj (.text:I2CMasterDisable)
                  0000b8a2    0000000a                   : i2c.obj (.text:I2CMasterEnable)
                  0000b8ac    0000000a     drivers_tivaware.aem4f : I2CTiva.oem4f (.text:I2CTiva_init)
                  0000b8b6    0000000a     Kentec320x240x16_ssd2119_spi.obj (.text:Kentec320x240x16_SSD2119Flush)
                  0000b8c0    0000000a     driverlib.lib : ssi.obj (.text:SSIDataPut)
                  0000b8ca    0000000a                   : ssi.obj (.text:SSIEnable)
                  0000b8d4    0000000a                   : uart.obj (.text:UARTCharGet)
                  0000b8de    0000000a                   : uart.obj (.text:UARTCharPut)
                  0000b8e8    0000000a                   : uart.obj (.text:UARTIntDisable)
                  0000b8f2    0000000a                   : uart.obj (.text:UARTIntStatus)
                  0000b8fc    0000000a     rtsv7M4_T_le_v4SPD16_eabi.lib : sprintf.c.obj (.text:_outc)
                  0000b906    00000002     --HOLE-- [fill = 0]
                  0000b908    0000000a     sysbios.aem4f : BIOS.obj (.text:ti_sysbios_hal_Timer_Instance_finalize__E)
                  0000b912    0000000a     empty_pem4f.oem4f (.text:xdc_runtime_IHeap_alloc)
                  0000b91c    0000000a     empty_pem4f.oem4f (.text:xdc_runtime_IHeap_free)
                  0000b926    00000008     EK_TM4C1294XL.obj (.text:EK_TM4C1294XL_initGPIO)
                  0000b92e    00000008     grlib.lib : charmap.obj (.text:GrMapISO8859_1_Unicode)
                  0000b936    00000008     driverlib.lib : i2c.obj (.text:I2CMasterIntClear)
                  0000b93e    00000008                   : i2c.obj (.text:I2CMasterSlaveAddrSet)
                  0000b946    00000008     drivers_tivaware.aem4f : I2CTiva.oem4f (.text:I2CTiva_blockingCallback)
                  0000b94e    00000008     driverlib.lib : ssi.obj (.text:SSIBusy)
                  0000b956    00000008                   : uart.obj (.text:UARTIntEnable)
                  0000b95e    00000008                   : uart.obj (.text:UARTRxErrorGet)
                  0000b966    00000002     --HOLE-- [fill = 0]
                  0000b968    00000008     rtsv7M4_T_le_v4SPD16_eabi.lib : errno.c.obj (.text:__aeabi_errno_addr)
                  0000b970    00000008     drivers_tivaware.aem4f : UARTTiva.oem4f (.text:readSemCallback)
                  0000b978    00000008     sysbios.aem4f : BIOS.obj (.text:ti_sysbios_family_arm_lm4_Timer_masterDisable__I)
                  0000b980    00000008                   : BIOS.obj (.text:ti_sysbios_family_arm_m3_Hwi_doSwiRestore__I)
                  0000b988    00000008                   : BIOS.obj (.text:ti_sysbios_family_arm_m3_Hwi_startup__E)
                  0000b990    00000008     drivers_tivaware.aem4f : UARTTiva.oem4f (.text:writeSemCallback)
                  0000b998    00000006     driverlib.lib : sysctl.obj (.text:SysCtlDelay)
                  0000b99e    00000006                   : uart.obj (.text:UARTFIFOLevelSet)
                  0000b9a4    00000006                   : uart.obj (.text:UARTRxErrorClear)
                  0000b9aa    00000006     grlib.lib : widget.obj (.text:WidgetMutexPut)
                  0000b9b0    00000006     sysbios.aem4f : BIOS.obj (.text:ti_sysbios_family_arm_lm4_TimestampProvider_Module_startup__E)
                  0000b9b6    00000002     --HOLE-- [fill = 0]
                  0000b9b8    00000006                   : BIOS.obj (.text:ti_sysbios_family_arm_m3_Hwi_doTaskRestore__I)
                  0000b9be    00000002     --HOLE-- [fill = 0]
                  0000b9c0    00000006                   : BIOS.obj (.text:ti_sysbios_family_arm_m3_Hwi_restoreFxn__E)
                  0000b9c6    00000002     --HOLE-- [fill = 0]
                  0000b9c8    00000006                   : BIOS.obj (.text:ti_sysbios_gates_GateHwi_leave__E)
                  0000b9ce    00000002     --HOLE-- [fill = 0]
                  0000b9d0    00000006                   : BIOS.obj (.text:ti_sysbios_heaps_HeapMem_isBlocking__E)
                  0000b9d6    00000002     --HOLE-- [fill = 0]
                  0000b9d8    00000006                   : BIOS.obj (.text:ti_sysbios_knl_Clock_stop__E)
                  0000b9de    00000002     --HOLE-- [fill = 0]
                  0000b9e0    00000006                   : BIOS.obj (.text:ti_sysbios_knl_Queue_Instance_init__E)
                  0000b9e6    00000002     --HOLE-- [fill = 0]
                  0000b9e8    00000006                   : BIOS.obj (.text:ti_sysbios_knl_Swi_startup__E)
                  0000b9ee    00000006     ti.targets.arm.rtsarm.aem4f : System.oem4f (.text:xdc_runtime_System_Module_startup__E)
                  0000b9f4    00000004     --HOLE-- [fill = 0]
                  0000b9f8    00000004     sysbios.aem4f : BIOS.obj (.text:ti_sysbios_family_arm_lm4_Timer_getPeriod__E)
                  0000b9fc    00000004     --HOLE-- [fill = 0]
                  0000ba00    00000004                   : BIOS.obj (.text:ti_sysbios_gates_GateHwi_query__E)
                  0000ba04    00000004     --HOLE-- [fill = 0]
                  0000ba08    00000004                   : BIOS.obj (.text:ti_sysbios_gates_GateMutex_query__E)
                  0000ba0c    00000004     --HOLE-- [fill = 0]
                  0000ba10    00000004                   : BIOS.obj (.text:ti_sysbios_knl_Task_startup__E)
                  0000ba14    00000004     --HOLE-- [fill = 0]
                  0000ba18    00000002                   : BIOS.obj (.text:ti_sysbios_gates_GateHwi_Instance_init__E)
                  0000ba1a    00000006     --HOLE-- [fill = 0]
                  0000ba20    00000002                   : BIOS.obj (.text:ti_sysbios_knl_Clock_logTick__E)

.const     0    0000ba24    0000661e     
                  0000ba24    00001a46     frame.obj (.const:.string:g_pui8Top)
                  0000d46a    000018ae     empty_pem4f.oem4f (.const:xdc_runtime_Text_charTab__A)
                  0000ed18    00000786     frame.obj (.const:.string:g_pui8Bottom)
                  0000f49e    00000782     grlib.lib : fontcmss18b.obj (.const:.string:g_pui8Cmss18bData)
                  0000fc20    000006ca               : fontcmss16b.obj (.const:.string:g_pui8Cmss16bData)
                  000102ea    00000546     frame.obj (.const:.string:g_pui8Left)
                  00010830    00000546     frame.obj (.const:.string:g_pui8Right)
                  00010d76    0000017c     frame.obj (.const:.string:g_pui8TopLeft)
                  00010ef2    00000173     frame.obj (.const:.string:g_pui8TopRight)
                  00011065    00000001     empty_pem4f.oem4f (.const:xdc_runtime_Error_policy__C)
                  00011066    00000002     empty_pem4f.oem4f (.const:ti_catalog_arm_cortexm4_tiva_ce_Boot_Module__id__C)
                  00011068    00000120     Boot.aem4f : Boot_sysctl.oem4f (.const:g_pppui32XTALtoVCO)
                  00011188    00000101     rtsv7M4_T_le_v4SPD16_eabi.lib : ctype.c.obj (.const:.string:_ctypes_)
                  00011289    000000d0     frame.obj (.const:.string:g_pui8BottomLeft)
                  00011359    00000001     --HOLE-- [fill = 0]
                  0001135a    000000d0     empty_pem4f.oem4f (.const:xdc_runtime_Text_nodeTab__A)
                  0001142a    00000002     empty_pem4f.oem4f (.const:ti_sysbios_family_arm_lm4_Timer_Module__id__C)
                  0001142c    000000c8     grlib.lib : fontcmss16b.obj (.const:g_sFontCmss16b)
                  000114f4    000000c8               : fontcmss18b.obj (.const:g_sFontCmss18b)
                  000115bc    000000c4     frame.obj (.const:.string:g_pui8BottomRight)
                  00011680    00000090     driverlib.lib : gpio.obj (.const:g_pui32GPIOBaseAddrs)
                  00011710    00000070                   : interrupt.obj (.const)
                  00011780    0000006c     Boot.aem4f : Boot_sysctl.oem4f (.const:g_pui32Xtals)
                  000117ec    00000054     drivers_tivaware.aem4f : GPIOTiva.oem4f (.const:.string)
                  00011840    0000004c                            : UARTTiva.oem4f (.const)
                  0001188c    00000048     empty_pem4f.oem4f (.const:.string)
                  000118d4    00000048     drivers_tivaware.aem4f : GPIOTiva.oem4f (.const:gpioBaseAddresses)
                  0001191c    0000003c     empty_pem4f.oem4f (.const:ti_sysbios_family_arm_lm4_Timer_Object__PARAMS__C)
                  00011958    0000003c     empty_pem4f.oem4f (.const:ti_sysbios_knl_Task_Object__PARAMS__C)
                  00011994    00000030     Boot.aem4f : Boot_sysctl.oem4f (.const:g_sXTALtoMEMTIM)
                  000119c4    00000030     empty_pem4f.oem4f (.const:ti_sysbios_family_arm_m3_Hwi_Object__PARAMS__C)
                  000119f4    00000030     empty_pem4f.oem4f (.const:ti_sysbios_hal_Timer_Object__PARAMS__C)
                  00011a24    0000002c     empty_pem4f.oem4f (.const:xdc_runtime_Startup_sfxnTab__A)
                  00011a50    00000028     drivers_tivaware.aem4f : UARTTiva.oem4f (.const:UARTTiva_fxnTable)
                  00011a78    00000028     Kentec320x240x16_ssd2119_spi.obj (.const:g_sKentec320x240x16_SSD2119)
                  00011aa0    00000028     empty_pem4f.oem4f (.const:ti_sysbios_heaps_HeapMem_Module__FXNS__C)
                  00011ac8    00000024     EK_TM4C1294XL.obj (.const:I2C_config)
                  00011aec    00000024     drivers_tivaware.aem4f : UART.oem4f (.const:UART_defaultParams)
                  00011b10    00000024     empty_pem4f.oem4f (.const:ti_sysbios_gates_GateHwi_Module__FXNS__C)
                  00011b34    00000024     empty_pem4f.oem4f (.const:ti_sysbios_gates_GateMutex_Module__FXNS__C)
                  00011b58    00000024     empty_pem4f.oem4f (.const:ti_sysbios_heaps_HeapMem_Object__PARAMS__C)
                  00011b7c    00000024     empty_pem4f.oem4f (.const:ti_sysbios_knl_Clock_Object__PARAMS__C)
                  00011ba0    00000024     empty_pem4f.oem4f (.const:ti_sysbios_knl_Semaphore_Object__PARAMS__C)
                  00011bc4    00000020     empty_pem4f.oem4f (.const:ti_sysbios_family_arm_lm4_Timer_Object__DESC__C)
                  00011be4    00000020     empty_pem4f.oem4f (.const:ti_sysbios_family_arm_m3_Hwi_Object__DESC__C)
                  00011c04    00000020     empty_pem4f.oem4f (.const:ti_sysbios_gates_GateHwi_Object__DESC__C)
                  00011c24    00000020     empty_pem4f.oem4f (.const:ti_sysbios_gates_GateMutex_Object__DESC__C)
                  00011c44    00000020     empty_pem4f.oem4f (.const:ti_sysbios_hal_Timer_Object__DESC__C)
                  00011c64    00000020     empty_pem4f.oem4f (.const:ti_sysbios_heaps_HeapMem_Object__DESC__C)
                  00011c84    00000020     empty_pem4f.oem4f (.const:ti_sysbios_knl_Clock_Object__DESC__C)
                  00011ca4    00000020     empty_pem4f.oem4f (.const:ti_sysbios_knl_Queue_Object__DESC__C)
                  00011cc4    00000020     empty_pem4f.oem4f (.const:ti_sysbios_knl_Semaphore_Object__DESC__C)
                  00011ce4    00000020     empty_pem4f.oem4f (.const:ti_sysbios_knl_Task_Object__DESC__C)
                  00011d04    0000001c     drivers_tivaware.aem4f : I2CTiva.oem4f (.const)
                  00011d20    0000001c     touch.obj (.const:g_pi32TouchParameters)
                  00011d3c    00000018     EK_TM4C1294XL.obj (.const:UART_config)
                  00011d54    00000018     EK_TM4C1294XL.obj (.const:i2cTivaHWAttrs)
                  00011d6c    00000018     empty_pem4f.oem4f (.const:ti_sysbios_gates_GateHwi_Object__PARAMS__C)
                  00011d84    00000018     empty_pem4f.oem4f (.const:ti_sysbios_gates_GateMutex_Object__PARAMS__C)
                  00011d9c    00000018     empty_pem4f.oem4f (.const:ti_sysbios_knl_Queue_Object__PARAMS__C)
                  00011db4    00000018     EK_TM4C1294XL.obj (.const:uartTivaHWAttrs)
                  00011dcc    00000016     empty_pem4f.oem4f (.const:xdc_runtime_Startup_sfxnRts__A)
                  00011de2    00000002     empty_pem4f.oem4f (.const:ti_sysbios_family_arm_lm4_Timer_supportsAltclk__C)
                  00011de4    00000014     EK_TM4C1294XL.obj (.const:GPIOTiva_config)
                  00011df8    00000014     empty_pem4f.oem4f (.const:xdc_runtime_Startup_firstFxns__A)
                  00011e0c    00000010     grlib.lib : context.obj (.const)
                  00011e1c    00000008     Boot.aem4f : Boot_sysctl.oem4f (.const)
                  00011e24    00000008     empty_pem4f.oem4f (.const:ti_sysbios_family_arm_m3_Hwi_excHookFuncs__A)
                  00011e2c    00000008     empty_pem4f.oem4f (.const:ti_sysbios_knl_Idle_funcList__C)
                  00011e34    00000008     empty_pem4f.oem4f (.const:xdc_runtime_Startup_firstFxns__C)
                  00011e3c    00000008     empty_pem4f.oem4f (.const:xdc_runtime_Startup_lastFxns__C)
                  00011e44    00000006     empty.obj (.const:.string)
                  00011e4a    00000002     empty_pem4f.oem4f (.const:ti_sysbios_family_arm_m3_Hwi_Module__id__C)
                  00011e4c    00000004     empty_pem4f.oem4f (.const:ti_catalog_arm_cortexm4_tiva_ce_Boot_A_mustNotUseEnhancedClockMode__C)
                  00011e50    00000004     empty_pem4f.oem4f (.const:ti_catalog_arm_cortexm4_tiva_ce_Boot_Module__diagsEnabled__C)
                  00011e54    00000004     empty_pem4f.oem4f (.const:ti_catalog_arm_cortexm4_tiva_ce_Boot_Module__diagsIncluded__C)
                  00011e58    00000004     empty_pem4f.oem4f (.const:ti_catalog_arm_cortexm4_tiva_ce_Boot_Module__diagsMask__C)
                  00011e5c    00000004     empty_pem4f.oem4f (.const:ti_sysbios_family_arm_lm4_Timer_E_cannotSupport__C)
                  00011e60    00000004     empty_pem4f.oem4f (.const:ti_sysbios_family_arm_lm4_Timer_E_invalidTimer__C)
                  00011e64    00000004     empty_pem4f.oem4f (.const:ti_sysbios_family_arm_lm4_Timer_E_noaltclk__C)
                  00011e68    00000004     empty_pem4f.oem4f (.const:ti_sysbios_family_arm_lm4_Timer_E_notAvailable__C)
                  00011e6c    00000004     empty_pem4f.oem4f (.const:ti_sysbios_family_arm_lm4_Timer_anyMask__C)
                  00011e70    00000004     empty_pem4f.oem4f (.const:ti_sysbios_family_arm_lm4_Timer_disableFunc__C)
                  00011e74    00000004     empty_pem4f.oem4f (.const:ti_sysbios_family_arm_lm4_Timer_enableFunc__C)
                  00011e78    00000004     empty_pem4f.oem4f (.const:ti_sysbios_family_arm_lm4_Timer_numTimerDevices__C)
                  00011e7c    00000004     empty_pem4f.oem4f (.const:ti_sysbios_family_arm_lm4_Timer_startupNeeded__C)
                  00011e80    00000004     empty_pem4f.oem4f (.const:ti_sysbios_family_arm_m3_Hwi_E_NMI__C)
                  00011e84    00000004     empty_pem4f.oem4f (.const:ti_sysbios_family_arm_m3_Hwi_E_alreadyDefined__C)
                  00011e88    00000004     empty_pem4f.oem4f (.const:ti_sysbios_family_arm_m3_Hwi_E_busFault__C)
                  00011e8c    00000004     empty_pem4f.oem4f (.const:ti_sysbios_family_arm_m3_Hwi_E_debugMon__C)
                  00011e90    00000004     empty_pem4f.oem4f (.const:ti_sysbios_family_arm_m3_Hwi_E_hardFault__C)
                  00011e94    00000004     empty_pem4f.oem4f (.const:ti_sysbios_family_arm_m3_Hwi_E_memFault__C)
                  00011e98    00000004     empty_pem4f.oem4f (.const:ti_sysbios_family_arm_m3_Hwi_E_noIsr__C)
                  00011e9c    00000004     empty_pem4f.oem4f (.const:ti_sysbios_family_arm_m3_Hwi_E_reserved__C)
                  00011ea0    00000004     empty_pem4f.oem4f (.const:ti_sysbios_family_arm_m3_Hwi_E_svCall__C)
                  00011ea4    00000004     empty_pem4f.oem4f (.const:ti_sysbios_family_arm_m3_Hwi_E_usageFault__C)
                  00011ea8    00000004     empty_pem4f.oem4f (.const:ti_sysbios_family_arm_m3_Hwi_NUM_INTERRUPTS__C)
                  00011eac    00000004     empty_pem4f.oem4f (.const:ti_sysbios_family_arm_m3_Hwi_Object__count__C)
                  00011eb0    00000004     empty_pem4f.oem4f (.const:ti_sysbios_family_arm_m3_Hwi_ccr__C)
                  00011eb4    00000004     empty_pem4f.oem4f (.const:ti_sysbios_family_arm_m3_Hwi_excHandlerFunc__C)
                  00011eb8    00000004     empty_pem4f.oem4f (.const:ti_sysbios_family_arm_m3_Hwi_excHookFuncs__C)
                  00011ebc    00000004     empty_pem4f.oem4f (.const:ti_sysbios_family_arm_m3_Hwi_nullIsrFunc__C)
                  00011ec0    00000004     empty_pem4f.oem4f (.const:ti_sysbios_family_arm_m3_Hwi_priGroup__C)
                  00011ec4    00000004     empty_pem4f.oem4f (.const:ti_sysbios_family_arm_m3_TaskSupport_stackAlignment__C)
                  00011ec8    00000004     empty_pem4f.oem4f (.const:ti_sysbios_gates_GateMutex_A_badContext__C)
                  00011ecc    00000004     empty_pem4f.oem4f (.const:ti_sysbios_gates_GateMutex_Instance_State_sem__O)
                  00011ed0    00000004     empty_pem4f.oem4f (.const:ti_sysbios_gates_GateMutex_Module__diagsEnabled__C)
                  00011ed4    00000004     empty_pem4f.oem4f (.const:ti_sysbios_gates_GateMutex_Module__diagsIncluded__C)
                  00011ed8    00000004     empty_pem4f.oem4f (.const:ti_sysbios_gates_GateMutex_Module__diagsMask__C)
                  00011edc    00000004     empty_pem4f.oem4f (.const:ti_sysbios_hal_Hwi_E_stackOverflow__C)
                  00011ee0    00000004     empty_pem4f.oem4f (.const:ti_sysbios_hal_SecondsClock_Module_State_clock__O)
                  00011ee4    00000004     empty_pem4f.oem4f (.const:ti_sysbios_heaps_HeapMem_A_align__C)
                  00011ee8    00000004     empty_pem4f.oem4f (.const:ti_sysbios_heaps_HeapMem_A_heapSize__C)
                  00011eec    00000004     empty_pem4f.oem4f (.const:ti_sysbios_heaps_HeapMem_A_invalidFree__C)
                  00011ef0    00000004     empty_pem4f.oem4f (.const:ti_sysbios_heaps_HeapMem_A_zeroBlock__C)
                  00011ef4    00000004     empty_pem4f.oem4f (.const:ti_sysbios_heaps_HeapMem_E_memory__C)
                  00011ef8    00000004     empty_pem4f.oem4f (.const:ti_sysbios_heaps_HeapMem_Module__diagsEnabled__C)
                  00011efc    00000004     empty_pem4f.oem4f (.const:ti_sysbios_heaps_HeapMem_Module__diagsIncluded__C)
                  00011f00    00000004     empty_pem4f.oem4f (.const:ti_sysbios_heaps_HeapMem_Module__diagsMask__C)
                  00011f04    00000004     empty_pem4f.oem4f (.const:ti_sysbios_heaps_HeapMem_Module__gateObj__C)
                  00011f08    00000004     empty_pem4f.oem4f (.const:ti_sysbios_heaps_HeapMem_Object__count__C)
                  00011f0c    00000004     empty_pem4f.oem4f (.const:ti_sysbios_heaps_HeapMem_reqAlign__C)
                  00011f10    00000004     empty_pem4f.oem4f (.const:ti_sysbios_knl_Clock_A_badThreadType__C)
                  00011f14    00000004     empty_pem4f.oem4f (.const:ti_sysbios_knl_Clock_Module_State_clockQ__O)
                  00011f18    00000004     empty_pem4f.oem4f (.const:ti_sysbios_knl_Clock_Module__diagsEnabled__C)
                  00011f1c    00000004     empty_pem4f.oem4f (.const:ti_sysbios_knl_Clock_Module__diagsIncluded__C)
                  00011f20    00000004     empty_pem4f.oem4f (.const:ti_sysbios_knl_Clock_Module__diagsMask__C)
                  00011f24    00000004     empty_pem4f.oem4f (.const:ti_sysbios_knl_Clock_tickPeriod__C)
                  00011f28    00000004     empty_pem4f.oem4f (.const:ti_sysbios_knl_Idle_funcList__A)
                  00011f2c    00000004     empty_pem4f.oem4f (.const:ti_sysbios_knl_Semaphore_A_badContext__C)
                  00011f30    00000004     empty_pem4f.oem4f (.const:ti_sysbios_knl_Semaphore_A_noEvents__C)
                  00011f34    00000004     empty_pem4f.oem4f (.const:ti_sysbios_knl_Semaphore_A_overflow__C)
                  00011f38    00000004     empty_pem4f.oem4f (.const:ti_sysbios_knl_Semaphore_A_pendTaskDisabled__C)
                  00011f3c    00000004     empty_pem4f.oem4f (.const:ti_sysbios_knl_Semaphore_Instance_State_pendQ__O)
                  00011f40    00000004     empty_pem4f.oem4f (.const:ti_sysbios_knl_Semaphore_Module__diagsEnabled__C)
                  00011f44    00000004     empty_pem4f.oem4f (.const:ti_sysbios_knl_Semaphore_Module__diagsIncluded__C)
                  00011f48    00000004     empty_pem4f.oem4f (.const:ti_sysbios_knl_Semaphore_Module__diagsMask__C)
                  00011f4c    00000004     empty_pem4f.oem4f (.const:ti_sysbios_knl_Swi_Object__count__C)
                  00011f50    00000004     empty_pem4f.oem4f (.const:ti_sysbios_knl_Task_A_badPriority__C)
                  00011f54    00000004     empty_pem4f.oem4f (.const:ti_sysbios_knl_Task_A_badTaskState__C)
                  00011f58    00000004     empty_pem4f.oem4f (.const:ti_sysbios_knl_Task_A_badThreadType__C)
                  00011f5c    00000004     empty_pem4f.oem4f (.const:ti_sysbios_knl_Task_A_badTimeout__C)
                  00011f60    00000004     empty_pem4f.oem4f (.const:ti_sysbios_knl_Task_A_noPendElem__C)
                  00011f64    00000004     empty_pem4f.oem4f (.const:ti_sysbios_knl_Task_A_sleepTaskDisabled__C)
                  00011f68    00000004     empty_pem4f.oem4f (.const:ti_sysbios_knl_Task_E_spOutOfBounds__C)
                  00011f6c    00000004     empty_pem4f.oem4f (.const:ti_sysbios_knl_Task_E_stackOverflow__C)
                  00011f70    00000004     empty_pem4f.oem4f (.const:ti_sysbios_knl_Task_Module_State_inactiveQ__O)
                  00011f74    00000004     empty_pem4f.oem4f (.const:ti_sysbios_knl_Task_Module__diagsEnabled__C)
                  00011f78    00000004     empty_pem4f.oem4f (.const:ti_sysbios_knl_Task_Module__diagsIncluded__C)
                  00011f7c    00000004     empty_pem4f.oem4f (.const:ti_sysbios_knl_Task_Module__diagsMask__C)
                  00011f80    00000004     empty_pem4f.oem4f (.const:ti_sysbios_knl_Task_Object__count__C)
                  00011f84    00000004     empty_pem4f.oem4f (.const:ti_sysbios_knl_Task_allBlockedFunc__C)
                  00011f88    00000004     empty_pem4f.oem4f (.const:ti_sysbios_knl_Task_defaultStackHeap__C)
                  00011f8c    00000004     empty_pem4f.oem4f (.const:ti_sysbios_knl_Task_defaultStackSize__C)
                  00011f90    00000004     empty_pem4f.oem4f (.const:ti_sysbios_knl_Task_numConstructedTasks__C)
                  00011f94    00000004     empty_pem4f.oem4f (.const:xdc_runtime_Assert_E_assertFailed__C)
                  00011f98    00000004     empty_pem4f.oem4f (.const:xdc_runtime_Core_A_initializedParams__C)
                  00011f9c    00000004     empty_pem4f.oem4f (.const:xdc_runtime_Core_Module__diagsEnabled__C)
                  00011fa0    00000004     empty_pem4f.oem4f (.const:xdc_runtime_Core_Module__diagsIncluded__C)
                  00011fa4    00000004     empty_pem4f.oem4f (.const:xdc_runtime_Core_Module__diagsMask__C)
                  00011fa8    00000004     empty_pem4f.oem4f (.const:xdc_runtime_Error_E_memory__C)
                  00011fac    00000004     empty_pem4f.oem4f (.const:xdc_runtime_Error_Module__diagsEnabled__C)
                  00011fb0    00000004     empty_pem4f.oem4f (.const:xdc_runtime_Error_Module__diagsIncluded__C)
                  00011fb4    00000004     empty_pem4f.oem4f (.const:xdc_runtime_Error_Module__diagsMask__C)
                  00011fb8    00000004     empty_pem4f.oem4f (.const:xdc_runtime_Error_Module__loggerFxn8__C)
                  00011fbc    00000004     empty_pem4f.oem4f (.const:xdc_runtime_Error_Module__loggerObj__C)
                  00011fc0    00000004     empty_pem4f.oem4f (.const:xdc_runtime_Error_policyFxn__C)
                  00011fc4    00000004     empty_pem4f.oem4f (.const:xdc_runtime_Error_raiseHook__C)
                  00011fc8    00000004     empty_pem4f.oem4f (.const:xdc_runtime_IGateProvider_Interface__BASE__C)
                  00011fcc    00000004     empty_pem4f.oem4f (.const:xdc_runtime_IHeap_Interface__BASE__C)
                  00011fd0    00000004     empty_pem4f.oem4f (.const:xdc_runtime_IModule_Interface__BASE__C)
                  00011fd4    00000004     empty_pem4f.oem4f (.const:xdc_runtime_Log_L_error__C)
                  00011fd8    00000004     empty_pem4f.oem4f (.const:xdc_runtime_Memory_defaultHeapInstance__C)
                  00011fdc    00000004     empty_pem4f.oem4f (.const:xdc_runtime_Startup_execImpl__C)
                  00011fe0    00000004     empty_pem4f.oem4f (.const:xdc_runtime_Startup_lastFxns__A)
                  00011fe4    00000004     empty_pem4f.oem4f (.const:xdc_runtime_Startup_maxPasses__C)
                  00011fe8    00000004     empty_pem4f.oem4f (.const:xdc_runtime_Startup_sfxnRts__C)
                  00011fec    00000004     empty_pem4f.oem4f (.const:xdc_runtime_Startup_sfxnTab__C)
                  00011ff0    00000004     empty_pem4f.oem4f (.const:xdc_runtime_SysMin_bufSize__C)
                  00011ff4    00000004     empty_pem4f.oem4f (.const:xdc_runtime_SysMin_outputFunc__C)
                  00011ff8    00000004     empty_pem4f.oem4f (.const:xdc_runtime_System_Module__gateObj__C)
                  00011ffc    00000004     empty_pem4f.oem4f (.const:xdc_runtime_System_abortFxn__C)
                  00012000    00000004     empty_pem4f.oem4f (.const:xdc_runtime_System_exitFxn__C)
                  00012004    00000004     empty_pem4f.oem4f (.const:xdc_runtime_System_extendFxn__C)
                  00012008    00000004     empty_pem4f.oem4f (.const:xdc_runtime_System_maxAtexitHandlers__C)
                  0001200c    00000004     empty_pem4f.oem4f (.const:xdc_runtime_Text_charTab__C)
                  00012010    00000004     empty_pem4f.oem4f (.const:xdc_runtime_Text_nameEmpty__C)
                  00012014    00000004     empty_pem4f.oem4f (.const:xdc_runtime_Text_nameStatic__C)
                  00012018    00000004     empty_pem4f.oem4f (.const:xdc_runtime_Text_nameUnknown__C)
                  0001201c    00000004     empty_pem4f.oem4f (.const:xdc_runtime_Text_nodeTab__C)
                  00012020    00000004     empty_pem4f.oem4f (.const:xdc_runtime_Text_visitRopeFxn__C)
                  00012024    00000002     empty_pem4f.oem4f (.const:ti_sysbios_gates_GateMutex_Module__id__C)
                  00012026    00000002     empty_pem4f.oem4f (.const:ti_sysbios_hal_Hwi_Module__id__C)
                  00012028    00000002     empty_pem4f.oem4f (.const:ti_sysbios_heaps_HeapMem_Module__id__C)
                  0001202a    00000002     empty_pem4f.oem4f (.const:ti_sysbios_knl_Clock_Module__id__C)
                  0001202c    00000002     empty_pem4f.oem4f (.const:ti_sysbios_knl_Semaphore_Module__id__C)
                  0001202e    00000002     empty_pem4f.oem4f (.const:ti_sysbios_knl_Task_Module__id__C)
                  00012030    00000002     empty_pem4f.oem4f (.const:xdc_runtime_Core_Module__id__C)
                  00012032    00000002     empty_pem4f.oem4f (.const:xdc_runtime_Error_Module__loggerDefined__C)
                  00012034    00000002     empty_pem4f.oem4f (.const:xdc_runtime_Error_maxDepth__C)
                  00012036    00000002     empty_pem4f.oem4f (.const:xdc_runtime_Memory_Module__id__C)
                  00012038    00000002     empty_pem4f.oem4f (.const:xdc_runtime_SysMin_flushAtExit__C)
                  0001203a    00000002     empty_pem4f.oem4f (.const:xdc_runtime_Text_charCnt__C)
                  0001203c    00000002     empty_pem4f.oem4f (.const:xdc_runtime_Text_isLoaded__C)
                  0001203e    00000002     empty_pem4f.oem4f (.const:xdc_runtime_Text_registryModsLastId__C)
                  00012040    00000002     empty_pem4f.oem4f (.const:xdc_runtime_Text_unnamedModsLastId__C)

.cinit     0    00012048    000002b8     
                  00012048    00000280     (.cinit..data.load) [load image, compression = lzss]
[...]
00011be4  ti_sysbios_family_arm_m3_Hwi_Object__DESC__C                         
00011c04  ti_sysbios_gates_GateHwi_Object__DESC__C                             
00011c24  ti_sysbios_gates_GateMutex_Object__DESC__C                           
00011c44  ti_sysbios_hal_Timer_Object__DESC__C                                 
00011c64  ti_sysbios_heaps_HeapMem_Object__DESC__C                             
00011c84  ti_sysbios_knl_Clock_Object__DESC__C                                 
00011ca4  ti_sysbios_knl_Queue_Object__DESC__C                                 
00011cc4  ti_sysbios_knl_Semaphore_Object__DESC__C                             
00011ce4  ti_sysbios_knl_Task_Object__DESC__C                                  
00011d04  I2CTiva_fxnTable                                                     
00011d20  g_pi32TouchParameters                                                
00011d3c  UART_config                                                          
00011d54  i2cTivaHWAttrs                                                       
00011d6c  ti_sysbios_gates_GateHwi_Object__PARAMS__C                           
00011d84  ti_sysbios_gates_GateMutex_Object__PARAMS__C                         
00011d9c  ti_sysbios_knl_Queue_Object__PARAMS__C                               
00011db4  uartTivaHWAttrs                                                      
00011dcc  xdc_runtime_Startup_sfxnRts__A                                       
00011de2  ti_sysbios_family_arm_lm4_Timer_supportsAltclk__C                    
00011de4  GPIOTiva_config                                                      
00011df8  xdc_runtime_Startup_firstFxns__A                                     
00011e0c  g_psDefaultCodePointMapTable                                         
00011e24  ti_sysbios_family_arm_m3_Hwi_excHookFuncs__A                         
00011e2c  ti_sysbios_knl_Idle_funcList__C                                      
00011e34  xdc_runtime_Startup_firstFxns__C                                     
00011e3c  xdc_runtime_Startup_lastFxns__C                                      
00011e4a  ti_sysbios_family_arm_m3_Hwi_Module__id__C                           
00011e4c  ti_catalog_arm_cortexm4_tiva_ce_Boot_A_mustNotUseEnhancedClockMode__C
00011e50  ti_catalog_arm_cortexm4_tiva_ce_Boot_Module__diagsEnabled__C         
00011e54  ti_catalog_arm_cortexm4_tiva_ce_Boot_Module__diagsIncluded__C        
00011e58  ti_catalog_arm_cortexm4_tiva_ce_Boot_Module__diagsMask__C            
00011e5c  ti_sysbios_family_arm_lm4_Timer_E_cannotSupport__C                   
00011e60  ti_sysbios_family_arm_lm4_Timer_E_invalidTimer__C                    
00011e64  ti_sysbios_family_arm_lm4_Timer_E_noaltclk__C                        
00011e68  ti_sysbios_family_arm_lm4_Timer_E_notAvailable__C                    
00011e6c  ti_sysbios_family_arm_lm4_Timer_anyMask__C                           
00011e70  ti_sysbios_family_arm_lm4_Timer_disableFunc__C                       
00011e74  ti_sysbios_family_arm_lm4_Timer_enableFunc__C                        
00011e78  ti_sysbios_family_arm_lm4_Timer_numTimerDevices__C                   
00011e7c  ti_sysbios_family_arm_lm4_Timer_startupNeeded__C                     
00011e80  ti_sysbios_family_arm_m3_Hwi_E_NMI__C                                
00011e84  ti_sysbios_family_arm_m3_Hwi_E_alreadyDefined__C                     
00011e88  ti_sysbios_family_arm_m3_Hwi_E_busFault__C                           
00011e8c  ti_sysbios_family_arm_m3_Hwi_E_debugMon__C                           
00011e90  ti_sysbios_family_arm_m3_Hwi_E_hardFault__C                          
00011e94  ti_sysbios_family_arm_m3_Hwi_E_memFault__C                           
00011e98  ti_sysbios_family_arm_m3_Hwi_E_noIsr__C                              
00011e9c  ti_sysbios_family_arm_m3_Hwi_E_reserved__C                           
00011ea0  ti_sysbios_family_arm_m3_Hwi_E_svCall__C                             
00011ea4  ti_sysbios_family_arm_m3_Hwi_E_usageFault__C                         
00011ea8  ti_sysbios_family_arm_m3_Hwi_NUM_INTERRUPTS__C                       
00011eac  ti_sysbios_family_arm_m3_Hwi_Object__count__C                        
00011eb0  ti_sysbios_family_arm_m3_Hwi_ccr__C                                  
00011eb4  ti_sysbios_family_arm_m3_Hwi_excHandlerFunc__C                       
00011eb8  ti_sysbios_family_arm_m3_Hwi_excHookFuncs__C                         
00011ebc  ti_sysbios_family_arm_m3_Hwi_nullIsrFunc__C                          
00011ec0  ti_sysbios_family_arm_m3_Hwi_priGroup__C                             
00011ec4  ti_sysbios_family_arm_m3_TaskSupport_stackAlignment__C               
00011ec8  ti_sysbios_gates_GateMutex_A_badContext__C                           
00011ecc  ti_sysbios_gates_GateMutex_Instance_State_sem__O                     
00011ed0  ti_sysbios_gates_GateMutex_Module__diagsEnabled__C                   
00011ed4  ti_sysbios_gates_GateMutex_Module__diagsIncluded__C                  
00011ed8  ti_sysbios_gates_GateMutex_Module__diagsMask__C                      
00011edc  ti_sysbios_hal_Hwi_E_stackOverflow__C                                
00011ee0  ti_sysbios_hal_SecondsClock_Module_State_clock__O                    
00011ee4  ti_sysbios_heaps_HeapMem_A_align__C                                  
00011ee8  ti_sysbios_heaps_HeapMem_A_heapSize__C                               
00011eec  ti_sysbios_heaps_HeapMem_A_invalidFree__C                            
00011ef0  ti_sysbios_heaps_HeapMem_A_zeroBlock__C                              
00011ef4  ti_sysbios_heaps_HeapMem_E_memory__C                                 
00011ef8  ti_sysbios_heaps_HeapMem_Module__diagsEnabled__C                     
00011efc  ti_sysbios_heaps_HeapMem_Module__diagsIncluded__C                    
00011f00  ti_sysbios_heaps_HeapMem_Module__diagsMask__C                        
00011f04  ti_sysbios_heaps_HeapMem_Module__gateObj__C                          
00011f08  ti_sysbios_heaps_HeapMem_Object__count__C                            
00011f0c  ti_sysbios_heaps_HeapMem_reqAlign__C                                 
00011f10  ti_sysbios_knl_Clock_A_badThreadType__C                              
00011f14  ti_sysbios_knl_Clock_Module_State_clockQ__O                          
00011f18  ti_sysbios_knl_Clock_Module__diagsEnabled__C                         
00011f1c  ti_sysbios_knl_Clock_Module__diagsIncluded__C                        
00011f20  ti_sysbios_knl_Clock_Module__diagsMask__C                            
00011f24  ti_sysbios_knl_Clock_tickPeriod__C                                   
00011f28  ti_sysbios_knl_Idle_funcList__A                                      
00011f2c  ti_sysbios_knl_Semaphore_A_badContext__C                             
00011f30  ti_sysbios_knl_Semaphore_A_noEvents__C                               
00011f34  ti_sysbios_knl_Semaphore_A_overflow__C                               
00011f38  ti_sysbios_knl_Semaphore_A_pendTaskDisabled__C                       
00011f3c  ti_sysbios_knl_Semaphore_Instance_State_pendQ__O                     
00011f40  ti_sysbios_knl_Semaphore_Module__diagsEnabled__C                     
00011f44  ti_sysbios_knl_Semaphore_Module__diagsIncluded__C                    
00011f48  ti_sysbios_knl_Semaphore_Module__diagsMask__C                        
00011f4c  ti_sysbios_knl_Swi_Object__count__C                                  
00011f50  ti_sysbios_knl_Task_A_badPriority__C                                 
00011f54  ti_sysbios_knl_Task_A_badTaskState__C                                
00011f58  ti_sysbios_knl_Task_A_badThreadType__C                               
00011f5c  ti_sysbios_knl_Task_A_badTimeout__C                                  
00011f60  ti_sysbios_knl_Task_A_noPendElem__C                                  
00011f64  ti_sysbios_knl_Task_A_sleepTaskDisabled__C                           
00011f68  ti_sysbios_knl_Task_E_spOutOfBounds__C                               
00011f6c  ti_sysbios_knl_Task_E_stackOverflow__C                               
00011f70  ti_sysbios_knl_Task_Module_State_inactiveQ__O                        
00011f74  ti_sysbios_knl_Task_Module__diagsEnabled__C                          
00011f78  ti_sysbios_knl_Task_Module__diagsIncluded__C                         
00011f7c  ti_sysbios_knl_Task_Module__diagsMask__C                             
00011f80  ti_sysbios_knl_Task_Object__count__C                                 
00011f84  ti_sysbios_knl_Task_allBlockedFunc__C                                
00011f88  ti_sysbios_knl_Task_defaultStackHeap__C                              
00011f8c  ti_sysbios_knl_Task_defaultStackSize__C                              
00011f90  ti_sysbios_knl_Task_numConstructedTasks__C                           
00011f94  xdc_runtime_Assert_E_assertFailed__C                                 
00011f98  xdc_runtime_Core_A_initializedParams__C                              
00011f9c  xdc_runtime_Core_Module__diagsEnabled__C                             
00011fa0  xdc_runtime_Core_Module__diagsIncluded__C                            
00011fa4  xdc_runtime_Core_Module__diagsMask__C                                
00011fa8  xdc_runtime_Error_E_memory__C                                        
00011fac  xdc_runtime_Error_Module__diagsEnabled__C                            
00011fb0  xdc_runtime_Error_Module__diagsIncluded__C                           
00011fb4  xdc_runtime_Error_Module__diagsMask__C                               
00011fb8  xdc_runtime_Error_Module__loggerFxn8__C                              
00011fbc  xdc_runtime_Error_Module__loggerObj__C                               
00011fc0  xdc_runtime_Error_policyFxn__C                                       
00011fc4  xdc_runtime_Error_raiseHook__C                                       
00011fc8  xdc_runtime_IGateProvider_Interface__BASE__C                         
00011fcc  xdc_runtime_IHeap_Interface__BASE__C                                 
00011fd0  xdc_runtime_IModule_Interface__BASE__C                               
00011fd4  xdc_runtime_Log_L_error__C                                           
00011fd8  xdc_runtime_Memory_defaultHeapInstance__C                            
00011fdc  xdc_runtime_Startup_execImpl__C                                      
00011fe0  xdc_runtime_Startup_lastFxns__A                                      
00011fe4  xdc_runtime_Startup_maxPasses__C                                     
00011fe8  xdc_runtime_Startup_sfxnRts__C                                       
00011fec  xdc_runtime_Startup_sfxnTab__C                                       
00011ff0  xdc_runtime_SysMin_bufSize__C                                        
00011ff4  xdc_runtime_SysMin_outputFunc__C                                     
00011ff8  xdc_runtime_System_Module__gateObj__C                                
00011ffc  xdc_runtime_System_abortFxn__C                                       
00012000  xdc_runtime_System_exitFxn__C                                        
00012004  xdc_runtime_System_extendFxn__C                                      
00012008  xdc_runtime_System_maxAtexitHandlers__C                              
0001200c  xdc_runtime_Text_charTab__C                                          
00012010  xdc_runtime_Text_nameEmpty__C                                        
00012014  xdc_runtime_Text_nameStatic__C                                       
00012018  xdc_runtime_Text_nameUnknown__C                                      
0001201c  xdc_runtime_Text_nodeTab__C                                          
00012020  xdc_runtime_Text_visitRopeFxn__C                                     
00012024  ti_sysbios_gates_GateMutex_Module__id__C                             
00012026  ti_sysbios_hal_Hwi_Module__id__C                                     
00012028  ti_sysbios_heaps_HeapMem_Module__id__C                               
0001202a  ti_sysbios_knl_Clock_Module__id__C                                   
0001202c  ti_sysbios_knl_Semaphore_Module__id__C                               
0001202e  ti_sysbios_knl_Task_Module__id__C                                    
00012030  xdc_runtime_Core_Module__id__C                                       
00012032  xdc_runtime_Error_Module__loggerDefined__C                           
00012034  xdc_runtime_Error_maxDepth__C                                        
00012036  xdc_runtime_Memory_Module__id__C                                     
00012038  xdc_runtime_SysMin_flushAtExit__C                                    
0001203a  xdc_runtime_Text_charCnt__C                                          
0001203c  xdc_runtime_Text_isLoaded__C                                         
0001203e  xdc_runtime_Text_registryModsLastId__C                               
00012040  xdc_runtime_Text_unnamedModsLastId__C                                
00012048  __TI_static_base__                                                   
000122c8  __TI_Handler_Table_Base                                              
000122d4  __TI_Handler_Table_Limit                                             
000122e8  __TI_CINIT_Base                                                      
00012300  __TI_CINIT_Limit                                                     
20000000  __start___llvm_prf_cnts                                              
20000000  __stop___llvm_prf_cnts                                               
20000000  ti_sysbios_family_arm_m3_Hwi_ramVectors                              
20000360  task0Stack                                                           
20000760  ti_sysbios_heaps_HeapMem_Instance_State_0_buf__A                     
20000b60  ti_sysbios_family_arm_m3_Hwi_dispatchTable                           
20000ec0  ti_sysbios_knl_Task_Instance_State_0_stack__A                        
20001200  __CIOBUF_                                                            
20001320  i2cTivaObjects                                                       
20001420  uartTivaObjects                                                      
2000157c  xdc_runtime_SysMin_Module_State_0_outbuf__A                          
200015fc  task0Struct                                                          
2000164c  sContext                                                             
20001698  tempc                                                                
200016b8  uartTivaRingBuffer                                                   
200016d8  datetime                                                             
20001708  parmbuf                                                              
20001710  g_pi32ParmSet                                                        
2000171c  timerclock                                                           
20001720  uart                                                                 
20001724  g_i16TouchX                                                          
20001726  g_i16TouchY                                                          
20001728  ti_sysbios_family_arm_lm4_Timer_Object__table__V                     
200017a8  ti_sysbios_knl_Swi_Module_State_0_readyQ__A                          
20001828  ti_sysbios_knl_Task_Module_State_0_readyQ__A                         
200018a8  g_sStartStopBttn                                                     
200018f8  ti_sysbios_knl_Task_Object__table__V                                 
20001944  ti_sysbios_family_arm_m3_Hwi_Object__table__V                        
2000198c  ti_sysbios_knl_Task_Module__state__V                                 
200019d0  g_sBackground                                                        
20001a10  ti_sysbios_family_arm_lm4_Timer_Module_State_0_device__A             
20001a50  ti_sysbios_hal_SecondsClock_Module__state__V                         
20001a8c  ti_sysbios_gates_GateMutex_Object__table__V                          
20001ac4  ti_sysbios_family_arm_m3_Hwi_Module__state__V                        
20001af8  ti_sysbios_knl_Swi_Object__table__V                                  
20001b28  g_sRoot                                                              
20001b55  motorStartStop                                                       
20001b56  ti_sysbios_family_arm_m3_Hwi_Module_State_0_excActive__A             
20001b58  ti_sysbios_knl_Clock_Module__state__V                                
20001b84  ti_sysbios_BIOS_Module__state__V                                     
20001ba8  ti_sysbios_family_arm_lm4_Timer_Module_State_0_handles__A            
20001bc8  ti_sysbios_knl_Swi_Module__state__V                                  
20001be4  ti_sysbios_heaps_HeapMem_Object__table__V                            
20001bfc  gpioPinConfigs                                                       
20001c0c  ti_sysbios_family_arm_lm4_Timer_Module__state__V                     
20001c18  xdc_runtime_SysMin_Module__state__V                                  
20001c24  _lock                                                                
20001c28  _unlock                                                              
20001c2c  gpioCallbackFunctions                                                
20001c34  ti_sysbios_family_arm_lm4_Timer_Module__root__V                      
20001c3c  ti_sysbios_family_arm_lm4_TimestampProvider_Module__state__V         
20001c44  ti_sysbios_family_arm_m3_Hwi_Module__root__V                         
20001c4c  ti_sysbios_gates_GateHwi_Module__root__V                             
20001c54  ti_sysbios_gates_GateMutex_Module__root__V                           
20001c5c  ti_sysbios_hal_Timer_Module__root__V                                 
20001c64  ti_sysbios_heaps_HeapMem_Module__root__V                             
20001c6c  ti_sysbios_knl_Clock_Module__root__V                                 
20001c74  ti_sysbios_knl_Queue_Module__root__V                                 
20001c7c  ti_sysbios_knl_Semaphore_Module__root__V                             
20001c84  ti_sysbios_knl_Task_Module__root__V                                  
20001c8c  xdc_runtime_Registry_Module__state__V                                
20001c94  xdc_runtime_Startup_Module__state__V                                 
20001c9c  xdc_runtime_System_Module_State_0_atexitHandlers__A                  
20001ca4  xdc_runtime_System_Module__state__V                                  
20001cb2  xdc_runtime_Error_Module__state__V                                   
20001cbc  errno                                                                
20001cc0  main_func_sp                                                         
20001cc4  ti_sysbios_family_arm_m3_Hwi_Module_State_0_excContext__A            
20001cc8  ti_sysbios_family_arm_m3_Hwi_Module_State_0_excStack__A              
20001ccc  ti_sysbios_gates_GateHwi_Object__table__V                            
20001cd0  ti_sysbios_knl_Task_Module_State_0_idleTask__A                       
20001cd4  g_i16TouchMin                                                        
20001cd8  xdc_runtime_Memory_Module__state__V                                  
20001ce0  __stack                                                              
20001fe0  __STACK_END                                                          
e000e000  ti_sysbios_family_arm_m3_Hwi_nvic                                    
ffffffff  __TI_pprof_out_hndl                                                  
ffffffff  __TI_prof_data_size                                                  
ffffffff  __TI_prof_data_start                                                 
ffffffff  __binit__                                                            
ffffffff  __c_args__                                                           
ffffffff  binit                                                                
UNDEFED   SHT$$INIT_ARRAY$$Base                                                
UNDEFED   SHT$$INIT_ARRAY$$Limit                                               

[803 symbols]
