******************************************************************************
                  TI ARM Linker PC v20.2.5                     
******************************************************************************
>> Linked Mon May 23 19:01:32 2022

OUTPUT FILE NAME:   <EGH456MotorProject.out>
ENTRY POINT SYMBOL: "_c_int00"  address: 0000bf19


MEMORY CONFIGURATION

         name            origin    length      used     unused   attr    fill
----------------------  --------  ---------  --------  --------  ----  --------
  FLASH                 00000000   00100000  00017e70  000e8190  R  X
  SRAM                  20000000   00040000  00005bb8  0003a448  RW X


SEGMENT ALLOCATION MAP

run origin  load origin   length   init length attrs members
----------  ----------- ---------- ----------- ----- -------
00000000    00000000    00017e80   00017e80    r-x
  00000000    00000000    0000003c   0000003c    r-- .resetVecs
  00000040    00000040    0000f42a   0000f42a    r-x .text
  0000f470    0000f470    00008482   00008482    r-- .const
  000178f8    000178f8    00000588   00000588    r-- .cinit
20000000    20000000    00000360   00000000    rw-
  20000000    20000000    00000360   00000000    rw- .vecs
20000400    20000400    00005860   00000000    rw-
  20000400    20000400    000045fc   00000000    rw- .bss
  20004a00    20004a00    00000e5c   00000000    rw- .data
  20005860    20005860    00000400   00000000    rw- .stack


SECTION ALLOCATION MAP

 output                                  attributes/
section   page    origin      length       input sections
--------  ----  ----------  ----------   ----------------
.text      0    00000040    0000f42a     
                  00000040    00000a4e     rtsv7M4_T_le_v4SPD16_eabi.lib : _printfi.c.obj (.text:__TI_printfi)
                  00000a8e    00000002                                   : _lock.c.obj (.text:_nop)
                  00000a90    000006ac     MotorLib.lib : motorlib.obj (.text)
                  0000113c    00000004     driverlib.lib : i2c.obj (.text:I2CMasterControl)
                  00001140    00000430     sysbios.aem4f : BIOS.obj (.text:ti_sysbios_family_arm_m3_Hwi_excDumpRegs__I)
                  00001570    0000039c     GlobalDraw.obj (.text:MotorPage)
                  0000190c    00000394     GlobalDraw.obj (.text:GraphPrimitive)
                  00001ca0    00000374     grlib.lib : image.obj (.text:InternalImageDraw)
                  00002014    0000034c     ti.targets.arm.rtsarm.aem4f : System.oem4f (.text:xdc_runtime_System_doPrint__I)
                  00002360    00000300     GlobalDraw.obj (.text:SensorPage)
                  00002660    000002f8     grlib.lib : image.obj (.text:PixelTransparentDraw)
                  00002958    000002c6               : slider.obj (.text:SliderPaint)
                  00002c1e    00000002     rtsv7M4_T_le_v4SPD16_eabi.lib : div0.asm.obj (.text)
                  00002c20    000002b0     Clock.obj (.text:timeConvert)
                  00002ed0    000002a4     sysbios.aem4f : BIOS.obj (.text:ti_sysbios_knl_Semaphore_pend__E)
                  00003174    000002a0     GlobalDraw.obj (.text:TopBarDraw)
                  00003414    00000270     rtsv7M4_T_le_v4SPD16_eabi.lib : _printfi.c.obj (.text:_pconv_a)
                  00003684    00000004     driverlib.lib : i2c.obj (.text:I2CMasterDataGet)
                  00003688    0000026c     sysbios.aem4f : BIOS.obj (.text:ti_sysbios_heaps_HeapMem_free__E)
                  000038f4    00000268     touch.obj (.text:TouchScreenDebouncer)
                  00003b5c    00000254     grlib.lib : string.obj (.text:GrFontGlyphRender)
                  00003db0    00000250     sysbios.aem4f : BIOS.obj (.text:ti_sysbios_heaps_HeapMem_alloc__E)
                  00004000    00000234                   : BIOS.obj (.text:ti_sysbios_knl_Task_Instance_finalize__E)
                  00004234    00000004     driverlib.lib : i2c.obj (.text:I2CMasterDataPut)
                  00004238    0000021c     sysbios.aem4f : BIOS.obj (.text:ti_sysbios_family_arm_lm4_Timer_Instance_init__E)
                  00004454    0000020c     drivers_tivaware.aem4f : UARTTiva.oem4f (.text:UARTTiva_open)
                  00004660    00000204     Boot.aem4f : Boot_sysctl.oem4f (.text:ti_catalog_arm_cortexm4_tiva_ce_Boot_sysCtlClockFreqSetI__I)
                  00004864    00000200     rtsv7M4_T_le_v4SPD16_eabi.lib : s_exp2.c.obj (.text:exp2)
                  00004a64    00000004     driverlib.lib : uart.obj (.text:UARTIntClear)
                  00004a68    000001f4     sysbios.aem4f : BIOS.obj (.text:ti_sysbios_family_arm_m3_Hwi_excHandlerMax__I)
                  00004c5c    000001e4     Kentec320x240x16_ssd2119_spi.obj (.text:Kentec320x240x16_SSD2119Init)
                  00004e40    000001e4     empty.obj (.text:main)
                  00005024    000001dc     Kentec320x240x16_ssd2119_spi.obj (.text:Kentec320x240x16_SSD2119PixelDrawMultiple)
                  00005200    000001d0     rtsv7M4_T_le_v4SPD16_eabi.lib : _printfi.c.obj (.text:_pconv_g)
                  000053d0    000001c8     sysbios.aem4f : BIOS.obj (.text:ti_sysbios_knl_Task_sleep__E)
                  00005598    000001c0                   : BIOS.obj (.text:ti_sysbios_knl_Task_Instance_init__E)
                  00005758    000001b6     rtsv7M4_T_le_v4SPD16_eabi.lib : fd_add_t2.asm.obj (.text)
                  0000590e    00000002     empty_pem4f.oem4f (.text:ti_sysbios_BIOS_nullFunc__I)
                  00005910    000001a4     pinout.obj (.text:PinoutSet)
                  00005ab4    00000004     grlib.lib : widget.obj (.text:WidgetDefaultMsgProc)
                  00005ab8    000001a0     sysbios.aem4f : BIOS.obj (.text:ti_sysbios_gates_GateMutexPri_enter__E)
                  00005c58    00000190     grlib.lib : canvas.obj (.text:CanvasPaint)
                  00005de8    0000017e               : pushbutton.obj (.text:RectangularButtonPaint)
                  00005f66    00000002     empty_pem4f.oem4f (.text:xdc_runtime_Startup_reset__I)
                  00005f68    00000178     touch.obj (.text:TouchScreenIntHandler)
                  000060e0    00000174     sysbios.aem4f : BIOS.obj (.text:ti_sysbios_family_arm_m3_Hwi_excBusFault__I)
                  00006254    00000170     drivers_tivaware.aem4f : PWMTiva.oem4f (.text:PWMTiva_open)
                  000063c4    00000004     rtsv7M4_T_le_v4SPD16_eabi.lib : exit.c.obj (.text:abort:abort)
                  000063c8    00000164     sysbios.aem4f : BIOS.obj (.text:ti_sysbios_family_arm_m3_Hwi_excUsageFault__I)
                  0000652c    00000150     drivers_tivaware.aem4f : GPIOTiva.oem4f (.text:GPIO_setConfig)
                  0000667c    00000004     empty_pem4f.oem4f (.text:ti_sysbios_BIOS_RtsGateProxy_enter__E)
                  00006680    00000148     sysbios.aem4f : BIOS.obj (.text:ti_sysbios_family_arm_m3_Hwi_excMemFault__I)
                  000067c8    0000013c     rtsv7M4_T_le_v4SPD16_eabi.lib : _printfi.c.obj (.text:_pconv_e)
                  00006904    00000004     empty_pem4f.oem4f (.text:ti_sysbios_BIOS_RtsGateProxy_leave__E)
                  00006908    0000013c     sysbios.aem4f : BIOS.obj (.text:ti_sysbios_heaps_HeapMem_Instance_init__E)
                  00006a44    00000136     rtsv7M4_T_le_v4SPD16_eabi.lib : fd_div_t2.asm.obj (.text)
                  00006b7a    00000006     driverlib.lib : gpio.obj (.text:GPIOIntClear)
                  00006b80    00000134     sysbios.aem4f : BIOS.obj (.text:ti_sysbios_knl_Task_setPri__E)
                  00006cb4    00000130     GlobalDraw.obj (.text:BannerInit)
                  00006de4    00000130     driverlib.lib : gpio.obj (.text:GPIOPadConfigSet)
                  00006f14    00000124     rtsv7M4_T_le_v4SPD16_eabi.lib : _printfi.c.obj (.text:fcvt)
                  00007038    00000118     empty.obj (.text:accelSensorFilterFxn)
                  00007150    00000118     ti.targets.arm.rtsarm.aem4f : Error.oem4f (.text:xdc_runtime_Error_policyDefault__E)
                  00007268    00000114     drivers_tivaware.aem4f : PWMTimerTiva.oem4f (.text:PWMTimerTiva_open)
                  0000737c    00000110     rtsv7M4_T_le_v4SPD16_eabi.lib : s_scalbn.c.obj (.text:scalbn)
                  0000748c    0000010c     Kentec320x240x16_ssd2119_spi.obj (.text:Kentec320x240x16_SSD2119RectFill)
                  00007598    0000010c     touch.obj (.text:TouchScreenInit)
                  000076a4    0000010c     empty.obj (.text:heartBeatFxn)
                  000077b0    00000108     sysbios.aem4f : BIOS.obj (.text:ti_sysbios_family_arm_lm4_Timer_start__E)
                  000078b8    00000108                   : BIOS.obj (.text:ti_sysbios_knl_Clock_Instance_init__E)
                  000079c0    00000106     grlib.lib : line.obj (.text:GrLineDraw)
                  00007ac6    00000002     --HOLE-- [fill = 0]
                  00007ac8    00000100     ti.targets.arm.rtsarm.aem4f : Core-mem.oem4f (.text:xdc_runtime_Core_createObject__I)
                  00007bc8    000000fc     rtsv7M4_T_le_v4SPD16_eabi.lib : fd_mul_t2.asm.obj (.text)
                  00007cc4    000000f8                                   : s_floor.c.obj (.text:floor)
                  00007dbc    000000f8     ti.targets.arm.rtsarm.aem4f : Startup.oem4f (.text:xdc_runtime_Startup_startMods__I)
                  00007eb4    000000f8     empty_pem4f.oem4f (.text:xdc_runtime_System_printfExtend__I)
                  00007fac    000000f4     GlobalDraw.obj (.text:graphSelectPage)
                  000080a0    000000f4     sysbios.aem4f : m3_Hwi_asm.obj (.text:ti_sysbios_family_arm_m3_Hwi_dispatch__I)
                  00008194    000000f2     grlib.lib : pushbutton.obj (.text:RectangularButtonClick)
                  00008286    000000f0     drivers_tivaware.aem4f : PWMTiva.oem4f (.text:PWMTiva_setDuty)
                  00008376    000000f0     bmi160.obj (.text:bmi160_init)
                  00008466    00000002     --HOLE-- [fill = 0]
                  00008468    000000f0     empty.obj (.text:readAccFxn)
                  00008558    000000ec     sysbios.aem4f : BIOS.obj (.text:ti_sysbios_knl_Semaphore_post__E)
                  00008644    000000e8     grlib.lib : widget.obj (.text:WidgetMessageQueueAdd)
                  0000872c    000000e0     drivers_tivaware.aem4f : I2CTiva.oem4f (.text:I2CTiva_open)
                  0000880c    000000d8     GlobalDraw.obj (.text:MainPage)
                  000088e4    000000d6     drivers_tivaware.aem4f : I2CTiva.oem4f (.text:I2CTiva_hwiFxn)
                  000089ba    000000d6     grlib.lib : slider.obj (.text:SliderClick)
                  00008a90    000000d4     sysbios.aem4f : BIOS.obj (.text:ti_sysbios_knl_Swi_Instance_init__E)
                  00008b64    000000cc     ti.targets.arm.rtsarm.aem4f : Core-smem.oem4f (.text:xdc_runtime_Core_constructObject__I)
                  00008c30    000000c8     empty.obj (.text:readOptFxn)
                  00008cf8    000000c0     grlib.lib : string.obj (.text:GrDefaultStringRenderer)
                  00008db8    000000bc     sysbios.aem4f : BIOS.obj (.text:ti_sysbios_family_arm_m3_Hwi_excDebugMon__I)
                  00008e74    00000004                   : BIOS.obj (.text:ti_sysbios_family_arm_lm4_Timer_masterEnable__I)
                  00008e78    000000bc                   : BIOS.obj (.text:ti_sysbios_family_arm_m3_Hwi_excHardFault__I)
                  00008f34    000000b8     EK_TM4C1294XL.obj (.text:EK_TM4C1294XL_initGeneral)
                  00008fec    000000b8     grlib.lib : line.obj (.text:GrLineClip)
                  000090a4    000000b8     Kentec320x240x16_ssd2119_spi.obj (.text:InitSPILCDInterface)
                  0000915c    000000b8     drivers_tivaware.aem4f : PWMTimerTiva.oem4f (.text:PWMTimerTiva_setDuty)
                  00009214    000000b4     grlib.lib : widget.obj (.text:WidgetMessageSendPostOrder)
                  000092c8    000000b4     sysbios.aem4f : BIOS.obj (.text:ti_sysbios_gates_GateMutex_enter__E)
                  0000937c    00000004     empty_pem4f.oem4f (.text:ti_sysbios_family_arm_m3_Hwi_delete)
                  00009380    000000b4     sysbios.aem4f : BIOS.obj (.text:ti_sysbios_knl_Task_checkStacks__E)
                  00009434    000000b1     rtsv7M4_T_le_v4SPD16_eabi.lib : _printfi.c.obj (.text:_ltostr)
                  000094e5    00000001     --HOLE-- [fill = 0]
                  000094e6    000000b0     grlib.lib : slider.obj (.text:SliderValueToPosition)
                  00009596    000000ac     drivers_tivaware.aem4f : UARTTiva.oem4f (.text:readTaskBlocking)
                  00009642    00000006     driverlib.lib : gpio.obj (.text:GPIOPinRead)
                  00009648    000000ac     sysbios.aem4f : BIOS.obj (.text:ti_sysbios_family_arm_lm4_Timer_enableTiva__I)
                  000096f4    00000004     empty_pem4f.oem4f (.text:ti_sysbios_family_arm_m3_Hwi_destruct)
                  000096f8    000000a4     sysbios.aem4f : BIOS.obj (.text:ti_sysbios_knl_Clock_Instance_finalize__E)
                  0000979c    000000a0     auto_init.aem4f : auto_init.oem4f (.text)
                  0000983c    000000a0     ti.targets.arm.rtsarm.aem4f : Text.oem4f (.text:xdc_runtime_Text_putMod__E)
                  000098dc    0000009c     EK_TM4C1294XL.obj (.text:EK_TM4C1294XL_initI2C)
                  00009978    0000009c     rtsv7M4_T_le_v4SPD16_eabi.lib : memcpy_t2.asm.obj (.text)
                  00009a14    00000004     empty_pem4f.oem4f (.text:ti_sysbios_family_arm_m3_TaskSupport_Module__startupDone__S)
                  00009a18    0000009c     sysbios.aem4f : BIOS.obj (.text:ti_sysbios_knl_Semaphore_Instance_init__E)
                  00009ab4    0000009a     ti.targets.arm.rtsarm.aem4f : Text.oem4f (.text:xdc_runtime_Text_putSite__E)
                  00009b4e    00000098     drivers_tivaware.aem4f : UARTTiva.oem4f (.text:UARTTiva_readPolling)
                  00009be6    00000002     --HOLE-- [fill = 0]
                  00009be8    00000098     Boot.aem4f : Boot.oem4f (.text:ti_catalog_arm_cortexm4_tiva_ce_Boot_sysCtlClockFreqSet__E)
                  00009c80    00000096     rtsv7M4_T_le_v4SPD16_eabi.lib : ull_div_t2.asm.obj (.text)
                  00009d16    00000094     drivers_tivaware.aem4f : UARTTiva.oem4f (.text:UARTTiva_write)
                  00009daa    00000006     driverlib.lib : gpio.obj (.text:GPIOPinWrite)
                  00009db0    00000094     sysbios.aem4f : BIOS.obj (.text:ti_sysbios_family_arm_m3_Hwi_Instance_init__E)
                  00009e44    00000004     empty_pem4f.oem4f (.text:ti_sysbios_hal_Timer_TimerProxy_delete)
                  00009e48    00000094     sysbios.aem4f : BIOS.obj (.text:ti_sysbios_family_arm_m3_Hwi_initNVIC__E)
                  00009edc    00000004     empty_pem4f.oem4f (.text:ti_sysbios_heaps_HeapMem_Module_GateProxy_enter__E)
                  00009ee0    00000094     sysbios.aem4f : BIOS.obj (.text:ti_sysbios_knl_Task_postInit__I)
                  00009f74    0000008c     drivers_tivaware.aem4f : GPIOTiva.oem4f (.text:GPIO_init)
                  0000a000    0000008c                            : UARTTiva.oem4f (.text:UARTTiva_control)
                  0000a08c    0000008c     sysbios.aem4f : m3_TaskSupport_asm.obj (.text:ti_sysbios_family_arm_m3_TaskSupport_buildTaskStack)
                  0000a118    0000008c                   : BIOS.obj (.text:ti_sysbios_hal_SecondsClock_Module_startup__E)
                  0000a1a4    0000008a     drivers_tivaware.aem4f : UARTTiva.oem4f (.text:readIsrTextBlocking)
                  0000a22e    00000002     --HOLE-- [fill = 0]
                  0000a230    00000088                            : PWMTiva.oem4f (.text:PWMTiva_control)
                  0000a2b8    00000086     grlib.lib : rectangle.obj (.text:GrRectFill)
                  0000a33e    00000086     rtsv7M4_T_le_v4SPD16_eabi.lib : fd_cmp_t2.asm.obj (.text:__aeabi_cdcmple)
                  0000a3c4    00000086                                   : fd_cmp_t2.asm.obj (.text:__aeabi_cdrcmple)
                  0000a44a    00000084     GraphFunctions.obj (.text:ArrayUpdate)
                  0000a4ce    00000002     --HOLE-- [fill = 0]
                  0000a4d0    00000084     sysbios.aem4f : BIOS.obj (.text:ti_sysbios_family_arm_m3_Hwi_postInit__I)
                  0000a554    00000082     opt3001.obj (.text:opt3001_init)
                  0000a5d6    00000082     drivers_tivaware.aem4f : UARTTiva.oem4f (.text:readIsrTextCallback)
                  0000a658    00000080     grlib.lib : rectangle.obj (.text:GrRectIntersectGet)
                  0000a6d8    0000007e     drivers_tivaware.aem4f : I2CTiva.oem4f (.text:I2CTiva_transfer)
                  0000a756    00000002     --HOLE-- [fill = 0]
                  0000a758    0000007c     GlobalDraw.obj (.text:GraphPage)
                  0000a7d4    00000004     empty_pem4f.oem4f (.text:ti_sysbios_heaps_HeapMem_Module_GateProxy_leave__E)
                  0000a7d8    0000007c     sysbios.aem4f : BIOS.obj (.text:ti_sysbios_family_arm_lm4_Timer_disableTiva__I)
                  0000a854    0000007a     driverlib.lib : adc.obj (.text:ADCSequenceStepConfigure)
                  0000a8ce    0000007a     drivers_tivaware.aem4f : UARTTiva.oem4f (.text:readTaskCallback)
                  0000a948    0000007a     rtsv7M4_T_le_v4SPD16_eabi.lib : memset_t2.asm.obj (.text)
                  0000a9c2    00000002     --HOLE-- [fill = 0]
                  0000a9c4    00000074     GlobalDraw.obj (.text:InitScreen)
                  0000aa38    00000074     sysbios.aem4f : BIOS.obj (.text:ti_sysbios_knl_Clock_start__E)
                  0000aaac    00000070     empty.obj (.text:lightSensorFilterFxn)
                  0000ab1c    00000070     opt3001.obj (.text:opt3001_convert)
                  0000ab8c    00000070     opt3001.obj (.text:opt3001_read)
                  0000abfc    00000004     empty_pem4f.oem4f (.text:ti_sysbios_knl_Clock_TimerProxy_getFreq__E)
                  0000ac00    00000070     sysbios.aem4f : BIOS.obj (.text:ti_sysbios_knl_Clock_workFunc__E)
                  0000ac70    00000070                   : BIOS.obj (.text:ti_sysbios_knl_Task_exit__E)
                  0000ace0    0000006e     rtsv7M4_T_le_v4SPD16_eabi.lib : _printfi.c.obj (.text:_mcpy)
                  0000ad4e    0000006e                                   : fd_tos_t2.asm.obj (.text)
                  0000adbc    0000006d     ti.targets.arm.rtsarm.aem4f : System.oem4f (.text:xdc_runtime_System_formatNum__I)
                  0000ae29    00000003     --HOLE-- [fill = 0]
                  0000ae2c    0000006c     GraphFunctions.obj (.text:CalcAvg)
                  0000ae98    0000006c     drivers_tivaware.aem4f : PWMTimerTiva.oem4f (.text:PWMTimerTiva_control)
                  0000af04    0000006c     empty_pem4f.oem4f (.text:ti_sysbios_family_arm_lm4_Timer_Object__create__S)
                  0000af70    0000006c     sysbios.aem4f : BIOS.obj (.text:ti_sysbios_gates_GateMutexPri_leave__E)
                  0000afdc    00000004     empty_pem4f.oem4f (.text:ti_sysbios_knl_Clock_TimerProxy_getMaxTicks__E)
                  0000afe0    0000006c     sysbios.aem4f : BIOS.obj (.text:ti_sysbios_knl_Swi_restoreHwi__E)
                  0000b04c    0000006c     drivers_tivaware.aem4f : UARTTiva.oem4f (.text:writeData)
                  0000b0b8    0000006c     ti.targets.arm.rtsarm.aem4f : Error.oem4f (.text:xdc_runtime_Error_print__E)
                  0000b124    0000006c                                 : Memory.oem4f (.text:xdc_runtime_Memory_alloc__E)
                  0000b190    0000006a     drivers_tivaware.aem4f : PWMTiva.oem4f (.text:PWMTiva_close)
                  0000b1fa    00000002     --HOLE-- [fill = 0]
                  0000b1fc    00000068     GlobalDraw.obj (.text:BackMainMotorPage)
                  0000b264    00000068     grlib.lib : context.obj (.text:GrContextInit)
                  0000b2cc    00000068               : string.obj (.text:GrStringWidthGet)
                  0000b334    00000068     driverlib.lib : interrupt.obj (.text:IntEnable)
                  0000b39c    00000068     Kentec320x240x16_ssd2119_spi.obj (.text:Kentec320x240x16_SSD2119LineDrawH)
                  0000b404    00000068     Kentec320x240x16_ssd2119_spi.obj (.text:Kentec320x240x16_SSD2119LineDrawV)
                  0000b46c    00000068     rtsv7M4_T_le_v4SPD16_eabi.lib : copy_decompress_lzss.c.obj (.text:decompress:lzss:__TI_decompress_lzss)
                  0000b4d4    00000066     grlib.lib : context.obj (.text:GrContextClipRegionSet)
                  0000b53a    00000066               : rectangle.obj (.text:GrRectDraw)
                  0000b5a0    00000066     ti.targets.arm.rtsarm.aem4f : Core-mem.oem4f (.text:xdc_runtime_Core_deleteObject__I)
                  0000b606    00000002     --HOLE-- [fill = 0]
                  0000b608    00000064     drivers_tivaware.aem4f : GPIOTiva.oem4f (.text:GPIO_hwiIntFxn)
                  0000b66c    00000064     grlib.lib : widget.obj (.text:WidgetMessageQueueProcess)
                  0000b6d0    00000064     rtsv7M4_T_le_v4SPD16_eabi.lib : s_frexp.c.obj (.text:frexp)
                  0000b734    00000004     empty_pem4f.oem4f (.text:ti_sysbios_knl_Clock_TimerProxy_getPeriod__E)
                  0000b738    00000064     sysbios.aem4f : BIOS.obj (.text:ti_sysbios_family_arm_lm4_Timer_Module_startup__E)
                  0000b79c    00000064     empty_pem4f.oem4f (.text:ti_sysbios_family_arm_m3_Hwi_create)
                  0000b800    00000064     sysbios.aem4f : BIOS.obj (.text:ti_sysbios_family_arm_m3_Hwi_dispatchC__I)
                  0000b864    00000064     empty_pem4f.oem4f (.text:ti_sysbios_hal_Timer_create)
                  0000b8c8    00000064     Clock.obj (.text:timer1sec)
                  0000b92c    00000062     drivers_tivaware.aem4f : I2CTiva.oem4f (.text:I2CTiva_primeTransfer)
                  0000b98e    00000002     --HOLE-- [fill = 0]
                  0000b990    00000060     driverlib.lib : timer.obj (.text:TimerConfigure)
                  0000b9f0    00000060     Kentec320x240x16_ssd2119_spi.obj (.text:WriteDataSPI)
                  0000ba50    00000060     sysbios.aem4f : BIOS.obj (.text:ti_sysbios_knl_Task_schedule__I)
                  0000bab0    0000005e     grlib.lib : widget.obj (.text:WidgetMessageSendPreOrder)
                  0000bb0e    0000005e     bmi160.obj (.text:bmi160_getAccel)
                  0000bb6c    0000005e     drivers_tivaware.aem4f : UARTTiva.oem4f (.text:readIsrBinaryBlocking)
                  0000bbca    00000002     --HOLE-- [fill = 0]
                  0000bbcc    0000005c     Kentec320x240x16_ssd2119_spi.obj (.text:WriteCommandSPI)
                  0000bc28    0000005c     empty_pem4f.oem4f (.text:ti_sysbios_knl_Swi_create)
                  0000bc84    00000004     empty_pem4f.oem4f (.text:ti_sysbios_knl_Clock_destruct)
                  0000bc88    0000005c     sysbios.aem4f : BIOS.obj (.text:ti_sysbios_knl_Swi_run__I)
                  0000bce4    00000004     empty_pem4f.oem4f (.text:ti_sysbios_knl_Queue_destruct)
                  0000bce8    0000005c     sysbios.aem4f : BIOS.obj (.text:ti_sysbios_knl_Swi_schedule__I)
                  0000bd44    00000004     empty_pem4f.oem4f (.text:ti_sysbios_knl_Semaphore_destruct)
                  0000bd48    0000005c     sysbios.aem4f : BIOS.obj (.text:ti_sysbios_knl_Task_Module_startup__E)
                  0000bda4    00000004     ti.targets.arm.rtsarm.aem4f : Error.oem4f (.text:xdc_runtime_Error_getSite__E)
                  0000bda8    0000005c     sysbios.aem4f : BIOS.obj (.text:ti_sysbios_knl_Task_startCore__E)
                  0000be04    0000005c     i2cDriver.obj (.text:writeI2C)
                  0000be60    0000005b     ti.targets.arm.rtsarm.aem4f : Text.oem4f (.text:xdc_runtime_Text_putLab__E)
                  0000bebb    00000001     --HOLE-- [fill = 0]
                  0000bebc    0000005a     grlib.lib : string.obj (.text:FontWideGlyphDataGet)
                  0000bf16    00000002     --HOLE-- [fill = 0]
                  0000bf18    00000058     boot.aem4f : boot.oem4f (.text)
                  0000bf70    00000058     rtsv7M4_T_le_v4SPD16_eabi.lib : hostwrite.c.obj (.text:HOSTwrite)
                  0000bfc8    00000058     grlib.lib : slider.obj (.text:SliderPositionToValue)
                  0000c020    00000058     driverlib.lib : timer.obj (.text:TimerControlTrigger)
                  0000c078    00000058     sysbios.aem4f : BIOS.obj (.text:ti_sysbios_family_arm_lm4_Timer_Instance_finalize__E)
                  0000c0d0    00000058     empty_pem4f.oem4f (.text:ti_sysbios_family_arm_m3_Hwi_construct)
                  0000c128    00000058     sysbios.aem4f : m3_Hwi_asm_switch.obj (.text:ti_sysbios_family_arm_m3_Hwi_initStacks__E)
                  0000c180    00000056     driverlib.lib : gpio.obj (.text:GPIOIntTypeSet)
                  0000c1d6    00000056     rtsv7M4_T_le_v4SPD16_eabi.lib : _printfi.c.obj (.text:_pconv_f)
                  0000c22c    00000054                                   : _ltoa.c.obj (.text:__TI_ltoa)
                  0000c280    00000054     empty.obj (.text:i2c_Open)
                  0000c2d4    00000054     drivers_tivaware.aem4f : UARTTiva.oem4f (.text:readIsrBinaryCallback)
                  0000c328    00000054     sysbios.aem4f : BIOS.obj (.text:ti_sysbios_family_arm_lm4_Timer_initDevice__I)
                  0000c37c    00000004     empty_pem4f.oem4f (.text:xdc_runtime_System_Module_GateProxy_enter__E)
                  0000c380    00000054     sysbios.aem4f : BIOS.obj (.text:ti_sysbios_knl_Swi_Instance_finalize__E)
                  0000c3d4    00000054     empty_pem4f.oem4f (.text:ti_sysbios_knl_Task_construct)
                  0000c428    00000054     ti.targets.arm.rtsarm.aem4f : Assert.oem4f (.text:xdc_runtime_Assert_raise__I)
                  0000c47c    00000052     rtsv7M4_T_le_v4SPD16_eabi.lib : _printfi.c.obj (.text:_ecpy)
                  0000c4ce    00000002     --HOLE-- [fill = 0]
                  0000c4d0    00000050     drivers_tivaware.aem4f : GPIOTiva.oem4f (.text:GPIO_setCallback)
                  0000c520    00000050                            : GPIOTiva.oem4f (.text:GPIO_toggle)
                  0000c570    00000050                            : GPIOTiva.oem4f (.text:GPIO_write)
                  0000c5c0    00000050                            : UARTTiva.oem4f (.text:UARTTiva_writeCancel)
                  0000c610    00000050     Boot.aem4f : Boot_sysctl.oem4f (.text:_SysCtlFrequencyGet)
                  0000c660    00000050     sysbios.aem4f : BIOS.obj (.text:ti_sysbios_family_arm_m3_Hwi_Module_startup__E)
                  0000c6b0    00000050     ti.targets.arm.rtsarm.aem4f : Startup.oem4f (.text:xdc_runtime_Startup_exec__E)
                  0000c700    00000050                                 : Text.oem4f (.text:xdc_runtime_Text_visitRope2__I)
                  0000c750    0000004c     drivers_tivaware.aem4f : UARTTiva.oem4f (.text:UARTTiva_close)
                  0000c79c    0000004c     grlib.lib : widget.obj (.text:WidgetRemove)
                  0000c7e8    0000004c     rtsv7M4_T_le_v4SPD16_eabi.lib : atoi.c.obj (.text:atoi)
                  0000c834    0000004c                                   : cpy_tbl.c.obj (.text:copy_in)
                  0000c880    0000004c     i2cDriver.obj (.text:readI2C)
                  0000c8cc    00000004     empty_pem4f.oem4f (.text:xdc_runtime_System_Module_GateProxy_leave__E)
                  0000c8d0    0000004c     sysbios.aem4f : BIOS.obj (.text:ti_sysbios_family_arm_lm4_Timer_setAvailMask__E)
                  0000c91c    00000004     ti.targets.arm.rtsarm.aem4f : System.oem4f (.text:xdc_runtime_System_aprintf_va__F)
                  0000c920    0000004c     sysbios.aem4f : BIOS.obj (.text:ti_sysbios_heaps_HeapMem_getStats__E)
                  0000c96c    00000004     ti.targets.arm.rtsarm.aem4f : System.oem4f (.text:xdc_runtime_System_printf_va__F)
                  0000c970    0000004c     sysbios.aem4f : BIOS.obj (.text:ti_sysbios_knl_Swi_runLoop__I)
                  0000c9bc    00000004     --HOLE-- [fill = 0]
                  0000c9c0    0000004c                   : BIOS.obj (.text:ti_sysbios_knl_Task_allBlockedFunction__I)
                  0000ca0c    00000004     --HOLE-- [fill = 0]
                  0000ca10    0000004c                   : BIOS.obj (.text:ti_sysbios_knl_Task_block__E)
                  0000ca5c    0000004a     drivers_tivaware.aem4f : PWMTimerTiva.oem4f (.text:PWMTimerTiva_close)
                  0000caa6    0000004a     grlib.lib : string.obj (.text:UpdateContextCharMapping)
                  0000caf0    00000048     driverlib.lib : gpio.obj (.text:GPIOPinConfigure)
                  0000cb38    00000048                   : i2c.obj (.text:I2CMasterInitExpClk)
                  0000cb80    00000048     rtsv7M4_T_le_v4SPD16_eabi.lib : fd_toi_t2.asm.obj (.text)
                  0000cbc8    00000048     sysbios.aem4f : BIOS.obj (.text:ti_sysbios_family_arm_lm4_Timer_enableTimers__I)
                  0000cc10    00000048                   : BIOS.obj (.text:ti_sysbios_family_arm_m3_Hwi_disableInterrupt__E)
                  0000cc58    00000048                   : BIOS.obj (.text:ti_sysbios_family_arm_m3_Hwi_enableInterrupt__E)
                  0000cca0    00000048                   : BIOS.obj (.text:ti_sysbios_family_arm_m3_Hwi_excReserved__I)
                  0000cce8    00000048                   : BIOS.obj (.text:ti_sysbios_hal_SecondsClock_increment__I)
                  0000cd30    00000048                   : BIOS.obj (.text:ti_sysbios_knl_Mailbox_Module_startup__E)
                  0000cd78    00000046     grlib.lib : line.obj (.text:GrLineDrawH)
                  0000cdbe    00000046               : line.obj (.text:GrLineDrawV)
                  0000ce04    00000046     Kentec320x240x16_ssd2119_spi.obj (.text:Kentec320x240x16_SSD2119PixelDraw)
                  0000ce4a    00000046     drivers_tivaware.aem4f : RingBuf.oem4f (.text:RingBuf_put)
                  0000ce90    00000046     UARTLocal.obj (.text:initUART)
                  0000ced6    00000046     ti.targets.arm.rtsarm.aem4f : Core-params.oem4f (.text:xdc_runtime_Core_assignParams__I)
                  0000cf1c    00000004     --HOLE-- [fill = 0]
                  0000cf20    00000044     sysbios.aem4f : BIOS.obj (.text:ti_sysbios_family_arm_lm4_Timer_isrStub__E)
                  0000cf64    00000004     --HOLE-- [fill = 0]
                  0000cf68    00000044                   : BIOS.obj (.text:ti_sysbios_family_arm_m3_Hwi_getStackInfo__E)
                  0000cfac    00000004     --HOLE-- [fill = 0]
                  0000cfb0    00000044                   : BIOS.obj (.text:ti_sysbios_knl_Mailbox_postInit__I)
                  0000cff4    00000004     --HOLE-- [fill = 0]
                  0000cff8    00000044                   : BIOS.obj (.text:ti_sysbios_knl_Swi_post__E)
                  0000d03c    00000044     ti.targets.arm.rtsarm.aem4f : Error.oem4f (.text:xdc_runtime_Error_setX__E)
                  0000d080    00000044                                 : SysMin.oem4f (.text:xdc_runtime_SysMin_flush__E)
                  0000d0c4    00000044                                 : Text.oem4f (.text:xdc_runtime_Text_xprintf__I)
                  0000d108    00000042     driverlib.lib : uart.obj (.text:UARTConfigSetExpClk)
                  0000d14a    00000042     drivers_tivaware.aem4f : UARTTiva.oem4f (.text:UARTTiva_hwiIntFxn)
                  0000d18c    00000042                            : UARTTiva.oem4f (.text:UARTTiva_writePolling)
                  0000d1ce    00000040                            : RingBuf.oem4f (.text:RingBuf_get)
                  0000d20e    00000040                            : UARTTiva.oem4f (.text:UARTTiva_read)
                  0000d24e    00000040     rtsv7M4_T_le_v4SPD16_eabi.lib : u_divt2.asm.obj (.text)
                  0000d28e    00000002     --HOLE-- [fill = 0]
                  0000d290    00000040                                   : sprintf.c.obj (.text:sprintf)
                  0000d2d0    00000040     sysbios.aem4f : BIOS.obj (.text:ti_sysbios_family_arm_lm4_Timer_startup__E)
                  0000d310    00000040                   : BIOS.obj (.text:ti_sysbios_hal_SecondsClock_getTime__E)
                  0000d350    0000003e     driverlib.lib : adc.obj (.text:ADCSequenceConfigure)
                  0000d38e    0000003e     rtsv7M4_T_le_v4SPD16_eabi.lib : _printfi.c.obj (.text:_fcpy)
                  0000d3cc    0000003c     GraphFunctions.obj (.text:CalcNoRemainder)
                  0000d408    0000003c     driverlib.lib : ssi.obj (.text:SSIConfigSetExpClk)
                  0000d444    00000004     --HOLE-- [fill = 0]
                  0000d448    0000003c     sysbios.aem4f : BIOS.obj (.text:ti_sysbios_family_arm_m3_Hwi_excSvCall__I)
                  0000d484    00000004     --HOLE-- [fill = 0]
                  0000d488    0000003c                   : BIOS.obj (.text:ti_sysbios_heaps_HeapMem_init__I)
                  0000d4c4    00000004     --HOLE-- [fill = 0]
                  0000d4c8    0000003c                   : BIOS.obj (.text:ti_sysbios_knl_Swi_restore__E)
                  0000d504    0000003a     grlib.lib : string.obj (.text:FontGlyphDataGet)
                  0000d53e    0000003a     drivers_tivaware.aem4f : I2CTiva.oem4f (.text:I2CTiva_completeTransfer)
                  0000d578    00000038     grlib.lib : rectangle.obj (.text:GrRectOverlapCheck)
                  0000d5b0    00000038     drivers_tivaware.aem4f : I2C.oem4f (.text:I2C_init)
                  0000d5e8    00000038                            : PWM.oem4f (.text:PWM_init)
                  0000d620    00000038     GlobalDraw.obj (.text:RemoveGraphSelect)
                  0000d658    00000038     driverlib.lib : sysctl.obj (.text:SysCtlPeripheralReady)
                  0000d690    00000038     drivers_tivaware.aem4f : UART.oem4f (.text:UART_init)
                  0000d6c8    00000038     rtsv7M4_T_le_v4SPD16_eabi.lib : trgmsg.c.obj (.text:__TI_writemsg)
                  0000d700    00000038                                   : fs_tod_t2.asm.obj (.text)
                  0000d738    00000038     sysbios.aem4f : BIOS.obj (.text:ti_sysbios_family_arm_m3_Hwi_excNoIsr__I)
                  0000d770    00000038                   : BIOS.obj (.text:ti_sysbios_knl_Task_processVitalTaskFlag__I)
                  0000d7a8    00000038     ti.targets.arm.rtsarm.aem4f : SysMin.oem4f (.text:xdc_runtime_SysMin_putch__E)
                  0000d7e0    00000038                                 : System.oem4f (.text:xdc_runtime_System_atexit__E)
                  0000d818    00000036     grlib.lib : line.obj (.text:GrClipCodeGet)
                  0000d84e    00000036     drivers_tivaware.aem4f : I2CTiva.oem4f (.text:I2CTiva_close)
                  0000d884    00000036                            : UARTTiva.oem4f (.text:UARTTiva_readCancel)
                  0000d8ba    00000002     --HOLE-- [fill = 0]
                  0000d8bc    00000034     driverlib.lib : sysctl.obj (.text:SysCtlPeripheralEnable)
                  0000d8f0    00000034     rtsv7M4_T_le_v4SPD16_eabi.lib : trgmsg.c.obj (.text:__TI_readmsg)
                  0000d924    00000034     bmi160.obj (.text:bmi160_readConvert)
                  0000d958    00000034     sysbios.aem4f : BIOS.obj (.text:ti_sysbios_family_arm_lm4_Timer_setPeriodMicroSecs__E)
                  0000d98c    00000004     --HOLE-- [fill = 0]
                  0000d990    00000034                   : BIOS.obj (.text:ti_sysbios_family_arm_m3_Hwi_Instance_finalize__E)
                  0000d9c4    00000004     --HOLE-- [fill = 0]
                  0000d9c8    00000034                   : BIOS.obj (.text:ti_sysbios_family_arm_m3_Hwi_excNmi__I)
                  0000d9fc    00000004     --HOLE-- [fill = 0]
                  0000da00    00000034                   : BIOS.obj (.text:ti_sysbios_hal_Hwi_checkStack)
                  0000da34    00000034     empty_pem4f.oem4f (.text:ti_sysbios_knl_Clock_construct)
                  0000da68    00000034     ti.targets.arm.rtsarm.aem4f : Core-label.oem4f (.text:xdc_runtime_Core_assignLabel__I)
                  0000da9c    00000033                                 : Text.oem4f (.text:xdc_runtime_Text_printVisFxn__I)
                  0000dacf    00000001     --HOLE-- [fill = 0]
                  0000dad0    00000032     sysbios.aem4f : BIOS.obj (.text:ti_sysbios_hal_Hwi_initStack)
                  0000db02    00000002     --HOLE-- [fill = 0]
                  0000db04    00000030     drivers_tivaware.aem4f : I2C.oem4f (.text:I2C_open)
                  0000db34    00000030                            : PWMTiva.oem4f (.text:PWMTiva_init)
                  0000db64    00000030                            : PWM.oem4f (.text:PWM_open)
                  0000db94    00000030                            : UART.oem4f (.text:UART_open)
                  0000dbc4    00000030     empty_pem4f.oem4f (.text:ti_sysbios_BIOS_atExitFunc__I)
                  0000dbf4    00000004     --HOLE-- [fill = 0]
                  0000dbf8    00000030     sysbios.aem4f : BIOS.obj (.text:ti_sysbios_family_arm_lm4_Timer_stop__E)
                  0000dc28    00000030                   : BIOS.obj (.text:ti_sysbios_family_arm_m3_TaskSupport_start__E)
                  0000dc58    00000030     empty_pem4f.oem4f (.text:ti_sysbios_gates_GateHwi_Object__create__S)
                  0000dc88    00000030     empty_pem4f.oem4f (.text:ti_sysbios_gates_GateMutexPri_Object__create__S)
                  0000dcb8    00000030     empty_pem4f.oem4f (.text:ti_sysbios_gates_GateMutexPri_create)
                  0000dce8    00000030     empty_pem4f.oem4f (.text:ti_sysbios_gates_GateMutex_Object__create__S)
                  0000dd18    00000030     empty_pem4f.oem4f (.text:ti_sysbios_heaps_HeapMem_Object__create__S)
                  0000dd48    00000030     empty_pem4f.oem4f (.text:ti_sysbios_knl_Semaphore_construct)
                  0000dd78    00000030     sysbios.aem4f : BIOS.obj (.text:ti_sysbios_knl_Semaphore_pendTimeout__I)
                  0000dda8    00000030                   : BIOS.obj (.text:ti_sysbios_knl_Task_unblockI__E)
                  0000ddd8    00000030     ti.targets.arm.rtsarm.aem4f : SysMin.oem4f (.text:xdc_runtime_SysMin_abort__E)
                  0000de08    00000030                                 : System.oem4f (.text:xdc_runtime_System_processAtExit__E)
                  0000de38    0000002e     grlib.lib : string.obj (.text:GrStringNextCharGet)
                  0000de66    0000002e     rtsv7M4_T_le_v4SPD16_eabi.lib : i_tofd_t2.asm.obj (.text)
                  0000de94    0000002c     EK_TM4C1294XL.obj (.text:EK_TM4C1294XL_initUART)
                  0000dec0    0000002c     grlib.lib : string.obj (.text:GrFontBaselineGet)
                  0000deec    0000002c               : string.obj (.text:GrFontHeightGet)
                  0000df18    0000002c               : pushbutton.obj (.text:RectangularButtonMsgProc)
                  0000df44    0000002c               : slider.obj (.text:SliderMsgProc)
                  0000df70    0000002c               : widget.obj (.text:WidgetIsInTree)
                  0000df9c    0000002c     empty_pem4f.oem4f (.text:ti_sysbios_knl_Clock_doTick__I)
                  0000dfc8    0000002c     empty_pem4f.oem4f (.text:ti_sysbios_knl_Queue_construct)
                  0000dff4    00000004     --HOLE-- [fill = 0]
                  0000dff8    0000002c     sysbios.aem4f : BIOS.obj (.text:ti_sysbios_knl_Task_restore__E)
                  0000e024    0000002c     ti.targets.arm.rtsarm.aem4f : Text.oem4f (.text:xdc_runtime_Text_cordText__E)
                  0000e050    0000002a     driverlib.lib : gpio.obj (.text:GPIODirModeSet)
                  0000e07a    0000002a     bmi160.obj (.text:bmi160_delay)
                  0000e0a4    0000002a     ti.targets.arm.rtsarm.aem4f : System.oem4f (.text:xdc_runtime_System_putchar__I)
                  0000e0ce    00000028     Kentec320x240x16_ssd2119_spi.obj (.text:Kentec320x240x16_SSD2119ColorTranslate)
                  0000e0f6    00000002     --HOLE-- [fill = 0]
                  0000e0f8    00000028     sysbios.aem4f : BIOS.obj (.text:ti_sysbios_hal_Timer_Instance_init__E)
                  0000e120    00000028                   : BIOS.obj (.text:ti_sysbios_knl_Clock_addI__E)
                  0000e148    00000028                   : BIOS.obj (.text:ti_sysbios_knl_Swi_Module_startup__E)
                  0000e170    00000026     grlib.lib : string.obj (.text:GrFontInfoGet)
                  0000e196    00000026     sysbios.aem4f : m3_Hwi_asm.obj (.text:ti_sysbios_family_arm_m3_Hwi_pendSV__I)
                  0000e1bc    00000026     ti.targets.arm.rtsarm.aem4f : System.oem4f (.text:xdc_runtime_System_avprintf__E)
                  0000e1e2    00000002     --HOLE-- [fill = 0]
                  0000e1e4    00000024     GlobalDraw.obj (.text:BackGraphSelect)
                  0000e208    00000024     GlobalDraw.obj (.text:BackMainGraph)
                  0000e22c    00000024     GlobalDraw.obj (.text:RemoveMainPage)
                  0000e250    00000024     GlobalDraw.obj (.text:backMainSensor)
                  0000e274    00000024     GlobalDraw.obj (.text:removeSensorPage)
                  0000e298    00000024     empty_pem4f.oem4f (.text:ti_sysbios_BIOS_errorRaiseHook__I)
                  0000e2bc    00000024     empty_pem4f.oem4f (.text:ti_sysbios_BIOS_registerRTSLock__I)
                  0000e2e0    00000024     empty_pem4f.oem4f (.text:ti_sysbios_BIOS_removeRTSLock__I)
                  0000e304    00000024     empty_pem4f.oem4f (.text:ti_sysbios_BIOS_startFunc__I)
                  0000e328    00000024     empty_pem4f.oem4f (.text:ti_sysbios_gates_GateMutexPri_Object__delete__S)
                  0000e34c    00000024     empty_pem4f.oem4f (.text:ti_sysbios_gates_GateMutex_Object__delete__S)
                  0000e370    00000024     sysbios.aem4f : BIOS.obj (.text:ti_sysbios_knl_Clock_Module_startup__E)
                  0000e394    00000004     --HOLE-- [fill = 0]
                  0000e398    00000024                   : BIOS.obj (.text:ti_sysbios_knl_Task_restoreHwi__E)
                  0000e3bc    00000024     ti.targets.arm.rtsarm.aem4f : System.oem4f (.text:xdc_runtime_System_vprintf__E)
                  0000e3e0    00000022     grlib.lib : string.obj (.text:GrFontGlyphDataGet)
                  0000e402    00000022     driverlib.lib : pwm.obj (.text:PWMGenConfigure)
                  0000e424    00000022     drivers_tivaware.aem4f : PWMTiva.oem4f (.text:PWMTiva_getPeriodCounts)
                  0000e446    00000002     --HOLE-- [fill = 0]
                  0000e448    00000022     sysbios.aem4f : BIOS.obj (.text:ti_sysbios_family_arm_lm4_Timer_write__I)
                  0000e46a    00000022     empty_pem4f.oem4f (.text:xdc_runtime_SysMin_output__I)
                  0000e48c    00000020     Boot.aem4f : Boot_sysctl.oem4f (.text:_SysCtlMemTimingGet)
                  0000e4ac    00000020     rtsv7M4_T_le_v4SPD16_eabi.lib : u_tofd_t2.asm.obj (.text)
                  0000e4cc    00000020     empty_pem4f.oem4f (.text:ti_sysbios_BIOS_rtsLock__I)
                  0000e4ec    00000020     empty_pem4f.oem4f (.text:ti_sysbios_family_arm_lm4_Timer_Object__delete__S)
                  0000e50c    00000004     --HOLE-- [fill = 0]
                  0000e510    00000020     sysbios.aem4f : BIOS.obj (.text:ti_sysbios_family_arm_lm4_Timer_getFreq__E)
                  0000e530    00000020     empty_pem4f.oem4f (.text:ti_sysbios_family_arm_m3_Hwi_Object__delete__S)
                  0000e550    00000020     sysbios.aem4f : m3_Hwi_asm.obj (.text:ti_sysbios_family_arm_m3_Hwi_excHandlerAsm__I)
                  0000e570    00000020                   : BIOS.obj (.text:ti_sysbios_family_arm_m3_Hwi_excHandler__I)
                  0000e590    00000020     empty_pem4f.oem4f (.text:ti_sysbios_gates_GateHwi_Object__delete__S)
                  0000e5b0    00000020     empty_pem4f.oem4f (.text:ti_sysbios_heaps_HeapMem_Object__delete__S)
                  0000e5d0    00000020     empty_pem4f.oem4f (.text:ti_sysbios_knl_Clock_Object__destruct__S)
                  0000e5f0    00000020     sysbios.aem4f : BIOS.obj (.text:ti_sysbios_knl_Idle_run__E)
                  0000e610    00000020     empty_pem4f.oem4f (.text:ti_sysbios_knl_Semaphore_Object__destruct__S)
                  0000e630    00000020     ti.targets.arm.rtsarm.aem4f : Registry.oem4f (.text:xdc_runtime_Registry_findById__E)
                  0000e650    00000020                                 : SysMin.oem4f (.text:xdc_runtime_SysMin_Module_startup__E)
                  0000e670    0000001e     grlib.lib : string.obj (.text:GrFontCodepageGet)
                  0000e68e    0000001e     driverlib.lib : pwm.obj (.text:PWMPulseWidthSet)
                  0000e6ac    0000001e     drivers_tivaware.aem4f : PWMTiva.oem4f (.text:PWMTiva_getPeriodMicroSecs)
                  0000e6ca    0000001e     grlib.lib : widget.obj (.text:WidgetAdd)
                  0000e6e8    0000001e     sysbios.aem4f : m3_Hwi_asm_switch.obj (.text:ti_sysbios_family_xxx_Hwi_switchAndRunFunc)
                  0000e706    0000001e     Clock.obj (.text:updatetime)
                  0000e724    0000001c     driverlib.lib : uart.obj (.text:UARTDisable)
                  0000e740    0000001c     grlib.lib : widget.obj (.text:WidgetPointerMessage)
                  0000e75c    0000001c     drivers_tivaware.aem4f : GPIOTiva.oem4f (.text:getGpioIntIndex)
                  0000e778    0000001c     rtsv7M4_T_le_v4SPD16_eabi.lib : memccpy.c.obj (.text:memccpy)
                  0000e794    0000001c     empty_pem4f.oem4f (.text:ti_sysbios_family_arm_m3_Hwi_Object__destruct__S)
                  0000e7b0    0000001c     sysbios.aem4f : BIOS.obj (.text:ti_sysbios_gates_GateMutexPri_Instance_init__E)
                  0000e7cc    00000004     --HOLE-- [fill = 0]
                  0000e7d0    0000001c                   : BIOS.obj (.text:ti_sysbios_gates_GateMutex_Instance_init__E)
                  0000e7ec    0000001c     empty_pem4f.oem4f (.text:ti_sysbios_hal_Timer_TimerProxy_create)
                  0000e808    0000001c     empty_pem4f.oem4f (.text:ti_sysbios_knl_Queue_Object__destruct__S)
                  0000e824    00000004     --HOLE-- [fill = 0]
                  0000e828    0000001c     sysbios.aem4f : BIOS.obj (.text:ti_sysbios_knl_Queue_put__E)
                  0000e844    00000004     --HOLE-- [fill = 0]
                  0000e848    0000001c                   : BIOS.obj (.text:ti_sysbios_knl_Task_enter__I)
                  0000e864    0000001c     ti.targets.arm.rtsarm.aem4f : Error.oem4f (.text:xdc_runtime_Error_raiseX__E)
                  0000e880    0000001c                                 : Memory.oem4f (.text:xdc_runtime_Memory_valloc__E)
                  0000e89c    0000001c                                 : SysMin.oem4f (.text:xdc_runtime_SysMin_exit__E)
                  0000e8b8    0000001c                                 : System.oem4f (.text:xdc_runtime_System_abort__E)
                  0000e8d4    0000001a     rtsv7M4_T_le_v4SPD16_eabi.lib : s_copysign.c.obj (.text:copysign)
                  0000e8ee    0000001a     empty_pem4f.oem4f (.text:ti_sysbios_family_arm_m3_Hwi_Handle__label__S)
                  0000e908    0000001a     empty_pem4f.oem4f (.text:ti_sysbios_gates_GateHwi_Handle__label__S)
                  0000e922    0000001a     empty_pem4f.oem4f (.text:ti_sysbios_gates_GateMutexPri_Handle__label__S)
                  0000e93c    0000001a     empty_pem4f.oem4f (.text:ti_sysbios_gates_GateMutex_Handle__label__S)
                  0000e956    0000001a     empty_pem4f.oem4f (.text:ti_sysbios_heaps_HeapMem_Handle__label__S)
                  0000e970    0000001a     empty_pem4f.oem4f (.text:ti_sysbios_knl_Swi_Handle__label__S)
                  0000e98a    0000001a     empty_pem4f.oem4f (.text:ti_sysbios_knl_Task_Handle__label__S)
                  0000e9a4    0000001a     empty_pem4f.oem4f (.text:xdc_runtime_System_aprintf__E)
                  0000e9be    0000001a     empty_pem4f.oem4f (.text:xdc_runtime_System_printf__E)
                  0000e9d8    00000018     driverlib.lib : gpio.obj (.text:GPIOPinTypeGPIOOutput)
                  0000e9f0    00000018                   : timer.obj (.text:TimerControlLevel)
                  0000ea08    00000018     drivers_tivaware.aem4f : UART.oem4f (.text:UART_Params_init)
                  0000ea20    00000018     rtsv7M4_T_le_v4SPD16_eabi.lib : args_main.c.obj (.text:_args_main)
                  0000ea38    00000018                                   : sprintf.c.obj (.text:_outs)
                  0000ea50    00000018     empty_pem4f.oem4f (.text:ti_sysbios_BIOS_rtsUnlock__I)
                  0000ea68    00000018     empty_pem4f.oem4f (.text:ti_sysbios_family_arm_lm4_Timer_Module__startupDone__F)
                  0000ea80    00000018     empty_pem4f.oem4f (.text:ti_sysbios_family_arm_m3_Hwi_Module__startupDone__F)
                  0000ea98    00000018     sysbios.aem4f : m3_TaskSupport_asm.obj (.text:ti_sysbios_family_arm_m3_TaskSupport_swap__E)
                  0000eab0    00000018                   : BIOS.obj (.text:ti_sysbios_gates_GateMutex_leave__E)
                  0000eac8    00000018     empty_pem4f.oem4f (.text:ti_sysbios_knl_Clock_Module__startupDone__F)
                  0000eae0    00000018     sysbios.aem4f : BIOS.obj (.text:ti_sysbios_knl_Task_sleepTimeout__I)
                  0000eaf8    00000018     ti.targets.arm.rtsarm.aem4f : Error.oem4f (.text:xdc_runtime_Error_check__E)
                  0000eb10    00000018                                 : System.oem4f (.text:xdc_runtime_System_exit__E)
                  0000eb28    00000018                                 : Text.oem4f (.text:xdc_runtime_Text_ropeText__E)
                  0000eb40    00000016     grlib.lib : string.obj (.text:GrStringDraw)
                  0000eb56    00000016     driverlib.lib : i2c.obj (.text:I2CMasterErr)
                  0000eb6c    00000016     empty.obj (.text:MotorInit)
                  0000eb82    00000016     rtsv7M4_T_le_v4SPD16_eabi.lib : strchr.c.obj (.text:strchr)
                  0000eb98    00000016     empty_pem4f.oem4f (.text:ti_sysbios_BIOS_exitFunc__I)
                  0000ebae    00000016     GlobalDraw.obj (.text:ti_sysbios_gates_GateMutexPri_Params_init)
                  0000ebc4    00000016     Clock.obj (.text:ti_sysbios_hal_Timer_Params_init)
                  0000ebda    00000016     empty.obj (.text:ti_sysbios_knl_Swi_Params_init)
                  0000ebf0    00000016     empty.obj (.text:ti_sysbios_knl_Task_Params_init)
                  0000ec06    00000014     grlib.lib : canvas.obj (.text:CanvasMsgProc)
                  0000ec1a    00000002     --HOLE-- [fill = 0]
                  0000ec1c    00000014     Kentec320x240x16_ssd2119_spi.obj (.text:LED_OFF)
                  0000ec30    00000014     Kentec320x240x16_ssd2119_spi.obj (.text:LED_ON)
                  0000ec44    00000014     driverlib.lib : pwm.obj (.text:PWMClockSet)
                  0000ec58    00000014                   : sysctl.obj (.text:SysCtlPWMClockSet)
                  0000ec6c    00000014                   : timer.obj (.text:TimerDisable)
                  0000ec80    00000014     touch.obj (.text:TouchScreenCallbackSet)
                  0000ec94    00000014     driverlib.lib : uart.obj (.text:UARTEnable)
                  0000eca8    00000014     grlib.lib : widget.obj (.text:WidgetMutexGet)
                  0000ecbc    00000014     rtsv7M4_T_le_v4SPD16_eabi.lib : strlen.c.obj (.text:strlen)
                  0000ecd0    00000014     empty_pem4f.oem4f (.text:ti_sysbios_family_arm_m3_Hwi_Object__get__S)
                  0000ece4    00000004     --HOLE-- [fill = 0]
                  0000ece8    00000014     sysbios.aem4f : BIOS.obj (.text:ti_sysbios_family_arm_m3_Hwi_switchFromBootStack__E)
                  0000ecfc    00000014     empty_pem4f.oem4f (.text:ti_sysbios_heaps_HeapMem_Object__get__S)
                  0000ed10    00000014     empty_pem4f.oem4f (.text:ti_sysbios_knl_Swi_Object__get__S)
                  0000ed24    00000012     driverlib.lib : gpio.obj (.text:GPIOPinTypeEthernetLED)
                  0000ed36    00000012                   : gpio.obj (.text:GPIOPinTypeGPIOInput)
                  0000ed48    00000012                   : gpio.obj (.text:GPIOPinTypeI2C)
                  0000ed5a    00000012                   : gpio.obj (.text:GPIOPinTypeI2CSCL)
                  0000ed6c    00000012                   : gpio.obj (.text:GPIOPinTypePWM)
                  0000ed7e    00000012                   : gpio.obj (.text:GPIOPinTypeSSI)
                  0000ed90    00000012                   : gpio.obj (.text:GPIOPinTypeTimer)
                  0000eda2    00000012                   : gpio.obj (.text:GPIOPinTypeUART)
                  0000edb4    00000012                   : gpio.obj (.text:GPIOPinTypeUSBAnalog)
                  0000edc6    00000012                   : gpio.obj (.text:GPIOPinTypeUSBDigital)
                  0000edd8    00000012                   : pwm.obj (.text:PWMGenPeriodGet)
                  0000edea    00000012                   : pwm.obj (.text:PWMOutputInvert)
                  0000edfc    00000012                   : pwm.obj (.text:PWMOutputState)
                  0000ee0e    00000012     drivers_tivaware.aem4f : RingBuf.oem4f (.text:RingBuf_construct)
                  0000ee20    00000012     driverlib.lib : ssi.obj (.text:SSIDataGetNonBlocking)
                  0000ee32    00000012                   : timer.obj (.text:TimerLoadSet)
                  0000ee44    00000012                   : timer.obj (.text:TimerMatchSet)
                  0000ee56    00000012                   : timer.obj (.text:TimerPrescaleMatchSet)
                  0000ee68    00000012                   : timer.obj (.text:TimerPrescaleSet)
                  0000ee7a    00000006     grlib.lib : string.obj (.text:GrContextFontSet)
                  0000ee80    00000012     sysbios.aem4f : BIOS.obj (.text:ti_sysbios_hal_Hwi_Module_startup__E)
                  0000ee92    00000006     driverlib.lib : i2c.obj (.text:I2CMasterIntDisable)
                  0000ee98    00000012     sysbios.aem4f : BIOS.obj (.text:ti_sysbios_hal_Timer_Module_startup__E)
                  0000eeaa    00000012     rtsv7M4_T_le_v4SPD16_eabi.lib : wcslen.c.obj (.text:wcslen)
                  0000eebc    00000012     empty_pem4f.oem4f (.text:xdc_runtime_Startup_exec__I)
                  0000eece    00000002     --HOLE-- [fill = 0]
                  0000eed0    00000010     empty_pem4f.oem4f (.text:.bootCodeSection:ti_catalog_arm_cortexm4_tiva_ce_Boot_init__I)
                  0000eee0    00000010     driverlib.lib : adc.obj (.text:ADCIntEnable)
                  0000eef0    00000010                   : fpu.obj (.text:FPUEnable)
                  0000ef00    00000010                   : fpu.obj (.text:FPULazyStackingEnable)
                  0000ef10    00000010     drivers_tivaware.aem4f : I2C.oem4f (.text:I2C_Params_init)
                  0000ef20    00000010     driverlib.lib : pwm.obj (.text:PWMGenPeriodSet)
                  0000ef30    00000010     drivers_tivaware.aem4f : PWM.oem4f (.text:PWM_Params_init)
                  0000ef40    00000010     GlobalDraw.obj (.text:RemoveGraph)
                  0000ef50    00000010     drivers_tivaware.aem4f : UARTTiva.oem4f (.text:readBlockingTimeout)
                  0000ef60    00000010     sysbios.aem4f : BIOS.obj (.text:ti_sysbios_BIOS_getCpuFreq__E)
                  0000ef70    00000010                   : BIOS.obj (.text:ti_sysbios_BIOS_setThreadType__E)
                  0000ef80    00000010                   : BIOS.obj (.text:ti_sysbios_BIOS_start__E)
                  0000ef90    00000010                   : BIOS.obj (.text:ti_sysbios_family_arm_lm4_TimestampProvider_rolloverFunc__E)
                  0000efa0    00000010                   : m3_TaskSupport_asm.obj (.text:ti_sysbios_family_arm_m3_TaskSupport_glue)
                  0000efb0    00000010                   : BIOS.obj (.text:ti_sysbios_gates_GateMutexPri_Instance_finalize__E)
                  0000efc0    00000010                   : BIOS.obj (.text:ti_sysbios_gates_GateMutex_Instance_finalize__E)
                  0000efd0    00000010     empty_pem4f.oem4f (.text:ti_sysbios_hal_Timer_TimerProxy_Object__create__S)
                  0000efe0    00000010     empty_pem4f.oem4f (.text:ti_sysbios_knl_Mailbox_Object__get__S)
                  0000eff0    00000010     sysbios.aem4f : BIOS.obj (.text:ti_sysbios_knl_Semaphore_Instance_finalize__E)
                  0000f000    00000010                   : BIOS.obj (.text:ti_sysbios_knl_Swi_disable__E)
                  0000f010    00000010     empty_pem4f.oem4f (.text:ti_sysbios_knl_Task_Object__get__S)
                  0000f020    00000010     sysbios.aem4f : BIOS.obj (.text:ti_sysbios_knl_Task_disable__E)
                  0000f030    00000010     driverlib.lib : udma.obj (.text:uDMAEnable)
                  0000f040    00000010     ti.targets.arm.rtsarm.aem4f : Gate.oem4f (.text:xdc_runtime_Gate_leaveSystem__E)
                  0000f050    00000010                                 : Memory.oem4f (.text:xdc_runtime_Memory_free__E)
                  0000f060    00000010                                 : SysMin.oem4f (.text:xdc_runtime_SysMin_ready__E)
                  0000f070    00000010                                 : System.oem4f (.text:xdc_runtime_System_vsnprintf__E)
                  0000f080    00000010     empty_pem4f.oem4f (.text:xdc_runtime_Text_visitRope__I)
                  0000f090    0000000e     driverlib.lib : adc.obj (.text:ADCSequenceEnable)
                  0000f09e    0000000e                   : gpio.obj (.text:GPIOIntStatus)
                  0000f0ac    0000000e     grlib.lib : image.obj (.text:GrImageDraw)
                  0000f0ba    0000000e     driverlib.lib : timer.obj (.text:TimerEnable)
                  0000f0c8    0000000e                   : uart.obj (.text:UARTCharGetNonBlocking)
                  0000f0d6    0000000e                   : uart.obj (.text:UARTCharPutNonBlocking)
                  0000f0e4    0000000e     rtsv7M4_T_le_v4SPD16_eabi.lib : copy_decompress_none.c.obj (.text:decompress:none:__TI_decompress_none)
                  0000f0f2    00000006     driverlib.lib : i2c.obj (.text:I2CMasterIntEnable)
                  0000f0f8    0000000e     sysbios.aem4f : BIOS.obj (.text:ti_sysbios_knl_Idle_loop__E)
                  0000f106    00000002     --HOLE-- [fill = 0]
                  0000f108    0000000e                   : BIOS.obj (.text:ti_sysbios_knl_Queue_empty__E)
                  0000f116    0000000c     driverlib.lib : pwm.obj (.text:PWMGenDisable)
                  0000f122    0000000c                   : pwm.obj (.text:PWMGenEnable)
                  0000f12e    0000000c     drivers_tivaware.aem4f : RingBuf.oem4f (.text:RingBuf_peek)
                  0000f13a    0000000c     empty.obj (.text:TouchCheckTask)
                  0000f146    0000000c     driverlib.lib : uart.obj (.text:UARTFlowControlSet)
                  0000f152    0000000c     drivers_tivaware.aem4f : UARTTiva.oem4f (.text:UARTTiva_init)
                  0000f15e    00000002     --HOLE-- [fill = 0]
                  0000f160    0000000c     rtsv7M4_T_le_v4SPD16_eabi.lib : _lock.c.obj (.text:_register_lock)
                  0000f16c    0000000c                                   : _lock.c.obj (.text:_register_unlock)
                  0000f178    0000000c     GlobalDraw.obj (.text:btntest)
                  0000f184    0000000c     rtsv7M4_T_le_v4SPD16_eabi.lib : copy_zero_init.c.obj (.text:decompress:ZI:__TI_zero_init)
                  0000f190    0000000c     sysbios.aem4f : BIOS.obj (.text:ti_sysbios_family_arm_lm4_Timer_getAvailMask__E)
                  0000f19c    00000004     --HOLE-- [fill = 0]
                  0000f1a0    0000000c                   : BIOS.obj (.text:ti_sysbios_family_arm_lm4_Timer_getMaxTicks__E)
                  0000f1ac    00000004     --HOLE-- [fill = 0]
                  0000f1b0    0000000c                   : BIOS.obj (.text:ti_sysbios_family_arm_lm4_TimestampProvider_startTimer__E)
                  0000f1bc    0000000c     empty_pem4f.oem4f (.text:ti_sysbios_family_arm_m3_Hwi_Params__init__S)
                  0000f1c8    0000000c     sysbios.aem4f : BIOS.obj (.text:ti_sysbios_family_arm_m3_Hwi_disableFxn__E)
                  0000f1d4    00000004     --HOLE-- [fill = 0]
                  0000f1d8    0000000c                   : BIOS.obj (.text:ti_sysbios_family_arm_m3_TaskSupport_checkStack__E)
                  0000f1e4    00000004     --HOLE-- [fill = 0]
                  0000f1e8    0000000c                   : BIOS.obj (.text:ti_sysbios_family_arm_m3_TaskSupport_getStackAlignment__E)
                  0000f1f4    00000004     --HOLE-- [fill = 0]
                  0000f1f8    0000000c                   : BIOS.obj (.text:ti_sysbios_gates_GateHwi_enter__E)
                  0000f204    0000000c     empty_pem4f.oem4f (.text:ti_sysbios_gates_GateMutexPri_Params__init__S)
                  0000f210    0000000c     sysbios.aem4f : BIOS.obj (.text:ti_sysbios_hal_SecondsClock_set__E)
                  0000f21c    0000000c     empty_pem4f.oem4f (.text:ti_sysbios_hal_Timer_Params__init__S)
                  0000f228    0000000c     empty_pem4f.oem4f (.text:ti_sysbios_knl_Clock_Params__init__S)
                  0000f234    0000000c     empty_pem4f.oem4f (.text:ti_sysbios_knl_Queue_Object__get__S)
                  0000f240    0000000c     empty_pem4f.oem4f (.text:ti_sysbios_knl_Semaphore_Params__init__S)
                  0000f24c    0000000c     empty_pem4f.oem4f (.text:ti_sysbios_knl_Swi_Params__init__S)
                  0000f258    0000000c     empty_pem4f.oem4f (.text:ti_sysbios_knl_Task_Params__init__S)
                  0000f264    0000000c     driverlib.lib : udma.obj (.text:uDMAControlBaseSet)
                  0000f270    0000000c     ti.targets.arm.rtsarm.aem4f : Error.oem4f (.text:xdc_runtime_Error_init__E)
                  0000f27c    0000000c                                 : Gate.oem4f (.text:xdc_runtime_Gate_enterSystem__E)
                  0000f288    0000000c                                 : Memory.oem4f (.text:xdc_runtime_Memory_calloc__E)
                  0000f294    0000000c                                 : Memory.oem4f (.text:xdc_runtime_Memory_getMaxDefaultTypeAlign__E)
                  0000f2a0    0000000a     driverlib.lib : i2c.obj (.text:I2CMasterDisable)
                  0000f2aa    0000000a                   : i2c.obj (.text:I2CMasterEnable)
                  0000f2b4    0000000a     drivers_tivaware.aem4f : I2CTiva.oem4f (.text:I2CTiva_init)
                  0000f2be    0000000a                            : I2C.oem4f (.text:I2C_transfer)
                  0000f2c8    0000000a     Kentec320x240x16_ssd2119_spi.obj (.text:Kentec320x240x16_SSD2119Flush)
                  0000f2d2    0000000a     drivers_tivaware.aem4f : PWMTimerTiva.oem4f (.text:PWMTimerTiva_getPeriodCounts)
                  0000f2dc    0000000a                            : PWM.oem4f (.text:PWM_setDuty)
                  0000f2e6    0000000a     driverlib.lib : ssi.obj (.text:SSIDataPut)
                  0000f2f0    0000000a                   : ssi.obj (.text:SSIEnable)
                  0000f2fa    0000000a                   : uart.obj (.text:UARTCharGet)
                  0000f304    0000000a                   : uart.obj (.text:UARTCharPut)
                  0000f30e    0000000a                   : uart.obj (.text:UARTIntDisable)
                  0000f318    0000000a                   : uart.obj (.text:UARTIntStatus)
                  0000f322    0000000a     rtsv7M4_T_le_v4SPD16_eabi.lib : sprintf.c.obj (.text:_outc)
                  0000f32c    00000004     --HOLE-- [fill = 0]
                  0000f330    0000000a     sysbios.aem4f : BIOS.obj (.text:ti_sysbios_hal_Timer_Instance_finalize__E)
                  0000f33a    0000000a     empty_pem4f.oem4f (.text:xdc_runtime_IHeap_alloc)
                  0000f344    0000000a     empty_pem4f.oem4f (.text:xdc_runtime_IHeap_free)
                  0000f34e    00000008     EK_TM4C1294XL.obj (.text:EK_TM4C1294XL_initGPIO)
                  0000f356    00000008     grlib.lib : charmap.obj (.text:GrMapISO8859_1_Unicode)
                  0000f35e    00000008     driverlib.lib : i2c.obj (.text:I2CMasterIntClear)
                  0000f366    00000008                   : i2c.obj (.text:I2CMasterSlaveAddrSet)
                  0000f36e    00000008     drivers_tivaware.aem4f : I2CTiva.oem4f (.text:I2CTiva_blockingCallback)
                  0000f376    00000008                            : PWMTimerTiva.oem4f (.text:PWMTimerTiva_init)
                  0000f37e    00000008     driverlib.lib : ssi.obj (.text:SSIBusy)
                  0000f386    00000008                   : uart.obj (.text:UARTIntEnable)
                  0000f38e    00000008                   : uart.obj (.text:UARTRxErrorGet)
                  0000f396    00000002     --HOLE-- [fill = 0]
                  0000f398    00000008     rtsv7M4_T_le_v4SPD16_eabi.lib : errno.c.obj (.text:__aeabi_errno_addr)
                  0000f3a0    00000008     drivers_tivaware.aem4f : UARTTiva.oem4f (.text:readSemCallback)
                  0000f3a8    00000008     sysbios.aem4f : BIOS.obj (.text:ti_sysbios_family_arm_lm4_Timer_masterDisable__I)
                  0000f3b0    00000008                   : BIOS.obj (.text:ti_sysbios_family_arm_m3_Hwi_doSwiRestore__I)
                  0000f3b8    00000008                   : BIOS.obj (.text:ti_sysbios_family_arm_m3_Hwi_startup__E)
                  0000f3c0    00000008     drivers_tivaware.aem4f : UARTTiva.oem4f (.text:writeSemCallback)
                  0000f3c8    00000006                            : I2CTiva.oem4f (.text:I2CTiva_control)
                  0000f3ce    00000006                            : PWMTimerTiva.oem4f (.text:PWMTimerTiva_getPeriodMicroSecs)
                  0000f3d4    00000006     driverlib.lib : sysctl.obj (.text:SysCtlDelay)
                  0000f3da    00000006                   : uart.obj (.text:UARTFIFOLevelSet)
                  0000f3e0    00000006                   : uart.obj (.text:UARTRxErrorClear)
                  0000f3e6    00000006     grlib.lib : widget.obj (.text:WidgetMutexPut)
                  0000f3ec    00000004     --HOLE-- [fill = 0]
                  0000f3f0    00000006     sysbios.aem4f : BIOS.obj (.text:ti_sysbios_family_arm_lm4_TimestampProvider_Module_startup__E)
                  0000f3f6    00000002     --HOLE-- [fill = 0]
                  0000f3f8    00000006                   : BIOS.obj (.text:ti_sysbios_family_arm_m3_Hwi_doTaskRestore__I)
                  0000f3fe    00000002     --HOLE-- [fill = 0]
                  0000f400    00000006                   : BIOS.obj (.text:ti_sysbios_family_arm_m3_Hwi_restoreFxn__E)
                  0000f406    00000002     --HOLE-- [fill = 0]
                  0000f408    00000006                   : BIOS.obj (.text:ti_sysbios_gates_GateHwi_leave__E)
                  0000f40e    00000002     --HOLE-- [fill = 0]
                  0000f410    00000006                   : BIOS.obj (.text:ti_sysbios_heaps_HeapMem_isBlocking__E)
                  0000f416    00000002     --HOLE-- [fill = 0]
                  0000f418    00000006                   : BIOS.obj (.text:ti_sysbios_knl_Clock_stop__E)
                  0000f41e    00000002     --HOLE-- [fill = 0]
                  0000f420    00000006                   : BIOS.obj (.text:ti_sysbios_knl_Queue_Instance_init__E)
                  0000f426    00000002     --HOLE-- [fill = 0]
                  0000f428    00000006                   : BIOS.obj (.text:ti_sysbios_knl_Swi_startup__E)
                  0000f42e    00000006     ti.targets.arm.rtsarm.aem4f : System.oem4f (.text:xdc_runtime_System_Module_startup__E)
                  0000f434    00000004     --HOLE-- [fill = 0]
                  0000f438    00000004     sysbios.aem4f : BIOS.obj (.text:ti_sysbios_family_arm_lm4_Timer_getPeriod__E)
                  0000f43c    00000004     --HOLE-- [fill = 0]
                  0000f440    00000004                   : BIOS.obj (.text:ti_sysbios_gates_GateHwi_query__E)
                  0000f444    00000004     --HOLE-- [fill = 0]
                  0000f448    00000004                   : BIOS.obj (.text:ti_sysbios_gates_GateMutexPri_query__E)
                  0000f44c    00000004     --HOLE-- [fill = 0]
                  0000f450    00000004                   : BIOS.obj (.text:ti_sysbios_gates_GateMutex_query__E)
                  0000f454    00000004     --HOLE-- [fill = 0]
                  0000f458    00000004                   : BIOS.obj (.text:ti_sysbios_knl_Task_startup__E)
                  0000f45c    00000004     --HOLE-- [fill = 0]
                  0000f460    00000002                   : BIOS.obj (.text:ti_sysbios_gates_GateHwi_Instance_init__E)
                  0000f462    00000006     --HOLE-- [fill = 0]
                  0000f468    00000002                   : BIOS.obj (.text:ti_sysbios_knl_Clock_logTick__E)

.const     0    0000f470    00008482     
                  0000f470    00001950     empty_pem4f.oem4f (.const:xdc_runtime_Text_charTab__A)
                  00010dc0    00001000     rtsv7M4_T_le_v4SPD16_eabi.lib : s_exp2.c.obj (.const:tbl)
                  00011dc0    0000095e     grlib.lib : fontcm20.obj (.const:.string:g_pui8Cm20Data)
                  0001271e    000008c1               : fontcmss20.obj (.const:.string:g_pui8Cmss20Data)
                  00012fdf    00000782               : fontcmss18b.obj (.const:.string:g_pui8Cmss18bData)
                  00013761    00000759               : fontcm16.obj (.const:.string:g_pui8Cm16Data)
                  00013eba    000005c7               : fontcmss12b.obj (.const:.string:g_pui8Cmss12bData)
                  00014481    00000514               : fontcmss12.obj (.const:.string:g_pui8Cmss12Data)
                  00014995    0000024d     GUIImg.obj (.const:.string:g_pui8Logo)
                  00014be2    0000020d     GUIImg.obj (.const:.string:g_pui8btn140x40)
                  00014def    0000020d     GUIImg.obj (.const:.string:g_pui8btn150x40Press)
                  00014ffc    00000004     empty_pem4f.oem4f (.const:ti_catalog_arm_cortexm4_tiva_ce_Boot_A_mustNotUseEnhancedClockMode__C)
                  00015000    00000190     GlobalDraw.obj (.const:$P$T0$1)
                  00015190    0000017b     Images.obj (.const:.string:g_pui8CompS)
                  0001530b    0000017b     Images.obj (.const:.string:g_pui8CompW)
                  00015486    0000017b     Images.obj (.const:.string:g_pui8accSlow)
                  00015601    0000017b     Images.obj (.const:.string:g_pui8accfast)
                  0001577c    0000017b     Images.obj (.const:.string:g_pui8accmid)
                  000158f7    00000178     Images.obj (.const:.string:g_pui8CompE)
                  00015a6f    00000178     Images.obj (.const:.string:g_pui8CompN)
                  00015be7    00000163     Images.obj (.const:.string:g_pui8Stop)
                  00015d4a    00000160     Images.obj (.const:.string:g_pui8Go)
                  00015eaa    0000015d     Images.obj (.const:.string:g_pui8idle)
                  00016007    00000124     Images.obj (.const:.string:g_pui8Night)
                  0001612b    00000001     empty_pem4f.oem4f (.const:xdc_runtime_Error_policy__C)
                  0001612c    00000120     Boot.aem4f : Boot_sysctl.oem4f (.const:g_pppui32XTALtoVCO)
                  0001624c    00000107     GUIImg.obj (.const:.string:g_pui8arrowRight)
                  00016353    00000101     rtsv7M4_T_le_v4SPD16_eabi.lib : ctype.c.obj (.const:.string:_ctypes_)
                  00016454    000000f8     Images.obj (.const:.string:g_pui8Day)
                  0001654c    000000dc     empty_pem4f.oem4f (.const:xdc_runtime_Text_nodeTab__A)
                  00016628    000000c8     grlib.lib : fontcm16.obj (.const:g_sFontCm16)
                  000166f0    000000c8               : fontcm20.obj (.const:g_sFontCm20)
                  000167b8    000000c8               : fontcmss12.obj (.const:g_sFontCmss12)
                  00016880    000000c8               : fontcmss12b.obj (.const:g_sFontCmss12b)
                  00016948    000000c8               : fontcmss18b.obj (.const:g_sFontCmss18b)
                  00016a10    000000c8               : fontcmss20.obj (.const:g_sFontCmss20)
                  00016ad8    000000a5     GUIImg.obj (.const:.string:g_pui8arrowLeft)
                  00016b7d    00000001     --HOLE-- [fill = 0]
                  00016b7e    00000002     empty_pem4f.oem4f (.const:ti_catalog_arm_cortexm4_tiva_ce_Boot_Module__id__C)
                  00016b80    000000a0     empty.obj (.const:$P$T0$1)
                  00016c20    00000090     driverlib.lib : gpio.obj (.const:g_pui32GPIOBaseAddrs)
                  00016cb0    00000082     GlobalDraw.obj (.const:.string)
                  00016d32    00000076     GUIImg.obj (.const:.string:g_pui8backBtn)
                  00016da8    00000070     driverlib.lib : interrupt.obj (.const)
                  00016e18    0000006c     Boot.aem4f : Boot_sysctl.oem4f (.const:g_pui32Xtals)
                  00016e84    00000060     MotorLib.lib : motorlib.obj (.const:PWM_config)
                  00016ee4    00000054     drivers_tivaware.aem4f : GPIOTiva.oem4f (.const:.string)
                  00016f38    00000054     MotorLib.lib : motorlib.obj (.const:motorLibPWMTivaHWAttrs)
                  00016f8c    0000004c     drivers_tivaware.aem4f : UARTTiva.oem4f (.const)
                  00016fd8    00000048     empty_pem4f.oem4f (.const:.string)
                  00017020    00000048     drivers_tivaware.aem4f : GPIOTiva.oem4f (.const:gpioBaseAddresses)
                  00017068    0000003c     empty_pem4f.oem4f (.const:ti_sysbios_family_arm_lm4_Timer_Object__PARAMS__C)
                  000170a4    0000003c     empty_pem4f.oem4f (.const:ti_sysbios_knl_Task_Object__PARAMS__C)
                  000170e0    00000030     EK_TM4C1294XL.obj (.const:I2C_config)
                  00017110    00000030     Boot.aem4f : Boot_sysctl.oem4f (.const:g_sXTALtoMEMTIM)
                  00017140    00000030     empty_pem4f.oem4f (.const:ti_sysbios_family_arm_m3_Hwi_Object__PARAMS__C)
                  00017170    00000030     empty_pem4f.oem4f (.const:ti_sysbios_hal_Timer_Object__PARAMS__C)
                  000171a0    00000030     empty_pem4f.oem4f (.const:xdc_runtime_Startup_sfxnTab__A)
                  000171d0    00000028     drivers_tivaware.aem4f : UARTTiva.oem4f (.const:UARTTiva_fxnTable)
                  000171f8    00000028     Kentec320x240x16_ssd2119_spi.obj (.const:g_sKentec320x240x16_SSD2119)
                  00017220    00000028     empty_pem4f.oem4f (.const:ti_sysbios_heaps_HeapMem_Module__FXNS__C)
                  00017248    00000028     empty_pem4f.oem4f (.const:ti_sysbios_knl_Swi_Object__PARAMS__C)
                  00017270    00000024     drivers_tivaware.aem4f : UART.oem4f (.const:UART_defaultParams)
                  00017294    00000024     EK_TM4C1294XL.obj (.const:i2cTivaHWAttrs)
                  000172b8    00000024     empty_pem4f.oem4f (.const:ti_sysbios_gates_GateHwi_Module__FXNS__C)
                  000172dc    00000024     empty_pem4f.oem4f (.const:ti_sysbios_gates_GateMutexPri_Module__FXNS__C)
                  00017300    00000024     empty_pem4f.oem4f (.const:ti_sysbios_gates_GateMutex_Module__FXNS__C)
                  00017324    00000024     empty_pem4f.oem4f (.const:ti_sysbios_heaps_HeapMem_Object__PARAMS__C)
                  00017348    00000024     empty_pem4f.oem4f (.const:ti_sysbios_knl_Clock_Object__PARAMS__C)
                  0001736c    00000024     empty_pem4f.oem4f (.const:ti_sysbios_knl_Semaphore_Object__PARAMS__C)
                  00017390    00000020     drivers_tivaware.aem4f : PWMTimerTiva.oem4f (.const)
                  000173b0    00000020                            : PWMTiva.oem4f (.const)
                  000173d0    00000020     empty_pem4f.oem4f (.const:ti_sysbios_family_arm_lm4_Timer_Object__DESC__C)
                  000173f0    00000020     empty_pem4f.oem4f (.const:ti_sysbios_family_arm_m3_Hwi_Object__DESC__C)
                  00017410    00000020     empty_pem4f.oem4f (.const:ti_sysbios_gates_GateHwi_Object__DESC__C)
                  00017430    00000020     empty_pem4f.oem4f (.const:ti_sysbios_gates_GateMutexPri_Object__DESC__C)
                  00017450    00000020     empty_pem4f.oem4f (.const:ti_sysbios_gates_GateMutex_Object__DESC__C)
                  00017470    00000020     empty_pem4f.oem4f (.const:ti_sysbios_hal_Timer_Object__DESC__C)
                  00017490    00000020     empty_pem4f.oem4f (.const:ti_sysbios_heaps_HeapMem_Object__DESC__C)
                  000174b0    00000020     empty_pem4f.oem4f (.const:ti_sysbios_knl_Clock_Object__DESC__C)
                  000174d0    00000020     empty_pem4f.oem4f (.const:ti_sysbios_knl_Queue_Object__DESC__C)
                  000174f0    00000020     empty_pem4f.oem4f (.const:ti_sysbios_knl_Semaphore_Object__DESC__C)
                  00017510    00000020     empty_pem4f.oem4f (.const:ti_sysbios_knl_Swi_Object__DESC__C)
                  00017530    00000020     empty_pem4f.oem4f (.const:ti_sysbios_knl_Task_Object__DESC__C)
                  00017550    0000001c     drivers_tivaware.aem4f : I2CTiva.oem4f (.const)
                  0001756c    0000001c     touch.obj (.const:g_pi32TouchParameters)
                  00017588    00000018     EK_TM4C1294XL.obj (.const:UART_config)
                  000175a0    00000018     empty_pem4f.oem4f (.const:ti_sysbios_gates_GateHwi_Object__PARAMS__C)
                  000175b8    00000018     empty_pem4f.oem4f (.const:ti_sysbios_gates_GateMutexPri_Object__PARAMS__C)
                  000175d0    00000018     empty_pem4f.oem4f (.const:ti_sysbios_gates_GateMutex_Object__PARAMS__C)
                  000175e8    00000018     empty_pem4f.oem4f (.const:ti_sysbios_knl_Queue_Object__PARAMS__C)
                  00017600    00000018     EK_TM4C1294XL.obj (.const:uartTivaHWAttrs)
                  00017618    00000018     empty_pem4f.oem4f (.const:xdc_runtime_Startup_sfxnRts__A)
                  00017630    00000014     EK_TM4C1294XL.obj (.const:GPIOTiva_config)
                  00017644    00000014     empty_pem4f.oem4f (.const:xdc_runtime_Startup_firstFxns__A)
                  00017658    00000010     drivers_tivaware.aem4f : I2C.oem4f (.const)
                  00017668    00000010     grlib.lib : context.obj (.const)
                  00017678    00000010     MotorLib.lib : motorlib.obj (.const:motorLibPWMTimerTivaHWAttrs)
                  00017688    0000000c     drivers_tivaware.aem4f : PWM.oem4f (.const)
                  00017694    00000008     Boot.aem4f : Boot_sysctl.oem4f (.const)
                  0001769c    00000008     empty_pem4f.oem4f (.const:ti_sysbios_family_arm_m3_Hwi_excHookFuncs__A)
                  000176a4    00000008     empty_pem4f.oem4f (.const:ti_sysbios_knl_Idle_funcList__C)
                  000176ac    00000008     empty_pem4f.oem4f (.const:xdc_runtime_Startup_firstFxns__C)
                  000176b4    00000008     empty_pem4f.oem4f (.const:xdc_runtime_Startup_lastFxns__C)
                  000176bc    00000004     empty_pem4f.oem4f (.const:ti_catalog_arm_cortexm4_tiva_ce_Boot_Module__diagsEnabled__C)
[...]
0001778c  ti_sysbios_heaps_HeapMem_Object__count__C                            
00017790  ti_sysbios_heaps_HeapMem_reqAlign__C                                 
00017794  ti_sysbios_knl_Clock_A_badThreadType__C                              
00017798  ti_sysbios_knl_Clock_Module_State_clockQ__O                          
0001779c  ti_sysbios_knl_Clock_Module__diagsEnabled__C                         
000177a0  ti_sysbios_knl_Clock_Module__diagsIncluded__C                        
000177a4  ti_sysbios_knl_Clock_Module__diagsMask__C                            
000177a8  ti_sysbios_knl_Clock_tickPeriod__C                                   
000177ac  ti_sysbios_knl_Idle_funcList__A                                      
000177b0  ti_sysbios_knl_Mailbox_Instance_State_freeQue__O                     
000177b4  ti_sysbios_knl_Mailbox_Object__count__C                              
000177b8  ti_sysbios_knl_Mailbox_maxTypeAlign__C                               
000177bc  ti_sysbios_knl_Semaphore_A_badContext__C                             
000177c0  ti_sysbios_knl_Semaphore_A_noEvents__C                               
000177c4  ti_sysbios_knl_Semaphore_A_overflow__C                               
000177c8  ti_sysbios_knl_Semaphore_A_pendTaskDisabled__C                       
000177cc  ti_sysbios_knl_Semaphore_Instance_State_pendQ__O                     
000177d0  ti_sysbios_knl_Semaphore_Module__diagsEnabled__C                     
000177d4  ti_sysbios_knl_Semaphore_Module__diagsIncluded__C                    
000177d8  ti_sysbios_knl_Semaphore_Module__diagsMask__C                        
000177dc  ti_sysbios_knl_Swi_A_badPriority__C                                  
000177e0  ti_sysbios_knl_Swi_Module__diagsEnabled__C                           
000177e4  ti_sysbios_knl_Swi_Module__diagsIncluded__C                          
000177e8  ti_sysbios_knl_Swi_Module__diagsMask__C                              
000177ec  ti_sysbios_knl_Swi_Object__count__C                                  
000177f0  ti_sysbios_knl_Task_A_badPriority__C                                 
000177f4  ti_sysbios_knl_Task_A_badTaskState__C                                
000177f8  ti_sysbios_knl_Task_A_badThreadType__C                               
000177fc  ti_sysbios_knl_Task_A_badTimeout__C                                  
00017800  ti_sysbios_knl_Task_A_noPendElem__C                                  
00017804  ti_sysbios_knl_Task_A_sleepTaskDisabled__C                           
00017808  ti_sysbios_knl_Task_E_spOutOfBounds__C                               
0001780c  ti_sysbios_knl_Task_E_stackOverflow__C                               
00017810  ti_sysbios_knl_Task_Module_State_inactiveQ__O                        
00017814  ti_sysbios_knl_Task_Module__diagsEnabled__C                          
00017818  ti_sysbios_knl_Task_Module__diagsIncluded__C                         
0001781c  ti_sysbios_knl_Task_Module__diagsMask__C                             
00017820  ti_sysbios_knl_Task_Object__count__C                                 
00017824  ti_sysbios_knl_Task_allBlockedFunc__C                                
00017828  ti_sysbios_knl_Task_defaultStackHeap__C                              
0001782c  ti_sysbios_knl_Task_defaultStackSize__C                              
00017830  ti_sysbios_knl_Task_numConstructedTasks__C                           
00017834  xdc_runtime_Assert_E_assertFailed__C                                 
00017838  xdc_runtime_Core_A_initializedParams__C                              
0001783c  xdc_runtime_Core_Module__diagsEnabled__C                             
00017840  xdc_runtime_Core_Module__diagsIncluded__C                            
00017844  xdc_runtime_Core_Module__diagsMask__C                                
00017848  xdc_runtime_Error_E_generic__C                                       
0001784c  xdc_runtime_Error_E_memory__C                                        
00017850  xdc_runtime_Error_Module__diagsEnabled__C                            
00017854  xdc_runtime_Error_Module__diagsIncluded__C                           
00017858  xdc_runtime_Error_Module__diagsMask__C                               
0001785c  xdc_runtime_Error_Module__loggerFxn8__C                              
00017860  xdc_runtime_Error_Module__loggerObj__C                               
00017864  xdc_runtime_Error_policyFxn__C                                       
00017868  xdc_runtime_Error_raiseHook__C                                       
0001786c  xdc_runtime_IGateProvider_Interface__BASE__C                         
00017870  xdc_runtime_IHeap_Interface__BASE__C                                 
00017874  xdc_runtime_IModule_Interface__BASE__C                               
00017878  xdc_runtime_Log_L_error__C                                           
0001787c  xdc_runtime_Memory_defaultHeapInstance__C                            
00017880  xdc_runtime_Startup_execImpl__C                                      
00017884  xdc_runtime_Startup_lastFxns__A                                      
00017888  xdc_runtime_Startup_maxPasses__C                                     
0001788c  xdc_runtime_Startup_sfxnRts__C                                       
00017890  xdc_runtime_Startup_sfxnTab__C                                       
00017894  xdc_runtime_SysMin_bufSize__C                                        
00017898  xdc_runtime_SysMin_outputFunc__C                                     
0001789c  xdc_runtime_System_Module__gateObj__C                                
000178a0  xdc_runtime_System_abortFxn__C                                       
000178a4  xdc_runtime_System_exitFxn__C                                        
000178a8  xdc_runtime_System_extendFxn__C                                      
000178ac  xdc_runtime_System_maxAtexitHandlers__C                              
000178b0  xdc_runtime_Text_charTab__C                                          
000178b4  xdc_runtime_Text_nameEmpty__C                                        
000178b8  xdc_runtime_Text_nameStatic__C                                       
000178bc  xdc_runtime_Text_nameUnknown__C                                      
000178c0  xdc_runtime_Text_nodeTab__C                                          
000178c4  xdc_runtime_Text_visitRopeFxn__C                                     
000178c8  ti_sysbios_family_arm_lm4_Timer_Module__id__C                        
000178ca  ti_sysbios_family_arm_lm4_Timer_supportsAltclk__C                    
000178cc  ti_sysbios_family_arm_m3_Hwi_Module__id__C                           
000178ce  ti_sysbios_gates_GateMutexPri_Module__id__C                          
000178d0  ti_sysbios_gates_GateMutex_Module__id__C                             
000178d2  ti_sysbios_hal_Hwi_Module__id__C                                     
000178d4  ti_sysbios_heaps_HeapMem_Module__id__C                               
000178d6  ti_sysbios_knl_Clock_Module__id__C                                   
000178d8  ti_sysbios_knl_Semaphore_Module__id__C                               
000178da  ti_sysbios_knl_Swi_Module__id__C                                     
000178dc  ti_sysbios_knl_Task_Module__id__C                                    
000178de  xdc_runtime_Core_Module__id__C                                       
000178e0  xdc_runtime_Error_Module__loggerDefined__C                           
000178e2  xdc_runtime_Error_maxDepth__C                                        
000178e4  xdc_runtime_Main_Module__id__C                                       
000178e6  xdc_runtime_Memory_Module__id__C                                     
000178e8  xdc_runtime_SysMin_flushAtExit__C                                    
000178ea  xdc_runtime_Text_charCnt__C                                          
000178ec  xdc_runtime_Text_isLoaded__C                                         
000178ee  xdc_runtime_Text_registryModsLastId__C                               
000178f0  xdc_runtime_Text_unnamedModsLastId__C                                
000178f8  __TI_static_base__                                                   
00017e48  __TI_Handler_Table_Base                                              
00017e54  __TI_Handler_Table_Limit                                             
00017e68  __TI_CINIT_Base                                                      
00017e80  __TI_CINIT_Limit                                                     
20000000  __start___llvm_prf_cnts                                              
20000000  __stop___llvm_prf_cnts                                               
20000000  ti_sysbios_family_arm_m3_Hwi_ramVectors                              
20000400  ti_sysbios_heaps_HeapMem_Instance_State_0_buf__A                     
20001400  readAccelStack                                                       
20001c00  readLightStack                                                       
20002400  task0Stack                                                           
20002c00  taskTouchStack                                                       
20003400  psDMAControlTable                                                    
20003800  xdc_runtime_SysMin_Module_State_0_outbuf__A                          
20003c00  ti_sysbios_family_arm_m3_Hwi_dispatchTable                           
20003f60  ti_sysbios_knl_Task_Instance_State_0_stack__A                        
20004160  i2cTivaObjects                                                       
20004420  __CIOBUF_                                                            
20004540  uartTivaObjects                                                      
2000469c  ScreenGate                                                           
200046a0  bmi160_accel_values                                                  
20004718  readAccelStruct                                                      
20004768  readLightStruct                                                      
200047b8  task0Struct                                                          
20004808  taskTouchStruct                                                      
20004858  motorLibPWMObjects                                                   
20004890  sContext                                                             
200048bc  g_pi32ParmSet                                                        
200048c0  opt3001_light_values                                                 
20004928  uartTivaRingBuffer                                                   
20004948  datetime                                                             
20004960  motorLibPWMTimerObjects                                              
20004988  i2cParams                                                            
200049a0  AccBox                                                               
200049a8  Banner                                                               
200049b0  BannerB                                                              
200049b8  CurrBox                                                              
200049c0  Distbox                                                              
200049c8  clearBox                                                             
200049d0  parmbuf                                                              
200049dc  g_ui32Panel                                                          
200049e4  i2c                                                                  
200049e8  swiAccelSensorFilterHandle                                           
200049ec  swiLightSensorFilterHandle                                           
200049f0  timerclock                                                           
200049f4  uart                                                                 
200049f8  g_i16TouchX                                                          
200049fa  g_i16TouchY                                                          
20004a00  dd                                                                   
20004b90  ti_sysbios_family_arm_lm4_Timer_Object__table__V                     
20004c10  ti_sysbios_knl_Swi_Module_State_0_readyQ__A                          
20004c90  ti_sysbios_knl_Task_Module_State_0_readyQ__A                         
20004d10  MotorSpeedSlider                                                     
20004d6c  AccDownBtn                                                           
20004dbc  AccUpBtn                                                             
20004e0c  CurrentDownBtn                                                       
20004e5c  CurrentUpBtn                                                         
20004eac  DistDownBtn                                                          
20004efc  DistUpBtn                                                            
20004f4c  GraphPgBtn                                                           
20004f9c  LightGraphBtn                                                        
20004fec  MotorGraphBtn                                                        
2000503c  MotorMode                                                            
2000508c  MotorPgBtn                                                           
200050dc  PowerGraphBtn                                                        
2000512c  SensorPgBtn                                                          
2000517c  TestGraphBtn                                                         
200051cc  backGraphBtn                                                         
2000521c  backGraphSelectBtn                                                   
2000526c  backMotorBtn                                                         
200052bc  backSensorBtn                                                        
2000530c  ti_sysbios_knl_Task_Object__table__V                                 
20005358  ti_sysbios_family_arm_m3_Hwi_Object__table__V                        
200053a0  ti_sysbios_knl_Task_Module__state__V                                 
200053e4  g_Acceleration                                                       
20005424  g_MotorStat                                                          
20005464  g_sCanvas2                                                           
200054a4  g_sCanvas3                                                           
200054e4  g_scompass                                                           
20005524  ti_sysbios_family_arm_lm4_Timer_Module_State_0_device__A             
20005564  ti_sysbios_hal_SecondsClock_Module__state__V                         
200055a0  motorStartStop                                                       
200055a1  HA                                                                   
200055a2  HB                                                                   
200055a3  HC                                                                   
200055a4  LowLight                                                             
200055a8  lux                                                                  
200055b0  objectdist                                                           
200055b8  ongraph                                                              
200055bc  currentDirection                                                     
200055c0  CurrentMotorStat                                                     
200055c4  CurrentAcceleration                                                  
200055c8  opt3001_filteredValue                                                
200055d0  bmi160_filteredValue                                                 
200055d8  ti_sysbios_family_arm_m3_Hwi_Module__state__V                        
2000560c  ti_sysbios_knl_Swi_Object__table__V                                  
2000563c  g_sRoot                                                              
2000566a  ti_sysbios_family_arm_m3_Hwi_Module_State_0_excActive__A             
2000566c  ti_sysbios_knl_Clock_Module__state__V                                
20005698  ti_sysbios_BIOS_Module__state__V                                     
200056bc  ti_sysbios_family_arm_lm4_Timer_Module_State_0_handles__A            
200056dc  gpioPinConfigs                                                       
200056f8  ti_sysbios_gates_GateMutex_Object__table__V                          
20005714  ti_sysbios_knl_Swi_Module__state__V                                  
20005748  ti_sysbios_gates_GateMutexPri_Object__table__V                       
20005760  ti_sysbios_heaps_HeapMem_Object__table__V                            
20005778  ti_sysbios_family_arm_lm4_Timer_Module__state__V                     
20005784  xdc_runtime_SysMin_Module__state__V                                  
20005790  _lock                                                                
20005794  _unlock                                                              
20005798  gpioCallbackFunctions                                                
200057a0  ti_sysbios_family_arm_lm4_Timer_Module__root__V                      
200057a8  ti_sysbios_family_arm_lm4_TimestampProvider_Module__state__V         
200057b0  ti_sysbios_family_arm_m3_Hwi_Module__root__V                         
200057b8  ti_sysbios_gates_GateHwi_Module__root__V                             
200057c0  ti_sysbios_gates_GateMutexPri_Module__root__V                        
200057c8  ti_sysbios_gates_GateMutex_Module__root__V                           
200057d0  ti_sysbios_hal_Timer_Module__root__V                                 
200057d8  ti_sysbios_heaps_HeapMem_Module__root__V                             
200057e0  ti_sysbios_knl_Clock_Module__root__V                                 
200057e8  ti_sysbios_knl_Queue_Module__root__V                                 
200057f0  ti_sysbios_knl_Semaphore_Module__root__V                             
200057f8  ti_sysbios_knl_Swi_Module__root__V                                   
20005800  ti_sysbios_knl_Task_Module__root__V                                  
20005808  xdc_runtime_Registry_Module__state__V                                
20005810  xdc_runtime_Startup_Module__state__V                                 
20005818  xdc_runtime_System_Module_State_0_atexitHandlers__A                  
20005820  xdc_runtime_System_Module__state__V                                  
2000582e  xdc_runtime_Error_Module__state__V                                   
2000583c  errno                                                                
20005840  main_func_sp                                                         
20005844  ti_sysbios_family_arm_m3_Hwi_Module_State_0_excContext__A            
20005848  ti_sysbios_family_arm_m3_Hwi_Module_State_0_excStack__A              
2000584c  ti_sysbios_gates_GateHwi_Object__table__V                            
20005850  ti_sysbios_knl_Task_Module_State_0_idleTask__A                       
20005854  g_i16TouchMin                                                        
20005858  xdc_runtime_Memory_Module__state__V                                  
20005860  __stack                                                              
20005c60  __STACK_END                                                          
e000e000  ti_sysbios_family_arm_m3_Hwi_nvic                                    
ffffffff  __TI_pprof_out_hndl                                                  
ffffffff  __TI_prof_data_size                                                  
ffffffff  __TI_prof_data_start                                                 
ffffffff  __binit__                                                            
ffffffff  __c_args__                                                           
ffffffff  binit                                                                
UNDEFED   SHT$$INIT_ARRAY$$Base                                                
UNDEFED   SHT$$INIT_ARRAY$$Limit                                               

[1035 symbols]
