******************************************************************************
                  TI ARM Linker PC v20.2.5                     
******************************************************************************
>> Linked Fri Jun 10 09:34:01 2022

OUTPUT FILE NAME:   <EGH456MotorProject.out>
ENTRY POINT SYMBOL: "_c_int00"  address: 0000dbe1


MEMORY CONFIGURATION

         name            origin    length      used     unused   attr    fill
----------------------  --------  ---------  --------  --------  ----  --------
  FLASH                 00000000   00100000  00019e30  000e61d0  R  X
  SRAM                  20000000   00040000  00006ccc  00039334  RW X


SEGMENT ALLOCATION MAP

run origin  load origin   length   init length attrs members
----------  ----------- ---------- ----------- ----- -------
00000000    00000000    00019e40   00019e40    r-x
  00000000    00000000    0000003c   0000003c    r-- .resetVecs
  00000040    00000040    0001147a   0001147a    r-x .text
  000114c0    000114c0    00008512   00008512    r-- .const
  000199d8    000199d8    00000468   00000468    r-- .cinit
20000000    20000000    00000360   00000000    rw-
  20000000    20000000    00000360   00000000    rw- .vecs
20000400    20000400    00006970   00000000    rw-
  20000400    20000400    00005808   00000000    rw- .bss
  20005c08    20005c08    00000d64   00000000    rw- .data
  20006970    20006970    00000400   00000000    rw- .stack


SECTION ALLOCATION MAP

 output                                  attributes/
section   page    origin      length       input sections
--------  ----  ----------  ----------   ----------------
.text      0    00000040    0001147a     
                  00000040    00000a4e     rtsv7M4_T_le_v4SPD16_eabi.lib : _printfi.c.obj (.text:__TI_printfi)
                  00000a8e    00000002                                   : _lock.c.obj (.text:_nop)
                  00000a90    000006ac     MotorLib.lib : motorlib.obj (.text)
                  0000113c    00000438     ustdlib.obj (.text:uvsnprintf)
                  00001574    00000004     driverlib.lib : i2c.obj (.text:I2CMasterControl)
                  00001578    00000430     sysbios.aem4f : BIOS.obj (.text:ti_sysbios_family_arm_m3_Hwi_excDumpRegs__I)
                  000019a8    000003c8     GlobalDraw.obj (.text:GraphPrimitive)
                  00001d70    000003ac     GlobalDraw.obj (.text:MotorPage)
                  0000211c    00000374     grlib.lib : image.obj (.text:InternalImageDraw)
                  00002490    0000034c     ti.targets.arm.rtsarm.aem4f : System.oem4f (.text:xdc_runtime_System_doPrint__I)
                  000027dc    00000004     driverlib.lib : i2c.obj (.text:I2CMasterDataGet)
                  000027e0    0000033c     sysbios.aem4f : BIOS.obj (.text:ti_sysbios_knl_Event_pend__E)
                  00002b1c    000002fc     Motor.obj (.text:RegulateSpeed)
                  00002e18    000002f8     grlib.lib : image.obj (.text:PixelTransparentDraw)
                  00003110    000002c6               : slider.obj (.text:SliderPaint)
                  000033d6    00000002     rtsv7M4_T_le_v4SPD16_eabi.lib : div0.asm.obj (.text)
                  000033d8    000002b0     GlobalDraw.obj (.text:SensorPage)
                  00003688    000002b0     Clock.obj (.text:timeConvert)
                  00003938    000002a4     sysbios.aem4f : BIOS.obj (.text:ti_sysbios_knl_Semaphore_pend__E)
                  00003bdc    00000270     rtsv7M4_T_le_v4SPD16_eabi.lib : _printfi.c.obj (.text:_pconv_a)
                  00003e4c    00000004     driverlib.lib : i2c.obj (.text:I2CMasterDataPut)
                  00003e50    0000026c     sysbios.aem4f : BIOS.obj (.text:ti_sysbios_heaps_HeapMem_free__E)
                  000040bc    00000268     touch.obj (.text:TouchScreenDebouncer)
                  00004324    00000254     grlib.lib : string.obj (.text:GrFontGlyphRender)
                  00004578    00000250     sysbios.aem4f : BIOS.obj (.text:ti_sysbios_heaps_HeapMem_alloc__E)
                  000047c8    00000244     GlobalDraw.obj (.text:UpdateGraphPlot)
                  00004a0c    00000004     driverlib.lib : uart.obj (.text:UARTIntClear)
                  00004a10    00000234     sysbios.aem4f : BIOS.obj (.text:ti_sysbios_knl_Task_Instance_finalize__E)
                  00004c44    00000228     empty.obj (.text:main)
                  00004e6c    00000214     GlobalDraw.obj (.text:TopBarDraw)
                  00005080    0000020c     drivers_tivaware.aem4f : UARTTiva.oem4f (.text:UARTTiva_open)
                  0000528c    00000204     Boot.aem4f : Boot_sysctl.oem4f (.text:ti_catalog_arm_cortexm4_tiva_ce_Boot_sysCtlClockFreqSetI__I)
                  00005490    00000200     rtsv7M4_T_le_v4SPD16_eabi.lib : s_exp2.c.obj (.text:exp2)
                  00005690    000001f8     GlobalDraw.obj (.text:updateSensorPage)
                  00005888    000001f4     sysbios.aem4f : BIOS.obj (.text:ti_sysbios_family_arm_m3_Hwi_excHandlerMax__I)
                  00005a7c    000001e8     GlobalDraw.obj (.text:MotorPageUpdate)
                  00005c64    000001e4     Kentec320x240x16_ssd2119_spi.obj (.text:Kentec320x240x16_SSD2119Init)
                  00005e48    000001dc     Kentec320x240x16_ssd2119_spi.obj (.text:Kentec320x240x16_SSD2119PixelDrawMultiple)
                  00006024    000001d0     rtsv7M4_T_le_v4SPD16_eabi.lib : _printfi.c.obj (.text:_pconv_g)
                  000061f4    00000004     grlib.lib : widget.obj (.text:WidgetDefaultMsgProc)
                  000061f8    000001c8     sysbios.aem4f : BIOS.obj (.text:ti_sysbios_knl_Task_sleep__E)
                  000063c0    000001c0                   : BIOS.obj (.text:ti_sysbios_knl_Task_Instance_init__E)
                  00006580    000001b6     rtsv7M4_T_le_v4SPD16_eabi.lib : fd_add_t2.asm.obj (.text)
                  00006736    00000002     empty_pem4f.oem4f (.text:ti_sysbios_BIOS_nullFunc__I)
                  00006738    000001b4     sensors.obj (.text:readOptFxn)
                  000068ec    000001a4     pinout.obj (.text:PinoutSet)
                  00006a90    000001a0     empty.obj (.text:heartBeatFxn)
                  00006c30    000001a0     sysbios.aem4f : BIOS.obj (.text:ti_sysbios_gates_GateMutexPri_enter__E)
                  00006dd0    00000190     grlib.lib : canvas.obj (.text:CanvasPaint)
                  00006f60    0000017e               : pushbutton.obj (.text:RectangularButtonPaint)
                  000070de    00000002     empty_pem4f.oem4f (.text:xdc_runtime_Startup_reset__I)
                  000070e0    00000178     touch.obj (.text:TouchScreenIntHandler)
                  00007258    00000174     sysbios.aem4f : BIOS.obj (.text:ti_sysbios_family_arm_m3_Hwi_excBusFault__I)
                  000073cc    00000170     drivers_tivaware.aem4f : PWMTiva.oem4f (.text:PWMTiva_open)
                  0000753c    00000004     rtsv7M4_T_le_v4SPD16_eabi.lib : exit.c.obj (.text:abort:abort)
                  00007540    00000164     sysbios.aem4f : BIOS.obj (.text:ti_sysbios_family_arm_m3_Hwi_excUsageFault__I)
                  000076a4    0000015c     sensors.obj (.text:accelSensorFilterFxn)
                  00007800    00000158     sensors.obj (.text:readCurrentFxn)
                  00007958    00000150     drivers_tivaware.aem4f : GPIOTiva.oem4f (.text:GPIO_setConfig)
                  00007aa8    0000014c     sensors.obj (.text:readAccFxn)
                  00007bf4    00000004     empty_pem4f.oem4f (.text:ti_sysbios_BIOS_RtsGateProxy_enter__E)
                  00007bf8    00000148     sysbios.aem4f : BIOS.obj (.text:ti_sysbios_family_arm_m3_Hwi_excMemFault__I)
                  00007d40    0000013c     rtsv7M4_T_le_v4SPD16_eabi.lib : _printfi.c.obj (.text:_pconv_e)
                  00007e7c    00000004     empty_pem4f.oem4f (.text:ti_sysbios_BIOS_RtsGateProxy_leave__E)
                  00007e80    0000013c     sysbios.aem4f : BIOS.obj (.text:ti_sysbios_heaps_HeapMem_Instance_init__E)
                  00007fbc    00000136     rtsv7M4_T_le_v4SPD16_eabi.lib : fd_div_t2.asm.obj (.text)
                  000080f2    00000006     driverlib.lib : gpio.obj (.text:GPIOIntClear)
                  000080f8    00000134     sysbios.aem4f : BIOS.obj (.text:ti_sysbios_knl_Task_setPri__E)
                  0000822c    00000130     GlobalDraw.obj (.text:BannerInit)
                  0000835c    00000130     driverlib.lib : gpio.obj (.text:GPIOPadConfigSet)
                  0000848c    0000012c     Motor.obj (.text:MotorMain)
                  000085b8    00000128     Motor.obj (.text:PIControl)
                  000086e0    00000124     rtsv7M4_T_le_v4SPD16_eabi.lib : _printfi.c.obj (.text:fcvt)
                  00008804    00000118     ti.targets.arm.rtsarm.aem4f : Error.oem4f (.text:xdc_runtime_Error_policyDefault__E)
                  0000891c    00000114     drivers_tivaware.aem4f : PWMTimerTiva.oem4f (.text:PWMTimerTiva_open)
                  00008a30    00000110     rtsv7M4_T_le_v4SPD16_eabi.lib : s_scalbn.c.obj (.text:scalbn)
                  00008b40    0000010c     Kentec320x240x16_ssd2119_spi.obj (.text:Kentec320x240x16_SSD2119RectFill)
                  00008c4c    0000010c     touch.obj (.text:TouchScreenInit)
                  00008d58    00000108     sysbios.aem4f : BIOS.obj (.text:ti_sysbios_family_arm_lm4_Timer_start__E)
                  00008e60    00000108                   : BIOS.obj (.text:ti_sysbios_knl_Clock_Instance_init__E)
                  00008f68    00000106     grlib.lib : line.obj (.text:GrLineDraw)
                  0000906e    00000002     --HOLE-- [fill = 0]
                  00009070    00000104     sysbios.aem4f : BIOS.obj (.text:ti_sysbios_knl_Event_post__E)
                  00009174    00000100     GlobalDraw.obj (.text:graphSelectPage)
                  00009274    00000100     ti.targets.arm.rtsarm.aem4f : Core-mem.oem4f (.text:xdc_runtime_Core_createObject__I)
                  00009374    000000fc     rtsv7M4_T_le_v4SPD16_eabi.lib : fd_mul_t2.asm.obj (.text)
                  00009470    000000f8     sensors.obj (.text:currentSensorFilterFxn)
                  00009568    000000f8     rtsv7M4_T_le_v4SPD16_eabi.lib : s_floor.c.obj (.text:floor)
                  00009660    000000f8     ti.targets.arm.rtsarm.aem4f : Startup.oem4f (.text:xdc_runtime_Startup_startMods__I)
                  00009758    000000f8     empty_pem4f.oem4f (.text:xdc_runtime_System_printfExtend__I)
                  00009850    000000f4     sysbios.aem4f : m3_Hwi_asm.obj (.text:ti_sysbios_family_arm_m3_Hwi_dispatch__I)
                  00009944    000000f2     grlib.lib : pushbutton.obj (.text:RectangularButtonClick)
                  00009a36    000000f0     drivers_tivaware.aem4f : PWMTiva.oem4f (.text:PWMTiva_setDuty)
                  00009b26    000000f0     bmi160.obj (.text:bmi160_init)
                  00009c16    00000002     --HOLE-- [fill = 0]
                  00009c18    000000ec     sysbios.aem4f : BIOS.obj (.text:ti_sysbios_knl_Semaphore_post__E)
                  00009d04    000000e8     grlib.lib : widget.obj (.text:WidgetMessageQueueAdd)
                  00009dec    000000e0     drivers_tivaware.aem4f : I2CTiva.oem4f (.text:I2CTiva_open)
                  00009ecc    000000e0     GlobalDraw.obj (.text:MainPage)
                  00009fac    000000d6     drivers_tivaware.aem4f : I2CTiva.oem4f (.text:I2CTiva_hwiFxn)
                  0000a082    000000d6     grlib.lib : slider.obj (.text:SliderClick)
                  0000a158    000000d4     sysbios.aem4f : BIOS.obj (.text:ti_sysbios_knl_Swi_Instance_init__E)
                  0000a22c    000000cc     ti.targets.arm.rtsarm.aem4f : Core-smem.oem4f (.text:xdc_runtime_Core_constructObject__I)
                  0000a2f8    000000c0     grlib.lib : string.obj (.text:GrDefaultStringRenderer)
                  0000a3b8    000000bc     sysbios.aem4f : BIOS.obj (.text:ti_sysbios_family_arm_m3_Hwi_excDebugMon__I)
                  0000a474    00000004                   : BIOS.obj (.text:ti_sysbios_family_arm_lm4_Timer_masterEnable__I)
                  0000a478    000000bc                   : BIOS.obj (.text:ti_sysbios_family_arm_m3_Hwi_excHardFault__I)
                  0000a534    000000b8     EK_TM4C1294XL.obj (.text:EK_TM4C1294XL_initGeneral)
                  0000a5ec    000000b8     grlib.lib : line.obj (.text:GrLineClip)
                  0000a6a4    000000b8     Kentec320x240x16_ssd2119_spi.obj (.text:InitSPILCDInterface)
                  0000a75c    000000b8     drivers_tivaware.aem4f : PWMTimerTiva.oem4f (.text:PWMTimerTiva_setDuty)
                  0000a814    000000b4     grlib.lib : widget.obj (.text:WidgetMessageSendPostOrder)
                  0000a8c8    000000b4     sysbios.aem4f : BIOS.obj (.text:ti_sysbios_gates_GateMutex_enter__E)
                  0000a97c    00000004     empty_pem4f.oem4f (.text:ti_sysbios_family_arm_m3_Hwi_destruct)
                  0000a980    000000b4     sysbios.aem4f : BIOS.obj (.text:ti_sysbios_knl_Task_checkStacks__E)
                  0000aa34    000000b1     rtsv7M4_T_le_v4SPD16_eabi.lib : _printfi.c.obj (.text:_ltostr)
                  0000aae5    00000003     --HOLE-- [fill = 0]
                  0000aae8    000000b0     GlobalDraw.obj (.text:GraphPageCurrent)
                  0000ab98    000000b0     grlib.lib : slider.obj (.text:SliderValueToPosition)
                  0000ac48    000000ac     GlobalDraw.obj (.text:GraphPageAccel)
                  0000acf4    000000ac     GlobalDraw.obj (.text:GraphPageLight)
                  0000ada0    000000ac     drivers_tivaware.aem4f : UARTTiva.oem4f (.text:readTaskBlocking)
                  0000ae4c    00000004     empty_pem4f.oem4f (.text:ti_sysbios_family_arm_m3_TaskSupport_Module__startupDone__S)
                  0000ae50    000000ac     sysbios.aem4f : BIOS.obj (.text:ti_sysbios_family_arm_lm4_Timer_enableTiva__I)
                  0000aefc    000000a4     GlobalDraw.obj (.text:ChangeMotorStat)
                  0000afa0    000000a4     empty.obj (.text:TouchCheckTask)
                  0000b044    00000004     empty_pem4f.oem4f (.text:ti_sysbios_heaps_HeapMem_Module_GateProxy_enter__E)
                  0000b048    000000a4     sysbios.aem4f : BIOS.obj (.text:ti_sysbios_knl_Clock_Instance_finalize__E)
                  0000b0ec    000000a0     auto_init.aem4f : auto_init.oem4f (.text)
                  0000b18c    000000a0     ti.targets.arm.rtsarm.aem4f : Text.oem4f (.text:xdc_runtime_Text_putMod__E)
                  0000b22c    0000009c     EK_TM4C1294XL.obj (.text:EK_TM4C1294XL_initI2C)
                  0000b2c8    0000009c     rtsv7M4_T_le_v4SPD16_eabi.lib : memcpy_t2.asm.obj (.text)
                  0000b364    00000004     empty_pem4f.oem4f (.text:ti_sysbios_heaps_HeapMem_Module_GateProxy_leave__E)
                  0000b368    0000009c     sysbios.aem4f : BIOS.obj (.text:ti_sysbios_knl_Semaphore_Instance_init__E)
                  0000b404    0000009a     ti.targets.arm.rtsarm.aem4f : Text.oem4f (.text:xdc_runtime_Text_putSite__E)
                  0000b49e    00000098     drivers_tivaware.aem4f : UARTTiva.oem4f (.text:UARTTiva_readPolling)
                  0000b536    00000002     --HOLE-- [fill = 0]
                  0000b538    00000098     Boot.aem4f : Boot.oem4f (.text:ti_catalog_arm_cortexm4_tiva_ce_Boot_sysCtlClockFreqSet__E)
                  0000b5d0    00000098     sysbios.aem4f : BIOS.obj (.text:ti_sysbios_gates_GateSwi_enter__E)
                  0000b668    00000096     rtsv7M4_T_le_v4SPD16_eabi.lib : ull_div_t2.asm.obj (.text)
                  0000b6fe    00000094     drivers_tivaware.aem4f : UARTTiva.oem4f (.text:UARTTiva_write)
                  0000b792    00000006     driverlib.lib : gpio.obj (.text:GPIOPinRead)
                  0000b798    00000094     sysbios.aem4f : BIOS.obj (.text:ti_sysbios_family_arm_m3_Hwi_Instance_init__E)
                  0000b82c    00000004     empty_pem4f.oem4f (.text:ti_sysbios_knl_Clock_TimerProxy_getFreq__E)
                  0000b830    00000094     sysbios.aem4f : BIOS.obj (.text:ti_sysbios_family_arm_m3_Hwi_initNVIC__E)
                  0000b8c4    00000004     empty_pem4f.oem4f (.text:ti_sysbios_knl_Clock_TimerProxy_getMaxTicks__E)
                  0000b8c8    00000094     sysbios.aem4f : BIOS.obj (.text:ti_sysbios_knl_Task_postInit__I)
                  0000b95c    00000090     GlobalDraw.obj (.text:UpdateAccelGraph)
                  0000b9ec    00000090     GlobalDraw.obj (.text:UpdateCurrentGraph)
                  0000ba7c    00000090     GlobalDraw.obj (.text:UpdateLightGraph)
                  0000bb0c    0000008c     drivers_tivaware.aem4f : GPIOTiva.oem4f (.text:GPIO_init)
                  0000bb98    0000008c     GlobalDraw.obj (.text:GraphPageVelocity)
                  0000bc24    0000008c     drivers_tivaware.aem4f : UARTTiva.oem4f (.text:UARTTiva_control)
                  0000bcb0    0000008c     sysbios.aem4f : m3_TaskSupport_asm.obj (.text:ti_sysbios_family_arm_m3_TaskSupport_buildTaskStack)
                  0000bd3c    00000004     empty_pem4f.oem4f (.text:ti_sysbios_knl_Clock_TimerProxy_getPeriod__E)
                  0000bd40    0000008c     sysbios.aem4f : BIOS.obj (.text:ti_sysbios_hal_SecondsClock_Module_startup__E)
                  0000bdcc    0000008a     drivers_tivaware.aem4f : UARTTiva.oem4f (.text:readIsrTextBlocking)
                  0000be56    00000002     --HOLE-- [fill = 0]
                  0000be58    00000088                            : PWMTiva.oem4f (.text:PWMTiva_control)
                  0000bee0    00000086     grlib.lib : rectangle.obj (.text:GrRectFill)
                  0000bf66    00000086     rtsv7M4_T_le_v4SPD16_eabi.lib : fd_cmp_t2.asm.obj (.text:__aeabi_cdcmple)
                  0000bfec    00000086                                   : fd_cmp_t2.asm.obj (.text:__aeabi_cdrcmple)
                  0000c072    00000006     driverlib.lib : gpio.obj (.text:GPIOPinWrite)
                  0000c078    00000084     sysbios.aem4f : BIOS.obj (.text:ti_sysbios_family_arm_m3_Hwi_postInit__I)
                  0000c0fc    00000082     opt3001.obj (.text:opt3001_init)
                  0000c17e    00000082     drivers_tivaware.aem4f : UARTTiva.oem4f (.text:readIsrTextCallback)
                  0000c200    00000080     grlib.lib : rectangle.obj (.text:GrRectIntersectGet)
                  0000c280    0000007e     drivers_tivaware.aem4f : I2CTiva.oem4f (.text:I2CTiva_transfer)
                  0000c2fe    00000002     --HOLE-- [fill = 0]
                  0000c300    0000007c     sensors.obj (.text:adc_init)
                  0000c37c    0000007a     driverlib.lib : adc.obj (.text:ADCSequenceStepConfigure)
                  0000c3f6    0000007a     drivers_tivaware.aem4f : UARTTiva.oem4f (.text:readTaskCallback)
                  0000c470    0000007a     rtsv7M4_T_le_v4SPD16_eabi.lib : memset_t2.asm.obj (.text)
                  0000c4ea    00000076     GraphFunctions.obj (.text:ArrayUpdate)
                  0000c560    00000074     GlobalDraw.obj (.text:InitScreen)
                  0000c5d4    00000074     Motor.obj (.text:MotorStart)
                  0000c648    00000074     GlobalDraw.obj (.text:UpdateVelocityGraph)
                  0000c6bc    00000004     empty_pem4f.oem4f (.text:ti_sysbios_knl_Clock_destruct)
                  0000c6c0    00000074     sysbios.aem4f : BIOS.obj (.text:ti_sysbios_knl_Clock_start__E)
                  0000c734    00000070     GlobalDraw.obj (.text:BackMainMotorPage)
                  0000c7a4    00000070     sensors.obj (.text:lightSensorFilterFxn)
                  0000c814    00000070     opt3001.obj (.text:opt3001_read)
                  0000c884    00000004     empty_pem4f.oem4f (.text:ti_sysbios_knl_Queue_destruct)
                  0000c888    00000070     sysbios.aem4f : BIOS.obj (.text:ti_sysbios_knl_Clock_workFunc__E)
                  0000c8f8    00000070                   : BIOS.obj (.text:ti_sysbios_knl_Task_exit__E)
                  0000c968    0000006e     rtsv7M4_T_le_v4SPD16_eabi.lib : _printfi.c.obj (.text:_mcpy)
                  0000c9d6    00000002     --HOLE-- [fill = 0]
                  0000c9d8    0000006d     ti.targets.arm.rtsarm.aem4f : System.oem4f (.text:xdc_runtime_System_formatNum__I)
                  0000ca45    00000003     --HOLE-- [fill = 0]
                  0000ca48    0000006c     GraphFunctions.obj (.text:CalcAvg)
                  0000cab4    0000006c     Motor.obj (.text:HAllF)
                  0000cb20    0000006c     drivers_tivaware.aem4f : PWMTimerTiva.oem4f (.text:PWMTimerTiva_control)
                  0000cb8c    00000004     empty_pem4f.oem4f (.text:ti_sysbios_knl_Semaphore_destruct)
                  0000cb90    0000006c     sysbios.aem4f : BIOS.obj (.text:ti_sysbios_gates_GateMutexPri_leave__E)
                  0000cbfc    00000004     ti.targets.arm.rtsarm.aem4f : Error.oem4f (.text:xdc_runtime_Error_getSite__E)
                  0000cc00    0000006c     sysbios.aem4f : BIOS.obj (.text:ti_sysbios_knl_Swi_restoreHwi__E)
                  0000cc6c    0000006c     drivers_tivaware.aem4f : UARTTiva.oem4f (.text:writeData)
                  0000ccd8    0000006c     ti.targets.arm.rtsarm.aem4f : Error.oem4f (.text:xdc_runtime_Error_print__E)
                  0000cd44    0000006c                                 : Memory.oem4f (.text:xdc_runtime_Memory_alloc__E)
                  0000cdb0    0000006a     drivers_tivaware.aem4f : PWMTiva.oem4f (.text:PWMTiva_close)
                  0000ce1a    00000002     --HOLE-- [fill = 0]
                  0000ce1c    00000068     grlib.lib : context.obj (.text:GrContextInit)
                  0000ce84    00000068               : string.obj (.text:GrStringWidthGet)
                  0000ceec    00000068     driverlib.lib : interrupt.obj (.text:IntEnable)
                  0000cf54    00000068     Kentec320x240x16_ssd2119_spi.obj (.text:Kentec320x240x16_SSD2119LineDrawH)
                  0000cfbc    00000068     Kentec320x240x16_ssd2119_spi.obj (.text:Kentec320x240x16_SSD2119LineDrawV)
                  0000d024    00000068     rtsv7M4_T_le_v4SPD16_eabi.lib : copy_decompress_lzss.c.obj (.text:decompress:lzss:__TI_decompress_lzss)
                  0000d08c    00000068     opt3001.obj (.text:opt3001_convert)
                  0000d0f4    00000066     grlib.lib : context.obj (.text:GrContextClipRegionSet)
                  0000d15a    00000066               : rectangle.obj (.text:GrRectDraw)
                  0000d1c0    00000066     ti.targets.arm.rtsarm.aem4f : Core-mem.oem4f (.text:xdc_runtime_Core_deleteObject__I)
                  0000d226    00000002     --HOLE-- [fill = 0]
                  0000d228    00000064     drivers_tivaware.aem4f : GPIOTiva.oem4f (.text:GPIO_hwiIntFxn)
                  0000d28c    00000064     grlib.lib : widget.obj (.text:WidgetMessageQueueProcess)
                  0000d2f0    00000064     rtsv7M4_T_le_v4SPD16_eabi.lib : s_frexp.c.obj (.text:frexp)
                  0000d354    00000064     GraphFunctions.obj (.text:min_element)
                  0000d3b8    00000064     sysbios.aem4f : BIOS.obj (.text:ti_sysbios_family_arm_lm4_Timer_Module_startup__E)
                  0000d41c    00000064     empty_pem4f.oem4f (.text:ti_sysbios_family_arm_m3_Hwi_create)
                  0000d480    00000064     sysbios.aem4f : BIOS.obj (.text:ti_sysbios_family_arm_m3_Hwi_dispatchC__I)
                  0000d4e4    00000062     drivers_tivaware.aem4f : I2CTiva.oem4f (.text:I2CTiva_primeTransfer)
                  0000d546    00000002     --HOLE-- [fill = 0]
                  0000d548    00000060     driverlib.lib : timer.obj (.text:TimerConfigure)
                  0000d5a8    00000060     Kentec320x240x16_ssd2119_spi.obj (.text:WriteDataSPI)
                  0000d608    00000060     sysbios.aem4f : BIOS.obj (.text:ti_sysbios_knl_Task_schedule__I)
                  0000d668    0000005e     grlib.lib : widget.obj (.text:WidgetMessageSendPreOrder)
                  0000d6c6    0000005e     bmi160.obj (.text:bmi160_getAccel)
                  0000d724    0000005e     drivers_tivaware.aem4f : UARTTiva.oem4f (.text:readIsrBinaryBlocking)
                  0000d782    00000002     --HOLE-- [fill = 0]
                  0000d784    0000005c     GlobalDraw.obj (.text:OnSliderChange)
                  0000d7e0    0000005c     Kentec320x240x16_ssd2119_spi.obj (.text:WriteCommandSPI)
                  0000d83c    0000005c     Motor.obj (.text:freq2ticks)
                  0000d898    0000005c     GraphFunctions.obj (.text:max_element)
                  0000d8f4    0000005c     empty_pem4f.oem4f (.text:ti_sysbios_knl_Swi_create)
                  0000d950    0000005c     sysbios.aem4f : BIOS.obj (.text:ti_sysbios_knl_Swi_run__I)
                  0000d9ac    00000004     empty_pem4f.oem4f (.text:xdc_runtime_System_Module_GateProxy_enter__E)
                  0000d9b0    0000005c     sysbios.aem4f : BIOS.obj (.text:ti_sysbios_knl_Swi_schedule__I)
                  0000da0c    00000004     empty_pem4f.oem4f (.text:xdc_runtime_System_Module_GateProxy_leave__E)
                  0000da10    0000005c     sysbios.aem4f : BIOS.obj (.text:ti_sysbios_knl_Task_Module_startup__E)
                  0000da6c    00000004     ti.targets.arm.rtsarm.aem4f : System.oem4f (.text:xdc_runtime_System_aprintf_va__F)
                  0000da70    0000005c     sysbios.aem4f : BIOS.obj (.text:ti_sysbios_knl_Task_startCore__E)
                  0000dacc    0000005c     i2cDriver.obj (.text:writeI2C)
                  0000db28    0000005b     ti.targets.arm.rtsarm.aem4f : Text.oem4f (.text:xdc_runtime_Text_putLab__E)
                  0000db83    00000001     --HOLE-- [fill = 0]
                  0000db84    0000005a     grlib.lib : string.obj (.text:FontWideGlyphDataGet)
                  0000dbde    00000002     --HOLE-- [fill = 0]
                  0000dbe0    00000058     boot.aem4f : boot.oem4f (.text)
                  0000dc38    00000058     Motor.obj (.text:GetCurrentSpeed)
                  0000dc90    00000058     rtsv7M4_T_le_v4SPD16_eabi.lib : hostwrite.c.obj (.text:HOSTwrite)
                  0000dce8    00000058     grlib.lib : slider.obj (.text:SliderPositionToValue)
                  0000dd40    00000058     driverlib.lib : timer.obj (.text:TimerControlTrigger)
                  0000dd98    00000058     empty_pem4f.oem4f (.text:ti_sysbios_family_arm_m3_Hwi_construct)
                  0000ddf0    00000058     sysbios.aem4f : m3_Hwi_asm_switch.obj (.text:ti_sysbios_family_arm_m3_Hwi_initStacks__E)
                  0000de48    00000058     ustdlib.obj (.text:ustrncpy)
                  0000dea0    00000056     driverlib.lib : gpio.obj (.text:GPIOIntTypeSet)
                  0000def6    00000056     rtsv7M4_T_le_v4SPD16_eabi.lib : _printfi.c.obj (.text:_pconv_f)
                  0000df4c    00000054                                   : _ltoa.c.obj (.text:__TI_ltoa)
                  0000dfa0    00000054     sensors.obj (.text:i2c_Open)
                  0000dff4    00000054     drivers_tivaware.aem4f : UARTTiva.oem4f (.text:readIsrBinaryCallback)
                  0000e048    00000054     sysbios.aem4f : BIOS.obj (.text:ti_sysbios_family_arm_lm4_Timer_initDevice__I)
                  0000e09c    00000004     ti.targets.arm.rtsarm.aem4f : System.oem4f (.text:xdc_runtime_System_printf_va__F)
                  0000e0a0    00000054     sysbios.aem4f : BIOS.obj (.text:ti_sysbios_knl_Swi_Instance_finalize__E)
                  0000e0f4    00000054     empty_pem4f.oem4f (.text:ti_sysbios_knl_Task_construct)
                  0000e148    00000054     ti.targets.arm.rtsarm.aem4f : Assert.oem4f (.text:xdc_runtime_Assert_raise__I)
                  0000e19c    00000052     rtsv7M4_T_le_v4SPD16_eabi.lib : _printfi.c.obj (.text:_ecpy)
                  0000e1ee    00000002     --HOLE-- [fill = 0]
                  0000e1f0    00000050     drivers_tivaware.aem4f : GPIOTiva.oem4f (.text:GPIO_setCallback)
                  0000e240    00000050                            : GPIOTiva.oem4f (.text:GPIO_write)
                  0000e290    00000050                            : UARTTiva.oem4f (.text:UARTTiva_writeCancel)
                  0000e2e0    00000050     Boot.aem4f : Boot_sysctl.oem4f (.text:_SysCtlFrequencyGet)
                  0000e330    00000050     sysbios.aem4f : BIOS.obj (.text:ti_sysbios_family_arm_m3_Hwi_Module_startup__E)
                  0000e380    00000050     ti.targets.arm.rtsarm.aem4f : Startup.oem4f (.text:xdc_runtime_Startup_exec__E)
                  0000e3d0    00000050                                 : Text.oem4f (.text:xdc_runtime_Text_visitRope2__I)
                  0000e420    0000004c     drivers_tivaware.aem4f : UARTTiva.oem4f (.text:UARTTiva_close)
                  0000e46c    0000004c     grlib.lib : widget.obj (.text:WidgetRemove)
                  0000e4b8    0000004c     rtsv7M4_T_le_v4SPD16_eabi.lib : atoi.c.obj (.text:atoi)
                  0000e504    0000004c                                   : cpy_tbl.c.obj (.text:copy_in)
                  0000e550    0000004c     i2cDriver.obj (.text:readI2C)
                  0000e59c    00000004     --HOLE-- [fill = 0]
                  0000e5a0    0000004c     sysbios.aem4f : BIOS.obj (.text:ti_sysbios_family_arm_lm4_Timer_setAvailMask__E)
                  0000e5ec    00000004     --HOLE-- [fill = 0]
                  0000e5f0    0000004c                   : BIOS.obj (.text:ti_sysbios_heaps_HeapMem_getStats__E)
                  0000e63c    00000004     --HOLE-- [fill = 0]
                  0000e640    0000004c                   : BIOS.obj (.text:ti_sysbios_knl_Swi_runLoop__I)
                  0000e68c    00000004     --HOLE-- [fill = 0]
                  0000e690    0000004c                   : BIOS.obj (.text:ti_sysbios_knl_Task_allBlockedFunction__I)
                  0000e6dc    00000004     --HOLE-- [fill = 0]
                  0000e6e0    0000004c                   : BIOS.obj (.text:ti_sysbios_knl_Task_block__E)
                  0000e72c    0000004a     drivers_tivaware.aem4f : PWMTimerTiva.oem4f (.text:PWMTimerTiva_close)
                  0000e776    0000004a     grlib.lib : string.obj (.text:UpdateContextCharMapping)
                  0000e7c0    00000048     driverlib.lib : gpio.obj (.text:GPIOPinConfigure)
                  0000e808    00000048                   : i2c.obj (.text:I2CMasterInitExpClk)
                  0000e850    00000048     rtsv7M4_T_le_v4SPD16_eabi.lib : fd_toi_t2.asm.obj (.text)
                  0000e898    00000048     sysbios.aem4f : BIOS.obj (.text:ti_sysbios_family_arm_lm4_Timer_enableTimers__I)
                  0000e8e0    00000048                   : BIOS.obj (.text:ti_sysbios_family_arm_m3_Hwi_disableInterrupt__E)
                  0000e928    00000048                   : BIOS.obj (.text:ti_sysbios_family_arm_m3_Hwi_enableInterrupt__E)
                  0000e970    00000048                   : BIOS.obj (.text:ti_sysbios_family_arm_m3_Hwi_excReserved__I)
                  0000e9b8    00000048                   : BIOS.obj (.text:ti_sysbios_hal_SecondsClock_increment__I)
                  0000ea00    00000048                   : BIOS.obj (.text:ti_sysbios_knl_Mailbox_Module_startup__E)
                  0000ea48    00000046     grlib.lib : line.obj (.text:GrLineDrawH)
                  0000ea8e    00000046               : line.obj (.text:GrLineDrawV)
                  0000ead4    00000046     Kentec320x240x16_ssd2119_spi.obj (.text:Kentec320x240x16_SSD2119PixelDraw)
                  0000eb1a    00000046     drivers_tivaware.aem4f : RingBuf.oem4f (.text:RingBuf_put)
                  0000eb60    00000046     UARTLocal.obj (.text:initUART)
                  0000eba6    00000046     ti.targets.arm.rtsarm.aem4f : Core-params.oem4f (.text:xdc_runtime_Core_assignParams__I)
                  0000ebec    00000044     GraphFunctions.obj (.text:CalcNoRemainder)
                  0000ec30    00000044     sysbios.aem4f : BIOS.obj (.text:ti_sysbios_family_arm_lm4_Timer_isrStub__E)
                  0000ec74    00000004     --HOLE-- [fill = 0]
                  0000ec78    00000044                   : BIOS.obj (.text:ti_sysbios_family_arm_m3_Hwi_getStackInfo__E)
                  0000ecbc    00000004     --HOLE-- [fill = 0]
                  0000ecc0    00000044                   : BIOS.obj (.text:ti_sysbios_knl_Mailbox_postInit__I)
                  0000ed04    00000004     --HOLE-- [fill = 0]
                  0000ed08    00000044                   : BIOS.obj (.text:ti_sysbios_knl_Swi_post__E)
                  0000ed4c    00000044     ti.targets.arm.rtsarm.aem4f : Error.oem4f (.text:xdc_runtime_Error_setX__E)
                  0000ed90    00000044                                 : SysMin.oem4f (.text:xdc_runtime_SysMin_flush__E)
                  0000edd4    00000044                                 : Text.oem4f (.text:xdc_runtime_Text_xprintf__I)
                  0000ee18    00000042     driverlib.lib : uart.obj (.text:UARTConfigSetExpClk)
                  0000ee5a    00000042     drivers_tivaware.aem4f : UARTTiva.oem4f (.text:UARTTiva_hwiIntFxn)
                  0000ee9c    00000042                            : UARTTiva.oem4f (.text:UARTTiva_writePolling)
                  0000eede    00000002     --HOLE-- [fill = 0]
                  0000eee0    00000040     GraphData.obj (.text:InitsingleBuffer)
                  0000ef20    00000040     drivers_tivaware.aem4f : RingBuf.oem4f (.text:RingBuf_get)
                  0000ef60    00000040                            : UARTTiva.oem4f (.text:UARTTiva_read)
                  0000efa0    00000040     rtsv7M4_T_le_v4SPD16_eabi.lib : u_divt2.asm.obj (.text)
                  0000efe0    00000040                                   : sprintf.c.obj (.text:sprintf)
                  0000f020    00000040     sysbios.aem4f : BIOS.obj (.text:ti_sysbios_family_arm_lm4_Timer_startup__E)
                  0000f060    00000040                   : BIOS.obj (.text:ti_sysbios_hal_SecondsClock_getTime__E)
                  0000f0a0    0000003e     driverlib.lib : adc.obj (.text:ADCSequenceConfigure)
                  0000f0de    0000003e     rtsv7M4_T_le_v4SPD16_eabi.lib : _printfi.c.obj (.text:_fcpy)
                  0000f11c    0000003c     driverlib.lib : ssi.obj (.text:SSIConfigSetExpClk)
                  0000f158    0000003c     Estop.obj (.text:checkEstop)
                  0000f194    00000004     --HOLE-- [fill = 0]
                  0000f198    0000003c     sysbios.aem4f : BIOS.obj (.text:ti_sysbios_family_arm_m3_Hwi_excSvCall__I)
                  0000f1d4    00000004     --HOLE-- [fill = 0]
                  0000f1d8    0000003c                   : BIOS.obj (.text:ti_sysbios_heaps_HeapMem_init__I)
                  0000f214    00000004     --HOLE-- [fill = 0]
                  0000f218    0000003c                   : BIOS.obj (.text:ti_sysbios_knl_Swi_restore__E)
                  0000f254    0000003a     grlib.lib : string.obj (.text:FontGlyphDataGet)
                  0000f28e    0000003a     drivers_tivaware.aem4f : I2CTiva.oem4f (.text:I2CTiva_completeTransfer)
                  0000f2c8    00000038     grlib.lib : rectangle.obj (.text:GrRectOverlapCheck)
                  0000f300    00000038     drivers_tivaware.aem4f : I2C.oem4f (.text:I2C_init)
                  0000f338    00000038                            : PWM.oem4f (.text:PWM_init)
                  0000f370    00000038     GlobalDraw.obj (.text:RemoveGraph)
                  0000f3a8    00000038     GlobalDraw.obj (.text:RemoveGraphSelect)
                  0000f3e0    00000038     driverlib.lib : sysctl.obj (.text:SysCtlPeripheralReady)
                  0000f418    00000038     drivers_tivaware.aem4f : UART.oem4f (.text:UART_init)
                  0000f450    00000038     rtsv7M4_T_le_v4SPD16_eabi.lib : trgmsg.c.obj (.text:__TI_writemsg)
                  0000f488    00000038     sysbios.aem4f : BIOS.obj (.text:ti_sysbios_family_arm_m3_Hwi_excNoIsr__I)
                  0000f4c0    00000038                   : BIOS.obj (.text:ti_sysbios_knl_Task_processVitalTaskFlag__I)
                  0000f4f8    00000038     ti.targets.arm.rtsarm.aem4f : SysMin.oem4f (.text:xdc_runtime_SysMin_putch__E)
                  0000f530    00000038                                 : System.oem4f (.text:xdc_runtime_System_atexit__E)
                  0000f568    00000036     grlib.lib : line.obj (.text:GrClipCodeGet)
                  0000f59e    00000036     drivers_tivaware.aem4f : I2CTiva.oem4f (.text:I2CTiva_close)
                  0000f5d4    00000036                            : UARTTiva.oem4f (.text:UARTTiva_readCancel)
                  0000f60a    00000002     --HOLE-- [fill = 0]
                  0000f60c    00000034     driverlib.lib : sysctl.obj (.text:SysCtlPeripheralEnable)
                  0000f640    00000034     rtsv7M4_T_le_v4SPD16_eabi.lib : trgmsg.c.obj (.text:__TI_readmsg)
                  0000f674    00000034     bmi160.obj (.text:bmi160_readConvert)
                  0000f6a8    00000034     GraphData.obj (.text:initGraphBuffers)
                  0000f6dc    00000004     --HOLE-- [fill = 0]
                  0000f6e0    00000034     sysbios.aem4f : BIOS.obj (.text:ti_sysbios_family_arm_m3_Hwi_Instance_finalize__E)
                  0000f714    00000004     --HOLE-- [fill = 0]
                  0000f718    00000034                   : BIOS.obj (.text:ti_sysbios_family_arm_m3_Hwi_excNmi__I)
                  0000f74c    00000004     --HOLE-- [fill = 0]
                  0000f750    00000034                   : BIOS.obj (.text:ti_sysbios_hal_Hwi_checkStack)
                  0000f784    00000034     empty_pem4f.oem4f (.text:ti_sysbios_knl_Clock_construct)
                  0000f7b8    00000034     ti.targets.arm.rtsarm.aem4f : Core-label.oem4f (.text:xdc_runtime_Core_assignLabel__I)
                  0000f7ec    00000033                                 : Text.oem4f (.text:xdc_runtime_Text_printVisFxn__I)
                  0000f81f    00000001     --HOLE-- [fill = 0]
                  0000f820    00000032     sysbios.aem4f : BIOS.obj (.text:ti_sysbios_hal_Hwi_initStack)
                  0000f852    00000032     ustdlib.obj (.text:usprintf)
                  0000f884    00000030     drivers_tivaware.aem4f : GPIOTiva.oem4f (.text:GPIO_enableInt)
                  0000f8b4    00000030                            : GPIOTiva.oem4f (.text:GPIO_read)
                  0000f8e4    00000030                            : I2C.oem4f (.text:I2C_open)
                  0000f914    00000030                            : PWMTiva.oem4f (.text:PWMTiva_init)
                  0000f944    00000030                            : PWM.oem4f (.text:PWM_open)
                  0000f974    00000030                            : UART.oem4f (.text:UART_open)
                  0000f9a4    00000030     empty_pem4f.oem4f (.text:ti_sysbios_BIOS_atExitFunc__I)
                  0000f9d4    00000004     --HOLE-- [fill = 0]
                  0000f9d8    00000030     sysbios.aem4f : BIOS.obj (.text:ti_sysbios_family_arm_lm4_Timer_stop__E)
                  0000fa08    00000030                   : BIOS.obj (.text:ti_sysbios_family_arm_m3_TaskSupport_start__E)
                  0000fa38    00000030     empty_pem4f.oem4f (.text:ti_sysbios_gates_GateHwi_Object__create__S)
                  0000fa68    00000030     empty_pem4f.oem4f (.text:ti_sysbios_gates_GateHwi_create)
                  0000fa98    00000030     empty_pem4f.oem4f (.text:ti_sysbios_gates_GateMutexPri_Object__create__S)
                  0000fac8    00000030     empty_pem4f.oem4f (.text:ti_sysbios_gates_GateMutexPri_create)
                  0000faf8    00000030     empty_pem4f.oem4f (.text:ti_sysbios_gates_GateMutex_Object__create__S)
                  0000fb28    00000030     empty_pem4f.oem4f (.text:ti_sysbios_gates_GateSwi_Object__create__S)
                  0000fb58    00000030     empty_pem4f.oem4f (.text:ti_sysbios_gates_GateSwi_create)
                  0000fb88    00000030     empty_pem4f.oem4f (.text:ti_sysbios_heaps_HeapMem_Object__create__S)
                  0000fbb8    00000030     sysbios.aem4f : BIOS.obj (.text:ti_sysbios_knl_Event_pendTimeout__I)
                  0000fbe8    00000030     empty_pem4f.oem4f (.text:ti_sysbios_knl_Semaphore_construct)
                  0000fc18    00000030     sysbios.aem4f : BIOS.obj (.text:ti_sysbios_knl_Semaphore_pendTimeout__I)
                  0000fc48    00000030                   : BIOS.obj (.text:ti_sysbios_knl_Task_unblockI__E)
                  0000fc78    00000030     ti.targets.arm.rtsarm.aem4f : SysMin.oem4f (.text:xdc_runtime_SysMin_abort__E)
                  0000fca8    00000030                                 : System.oem4f (.text:xdc_runtime_System_processAtExit__E)
                  0000fcd8    0000002e     driverlib.lib : adc.obj (.text:ADCIntStatus)
                  0000fd06    0000002e     grlib.lib : string.obj (.text:GrStringNextCharGet)
                  0000fd34    0000002e     rtsv7M4_T_le_v4SPD16_eabi.lib : i_tofd_t2.asm.obj (.text)
                  0000fd62    00000002     --HOLE-- [fill = 0]
                  0000fd64    0000002c     EK_TM4C1294XL.obj (.text:EK_TM4C1294XL_initUART)
                  0000fd90    0000002c     grlib.lib : string.obj (.text:GrFontBaselineGet)
                  0000fdbc    0000002c               : string.obj (.text:GrFontHeightGet)
                  0000fde8    0000002c     Motor.obj (.text:MotorInit)
                  0000fe14    0000002c     grlib.lib : pushbutton.obj (.text:RectangularButtonMsgProc)
                  0000fe40    0000002c               : slider.obj (.text:SliderMsgProc)
                  0000fe6c    0000002c               : widget.obj (.text:WidgetIsInTree)
                  0000fe98    0000002c     GlobalDraw.obj (.text:removeSensorPage)
                  0000fec4    0000002c     empty_pem4f.oem4f (.text:ti_sysbios_knl_Clock_doTick__I)
                  0000fef0    0000002c     empty_pem4f.oem4f (.text:ti_sysbios_knl_Event_construct)
                  0000ff1c    0000002c     empty_pem4f.oem4f (.text:ti_sysbios_knl_Queue_construct)
                  0000ff48    0000002c     sysbios.aem4f : BIOS.obj (.text:ti_sysbios_knl_Task_restore__E)
                  0000ff74    0000002c     ti.targets.arm.rtsarm.aem4f : Text.oem4f (.text:xdc_runtime_Text_cordText__E)
                  0000ffa0    0000002a     driverlib.lib : gpio.obj (.text:GPIODirModeSet)
                  0000ffca    0000002a     bmi160.obj (.text:bmi160_delay)
                  0000fff4    0000002a     ti.targets.arm.rtsarm.aem4f : System.oem4f (.text:xdc_runtime_System_putchar__I)
                  0001001e    00000028     Kentec320x240x16_ssd2119_spi.obj (.text:Kentec320x240x16_SSD2119ColorTranslate)
                  00010046    00000002     --HOLE-- [fill = 0]
                  00010048    00000028     sysbios.aem4f : BIOS.obj (.text:ti_sysbios_knl_Clock_addI__E)
                  00010070    00000028                   : BIOS.obj (.text:ti_sysbios_knl_Swi_Module_startup__E)
                  00010098    00000026     grlib.lib : string.obj (.text:GrFontInfoGet)
                  000100be    00000026     sysbios.aem4f : m3_Hwi_asm.obj (.text:ti_sysbios_family_arm_m3_Hwi_pendSV__I)
                  000100e4    00000026     ti.targets.arm.rtsarm.aem4f : System.oem4f (.text:xdc_runtime_System_avprintf__E)
                  0001010a    00000002     --HOLE-- [fill = 0]
                  0001010c    00000024     GlobalDraw.obj (.text:BackGraphSelect)
                  00010130    00000024     GlobalDraw.obj (.text:BackMainGraph)
                  00010154    00000024     GlobalDraw.obj (.text:ChangeCurrentDown)
                  00010178    00000024     GlobalDraw.obj (.text:ChangeCurrentUp)
                  0001019c    00000024     GlobalDraw.obj (.text:RemoveMainPage)
                  000101c0    00000024     GlobalDraw.obj (.text:backMainSensor)
                  000101e4    00000024     empty_pem4f.oem4f (.text:ti_sysbios_BIOS_errorRaiseHook__I)
                  00010208    00000024     empty_pem4f.oem4f (.text:ti_sysbios_BIOS_registerRTSLock__I)
                  0001022c    00000024     empty_pem4f.oem4f (.text:ti_sysbios_BIOS_removeRTSLock__I)
                  00010250    00000024     empty_pem4f.oem4f (.text:ti_sysbios_BIOS_startFunc__I)
                  00010274    00000024     empty_pem4f.oem4f (.text:ti_sysbios_gates_GateMutexPri_Object__delete__S)
                  00010298    00000024     empty_pem4f.oem4f (.text:ti_sysbios_gates_GateMutex_Object__delete__S)
                  000102bc    00000004     --HOLE-- [fill = 0]
                  000102c0    00000024     sysbios.aem4f : BIOS.obj (.text:ti_sysbios_knl_Clock_Module_startup__E)
                  000102e4    00000004     --HOLE-- [fill = 0]
                  000102e8    00000024                   : BIOS.obj (.text:ti_sysbios_knl_Task_restoreHwi__E)
                  0001030c    00000024     ti.targets.arm.rtsarm.aem4f : System.oem4f (.text:xdc_runtime_System_vprintf__E)
                  00010330    00000022     grlib.lib : string.obj (.text:GrFontGlyphDataGet)
                  00010352    00000022     driverlib.lib : pwm.obj (.text:PWMGenConfigure)
                  00010374    00000022     drivers_tivaware.aem4f : PWMTiva.oem4f (.text:PWMTiva_getPeriodCounts)
                  00010396    00000002     --HOLE-- [fill = 0]
                  00010398    00000022     sysbios.aem4f : BIOS.obj (.text:ti_sysbios_family_arm_lm4_Timer_write__I)
                  000103ba    00000022     empty_pem4f.oem4f (.text:xdc_runtime_SysMin_output__I)
                  000103dc    00000020     Boot.aem4f : Boot_sysctl.oem4f (.text:_SysCtlMemTimingGet)
                  000103fc    00000020     Estop.obj (.text:initEstop)
                  0001041c    00000020     rtsv7M4_T_le_v4SPD16_eabi.lib : u_tofd_t2.asm.obj (.text)
                  0001043c    00000020     empty_pem4f.oem4f (.text:ti_sysbios_BIOS_rtsLock__I)
                  0001045c    00000004     --HOLE-- [fill = 0]
                  00010460    00000020     sysbios.aem4f : BIOS.obj (.text:ti_sysbios_family_arm_lm4_Timer_getFreq__E)
                  00010480    00000020                   : m3_Hwi_asm.obj (.text:ti_sysbios_family_arm_m3_Hwi_excHandlerAsm__I)
                  000104a0    00000020                   : BIOS.obj (.text:ti_sysbios_family_arm_m3_Hwi_excHandler__I)
                  000104c0    00000020     empty_pem4f.oem4f (.text:ti_sysbios_gates_GateHwi_Object__delete__S)
                  000104e0    00000020     empty_pem4f.oem4f (.text:ti_sysbios_gates_GateSwi_Object__delete__S)
                  00010500    00000020     empty_pem4f.oem4f (.text:ti_sysbios_heaps_HeapMem_Object__delete__S)
                  00010520    00000020     empty_pem4f.oem4f (.text:ti_sysbios_knl_Clock_Object__destruct__S)
                  00010540    00000020     sysbios.aem4f : BIOS.obj (.text:ti_sysbios_knl_Idle_run__E)
                  00010560    00000020     empty_pem4f.oem4f (.text:ti_sysbios_knl_Semaphore_Object__destruct__S)
                  00010580    00000020     ti.targets.arm.rtsarm.aem4f : Registry.oem4f (.text:xdc_runtime_Registry_findById__E)
                  000105a0    00000020                                 : SysMin.oem4f (.text:xdc_runtime_SysMin_Module_startup__E)
                  000105c0    0000001e     driverlib.lib : adc.obj (.text:ADCSequenceDataGet)
                  000105de    0000001e     grlib.lib : string.obj (.text:GrFontCodepageGet)
                  000105fc    0000001e     driverlib.lib : pwm.obj (.text:PWMPulseWidthSet)
                  0001061a    0000001e     drivers_tivaware.aem4f : PWMTiva.oem4f (.text:PWMTiva_getPeriodMicroSecs)
                  00010638    0000001e     grlib.lib : widget.obj (.text:WidgetAdd)
                  00010656    0000001e     sysbios.aem4f : m3_Hwi_asm_switch.obj (.text:ti_sysbios_family_xxx_Hwi_switchAndRunFunc)
                  00010674    0000001e     Clock.obj (.text:updatetime)
                  00010692    00000002     --HOLE-- [fill = 0]
                  00010694    0000001c     driverlib.lib : uart.obj (.text:UARTDisable)
                  000106b0    0000001c     grlib.lib : widget.obj (.text:WidgetPointerMessage)
                  000106cc    0000001c     drivers_tivaware.aem4f : GPIOTiva.oem4f (.text:getGpioIntIndex)
                  000106e8    0000001c     rtsv7M4_T_le_v4SPD16_eabi.lib : memccpy.c.obj (.text:memccpy)
                  00010704    0000001c     empty_pem4f.oem4f (.text:ti_sysbios_family_arm_m3_Hwi_Object__destruct__S)
                  00010720    0000001c     sysbios.aem4f : BIOS.obj (.text:ti_sysbios_gates_GateMutexPri_Instance_init__E)
                  0001073c    00000004     --HOLE-- [fill = 0]
                  00010740    0000001c                   : BIOS.obj (.text:ti_sysbios_gates_GateMutex_Instance_init__E)
                  0001075c    0000001c     empty_pem4f.oem4f (.text:ti_sysbios_knl_Queue_Object__destruct__S)
                  00010778    0000001c     sysbios.aem4f : BIOS.obj (.text:ti_sysbios_knl_Queue_put__E)
                  00010794    00000004     --HOLE-- [fill = 0]
                  00010798    0000001c                   : BIOS.obj (.text:ti_sysbios_knl_Task_enter__I)
                  000107b4    0000001c     ti.targets.arm.rtsarm.aem4f : Error.oem4f (.text:xdc_runtime_Error_raiseX__E)
                  000107d0    0000001c                                 : Memory.oem4f (.text:xdc_runtime_Memory_valloc__E)
                  000107ec    0000001c                                 : SysMin.oem4f (.text:xdc_runtime_SysMin_exit__E)
                  00010808    0000001c                                 : System.oem4f (.text:xdc_runtime_System_abort__E)
                  00010824    0000001a     rtsv7M4_T_le_v4SPD16_eabi.lib : s_copysign.c.obj (.text:copysign)
                  0001083e    0000001a     empty_pem4f.oem4f (.text:ti_sysbios_family_arm_m3_Hwi_Handle__label__S)
                  00010858    0000001a     empty_pem4f.oem4f (.text:ti_sysbios_gates_GateHwi_Handle__label__S)
                  00010872    0000001a     empty_pem4f.oem4f (.text:ti_sysbios_gates_GateMutexPri_Handle__label__S)
                  0001088c    0000001a     empty_pem4f.oem4f (.text:ti_sysbios_gates_GateMutex_Handle__label__S)
                  000108a6    0000001a     empty_pem4f.oem4f (.text:ti_sysbios_gates_GateSwi_Handle__label__S)
                  000108c0    0000001a     empty_pem4f.oem4f (.text:ti_sysbios_heaps_HeapMem_Handle__label__S)
                  000108da    0000001a     empty_pem4f.oem4f (.text:ti_sysbios_knl_Swi_Handle__label__S)
                  000108f4    0000001a     empty_pem4f.oem4f (.text:ti_sysbios_knl_Task_Handle__label__S)
                  0001090e    0000001a     empty_pem4f.oem4f (.text:xdc_runtime_System_aprintf__E)
                  00010928    0000001a     empty_pem4f.oem4f (.text:xdc_runtime_System_printf__E)
                  00010942    00000018     driverlib.lib : adc.obj (.text:ADCProcessorTrigger)
                  0001095a    00000002     --HOLE-- [fill = 0]
                  0001095c    00000018     Estop.obj (.text:EstopPower)
                  00010974    00000018     driverlib.lib : gpio.obj (.text:GPIOPinTypeGPIOOutput)
                  0001098c    00000018                   : timer.obj (.text:TimerControlLevel)
                  000109a4    00000018     drivers_tivaware.aem4f : UART.oem4f (.text:UART_Params_init)
                  000109bc    00000018     rtsv7M4_T_le_v4SPD16_eabi.lib : args_main.c.obj (.text:_args_main)
                  000109d4    00000018                                   : sprintf.c.obj (.text:_outs)
                  000109ec    00000018     Motor.obj (.text:clk0Fxn)
                  00010a04    00000018     empty_pem4f.oem4f (.text:ti_sysbios_BIOS_rtsUnlock__I)
                  00010a1c    00000018     empty_pem4f.oem4f (.text:ti_sysbios_family_arm_lm4_Timer_Module__startupDone__F)
                  00010a34    00000018     empty_pem4f.oem4f (.text:ti_sysbios_family_arm_m3_Hwi_Module__startupDone__F)
                  00010a4c    00000018     sysbios.aem4f : m3_TaskSupport_asm.obj (.text:ti_sysbios_family_arm_m3_TaskSupport_swap__E)
                  00010a64    00000004     --HOLE-- [fill = 0]
                  00010a68    00000018                   : BIOS.obj (.text:ti_sysbios_gates_GateMutex_leave__E)
                  00010a80    00000018     empty_pem4f.oem4f (.text:ti_sysbios_knl_Clock_Module__startupDone__F)
                  00010a98    00000018     sysbios.aem4f : BIOS.obj (.text:ti_sysbios_knl_Task_sleepTimeout__I)
                  00010ab0    00000018     ti.targets.arm.rtsarm.aem4f : Error.oem4f (.text:xdc_runtime_Error_check__E)
                  00010ac8    00000018                                 : System.oem4f (.text:xdc_runtime_System_exit__E)
                  00010ae0    00000018                                 : Text.oem4f (.text:xdc_runtime_Text_ropeText__E)
                  00010af8    00000016     grlib.lib : string.obj (.text:GrStringDraw)
                  00010b0e    00000016     driverlib.lib : i2c.obj (.text:I2CMasterErr)
                  00010b24    00000016     rtsv7M4_T_le_v4SPD16_eabi.lib : strchr.c.obj (.text:strchr)
                  00010b3a    00000016     empty_pem4f.oem4f (.text:ti_sysbios_BIOS_exitFunc__I)
                  00010b50    00000016     Motor.obj (.text:ti_sysbios_gates_GateHwi_Params_init)
                  00010b66    00000016     GlobalDraw.obj (.text:ti_sysbios_gates_GateMutexPri_Params_init)
                  00010b7c    00000016     Motor.obj (.text:ti_sysbios_gates_GateSwi_Params_init)
                  00010b92    00000016     Motor.obj (.text:ti_sysbios_knl_Clock_Params_init)
                  00010ba8    00000016     Motor.obj (.text:ti_sysbios_knl_Swi_Params_init)
                  00010bbe    00000016     empty.obj (.text:ti_sysbios_knl_Swi_Params_init)
                  00010bd4    00000016     empty.obj (.text:ti_sysbios_knl_Task_Params_init)
                  00010bea    00000014     grlib.lib : canvas.obj (.text:CanvasMsgProc)
                  00010bfe    00000002     --HOLE-- [fill = 0]
                  00010c00    00000014     Kentec320x240x16_ssd2119_spi.obj (.text:LED_OFF)
                  00010c14    00000014     Kentec320x240x16_ssd2119_spi.obj (.text:LED_ON)
                  00010c28    00000014     driverlib.lib : pwm.obj (.text:PWMClockSet)
                  00010c3c    00000014                   : sysctl.obj (.text:SysCtlPWMClockSet)
                  00010c50    00000014                   : timer.obj (.text:TimerDisable)
                  00010c64    00000014     touch.obj (.text:TouchScreenCallbackSet)
                  00010c78    00000014     driverlib.lib : uart.obj (.text:UARTEnable)
                  00010c8c    00000014     grlib.lib : widget.obj (.text:WidgetMutexGet)
                  00010ca0    00000014     rtsv7M4_T_le_v4SPD16_eabi.lib : strlen.c.obj (.text:strlen)
                  00010cb4    00000014     empty_pem4f.oem4f (.text:ti_sysbios_family_arm_m3_Hwi_Object__get__S)
                  00010cc8    00000014     sysbios.aem4f : BIOS.obj (.text:ti_sysbios_family_arm_m3_Hwi_switchFromBootStack__E)
                  00010cdc    00000014     empty_pem4f.oem4f (.text:ti_sysbios_heaps_HeapMem_Object__get__S)
                  00010cf0    00000014     sysbios.aem4f : BIOS.obj (.text:ti_sysbios_knl_Event_Instance_init__E)
                  00010d04    00000014     empty_pem4f.oem4f (.text:ti_sysbios_knl_Swi_Object__get__S)
                  00010d18    00000012     driverlib.lib : gpio.obj (.text:GPIOPinTypeADC)
                  00010d2a    00000012                   : gpio.obj (.text:GPIOPinTypeEthernetLED)
                  00010d3c    00000012                   : gpio.obj (.text:GPIOPinTypeGPIOInput)
                  00010d4e    00000012                   : gpio.obj (.text:GPIOPinTypeI2C)
                  00010d60    00000012                   : gpio.obj (.text:GPIOPinTypeI2CSCL)
                  00010d72    00000012                   : gpio.obj (.text:GPIOPinTypePWM)
                  00010d84    00000012                   : gpio.obj (.text:GPIOPinTypeSSI)
                  00010d96    00000012                   : gpio.obj (.text:GPIOPinTypeTimer)
                  00010da8    00000012                   : gpio.obj (.text:GPIOPinTypeUART)
                  00010dba    00000012                   : gpio.obj (.text:GPIOPinTypeUSBAnalog)
                  00010dcc    00000012                   : gpio.obj (.text:GPIOPinTypeUSBDigital)
                  00010dde    00000012                   : pwm.obj (.text:PWMGenPeriodGet)
                  00010df0    00000012                   : pwm.obj (.text:PWMOutputInvert)
                  00010e02    00000012                   : pwm.obj (.text:PWMOutputState)
                  00010e14    00000012     drivers_tivaware.aem4f : RingBuf.oem4f (.text:RingBuf_construct)
                  00010e26    00000012     driverlib.lib : ssi.obj (.text:SSIDataGetNonBlocking)
                  00010e38    00000012                   : timer.obj (.text:TimerLoadSet)
                  00010e4a    00000012                   : timer.obj (.text:TimerMatchSet)
                  00010e5c    00000012                   : timer.obj (.text:TimerPrescaleMatchSet)
                  00010e6e    00000012                   : timer.obj (.text:TimerPrescaleSet)
                  00010e80    00000012     sysbios.aem4f : BIOS.obj (.text:ti_sysbios_hal_Hwi_Module_startup__E)
                  00010e92    00000006     grlib.lib : string.obj (.text:GrContextFontSet)
                  00010e98    00000012     sysbios.aem4f : BIOS.obj (.text:ti_sysbios_hal_Timer_Module_startup__E)
                  00010eaa    00000012     rtsv7M4_T_le_v4SPD16_eabi.lib : wcslen.c.obj (.text:wcslen)
                  00010ebc    00000012     empty_pem4f.oem4f (.text:xdc_runtime_Startup_exec__I)
                  00010ece    00000002     --HOLE-- [fill = 0]
                  00010ed0    00000010     empty_pem4f.oem4f (.text:.bootCodeSection:ti_catalog_arm_cortexm4_tiva_ce_Boot_init__I)
                  00010ee0    00000010     driverlib.lib : adc.obj (.text:ADCIntEnable)
                  00010ef0    00000010     GlobalDraw.obj (.text:ChangeAccelDown)
                  00010f00    00000010     GlobalDraw.obj (.text:ChangeAccelUp)
                  00010f10    00000010     driverlib.lib : fpu.obj (.text:FPUEnable)
                  00010f20    00000010                   : fpu.obj (.text:FPULazyStackingEnable)
                  00010f30    00000010     drivers_tivaware.aem4f : I2C.oem4f (.text:I2C_Params_init)
                  00010f40    00000010     driverlib.lib : pwm.obj (.text:PWMGenPeriodSet)
                  00010f50    00000010     drivers_tivaware.aem4f : PWM.oem4f (.text:PWM_Params_init)
                  00010f60    00000010                            : UARTTiva.oem4f (.text:readBlockingTimeout)
                  00010f70    00000010     sysbios.aem4f : BIOS.obj (.text:ti_sysbios_BIOS_getCpuFreq__E)
                  00010f80    00000010                   : BIOS.obj (.text:ti_sysbios_BIOS_setThreadType__E)
                  00010f90    00000010                   : BIOS.obj (.text:ti_sysbios_BIOS_start__E)
                  00010fa0    00000010                   : BIOS.obj (.text:ti_sysbios_family_arm_lm4_TimestampProvider_rolloverFunc__E)
                  00010fb0    00000010                   : m3_TaskSupport_asm.obj (.text:ti_sysbios_family_arm_m3_TaskSupport_glue)
                  00010fc0    00000010                   : BIOS.obj (.text:ti_sysbios_gates_GateMutexPri_Instance_finalize__E)
                  00010fd0    00000010                   : BIOS.obj (.text:ti_sysbios_gates_GateMutex_Instance_finalize__E)
                  00010fe0    00000010     empty_pem4f.oem4f (.text:ti_sysbios_knl_Mailbox_Object__get__S)
                  00010ff0    00000010     sysbios.aem4f : BIOS.obj (.text:ti_sysbios_knl_Semaphore_Instance_finalize__E)
                  00011000    00000010                   : BIOS.obj (.text:ti_sysbios_knl_Swi_disable__E)
                  00011010    00000010     empty_pem4f.oem4f (.text:ti_sysbios_knl_Task_Object__get__S)
                  00011020    00000010     sysbios.aem4f : BIOS.obj (.text:ti_sysbios_knl_Task_disable__E)
                  00011030    00000010     Clock.obj (.text:timer1sec)
                  00011040    00000010     driverlib.lib : udma.obj (.text:uDMAEnable)
                  00011050    00000010     ti.targets.arm.rtsarm.aem4f : Gate.oem4f (.text:xdc_runtime_Gate_leaveSystem__E)
                  00011060    00000010                                 : Memory.oem4f (.text:xdc_runtime_Memory_free__E)
                  00011070    00000010                                 : SysMin.oem4f (.text:xdc_runtime_SysMin_ready__E)
                  00011080    00000010                                 : System.oem4f (.text:xdc_runtime_System_vsnprintf__E)
                  00011090    00000010     empty_pem4f.oem4f (.text:xdc_runtime_Text_visitRope__I)
                  000110a0    0000000e     driverlib.lib : adc.obj (.text:ADCSequenceEnable)
                  000110ae    0000000e                   : gpio.obj (.text:GPIOIntStatus)
                  000110bc    0000000e     grlib.lib : image.obj (.text:GrImageDraw)
                  000110ca    0000000e     driverlib.lib : timer.obj (.text:TimerEnable)
                  000110d8    0000000e                   : uart.obj (.text:UARTCharGetNonBlocking)
                  000110e6    0000000e                   : uart.obj (.text:UARTCharPutNonBlocking)
                  000110f4    0000000e     rtsv7M4_T_le_v4SPD16_eabi.lib : copy_decompress_none.c.obj (.text:decompress:none:__TI_decompress_none)
                  00011102    00000006     driverlib.lib : i2c.obj (.text:I2CMasterIntDisable)
                  00011108    0000000e     sysbios.aem4f : BIOS.obj (.text:ti_sysbios_knl_Idle_loop__E)
                  00011116    00000002     --HOLE-- [fill = 0]
                  00011118    0000000e                   : BIOS.obj (.text:ti_sysbios_knl_Queue_empty__E)
                  00011126    0000000c     driverlib.lib : gpio.obj (.text:GPIOIntEnable)
                  00011132    0000000c                   : pwm.obj (.text:PWMGenDisable)
                  0001113e    0000000c                   : pwm.obj (.text:PWMGenEnable)
                  0001114a    0000000c     drivers_tivaware.aem4f : RingBuf.oem4f (.text:RingBuf_peek)
                  00011156    0000000c     driverlib.lib : uart.obj (.text:UARTFlowControlSet)
                  00011162    0000000c     drivers_tivaware.aem4f : UARTTiva.oem4f (.text:UARTTiva_init)
                  0001116e    00000002     --HOLE-- [fill = 0]
                  00011170    0000000c     rtsv7M4_T_le_v4SPD16_eabi.lib : _lock.c.obj (.text:_register_lock)
                  0001117c    0000000c                                   : _lock.c.obj (.text:_register_unlock)
                  00011188    0000000c     GlobalDraw.obj (.text:btntest)
                  00011194    0000000c     rtsv7M4_T_le_v4SPD16_eabi.lib : copy_zero_init.c.obj (.text:decompress:ZI:__TI_zero_init)
                  000111a0    0000000c     sysbios.aem4f : BIOS.obj (.text:ti_sysbios_family_arm_lm4_Timer_getAvailMask__E)
                  000111ac    00000004     --HOLE-- [fill = 0]
                  000111b0    0000000c                   : BIOS.obj (.text:ti_sysbios_family_arm_lm4_Timer_getMaxTicks__E)
                  000111bc    00000004     --HOLE-- [fill = 0]
                  000111c0    0000000c                   : BIOS.obj (.text:ti_sysbios_family_arm_lm4_TimestampProvider_startTimer__E)
                  000111cc    0000000c     empty_pem4f.oem4f (.text:ti_sysbios_family_arm_m3_Hwi_Params__init__S)
                  000111d8    0000000c     sysbios.aem4f : BIOS.obj (.text:ti_sysbios_family_arm_m3_Hwi_disableFxn__E)
                  000111e4    00000004     --HOLE-- [fill = 0]
                  000111e8    0000000c                   : BIOS.obj (.text:ti_sysbios_family_arm_m3_TaskSupport_checkStack__E)
                  000111f4    00000004     --HOLE-- [fill = 0]
                  000111f8    0000000c                   : BIOS.obj (.text:ti_sysbios_family_arm_m3_TaskSupport_getStackAlignment__E)
                  00011204    0000000c     empty_pem4f.oem4f (.text:ti_sysbios_gates_GateHwi_Params__init__S)
                  00011210    0000000c     sysbios.aem4f : BIOS.obj (.text:ti_sysbios_gates_GateHwi_enter__E)
                  0001121c    0000000c     empty_pem4f.oem4f (.text:ti_sysbios_gates_GateMutexPri_Params__init__S)
                  00011228    0000000c     empty_pem4f.oem4f (.text:ti_sysbios_gates_GateSwi_Params__init__S)
                  00011234    00000004     --HOLE-- [fill = 0]
                  00011238    0000000c     sysbios.aem4f : BIOS.obj (.text:ti_sysbios_gates_GateSwi_query__E)
                  00011244    00000004     --HOLE-- [fill = 0]
                  00011248    0000000c                   : BIOS.obj (.text:ti_sysbios_hal_SecondsClock_set__E)
                  00011254    0000000c     empty_pem4f.oem4f (.text:ti_sysbios_knl_Clock_Params__init__S)
                  00011260    0000000c     sysbios.aem4f : BIOS.obj (.text:ti_sysbios_knl_Clock_getTicks__E)
                  0001126c    0000000c     Estop.obj (.text:ti_sysbios_knl_Event_handle)
                  00011278    0000000c     empty_pem4f.oem4f (.text:ti_sysbios_knl_Queue_Object__get__S)
                  00011284    0000000c     empty_pem4f.oem4f (.text:ti_sysbios_knl_Semaphore_Params__init__S)
                  00011290    0000000c     empty_pem4f.oem4f (.text:ti_sysbios_knl_Swi_Params__init__S)
                  0001129c    0000000c     empty_pem4f.oem4f (.text:ti_sysbios_knl_Task_Params__init__S)
                  000112a8    0000000c     driverlib.lib : udma.obj (.text:uDMAControlBaseSet)
                  000112b4    0000000c     ti.targets.arm.rtsarm.aem4f : Error.oem4f (.text:xdc_runtime_Error_init__E)
                  000112c0    0000000c                                 : Gate.oem4f (.text:xdc_runtime_Gate_enterSystem__E)
                  000112cc    0000000c                                 : Memory.oem4f (.text:xdc_runtime_Memory_calloc__E)
                  000112d8    0000000c                                 : Memory.oem4f (.text:xdc_runtime_Memory_getMaxDefaultTypeAlign__E)
                  000112e4    0000000a     driverlib.lib : adc.obj (.text:ADCIntClear)
                  000112ee    0000000a                   : i2c.obj (.text:I2CMasterDisable)
                  000112f8    0000000a                   : i2c.obj (.text:I2CMasterEnable)
                  00011302    0000000a     drivers_tivaware.aem4f : I2CTiva.oem4f (.text:I2CTiva_init)
                  0001130c    0000000a                            : I2C.oem4f (.text:I2C_transfer)
                  00011316    0000000a     Kentec320x240x16_ssd2119_spi.obj (.text:Kentec320x240x16_SSD2119Flush)
                  00011320    0000000a     drivers_tivaware.aem4f : PWMTimerTiva.oem4f (.text:PWMTimerTiva_getPeriodCounts)
                  0001132a    0000000a                            : PWM.oem4f (.text:PWM_setDuty)
                  00011334    0000000a     driverlib.lib : ssi.obj (.text:SSIDataPut)
                  0001133e    0000000a                   : ssi.obj (.text:SSIEnable)
                  00011348    0000000a                   : uart.obj (.text:UARTCharGet)
                  00011352    0000000a                   : uart.obj (.text:UARTCharPut)
                  0001135c    0000000a                   : uart.obj (.text:UARTIntDisable)
                  00011366    0000000a                   : uart.obj (.text:UARTIntStatus)
                  00011370    0000000a     rtsv7M4_T_le_v4SPD16_eabi.lib : sprintf.c.obj (.text:_outc)
                  0001137a    0000000a     empty_pem4f.oem4f (.text:xdc_runtime_IHeap_alloc)
                  00011384    0000000a     empty_pem4f.oem4f (.text:xdc_runtime_IHeap_free)
                  0001138e    00000008     EK_TM4C1294XL.obj (.text:EK_TM4C1294XL_initGPIO)
                  00011396    00000008     grlib.lib : charmap.obj (.text:GrMapISO8859_1_Unicode)
                  0001139e    00000008     driverlib.lib : i2c.obj (.text:I2CMasterIntClear)
                  000113a6    00000008                   : i2c.obj (.text:I2CMasterSlaveAddrSet)
                  000113ae    00000008     drivers_tivaware.aem4f : I2CTiva.oem4f (.text:I2CTiva_blockingCallback)
                  000113b6    00000008                            : PWMTimerTiva.oem4f (.text:PWMTimerTiva_init)
                  000113be    00000008     driverlib.lib : ssi.obj (.text:SSIBusy)
                  000113c6    00000008                   : uart.obj (.text:UARTIntEnable)
                  000113ce    00000008                   : uart.obj (.text:UARTRxErrorGet)
                  000113d6    00000002     --HOLE-- [fill = 0]
                  000113d8    00000008     rtsv7M4_T_le_v4SPD16_eabi.lib : errno.c.obj (.text:__aeabi_errno_addr)
                  000113e0    00000008     drivers_tivaware.aem4f : UARTTiva.oem4f (.text:readSemCallback)
                  000113e8    00000008     sysbios.aem4f : BIOS.obj (.text:ti_sysbios_family_arm_lm4_Timer_masterDisable__I)
                  000113f0    00000008                   : BIOS.obj (.text:ti_sysbios_family_arm_m3_Hwi_doSwiRestore__I)
                  000113f8    00000008                   : BIOS.obj (.text:ti_sysbios_family_arm_m3_Hwi_startup__E)
                  00011400    00000008     drivers_tivaware.aem4f : UARTTiva.oem4f (.text:writeSemCallback)
                  00011408    00000006     driverlib.lib : i2c.obj (.text:I2CMasterIntEnable)
                  0001140e    00000006     drivers_tivaware.aem4f : I2CTiva.oem4f (.text:I2CTiva_control)
                  00011414    00000006                            : PWMTimerTiva.oem4f (.text:PWMTimerTiva_getPeriodMicroSecs)
                  0001141a    00000006     driverlib.lib : sysctl.obj (.text:SysCtlDelay)
                  00011420    00000006                   : uart.obj (.text:UARTFIFOLevelSet)
                  00011426    00000006                   : uart.obj (.text:UARTRxErrorClear)
                  0001142c    00000006     grlib.lib : widget.obj (.text:WidgetMutexPut)
                  00011432    00000006     ti.targets.arm.rtsarm.aem4f : System.oem4f (.text:xdc_runtime_System_Module_startup__E)
                  00011438    00000006     sysbios.aem4f : BIOS.obj (.text:ti_sysbios_family_arm_lm4_TimestampProvider_Module_startup__E)
                  0001143e    00000002     --HOLE-- [fill = 0]
                  00011440    00000006                   : BIOS.obj (.text:ti_sysbios_family_arm_m3_Hwi_doTaskRestore__I)
                  00011446    00000002     --HOLE-- [fill = 0]
                  00011448    00000006                   : BIOS.obj (.text:ti_sysbios_family_arm_m3_Hwi_restoreFxn__E)
                  0001144e    00000002     --HOLE-- [fill = 0]
                  00011450    00000006                   : BIOS.obj (.text:ti_sysbios_gates_GateHwi_leave__E)
                  00011456    00000002     --HOLE-- [fill = 0]
                  00011458    00000006                   : BIOS.obj (.text:ti_sysbios_gates_GateSwi_leave__E)
                  0001145e    00000002     --HOLE-- [fill = 0]
                  00011460    00000006                   : BIOS.obj (.text:ti_sysbios_heaps_HeapMem_isBlocking__E)
                  00011466    00000002     --HOLE-- [fill = 0]
                  00011468    00000006                   : BIOS.obj (.text:ti_sysbios_knl_Clock_stop__E)
                  0001146e    00000002     --HOLE-- [fill = 0]
                  00011470    00000006                   : BIOS.obj (.text:ti_sysbios_knl_Queue_Instance_init__E)
                  00011476    00000002     --HOLE-- [fill = 0]
                  00011478    00000006                   : BIOS.obj (.text:ti_sysbios_knl_Swi_startup__E)
                  0001147e    00000002     --HOLE-- [fill = 0]
                  00011480    00000004                   : BIOS.obj (.text:ti_sysbios_family_arm_lm4_Timer_getPeriod__E)
                  00011484    00000004     --HOLE-- [fill = 0]
                  00011488    00000004                   : BIOS.obj (.text:ti_sysbios_gates_GateHwi_query__E)
                  0001148c    00000004     --HOLE-- [fill = 0]
                  00011490    00000004                   : BIOS.obj (.text:ti_sysbios_gates_GateMutexPri_query__E)
                  00011494    00000004     --HOLE-- [fill = 0]
                  00011498    00000004                   : BIOS.obj (.text:ti_sysbios_gates_GateMutex_query__E)
                  0001149c    00000004     --HOLE-- [fill = 0]
                  000114a0    00000004                   : BIOS.obj (.text:ti_sysbios_knl_Task_startup__E)
                  000114a4    00000004     --HOLE-- [fill = 0]
                  000114a8    00000002                   : BIOS.obj (.text:ti_sysbios_gates_GateHwi_Instance_init__E)
                  000114aa    00000006     --HOLE-- [fill = 0]
                  000114b0    00000002                   : BIOS.obj (.text:ti_sysbios_gates_GateSwi_Instance_init__E)
                  000114b2    00000006     --HOLE-- [fill = 0]
                  000114b8    00000002                   : BIOS.obj (.text:ti_sysbios_knl_Clock_logTick__E)

.const     0    000114c0    00008512     
                  000114c0    00001958     empty_pem4f.oem4f (.const:xdc_runtime_Text_charTab__A)
                  00012e18    00001000     rtsv7M4_T_le_v4SPD16_eabi.lib : s_exp2.c.obj (.const:tbl)
                  00013e18    0000095e     grlib.lib : fontcm20.obj (.const:.string:g_pui8Cm20Data)
                  00014776    000008c1               : fontcmss20.obj (.const:.string:g_pui8Cmss20Data)
                  00015037    00000782               : fontcmss18b.obj (.const:.string:g_pui8Cmss18bData)
                  000157b9    00000759               : fontcm16.obj (.const:.string:g_pui8Cm16Data)
                  00015f12    000005c7               : fontcmss12b.obj (.const:.string:g_pui8Cmss12bData)
                  000164d9    00000514               : fontcmss12.obj (.const:.string:g_pui8Cmss12Data)
                  000169ed    00000261     GUIImg.obj (.const:.string:VelText)
                  00016c4e    0000024f     GUIImg.obj (.const:.string:BrightText)
                  00016e9d    0000024d     GUIImg.obj (.const:.string:g_pui8Logo)
                  000170ea    0000020d     GUIImg.obj (.const:.string:g_pui8btn140x40)
                  000172f7    0000020d     GUIImg.obj (.const:.string:g_pui8btn150x40Press)
                  00017504    00000208     GUIImg.obj (.const:.string:accelText)
                  0001770c    000001c4     GUIImg.obj (.const:.string:CurrentText)
                  000178d0    0000017b     Images.obj (.const:.string:g_pui8accSlow)
                  00017a4b    0000017b     Images.obj (.const:.string:g_pui8accfast)
                  00017bc6    0000017b     Images.obj (.const:.string:g_pui8accmid)
                  00017d41    00000163     Images.obj (.const:.string:g_pui8Stop)
                  00017ea4    00000160     Images.obj (.const:.string:g_pui8Go)
                  00018004    0000015d     Images.obj (.const:.string:g_pui8idle)
                  00018161    00000124     Images.obj (.const:.string:g_pui8Night)
                  00018285    00000001     empty_pem4f.oem4f (.const:xdc_runtime_Error_policy__C)
                  00018286    00000002     empty_pem4f.oem4f (.const:ti_catalog_arm_cortexm4_tiva_ce_Boot_Module__id__C)
                  00018288    00000120     Boot.aem4f : Boot_sysctl.oem4f (.const:g_pppui32XTALtoVCO)
                  000183a8    00000107     GUIImg.obj (.const:.string:g_pui8arrowRight)
                  000184af    00000101     rtsv7M4_T_le_v4SPD16_eabi.lib : ctype.c.obj (.const:.string:_ctypes_)
                  000185b0    000000f8     Images.obj (.const:.string:g_pui8Day)
                  000186a8    000000e0     empty_pem4f.oem4f (.const:xdc_runtime_Text_nodeTab__A)
                  00018788    000000c8     grlib.lib : fontcm16.obj (.const:g_sFontCm16)
                  00018850    000000c8               : fontcm20.obj (.const:g_sFontCm20)
                  00018918    000000c8               : fontcmss12.obj (.const:g_sFontCmss12)
                  000189e0    000000c8               : fontcmss12b.obj (.const:g_sFontCmss12b)
                  00018aa8    000000c8               : fontcmss18b.obj (.const:g_sFontCmss18b)
                  00018b70    000000c8               : fontcmss20.obj (.const:g_sFontCmss20)
                  00018c38    000000a5     GUIImg.obj (.const:.string:g_pui8arrowLeft)
                  00018cdd    00000001     --HOLE-- [fill = 0]
                  00018cde    00000002     empty_pem4f.oem4f (.const:ti_sysbios_family_arm_m3_Hwi_Module__id__C)
                  00018ce0    00000090     driverlib.lib : gpio.obj (.const:g_pui32GPIOBaseAddrs)
                  00018d70    00000086     GlobalDraw.obj (.const:.string)
                  00018df6    00000076     GUIImg.obj (.const:.string:g_pui8backBtn)
                  00018e6c    00000070     driverlib.lib : interrupt.obj (.const)
                  00018edc    0000006c     Boot.aem4f : Boot_sysctl.oem4f (.const:g_pui32Xtals)
                  00018f48    00000060     MotorLib.lib : motorlib.obj (.const:PWM_config)
                  00018fa8    00000054     drivers_tivaware.aem4f : GPIOTiva.oem4f (.const:.string)
                  00018ffc    00000054     MotorLib.lib : motorlib.obj (.const:motorLibPWMTivaHWAttrs)
                  00019050    0000004c     drivers_tivaware.aem4f : UARTTiva.oem4f (.const)
                  0001909c    00000048     empty_pem4f.oem4f (.const:.string)
                  000190e4    00000048     drivers_tivaware.aem4f : GPIOTiva.oem4f (.const:gpioBaseAddresses)
                  0001912c    0000003c     empty_pem4f.oem4f (.const:ti_sysbios_knl_Task_Object__PARAMS__C)
                  00019168    00000030     EK_TM4C1294XL.obj (.const:I2C_config)
                  00019198    00000030     Boot.aem4f : Boot_sysctl.oem4f (.const:g_sXTALtoMEMTIM)
                  000191c8    00000030     empty_pem4f.oem4f (.const:ti_sysbios_family_arm_m3_Hwi_Object__PARAMS__C)
                  000191f8    00000030     empty_pem4f.oem4f (.const:xdc_runtime_Startup_sfxnTab__A)
                  00019228    00000028     drivers_tivaware.aem4f : UARTTiva.oem4f (.const:UARTTiva_fxnTable)
                  00019250    00000028     Kentec320x240x16_ssd2119_spi.obj (.const:g_sKentec320x240x16_SSD2119)
                  00019278    00000028     empty_pem4f.oem4f (.const:ti_sysbios_heaps_HeapMem_Module__FXNS__C)
                  000192a0    00000028     empty_pem4f.oem4f (.const:ti_sysbios_knl_Swi_Object__PARAMS__C)
                  000192c8    00000024     drivers_tivaware.aem4f : UART.oem4f (.const:UART_defaultParams)
                  000192ec    00000024     EK_TM4C1294XL.obj (.const:i2cTivaHWAttrs)
                  00019310    00000024     empty_pem4f.oem4f (.const:ti_sysbios_gates_GateHwi_Module__FXNS__C)
                  00019334    00000024     empty_pem4f.oem4f (.const:ti_sysbios_gates_GateMutexPri_Module__FXNS__C)
                  00019358    00000024     empty_pem4f.oem4f (.const:ti_sysbios_gates_GateMutex_Module__FXNS__C)
                  0001937c    00000024     empty_pem4f.oem4f (.const:ti_sysbios_gates_GateSwi_Module__FXNS__C)
                  000193a0    00000024     empty_pem4f.oem4f (.const:ti_sysbios_heaps_HeapMem_Object__PARAMS__C)
[...]
00019928  xdc_runtime_Core_Module__diagsMask__C                                
0001992c  xdc_runtime_Error_E_generic__C                                       
00019930  xdc_runtime_Error_E_memory__C                                        
00019934  xdc_runtime_Error_Module__diagsEnabled__C                            
00019938  xdc_runtime_Error_Module__diagsIncluded__C                           
0001993c  xdc_runtime_Error_Module__diagsMask__C                               
00019940  xdc_runtime_Error_Module__loggerFxn8__C                              
00019944  xdc_runtime_Error_Module__loggerObj__C                               
00019948  xdc_runtime_Error_policyFxn__C                                       
0001994c  xdc_runtime_Error_raiseHook__C                                       
00019950  xdc_runtime_IGateProvider_Interface__BASE__C                         
00019954  xdc_runtime_IHeap_Interface__BASE__C                                 
00019958  xdc_runtime_IModule_Interface__BASE__C                               
0001995c  xdc_runtime_Log_L_error__C                                           
00019960  xdc_runtime_Memory_defaultHeapInstance__C                            
00019964  xdc_runtime_Startup_execImpl__C                                      
00019968  xdc_runtime_Startup_lastFxns__A                                      
0001996c  xdc_runtime_Startup_maxPasses__C                                     
00019970  xdc_runtime_Startup_sfxnRts__C                                       
00019974  xdc_runtime_Startup_sfxnTab__C                                       
00019978  xdc_runtime_SysMin_bufSize__C                                        
0001997c  xdc_runtime_SysMin_outputFunc__C                                     
00019980  xdc_runtime_System_Module__gateObj__C                                
00019984  xdc_runtime_System_abortFxn__C                                       
00019988  xdc_runtime_System_exitFxn__C                                        
0001998c  xdc_runtime_System_extendFxn__C                                      
00019990  xdc_runtime_System_maxAtexitHandlers__C                              
00019994  xdc_runtime_Text_charTab__C                                          
00019998  xdc_runtime_Text_nameEmpty__C                                        
0001999c  xdc_runtime_Text_nameStatic__C                                       
000199a0  xdc_runtime_Text_nameUnknown__C                                      
000199a4  xdc_runtime_Text_nodeTab__C                                          
000199a8  xdc_runtime_Text_visitRopeFxn__C                                     
000199ac  ti_sysbios_gates_GateMutex_Module__id__C                             
000199ae  ti_sysbios_gates_GateSwi_Module__id__C                               
000199b0  ti_sysbios_hal_Hwi_Module__id__C                                     
000199b2  ti_sysbios_heaps_HeapMem_Module__id__C                               
000199b4  ti_sysbios_knl_Clock_Module__id__C                                   
000199b6  ti_sysbios_knl_Event_Module__id__C                                   
000199b8  ti_sysbios_knl_Semaphore_Module__id__C                               
000199ba  ti_sysbios_knl_Swi_Module__id__C                                     
000199bc  ti_sysbios_knl_Task_Module__id__C                                    
000199be  xdc_runtime_Core_Module__id__C                                       
000199c0  xdc_runtime_Error_Module__loggerDefined__C                           
000199c2  xdc_runtime_Error_maxDepth__C                                        
000199c4  xdc_runtime_Main_Module__id__C                                       
000199c6  xdc_runtime_Memory_Module__id__C                                     
000199c8  xdc_runtime_SysMin_flushAtExit__C                                    
000199ca  xdc_runtime_Text_charCnt__C                                          
000199cc  xdc_runtime_Text_isLoaded__C                                         
000199ce  xdc_runtime_Text_registryModsLastId__C                               
000199d0  xdc_runtime_Text_unnamedModsLastId__C                                
000199d8  __TI_static_base__                                                   
00019e08  __TI_Handler_Table_Base                                              
00019e14  __TI_Handler_Table_Limit                                             
00019e28  __TI_CINIT_Base                                                      
00019e40  __TI_CINIT_Limit                                                     
20000000  __start___llvm_prf_cnts                                              
20000000  __stop___llvm_prf_cnts                                               
20000000  ti_sysbios_family_arm_m3_Hwi_ramVectors                              
20000400  ti_sysbios_heaps_HeapMem_Instance_State_0_buf__A                     
20001400  readAccelStack                                                       
20001c00  readCurrentStack                                                     
20002400  readLightStack                                                       
20002c00  task0Stack                                                           
20003400  taskTouchStack                                                       
20003c00  psDMAControlTable                                                    
20004000  xdc_runtime_SysMin_Module_State_0_outbuf__A                          
20004400  ti_sysbios_family_arm_m3_Hwi_dispatchTable                           
20004760  ti_sysbios_knl_Task_Instance_State_0_stack__A                        
20004960  AccelData                                                            
20004af0  CurrentData                                                          
20004c80  LightData                                                            
20004e10  VelocityData                                                         
20004fa0  i2cTivaObjects                                                       
20005260  __CIOBUF_                                                            
20005380  adcBuffer2                                                           
20005488  bmi160_accel_values                                                  
20005578  uartTivaObjects                                                      
20005644  EstopEvent                                                           
20005648  Sensor_Filtered_Buffer                                               
200056e8  VelocityBuffer                                                       
20005818  readAccelStruct                                                      
20005868  readCurrentStruct                                                    
200058b8  readLightStruct                                                      
20005908  task0Struct                                                          
20005958  taskTouchStruct                                                      
200059a8  motorLibPWMObjects                                                   
200059e0  sContext                                                             
20005a0c  ScreenGate                                                           
20005a10  adc_current_values                                                   
20005a38  opt3001_light_values                                                 
20005a60  clk0Struct                                                           
20005ac4  uartTivaRingBuffer                                                   
20005ae4  SwiPrams                                                             
20005afc  datetime                                                             
20005b14  gHwiprms                                                             
20005b2c  motorLibPWMTimerObjects                                              
20005b44  evtStruct                                                            
20005b68  i2cParams                                                            
20005b98  AccBox                                                               
20005ba0  Banner                                                               
20005ba8  BannerB                                                              
20005bb0  Distbox                                                              
20005bb8  clearBox                                                             
20005bc0  graphClear                                                           
20005bc8  parmbuf                                                              
20005bd0  SwiGate                                                              
20005bd4  SwiHandle                                                            
20005bd8  g_pi32ParmSet                                                        
20005be0  g_ui32Panel                                                          
20005be4  gateHwi                                                              
20005bec  i2c                                                                  
20005bf0  postedStop                                                           
20005bf4  swiAccelSensorFilterHandle                                           
20005bf8  swiCurrentSensorFilterHandle                                         
20005bfc  swiLightSensorFilterHandle                                           
20005c00  uart                                                                 
20005c04  g_i16TouchX                                                          
20005c06  g_i16TouchY                                                          
20005c08  ti_sysbios_family_arm_lm4_Timer_Object__table__V                     
20005c88  ti_sysbios_knl_Swi_Module_State_0_readyQ__A                          
20005d08  ti_sysbios_knl_Task_Module_State_0_readyQ__A                         
20005d88  VelocitySecond                                                       
20005d90  bufferpos                                                            
20005d98  current_Des                                                          
20005da0  Hall_changed                                                         
20005da8  desired_speed                                                        
20005db0  estop                                                                
20005db8  pwm_current                                                          
20005dc0  error_sum                                                            
20005dc8  current_speed                                                        
20005dd0  current_speed_estop                                                  
20005dd8  previous_speed                                                       
20005de0  previous_speed_estop                                                 
20005de8  noMove                                                               
20005dec  Stop                                                                 
20005ded  SelectedScreen                                                       
20005dee  OnSensorPage                                                         
20005def  OnMotorPage                                                          
20005df0  MotorSpeedSlider                                                     
20005e4c  AccDownBtn                                                           
20005e9c  AccUpBtn                                                             
20005eec  CurrentDownBtn                                                       
20005f3c  CurrentUpBtn                                                         
20005f8c  DistDownBtn                                                          
20005fdc  DistUpBtn                                                            
2000602c  GraphPgBtn                                                           
2000607c  LightGraphBtn                                                        
200060cc  MotorGraphBtn                                                        
2000611c  MotorMode                                                            
2000616c  MotorPgBtn                                                           
200061bc  PowerGraphBtn                                                        
2000620c  SensorPgBtn                                                          
2000625c  TestGraphBtn                                                         
200062ac  backGraphBtn                                                         
200062fc  backGraphSelectBtn                                                   
2000634c  backMotorBtn                                                         
2000639c  backSensorBtn                                                        
200063ec  ti_sysbios_knl_Task_Object__table__V                                 
20006438  ti_sysbios_family_arm_m3_Hwi_Object__table__V                        
20006480  LightSecond                                                          
20006488  CurrentSecond                                                        
20006490  AccelSecond                                                          
20006498  MaxCurrent                                                           
200064a0  opt3001_filteredValue                                                
200064a8  FilteredAccelPos                                                     
200064b0  bmi160_filteredValue                                                 
200064b8  current_filteredValue                                                
200064c0  bufferCurrent                                                        
200064c4  ti_sysbios_knl_Task_Module__state__V                                 
20006508  g_Acceleration                                                       
20006548  g_MotorStat                                                          
20006588  g_sCanvas2                                                           
200065c8  g_sCanvas3                                                           
20006608  g_text                                                               
20006648  ti_sysbios_family_arm_lm4_Timer_Module_State_0_device__A             
20006688  ti_sysbios_hal_SecondsClock_Module__state__V                         
200066c4  ti_sysbios_family_arm_m3_Hwi_Module__state__V                        
200066f8  ti_sysbios_knl_Swi_Object__table__V                                  
20006728  g_sRoot                                                              
20006756  ti_sysbios_family_arm_m3_Hwi_Module_State_0_excActive__A             
20006758  ti_sysbios_knl_Clock_Module__state__V                                
20006784  ti_sysbios_BIOS_Module__state__V                                     
200067a8  ti_sysbios_family_arm_lm4_Timer_Module_State_0_handles__A            
200067c8  gpioPinConfigs                                                       
200067e4  ti_sysbios_gates_GateMutex_Object__table__V                          
20006800  ti_sysbios_knl_Swi_Module__state__V                                  
20006834  ti_sysbios_gates_GateMutexPri_Object__table__V                       
2000684c  ti_sysbios_heaps_HeapMem_Object__table__V                            
20006864  motorStartStop                                                       
20006865  HA                                                                   
20006866  HB                                                                   
20006867  HC                                                                   
20006868  LowLight                                                             
20006869  ongraph                                                              
2000686c  currentDirection                                                     
20006870  CurrentMotorStat                                                     
20006874  CurrentAcceleration                                                  
20006878  ti_sysbios_family_arm_lm4_Timer_Module__state__V                     
20006884  xdc_runtime_SysMin_Module__state__V                                  
20006890  _lock                                                                
20006894  _unlock                                                              
20006898  gpioCallbackFunctions                                                
200068a0  ti_sysbios_family_arm_lm4_TimestampProvider_Module__state__V         
200068a8  ti_sysbios_family_arm_m3_Hwi_Module__root__V                         
200068b0  ti_sysbios_gates_GateHwi_Module__root__V                             
200068b8  ti_sysbios_gates_GateMutexPri_Module__root__V                        
200068c0  ti_sysbios_gates_GateMutex_Module__root__V                           
200068c8  ti_sysbios_gates_GateSwi_Module__root__V                             
200068d0  ti_sysbios_heaps_HeapMem_Module__root__V                             
200068d8  ti_sysbios_knl_Clock_Module__root__V                                 
200068e0  ti_sysbios_knl_Event_Module__root__V                                 
200068e8  ti_sysbios_knl_Queue_Module__root__V                                 
200068f0  ti_sysbios_knl_Semaphore_Module__root__V                             
200068f8  ti_sysbios_knl_Swi_Module__root__V                                   
20006900  ti_sysbios_knl_Task_Module__root__V                                  
20006908  xdc_runtime_Registry_Module__state__V                                
20006910  xdc_runtime_Startup_Module__state__V                                 
20006918  xdc_runtime_System_Module_State_0_atexitHandlers__A                  
20006920  xdc_runtime_System_Module__state__V                                  
20006928  AccelStop                                                            
2000692a  PowerEstop                                                           
2000692c  EStop                                                                
2000692e  xdc_runtime_Error_Module__state__V                                   
20006935  LightGraph                                                           
20006936  AccelGraph                                                           
20006937  CurrentGraph                                                         
20006938  VelocityGraph                                                        
2000693c  MaxAccel                                                             
2000694c  errno                                                                
20006950  main_func_sp                                                         
20006954  ti_sysbios_family_arm_m3_Hwi_Module_State_0_excContext__A            
20006958  ti_sysbios_family_arm_m3_Hwi_Module_State_0_excStack__A              
2000695c  ti_sysbios_gates_GateHwi_Object__table__V                            
20006960  ti_sysbios_knl_Task_Module_State_0_idleTask__A                       
20006964  g_i16TouchMin                                                        
20006968  xdc_runtime_Memory_Module__state__V                                  
20006970  __stack                                                              
20006d70  __STACK_END                                                          
e000e000  ti_sysbios_family_arm_m3_Hwi_nvic                                    
ffffffff  __TI_pprof_out_hndl                                                  
ffffffff  __TI_prof_data_size                                                  
ffffffff  __TI_prof_data_start                                                 
ffffffff  __binit__                                                            
ffffffff  __c_args__                                                           
ffffffff  binit                                                                
UNDEFED   SHT$$INIT_ARRAY$$Base                                                
UNDEFED   SHT$$INIT_ARRAY$$Limit                                               

[1134 symbols]
