******************************************************************************
                  TI ARM Linker PC v20.2.5                     
******************************************************************************
>> Linked Sun May  8 21:25:09 2022

OUTPUT FILE NAME:   <EGH456MotorProject.out>
ENTRY POINT SYMBOL: "_c_int00"  address: 0000b57d


MEMORY CONFIGURATION

         name            origin    length      used     unused   attr    fill
----------------------  --------  ---------  --------  --------  ----  --------
  FLASH                 00000000   00100000  00018e30  000e71d0  R  X
  SRAM                  20000000   00040000  000043dc  0003bc24  RW X


SEGMENT ALLOCATION MAP

run origin  load origin   length   init length attrs members
----------  ----------- ---------- ----------- ----- -------
00000000    00000000    00018e40   00018e40    r-x
  00000000    00000000    0000003c   0000003c    r-- .resetVecs
  00000040    00000040    0000e542   0000e542    r-x .text
  0000e588    0000e588    0000a00a   0000a00a    r-- .const
  00018598    00018598    000008a8   000008a8    r-- .cinit
20000000    20000000    00000360   00000000    rw-
  20000000    20000000    00000360   00000000    rw- .vecs
20000400    20000400    00004080   00000000    rw-
  20000400    20000400    0000245c   00000000    rw- .bss
  20002860    20002860    00001920   00000000    rw- .data
  20004180    20004180    00000300   00000000    rw- .stack


SECTION ALLOCATION MAP

 output                                  attributes/
section   page    origin      length       input sections
--------  ----  ----------  ----------   ----------------
.text      0    00000040    0000e542     
                  00000040    00000a4e     rtsv7M4_T_le_v4SPD16_eabi.lib : _printfi.c.obj (.text:__TI_printfi)
                  00000a8e    00000002                                   : _lock.c.obj (.text:_nop)
                  00000a90    00000438     ustdlib.obj (.text:uvsnprintf)
                  00000ec8    00000430     sysbios.aem4f : BIOS.obj (.text:ti_sysbios_family_arm_m3_Hwi_excDumpRegs__I)
                  000012f8    00000378     empty.obj (.text:MotorPage)
                  00001670    00000374     empty.obj (.text:GraphPrimitive)
                  000019e4    00000374     grlib.lib : image.obj (.text:InternalImageDraw)
                  00001d58    0000034c     ti.targets.arm.rtsarm.aem4f : System.oem4f (.text:xdc_runtime_System_doPrint__I)
                  000020a4    000002f8     grlib.lib : image.obj (.text:PixelTransparentDraw)
                  0000239c    000002c6               : slider.obj (.text:SliderPaint)
                  00002662    00000002     rtsv7M4_T_le_v4SPD16_eabi.lib : div0.asm.obj (.text)
                  00002664    000002b0     Clock.obj (.text:timeConvert)
                  00002914    00000004     driverlib.lib : i2c.obj (.text:I2CMasterControl)
                  00002918    000002a4     sysbios.aem4f : BIOS.obj (.text:ti_sysbios_knl_Semaphore_pend__E)
                  00002bbc    00000278     empty.obj (.text:OnPrimitivePaint)
                  00002e34    00000270     rtsv7M4_T_le_v4SPD16_eabi.lib : _printfi.c.obj (.text:_pconv_a)
                  000030a4    00000004     driverlib.lib : i2c.obj (.text:I2CMasterDataGet)
                  000030a8    0000026c     sysbios.aem4f : BIOS.obj (.text:ti_sysbios_heaps_HeapMem_free__E)
                  00003314    00000268     touch.obj (.text:TouchScreenDebouncer)
                  0000357c    00000254     grlib.lib : string.obj (.text:GrFontGlyphRender)
                  000037d0    00000250     sysbios.aem4f : BIOS.obj (.text:ti_sysbios_heaps_HeapMem_alloc__E)
                  00003a20    00000234                   : BIOS.obj (.text:ti_sysbios_knl_Task_Instance_finalize__E)
                  00003c54    00000228     empty.obj (.text:OnIntroPaint)
                  00003e7c    00000004     driverlib.lib : i2c.obj (.text:I2CMasterDataPut)
                  00003e80    0000021c     sysbios.aem4f : BIOS.obj (.text:ti_sysbios_family_arm_lm4_Timer_Instance_init__E)
                  0000409c    0000020e     grlib.lib : checkbox.obj (.text:CheckBoxPaint)
                  000042aa    00000002     empty_pem4f.oem4f (.text:ti_sysbios_BIOS_nullFunc__I)
                  000042ac    0000020c     drivers_tivaware.aem4f : UARTTiva.oem4f (.text:UARTTiva_open)
                  000044b8    00000208     grlib.lib : circle.obj (.text:GrCircleDraw)
                  000046c0    00000204     Boot.aem4f : Boot_sysctl.oem4f (.text:ti_catalog_arm_cortexm4_tiva_ce_Boot_sysCtlClockFreqSetI__I)
                  000048c4    00000004     driverlib.lib : uart.obj (.text:UARTIntClear)
                  000048c8    000001f4     sysbios.aem4f : BIOS.obj (.text:ti_sysbios_family_arm_m3_Hwi_excHandlerMax__I)
                  00004abc    000001e4     Kentec320x240x16_ssd2119_spi.obj (.text:Kentec320x240x16_SSD2119Init)
                  00004ca0    000001dc     Kentec320x240x16_ssd2119_spi.obj (.text:Kentec320x240x16_SSD2119PixelDrawMultiple)
                  00004e7c    000001d0     rtsv7M4_T_le_v4SPD16_eabi.lib : _printfi.c.obj (.text:_pconv_g)
                  0000504c    00000004     grlib.lib : widget.obj (.text:WidgetDefaultMsgProc)
                  00005050    000001c8     sysbios.aem4f : BIOS.obj (.text:ti_sysbios_knl_Task_sleep__E)
                  00005218    000001c0                   : BIOS.obj (.text:ti_sysbios_knl_Task_Instance_init__E)
                  000053d8    000001b6     grlib.lib : radiobutton.obj (.text:RadioButtonPaint)
                  0000558e    000001b6     rtsv7M4_T_le_v4SPD16_eabi.lib : fd_add_t2.asm.obj (.text)
                  00005744    000001a8     empty.obj (.text:main)
                  000058ec    000001a4     pinout.obj (.text:PinoutSet)
                  00005a90    00000190     grlib.lib : canvas.obj (.text:CanvasPaint)
                  00005c20    00000184     empty.obj (.text:UpdateGraphPlot)
                  00005da4    0000017e     grlib.lib : pushbutton.obj (.text:RectangularButtonPaint)
                  00005f22    00000002     empty_pem4f.oem4f (.text:xdc_runtime_Startup_reset__I)
                  00005f24    00000178     touch.obj (.text:TouchScreenIntHandler)
                  0000609c    00000004     rtsv7M4_T_le_v4SPD16_eabi.lib : exit.c.obj (.text:abort:abort)
                  000060a0    00000174     sysbios.aem4f : BIOS.obj (.text:ti_sysbios_family_arm_m3_Hwi_excBusFault__I)
                  00006214    00000004     empty_pem4f.oem4f (.text:ti_sysbios_BIOS_RtsGateProxy_enter__E)
                  00006218    00000164     sysbios.aem4f : BIOS.obj (.text:ti_sysbios_family_arm_m3_Hwi_excUsageFault__I)
                  0000637c    00000154     grlib.lib : container.obj (.text:ContainerPaint)
                  000064d0    00000150     drivers_tivaware.aem4f : GPIOTiva.oem4f (.text:GPIO_setConfig)
                  00006620    00000150     empty.obj (.text:heartBeatFxn)
                  00006770    00000148     sysbios.aem4f : BIOS.obj (.text:ti_sysbios_family_arm_m3_Hwi_excMemFault__I)
                  000068b8    00000144     grlib.lib : circle.obj (.text:GrCircleFill)
                  000069fc    0000013c     rtsv7M4_T_le_v4SPD16_eabi.lib : _printfi.c.obj (.text:_pconv_e)
                  00006b38    0000013c     sysbios.aem4f : BIOS.obj (.text:ti_sysbios_heaps_HeapMem_Instance_init__E)
                  00006c74    00000136     rtsv7M4_T_le_v4SPD16_eabi.lib : fd_div_t2.asm.obj (.text)
                  00006daa    00000130     driverlib.lib : gpio.obj (.text:GPIOPadConfigSet)
                  00006eda    00000002     --HOLE-- [fill = 0]
                  00006edc    0000012c     GlobalDraw.obj (.text:BannerInit)
                  00007008    00000124     rtsv7M4_T_le_v4SPD16_eabi.lib : _printfi.c.obj (.text:fcvt)
                  0000712c    00000118     ti.targets.arm.rtsarm.aem4f : Error.oem4f (.text:xdc_runtime_Error_policyDefault__E)
                  00007244    00000110     rtsv7M4_T_le_v4SPD16_eabi.lib : s_scalbn.c.obj (.text:scalbn)
                  00007354    0000010c     Kentec320x240x16_ssd2119_spi.obj (.text:Kentec320x240x16_SSD2119RectFill)
                  00007460    0000010c     touch.obj (.text:TouchScreenInit)
                  0000756c    00000004     empty_pem4f.oem4f (.text:ti_sysbios_BIOS_RtsGateProxy_leave__E)
                  00007570    00000108     sysbios.aem4f : BIOS.obj (.text:ti_sysbios_family_arm_lm4_Timer_start__E)
                  00007678    00000108                   : BIOS.obj (.text:ti_sysbios_knl_Clock_Instance_init__E)
                  00007780    00000106     grlib.lib : line.obj (.text:GrLineDraw)
                  00007886    00000002     --HOLE-- [fill = 0]
                  00007888    00000100     GlobalDraw.obj (.text:TopBarDraw)
                  00007988    00000100     ti.targets.arm.rtsarm.aem4f : Core-mem.oem4f (.text:xdc_runtime_Core_createObject__I)
                  00007a88    000000fc     rtsv7M4_T_le_v4SPD16_eabi.lib : fd_mul_t2.asm.obj (.text)
                  00007b84    000000f8                                   : s_floor.c.obj (.text:floor)
                  00007c7c    000000f8     ti.targets.arm.rtsarm.aem4f : Startup.oem4f (.text:xdc_runtime_Startup_startMods__I)
                  00007d74    000000f8     empty_pem4f.oem4f (.text:xdc_runtime_System_printfExtend__I)
                  00007e6c    000000f4     sysbios.aem4f : m3_Hwi_asm.obj (.text:ti_sysbios_family_arm_m3_Hwi_dispatch__I)
                  00007f60    000000f2     grlib.lib : pushbutton.obj (.text:RectangularButtonClick)
                  00008052    00000006     driverlib.lib : gpio.obj (.text:GPIOIntClear)
                  00008058    000000ec     sysbios.aem4f : BIOS.obj (.text:ti_sysbios_knl_Semaphore_post__E)
                  00008144    000000e8     grlib.lib : widget.obj (.text:WidgetMessageQueueAdd)
                  0000822c    000000e0     drivers_tivaware.aem4f : I2CTiva.oem4f (.text:I2CTiva_open)
                  0000830c    000000d8     empty.obj (.text:graphSelectPage)
                  000083e4    000000d6     drivers_tivaware.aem4f : I2CTiva.oem4f (.text:I2CTiva_hwiFxn)
                  000084ba    000000d6     grlib.lib : slider.obj (.text:SliderClick)
                  00008590    000000d4     empty.obj (.text:MainPage)
                  00008664    000000cc     ti.targets.arm.rtsarm.aem4f : Core-smem.oem4f (.text:xdc_runtime_Core_constructObject__I)
                  00008730    000000c0     grlib.lib : string.obj (.text:GrDefaultStringRenderer)
                  000087f0    000000bc     sysbios.aem4f : BIOS.obj (.text:ti_sysbios_family_arm_m3_Hwi_excDebugMon__I)
                  000088ac    00000004                   : BIOS.obj (.text:ti_sysbios_family_arm_lm4_Timer_masterEnable__I)
                  000088b0    000000bc                   : BIOS.obj (.text:ti_sysbios_family_arm_m3_Hwi_excHardFault__I)
                  0000896c    000000b8     EK_TM4C1294XL.obj (.text:EK_TM4C1294XL_initGeneral)
                  00008a24    000000b8     grlib.lib : line.obj (.text:GrLineClip)
                  00008adc    000000b8     Kentec320x240x16_ssd2119_spi.obj (.text:InitSPILCDInterface)
                  00008b94    000000b4     empty.obj (.text:OnCanvasPaint)
                  00008c48    000000b4     empty.obj (.text:OnRadioChange)
                  00008cfc    000000b4     empty.obj (.text:OnSliderChange)
                  00008db0    000000b4     grlib.lib : widget.obj (.text:WidgetMessageSendPostOrder)
                  00008e64    00000004     empty_pem4f.oem4f (.text:ti_sysbios_family_arm_m3_Hwi_delete)
                  00008e68    000000b4     sysbios.aem4f : BIOS.obj (.text:ti_sysbios_gates_GateMutex_enter__E)
                  00008f1c    00000004     empty_pem4f.oem4f (.text:ti_sysbios_family_arm_m3_Hwi_destruct)
                  00008f20    000000b4     sysbios.aem4f : BIOS.obj (.text:ti_sysbios_knl_Task_checkStacks__E)
                  00008fd4    000000b1     rtsv7M4_T_le_v4SPD16_eabi.lib : _printfi.c.obj (.text:_ltostr)
                  00009085    00000001     --HOLE-- [fill = 0]
                  00009086    000000b0     grlib.lib : slider.obj (.text:SliderValueToPosition)
                  00009136    000000ac     drivers_tivaware.aem4f : UARTTiva.oem4f (.text:readTaskBlocking)
                  000091e2    00000006     driverlib.lib : gpio.obj (.text:GPIOPinRead)
                  000091e8    000000ac     sysbios.aem4f : BIOS.obj (.text:ti_sysbios_family_arm_lm4_Timer_enableTiva__I)
                  00009294    00000004     empty_pem4f.oem4f (.text:ti_sysbios_family_arm_m3_TaskSupport_Module__startupDone__S)
                  00009298    000000a4     sysbios.aem4f : BIOS.obj (.text:ti_sysbios_knl_Clock_Instance_finalize__E)
                  0000933c    000000a0     auto_init.aem4f : auto_init.oem4f (.text)
                  000093dc    000000a0     ti.targets.arm.rtsarm.aem4f : Text.oem4f (.text:xdc_runtime_Text_putMod__E)
                  0000947c    0000009c     rtsv7M4_T_le_v4SPD16_eabi.lib : memcpy_t2.asm.obj (.text)
                  00009518    0000009c     sysbios.aem4f : BIOS.obj (.text:ti_sysbios_knl_Semaphore_Instance_init__E)
                  000095b4    0000009a     ti.targets.arm.rtsarm.aem4f : Text.oem4f (.text:xdc_runtime_Text_putSite__E)
                  0000964e    00000098     drivers_tivaware.aem4f : UARTTiva.oem4f (.text:UARTTiva_readPolling)
                  000096e6    00000002     --HOLE-- [fill = 0]
                  000096e8    00000098     Boot.aem4f : Boot.oem4f (.text:ti_catalog_arm_cortexm4_tiva_ce_Boot_sysCtlClockFreqSet__E)
                  00009780    00000096     rtsv7M4_T_le_v4SPD16_eabi.lib : ull_div_t2.asm.obj (.text)
                  00009816    00000094     drivers_tivaware.aem4f : UARTTiva.oem4f (.text:UARTTiva_write)
                  000098aa    00000006     driverlib.lib : gpio.obj (.text:GPIOPinWrite)
                  000098b0    00000094     sysbios.aem4f : BIOS.obj (.text:ti_sysbios_family_arm_m3_Hwi_Instance_init__E)
                  00009944    00000004     empty_pem4f.oem4f (.text:ti_sysbios_hal_Timer_TimerProxy_delete)
                  00009948    00000094     sysbios.aem4f : BIOS.obj (.text:ti_sysbios_family_arm_m3_Hwi_initNVIC__E)
                  000099dc    00000004     empty_pem4f.oem4f (.text:ti_sysbios_heaps_HeapMem_Module_GateProxy_enter__E)
                  000099e0    00000094     sysbios.aem4f : BIOS.obj (.text:ti_sysbios_knl_Task_postInit__I)
                  00009a74    00000090     grlib.lib : radiobutton.obj (.text:RadioButtonClick)
                  00009b04    0000008c     drivers_tivaware.aem4f : GPIOTiva.oem4f (.text:GPIO_init)
                  00009b90    0000008c                            : UARTTiva.oem4f (.text:UARTTiva_control)
                  00009c1c    0000008c     sysbios.aem4f : m3_TaskSupport_asm.obj (.text:ti_sysbios_family_arm_m3_TaskSupport_buildTaskStack)
                  00009ca8    0000008c                   : BIOS.obj (.text:ti_sysbios_hal_SecondsClock_Module_startup__E)
                  00009d34    0000008a     drivers_tivaware.aem4f : UARTTiva.oem4f (.text:readIsrTextBlocking)
                  00009dbe    00000086     grlib.lib : rectangle.obj (.text:GrRectFill)
                  00009e44    00000086     rtsv7M4_T_le_v4SPD16_eabi.lib : fd_cmp_t2.asm.obj (.text:__aeabi_cdcmple)
                  00009eca    00000086                                   : fd_cmp_t2.asm.obj (.text:__aeabi_cdrcmple)
                  00009f50    00000084     empty.obj (.text:ArrayUpdate)
                  00009fd4    00000004     empty_pem4f.oem4f (.text:ti_sysbios_heaps_HeapMem_Module_GateProxy_leave__E)
                  00009fd8    00000084     sysbios.aem4f : BIOS.obj (.text:ti_sysbios_family_arm_m3_Hwi_postInit__I)
                  0000a05c    00000082     drivers_tivaware.aem4f : UARTTiva.oem4f (.text:readIsrTextCallback)
                  0000a0de    00000080     grlib.lib : rectangle.obj (.text:GrRectIntersectGet)
                  0000a15e    00000002     --HOLE-- [fill = 0]
                  0000a160    00000080     empty.obj (.text:OnCheckChange)
                  0000a1e0    0000007e     drivers_tivaware.aem4f : I2CTiva.oem4f (.text:I2CTiva_transfer)
                  0000a25e    00000002     --HOLE-- [fill = 0]
                  0000a260    0000007c     sysbios.aem4f : BIOS.obj (.text:ti_sysbios_family_arm_lm4_Timer_disableTiva__I)
                  0000a2dc    0000007a     driverlib.lib : adc.obj (.text:ADCSequenceStepConfigure)
                  0000a356    0000007a     drivers_tivaware.aem4f : UARTTiva.oem4f (.text:readTaskCallback)
                  0000a3d0    0000007a     rtsv7M4_T_le_v4SPD16_eabi.lib : memset_t2.asm.obj (.text)
                  0000a44a    00000006     grlib.lib : string.obj (.text:GrContextFontSet)
                  0000a450    00000074     sysbios.aem4f : BIOS.obj (.text:ti_sysbios_knl_Clock_start__E)
                  0000a4c4    00000070     empty.obj (.text:GraphPage)
                  0000a534    00000004     empty_pem4f.oem4f (.text:ti_sysbios_knl_Clock_TimerProxy_getFreq__E)
                  0000a538    00000070     sysbios.aem4f : BIOS.obj (.text:ti_sysbios_knl_Clock_workFunc__E)
                  0000a5a8    00000070                   : BIOS.obj (.text:ti_sysbios_knl_Task_exit__E)
                  0000a618    0000006e     rtsv7M4_T_le_v4SPD16_eabi.lib : _printfi.c.obj (.text:_mcpy)
                  0000a686    00000002     --HOLE-- [fill = 0]
                  0000a688    0000006d     ti.targets.arm.rtsarm.aem4f : System.oem4f (.text:xdc_runtime_System_formatNum__I)
                  0000a6f5    00000003     --HOLE-- [fill = 0]
                  0000a6f8    0000006c     empty.obj (.text:CalcAvg)
                  0000a764    0000006c     empty_pem4f.oem4f (.text:ti_sysbios_family_arm_lm4_Timer_Object__create__S)
                  0000a7d0    0000006c     sysbios.aem4f : BIOS.obj (.text:ti_sysbios_knl_Swi_restoreHwi__E)
                  0000a83c    0000006c     drivers_tivaware.aem4f : UARTTiva.oem4f (.text:writeData)
                  0000a8a8    0000006c     ti.targets.arm.rtsarm.aem4f : Error.oem4f (.text:xdc_runtime_Error_print__E)
                  0000a914    0000006c                                 : Memory.oem4f (.text:xdc_runtime_Memory_alloc__E)
                  0000a980    00000068     EK_TM4C1294XL.obj (.text:EK_TM4C1294XL_initI2C)
                  0000a9e8    00000068     grlib.lib : context.obj (.text:GrContextInit)
                  0000aa50    00000068               : string.obj (.text:GrStringWidthGet)
                  0000aab8    00000068     driverlib.lib : interrupt.obj (.text:IntEnable)
                  0000ab20    00000068     Kentec320x240x16_ssd2119_spi.obj (.text:Kentec320x240x16_SSD2119LineDrawH)
                  0000ab88    00000068     Kentec320x240x16_ssd2119_spi.obj (.text:Kentec320x240x16_SSD2119LineDrawV)
                  0000abf0    00000068     rtsv7M4_T_le_v4SPD16_eabi.lib : copy_decompress_lzss.c.obj (.text:decompress:lzss:__TI_decompress_lzss)
                  0000ac58    00000066     grlib.lib : context.obj (.text:GrContextClipRegionSet)
                  0000acbe    00000066               : rectangle.obj (.text:GrRectDraw)
                  0000ad24    00000066     ti.targets.arm.rtsarm.aem4f : Core-mem.oem4f (.text:xdc_runtime_Core_deleteObject__I)
                  0000ad8a    00000002     --HOLE-- [fill = 0]
                  0000ad8c    00000064     drivers_tivaware.aem4f : GPIOTiva.oem4f (.text:GPIO_hwiIntFxn)
                  0000adf0    00000064     grlib.lib : widget.obj (.text:WidgetMessageQueueProcess)
                  0000ae54    00000064     rtsv7M4_T_le_v4SPD16_eabi.lib : s_frexp.c.obj (.text:frexp)
                  0000aeb8    00000064     sysbios.aem4f : BIOS.obj (.text:ti_sysbios_family_arm_lm4_Timer_Module_startup__E)
                  0000af1c    00000064     empty_pem4f.oem4f (.text:ti_sysbios_family_arm_m3_Hwi_create)
                  0000af80    00000064     sysbios.aem4f : BIOS.obj (.text:ti_sysbios_family_arm_m3_Hwi_dispatchC__I)
                  0000afe4    00000064     empty_pem4f.oem4f (.text:ti_sysbios_hal_Timer_create)
                  0000b048    00000064     Clock.obj (.text:timer1sec)
                  0000b0ac    00000062     drivers_tivaware.aem4f : I2CTiva.oem4f (.text:I2CTiva_primeTransfer)
                  0000b10e    00000002     --HOLE-- [fill = 0]
                  0000b110    00000060     driverlib.lib : timer.obj (.text:TimerConfigure)
                  0000b170    00000060     Kentec320x240x16_ssd2119_spi.obj (.text:WriteDataSPI)
                  0000b1d0    00000060     sysbios.aem4f : BIOS.obj (.text:ti_sysbios_knl_Task_schedule__I)
                  0000b230    0000005e     grlib.lib : widget.obj (.text:WidgetMessageSendPreOrder)
                  0000b28e    0000005e     drivers_tivaware.aem4f : UARTTiva.oem4f (.text:readIsrBinaryBlocking)
                  0000b2ec    0000005c     Kentec320x240x16_ssd2119_spi.obj (.text:WriteCommandSPI)
                  0000b348    0000005c     sysbios.aem4f : BIOS.obj (.text:ti_sysbios_knl_Swi_run__I)
                  0000b3a4    00000004     empty_pem4f.oem4f (.text:ti_sysbios_knl_Clock_TimerProxy_getMaxTicks__E)
                  0000b3a8    0000005c     sysbios.aem4f : BIOS.obj (.text:ti_sysbios_knl_Swi_schedule__I)
                  0000b404    00000004     empty_pem4f.oem4f (.text:ti_sysbios_knl_Clock_TimerProxy_getPeriod__E)
                  0000b408    0000005c     sysbios.aem4f : BIOS.obj (.text:ti_sysbios_knl_Task_Module_startup__E)
                  0000b464    00000004     empty_pem4f.oem4f (.text:ti_sysbios_knl_Clock_destruct)
                  0000b468    0000005c     sysbios.aem4f : BIOS.obj (.text:ti_sysbios_knl_Task_startCore__E)
                  0000b4c4    0000005b     ti.targets.arm.rtsarm.aem4f : Text.oem4f (.text:xdc_runtime_Text_putLab__E)
                  0000b51f    00000001     --HOLE-- [fill = 0]
                  0000b520    0000005a     grlib.lib : string.obj (.text:FontWideGlyphDataGet)
                  0000b57a    00000002     --HOLE-- [fill = 0]
                  0000b57c    00000058     boot.aem4f : boot.oem4f (.text)
                  0000b5d4    00000058     rtsv7M4_T_le_v4SPD16_eabi.lib : hostwrite.c.obj (.text:HOSTwrite)
                  0000b62c    00000058     grlib.lib : slider.obj (.text:SliderPositionToValue)
                  0000b684    00000058     driverlib.lib : timer.obj (.text:TimerControlTrigger)
                  0000b6dc    00000004     empty_pem4f.oem4f (.text:ti_sysbios_knl_Queue_destruct)
                  0000b6e0    00000058     sysbios.aem4f : BIOS.obj (.text:ti_sysbios_family_arm_lm4_Timer_Instance_finalize__E)
                  0000b738    00000058     empty_pem4f.oem4f (.text:ti_sysbios_family_arm_m3_Hwi_construct)
                  0000b790    00000058     sysbios.aem4f : m3_Hwi_asm_switch.obj (.text:ti_sysbios_family_arm_m3_Hwi_initStacks__E)
                  0000b7e8    00000058     ustdlib.obj (.text:ustrncpy)
                  0000b840    00000056     driverlib.lib : gpio.obj (.text:GPIOIntTypeSet)
                  0000b896    00000056     rtsv7M4_T_le_v4SPD16_eabi.lib : _printfi.c.obj (.text:_pconv_f)
                  0000b8ec    00000054                                   : _ltoa.c.obj (.text:__TI_ltoa)
                  0000b940    00000054     drivers_tivaware.aem4f : UARTTiva.oem4f (.text:readIsrBinaryCallback)
                  0000b994    00000004     empty_pem4f.oem4f (.text:ti_sysbios_knl_Semaphore_destruct)
                  0000b998    00000054     sysbios.aem4f : BIOS.obj (.text:ti_sysbios_family_arm_lm4_Timer_initDevice__I)
                  0000b9ec    00000054     empty_pem4f.oem4f (.text:ti_sysbios_knl_Task_construct)
                  0000ba40    00000054     ti.targets.arm.rtsarm.aem4f : Assert.oem4f (.text:xdc_runtime_Assert_raise__I)
                  0000ba94    00000052     rtsv7M4_T_le_v4SPD16_eabi.lib : _printfi.c.obj (.text:_ecpy)
                  0000bae6    00000002     --HOLE-- [fill = 0]
                  0000bae8    00000050     empty.obj (.text:BackMainMotorPage)
                  0000bb38    00000050     grlib.lib : checkbox.obj (.text:CheckBoxClick)
                  0000bb88    00000050     drivers_tivaware.aem4f : GPIOTiva.oem4f (.text:GPIO_setCallback)
                  0000bbd8    00000050                            : GPIOTiva.oem4f (.text:GPIO_toggle)
                  0000bc28    00000050                            : GPIOTiva.oem4f (.text:GPIO_write)
                  0000bc78    00000050                            : UARTTiva.oem4f (.text:UARTTiva_writeCancel)
                  0000bcc8    00000050     Boot.aem4f : Boot_sysctl.oem4f (.text:_SysCtlFrequencyGet)
                  0000bd18    00000050     sysbios.aem4f : BIOS.obj (.text:ti_sysbios_family_arm_m3_Hwi_Module_startup__E)
                  0000bd68    00000050     ti.targets.arm.rtsarm.aem4f : Startup.oem4f (.text:xdc_runtime_Startup_exec__E)
                  0000bdb8    00000050                                 : Text.oem4f (.text:xdc_runtime_Text_visitRope2__I)
                  0000be08    0000004c     drivers_tivaware.aem4f : UARTTiva.oem4f (.text:UARTTiva_close)
                  0000be54    0000004c     grlib.lib : widget.obj (.text:WidgetRemove)
                  0000bea0    0000004c     rtsv7M4_T_le_v4SPD16_eabi.lib : atoi.c.obj (.text:atoi)
                  0000beec    0000004c                                   : cpy_tbl.c.obj (.text:copy_in)
                  0000bf38    0000004c     sysbios.aem4f : BIOS.obj (.text:ti_sysbios_heaps_HeapMem_getStats__E)
                  0000bf84    00000004     ti.targets.arm.rtsarm.aem4f : Error.oem4f (.text:xdc_runtime_Error_getSite__E)
                  0000bf88    0000004c     sysbios.aem4f : BIOS.obj (.text:ti_sysbios_knl_Swi_runLoop__I)
                  0000bfd4    00000004     empty_pem4f.oem4f (.text:xdc_runtime_System_Module_GateProxy_enter__E)
                  0000bfd8    0000004c     sysbios.aem4f : BIOS.obj (.text:ti_sysbios_knl_Task_allBlockedFunction__I)
                  0000c024    0000004a     grlib.lib : string.obj (.text:UpdateContextCharMapping)
                  0000c06e    00000002     --HOLE-- [fill = 0]
                  0000c070    00000048     driverlib.lib : gpio.obj (.text:GPIOPinConfigure)
                  0000c0b8    00000048                   : i2c.obj (.text:I2CMasterInitExpClk)
                  0000c100    00000048     rtsv7M4_T_le_v4SPD16_eabi.lib : fd_toi_t2.asm.obj (.text)
                  0000c148    00000048     sysbios.aem4f : BIOS.obj (.text:ti_sysbios_family_arm_lm4_Timer_enableTimers__I)
                  0000c190    00000048                   : BIOS.obj (.text:ti_sysbios_family_arm_m3_Hwi_disableInterrupt__E)
                  0000c1d8    00000048                   : BIOS.obj (.text:ti_sysbios_family_arm_m3_Hwi_enableInterrupt__E)
                  0000c220    00000048                   : BIOS.obj (.text:ti_sysbios_family_arm_m3_Hwi_excReserved__I)
                  0000c268    00000048                   : BIOS.obj (.text:ti_sysbios_hal_SecondsClock_increment__I)
                  0000c2b0    00000046     grlib.lib : line.obj (.text:GrLineDrawH)
                  0000c2f6    00000046               : line.obj (.text:GrLineDrawV)
                  0000c33c    00000046     Kentec320x240x16_ssd2119_spi.obj (.text:Kentec320x240x16_SSD2119PixelDraw)
                  0000c382    00000046     drivers_tivaware.aem4f : RingBuf.oem4f (.text:RingBuf_put)
                  0000c3c8    00000046     UARTLocal.obj (.text:initUART)
                  0000c40e    00000046     ti.targets.arm.rtsarm.aem4f : Core-params.oem4f (.text:xdc_runtime_Core_assignParams__I)
                  0000c454    00000004     empty_pem4f.oem4f (.text:xdc_runtime_System_Module_GateProxy_leave__E)
                  0000c458    00000044     sysbios.aem4f : BIOS.obj (.text:ti_sysbios_family_arm_lm4_Timer_isrStub__E)
                  0000c49c    00000004     ti.targets.arm.rtsarm.aem4f : System.oem4f (.text:xdc_runtime_System_aprintf_va__F)
                  0000c4a0    00000044     sysbios.aem4f : BIOS.obj (.text:ti_sysbios_family_arm_m3_Hwi_getStackInfo__E)
                  0000c4e4    00000004     ti.targets.arm.rtsarm.aem4f : System.oem4f (.text:xdc_runtime_System_printf_va__F)
                  0000c4e8    00000044     sysbios.aem4f : BIOS.obj (.text:ti_sysbios_knl_Swi_post__E)
                  0000c52c    00000044     ti.targets.arm.rtsarm.aem4f : Error.oem4f (.text:xdc_runtime_Error_setX__E)
                  0000c570    00000044                                 : SysMin.oem4f (.text:xdc_runtime_SysMin_flush__E)
                  0000c5b4    00000044                                 : Text.oem4f (.text:xdc_runtime_Text_xprintf__I)
                  0000c5f8    00000042     driverlib.lib : uart.obj (.text:UARTConfigSetExpClk)
                  0000c63a    00000042     drivers_tivaware.aem4f : UARTTiva.oem4f (.text:UARTTiva_hwiIntFxn)
                  0000c67c    00000042                            : UARTTiva.oem4f (.text:UARTTiva_writePolling)
                  0000c6be    00000040                            : RingBuf.oem4f (.text:RingBuf_get)
                  0000c6fe    00000040                            : UARTTiva.oem4f (.text:UARTTiva_read)
                  0000c73e    00000040     rtsv7M4_T_le_v4SPD16_eabi.lib : u_divt2.asm.obj (.text)
                  0000c77e    00000002     --HOLE-- [fill = 0]
                  0000c780    00000040                                   : sprintf.c.obj (.text:sprintf)
                  0000c7c0    00000040     sysbios.aem4f : BIOS.obj (.text:ti_sysbios_family_arm_lm4_Timer_startup__E)
                  0000c800    00000040                   : BIOS.obj (.text:ti_sysbios_hal_SecondsClock_getTime__E)
                  0000c840    0000003e     driverlib.lib : adc.obj (.text:ADCSequenceConfigure)
                  0000c87e    0000003e     rtsv7M4_T_le_v4SPD16_eabi.lib : _printfi.c.obj (.text:_fcpy)
                  0000c8bc    0000003c     empty.obj (.text:CalcNoRemainder)
                  0000c8f8    0000003c     driverlib.lib : ssi.obj (.text:SSIConfigSetExpClk)
                  0000c934    00000004     --HOLE-- [fill = 0]
                  0000c938    0000003c     sysbios.aem4f : BIOS.obj (.text:ti_sysbios_family_arm_m3_Hwi_excSvCall__I)
                  0000c974    00000004     --HOLE-- [fill = 0]
                  0000c978    0000003c                   : BIOS.obj (.text:ti_sysbios_heaps_HeapMem_init__I)
                  0000c9b4    00000004     --HOLE-- [fill = 0]
                  0000c9b8    0000003c                   : BIOS.obj (.text:ti_sysbios_knl_Swi_restore__E)
                  0000c9f4    0000003a     grlib.lib : string.obj (.text:FontGlyphDataGet)
                  0000ca2e    0000003a     drivers_tivaware.aem4f : I2CTiva.oem4f (.text:I2CTiva_completeTransfer)
                  0000ca68    00000038     grlib.lib : rectangle.obj (.text:GrRectOverlapCheck)
                  0000caa0    00000038     drivers_tivaware.aem4f : I2C.oem4f (.text:I2C_init)
                  0000cad8    00000038     empty.obj (.text:RemoveGraphSelect)
                  0000cb10    00000038     drivers_tivaware.aem4f : UART.oem4f (.text:UART_init)
                  0000cb48    00000038     rtsv7M4_T_le_v4SPD16_eabi.lib : trgmsg.c.obj (.text:__TI_writemsg)
                  0000cb80    00000038                                   : fs_tod_t2.asm.obj (.text)
                  0000cbb8    00000038     sysbios.aem4f : BIOS.obj (.text:ti_sysbios_family_arm_m3_Hwi_excNoIsr__I)
                  0000cbf0    00000038                   : BIOS.obj (.text:ti_sysbios_knl_Task_processVitalTaskFlag__I)
                  0000cc28    00000038     ti.targets.arm.rtsarm.aem4f : SysMin.oem4f (.text:xdc_runtime_SysMin_putch__E)
                  0000cc60    00000038                                 : System.oem4f (.text:xdc_runtime_System_atexit__E)
                  0000cc98    00000036     grlib.lib : line.obj (.text:GrClipCodeGet)
                  0000ccce    00000036     drivers_tivaware.aem4f : I2CTiva.oem4f (.text:I2CTiva_close)
                  0000cd04    00000036                            : UARTTiva.oem4f (.text:UARTTiva_readCancel)
                  0000cd3a    00000002     --HOLE-- [fill = 0]
                  0000cd3c    00000034     driverlib.lib : sysctl.obj (.text:SysCtlPeripheralEnable)
                  0000cd70    00000034     rtsv7M4_T_le_v4SPD16_eabi.lib : trgmsg.c.obj (.text:__TI_readmsg)
                  0000cda4    00000004     --HOLE-- [fill = 0]
                  0000cda8    00000034     sysbios.aem4f : BIOS.obj (.text:ti_sysbios_family_arm_lm4_Timer_setPeriodMicroSecs__E)
                  0000cddc    00000004     --HOLE-- [fill = 0]
                  0000cde0    00000034                   : BIOS.obj (.text:ti_sysbios_family_arm_m3_Hwi_Instance_finalize__E)
                  0000ce14    00000004     --HOLE-- [fill = 0]
                  0000ce18    00000034                   : BIOS.obj (.text:ti_sysbios_family_arm_m3_Hwi_excNmi__I)
                  0000ce4c    00000004     --HOLE-- [fill = 0]
                  0000ce50    00000034                   : BIOS.obj (.text:ti_sysbios_hal_Hwi_checkStack)
                  0000ce84    00000034     empty_pem4f.oem4f (.text:ti_sysbios_knl_Clock_construct)
                  0000ceb8    00000034     ti.targets.arm.rtsarm.aem4f : Core-label.oem4f (.text:xdc_runtime_Core_assignLabel__I)
                  0000ceec    00000033                                 : Text.oem4f (.text:xdc_runtime_Text_printVisFxn__I)
                  0000cf1f    00000001     --HOLE-- [fill = 0]
                  0000cf20    00000032     sysbios.aem4f : BIOS.obj (.text:ti_sysbios_hal_Hwi_initStack)
                  0000cf52    00000032     ustdlib.obj (.text:usprintf)
                  0000cf84    00000030     drivers_tivaware.aem4f : UART.oem4f (.text:UART_open)
                  0000cfb4    00000030     empty_pem4f.oem4f (.text:ti_sysbios_BIOS_atExitFunc__I)
                  0000cfe4    00000004     --HOLE-- [fill = 0]
                  0000cfe8    00000030     sysbios.aem4f : BIOS.obj (.text:ti_sysbios_family_arm_lm4_Timer_stop__E)
                  0000d018    00000030                   : BIOS.obj (.text:ti_sysbios_family_arm_m3_TaskSupport_start__E)
                  0000d048    00000030     empty_pem4f.oem4f (.text:ti_sysbios_gates_GateHwi_Object__create__S)
                  0000d078    00000030     empty_pem4f.oem4f (.text:ti_sysbios_gates_GateMutex_Object__create__S)
                  0000d0a8    00000030     empty_pem4f.oem4f (.text:ti_sysbios_heaps_HeapMem_Object__create__S)
                  0000d0d8    00000030     empty_pem4f.oem4f (.text:ti_sysbios_knl_Semaphore_construct)
                  0000d108    00000030     sysbios.aem4f : BIOS.obj (.text:ti_sysbios_knl_Semaphore_pendTimeout__I)
                  0000d138    00000030                   : BIOS.obj (.text:ti_sysbios_knl_Task_unblockI__E)
                  0000d168    00000030     ti.targets.arm.rtsarm.aem4f : SysMin.oem4f (.text:xdc_runtime_SysMin_abort__E)
                  0000d198    00000030                                 : System.oem4f (.text:xdc_runtime_System_processAtExit__E)
                  0000d1c8    0000002e     grlib.lib : checkbox.obj (.text:CheckBoxMsgProc)
                  0000d1f6    0000002e               : string.obj (.text:GrStringNextCharGet)
                  0000d224    0000002e               : radiobutton.obj (.text:RadioButtonMsgProc)
                  0000d252    0000002e     rtsv7M4_T_le_v4SPD16_eabi.lib : i_tofd_t2.asm.obj (.text)
                  0000d280    0000002c     EK_TM4C1294XL.obj (.text:EK_TM4C1294XL_initUART)
                  0000d2ac    0000002c     grlib.lib : string.obj (.text:GrFontBaselineGet)
                  0000d2d8    0000002c               : string.obj (.text:GrFontHeightGet)
                  0000d304    0000002c               : pushbutton.obj (.text:RectangularButtonMsgProc)
                  0000d330    0000002c               : slider.obj (.text:SliderMsgProc)
                  0000d35c    0000002c               : widget.obj (.text:WidgetIsInTree)
                  0000d388    0000002c     empty_pem4f.oem4f (.text:ti_sysbios_knl_Clock_doTick__I)
                  0000d3b4    0000002c     empty_pem4f.oem4f (.text:ti_sysbios_knl_Queue_construct)
                  0000d3e0    0000002c     sysbios.aem4f : BIOS.obj (.text:ti_sysbios_knl_Task_restore__E)
                  0000d40c    0000002c     ti.targets.arm.rtsarm.aem4f : Text.oem4f (.text:xdc_runtime_Text_cordText__E)
                  0000d438    0000002a     driverlib.lib : gpio.obj (.text:GPIODirModeSet)
                  0000d462    0000002a     ti.targets.arm.rtsarm.aem4f : System.oem4f (.text:xdc_runtime_System_putchar__I)
                  0000d48c    00000028     empty.obj (.text:HAF)
                  0000d4b4    00000028     empty.obj (.text:HBF)
                  0000d4dc    00000028     empty.obj (.text:HCF)
                  0000d504    00000028     Kentec320x240x16_ssd2119_spi.obj (.text:Kentec320x240x16_SSD2119ColorTranslate)
                  0000d52c    00000004     --HOLE-- [fill = 0]
                  0000d530    00000028     sysbios.aem4f : BIOS.obj (.text:ti_sysbios_hal_Timer_Instance_init__E)
                  0000d558    00000028                   : BIOS.obj (.text:ti_sysbios_knl_Clock_addI__E)
                  0000d580    00000028                   : BIOS.obj (.text:ti_sysbios_knl_Swi_Module_startup__E)
                  0000d5a8    00000026     grlib.lib : string.obj (.text:GrFontInfoGet)
                  0000d5ce    00000026     sysbios.aem4f : m3_Hwi_asm.obj (.text:ti_sysbios_family_arm_m3_Hwi_pendSV__I)
                  0000d5f4    00000026     ti.targets.arm.rtsarm.aem4f : System.oem4f (.text:xdc_runtime_System_avprintf__E)
                  0000d61a    00000002     --HOLE-- [fill = 0]
                  0000d61c    00000024     empty.obj (.text:RemoveMainPage)
                  0000d640    00000024     empty_pem4f.oem4f (.text:ti_sysbios_BIOS_errorRaiseHook__I)
                  0000d664    00000024     empty_pem4f.oem4f (.text:ti_sysbios_BIOS_registerRTSLock__I)
                  0000d688    00000024     empty_pem4f.oem4f (.text:ti_sysbios_BIOS_removeRTSLock__I)
                  0000d6ac    00000024     empty_pem4f.oem4f (.text:ti_sysbios_BIOS_startFunc__I)
                  0000d6d0    00000024     empty_pem4f.oem4f (.text:ti_sysbios_gates_GateMutex_Object__delete__S)
                  0000d6f4    00000004     --HOLE-- [fill = 0]
                  0000d6f8    00000024     sysbios.aem4f : BIOS.obj (.text:ti_sysbios_knl_Clock_Module_startup__E)
                  0000d71c    00000004     --HOLE-- [fill = 0]
                  0000d720    00000024                   : BIOS.obj (.text:ti_sysbios_knl_Task_restoreHwi__E)
                  0000d744    00000024     ti.targets.arm.rtsarm.aem4f : System.oem4f (.text:xdc_runtime_System_vprintf__E)
                  0000d768    00000022     grlib.lib : string.obj (.text:GrFontGlyphDataGet)
                  0000d78a    00000006     driverlib.lib : i2c.obj (.text:I2CMasterIntDisable)
                  0000d790    00000022     sysbios.aem4f : BIOS.obj (.text:ti_sysbios_family_arm_lm4_Timer_write__I)
                  0000d7b2    00000022     empty_pem4f.oem4f (.text:xdc_runtime_SysMin_output__I)
                  0000d7d4    00000020     Boot.aem4f : Boot_sysctl.oem4f (.text:_SysCtlMemTimingGet)
                  0000d7f4    00000020     rtsv7M4_T_le_v4SPD16_eabi.lib : u_tofd_t2.asm.obj (.text)
                  0000d814    00000020     empty_pem4f.oem4f (.text:ti_sysbios_BIOS_rtsLock__I)
                  0000d834    00000020     empty_pem4f.oem4f (.text:ti_sysbios_family_arm_lm4_Timer_Object__delete__S)
                  0000d854    00000004     --HOLE-- [fill = 0]
                  0000d858    00000020     sysbios.aem4f : BIOS.obj (.text:ti_sysbios_family_arm_lm4_Timer_getFreq__E)
                  0000d878    00000020     empty_pem4f.oem4f (.text:ti_sysbios_family_arm_m3_Hwi_Object__delete__S)
                  0000d898    00000020     sysbios.aem4f : m3_Hwi_asm.obj (.text:ti_sysbios_family_arm_m3_Hwi_excHandlerAsm__I)
                  0000d8b8    00000020                   : BIOS.obj (.text:ti_sysbios_family_arm_m3_Hwi_excHandler__I)
                  0000d8d8    00000020     empty_pem4f.oem4f (.text:ti_sysbios_gates_GateHwi_Object__delete__S)
                  0000d8f8    00000020     empty_pem4f.oem4f (.text:ti_sysbios_heaps_HeapMem_Object__delete__S)
                  0000d918    00000020     empty_pem4f.oem4f (.text:ti_sysbios_knl_Clock_Object__destruct__S)
                  0000d938    00000020     sysbios.aem4f : BIOS.obj (.text:ti_sysbios_knl_Idle_run__E)
                  0000d958    00000020     empty_pem4f.oem4f (.text:ti_sysbios_knl_Semaphore_Object__destruct__S)
                  0000d978    00000020     ti.targets.arm.rtsarm.aem4f : Registry.oem4f (.text:xdc_runtime_Registry_findById__E)
                  0000d998    00000020                                 : SysMin.oem4f (.text:xdc_runtime_SysMin_Module_startup__E)
                  0000d9b8    0000001e     grlib.lib : string.obj (.text:GrFontCodepageGet)
                  0000d9d6    0000001e               : widget.obj (.text:WidgetAdd)
                  0000d9f4    0000001e     sysbios.aem4f : m3_Hwi_asm_switch.obj (.text:ti_sysbios_family_xxx_Hwi_switchAndRunFunc)
                  0000da12    0000001e     Clock.obj (.text:updatetime)
                  0000da30    0000001c     driverlib.lib : uart.obj (.text:UARTDisable)
                  0000da4c    0000001c     grlib.lib : widget.obj (.text:WidgetPointerMessage)
                  0000da68    0000001c     drivers_tivaware.aem4f : GPIOTiva.oem4f (.text:getGpioIntIndex)
                  0000da84    0000001c     rtsv7M4_T_le_v4SPD16_eabi.lib : memccpy.c.obj (.text:memccpy)
                  0000daa0    0000001c     empty_pem4f.oem4f (.text:ti_sysbios_family_arm_m3_Hwi_Object__destruct__S)
                  0000dabc    00000004     --HOLE-- [fill = 0]
                  0000dac0    0000001c     sysbios.aem4f : BIOS.obj (.text:ti_sysbios_gates_GateMutex_Instance_init__E)
                  0000dadc    0000001c     empty_pem4f.oem4f (.text:ti_sysbios_hal_Timer_TimerProxy_create)
                  0000daf8    0000001c     empty_pem4f.oem4f (.text:ti_sysbios_knl_Queue_Object__destruct__S)
                  0000db14    00000004     --HOLE-- [fill = 0]
                  0000db18    0000001c     sysbios.aem4f : BIOS.obj (.text:ti_sysbios_knl_Queue_put__E)
                  0000db34    00000004     --HOLE-- [fill = 0]
                  0000db38    0000001c                   : BIOS.obj (.text:ti_sysbios_knl_Task_enter__I)
                  0000db54    0000001c     ti.targets.arm.rtsarm.aem4f : Error.oem4f (.text:xdc_runtime_Error_raiseX__E)
                  0000db70    0000001c                                 : Memory.oem4f (.text:xdc_runtime_Memory_valloc__E)
                  0000db8c    0000001c                                 : SysMin.oem4f (.text:xdc_runtime_SysMin_exit__E)
                  0000dba8    0000001c                                 : System.oem4f (.text:xdc_runtime_System_abort__E)
                  0000dbc4    0000001a     rtsv7M4_T_le_v4SPD16_eabi.lib : s_copysign.c.obj (.text:copysign)
                  0000dbde    0000001a     empty_pem4f.oem4f (.text:ti_sysbios_family_arm_m3_Hwi_Handle__label__S)
                  0000dbf8    0000001a     empty_pem4f.oem4f (.text:ti_sysbios_gates_GateHwi_Handle__label__S)
                  0000dc12    0000001a     empty_pem4f.oem4f (.text:ti_sysbios_gates_GateMutex_Handle__label__S)
                  0000dc2c    0000001a     empty_pem4f.oem4f (.text:ti_sysbios_heaps_HeapMem_Handle__label__S)
                  0000dc46    0000001a     empty_pem4f.oem4f (.text:ti_sysbios_knl_Swi_Handle__label__S)
                  0000dc60    0000001a     empty_pem4f.oem4f (.text:ti_sysbios_knl_Task_Handle__label__S)
                  0000dc7a    0000001a     empty_pem4f.oem4f (.text:xdc_runtime_System_aprintf__E)
                  0000dc94    0000001a     empty_pem4f.oem4f (.text:xdc_runtime_System_printf__E)
                  0000dcae    00000018     driverlib.lib : gpio.obj (.text:GPIOPinTypeGPIOOutput)
                  0000dcc6    00000002     --HOLE-- [fill = 0]
                  0000dcc8    00000018     empty.obj (.text:RemoveGraph)
                  0000dce0    00000018     drivers_tivaware.aem4f : UART.oem4f (.text:UART_Params_init)
                  0000dcf8    00000018     rtsv7M4_T_le_v4SPD16_eabi.lib : args_main.c.obj (.text:_args_main)
                  0000dd10    00000018                                   : sprintf.c.obj (.text:_outs)
                  0000dd28    00000018     empty_pem4f.oem4f (.text:ti_sysbios_BIOS_rtsUnlock__I)
                  0000dd40    00000018     empty_pem4f.oem4f (.text:ti_sysbios_family_arm_lm4_Timer_Module__startupDone__F)
                  0000dd58    00000018     empty_pem4f.oem4f (.text:ti_sysbios_family_arm_m3_Hwi_Module__startupDone__F)
                  0000dd70    00000018     sysbios.aem4f : m3_TaskSupport_asm.obj (.text:ti_sysbios_family_arm_m3_TaskSupport_swap__E)
                  0000dd88    00000018                   : BIOS.obj (.text:ti_sysbios_gates_GateMutex_leave__E)
                  0000dda0    00000018     empty_pem4f.oem4f (.text:ti_sysbios_knl_Clock_Module__startupDone__F)
                  0000ddb8    00000018     sysbios.aem4f : BIOS.obj (.text:ti_sysbios_knl_Task_sleepTimeout__I)
                  0000ddd0    00000018     ti.targets.arm.rtsarm.aem4f : Error.oem4f (.text:xdc_runtime_Error_check__E)
                  0000dde8    00000018                                 : System.oem4f (.text:xdc_runtime_System_exit__E)
                  0000de00    00000018                                 : Text.oem4f (.text:xdc_runtime_Text_ropeText__E)
                  0000de18    00000016     grlib.lib : string.obj (.text:GrStringDraw)
                  0000de2e    00000016     driverlib.lib : i2c.obj (.text:I2CMasterErr)
                  0000de44    00000016     rtsv7M4_T_le_v4SPD16_eabi.lib : strchr.c.obj (.text:strchr)
                  0000de5a    00000016     empty_pem4f.oem4f (.text:ti_sysbios_BIOS_exitFunc__I)
                  0000de70    00000016     Clock.obj (.text:ti_sysbios_hal_Timer_Params_init)
                  0000de86    00000016     empty.obj (.text:ti_sysbios_knl_Task_Params_init)
                  0000de9c    00000014     grlib.lib : canvas.obj (.text:CanvasMsgProc)
                  0000deb0    00000014               : container.obj (.text:ContainerMsgProc)
                  0000dec4    00000014     Kentec320x240x16_ssd2119_spi.obj (.text:LED_OFF)
                  0000ded8    00000014     Kentec320x240x16_ssd2119_spi.obj (.text:LED_ON)
                  0000deec    00000014     touch.obj (.text:TouchScreenCallbackSet)
                  0000df00    00000014     driverlib.lib : uart.obj (.text:UARTEnable)
                  0000df14    00000014     grlib.lib : widget.obj (.text:WidgetMutexGet)
                  0000df28    00000014     rtsv7M4_T_le_v4SPD16_eabi.lib : strlen.c.obj (.text:strlen)
                  0000df3c    00000014     empty_pem4f.oem4f (.text:ti_sysbios_family_arm_m3_Hwi_Object__get__S)
                  0000df50    00000014     sysbios.aem4f : BIOS.obj (.text:ti_sysbios_family_arm_m3_Hwi_switchFromBootStack__E)
                  0000df64    00000014     empty_pem4f.oem4f (.text:ti_sysbios_heaps_HeapMem_Object__get__S)
                  0000df78    00000014     empty_pem4f.oem4f (.text:ti_sysbios_knl_Swi_Object__get__S)
                  0000df8c    00000012     driverlib.lib : gpio.obj (.text:GPIOPinTypeEthernetLED)
                  0000df9e    00000012                   : gpio.obj (.text:GPIOPinTypeGPIOInput)
                  0000dfb0    00000012                   : gpio.obj (.text:GPIOPinTypeI2C)
                  0000dfc2    00000012                   : gpio.obj (.text:GPIOPinTypeI2CSCL)
                  0000dfd4    00000012                   : gpio.obj (.text:GPIOPinTypeSSI)
                  0000dfe6    00000012                   : gpio.obj (.text:GPIOPinTypeUART)
                  0000dff8    00000012                   : gpio.obj (.text:GPIOPinTypeUSBAnalog)
                  0000e00a    00000012                   : gpio.obj (.text:GPIOPinTypeUSBDigital)
                  0000e01c    00000012     drivers_tivaware.aem4f : RingBuf.oem4f (.text:RingBuf_construct)
                  0000e02e    00000012     driverlib.lib : ssi.obj (.text:SSIDataGetNonBlocking)
                  0000e040    00000012                   : timer.obj (.text:TimerLoadSet)
                  0000e052    00000012     empty.obj (.text:TouchCheckTask)
                  0000e064    00000004     --HOLE-- [fill = 0]
                  0000e068    00000012     sysbios.aem4f : BIOS.obj (.text:ti_sysbios_hal_Hwi_Module_startup__E)
                  0000e07a    00000006     driverlib.lib : i2c.obj (.text:I2CMasterIntEnable)
                  0000e080    00000012     sysbios.aem4f : BIOS.obj (.text:ti_sysbios_hal_Timer_Module_startup__E)
                  0000e092    00000012     rtsv7M4_T_le_v4SPD16_eabi.lib : wcslen.c.obj (.text:wcslen)
                  0000e0a4    00000012     empty_pem4f.oem4f (.text:xdc_runtime_Startup_exec__I)
                  0000e0b6    00000002     --HOLE-- [fill = 0]
                  0000e0b8    00000010     empty_pem4f.oem4f (.text:.bootCodeSection:ti_catalog_arm_cortexm4_tiva_ce_Boot_init__I)
                  0000e0c8    00000010     driverlib.lib : adc.obj (.text:ADCIntEnable)
                  0000e0d8    00000010                   : fpu.obj (.text:FPUEnable)
                  0000e0e8    00000010                   : fpu.obj (.text:FPULazyStackingEnable)
                  0000e0f8    00000010     drivers_tivaware.aem4f : UARTTiva.oem4f (.text:readBlockingTimeout)
                  0000e108    00000010     sysbios.aem4f : BIOS.obj (.text:ti_sysbios_BIOS_getCpuFreq__E)
                  0000e118    00000010                   : BIOS.obj (.text:ti_sysbios_BIOS_setThreadType__E)
                  0000e128    00000010                   : BIOS.obj (.text:ti_sysbios_BIOS_start__E)
                  0000e138    00000010                   : BIOS.obj (.text:ti_sysbios_family_arm_lm4_TimestampProvider_rolloverFunc__E)
                  0000e148    00000010                   : m3_TaskSupport_asm.obj (.text:ti_sysbios_family_arm_m3_TaskSupport_glue)
                  0000e158    00000010                   : BIOS.obj (.text:ti_sysbios_gates_GateMutex_Instance_finalize__E)
                  0000e168    00000010     empty_pem4f.oem4f (.text:ti_sysbios_hal_Timer_TimerProxy_Object__create__S)
                  0000e178    00000010     sysbios.aem4f : BIOS.obj (.text:ti_sysbios_knl_Semaphore_Instance_finalize__E)
                  0000e188    00000010                   : BIOS.obj (.text:ti_sysbios_knl_Swi_disable__E)
                  0000e198    00000010     empty_pem4f.oem4f (.text:ti_sysbios_knl_Task_Object__get__S)
                  0000e1a8    00000010     sysbios.aem4f : BIOS.obj (.text:ti_sysbios_knl_Task_disable__E)
                  0000e1b8    00000010     driverlib.lib : udma.obj (.text:uDMAEnable)
                  0000e1c8    00000010     ti.targets.arm.rtsarm.aem4f : Gate.oem4f (.text:xdc_runtime_Gate_leaveSystem__E)
                  0000e1d8    00000010                                 : Memory.oem4f (.text:xdc_runtime_Memory_free__E)
                  0000e1e8    00000010                                 : SysMin.oem4f (.text:xdc_runtime_SysMin_ready__E)
                  0000e1f8    00000010                                 : System.oem4f (.text:xdc_runtime_System_vsnprintf__E)
                  0000e208    00000010     empty_pem4f.oem4f (.text:xdc_runtime_Text_visitRope__I)
                  0000e218    0000000e     driverlib.lib : adc.obj (.text:ADCSequenceEnable)
                  0000e226    0000000e                   : gpio.obj (.text:GPIOIntStatus)
                  0000e234    0000000e     grlib.lib : image.obj (.text:GrImageDraw)
                  0000e242    0000000e     driverlib.lib : timer.obj (.text:TimerEnable)
                  0000e250    0000000e                   : uart.obj (.text:UARTCharGetNonBlocking)
                  0000e25e    0000000e                   : uart.obj (.text:UARTCharPutNonBlocking)
                  0000e26c    0000000e     rtsv7M4_T_le_v4SPD16_eabi.lib : copy_decompress_none.c.obj (.text:decompress:none:__TI_decompress_none)
                  0000e27a    00000006     drivers_tivaware.aem4f : I2CTiva.oem4f (.text:I2CTiva_control)
                  0000e280    0000000e     sysbios.aem4f : BIOS.obj (.text:ti_sysbios_knl_Idle_loop__E)
                  0000e28e    00000002     --HOLE-- [fill = 0]
                  0000e290    0000000e                   : BIOS.obj (.text:ti_sysbios_knl_Queue_empty__E)
                  0000e29e    0000000c     empty.obj (.text:BackGraphSelect)
                  0000e2aa    0000000c     empty.obj (.text:BackMainGraph)
                  0000e2b6    0000000c     drivers_tivaware.aem4f : RingBuf.oem4f (.text:RingBuf_peek)
                  0000e2c2    0000000c     driverlib.lib : uart.obj (.text:UARTFlowControlSet)
                  0000e2ce    0000000c     drivers_tivaware.aem4f : UARTTiva.oem4f (.text:UARTTiva_init)
                  0000e2da    00000002     --HOLE-- [fill = 0]
                  0000e2dc    0000000c     rtsv7M4_T_le_v4SPD16_eabi.lib : _lock.c.obj (.text:_register_lock)
                  0000e2e8    0000000c                                   : _lock.c.obj (.text:_register_unlock)
                  0000e2f4    0000000c     empty.obj (.text:btntest)
                  0000e300    0000000c     rtsv7M4_T_le_v4SPD16_eabi.lib : copy_zero_init.c.obj (.text:decompress:ZI:__TI_zero_init)
                  0000e30c    00000004     --HOLE-- [fill = 0]
                  0000e310    0000000c     sysbios.aem4f : BIOS.obj (.text:ti_sysbios_family_arm_lm4_Timer_getMaxTicks__E)
                  0000e31c    00000004     --HOLE-- [fill = 0]
                  0000e320    0000000c                   : BIOS.obj (.text:ti_sysbios_family_arm_lm4_TimestampProvider_startTimer__E)
                  0000e32c    0000000c     empty_pem4f.oem4f (.text:ti_sysbios_family_arm_m3_Hwi_Params__init__S)
                  0000e338    0000000c     sysbios.aem4f : BIOS.obj (.text:ti_sysbios_family_arm_m3_Hwi_disableFxn__E)
                  0000e344    00000004     --HOLE-- [fill = 0]
                  0000e348    0000000c                   : BIOS.obj (.text:ti_sysbios_family_arm_m3_TaskSupport_checkStack__E)
                  0000e354    00000004     --HOLE-- [fill = 0]
                  0000e358    0000000c                   : BIOS.obj (.text:ti_sysbios_family_arm_m3_TaskSupport_getStackAlignment__E)
                  0000e364    00000004     --HOLE-- [fill = 0]
                  0000e368    0000000c                   : BIOS.obj (.text:ti_sysbios_gates_GateHwi_enter__E)
                  0000e374    00000004     --HOLE-- [fill = 0]
                  0000e378    0000000c                   : BIOS.obj (.text:ti_sysbios_hal_SecondsClock_set__E)
                  0000e384    0000000c     empty_pem4f.oem4f (.text:ti_sysbios_hal_Timer_Params__init__S)
                  0000e390    0000000c     empty_pem4f.oem4f (.text:ti_sysbios_knl_Clock_Params__init__S)
                  0000e39c    0000000c     empty_pem4f.oem4f (.text:ti_sysbios_knl_Queue_Object__get__S)
                  0000e3a8    0000000c     empty_pem4f.oem4f (.text:ti_sysbios_knl_Semaphore_Params__init__S)
                  0000e3b4    0000000c     empty_pem4f.oem4f (.text:ti_sysbios_knl_Task_Params__init__S)
                  0000e3c0    0000000c     driverlib.lib : udma.obj (.text:uDMAControlBaseSet)
                  0000e3cc    0000000c     ti.targets.arm.rtsarm.aem4f : Error.oem4f (.text:xdc_runtime_Error_init__E)
                  0000e3d8    0000000c                                 : Gate.oem4f (.text:xdc_runtime_Gate_enterSystem__E)
                  0000e3e4    0000000c                                 : Memory.oem4f (.text:xdc_runtime_Memory_calloc__E)
                  0000e3f0    0000000c                                 : Memory.oem4f (.text:xdc_runtime_Memory_getMaxDefaultTypeAlign__E)
                  0000e3fc    0000000a     driverlib.lib : i2c.obj (.text:I2CMasterDisable)
                  0000e406    0000000a                   : i2c.obj (.text:I2CMasterEnable)
                  0000e410    0000000a     drivers_tivaware.aem4f : I2CTiva.oem4f (.text:I2CTiva_init)
                  0000e41a    0000000a     Kentec320x240x16_ssd2119_spi.obj (.text:Kentec320x240x16_SSD2119Flush)
                  0000e424    0000000a     driverlib.lib : ssi.obj (.text:SSIDataPut)
                  0000e42e    0000000a                   : ssi.obj (.text:SSIEnable)
                  0000e438    0000000a                   : uart.obj (.text:UARTCharGet)
                  0000e442    0000000a                   : uart.obj (.text:UARTCharPut)
                  0000e44c    0000000a                   : uart.obj (.text:UARTIntDisable)
                  0000e456    0000000a                   : uart.obj (.text:UARTIntStatus)
                  0000e460    0000000a     rtsv7M4_T_le_v4SPD16_eabi.lib : sprintf.c.obj (.text:_outc)
                  0000e46a    00000006     driverlib.lib : sysctl.obj (.text:SysCtlDelay)
                  0000e470    0000000a     sysbios.aem4f : BIOS.obj (.text:ti_sysbios_hal_Timer_Instance_finalize__E)
                  0000e47a    0000000a     empty_pem4f.oem4f (.text:xdc_runtime_IHeap_alloc)
                  0000e484    0000000a     empty_pem4f.oem4f (.text:xdc_runtime_IHeap_free)
                  0000e48e    00000008     EK_TM4C1294XL.obj (.text:EK_TM4C1294XL_initGPIO)
                  0000e496    00000008     grlib.lib : charmap.obj (.text:GrMapISO8859_1_Unicode)
                  0000e49e    00000008     driverlib.lib : i2c.obj (.text:I2CMasterIntClear)
                  0000e4a6    00000008                   : i2c.obj (.text:I2CMasterSlaveAddrSet)
                  0000e4ae    00000008     drivers_tivaware.aem4f : I2CTiva.oem4f (.text:I2CTiva_blockingCallback)
                  0000e4b6    00000008     driverlib.lib : ssi.obj (.text:SSIBusy)
                  0000e4be    00000008                   : uart.obj (.text:UARTIntEnable)
                  0000e4c6    00000008                   : uart.obj (.text:UARTRxErrorGet)
                  0000e4ce    00000002     --HOLE-- [fill = 0]
                  0000e4d0    00000008     rtsv7M4_T_le_v4SPD16_eabi.lib : errno.c.obj (.text:__aeabi_errno_addr)
                  0000e4d8    00000008     drivers_tivaware.aem4f : UARTTiva.oem4f (.text:readSemCallback)
                  0000e4e0    00000008     sysbios.aem4f : BIOS.obj (.text:ti_sysbios_family_arm_lm4_Timer_masterDisable__I)
                  0000e4e8    00000008                   : BIOS.obj (.text:ti_sysbios_family_arm_m3_Hwi_doSwiRestore__I)
                  0000e4f0    00000008                   : BIOS.obj (.text:ti_sysbios_family_arm_m3_Hwi_startup__E)
                  0000e4f8    00000008     drivers_tivaware.aem4f : UARTTiva.oem4f (.text:writeSemCallback)
                  0000e500    00000006     driverlib.lib : uart.obj (.text:UARTFIFOLevelSet)
                  0000e506    00000006                   : uart.obj (.text:UARTRxErrorClear)
                  0000e50c    00000006     grlib.lib : widget.obj (.text:WidgetMutexPut)
                  0000e512    00000006     ti.targets.arm.rtsarm.aem4f : System.oem4f (.text:xdc_runtime_System_Module_startup__E)
                  0000e518    00000006     sysbios.aem4f : BIOS.obj (.text:ti_sysbios_family_arm_lm4_TimestampProvider_Module_startup__E)
                  0000e51e    00000002     --HOLE-- [fill = 0]
                  0000e520    00000006                   : BIOS.obj (.text:ti_sysbios_family_arm_m3_Hwi_doTaskRestore__I)
                  0000e526    00000002     --HOLE-- [fill = 0]
                  0000e528    00000006                   : BIOS.obj (.text:ti_sysbios_family_arm_m3_Hwi_restoreFxn__E)
                  0000e52e    00000002     --HOLE-- [fill = 0]
                  0000e530    00000006                   : BIOS.obj (.text:ti_sysbios_gates_GateHwi_leave__E)
                  0000e536    00000002     --HOLE-- [fill = 0]
                  0000e538    00000006                   : BIOS.obj (.text:ti_sysbios_heaps_HeapMem_isBlocking__E)
                  0000e53e    00000002     --HOLE-- [fill = 0]
                  0000e540    00000006                   : BIOS.obj (.text:ti_sysbios_knl_Clock_stop__E)
                  0000e546    00000002     --HOLE-- [fill = 0]
                  0000e548    00000006                   : BIOS.obj (.text:ti_sysbios_knl_Queue_Instance_init__E)
                  0000e54e    00000002     --HOLE-- [fill = 0]
                  0000e550    00000006                   : BIOS.obj (.text:ti_sysbios_knl_Swi_startup__E)
                  0000e556    00000002     --HOLE-- [fill = 0]
                  0000e558    00000004                   : BIOS.obj (.text:ti_sysbios_family_arm_lm4_Timer_getPeriod__E)
                  0000e55c    00000004     --HOLE-- [fill = 0]
                  0000e560    00000004                   : BIOS.obj (.text:ti_sysbios_gates_GateHwi_query__E)
                  0000e564    00000004     --HOLE-- [fill = 0]
                  0000e568    00000004                   : BIOS.obj (.text:ti_sysbios_gates_GateMutex_query__E)
                  0000e56c    00000004     --HOLE-- [fill = 0]
                  0000e570    00000004                   : BIOS.obj (.text:ti_sysbios_knl_Task_startup__E)
                  0000e574    00000004     --HOLE-- [fill = 0]
                  0000e578    00000002                   : BIOS.obj (.text:ti_sysbios_gates_GateHwi_Instance_init__E)
                  0000e57a    00000006     --HOLE-- [fill = 0]
                  0000e580    00000002                   : BIOS.obj (.text:ti_sysbios_knl_Clock_logTick__E)

.const     0    0000e588    0000a00a     
                  0000e588    000018ae     empty_pem4f.oem4f (.const:xdc_runtime_Text_charTab__A)
                  0000fe36    00000a60     grlib.lib : fontcm24.obj (.const:.string:g_pui8Cm24Data)
                  00010896    00000960               : fontcm22.obj (.const:.string:g_pui8Cm22Data)
                  000111f6    0000095e               : fontcm20.obj (.const:.string:g_pui8Cm20Data)
                  00011b54    0000086e               : fontcm18.obj (.const:.string:g_pui8Cm18Data)
                  000123c2    0000083d     GUIImg.obj (.const:.string:g_pui8RedSlider195x37)
                  00012bff    00000826     GUIImg.obj (.const:.string:g_pui8GreenSlider195x37)
                  00013425    00000782     grlib.lib : fontcmss18b.obj (.const:.string:g_pui8Cmss18bData)
                  00013ba7    00000759               : fontcm16.obj (.const:.string:g_pui8Cm16Data)
                  00014300    00000705     GUIImg.obj (.const:.string:g_pui8GettingHotter28x148)
                  00014a05    0000065a     grlib.lib : fontcm14.obj (.const:.string:g_pui8Cm14Data)
                  0001505f    0000055f               : fontcm12.obj (.const:.string:g_pui8Cm12Data)
                  000155be    00000514               : fontcmss12.obj (.const:.string:g_pui8Cmss12Data)
                  00015ad2    000003ad     GUIImg.obj (.const:.string:g_pui8GettingHotter28x148Mono)
                  00015e7f    0000024d     GUIImg.obj (.const:.string:g_pui8Logo)
                  000160cc    00000210     GUIImg.obj (.const:.string:g_pui8Blue50x50)
                  000162dc    0000020e     GUIImg.obj (.const:.string:g_pui8Blue50x50Press)
                  000164ea    0000020d     GUIImg.obj (.const:.string:g_pui8btn140x40)
                  000166f7    0000020d     GUIImg.obj (.const:.string:g_pui8btn150x40Press)
                  00016904    00000204     empty.obj (.const:.string)
                  00016b08    00000124     Images.obj (.const:.string:g_pui8Night)
                  00016c2c    00000120     Boot.aem4f : Boot_sysctl.oem4f (.const:g_pppui32XTALtoVCO)
                  00016d4c    00000107     GUIImg.obj (.const:.string:g_pui8arrowRight)
                  00016e53    00000101     rtsv7M4_T_le_v4SPD16_eabi.lib : ctype.c.obj (.const:.string:_ctypes_)
                  00016f54    000000f8     Images.obj (.const:.string:g_pui8Day)
                  0001704c    000000f5     GUIImg.obj (.const:.string:g_pui8LightOff)
                  00017141    000000e6     GUIImg.obj (.const:.string:g_pui8LightOn)
                  00017227    00000001     empty_pem4f.oem4f (.const:xdc_runtime_Error_policy__C)
                  00017228    000000d0     empty_pem4f.oem4f (.const:xdc_runtime_Text_nodeTab__A)
                  000172f8    000000c8     grlib.lib : fontcm12.obj (.const:g_sFontCm12)
                  000173c0    000000c8               : fontcm14.obj (.const:g_sFontCm14)
                  00017488    000000c8               : fontcm16.obj (.const:g_sFontCm16)
                  00017550    000000c8               : fontcm18.obj (.const:g_sFontCm18)
                  00017618    000000c8               : fontcm20.obj (.const:g_sFontCm20)
                  000176e0    000000c8               : fontcm22.obj (.const:g_sFontCm22)
                  000177a8    000000c8               : fontcm24.obj (.const:g_sFontCm24)
                  00017870    000000c8               : fontcmss12.obj (.const:g_sFontCmss12)
                  00017938    000000c8               : fontcmss18b.obj (.const:g_sFontCmss18b)
                  00017a00    000000a5     GUIImg.obj (.const:.string:g_pui8arrowLeft)
                  00017aa5    00000001     --HOLE-- [fill = 0]
                  00017aa6    00000002     empty_pem4f.oem4f (.const:ti_catalog_arm_cortexm4_tiva_ce_Boot_Module__id__C)
                  00017aa8    000000a0     empty.obj (.const:$P$T0$3)
                  00017b48    00000090     driverlib.lib : gpio.obj (.const:g_pui32GPIOBaseAddrs)
                  00017bd8    00000076     GUIImg.obj (.const:.string:g_pui8backBtn)
                  00017c4e    00000002     empty_pem4f.oem4f (.const:ti_sysbios_family_arm_lm4_Timer_Module__id__C)
                  00017c50    00000070     driverlib.lib : interrupt.obj (.const)
                  00017cc0    0000006c     Boot.aem4f : Boot_sysctl.oem4f (.const:g_pui32Xtals)
                  00017d2c    00000054     drivers_tivaware.aem4f : GPIOTiva.oem4f (.const:.string)
                  00017d80    0000004c                            : UARTTiva.oem4f (.const)
                  00017dcc    00000048     empty_pem4f.oem4f (.const:.string)
                  00017e14    00000048     drivers_tivaware.aem4f : GPIOTiva.oem4f (.const:gpioBaseAddresses)
                  00017e5c    0000003c     empty_pem4f.oem4f (.const:ti_sysbios_family_arm_lm4_Timer_Object__PARAMS__C)
                  00017e98    0000003c     empty_pem4f.oem4f (.const:ti_sysbios_knl_Task_Object__PARAMS__C)
                  00017ed4    00000030     Boot.aem4f : Boot_sysctl.oem4f (.const:g_sXTALtoMEMTIM)
                  00017f04    00000030     empty_pem4f.oem4f (.const:ti_sysbios_family_arm_m3_Hwi_Object__PARAMS__C)
                  00017f34    00000030     empty_pem4f.oem4f (.const:ti_sysbios_hal_Timer_Object__PARAMS__C)
                  00017f64    0000002c     empty_pem4f.oem4f (.const:xdc_runtime_Startup_sfxnTab__A)
                  00017f90    00000028     drivers_tivaware.aem4f : UARTTiva.oem4f (.const:UARTTiva_fxnTable)
                  00017fb8    00000028     Kentec320x240x16_ssd2119_spi.obj (.const:g_sKentec320x240x16_SSD2119)
                  00017fe0    00000028     empty_pem4f.oem4f (.const:ti_sysbios_heaps_HeapMem_Module__FXNS__C)
                  00018008    00000024     EK_TM4C1294XL.obj (.const:I2C_config)
                  0001802c    00000024     drivers_tivaware.aem4f : UART.oem4f (.const:UART_defaultParams)
                  00018050    00000024     empty_pem4f.oem4f (.const:ti_sysbios_gates_GateHwi_Module__FXNS__C)
                  00018074    00000024     empty_pem4f.oem4f (.const:ti_sysbios_gates_GateMutex_Module__FXNS__C)
                  00018098    00000024     empty_pem4f.oem4f (.const:ti_sysbios_heaps_HeapMem_Object__PARAMS__C)
                  000180bc    00000024     empty_pem4f.oem4f (.const:ti_sysbios_knl_Clock_Object__PARAMS__C)
                  000180e0    00000024     empty_pem4f.oem4f (.const:ti_sysbios_knl_Semaphore_Object__PARAMS__C)
                  00018104    00000020     empty_pem4f.oem4f (.const:ti_sysbios_family_arm_lm4_Timer_Object__DESC__C)
                  00018124    00000020     empty_pem4f.oem4f (.const:ti_sysbios_family_arm_m3_Hwi_Object__DESC__C)
                  00018144    00000020     empty_pem4f.oem4f (.const:ti_sysbios_gates_GateHwi_Object__DESC__C)
                  00018164    00000020     empty_pem4f.oem4f (.const:ti_sysbios_gates_GateMutex_Object__DESC__C)
                  00018184    00000020     empty_pem4f.oem4f (.const:ti_sysbios_hal_Timer_Object__DESC__C)
                  000181a4    00000020     empty_pem4f.oem4f (.const:ti_sysbios_heaps_HeapMem_Object__DESC__C)
                  000181c4    00000020     empty_pem4f.oem4f (.const:ti_sysbios_knl_Clock_Object__DESC__C)
                  000181e4    00000020     empty_pem4f.oem4f (.const:ti_sysbios_knl_Queue_Object__DESC__C)
                  00018204    00000020     empty_pem4f.oem4f (.const:ti_sysbios_knl_Semaphore_Object__DESC__C)
                  00018224    00000020     empty_pem4f.oem4f (.const:ti_sysbios_knl_Task_Object__DESC__C)
                  00018244    0000001c     drivers_tivaware.aem4f : I2CTiva.oem4f (.const)
                  00018260    0000001c     touch.obj (.const:g_pi32TouchParameters)
                  0001827c    00000018     EK_TM4C1294XL.obj (.const:UART_config)
                  00018294    00000018     EK_TM4C1294XL.obj (.const:i2cTivaHWAttrs)
                  000182ac    00000018     empty_pem4f.oem4f (.const:ti_sysbios_gates_GateHwi_Object__PARAMS__C)
                  000182c4    00000018     empty_pem4f.oem4f (.const:ti_sysbios_gates_GateMutex_Object__PARAMS__C)
                  000182dc    00000018     empty_pem4f.oem4f (.const:ti_sysbios_knl_Queue_Object__PARAMS__C)
                  000182f4    00000018     EK_TM4C1294XL.obj (.const:uartTivaHWAttrs)
                  0001830c    00000016     empty_pem4f.oem4f (.const:xdc_runtime_Startup_sfxnRts__A)
                  00018322    00000002     empty_pem4f.oem4f (.const:ti_sysbios_family_arm_lm4_Timer_supportsAltclk__C)
                  00018324    00000014     EK_TM4C1294XL.obj (.const:GPIOTiva_config)
                  00018338    00000014     empty_pem4f.oem4f (.const:xdc_runtime_Startup_firstFxns__A)
                  0001834c    00000012     ustdlib.obj (.const:.string)
                  0001835e    00000002     empty_pem4f.oem4f (.const:ti_sysbios_family_arm_m3_Hwi_Module__id__C)
                  00018360    00000010     grlib.lib : context.obj (.const)
                  00018370    00000008     Boot.aem4f : Boot_sysctl.oem4f (.const)
                  00018378    00000008     empty_pem4f.oem4f (.const:ti_sysbios_family_arm_m3_Hwi_excHookFuncs__A)
                  00018380    00000008     empty_pem4f.oem4f (.const:ti_sysbios_knl_Idle_funcList__C)
                  00018388    00000008     empty_pem4f.oem4f (.const:xdc_runtime_Startup_firstFxns__C)
                  00018390    00000008     empty_pem4f.oem4f (.const:xdc_runtime_Startup_lastFxns__C)
                  00018398    00000004     empty_pem4f.oem4f (.const:ti_catalog_arm_cortexm4_tiva_ce_Boot_A_mustNotUseEnhancedClockMode__C)
                  0001839c    00000004     empty_pem4f.oem4f (.const:ti_catalog_arm_cortexm4_tiva_ce_Boot_Module__diagsEnabled__C)
                  000183a0    00000004     empty_pem4f.oem4f (.const:ti_catalog_arm_cortexm4_tiva_ce_Boot_Module__diagsIncluded__C)
                  000183a4    00000004     empty_pem4f.oem4f (.const:ti_catalog_arm_cortexm4_tiva_ce_Boot_Module__diagsMask__C)
                  000183a8    00000004     empty_pem4f.oem4f (.const:ti_sysbios_family_arm_lm4_Timer_E_cannotSupport__C)
                  000183ac    00000004     empty_pem4f.oem4f (.const:ti_sysbios_family_arm_lm4_Timer_E_invalidTimer__C)
                  000183b0    00000004     empty_pem4f.oem4f (.const:ti_sysbios_family_arm_lm4_Timer_E_noaltclk__C)
                  000183b4    00000004     empty_pem4f.oem4f (.const:ti_sysbios_family_arm_lm4_Timer_E_notAvailable__C)
                  000183b8    00000004     empty_pem4f.oem4f (.const:ti_sysbios_family_arm_lm4_Timer_anyMask__C)
                  000183bc    00000004     empty_pem4f.oem4f (.const:ti_sysbios_family_arm_lm4_Timer_disableFunc__C)
                  000183c0    00000004     empty_pem4f.oem4f (.const:ti_sysbios_family_arm_lm4_Timer_enableFunc__C)
                  000183c4    00000004     empty_pem4f.oem4f (.const:ti_sysbios_family_arm_lm4_Timer_numTimerDevices__C)
                  000183c8    00000004     empty_pem4f.oem4f (.const:ti_sysbios_family_arm_lm4_Timer_startupNeeded__C)
                  000183cc    00000004     empty_pem4f.oem4f (.const:ti_sysbios_family_arm_m3_Hwi_E_NMI__C)
                  000183d0    00000004     empty_pem4f.oem4f (.const:ti_sysbios_family_arm_m3_Hwi_E_alreadyDefined__C)
                  000183d4    00000004     empty_pem4f.oem4f (.const:ti_sysbios_family_arm_m3_Hwi_E_busFault__C)
                  000183d8    00000004     empty_pem4f.oem4f (.const:ti_sysbios_family_arm_m3_Hwi_E_debugMon__C)
                  000183dc    00000004     empty_pem4f.oem4f (.const:ti_sysbios_family_arm_m3_Hwi_E_hardFault__C)
                  000183e0    00000004     empty_pem4f.oem4f (.const:ti_sysbios_family_arm_m3_Hwi_E_memFault__C)
                  000183e4    00000004     empty_pem4f.oem4f (.const:ti_sysbios_family_arm_m3_Hwi_E_noIsr__C)
                  000183e8    00000004     empty_pem4f.oem4f (.const:ti_sysbios_family_arm_m3_Hwi_E_reserved__C)
                  000183ec    00000004     empty_pem4f.oem4f (.const:ti_sysbios_family_arm_m3_Hwi_E_svCall__C)
                  000183f0    00000004     empty_pem4f.oem4f (.const:ti_sysbios_family_arm_m3_Hwi_E_usageFault__C)
                  000183f4    00000004     empty_pem4f.oem4f (.const:ti_sysbios_family_arm_m3_Hwi_NUM_INTERRUPTS__C)
                  000183f8    00000004     empty_pem4f.oem4f (.const:ti_sysbios_family_arm_m3_Hwi_Object__count__C)
                  000183fc    00000004     empty_pem4f.oem4f (.const:ti_sysbios_family_arm_m3_Hwi_ccr__C)
                  00018400    00000004     empty_pem4f.oem4f (.const:ti_sysbios_family_arm_m3_Hwi_excHandlerFunc__C)
                  00018404    00000004     empty_pem4f.oem4f (.const:ti_sysbios_family_arm_m3_Hwi_excHookFuncs__C)
                  00018408    00000004     empty_pem4f.oem4f (.const:ti_sysbios_family_arm_m3_Hwi_nullIsrFunc__C)
                  0001840c    00000004     empty_pem4f.oem4f (.const:ti_sysbios_family_arm_m3_Hwi_priGroup__C)
                  00018410    00000004     empty_pem4f.oem4f (.const:ti_sysbios_family_arm_m3_TaskSupport_stackAlignment__C)
                  00018414    00000004     empty_pem4f.oem4f (.const:ti_sysbios_gates_GateMutex_A_badContext__C)
                  00018418    00000004     empty_pem4f.oem4f (.const:ti_sysbios_gates_GateMutex_Instance_State_sem__O)
                  0001841c    00000004     empty_pem4f.oem4f (.const:ti_sysbios_gates_GateMutex_Module__diagsEnabled__C)
                  00018420    00000004     empty_pem4f.oem4f (.const:ti_sysbios_gates_GateMutex_Module__diagsIncluded__C)
                  00018424    00000004     empty_pem4f.oem4f (.const:ti_sysbios_gates_GateMutex_Module__diagsMask__C)
                  00018428    00000004     empty_pem4f.oem4f (.const:ti_sysbios_hal_Hwi_E_stackOverflow__C)
                  0001842c    00000004     empty_pem4f.oem4f (.const:ti_sysbios_hal_SecondsClock_Module_State_clock__O)
                  00018430    00000004     empty_pem4f.oem4f (.const:ti_sysbios_heaps_HeapMem_A_align__C)
                  00018434    00000004     empty_pem4f.oem4f (.const:ti_sysbios_heaps_HeapMem_A_heapSize__C)
                  00018438    00000004     empty_pem4f.oem4f (.const:ti_sysbios_heaps_HeapMem_A_invalidFree__C)
                  0001843c    00000004     empty_pem4f.oem4f (.const:ti_sysbios_heaps_HeapMem_A_zeroBlock__C)
                  00018440    00000004     empty_pem4f.oem4f (.const:ti_sysbios_heaps_HeapMem_E_memory__C)
                  00018444    00000004     empty_pem4f.oem4f (.const:ti_sysbios_heaps_HeapMem_Module__diagsEnabled__C)
                  00018448    00000004     empty_pem4f.oem4f (.const:ti_sysbios_heaps_HeapMem_Module__diagsIncluded__C)
                  0001844c    00000004     empty_pem4f.oem4f (.const:ti_sysbios_heaps_HeapMem_Module__diagsMask__C)
                  00018450    00000004     empty_pem4f.oem4f (.const:ti_sysbios_heaps_HeapMem_Module__gateObj__C)
                  00018454    00000004     empty_pem4f.oem4f (.const:ti_sysbios_heaps_HeapMem_Object__count__C)
                  00018458    00000004     empty_pem4f.oem4f (.const:ti_sysbios_heaps_HeapMem_reqAlign__C)
                  0001845c    00000004     empty_pem4f.oem4f (.const:ti_sysbios_knl_Clock_A_badThreadType__C)
                  00018460    00000004     empty_pem4f.oem4f (.const:ti_sysbios_knl_Clock_Module_State_clockQ__O)
                  00018464    00000004     empty_pem4f.oem4f (.const:ti_sysbios_knl_Clock_Module__diagsEnabled__C)
                  00018468    00000004     empty_pem4f.oem4f (.const:ti_sysbios_knl_Clock_Module__diagsIncluded__C)
                  0001846c    00000004     empty_pem4f.oem4f (.const:ti_sysbios_knl_Clock_Module__diagsMask__C)
                  00018470    00000004     empty_pem4f.oem4f (.const:ti_sysbios_knl_Clock_tickPeriod__C)
                  00018474    00000004     empty_pem4f.oem4f (.const:ti_sysbios_knl_Idle_funcList__A)
                  00018478    00000004     empty_pem4f.oem4f (.const:ti_sysbios_knl_Semaphore_A_badContext__C)
                  0001847c    00000004     empty_pem4f.oem4f (.const:ti_sysbios_knl_Semaphore_A_noEvents__C)
                  00018480    00000004     empty_pem4f.oem4f (.const:ti_sysbios_knl_Semaphore_A_overflow__C)
                  00018484    00000004     empty_pem4f.oem4f (.const:ti_sysbios_knl_Semaphore_A_pendTaskDisabled__C)
                  00018488    00000004     empty_pem4f.oem4f (.const:ti_sysbios_knl_Semaphore_Instance_State_pendQ__O)
                  0001848c    00000004     empty_pem4f.oem4f (.const:ti_sysbios_knl_Semaphore_Module__diagsEnabled__C)
                  00018490    00000004     empty_pem4f.oem4f (.const:ti_sysbios_knl_Semaphore_Module__diagsIncluded__C)
                  00018494    00000004     empty_pem4f.oem4f (.const:ti_sysbios_knl_Semaphore_Module__diagsMask__C)
                  00018498    00000004     empty_pem4f.oem4f (.const:ti_sysbios_knl_Swi_Object__count__C)
                  0001849c    00000004     empty_pem4f.oem4f (.const:ti_sysbios_knl_Task_A_badPriority__C)
                  000184a0    00000004     empty_pem4f.oem4f (.const:ti_sysbios_knl_Task_A_badTaskState__C)
                  000184a4    00000004     empty_pem4f.oem4f (.const:ti_sysbios_knl_Task_A_badThreadType__C)
                  000184a8    00000004     empty_pem4f.oem4f (.const:ti_sysbios_knl_Task_A_badTimeout__C)
[...]
00018408  ti_sysbios_family_arm_m3_Hwi_nullIsrFunc__C                          
0001840c  ti_sysbios_family_arm_m3_Hwi_priGroup__C                             
00018410  ti_sysbios_family_arm_m3_TaskSupport_stackAlignment__C               
00018414  ti_sysbios_gates_GateMutex_A_badContext__C                           
00018418  ti_sysbios_gates_GateMutex_Instance_State_sem__O                     
0001841c  ti_sysbios_gates_GateMutex_Module__diagsEnabled__C                   
00018420  ti_sysbios_gates_GateMutex_Module__diagsIncluded__C                  
00018424  ti_sysbios_gates_GateMutex_Module__diagsMask__C                      
00018428  ti_sysbios_hal_Hwi_E_stackOverflow__C                                
0001842c  ti_sysbios_hal_SecondsClock_Module_State_clock__O                    
00018430  ti_sysbios_heaps_HeapMem_A_align__C                                  
00018434  ti_sysbios_heaps_HeapMem_A_heapSize__C                               
00018438  ti_sysbios_heaps_HeapMem_A_invalidFree__C                            
0001843c  ti_sysbios_heaps_HeapMem_A_zeroBlock__C                              
00018440  ti_sysbios_heaps_HeapMem_E_memory__C                                 
00018444  ti_sysbios_heaps_HeapMem_Module__diagsEnabled__C                     
00018448  ti_sysbios_heaps_HeapMem_Module__diagsIncluded__C                    
0001844c  ti_sysbios_heaps_HeapMem_Module__diagsMask__C                        
00018450  ti_sysbios_heaps_HeapMem_Module__gateObj__C                          
00018454  ti_sysbios_heaps_HeapMem_Object__count__C                            
00018458  ti_sysbios_heaps_HeapMem_reqAlign__C                                 
0001845c  ti_sysbios_knl_Clock_A_badThreadType__C                              
00018460  ti_sysbios_knl_Clock_Module_State_clockQ__O                          
00018464  ti_sysbios_knl_Clock_Module__diagsEnabled__C                         
00018468  ti_sysbios_knl_Clock_Module__diagsIncluded__C                        
0001846c  ti_sysbios_knl_Clock_Module__diagsMask__C                            
00018470  ti_sysbios_knl_Clock_tickPeriod__C                                   
00018474  ti_sysbios_knl_Idle_funcList__A                                      
00018478  ti_sysbios_knl_Semaphore_A_badContext__C                             
0001847c  ti_sysbios_knl_Semaphore_A_noEvents__C                               
00018480  ti_sysbios_knl_Semaphore_A_overflow__C                               
00018484  ti_sysbios_knl_Semaphore_A_pendTaskDisabled__C                       
00018488  ti_sysbios_knl_Semaphore_Instance_State_pendQ__O                     
0001848c  ti_sysbios_knl_Semaphore_Module__diagsEnabled__C                     
00018490  ti_sysbios_knl_Semaphore_Module__diagsIncluded__C                    
00018494  ti_sysbios_knl_Semaphore_Module__diagsMask__C                        
00018498  ti_sysbios_knl_Swi_Object__count__C                                  
0001849c  ti_sysbios_knl_Task_A_badPriority__C                                 
000184a0  ti_sysbios_knl_Task_A_badTaskState__C                                
000184a4  ti_sysbios_knl_Task_A_badThreadType__C                               
000184a8  ti_sysbios_knl_Task_A_badTimeout__C                                  
000184ac  ti_sysbios_knl_Task_A_noPendElem__C                                  
000184b0  ti_sysbios_knl_Task_A_sleepTaskDisabled__C                           
000184b4  ti_sysbios_knl_Task_E_spOutOfBounds__C                               
000184b8  ti_sysbios_knl_Task_E_stackOverflow__C                               
000184bc  ti_sysbios_knl_Task_Module_State_inactiveQ__O                        
000184c0  ti_sysbios_knl_Task_Module__diagsEnabled__C                          
000184c4  ti_sysbios_knl_Task_Module__diagsIncluded__C                         
000184c8  ti_sysbios_knl_Task_Module__diagsMask__C                             
000184cc  ti_sysbios_knl_Task_Object__count__C                                 
000184d0  ti_sysbios_knl_Task_allBlockedFunc__C                                
000184d4  ti_sysbios_knl_Task_defaultStackHeap__C                              
000184d8  ti_sysbios_knl_Task_defaultStackSize__C                              
000184dc  ti_sysbios_knl_Task_numConstructedTasks__C                           
000184e4  xdc_runtime_Assert_E_assertFailed__C                                 
000184e8  xdc_runtime_Core_A_initializedParams__C                              
000184ec  xdc_runtime_Core_Module__diagsEnabled__C                             
000184f0  xdc_runtime_Core_Module__diagsIncluded__C                            
000184f4  xdc_runtime_Core_Module__diagsMask__C                                
000184f8  xdc_runtime_Error_E_memory__C                                        
000184fc  xdc_runtime_Error_Module__diagsEnabled__C                            
00018500  xdc_runtime_Error_Module__diagsIncluded__C                           
00018504  xdc_runtime_Error_Module__diagsMask__C                               
00018508  xdc_runtime_Error_Module__loggerFxn8__C                              
0001850c  xdc_runtime_Error_Module__loggerObj__C                               
00018510  xdc_runtime_Error_policyFxn__C                                       
00018514  xdc_runtime_Error_raiseHook__C                                       
00018518  xdc_runtime_IGateProvider_Interface__BASE__C                         
0001851c  xdc_runtime_IHeap_Interface__BASE__C                                 
00018520  xdc_runtime_IModule_Interface__BASE__C                               
00018524  xdc_runtime_Log_L_error__C                                           
00018528  xdc_runtime_Memory_defaultHeapInstance__C                            
0001852c  xdc_runtime_Startup_execImpl__C                                      
00018530  xdc_runtime_Startup_lastFxns__A                                      
00018534  xdc_runtime_Startup_maxPasses__C                                     
00018538  xdc_runtime_Startup_sfxnRts__C                                       
0001853c  xdc_runtime_Startup_sfxnTab__C                                       
00018540  xdc_runtime_SysMin_bufSize__C                                        
00018544  xdc_runtime_SysMin_outputFunc__C                                     
00018548  xdc_runtime_System_Module__gateObj__C                                
0001854c  xdc_runtime_System_abortFxn__C                                       
00018550  xdc_runtime_System_exitFxn__C                                        
00018554  xdc_runtime_System_extendFxn__C                                      
00018558  xdc_runtime_System_maxAtexitHandlers__C                              
0001855c  xdc_runtime_Text_charTab__C                                          
00018560  xdc_runtime_Text_nameEmpty__C                                        
00018564  xdc_runtime_Text_nameStatic__C                                       
00018568  xdc_runtime_Text_nameUnknown__C                                      
0001856c  xdc_runtime_Text_nodeTab__C                                          
00018570  xdc_runtime_Text_visitRopeFxn__C                                     
00018574  ti_sysbios_gates_GateMutex_Module__id__C                             
00018576  ti_sysbios_hal_Hwi_Module__id__C                                     
00018578  ti_sysbios_heaps_HeapMem_Module__id__C                               
0001857a  ti_sysbios_knl_Clock_Module__id__C                                   
0001857c  ti_sysbios_knl_Semaphore_Module__id__C                               
0001857e  ti_sysbios_knl_Task_Module__id__C                                    
00018580  xdc_runtime_Core_Module__id__C                                       
00018582  xdc_runtime_Error_Module__loggerDefined__C                           
00018584  xdc_runtime_Error_maxDepth__C                                        
00018586  xdc_runtime_Memory_Module__id__C                                     
00018588  xdc_runtime_SysMin_flushAtExit__C                                    
0001858a  xdc_runtime_Text_charCnt__C                                          
0001858c  xdc_runtime_Text_isLoaded__C                                         
0001858e  xdc_runtime_Text_registryModsLastId__C                               
00018590  xdc_runtime_Text_unnamedModsLastId__C                                
00018598  __TI_static_base__                                                   
00018e08  __TI_Handler_Table_Base                                              
00018e14  __TI_Handler_Table_Limit                                             
00018e28  __TI_CINIT_Base                                                      
00018e40  __TI_CINIT_Limit                                                     
20000000  __start___llvm_prf_cnts                                              
20000000  __stop___llvm_prf_cnts                                               
20000000  ti_sysbios_family_arm_m3_Hwi_ramVectors                              
20000400  task0Stack                                                           
20000c00  taskTouchStack                                                       
20001400  psDMAControlTable                                                    
20001800  ti_sysbios_heaps_HeapMem_Instance_State_0_buf__A                     
20001c00  ti_sysbios_family_arm_m3_Hwi_dispatchTable                           
20001f60  ti_sysbios_knl_Task_Instance_State_0_stack__A                        
200022a0  __CIOBUF_                                                            
200023c0  i2cTivaObjects                                                       
200024c0  uartTivaObjects                                                      
2000261c  xdc_runtime_SysMin_Module_State_0_outbuf__A                          
2000269c  task0Struct                                                          
200026ec  taskTouchStruct                                                      
2000273c  sContext                                                             
20002788  tempc                                                                
200027a8  uartTivaRingBuffer                                                   
200027c8  datetime                                                             
20002808  AccBox                                                               
20002810  Banner                                                               
20002818  BannerB                                                              
20002820  CurrBox                                                              
20002828  clearBox                                                             
20002830  graphClear                                                           
20002838  parmbuf                                                              
20002840  g_pi32ParmSet                                                        
20002848  g_ui32Panel                                                          
20002850  timerclock                                                           
20002854  uart                                                                 
20002858  g_i16TouchX                                                          
2000285a  g_i16TouchY                                                          
20002860  g_psSliders                                                          
20002a88  g_psPanels                                                           
20002c88  dd                                                                   
20002e18  g_psRadioButtonIndicators                                            
20002f98  sidertestC                                                           
20003098  g_psCheckBoxIndicators                                               
20003158  g_psCheckBoxes                                                       
20003218  g_psRadioButtons1                                                    
200032d8  g_psRadioButtons2                                                    
20003398  ti_sysbios_family_arm_lm4_Timer_Object__table__V                     
20003418  ti_sysbios_knl_Swi_Module_State_0_readyQ__A                          
20003498  ti_sysbios_knl_Task_Module_State_0_readyQ__A                         
20003518  g_psRadioContainers                                                  
20003588  MotorSpeedSlider                                                     
200035e4  slidertest                                                           
20003640  AccDownBtn                                                           
20003690  AccUpBtn                                                             
200036e0  CurrentDownBtn                                                       
20003730  CurrentUpBtn                                                         
20003780  GraphPgBtn                                                           
200037d0  LightGraphBtn                                                        
20003820  MotorGraphBtn                                                        
20003870  MotorMode                                                            
200038c0  MotorPgBtn                                                           
20003910  PowerGraphBtn                                                        
20003960  SensorPgBtn                                                          
200039b0  TestGraphBtn                                                         
20003a00  backGraphBtn                                                         
20003a50  backGraphSelectBtn                                                   
20003aa0  backMotorBtn                                                         
20003af0  brrrr2                                                               
20003b40  brrrr                                                                
20003b90  ti_sysbios_knl_Task_Object__table__V                                 
20003bdc  ti_sysbios_family_arm_m3_Hwi_Object__table__V                        
20003c24  ti_sysbios_knl_Task_Module__state__V                                 
20003c68  g_sCanvas1                                                           
20003ca8  g_sCanvas2                                                           
20003ce8  g_sCanvas3                                                           
20003d28  g_sIntroduction                                                      
20003d68  g_sPrimitives                                                        
20003da8  g_sSliderValueCanvas                                                 
20003de8  ti_sysbios_family_arm_lm4_Timer_Module_State_0_device__A             
20003e28  ti_sysbios_hal_SecondsClock_Module__state__V                         
20003e64  g_sContainer1                                                        
20003e9c  g_sContainer2                                                        
20003ed4  g_sContainer3                                                        
20003f0c  ti_sysbios_gates_GateMutex_Object__table__V                          
20003f44  ti_sysbios_family_arm_m3_Hwi_Module__state__V                        
20003f78  ti_sysbios_knl_Swi_Object__table__V                                  
20003fa8  g_sRoot                                                              
20003fd6  ti_sysbios_family_arm_m3_Hwi_Module_State_0_excActive__A             
20003fd8  ti_sysbios_knl_Clock_Module__state__V                                
20004004  ti_sysbios_BIOS_Module__state__V                                     
20004028  ti_sysbios_family_arm_lm4_Timer_Module_State_0_handles__A            
20004048  gpioPinConfigs                                                       
20004064  ti_sysbios_knl_Swi_Module__state__V                                  
20004080  motorStartStop                                                       
20004081  HA                                                                   
20004082  HB                                                                   
20004083  HC                                                                   
20004084  LowLight                                                             
20004085  ongraph                                                              
20004088  x1                                                                   
2000408c  x2                                                                   
20004090  y1                                                                   
20004094  y2                                                                   
20004098  ti_sysbios_heaps_HeapMem_Object__table__V                            
200040b0  ti_sysbios_family_arm_lm4_Timer_Module__state__V                     
200040bc  xdc_runtime_SysMin_Module__state__V                                  
200040c8  _lock                                                                
200040cc  _unlock                                                              
200040d0  gpioCallbackFunctions                                                
200040d8  ti_sysbios_family_arm_lm4_Timer_Module__root__V                      
200040e0  ti_sysbios_family_arm_lm4_TimestampProvider_Module__state__V         
200040e8  ti_sysbios_family_arm_m3_Hwi_Module__root__V                         
200040f0  ti_sysbios_gates_GateHwi_Module__root__V                             
200040f8  ti_sysbios_gates_GateMutex_Module__root__V                           
20004100  ti_sysbios_hal_Timer_Module__root__V                                 
20004108  ti_sysbios_heaps_HeapMem_Module__root__V                             
20004110  ti_sysbios_knl_Clock_Module__root__V                                 
20004118  ti_sysbios_knl_Queue_Module__root__V                                 
20004120  ti_sysbios_knl_Semaphore_Module__root__V                             
20004128  ti_sysbios_knl_Task_Module__root__V                                  
20004130  xdc_runtime_Registry_Module__state__V                                
20004138  xdc_runtime_Startup_Module__state__V                                 
20004140  xdc_runtime_System_Module_State_0_atexitHandlers__A                  
20004148  xdc_runtime_System_Module__state__V                                  
20004156  xdc_runtime_Error_Module__state__V                                   
20004160  errno                                                                
20004164  main_func_sp                                                         
20004168  ti_sysbios_family_arm_m3_Hwi_Module_State_0_excContext__A            
2000416c  ti_sysbios_family_arm_m3_Hwi_Module_State_0_excStack__A              
20004170  ti_sysbios_gates_GateHwi_Object__table__V                            
20004174  ti_sysbios_knl_Task_Module_State_0_idleTask__A                       
20004178  g_i16TouchMin                                                        
2000417c  xdc_runtime_Memory_Module__state__V                                  
20004180  __stack                                                              
20004480  __STACK_END                                                          
e000e000  ti_sysbios_family_arm_m3_Hwi_nvic                                    
ffffffff  __TI_pprof_out_hndl                                                  
ffffffff  __TI_prof_data_size                                                  
ffffffff  __TI_prof_data_start                                                 
ffffffff  __binit__                                                            
ffffffff  __c_args__                                                           
ffffffff  binit                                                                
UNDEFED   SHT$$INIT_ARRAY$$Base                                                
UNDEFED   SHT$$INIT_ARRAY$$Limit                                               

[925 symbols]
