******************************************************************************
                  TI ARM Linker PC v20.2.5                     
******************************************************************************
>> Linked Sun May  8 15:34:51 2022

OUTPUT FILE NAME:   <EGH456MotorProject.out>
ENTRY POINT SYMBOL: "_c_int00"  address: 0000ada5


MEMORY CONFIGURATION

         name            origin    length      used     unused   attr    fill
----------------------  --------  ---------  --------  --------  ----  --------
  FLASH                 00000000   00100000  00017cec  000e8314  R  X
  SRAM                  20000000   00040000  00003400  0003cc00  RW X


SEGMENT ALLOCATION MAP

run origin  load origin   length   init length attrs members
----------  ----------- ---------- ----------- ----- -------
00000000    00000000    00017cf8   00017cf8    r-x
  00000000    00000000    0000003c   0000003c    r-- .resetVecs
  00000040    00000040    0000dc6a   0000dc6a    r-x .text
  0000dcac    0000dcac    00009956   00009956    r-- .const
  00017608    00017608    000006f0   000006f0    r-- .cinit
20000000    20000000    00000360   00000000    rw-
  20000000    20000000    00000360   00000000    rw- .vecs
20000400    20000400    000030a0   00000000    rw-
  20000400    20000400    00001804   00000000    rw- .bss
  20001c04    20001c04    0000159c   00000000    rw- .data
  200031a0    200031a0    00000300   00000000    rw- .stack


SECTION ALLOCATION MAP

 output                                  attributes/
section   page    origin      length       input sections
--------  ----  ----------  ----------   ----------------
.text      0    00000040    0000dc6a     
                  00000040    00000a4e     rtsv7M4_T_le_v4SPD16_eabi.lib : _printfi.c.obj (.text:__TI_printfi)
                  00000a8e    00000002                                   : _lock.c.obj (.text:_nop)
                  00000a90    00000438     ustdlib.obj (.text:uvsnprintf)
                  00000ec8    00000430     sysbios.aem4f : BIOS.obj (.text:ti_sysbios_family_arm_m3_Hwi_excDumpRegs__I)
                  000012f8    00000378     empty.obj (.text:MotorPage)
                  00001670    00000374     grlib.lib : image.obj (.text:InternalImageDraw)
                  000019e4    0000034c     ti.targets.arm.rtsarm.aem4f : System.oem4f (.text:xdc_runtime_System_doPrint__I)
                  00001d30    000002f8     grlib.lib : image.obj (.text:PixelTransparentDraw)
                  00002028    000002c6               : slider.obj (.text:SliderPaint)
                  000022ee    00000002     rtsv7M4_T_le_v4SPD16_eabi.lib : div0.asm.obj (.text)
                  000022f0    000002b0     Clock.obj (.text:timeConvert)
                  000025a0    000002a4     sysbios.aem4f : BIOS.obj (.text:ti_sysbios_knl_Semaphore_pend__E)
                  00002844    00000278     empty.obj (.text:OnPrimitivePaint)
                  00002abc    00000270     rtsv7M4_T_le_v4SPD16_eabi.lib : _printfi.c.obj (.text:_pconv_a)
                  00002d2c    00000004     driverlib.lib : i2c.obj (.text:I2CMasterControl)
                  00002d30    0000026c     sysbios.aem4f : BIOS.obj (.text:ti_sysbios_heaps_HeapMem_free__E)
                  00002f9c    00000268     touch.obj (.text:TouchScreenDebouncer)
                  00003204    00000254     grlib.lib : string.obj (.text:GrFontGlyphRender)
                  00003458    00000250     sysbios.aem4f : BIOS.obj (.text:ti_sysbios_heaps_HeapMem_alloc__E)
                  000036a8    00000234                   : BIOS.obj (.text:ti_sysbios_knl_Task_Instance_finalize__E)
                  000038dc    00000228     empty.obj (.text:OnIntroPaint)
                  00003b04    00000004     driverlib.lib : i2c.obj (.text:I2CMasterDataGet)
                  00003b08    0000021c     sysbios.aem4f : BIOS.obj (.text:ti_sysbios_family_arm_lm4_Timer_Instance_init__E)
                  00003d24    0000020e     grlib.lib : checkbox.obj (.text:CheckBoxPaint)
                  00003f32    00000002     empty_pem4f.oem4f (.text:ti_sysbios_BIOS_nullFunc__I)
                  00003f34    0000020c     drivers_tivaware.aem4f : UARTTiva.oem4f (.text:UARTTiva_open)
                  00004140    00000208     grlib.lib : circle.obj (.text:GrCircleDraw)
                  00004348    00000204     Boot.aem4f : Boot_sysctl.oem4f (.text:ti_catalog_arm_cortexm4_tiva_ce_Boot_sysCtlClockFreqSetI__I)
                  0000454c    00000004     driverlib.lib : i2c.obj (.text:I2CMasterDataPut)
                  00004550    000001f4     sysbios.aem4f : BIOS.obj (.text:ti_sysbios_family_arm_m3_Hwi_excHandlerMax__I)
                  00004744    000001e4     Kentec320x240x16_ssd2119_spi.obj (.text:Kentec320x240x16_SSD2119Init)
                  00004928    000001dc     Kentec320x240x16_ssd2119_spi.obj (.text:Kentec320x240x16_SSD2119PixelDrawMultiple)
                  00004b04    000001d0     rtsv7M4_T_le_v4SPD16_eabi.lib : _printfi.c.obj (.text:_pconv_g)
                  00004cd4    00000004     driverlib.lib : uart.obj (.text:UARTIntClear)
                  00004cd8    000001c8     sysbios.aem4f : BIOS.obj (.text:ti_sysbios_knl_Task_sleep__E)
                  00004ea0    000001c0                   : BIOS.obj (.text:ti_sysbios_knl_Task_Instance_init__E)
                  00005060    000001b6     grlib.lib : radiobutton.obj (.text:RadioButtonPaint)
                  00005216    000001b6     rtsv7M4_T_le_v4SPD16_eabi.lib : fd_add_t2.asm.obj (.text)
                  000053cc    000001a4     pinout.obj (.text:PinoutSet)
                  00005570    00000190     grlib.lib : canvas.obj (.text:CanvasPaint)
                  00005700    0000018c     empty.obj (.text:main)
                  0000588c    0000017e     grlib.lib : pushbutton.obj (.text:RectangularButtonPaint)
                  00005a0a    00000002     empty_pem4f.oem4f (.text:xdc_runtime_Startup_reset__I)
                  00005a0c    00000178     touch.obj (.text:TouchScreenIntHandler)
                  00005b84    00000004     grlib.lib : widget.obj (.text:WidgetDefaultMsgProc)
                  00005b88    00000174     sysbios.aem4f : BIOS.obj (.text:ti_sysbios_family_arm_m3_Hwi_excBusFault__I)
                  00005cfc    00000004     rtsv7M4_T_le_v4SPD16_eabi.lib : exit.c.obj (.text:abort:abort)
                  00005d00    00000164     sysbios.aem4f : BIOS.obj (.text:ti_sysbios_family_arm_m3_Hwi_excUsageFault__I)
                  00005e64    00000154     grlib.lib : container.obj (.text:ContainerPaint)
                  00005fb8    00000150     drivers_tivaware.aem4f : GPIOTiva.oem4f (.text:GPIO_setConfig)
                  00006108    00000148     sysbios.aem4f : BIOS.obj (.text:ti_sysbios_family_arm_m3_Hwi_excMemFault__I)
                  00006250    00000144     grlib.lib : circle.obj (.text:GrCircleFill)
                  00006394    0000013c     rtsv7M4_T_le_v4SPD16_eabi.lib : _printfi.c.obj (.text:_pconv_e)
                  000064d0    0000013c     sysbios.aem4f : BIOS.obj (.text:ti_sysbios_heaps_HeapMem_Instance_init__E)
                  0000660c    00000136     rtsv7M4_T_le_v4SPD16_eabi.lib : fd_div_t2.asm.obj (.text)
                  00006742    00000130     driverlib.lib : gpio.obj (.text:GPIOPadConfigSet)
                  00006872    00000002     --HOLE-- [fill = 0]
                  00006874    0000012c     GlobalDraw.obj (.text:BannerInit)
                  000069a0    00000124     rtsv7M4_T_le_v4SPD16_eabi.lib : _printfi.c.obj (.text:fcvt)
                  00006ac4    00000118     ti.targets.arm.rtsarm.aem4f : Error.oem4f (.text:xdc_runtime_Error_policyDefault__E)
                  00006bdc    00000110     rtsv7M4_T_le_v4SPD16_eabi.lib : s_scalbn.c.obj (.text:scalbn)
                  00006cec    0000010c     Kentec320x240x16_ssd2119_spi.obj (.text:Kentec320x240x16_SSD2119RectFill)
                  00006df8    0000010c     touch.obj (.text:TouchScreenInit)
                  00006f04    00000004     empty_pem4f.oem4f (.text:ti_sysbios_BIOS_RtsGateProxy_enter__E)
                  00006f08    00000108     sysbios.aem4f : BIOS.obj (.text:ti_sysbios_family_arm_lm4_Timer_start__E)
                  00007010    00000108                   : BIOS.obj (.text:ti_sysbios_knl_Clock_Instance_init__E)
                  00007118    00000106     grlib.lib : line.obj (.text:GrLineDraw)
                  0000721e    00000002     --HOLE-- [fill = 0]
                  00007220    00000100     GlobalDraw.obj (.text:TopBarDraw)
                  00007320    00000100     ti.targets.arm.rtsarm.aem4f : Core-mem.oem4f (.text:xdc_runtime_Core_createObject__I)
                  00007420    000000fc     rtsv7M4_T_le_v4SPD16_eabi.lib : fd_mul_t2.asm.obj (.text)
                  0000751c    000000f8                                   : s_floor.c.obj (.text:floor)
                  00007614    000000f8     ti.targets.arm.rtsarm.aem4f : Startup.oem4f (.text:xdc_runtime_Startup_startMods__I)
                  0000770c    000000f8     empty_pem4f.oem4f (.text:xdc_runtime_System_printfExtend__I)
                  00007804    000000f4     sysbios.aem4f : m3_Hwi_asm.obj (.text:ti_sysbios_family_arm_m3_Hwi_dispatch__I)
                  000078f8    000000f2     grlib.lib : pushbutton.obj (.text:RectangularButtonClick)
                  000079ea    00000006     driverlib.lib : gpio.obj (.text:GPIOIntClear)
                  000079f0    000000ec     sysbios.aem4f : BIOS.obj (.text:ti_sysbios_knl_Semaphore_post__E)
                  00007adc    000000e8     grlib.lib : widget.obj (.text:WidgetMessageQueueAdd)
                  00007bc4    000000e0     drivers_tivaware.aem4f : I2CTiva.oem4f (.text:I2CTiva_open)
                  00007ca4    000000d6                            : I2CTiva.oem4f (.text:I2CTiva_hwiFxn)
                  00007d7a    000000d6     grlib.lib : slider.obj (.text:SliderClick)
                  00007e50    000000d4     empty.obj (.text:MainPage)
                  00007f24    000000cc     ti.targets.arm.rtsarm.aem4f : Core-smem.oem4f (.text:xdc_runtime_Core_constructObject__I)
                  00007ff0    000000c8     empty.obj (.text:heartBeatFxn)
                  000080b8    000000c0     grlib.lib : string.obj (.text:GrDefaultStringRenderer)
                  00008178    000000bc     sysbios.aem4f : BIOS.obj (.text:ti_sysbios_family_arm_m3_Hwi_excDebugMon__I)
                  00008234    00000004     empty_pem4f.oem4f (.text:ti_sysbios_BIOS_RtsGateProxy_leave__E)
                  00008238    000000bc     sysbios.aem4f : BIOS.obj (.text:ti_sysbios_family_arm_m3_Hwi_excHardFault__I)
                  000082f4    000000b8     EK_TM4C1294XL.obj (.text:EK_TM4C1294XL_initGeneral)
                  000083ac    000000b8     grlib.lib : line.obj (.text:GrLineClip)
                  00008464    000000b8     Kentec320x240x16_ssd2119_spi.obj (.text:InitSPILCDInterface)
                  0000851c    000000b4     empty.obj (.text:OnCanvasPaint)
                  000085d0    000000b4     empty.obj (.text:OnRadioChange)
                  00008684    000000b4     empty.obj (.text:OnSliderChange)
                  00008738    000000b4     grlib.lib : widget.obj (.text:WidgetMessageSendPostOrder)
                  000087ec    00000004     sysbios.aem4f : BIOS.obj (.text:ti_sysbios_family_arm_lm4_Timer_masterEnable__I)
                  000087f0    000000b4                   : BIOS.obj (.text:ti_sysbios_gates_GateMutex_enter__E)
                  000088a4    00000004     empty_pem4f.oem4f (.text:ti_sysbios_family_arm_m3_Hwi_delete)
                  000088a8    000000b4     sysbios.aem4f : BIOS.obj (.text:ti_sysbios_knl_Task_checkStacks__E)
                  0000895c    000000b1     rtsv7M4_T_le_v4SPD16_eabi.lib : _printfi.c.obj (.text:_ltostr)
                  00008a0d    00000001     --HOLE-- [fill = 0]
                  00008a0e    000000b0     grlib.lib : slider.obj (.text:SliderValueToPosition)
                  00008abe    000000ac     drivers_tivaware.aem4f : UARTTiva.oem4f (.text:readTaskBlocking)
                  00008b6a    00000006     driverlib.lib : gpio.obj (.text:GPIOPinRead)
                  00008b70    000000ac     sysbios.aem4f : BIOS.obj (.text:ti_sysbios_family_arm_lm4_Timer_enableTiva__I)
                  00008c1c    00000004     empty_pem4f.oem4f (.text:ti_sysbios_family_arm_m3_Hwi_destruct)
                  00008c20    000000a4     sysbios.aem4f : BIOS.obj (.text:ti_sysbios_knl_Clock_Instance_finalize__E)
                  00008cc4    000000a0     auto_init.aem4f : auto_init.oem4f (.text)
                  00008d64    000000a0     ti.targets.arm.rtsarm.aem4f : Text.oem4f (.text:xdc_runtime_Text_putMod__E)
                  00008e04    0000009c     rtsv7M4_T_le_v4SPD16_eabi.lib : memcpy_t2.asm.obj (.text)
                  00008ea0    0000009c     sysbios.aem4f : BIOS.obj (.text:ti_sysbios_knl_Semaphore_Instance_init__E)
                  00008f3c    0000009a     ti.targets.arm.rtsarm.aem4f : Text.oem4f (.text:xdc_runtime_Text_putSite__E)
                  00008fd6    00000098     drivers_tivaware.aem4f : UARTTiva.oem4f (.text:UARTTiva_readPolling)
                  0000906e    00000002     --HOLE-- [fill = 0]
                  00009070    00000098     Boot.aem4f : Boot.oem4f (.text:ti_catalog_arm_cortexm4_tiva_ce_Boot_sysCtlClockFreqSet__E)
                  00009108    00000096     rtsv7M4_T_le_v4SPD16_eabi.lib : ull_div_t2.asm.obj (.text)
                  0000919e    00000094     drivers_tivaware.aem4f : UARTTiva.oem4f (.text:UARTTiva_write)
                  00009232    00000006     driverlib.lib : gpio.obj (.text:GPIOPinWrite)
                  00009238    00000094     sysbios.aem4f : BIOS.obj (.text:ti_sysbios_family_arm_m3_Hwi_Instance_init__E)
                  000092cc    00000004     empty_pem4f.oem4f (.text:ti_sysbios_family_arm_m3_TaskSupport_Module__startupDone__S)
                  000092d0    00000094     sysbios.aem4f : BIOS.obj (.text:ti_sysbios_family_arm_m3_Hwi_initNVIC__E)
                  00009364    00000004     empty_pem4f.oem4f (.text:ti_sysbios_hal_Timer_TimerProxy_delete)
                  00009368    00000094     sysbios.aem4f : BIOS.obj (.text:ti_sysbios_knl_Task_postInit__I)
                  000093fc    00000090     grlib.lib : radiobutton.obj (.text:RadioButtonClick)
                  0000948c    0000008c     drivers_tivaware.aem4f : GPIOTiva.oem4f (.text:GPIO_init)
                  00009518    0000008c                            : UARTTiva.oem4f (.text:UARTTiva_control)
                  000095a4    0000008c     sysbios.aem4f : m3_TaskSupport_asm.obj (.text:ti_sysbios_family_arm_m3_TaskSupport_buildTaskStack)
                  00009630    0000008c                   : BIOS.obj (.text:ti_sysbios_hal_SecondsClock_Module_startup__E)
                  000096bc    0000008a     drivers_tivaware.aem4f : UARTTiva.oem4f (.text:readIsrTextBlocking)
                  00009746    00000086     grlib.lib : rectangle.obj (.text:GrRectFill)
                  000097cc    00000086     rtsv7M4_T_le_v4SPD16_eabi.lib : fd_cmp_t2.asm.obj (.text:__aeabi_cdcmple)
                  00009852    00000086                                   : fd_cmp_t2.asm.obj (.text:__aeabi_cdrcmple)
                  000098d8    00000084     sysbios.aem4f : BIOS.obj (.text:ti_sysbios_family_arm_m3_Hwi_postInit__I)
                  0000995c    00000082     drivers_tivaware.aem4f : UARTTiva.oem4f (.text:readIsrTextCallback)
                  000099de    00000080     grlib.lib : rectangle.obj (.text:GrRectIntersectGet)
                  00009a5e    00000002     --HOLE-- [fill = 0]
                  00009a60    00000080     empty.obj (.text:OnCheckChange)
                  00009ae0    0000007e     drivers_tivaware.aem4f : I2CTiva.oem4f (.text:I2CTiva_transfer)
                  00009b5e    00000002     --HOLE-- [fill = 0]
                  00009b60    0000007c     sysbios.aem4f : BIOS.obj (.text:ti_sysbios_family_arm_lm4_Timer_disableTiva__I)
                  00009bdc    0000007a     driverlib.lib : adc.obj (.text:ADCSequenceStepConfigure)
                  00009c56    0000007a     drivers_tivaware.aem4f : UARTTiva.oem4f (.text:readTaskCallback)
                  00009cd0    0000007a     rtsv7M4_T_le_v4SPD16_eabi.lib : memset_t2.asm.obj (.text)
                  00009d4a    00000006     grlib.lib : string.obj (.text:GrContextFontSet)
                  00009d50    00000074     sysbios.aem4f : BIOS.obj (.text:ti_sysbios_knl_Clock_start__E)
                  00009dc4    00000004     empty_pem4f.oem4f (.text:ti_sysbios_heaps_HeapMem_Module_GateProxy_enter__E)
                  00009dc8    00000070     sysbios.aem4f : BIOS.obj (.text:ti_sysbios_knl_Clock_workFunc__E)
                  00009e38    00000070                   : BIOS.obj (.text:ti_sysbios_knl_Task_exit__E)
                  00009ea8    0000006e     rtsv7M4_T_le_v4SPD16_eabi.lib : _printfi.c.obj (.text:_mcpy)
                  00009f16    00000002     --HOLE-- [fill = 0]
                  00009f18    0000006d     ti.targets.arm.rtsarm.aem4f : System.oem4f (.text:xdc_runtime_System_formatNum__I)
                  00009f85    00000003     --HOLE-- [fill = 0]
                  00009f88    0000006c     empty_pem4f.oem4f (.text:ti_sysbios_family_arm_lm4_Timer_Object__create__S)
                  00009ff4    00000004     empty_pem4f.oem4f (.text:ti_sysbios_heaps_HeapMem_Module_GateProxy_leave__E)
                  00009ff8    0000006c     sysbios.aem4f : BIOS.obj (.text:ti_sysbios_knl_Swi_restoreHwi__E)
                  0000a064    0000006c     drivers_tivaware.aem4f : UARTTiva.oem4f (.text:writeData)
                  0000a0d0    0000006c     ti.targets.arm.rtsarm.aem4f : Error.oem4f (.text:xdc_runtime_Error_print__E)
                  0000a13c    0000006c                                 : Memory.oem4f (.text:xdc_runtime_Memory_alloc__E)
                  0000a1a8    00000068     EK_TM4C1294XL.obj (.text:EK_TM4C1294XL_initI2C)
                  0000a210    00000068     grlib.lib : context.obj (.text:GrContextInit)
                  0000a278    00000068               : string.obj (.text:GrStringWidthGet)
                  0000a2e0    00000068     driverlib.lib : interrupt.obj (.text:IntEnable)
                  0000a348    00000068     Kentec320x240x16_ssd2119_spi.obj (.text:Kentec320x240x16_SSD2119LineDrawH)
                  0000a3b0    00000068     Kentec320x240x16_ssd2119_spi.obj (.text:Kentec320x240x16_SSD2119LineDrawV)
                  0000a418    00000068     rtsv7M4_T_le_v4SPD16_eabi.lib : copy_decompress_lzss.c.obj (.text:decompress:lzss:__TI_decompress_lzss)
                  0000a480    00000066     grlib.lib : context.obj (.text:GrContextClipRegionSet)
                  0000a4e6    00000066               : rectangle.obj (.text:GrRectDraw)
                  0000a54c    00000066     ti.targets.arm.rtsarm.aem4f : Core-mem.oem4f (.text:xdc_runtime_Core_deleteObject__I)
                  0000a5b2    00000002     --HOLE-- [fill = 0]
                  0000a5b4    00000064     drivers_tivaware.aem4f : GPIOTiva.oem4f (.text:GPIO_hwiIntFxn)
                  0000a618    00000064     grlib.lib : widget.obj (.text:WidgetMessageQueueProcess)
                  0000a67c    00000064     rtsv7M4_T_le_v4SPD16_eabi.lib : s_frexp.c.obj (.text:frexp)
                  0000a6e0    00000064     sysbios.aem4f : BIOS.obj (.text:ti_sysbios_family_arm_lm4_Timer_Module_startup__E)
                  0000a744    00000064     empty_pem4f.oem4f (.text:ti_sysbios_family_arm_m3_Hwi_create)
                  0000a7a8    00000064     sysbios.aem4f : BIOS.obj (.text:ti_sysbios_family_arm_m3_Hwi_dispatchC__I)
                  0000a80c    00000064     empty_pem4f.oem4f (.text:ti_sysbios_hal_Timer_create)
                  0000a870    00000064     Clock.obj (.text:timer1sec)
                  0000a8d4    00000062     drivers_tivaware.aem4f : I2CTiva.oem4f (.text:I2CTiva_primeTransfer)
                  0000a936    00000002     --HOLE-- [fill = 0]
                  0000a938    00000060     driverlib.lib : timer.obj (.text:TimerConfigure)
                  0000a998    00000060     Kentec320x240x16_ssd2119_spi.obj (.text:WriteDataSPI)
                  0000a9f8    00000060     sysbios.aem4f : BIOS.obj (.text:ti_sysbios_knl_Task_schedule__I)
                  0000aa58    0000005e     grlib.lib : widget.obj (.text:WidgetMessageSendPreOrder)
                  0000aab6    0000005e     drivers_tivaware.aem4f : UARTTiva.oem4f (.text:readIsrBinaryBlocking)
                  0000ab14    0000005c     Kentec320x240x16_ssd2119_spi.obj (.text:WriteCommandSPI)
                  0000ab70    0000005c     sysbios.aem4f : BIOS.obj (.text:ti_sysbios_knl_Swi_run__I)
                  0000abcc    00000004     empty_pem4f.oem4f (.text:ti_sysbios_knl_Clock_TimerProxy_getFreq__E)
                  0000abd0    0000005c     sysbios.aem4f : BIOS.obj (.text:ti_sysbios_knl_Swi_schedule__I)
                  0000ac2c    00000004     empty_pem4f.oem4f (.text:ti_sysbios_knl_Clock_TimerProxy_getMaxTicks__E)
                  0000ac30    0000005c     sysbios.aem4f : BIOS.obj (.text:ti_sysbios_knl_Task_Module_startup__E)
                  0000ac8c    00000004     empty_pem4f.oem4f (.text:ti_sysbios_knl_Clock_TimerProxy_getPeriod__E)
                  0000ac90    0000005c     sysbios.aem4f : BIOS.obj (.text:ti_sysbios_knl_Task_startCore__E)
                  0000acec    0000005b     ti.targets.arm.rtsarm.aem4f : Text.oem4f (.text:xdc_runtime_Text_putLab__E)
                  0000ad47    00000001     --HOLE-- [fill = 0]
                  0000ad48    0000005a     grlib.lib : string.obj (.text:FontWideGlyphDataGet)
                  0000ada2    00000002     --HOLE-- [fill = 0]
                  0000ada4    00000058     boot.aem4f : boot.oem4f (.text)
                  0000adfc    00000058     rtsv7M4_T_le_v4SPD16_eabi.lib : hostwrite.c.obj (.text:HOSTwrite)
                  0000ae54    00000058     grlib.lib : slider.obj (.text:SliderPositionToValue)
                  0000aeac    00000058     driverlib.lib : timer.obj (.text:TimerControlTrigger)
                  0000af04    00000004     empty_pem4f.oem4f (.text:ti_sysbios_knl_Clock_destruct)
                  0000af08    00000058     sysbios.aem4f : BIOS.obj (.text:ti_sysbios_family_arm_lm4_Timer_Instance_finalize__E)
                  0000af60    00000058     empty_pem4f.oem4f (.text:ti_sysbios_family_arm_m3_Hwi_construct)
                  0000afb8    00000058     sysbios.aem4f : m3_Hwi_asm_switch.obj (.text:ti_sysbios_family_arm_m3_Hwi_initStacks__E)
                  0000b010    00000058     ustdlib.obj (.text:ustrncpy)
                  0000b068    00000056     driverlib.lib : gpio.obj (.text:GPIOIntTypeSet)
                  0000b0be    00000056     rtsv7M4_T_le_v4SPD16_eabi.lib : _printfi.c.obj (.text:_pconv_f)
                  0000b114    00000054                                   : _ltoa.c.obj (.text:__TI_ltoa)
                  0000b168    00000054     drivers_tivaware.aem4f : UARTTiva.oem4f (.text:readIsrBinaryCallback)
                  0000b1bc    00000004     empty_pem4f.oem4f (.text:ti_sysbios_knl_Queue_destruct)
                  0000b1c0    00000054     sysbios.aem4f : BIOS.obj (.text:ti_sysbios_family_arm_lm4_Timer_initDevice__I)
                  0000b214    00000054     empty_pem4f.oem4f (.text:ti_sysbios_knl_Task_construct)
                  0000b268    00000054     ti.targets.arm.rtsarm.aem4f : Assert.oem4f (.text:xdc_runtime_Assert_raise__I)
                  0000b2bc    00000052     rtsv7M4_T_le_v4SPD16_eabi.lib : _printfi.c.obj (.text:_ecpy)
                  0000b30e    00000050     grlib.lib : checkbox.obj (.text:CheckBoxClick)
                  0000b35e    00000002     --HOLE-- [fill = 0]
                  0000b360    00000050     drivers_tivaware.aem4f : GPIOTiva.oem4f (.text:GPIO_setCallback)
                  0000b3b0    00000050                            : GPIOTiva.oem4f (.text:GPIO_toggle)
                  0000b400    00000050                            : GPIOTiva.oem4f (.text:GPIO_write)
                  0000b450    00000050                            : UARTTiva.oem4f (.text:UARTTiva_writeCancel)
                  0000b4a0    00000050     Boot.aem4f : Boot_sysctl.oem4f (.text:_SysCtlFrequencyGet)
                  0000b4f0    00000050     sysbios.aem4f : BIOS.obj (.text:ti_sysbios_family_arm_m3_Hwi_Module_startup__E)
                  0000b540    00000050     ti.targets.arm.rtsarm.aem4f : Startup.oem4f (.text:xdc_runtime_Startup_exec__E)
                  0000b590    00000050                                 : Text.oem4f (.text:xdc_runtime_Text_visitRope2__I)
                  0000b5e0    0000004c     drivers_tivaware.aem4f : UARTTiva.oem4f (.text:UARTTiva_close)
                  0000b62c    0000004c     grlib.lib : widget.obj (.text:WidgetRemove)
                  0000b678    0000004c     rtsv7M4_T_le_v4SPD16_eabi.lib : atoi.c.obj (.text:atoi)
                  0000b6c4    0000004c                                   : cpy_tbl.c.obj (.text:copy_in)
                  0000b710    0000004c     sysbios.aem4f : BIOS.obj (.text:ti_sysbios_heaps_HeapMem_getStats__E)
                  0000b75c    00000004     empty_pem4f.oem4f (.text:ti_sysbios_knl_Semaphore_destruct)
                  0000b760    0000004c     sysbios.aem4f : BIOS.obj (.text:ti_sysbios_knl_Swi_runLoop__I)
                  0000b7ac    00000004     ti.targets.arm.rtsarm.aem4f : Error.oem4f (.text:xdc_runtime_Error_getSite__E)
                  0000b7b0    0000004c     sysbios.aem4f : BIOS.obj (.text:ti_sysbios_knl_Task_allBlockedFunction__I)
                  0000b7fc    0000004a     grlib.lib : string.obj (.text:UpdateContextCharMapping)
                  0000b846    00000002     --HOLE-- [fill = 0]
                  0000b848    00000048     driverlib.lib : gpio.obj (.text:GPIOPinConfigure)
                  0000b890    00000048                   : i2c.obj (.text:I2CMasterInitExpClk)
                  0000b8d8    00000048     rtsv7M4_T_le_v4SPD16_eabi.lib : fd_toi_t2.asm.obj (.text)
                  0000b920    00000048     sysbios.aem4f : BIOS.obj (.text:ti_sysbios_family_arm_lm4_Timer_enableTimers__I)
                  0000b968    00000048                   : BIOS.obj (.text:ti_sysbios_family_arm_m3_Hwi_disableInterrupt__E)
                  0000b9b0    00000048                   : BIOS.obj (.text:ti_sysbios_family_arm_m3_Hwi_enableInterrupt__E)
                  0000b9f8    00000048                   : BIOS.obj (.text:ti_sysbios_family_arm_m3_Hwi_excReserved__I)
                  0000ba40    00000048                   : BIOS.obj (.text:ti_sysbios_hal_SecondsClock_increment__I)
                  0000ba88    00000046     grlib.lib : line.obj (.text:GrLineDrawH)
                  0000bace    00000046               : line.obj (.text:GrLineDrawV)
                  0000bb14    00000046     Kentec320x240x16_ssd2119_spi.obj (.text:Kentec320x240x16_SSD2119PixelDraw)
                  0000bb5a    00000046     drivers_tivaware.aem4f : RingBuf.oem4f (.text:RingBuf_put)
                  0000bba0    00000046     UARTLocal.obj (.text:initUART)
                  0000bbe6    00000046     ti.targets.arm.rtsarm.aem4f : Core-params.oem4f (.text:xdc_runtime_Core_assignParams__I)
                  0000bc2c    00000044     empty.obj (.text:BackMainMotorPage)
                  0000bc70    00000044     sysbios.aem4f : BIOS.obj (.text:ti_sysbios_family_arm_lm4_Timer_isrStub__E)
                  0000bcb4    00000004     empty_pem4f.oem4f (.text:xdc_runtime_System_Module_GateProxy_enter__E)
                  0000bcb8    00000044     sysbios.aem4f : BIOS.obj (.text:ti_sysbios_family_arm_m3_Hwi_getStackInfo__E)
                  0000bcfc    00000004     empty_pem4f.oem4f (.text:xdc_runtime_System_Module_GateProxy_leave__E)
                  0000bd00    00000044     sysbios.aem4f : BIOS.obj (.text:ti_sysbios_knl_Swi_post__E)
                  0000bd44    00000044     ti.targets.arm.rtsarm.aem4f : Error.oem4f (.text:xdc_runtime_Error_setX__E)
                  0000bd88    00000044                                 : SysMin.oem4f (.text:xdc_runtime_SysMin_flush__E)
                  0000bdcc    00000044                                 : Text.oem4f (.text:xdc_runtime_Text_xprintf__I)
                  0000be10    00000042     driverlib.lib : uart.obj (.text:UARTConfigSetExpClk)
                  0000be52    00000042     drivers_tivaware.aem4f : UARTTiva.oem4f (.text:UARTTiva_hwiIntFxn)
                  0000be94    00000042                            : UARTTiva.oem4f (.text:UARTTiva_writePolling)
                  0000bed6    00000040                            : RingBuf.oem4f (.text:RingBuf_get)
                  0000bf16    00000040                            : UARTTiva.oem4f (.text:UARTTiva_read)
                  0000bf56    00000040     rtsv7M4_T_le_v4SPD16_eabi.lib : u_divt2.asm.obj (.text)
                  0000bf96    00000002     --HOLE-- [fill = 0]
                  0000bf98    00000040                                   : sprintf.c.obj (.text:sprintf)
                  0000bfd8    00000040     sysbios.aem4f : BIOS.obj (.text:ti_sysbios_family_arm_lm4_Timer_startup__E)
                  0000c018    00000040                   : BIOS.obj (.text:ti_sysbios_hal_SecondsClock_getTime__E)
                  0000c058    0000003e     driverlib.lib : adc.obj (.text:ADCSequenceConfigure)
                  0000c096    0000003e     rtsv7M4_T_le_v4SPD16_eabi.lib : _printfi.c.obj (.text:_fcpy)
                  0000c0d4    0000003c     driverlib.lib : ssi.obj (.text:SSIConfigSetExpClk)
                  0000c110    0000003c     sysbios.aem4f : BIOS.obj (.text:ti_sysbios_family_arm_m3_Hwi_excSvCall__I)
                  0000c14c    00000004     ti.targets.arm.rtsarm.aem4f : System.oem4f (.text:xdc_runtime_System_aprintf_va__F)
                  0000c150    0000003c     sysbios.aem4f : BIOS.obj (.text:ti_sysbios_heaps_HeapMem_init__I)
                  0000c18c    00000004     ti.targets.arm.rtsarm.aem4f : System.oem4f (.text:xdc_runtime_System_printf_va__F)
                  0000c190    0000003c     sysbios.aem4f : BIOS.obj (.text:ti_sysbios_knl_Swi_restore__E)
                  0000c1cc    0000003a     grlib.lib : string.obj (.text:FontGlyphDataGet)
                  0000c206    0000003a     drivers_tivaware.aem4f : I2CTiva.oem4f (.text:I2CTiva_completeTransfer)
                  0000c240    00000038     grlib.lib : rectangle.obj (.text:GrRectOverlapCheck)
                  0000c278    00000038     drivers_tivaware.aem4f : I2C.oem4f (.text:I2C_init)
                  0000c2b0    00000038                            : UART.oem4f (.text:UART_init)
                  0000c2e8    00000038     rtsv7M4_T_le_v4SPD16_eabi.lib : trgmsg.c.obj (.text:__TI_writemsg)
                  0000c320    00000038     sysbios.aem4f : BIOS.obj (.text:ti_sysbios_family_arm_m3_Hwi_excNoIsr__I)
                  0000c358    00000038                   : BIOS.obj (.text:ti_sysbios_knl_Task_processVitalTaskFlag__I)
                  0000c390    00000038     ti.targets.arm.rtsarm.aem4f : SysMin.oem4f (.text:xdc_runtime_SysMin_putch__E)
                  0000c3c8    00000038                                 : System.oem4f (.text:xdc_runtime_System_atexit__E)
                  0000c400    00000036     grlib.lib : line.obj (.text:GrClipCodeGet)
                  0000c436    00000036     drivers_tivaware.aem4f : I2CTiva.oem4f (.text:I2CTiva_close)
                  0000c46c    00000036                            : UARTTiva.oem4f (.text:UARTTiva_readCancel)
                  0000c4a2    00000002     --HOLE-- [fill = 0]
                  0000c4a4    00000034     driverlib.lib : sysctl.obj (.text:SysCtlPeripheralEnable)
                  0000c4d8    00000034     rtsv7M4_T_le_v4SPD16_eabi.lib : trgmsg.c.obj (.text:__TI_readmsg)
                  0000c50c    00000004     --HOLE-- [fill = 0]
                  0000c510    00000034     sysbios.aem4f : BIOS.obj (.text:ti_sysbios_family_arm_lm4_Timer_setPeriodMicroSecs__E)
                  0000c544    00000004     --HOLE-- [fill = 0]
                  0000c548    00000034                   : BIOS.obj (.text:ti_sysbios_family_arm_m3_Hwi_Instance_finalize__E)
                  0000c57c    00000004     --HOLE-- [fill = 0]
                  0000c580    00000034                   : BIOS.obj (.text:ti_sysbios_family_arm_m3_Hwi_excNmi__I)
                  0000c5b4    00000004     --HOLE-- [fill = 0]
                  0000c5b8    00000034                   : BIOS.obj (.text:ti_sysbios_hal_Hwi_checkStack)
                  0000c5ec    00000034     empty_pem4f.oem4f (.text:ti_sysbios_knl_Clock_construct)
                  0000c620    00000034     ti.targets.arm.rtsarm.aem4f : Core-label.oem4f (.text:xdc_runtime_Core_assignLabel__I)
                  0000c654    00000033                                 : Text.oem4f (.text:xdc_runtime_Text_printVisFxn__I)
                  0000c687    00000001     --HOLE-- [fill = 0]
                  0000c688    00000032     sysbios.aem4f : BIOS.obj (.text:ti_sysbios_hal_Hwi_initStack)
                  0000c6ba    00000032     ustdlib.obj (.text:usprintf)
                  0000c6ec    00000030     drivers_tivaware.aem4f : UART.oem4f (.text:UART_open)
                  0000c71c    00000030     empty_pem4f.oem4f (.text:ti_sysbios_BIOS_atExitFunc__I)
                  0000c74c    00000004     --HOLE-- [fill = 0]
                  0000c750    00000030     sysbios.aem4f : BIOS.obj (.text:ti_sysbios_family_arm_lm4_Timer_stop__E)
                  0000c780    00000030                   : BIOS.obj (.text:ti_sysbios_family_arm_m3_TaskSupport_start__E)
                  0000c7b0    00000030     empty_pem4f.oem4f (.text:ti_sysbios_gates_GateHwi_Object__create__S)
                  0000c7e0    00000030     empty_pem4f.oem4f (.text:ti_sysbios_gates_GateMutex_Object__create__S)
                  0000c810    00000030     empty_pem4f.oem4f (.text:ti_sysbios_heaps_HeapMem_Object__create__S)
                  0000c840    00000030     empty_pem4f.oem4f (.text:ti_sysbios_knl_Semaphore_construct)
                  0000c870    00000030     sysbios.aem4f : BIOS.obj (.text:ti_sysbios_knl_Semaphore_pendTimeout__I)
                  0000c8a0    00000030                   : BIOS.obj (.text:ti_sysbios_knl_Task_unblockI__E)
                  0000c8d0    00000030     ti.targets.arm.rtsarm.aem4f : SysMin.oem4f (.text:xdc_runtime_SysMin_abort__E)
                  0000c900    00000030                                 : System.oem4f (.text:xdc_runtime_System_processAtExit__E)
                  0000c930    0000002e     grlib.lib : checkbox.obj (.text:CheckBoxMsgProc)
                  0000c95e    0000002e               : string.obj (.text:GrStringNextCharGet)
                  0000c98c    0000002e               : radiobutton.obj (.text:RadioButtonMsgProc)
                  0000c9ba    0000002e     rtsv7M4_T_le_v4SPD16_eabi.lib : i_tofd_t2.asm.obj (.text)
                  0000c9e8    0000002c     EK_TM4C1294XL.obj (.text:EK_TM4C1294XL_initUART)
                  0000ca14    0000002c     grlib.lib : string.obj (.text:GrFontBaselineGet)
                  0000ca40    0000002c               : string.obj (.text:GrFontHeightGet)
                  0000ca6c    0000002c               : pushbutton.obj (.text:RectangularButtonMsgProc)
                  0000ca98    0000002c               : slider.obj (.text:SliderMsgProc)
                  0000cac4    0000002c               : widget.obj (.text:WidgetIsInTree)
                  0000caf0    0000002c     empty_pem4f.oem4f (.text:ti_sysbios_knl_Clock_doTick__I)
                  0000cb1c    0000002c     empty_pem4f.oem4f (.text:ti_sysbios_knl_Queue_construct)
                  0000cb48    0000002c     sysbios.aem4f : BIOS.obj (.text:ti_sysbios_knl_Task_restore__E)
                  0000cb74    0000002c     ti.targets.arm.rtsarm.aem4f : Text.oem4f (.text:xdc_runtime_Text_cordText__E)
                  0000cba0    0000002a     driverlib.lib : gpio.obj (.text:GPIODirModeSet)
                  0000cbca    0000002a     ti.targets.arm.rtsarm.aem4f : System.oem4f (.text:xdc_runtime_System_putchar__I)
                  0000cbf4    00000028     empty.obj (.text:HAF)
                  0000cc1c    00000028     empty.obj (.text:HBF)
                  0000cc44    00000028     empty.obj (.text:HCF)
                  0000cc6c    00000028     Kentec320x240x16_ssd2119_spi.obj (.text:Kentec320x240x16_SSD2119ColorTranslate)
                  0000cc94    00000004     --HOLE-- [fill = 0]
                  0000cc98    00000028     sysbios.aem4f : BIOS.obj (.text:ti_sysbios_hal_Timer_Instance_init__E)
                  0000ccc0    00000028                   : BIOS.obj (.text:ti_sysbios_knl_Clock_addI__E)
                  0000cce8    00000028                   : BIOS.obj (.text:ti_sysbios_knl_Swi_Module_startup__E)
                  0000cd10    00000026     grlib.lib : string.obj (.text:GrFontInfoGet)
                  0000cd36    00000026     sysbios.aem4f : m3_Hwi_asm.obj (.text:ti_sysbios_family_arm_m3_Hwi_pendSV__I)
                  0000cd5c    00000026     ti.targets.arm.rtsarm.aem4f : System.oem4f (.text:xdc_runtime_System_avprintf__E)
                  0000cd82    00000002     --HOLE-- [fill = 0]
                  0000cd84    00000024     empty.obj (.text:RemoveMainPage)
                  0000cda8    00000024     empty_pem4f.oem4f (.text:ti_sysbios_BIOS_errorRaiseHook__I)
                  0000cdcc    00000024     empty_pem4f.oem4f (.text:ti_sysbios_BIOS_registerRTSLock__I)
                  0000cdf0    00000024     empty_pem4f.oem4f (.text:ti_sysbios_BIOS_removeRTSLock__I)
                  0000ce14    00000024     empty_pem4f.oem4f (.text:ti_sysbios_BIOS_startFunc__I)
                  0000ce38    00000024     empty_pem4f.oem4f (.text:ti_sysbios_gates_GateMutex_Object__delete__S)
                  0000ce5c    00000004     --HOLE-- [fill = 0]
                  0000ce60    00000024     sysbios.aem4f : BIOS.obj (.text:ti_sysbios_knl_Clock_Module_startup__E)
                  0000ce84    00000004     --HOLE-- [fill = 0]
                  0000ce88    00000024                   : BIOS.obj (.text:ti_sysbios_knl_Task_restoreHwi__E)
                  0000ceac    00000024     ti.targets.arm.rtsarm.aem4f : System.oem4f (.text:xdc_runtime_System_vprintf__E)
                  0000ced0    00000022     grlib.lib : string.obj (.text:GrFontGlyphDataGet)
                  0000cef2    00000006     driverlib.lib : i2c.obj (.text:I2CMasterIntDisable)
                  0000cef8    00000022     sysbios.aem4f : BIOS.obj (.text:ti_sysbios_family_arm_lm4_Timer_write__I)
                  0000cf1a    00000022     empty_pem4f.oem4f (.text:xdc_runtime_SysMin_output__I)
                  0000cf3c    00000020     Boot.aem4f : Boot_sysctl.oem4f (.text:_SysCtlMemTimingGet)
                  0000cf5c    00000020     rtsv7M4_T_le_v4SPD16_eabi.lib : u_tofd_t2.asm.obj (.text)
                  0000cf7c    00000020     empty_pem4f.oem4f (.text:ti_sysbios_BIOS_rtsLock__I)
                  0000cf9c    00000020     empty_pem4f.oem4f (.text:ti_sysbios_family_arm_lm4_Timer_Object__delete__S)
                  0000cfbc    00000004     --HOLE-- [fill = 0]
                  0000cfc0    00000020     sysbios.aem4f : BIOS.obj (.text:ti_sysbios_family_arm_lm4_Timer_getFreq__E)
                  0000cfe0    00000020     empty_pem4f.oem4f (.text:ti_sysbios_family_arm_m3_Hwi_Object__delete__S)
                  0000d000    00000020     sysbios.aem4f : m3_Hwi_asm.obj (.text:ti_sysbios_family_arm_m3_Hwi_excHandlerAsm__I)
                  0000d020    00000020                   : BIOS.obj (.text:ti_sysbios_family_arm_m3_Hwi_excHandler__I)
                  0000d040    00000020     empty_pem4f.oem4f (.text:ti_sysbios_gates_GateHwi_Object__delete__S)
                  0000d060    00000020     empty_pem4f.oem4f (.text:ti_sysbios_heaps_HeapMem_Object__delete__S)
                  0000d080    00000020     empty_pem4f.oem4f (.text:ti_sysbios_knl_Clock_Object__destruct__S)
                  0000d0a0    00000020     sysbios.aem4f : BIOS.obj (.text:ti_sysbios_knl_Idle_run__E)
                  0000d0c0    00000020     empty_pem4f.oem4f (.text:ti_sysbios_knl_Semaphore_Object__destruct__S)
                  0000d0e0    00000020     ti.targets.arm.rtsarm.aem4f : Registry.oem4f (.text:xdc_runtime_Registry_findById__E)
                  0000d100    00000020                                 : SysMin.oem4f (.text:xdc_runtime_SysMin_Module_startup__E)
                  0000d120    0000001e     grlib.lib : string.obj (.text:GrFontCodepageGet)
                  0000d13e    0000001e               : widget.obj (.text:WidgetAdd)
                  0000d15c    0000001e     sysbios.aem4f : m3_Hwi_asm_switch.obj (.text:ti_sysbios_family_xxx_Hwi_switchAndRunFunc)
                  0000d17a    0000001e     Clock.obj (.text:updatetime)
                  0000d198    0000001c     driverlib.lib : uart.obj (.text:UARTDisable)
                  0000d1b4    0000001c     grlib.lib : widget.obj (.text:WidgetPointerMessage)
                  0000d1d0    0000001c     drivers_tivaware.aem4f : GPIOTiva.oem4f (.text:getGpioIntIndex)
                  0000d1ec    0000001c     rtsv7M4_T_le_v4SPD16_eabi.lib : memccpy.c.obj (.text:memccpy)
                  0000d208    0000001c     empty_pem4f.oem4f (.text:ti_sysbios_family_arm_m3_Hwi_Object__destruct__S)
                  0000d224    00000004     --HOLE-- [fill = 0]
                  0000d228    0000001c     sysbios.aem4f : BIOS.obj (.text:ti_sysbios_gates_GateMutex_Instance_init__E)
                  0000d244    0000001c     empty_pem4f.oem4f (.text:ti_sysbios_hal_Timer_TimerProxy_create)
                  0000d260    0000001c     empty_pem4f.oem4f (.text:ti_sysbios_knl_Queue_Object__destruct__S)
                  0000d27c    00000004     --HOLE-- [fill = 0]
                  0000d280    0000001c     sysbios.aem4f : BIOS.obj (.text:ti_sysbios_knl_Queue_put__E)
                  0000d29c    00000004     --HOLE-- [fill = 0]
                  0000d2a0    0000001c                   : BIOS.obj (.text:ti_sysbios_knl_Task_enter__I)
                  0000d2bc    0000001c     ti.targets.arm.rtsarm.aem4f : Error.oem4f (.text:xdc_runtime_Error_raiseX__E)
                  0000d2d8    0000001c                                 : Memory.oem4f (.text:xdc_runtime_Memory_valloc__E)
                  0000d2f4    0000001c                                 : SysMin.oem4f (.text:xdc_runtime_SysMin_exit__E)
                  0000d310    0000001c                                 : System.oem4f (.text:xdc_runtime_System_abort__E)
                  0000d32c    0000001a     rtsv7M4_T_le_v4SPD16_eabi.lib : s_copysign.c.obj (.text:copysign)
                  0000d346    0000001a     empty_pem4f.oem4f (.text:ti_sysbios_family_arm_m3_Hwi_Handle__label__S)
                  0000d360    0000001a     empty_pem4f.oem4f (.text:ti_sysbios_gates_GateHwi_Handle__label__S)
                  0000d37a    0000001a     empty_pem4f.oem4f (.text:ti_sysbios_gates_GateMutex_Handle__label__S)
                  0000d394    0000001a     empty_pem4f.oem4f (.text:ti_sysbios_heaps_HeapMem_Handle__label__S)
                  0000d3ae    0000001a     empty_pem4f.oem4f (.text:ti_sysbios_knl_Swi_Handle__label__S)
                  0000d3c8    0000001a     empty_pem4f.oem4f (.text:ti_sysbios_knl_Task_Handle__label__S)
                  0000d3e2    0000001a     empty_pem4f.oem4f (.text:xdc_runtime_System_aprintf__E)
                  0000d3fc    0000001a     empty_pem4f.oem4f (.text:xdc_runtime_System_printf__E)
                  0000d416    00000018     driverlib.lib : gpio.obj (.text:GPIOPinTypeGPIOOutput)
                  0000d42e    00000002     --HOLE-- [fill = 0]
                  0000d430    00000018     drivers_tivaware.aem4f : UART.oem4f (.text:UART_Params_init)
                  0000d448    00000018     rtsv7M4_T_le_v4SPD16_eabi.lib : args_main.c.obj (.text:_args_main)
                  0000d460    00000018                                   : sprintf.c.obj (.text:_outs)
                  0000d478    00000018     empty_pem4f.oem4f (.text:ti_sysbios_BIOS_rtsUnlock__I)
                  0000d490    00000018     empty_pem4f.oem4f (.text:ti_sysbios_family_arm_lm4_Timer_Module__startupDone__F)
                  0000d4a8    00000018     empty_pem4f.oem4f (.text:ti_sysbios_family_arm_m3_Hwi_Module__startupDone__F)
                  0000d4c0    00000018     sysbios.aem4f : m3_TaskSupport_asm.obj (.text:ti_sysbios_family_arm_m3_TaskSupport_swap__E)
                  0000d4d8    00000018                   : BIOS.obj (.text:ti_sysbios_gates_GateMutex_leave__E)
                  0000d4f0    00000018     empty_pem4f.oem4f (.text:ti_sysbios_knl_Clock_Module__startupDone__F)
                  0000d508    00000018     sysbios.aem4f : BIOS.obj (.text:ti_sysbios_knl_Task_sleepTimeout__I)
                  0000d520    00000018     ti.targets.arm.rtsarm.aem4f : Error.oem4f (.text:xdc_runtime_Error_check__E)
                  0000d538    00000018                                 : System.oem4f (.text:xdc_runtime_System_exit__E)
                  0000d550    00000018                                 : Text.oem4f (.text:xdc_runtime_Text_ropeText__E)
                  0000d568    00000016     grlib.lib : string.obj (.text:GrStringDraw)
                  0000d57e    00000016     driverlib.lib : i2c.obj (.text:I2CMasterErr)
                  0000d594    00000016     rtsv7M4_T_le_v4SPD16_eabi.lib : strchr.c.obj (.text:strchr)
                  0000d5aa    00000016     empty_pem4f.oem4f (.text:ti_sysbios_BIOS_exitFunc__I)
                  0000d5c0    00000016     Clock.obj (.text:ti_sysbios_hal_Timer_Params_init)
                  0000d5d6    00000016     empty.obj (.text:ti_sysbios_knl_Task_Params_init)
                  0000d5ec    00000014     grlib.lib : canvas.obj (.text:CanvasMsgProc)
                  0000d600    00000014               : container.obj (.text:ContainerMsgProc)
                  0000d614    00000014     Kentec320x240x16_ssd2119_spi.obj (.text:LED_OFF)
                  0000d628    00000014     Kentec320x240x16_ssd2119_spi.obj (.text:LED_ON)
                  0000d63c    00000014     touch.obj (.text:TouchScreenCallbackSet)
                  0000d650    00000014     driverlib.lib : uart.obj (.text:UARTEnable)
                  0000d664    00000014     grlib.lib : widget.obj (.text:WidgetMutexGet)
                  0000d678    00000014     rtsv7M4_T_le_v4SPD16_eabi.lib : strlen.c.obj (.text:strlen)
                  0000d68c    00000014     empty_pem4f.oem4f (.text:ti_sysbios_family_arm_m3_Hwi_Object__get__S)
                  0000d6a0    00000014     sysbios.aem4f : BIOS.obj (.text:ti_sysbios_family_arm_m3_Hwi_switchFromBootStack__E)
                  0000d6b4    00000014     empty_pem4f.oem4f (.text:ti_sysbios_heaps_HeapMem_Object__get__S)
                  0000d6c8    00000014     empty_pem4f.oem4f (.text:ti_sysbios_knl_Swi_Object__get__S)
                  0000d6dc    00000012     driverlib.lib : gpio.obj (.text:GPIOPinTypeEthernetLED)
                  0000d6ee    00000012                   : gpio.obj (.text:GPIOPinTypeGPIOInput)
                  0000d700    00000012                   : gpio.obj (.text:GPIOPinTypeI2C)
                  0000d712    00000012                   : gpio.obj (.text:GPIOPinTypeI2CSCL)
                  0000d724    00000012                   : gpio.obj (.text:GPIOPinTypeSSI)
                  0000d736    00000012                   : gpio.obj (.text:GPIOPinTypeUART)
                  0000d748    00000012                   : gpio.obj (.text:GPIOPinTypeUSBAnalog)
                  0000d75a    00000012                   : gpio.obj (.text:GPIOPinTypeUSBDigital)
                  0000d76c    00000012     drivers_tivaware.aem4f : RingBuf.oem4f (.text:RingBuf_construct)
                  0000d77e    00000012     driverlib.lib : ssi.obj (.text:SSIDataGetNonBlocking)
                  0000d790    00000012                   : timer.obj (.text:TimerLoadSet)
                  0000d7a2    00000006                   : i2c.obj (.text:I2CMasterIntEnable)
                  0000d7a8    00000012     sysbios.aem4f : BIOS.obj (.text:ti_sysbios_hal_Hwi_Module_startup__E)
                  0000d7ba    00000006     drivers_tivaware.aem4f : I2CTiva.oem4f (.text:I2CTiva_control)
                  0000d7c0    00000012     sysbios.aem4f : BIOS.obj (.text:ti_sysbios_hal_Timer_Module_startup__E)
                  0000d7d2    00000012     rtsv7M4_T_le_v4SPD16_eabi.lib : wcslen.c.obj (.text:wcslen)
                  0000d7e4    00000012     empty_pem4f.oem4f (.text:xdc_runtime_Startup_exec__I)
                  0000d7f6    00000002     --HOLE-- [fill = 0]
                  0000d7f8    00000010     empty_pem4f.oem4f (.text:.bootCodeSection:ti_catalog_arm_cortexm4_tiva_ce_Boot_init__I)
                  0000d808    00000010     driverlib.lib : adc.obj (.text:ADCIntEnable)
                  0000d818    00000010                   : fpu.obj (.text:FPUEnable)
                  0000d828    00000010                   : fpu.obj (.text:FPULazyStackingEnable)
                  0000d838    00000010     drivers_tivaware.aem4f : UARTTiva.oem4f (.text:readBlockingTimeout)
                  0000d848    00000010     sysbios.aem4f : BIOS.obj (.text:ti_sysbios_BIOS_getCpuFreq__E)
                  0000d858    00000010                   : BIOS.obj (.text:ti_sysbios_BIOS_setThreadType__E)
                  0000d868    00000010                   : BIOS.obj (.text:ti_sysbios_BIOS_start__E)
                  0000d878    00000010                   : BIOS.obj (.text:ti_sysbios_family_arm_lm4_TimestampProvider_rolloverFunc__E)
                  0000d888    00000010                   : m3_TaskSupport_asm.obj (.text:ti_sysbios_family_arm_m3_TaskSupport_glue)
                  0000d898    00000010                   : BIOS.obj (.text:ti_sysbios_gates_GateMutex_Instance_finalize__E)
                  0000d8a8    00000010     empty_pem4f.oem4f (.text:ti_sysbios_hal_Timer_TimerProxy_Object__create__S)
                  0000d8b8    00000010     sysbios.aem4f : BIOS.obj (.text:ti_sysbios_knl_Semaphore_Instance_finalize__E)
                  0000d8c8    00000010                   : BIOS.obj (.text:ti_sysbios_knl_Swi_disable__E)
                  0000d8d8    00000010     empty_pem4f.oem4f (.text:ti_sysbios_knl_Task_Object__get__S)
                  0000d8e8    00000010     sysbios.aem4f : BIOS.obj (.text:ti_sysbios_knl_Task_disable__E)
                  0000d8f8    00000010     driverlib.lib : udma.obj (.text:uDMAEnable)
                  0000d908    00000010     ti.targets.arm.rtsarm.aem4f : Gate.oem4f (.text:xdc_runtime_Gate_leaveSystem__E)
                  0000d918    00000010                                 : Memory.oem4f (.text:xdc_runtime_Memory_free__E)
                  0000d928    00000010                                 : SysMin.oem4f (.text:xdc_runtime_SysMin_ready__E)
                  0000d938    00000010                                 : System.oem4f (.text:xdc_runtime_System_vsnprintf__E)
                  0000d948    00000010     empty_pem4f.oem4f (.text:xdc_runtime_Text_visitRope__I)
                  0000d958    0000000e     driverlib.lib : adc.obj (.text:ADCSequenceEnable)
                  0000d966    0000000e                   : gpio.obj (.text:GPIOIntStatus)
                  0000d974    0000000e     grlib.lib : image.obj (.text:GrImageDraw)
                  0000d982    0000000e     driverlib.lib : timer.obj (.text:TimerEnable)
                  0000d990    0000000e                   : uart.obj (.text:UARTCharGetNonBlocking)
                  0000d99e    0000000e                   : uart.obj (.text:UARTCharPutNonBlocking)
                  0000d9ac    0000000e     rtsv7M4_T_le_v4SPD16_eabi.lib : copy_decompress_none.c.obj (.text:decompress:none:__TI_decompress_none)
                  0000d9ba    00000006     driverlib.lib : sysctl.obj (.text:SysCtlDelay)
                  0000d9c0    0000000e     sysbios.aem4f : BIOS.obj (.text:ti_sysbios_knl_Idle_loop__E)
                  0000d9ce    00000002     --HOLE-- [fill = 0]
                  0000d9d0    0000000e                   : BIOS.obj (.text:ti_sysbios_knl_Queue_empty__E)
                  0000d9de    0000000c     drivers_tivaware.aem4f : RingBuf.oem4f (.text:RingBuf_peek)
                  0000d9ea    0000000c     driverlib.lib : uart.obj (.text:UARTFlowControlSet)
                  0000d9f6    0000000c     drivers_tivaware.aem4f : UARTTiva.oem4f (.text:UARTTiva_init)
                  0000da02    00000002     --HOLE-- [fill = 0]
                  0000da04    0000000c     rtsv7M4_T_le_v4SPD16_eabi.lib : _lock.c.obj (.text:_register_lock)
                  0000da10    0000000c                                   : _lock.c.obj (.text:_register_unlock)
                  0000da1c    0000000c     empty.obj (.text:btntest)
                  0000da28    0000000c     rtsv7M4_T_le_v4SPD16_eabi.lib : copy_zero_init.c.obj (.text:decompress:ZI:__TI_zero_init)
                  0000da34    00000004     --HOLE-- [fill = 0]
                  0000da38    0000000c     sysbios.aem4f : BIOS.obj (.text:ti_sysbios_family_arm_lm4_Timer_getMaxTicks__E)
                  0000da44    00000004     --HOLE-- [fill = 0]
                  0000da48    0000000c                   : BIOS.obj (.text:ti_sysbios_family_arm_lm4_TimestampProvider_startTimer__E)
                  0000da54    0000000c     empty_pem4f.oem4f (.text:ti_sysbios_family_arm_m3_Hwi_Params__init__S)
                  0000da60    0000000c     sysbios.aem4f : BIOS.obj (.text:ti_sysbios_family_arm_m3_Hwi_disableFxn__E)
                  0000da6c    00000004     --HOLE-- [fill = 0]
                  0000da70    0000000c                   : BIOS.obj (.text:ti_sysbios_family_arm_m3_TaskSupport_checkStack__E)
                  0000da7c    00000004     --HOLE-- [fill = 0]
                  0000da80    0000000c                   : BIOS.obj (.text:ti_sysbios_family_arm_m3_TaskSupport_getStackAlignment__E)
                  0000da8c    00000004     --HOLE-- [fill = 0]
                  0000da90    0000000c                   : BIOS.obj (.text:ti_sysbios_gates_GateHwi_enter__E)
                  0000da9c    00000004     --HOLE-- [fill = 0]
                  0000daa0    0000000c                   : BIOS.obj (.text:ti_sysbios_hal_SecondsClock_set__E)
                  0000daac    0000000c     empty_pem4f.oem4f (.text:ti_sysbios_hal_Timer_Params__init__S)
                  0000dab8    0000000c     empty_pem4f.oem4f (.text:ti_sysbios_knl_Clock_Params__init__S)
                  0000dac4    0000000c     empty_pem4f.oem4f (.text:ti_sysbios_knl_Queue_Object__get__S)
                  0000dad0    0000000c     empty_pem4f.oem4f (.text:ti_sysbios_knl_Semaphore_Params__init__S)
                  0000dadc    0000000c     empty_pem4f.oem4f (.text:ti_sysbios_knl_Task_Params__init__S)
                  0000dae8    0000000c     driverlib.lib : udma.obj (.text:uDMAControlBaseSet)
                  0000daf4    0000000c     ti.targets.arm.rtsarm.aem4f : Error.oem4f (.text:xdc_runtime_Error_init__E)
                  0000db00    0000000c                                 : Gate.oem4f (.text:xdc_runtime_Gate_enterSystem__E)
                  0000db0c    0000000c                                 : Memory.oem4f (.text:xdc_runtime_Memory_calloc__E)
                  0000db18    0000000c                                 : Memory.oem4f (.text:xdc_runtime_Memory_getMaxDefaultTypeAlign__E)
                  0000db24    0000000a     driverlib.lib : i2c.obj (.text:I2CMasterDisable)
                  0000db2e    0000000a                   : i2c.obj (.text:I2CMasterEnable)
                  0000db38    0000000a     drivers_tivaware.aem4f : I2CTiva.oem4f (.text:I2CTiva_init)
                  0000db42    0000000a     Kentec320x240x16_ssd2119_spi.obj (.text:Kentec320x240x16_SSD2119Flush)
                  0000db4c    0000000a     driverlib.lib : ssi.obj (.text:SSIDataPut)
                  0000db56    0000000a                   : ssi.obj (.text:SSIEnable)
                  0000db60    0000000a                   : uart.obj (.text:UARTCharGet)
                  0000db6a    0000000a                   : uart.obj (.text:UARTCharPut)
                  0000db74    0000000a                   : uart.obj (.text:UARTIntDisable)
                  0000db7e    0000000a                   : uart.obj (.text:UARTIntStatus)
                  0000db88    0000000a     rtsv7M4_T_le_v4SPD16_eabi.lib : sprintf.c.obj (.text:_outc)
                  0000db92    00000006     driverlib.lib : uart.obj (.text:UARTFIFOLevelSet)
                  0000db98    0000000a     sysbios.aem4f : BIOS.obj (.text:ti_sysbios_hal_Timer_Instance_finalize__E)
                  0000dba2    0000000a     empty_pem4f.oem4f (.text:xdc_runtime_IHeap_alloc)
                  0000dbac    0000000a     empty_pem4f.oem4f (.text:xdc_runtime_IHeap_free)
                  0000dbb6    00000008     EK_TM4C1294XL.obj (.text:EK_TM4C1294XL_initGPIO)
                  0000dbbe    00000008     grlib.lib : charmap.obj (.text:GrMapISO8859_1_Unicode)
                  0000dbc6    00000008     driverlib.lib : i2c.obj (.text:I2CMasterIntClear)
                  0000dbce    00000008                   : i2c.obj (.text:I2CMasterSlaveAddrSet)
                  0000dbd6    00000008     drivers_tivaware.aem4f : I2CTiva.oem4f (.text:I2CTiva_blockingCallback)
                  0000dbde    00000008     driverlib.lib : ssi.obj (.text:SSIBusy)
                  0000dbe6    00000008                   : uart.obj (.text:UARTIntEnable)
                  0000dbee    00000008                   : uart.obj (.text:UARTRxErrorGet)
                  0000dbf6    00000002     --HOLE-- [fill = 0]
                  0000dbf8    00000008     rtsv7M4_T_le_v4SPD16_eabi.lib : errno.c.obj (.text:__aeabi_errno_addr)
                  0000dc00    00000008     drivers_tivaware.aem4f : UARTTiva.oem4f (.text:readSemCallback)
                  0000dc08    00000008     sysbios.aem4f : BIOS.obj (.text:ti_sysbios_family_arm_lm4_Timer_masterDisable__I)
                  0000dc10    00000008                   : BIOS.obj (.text:ti_sysbios_family_arm_m3_Hwi_doSwiRestore__I)
                  0000dc18    00000008                   : BIOS.obj (.text:ti_sysbios_family_arm_m3_Hwi_startup__E)
                  0000dc20    00000008     drivers_tivaware.aem4f : UARTTiva.oem4f (.text:writeSemCallback)
                  0000dc28    00000006     driverlib.lib : uart.obj (.text:UARTRxErrorClear)
                  0000dc2e    00000006     grlib.lib : widget.obj (.text:WidgetMutexPut)
                  0000dc34    00000004     --HOLE-- [fill = 0]
                  0000dc38    00000006     sysbios.aem4f : BIOS.obj (.text:ti_sysbios_family_arm_lm4_TimestampProvider_Module_startup__E)
                  0000dc3e    00000002     --HOLE-- [fill = 0]
                  0000dc40    00000006                   : BIOS.obj (.text:ti_sysbios_family_arm_m3_Hwi_doTaskRestore__I)
                  0000dc46    00000002     --HOLE-- [fill = 0]
                  0000dc48    00000006                   : BIOS.obj (.text:ti_sysbios_family_arm_m3_Hwi_restoreFxn__E)
                  0000dc4e    00000002     --HOLE-- [fill = 0]
                  0000dc50    00000006                   : BIOS.obj (.text:ti_sysbios_gates_GateHwi_leave__E)
                  0000dc56    00000002     --HOLE-- [fill = 0]
                  0000dc58    00000006                   : BIOS.obj (.text:ti_sysbios_heaps_HeapMem_isBlocking__E)
                  0000dc5e    00000002     --HOLE-- [fill = 0]
                  0000dc60    00000006                   : BIOS.obj (.text:ti_sysbios_knl_Clock_stop__E)
                  0000dc66    00000002     --HOLE-- [fill = 0]
                  0000dc68    00000006                   : BIOS.obj (.text:ti_sysbios_knl_Queue_Instance_init__E)
                  0000dc6e    00000002     --HOLE-- [fill = 0]
                  0000dc70    00000006                   : BIOS.obj (.text:ti_sysbios_knl_Swi_startup__E)
                  0000dc76    00000006     ti.targets.arm.rtsarm.aem4f : System.oem4f (.text:xdc_runtime_System_Module_startup__E)
                  0000dc7c    00000004     --HOLE-- [fill = 0]
                  0000dc80    00000004     sysbios.aem4f : BIOS.obj (.text:ti_sysbios_family_arm_lm4_Timer_getPeriod__E)
                  0000dc84    00000004     --HOLE-- [fill = 0]
                  0000dc88    00000004                   : BIOS.obj (.text:ti_sysbios_gates_GateHwi_query__E)
                  0000dc8c    00000004     --HOLE-- [fill = 0]
                  0000dc90    00000004                   : BIOS.obj (.text:ti_sysbios_gates_GateMutex_query__E)
                  0000dc94    00000004     --HOLE-- [fill = 0]
                  0000dc98    00000004                   : BIOS.obj (.text:ti_sysbios_knl_Task_startup__E)
                  0000dc9c    00000004     --HOLE-- [fill = 0]
                  0000dca0    00000002                   : BIOS.obj (.text:ti_sysbios_gates_GateHwi_Instance_init__E)
                  0000dca2    00000006     --HOLE-- [fill = 0]
                  0000dca8    00000002                   : BIOS.obj (.text:ti_sysbios_knl_Clock_logTick__E)

.const     0    0000dcac    00009956     
                  0000dcac    000018ae     empty_pem4f.oem4f (.const:xdc_runtime_Text_charTab__A)
                  0000f55a    00000a60     grlib.lib : fontcm24.obj (.const:.string:g_pui8Cm24Data)
                  0000ffba    00000960               : fontcm22.obj (.const:.string:g_pui8Cm22Data)
                  0001091a    0000095e               : fontcm20.obj (.const:.string:g_pui8Cm20Data)
                  00011278    0000086e               : fontcm18.obj (.const:.string:g_pui8Cm18Data)
                  00011ae6    0000083d     GUIImg.obj (.const:.string:g_pui8RedSlider195x37)
                  00012323    00000826     GUIImg.obj (.const:.string:g_pui8GreenSlider195x37)
                  00012b49    00000782     grlib.lib : fontcmss18b.obj (.const:.string:g_pui8Cmss18bData)
                  000132cb    00000759               : fontcm16.obj (.const:.string:g_pui8Cm16Data)
                  00013a24    00000705     GUIImg.obj (.const:.string:g_pui8GettingHotter28x148)
                  00014129    0000065a     grlib.lib : fontcm14.obj (.const:.string:g_pui8Cm14Data)
                  00014783    0000055f               : fontcm12.obj (.const:.string:g_pui8Cm12Data)
                  00014ce2    000003ad     GUIImg.obj (.const:.string:g_pui8GettingHotter28x148Mono)
                  0001508f    0000024d     GUIImg.obj (.const:.string:g_pui8Logo)
                  000152dc    00000210     GUIImg.obj (.const:.string:g_pui8Blue50x50)
                  000154ec    0000020e     GUIImg.obj (.const:.string:g_pui8Blue50x50Press)
                  000156fa    0000020d     GUIImg.obj (.const:.string:g_pui8btn140x40)
                  00015907    0000020d     GUIImg.obj (.const:.string:g_pui8btn150x40Press)
                  00015b14    000001cc     empty.obj (.const:.string)
                  00015ce0    00000124     Images.obj (.const:.string:g_pui8Night)
                  00015e04    00000120     Boot.aem4f : Boot_sysctl.oem4f (.const:g_pppui32XTALtoVCO)
                  00015f24    00000107     GUIImg.obj (.const:.string:g_pui8arrowRight)
                  0001602b    00000101     rtsv7M4_T_le_v4SPD16_eabi.lib : ctype.c.obj (.const:.string:_ctypes_)
                  0001612c    000000f8     Images.obj (.const:.string:g_pui8Day)
                  00016224    000000f5     GUIImg.obj (.const:.string:g_pui8LightOff)
                  00016319    000000e6     GUIImg.obj (.const:.string:g_pui8LightOn)
                  000163ff    00000001     empty_pem4f.oem4f (.const:xdc_runtime_Error_policy__C)
                  00016400    000000d0     empty_pem4f.oem4f (.const:xdc_runtime_Text_nodeTab__A)
                  000164d0    000000c8     grlib.lib : fontcm12.obj (.const:g_sFontCm12)
                  00016598    000000c8               : fontcm14.obj (.const:g_sFontCm14)
                  00016660    000000c8               : fontcm16.obj (.const:g_sFontCm16)
                  00016728    000000c8               : fontcm18.obj (.const:g_sFontCm18)
                  000167f0    000000c8               : fontcm20.obj (.const:g_sFontCm20)
                  000168b8    000000c8               : fontcm22.obj (.const:g_sFontCm22)
                  00016980    000000c8               : fontcm24.obj (.const:g_sFontCm24)
                  00016a48    000000c8               : fontcmss18b.obj (.const:g_sFontCmss18b)
                  00016b10    000000a5     GUIImg.obj (.const:.string:g_pui8arrowLeft)
                  00016bb5    00000001     --HOLE-- [fill = 0]
                  00016bb6    00000002     empty_pem4f.oem4f (.const:ti_catalog_arm_cortexm4_tiva_ce_Boot_Module__id__C)
                  00016bb8    00000090     driverlib.lib : gpio.obj (.const:g_pui32GPIOBaseAddrs)
                  00016c48    00000076     GUIImg.obj (.const:.string:g_pui8backBtn)
                  00016cbe    00000002     empty_pem4f.oem4f (.const:ti_sysbios_family_arm_lm4_Timer_Module__id__C)
                  00016cc0    00000070     driverlib.lib : interrupt.obj (.const)
                  00016d30    0000006c     Boot.aem4f : Boot_sysctl.oem4f (.const:g_pui32Xtals)
                  00016d9c    00000054     drivers_tivaware.aem4f : GPIOTiva.oem4f (.const:.string)
                  00016df0    0000004c                            : UARTTiva.oem4f (.const)
                  00016e3c    00000048     empty_pem4f.oem4f (.const:.string)
                  00016e84    00000048     drivers_tivaware.aem4f : GPIOTiva.oem4f (.const:gpioBaseAddresses)
                  00016ecc    0000003c     empty_pem4f.oem4f (.const:ti_sysbios_family_arm_lm4_Timer_Object__PARAMS__C)
                  00016f08    0000003c     empty_pem4f.oem4f (.const:ti_sysbios_knl_Task_Object__PARAMS__C)
                  00016f44    00000030     Boot.aem4f : Boot_sysctl.oem4f (.const:g_sXTALtoMEMTIM)
                  00016f74    00000030     empty_pem4f.oem4f (.const:ti_sysbios_family_arm_m3_Hwi_Object__PARAMS__C)
                  00016fa4    00000030     empty_pem4f.oem4f (.const:ti_sysbios_hal_Timer_Object__PARAMS__C)
                  00016fd4    0000002c     empty_pem4f.oem4f (.const:xdc_runtime_Startup_sfxnTab__A)
                  00017000    00000028     drivers_tivaware.aem4f : UARTTiva.oem4f (.const:UARTTiva_fxnTable)
                  00017028    00000028     Kentec320x240x16_ssd2119_spi.obj (.const:g_sKentec320x240x16_SSD2119)
                  00017050    00000028     empty_pem4f.oem4f (.const:ti_sysbios_heaps_HeapMem_Module__FXNS__C)
                  00017078    00000024     EK_TM4C1294XL.obj (.const:I2C_config)
                  0001709c    00000024     drivers_tivaware.aem4f : UART.oem4f (.const:UART_defaultParams)
                  000170c0    00000024     empty_pem4f.oem4f (.const:ti_sysbios_gates_GateHwi_Module__FXNS__C)
                  000170e4    00000024     empty_pem4f.oem4f (.const:ti_sysbios_gates_GateMutex_Module__FXNS__C)
                  00017108    00000024     empty_pem4f.oem4f (.const:ti_sysbios_heaps_HeapMem_Object__PARAMS__C)
                  0001712c    00000024     empty_pem4f.oem4f (.const:ti_sysbios_knl_Clock_Object__PARAMS__C)
                  00017150    00000024     empty_pem4f.oem4f (.const:ti_sysbios_knl_Semaphore_Object__PARAMS__C)
                  00017174    00000020     empty_pem4f.oem4f (.const:ti_sysbios_family_arm_lm4_Timer_Object__DESC__C)
                  00017194    00000020     empty_pem4f.oem4f (.const:ti_sysbios_family_arm_m3_Hwi_Object__DESC__C)
                  000171b4    00000020     empty_pem4f.oem4f (.const:ti_sysbios_gates_GateHwi_Object__DESC__C)
                  000171d4    00000020     empty_pem4f.oem4f (.const:ti_sysbios_gates_GateMutex_Object__DESC__C)
                  000171f4    00000020     empty_pem4f.oem4f (.const:ti_sysbios_hal_Timer_Object__DESC__C)
                  00017214    00000020     empty_pem4f.oem4f (.const:ti_sysbios_heaps_HeapMem_Object__DESC__C)
                  00017234    00000020     empty_pem4f.oem4f (.const:ti_sysbios_knl_Clock_Object__DESC__C)
                  00017254    00000020     empty_pem4f.oem4f (.const:ti_sysbios_knl_Queue_Object__DESC__C)
                  00017274    00000020     empty_pem4f.oem4f (.const:ti_sysbios_knl_Semaphore_Object__DESC__C)
                  00017294    00000020     empty_pem4f.oem4f (.const:ti_sysbios_knl_Task_Object__DESC__C)
                  000172b4    0000001c     drivers_tivaware.aem4f : I2CTiva.oem4f (.const)
                  000172d0    0000001c     touch.obj (.const:g_pi32TouchParameters)
                  000172ec    00000018     EK_TM4C1294XL.obj (.const:UART_config)
                  00017304    00000018     EK_TM4C1294XL.obj (.const:i2cTivaHWAttrs)
                  0001731c    00000018     empty_pem4f.oem4f (.const:ti_sysbios_gates_GateHwi_Object__PARAMS__C)
                  00017334    00000018     empty_pem4f.oem4f (.const:ti_sysbios_gates_GateMutex_Object__PARAMS__C)
                  0001734c    00000018     empty_pem4f.oem4f (.const:ti_sysbios_knl_Queue_Object__PARAMS__C)
                  00017364    00000018     EK_TM4C1294XL.obj (.const:uartTivaHWAttrs)
                  0001737c    00000016     empty_pem4f.oem4f (.const:xdc_runtime_Startup_sfxnRts__A)
                  00017392    00000002     empty_pem4f.oem4f (.const:ti_sysbios_family_arm_lm4_Timer_supportsAltclk__C)
                  00017394    00000014     EK_TM4C1294XL.obj (.const:GPIOTiva_config)
                  000173a8    00000014     empty_pem4f.oem4f (.const:xdc_runtime_Startup_firstFxns__A)
                  000173bc    00000012     ustdlib.obj (.const:.string)
                  000173ce    00000002     empty_pem4f.oem4f (.const:ti_sysbios_family_arm_m3_Hwi_Module__id__C)
                  000173d0    00000010     grlib.lib : context.obj (.const)
                  000173e0    00000008     Boot.aem4f : Boot_sysctl.oem4f (.const)
                  000173e8    00000008     empty_pem4f.oem4f (.const:ti_sysbios_family_arm_m3_Hwi_excHookFuncs__A)
                  000173f0    00000008     empty_pem4f.oem4f (.const:ti_sysbios_knl_Idle_funcList__C)
                  000173f8    00000008     empty_pem4f.oem4f (.const:xdc_runtime_Startup_firstFxns__C)
                  00017400    00000008     empty_pem4f.oem4f (.const:xdc_runtime_Startup_lastFxns__C)
                  00017408    00000004     empty_pem4f.oem4f (.const:ti_catalog_arm_cortexm4_tiva_ce_Boot_A_mustNotUseEnhancedClockMode__C)
                  0001740c    00000004     empty_pem4f.oem4f (.const:ti_catalog_arm_cortexm4_tiva_ce_Boot_Module__diagsEnabled__C)
                  00017410    00000004     empty_pem4f.oem4f (.const:ti_catalog_arm_cortexm4_tiva_ce_Boot_Module__diagsIncluded__C)
                  00017414    00000004     empty_pem4f.oem4f (.const:ti_catalog_arm_cortexm4_tiva_ce_Boot_Module__diagsMask__C)
                  00017418    00000004     empty_pem4f.oem4f (.const:ti_sysbios_family_arm_lm4_Timer_E_cannotSupport__C)
                  0001741c    00000004     empty_pem4f.oem4f (.const:ti_sysbios_family_arm_lm4_Timer_E_invalidTimer__C)
                  00017420    00000004     empty_pem4f.oem4f (.const:ti_sysbios_family_arm_lm4_Timer_E_noaltclk__C)
                  00017424    00000004     empty_pem4f.oem4f (.const:ti_sysbios_family_arm_lm4_Timer_E_notAvailable__C)
                  00017428    00000004     empty_pem4f.oem4f (.const:ti_sysbios_family_arm_lm4_Timer_anyMask__C)
                  0001742c    00000004     empty_pem4f.oem4f (.const:ti_sysbios_family_arm_lm4_Timer_disableFunc__C)
                  00017430    00000004     empty_pem4f.oem4f (.const:ti_sysbios_family_arm_lm4_Timer_enableFunc__C)
                  00017434    00000004     empty_pem4f.oem4f (.const:ti_sysbios_family_arm_lm4_Timer_numTimerDevices__C)
                  00017438    00000004     empty_pem4f.oem4f (.const:ti_sysbios_family_arm_lm4_Timer_startupNeeded__C)
                  0001743c    00000004     empty_pem4f.oem4f (.const:ti_sysbios_family_arm_m3_Hwi_E_NMI__C)
                  00017440    00000004     empty_pem4f.oem4f (.const:ti_sysbios_family_arm_m3_Hwi_E_alreadyDefined__C)
                  00017444    00000004     empty_pem4f.oem4f (.const:ti_sysbios_family_arm_m3_Hwi_E_busFault__C)
                  00017448    00000004     empty_pem4f.oem4f (.const:ti_sysbios_family_arm_m3_Hwi_E_debugMon__C)
                  0001744c    00000004     empty_pem4f.oem4f (.const:ti_sysbios_family_arm_m3_Hwi_E_hardFault__C)
                  00017450    00000004     empty_pem4f.oem4f (.const:ti_sysbios_family_arm_m3_Hwi_E_memFault__C)
                  00017454    00000004     empty_pem4f.oem4f (.const:ti_sysbios_family_arm_m3_Hwi_E_noIsr__C)
                  00017458    00000004     empty_pem4f.oem4f (.const:ti_sysbios_family_arm_m3_Hwi_E_reserved__C)
                  0001745c    00000004     empty_pem4f.oem4f (.const:ti_sysbios_family_arm_m3_Hwi_E_svCall__C)
                  00017460    00000004     empty_pem4f.oem4f (.const:ti_sysbios_family_arm_m3_Hwi_E_usageFault__C)
                  00017464    00000004     empty_pem4f.oem4f (.const:ti_sysbios_family_arm_m3_Hwi_NUM_INTERRUPTS__C)
                  00017468    00000004     empty_pem4f.oem4f (.const:ti_sysbios_family_arm_m3_Hwi_Object__count__C)
                  0001746c    00000004     empty_pem4f.oem4f (.const:ti_sysbios_family_arm_m3_Hwi_ccr__C)
                  00017470    00000004     empty_pem4f.oem4f (.const:ti_sysbios_family_arm_m3_Hwi_excHandlerFunc__C)
                  00017474    00000004     empty_pem4f.oem4f (.const:ti_sysbios_family_arm_m3_Hwi_excHookFuncs__C)
                  00017478    00000004     empty_pem4f.oem4f (.const:ti_sysbios_family_arm_m3_Hwi_nullIsrFunc__C)
                  0001747c    00000004     empty_pem4f.oem4f (.const:ti_sysbios_family_arm_m3_Hwi_priGroup__C)
                  00017480    00000004     empty_pem4f.oem4f (.const:ti_sysbios_family_arm_m3_TaskSupport_stackAlignment__C)
                  00017484    00000004     empty_pem4f.oem4f (.const:ti_sysbios_gates_GateMutex_A_badContext__C)
                  00017488    00000004     empty_pem4f.oem4f (.const:ti_sysbios_gates_GateMutex_Instance_State_sem__O)
                  0001748c    00000004     empty_pem4f.oem4f (.const:ti_sysbios_gates_GateMutex_Module__diagsEnabled__C)
                  00017490    00000004     empty_pem4f.oem4f (.const:ti_sysbios_gates_GateMutex_Module__diagsIncluded__C)
                  00017494    00000004     empty_pem4f.oem4f (.const:ti_sysbios_gates_GateMutex_Module__diagsMask__C)
                  00017498    00000004     empty_pem4f.oem4f (.const:ti_sysbios_hal_Hwi_E_stackOverflow__C)
                  0001749c    00000004     empty_pem4f.oem4f (.const:ti_sysbios_hal_SecondsClock_Module_State_clock__O)
                  000174a0    00000004     empty_pem4f.oem4f (.const:ti_sysbios_heaps_HeapMem_A_align__C)
                  000174a4    00000004     empty_pem4f.oem4f (.const:ti_sysbios_heaps_HeapMem_A_heapSize__C)
                  000174a8    00000004     empty_pem4f.oem4f (.const:ti_sysbios_heaps_HeapMem_A_invalidFree__C)
                  000174ac    00000004     empty_pem4f.oem4f (.const:ti_sysbios_heaps_HeapMem_A_zeroBlock__C)
                  000174b0    00000004     empty_pem4f.oem4f (.const:ti_sysbios_heaps_HeapMem_E_memory__C)
                  000174b4    00000004     empty_pem4f.oem4f (.const:ti_sysbios_heaps_HeapMem_Module__diagsEnabled__C)
                  000174b8    00000004     empty_pem4f.oem4f (.const:ti_sysbios_heaps_HeapMem_Module__diagsIncluded__C)
                  000174bc    00000004     empty_pem4f.oem4f (.const:ti_sysbios_heaps_HeapMem_Module__diagsMask__C)
                  000174c0    00000004     empty_pem4f.oem4f (.const:ti_sysbios_heaps_HeapMem_Module__gateObj__C)
                  000174c4    00000004     empty_pem4f.oem4f (.const:ti_sysbios_heaps_HeapMem_Object__count__C)
                  000174c8    00000004     empty_pem4f.oem4f (.const:ti_sysbios_heaps_HeapMem_reqAlign__C)
                  000174cc    00000004     empty_pem4f.oem4f (.const:ti_sysbios_knl_Clock_A_badThreadType__C)
                  000174d0    00000004     empty_pem4f.oem4f (.const:ti_sysbios_knl_Clock_Module_State_clockQ__O)
                  000174d4    00000004     empty_pem4f.oem4f (.const:ti_sysbios_knl_Clock_Module__diagsEnabled__C)
                  000174d8    00000004     empty_pem4f.oem4f (.const:ti_sysbios_knl_Clock_Module__diagsIncluded__C)
                  000174dc    00000004     empty_pem4f.oem4f (.const:ti_sysbios_knl_Clock_Module__diagsMask__C)
                  000174e0    00000004     empty_pem4f.oem4f (.const:ti_sysbios_knl_Clock_tickPeriod__C)
                  000174e4    00000004     empty_pem4f.oem4f (.const:ti_sysbios_knl_Idle_funcList__A)
                  000174e8    00000004     empty_pem4f.oem4f (.const:ti_sysbios_knl_Semaphore_A_badContext__C)
                  000174ec    00000004     empty_pem4f.oem4f (.const:ti_sysbios_knl_Semaphore_A_noEvents__C)
                  000174f0    00000004     empty_pem4f.oem4f (.const:ti_sysbios_knl_Semaphore_A_overflow__C)
                  000174f4    00000004     empty_pem4f.oem4f (.const:ti_sysbios_knl_Semaphore_A_pendTaskDisabled__C)
                  000174f8    00000004     empty_pem4f.oem4f (.const:ti_sysbios_knl_Semaphore_Instance_State_pendQ__O)
                  000174fc    00000004     empty_pem4f.oem4f (.const:ti_sysbios_knl_Semaphore_Module__diagsEnabled__C)
                  00017500    00000004     empty_pem4f.oem4f (.const:ti_sysbios_knl_Semaphore_Module__diagsIncluded__C)
                  00017504    00000004     empty_pem4f.oem4f (.const:ti_sysbios_knl_Semaphore_Module__diagsMask__C)
                  00017508    00000004     empty_pem4f.oem4f (.const:ti_sysbios_knl_Swi_Object__count__C)
                  0001750c    00000004     empty_pem4f.oem4f (.const:ti_sysbios_knl_Task_A_badPriority__C)
                  00017510    00000004     empty_pem4f.oem4f (.const:ti_sysbios_knl_Task_A_badTaskState__C)
                  00017514    00000004     empty_pem4f.oem4f (.const:ti_sysbios_knl_Task_A_badThreadType__C)
                  00017518    00000004     empty_pem4f.oem4f (.const:ti_sysbios_knl_Task_A_badTimeout__C)
                  0001751c    00000004     empty_pem4f.oem4f (.const:ti_sysbios_knl_Task_A_noPendElem__C)
                  00017520    00000004     empty_pem4f.oem4f (.const:ti_sysbios_knl_Task_A_sleepTaskDisabled__C)
                  00017524    00000004     empty_pem4f.oem4f (.const:ti_sysbios_knl_Task_E_spOutOfBounds__C)
                  00017528    00000004     empty_pem4f.oem4f (.const:ti_sysbios_knl_Task_E_stackOverflow__C)
                  0001752c    00000004     empty_pem4f.oem4f (.const:ti_sysbios_knl_Task_Module_State_inactiveQ__O)
                  00017530    00000004     empty_pem4f.oem4f (.const:ti_sysbios_knl_Task_Module__diagsEnabled__C)
                  00017534    00000004     empty_pem4f.oem4f (.const:ti_sysbios_knl_Task_Module__diagsIncluded__C)
                  00017538    00000004     empty_pem4f.oem4f (.const:ti_sysbios_knl_Task_Module__diagsMask__C)
                  0001753c    00000004     empty_pem4f.oem4f (.const:ti_sysbios_knl_Task_Object__count__C)
                  00017540    00000004     empty_pem4f.oem4f (.const:ti_sysbios_knl_Task_allBlockedFunc__C)
                  00017544    00000004     empty_pem4f.oem4f (.const:ti_sysbios_knl_Task_defaultStackHeap__C)
                  00017548    00000004     empty_pem4f.oem4f (.const:ti_sysbios_knl_Task_defaultStackSize__C)
                  0001754c    00000004     empty_pem4f.oem4f (.const:ti_sysbios_knl_Task_numConstructedTasks__C)
                  00017550    00000004     ustdlib.obj (.const)
[...]
0001743c  ti_sysbios_family_arm_m3_Hwi_E_NMI__C                                
00017440  ti_sysbios_family_arm_m3_Hwi_E_alreadyDefined__C                     
00017444  ti_sysbios_family_arm_m3_Hwi_E_busFault__C                           
00017448  ti_sysbios_family_arm_m3_Hwi_E_debugMon__C                           
0001744c  ti_sysbios_family_arm_m3_Hwi_E_hardFault__C                          
00017450  ti_sysbios_family_arm_m3_Hwi_E_memFault__C                           
00017454  ti_sysbios_family_arm_m3_Hwi_E_noIsr__C                              
00017458  ti_sysbios_family_arm_m3_Hwi_E_reserved__C                           
0001745c  ti_sysbios_family_arm_m3_Hwi_E_svCall__C                             
00017460  ti_sysbios_family_arm_m3_Hwi_E_usageFault__C                         
00017464  ti_sysbios_family_arm_m3_Hwi_NUM_INTERRUPTS__C                       
00017468  ti_sysbios_family_arm_m3_Hwi_Object__count__C                        
0001746c  ti_sysbios_family_arm_m3_Hwi_ccr__C                                  
00017470  ti_sysbios_family_arm_m3_Hwi_excHandlerFunc__C                       
00017474  ti_sysbios_family_arm_m3_Hwi_excHookFuncs__C                         
00017478  ti_sysbios_family_arm_m3_Hwi_nullIsrFunc__C                          
0001747c  ti_sysbios_family_arm_m3_Hwi_priGroup__C                             
00017480  ti_sysbios_family_arm_m3_TaskSupport_stackAlignment__C               
00017484  ti_sysbios_gates_GateMutex_A_badContext__C                           
00017488  ti_sysbios_gates_GateMutex_Instance_State_sem__O                     
0001748c  ti_sysbios_gates_GateMutex_Module__diagsEnabled__C                   
00017490  ti_sysbios_gates_GateMutex_Module__diagsIncluded__C                  
00017494  ti_sysbios_gates_GateMutex_Module__diagsMask__C                      
00017498  ti_sysbios_hal_Hwi_E_stackOverflow__C                                
0001749c  ti_sysbios_hal_SecondsClock_Module_State_clock__O                    
000174a0  ti_sysbios_heaps_HeapMem_A_align__C                                  
000174a4  ti_sysbios_heaps_HeapMem_A_heapSize__C                               
000174a8  ti_sysbios_heaps_HeapMem_A_invalidFree__C                            
000174ac  ti_sysbios_heaps_HeapMem_A_zeroBlock__C                              
000174b0  ti_sysbios_heaps_HeapMem_E_memory__C                                 
000174b4  ti_sysbios_heaps_HeapMem_Module__diagsEnabled__C                     
000174b8  ti_sysbios_heaps_HeapMem_Module__diagsIncluded__C                    
000174bc  ti_sysbios_heaps_HeapMem_Module__diagsMask__C                        
000174c0  ti_sysbios_heaps_HeapMem_Module__gateObj__C                          
000174c4  ti_sysbios_heaps_HeapMem_Object__count__C                            
000174c8  ti_sysbios_heaps_HeapMem_reqAlign__C                                 
000174cc  ti_sysbios_knl_Clock_A_badThreadType__C                              
000174d0  ti_sysbios_knl_Clock_Module_State_clockQ__O                          
000174d4  ti_sysbios_knl_Clock_Module__diagsEnabled__C                         
000174d8  ti_sysbios_knl_Clock_Module__diagsIncluded__C                        
000174dc  ti_sysbios_knl_Clock_Module__diagsMask__C                            
000174e0  ti_sysbios_knl_Clock_tickPeriod__C                                   
000174e4  ti_sysbios_knl_Idle_funcList__A                                      
000174e8  ti_sysbios_knl_Semaphore_A_badContext__C                             
000174ec  ti_sysbios_knl_Semaphore_A_noEvents__C                               
000174f0  ti_sysbios_knl_Semaphore_A_overflow__C                               
000174f4  ti_sysbios_knl_Semaphore_A_pendTaskDisabled__C                       
000174f8  ti_sysbios_knl_Semaphore_Instance_State_pendQ__O                     
000174fc  ti_sysbios_knl_Semaphore_Module__diagsEnabled__C                     
00017500  ti_sysbios_knl_Semaphore_Module__diagsIncluded__C                    
00017504  ti_sysbios_knl_Semaphore_Module__diagsMask__C                        
00017508  ti_sysbios_knl_Swi_Object__count__C                                  
0001750c  ti_sysbios_knl_Task_A_badPriority__C                                 
00017510  ti_sysbios_knl_Task_A_badTaskState__C                                
00017514  ti_sysbios_knl_Task_A_badThreadType__C                               
00017518  ti_sysbios_knl_Task_A_badTimeout__C                                  
0001751c  ti_sysbios_knl_Task_A_noPendElem__C                                  
00017520  ti_sysbios_knl_Task_A_sleepTaskDisabled__C                           
00017524  ti_sysbios_knl_Task_E_spOutOfBounds__C                               
00017528  ti_sysbios_knl_Task_E_stackOverflow__C                               
0001752c  ti_sysbios_knl_Task_Module_State_inactiveQ__O                        
00017530  ti_sysbios_knl_Task_Module__diagsEnabled__C                          
00017534  ti_sysbios_knl_Task_Module__diagsIncluded__C                         
00017538  ti_sysbios_knl_Task_Module__diagsMask__C                             
0001753c  ti_sysbios_knl_Task_Object__count__C                                 
00017540  ti_sysbios_knl_Task_allBlockedFunc__C                                
00017544  ti_sysbios_knl_Task_defaultStackHeap__C                              
00017548  ti_sysbios_knl_Task_defaultStackSize__C                              
0001754c  ti_sysbios_knl_Task_numConstructedTasks__C                           
00017554  xdc_runtime_Assert_E_assertFailed__C                                 
00017558  xdc_runtime_Core_A_initializedParams__C                              
0001755c  xdc_runtime_Core_Module__diagsEnabled__C                             
00017560  xdc_runtime_Core_Module__diagsIncluded__C                            
00017564  xdc_runtime_Core_Module__diagsMask__C                                
00017568  xdc_runtime_Error_E_memory__C                                        
0001756c  xdc_runtime_Error_Module__diagsEnabled__C                            
00017570  xdc_runtime_Error_Module__diagsIncluded__C                           
00017574  xdc_runtime_Error_Module__diagsMask__C                               
00017578  xdc_runtime_Error_Module__loggerFxn8__C                              
0001757c  xdc_runtime_Error_Module__loggerObj__C                               
00017580  xdc_runtime_Error_policyFxn__C                                       
00017584  xdc_runtime_Error_raiseHook__C                                       
00017588  xdc_runtime_IGateProvider_Interface__BASE__C                         
0001758c  xdc_runtime_IHeap_Interface__BASE__C                                 
00017590  xdc_runtime_IModule_Interface__BASE__C                               
00017594  xdc_runtime_Log_L_error__C                                           
00017598  xdc_runtime_Memory_defaultHeapInstance__C                            
0001759c  xdc_runtime_Startup_execImpl__C                                      
000175a0  xdc_runtime_Startup_lastFxns__A                                      
000175a4  xdc_runtime_Startup_maxPasses__C                                     
000175a8  xdc_runtime_Startup_sfxnRts__C                                       
000175ac  xdc_runtime_Startup_sfxnTab__C                                       
000175b0  xdc_runtime_SysMin_bufSize__C                                        
000175b4  xdc_runtime_SysMin_outputFunc__C                                     
000175b8  xdc_runtime_System_Module__gateObj__C                                
000175bc  xdc_runtime_System_abortFxn__C                                       
000175c0  xdc_runtime_System_exitFxn__C                                        
000175c4  xdc_runtime_System_extendFxn__C                                      
000175c8  xdc_runtime_System_maxAtexitHandlers__C                              
000175cc  xdc_runtime_Text_charTab__C                                          
000175d0  xdc_runtime_Text_nameEmpty__C                                        
000175d4  xdc_runtime_Text_nameStatic__C                                       
000175d8  xdc_runtime_Text_nameUnknown__C                                      
000175dc  xdc_runtime_Text_nodeTab__C                                          
000175e0  xdc_runtime_Text_visitRopeFxn__C                                     
000175e4  ti_sysbios_gates_GateMutex_Module__id__C                             
000175e6  ti_sysbios_hal_Hwi_Module__id__C                                     
000175e8  ti_sysbios_heaps_HeapMem_Module__id__C                               
000175ea  ti_sysbios_knl_Clock_Module__id__C                                   
000175ec  ti_sysbios_knl_Semaphore_Module__id__C                               
000175ee  ti_sysbios_knl_Task_Module__id__C                                    
000175f0  xdc_runtime_Core_Module__id__C                                       
000175f2  xdc_runtime_Error_Module__loggerDefined__C                           
000175f4  xdc_runtime_Error_maxDepth__C                                        
000175f6  xdc_runtime_Memory_Module__id__C                                     
000175f8  xdc_runtime_SysMin_flushAtExit__C                                    
000175fa  xdc_runtime_Text_charCnt__C                                          
000175fc  xdc_runtime_Text_isLoaded__C                                         
000175fe  xdc_runtime_Text_registryModsLastId__C                               
00017600  xdc_runtime_Text_unnamedModsLastId__C                                
00017608  __TI_static_base__                                                   
00017cc4  __TI_Handler_Table_Base                                              
00017cd0  __TI_Handler_Table_Limit                                             
00017ce0  __TI_CINIT_Base                                                      
00017cf8  __TI_CINIT_Limit                                                     
20000000  __start___llvm_prf_cnts                                              
20000000  __stop___llvm_prf_cnts                                               
20000000  ti_sysbios_family_arm_m3_Hwi_ramVectors                              
20000400  psDMAControlTable                                                    
20000800  task0Stack                                                           
20000c00  ti_sysbios_heaps_HeapMem_Instance_State_0_buf__A                     
20001000  ti_sysbios_family_arm_m3_Hwi_dispatchTable                           
20001360  ti_sysbios_knl_Task_Instance_State_0_stack__A                        
200016a0  __CIOBUF_                                                            
200017c0  i2cTivaObjects                                                       
200018c0  uartTivaObjects                                                      
20001a1c  xdc_runtime_SysMin_Module_State_0_outbuf__A                          
20001a9c  task0Struct                                                          
20001aec  sContext                                                             
20001b38  tempc                                                                
20001b58  uartTivaRingBuffer                                                   
20001b78  datetime                                                             
20001bb8  AccBox                                                               
20001bc0  Banner                                                               
20001bc8  BannerB                                                              
20001bd0  CurrBox                                                              
20001bd8  clearBox                                                             
20001be0  parmbuf                                                              
20001be8  g_pi32ParmSet                                                        
20001bf0  g_ui32Panel                                                          
20001bf8  timerclock                                                           
20001bfc  uart                                                                 
20001c00  g_i16TouchX                                                          
20001c02  g_i16TouchY                                                          
20001c04  g_psSliders                                                          
20001e2c  g_psPanels                                                           
2000202c  g_psRadioButtonIndicators                                            
200021ac  sidertestC                                                           
200022ac  g_psCheckBoxIndicators                                               
2000236c  g_psCheckBoxes                                                       
2000242c  g_psRadioButtons1                                                    
200024ec  g_psRadioButtons2                                                    
200025ac  ti_sysbios_family_arm_lm4_Timer_Object__table__V                     
2000262c  ti_sysbios_knl_Swi_Module_State_0_readyQ__A                          
200026ac  ti_sysbios_knl_Task_Module_State_0_readyQ__A                         
2000272c  g_psRadioContainers                                                  
2000279c  MotorSpeedSlider                                                     
200027f8  slidertest                                                           
20002854  AccDownBtn                                                           
200028a4  AccUpBtn                                                             
200028f4  CurrentDownBtn                                                       
20002944  CurrentUpBtn                                                         
20002994  GraphPgBtn                                                           
200029e4  MotorMode                                                            
20002a34  MotorPgBtn                                                           
20002a84  SensorPgBtn                                                          
20002ad4  backMotorBtn                                                         
20002b24  brrrr2                                                               
20002b74  brrrr                                                                
20002bc4  ti_sysbios_knl_Task_Object__table__V                                 
20002c10  ti_sysbios_family_arm_m3_Hwi_Object__table__V                        
20002c58  ti_sysbios_knl_Task_Module__state__V                                 
20002c9c  g_sCanvas1                                                           
20002cdc  g_sCanvas2                                                           
20002d1c  g_sCanvas3                                                           
20002d5c  g_sIntroduction                                                      
20002d9c  g_sPrimitives                                                        
20002ddc  g_sSliderValueCanvas                                                 
20002e1c  ti_sysbios_family_arm_lm4_Timer_Module_State_0_device__A             
20002e5c  ti_sysbios_hal_SecondsClock_Module__state__V                         
20002e98  g_sContainer1                                                        
20002ed0  g_sContainer2                                                        
20002f08  g_sContainer3                                                        
20002f40  ti_sysbios_gates_GateMutex_Object__table__V                          
20002f78  ti_sysbios_family_arm_m3_Hwi_Module__state__V                        
20002fac  ti_sysbios_knl_Swi_Object__table__V                                  
20002fdc  g_sRoot                                                              
2000300a  ti_sysbios_family_arm_m3_Hwi_Module_State_0_excActive__A             
2000300c  ti_sysbios_knl_Clock_Module__state__V                                
20003038  ti_sysbios_BIOS_Module__state__V                                     
2000305c  ti_sysbios_family_arm_lm4_Timer_Module_State_0_handles__A            
2000307c  gpioPinConfigs                                                       
20003098  ti_sysbios_knl_Swi_Module__state__V                                  
200030b4  ti_sysbios_heaps_HeapMem_Object__table__V                            
200030cc  ti_sysbios_family_arm_lm4_Timer_Module__state__V                     
200030d8  xdc_runtime_SysMin_Module__state__V                                  
200030e4  _lock                                                                
200030e8  _unlock                                                              
200030ec  gpioCallbackFunctions                                                
200030f4  ti_sysbios_family_arm_lm4_Timer_Module__root__V                      
200030fc  ti_sysbios_family_arm_lm4_TimestampProvider_Module__state__V         
20003104  ti_sysbios_family_arm_m3_Hwi_Module__root__V                         
2000310c  ti_sysbios_gates_GateHwi_Module__root__V                             
20003114  ti_sysbios_gates_GateMutex_Module__root__V                           
2000311c  ti_sysbios_hal_Timer_Module__root__V                                 
20003124  ti_sysbios_heaps_HeapMem_Module__root__V                             
2000312c  ti_sysbios_knl_Clock_Module__root__V                                 
20003134  ti_sysbios_knl_Queue_Module__root__V                                 
2000313c  ti_sysbios_knl_Semaphore_Module__root__V                             
20003144  ti_sysbios_knl_Task_Module__root__V                                  
2000314c  xdc_runtime_Registry_Module__state__V                                
20003154  xdc_runtime_Startup_Module__state__V                                 
2000315c  xdc_runtime_System_Module_State_0_atexitHandlers__A                  
20003164  xdc_runtime_System_Module__state__V                                  
20003171  motorStartStop                                                       
20003172  HA                                                                   
20003173  HB                                                                   
20003174  HC                                                                   
20003175  LowLight                                                             
20003176  xdc_runtime_Error_Module__state__V                                   
20003180  errno                                                                
20003184  main_func_sp                                                         
20003188  ti_sysbios_family_arm_m3_Hwi_Module_State_0_excContext__A            
2000318c  ti_sysbios_family_arm_m3_Hwi_Module_State_0_excStack__A              
20003190  ti_sysbios_gates_GateHwi_Object__table__V                            
20003194  ti_sysbios_knl_Task_Module_State_0_idleTask__A                       
20003198  g_i16TouchMin                                                        
2000319c  xdc_runtime_Memory_Module__state__V                                  
200031a0  __stack                                                              
200034a0  __STACK_END                                                          
e000e000  ti_sysbios_family_arm_m3_Hwi_nvic                                    
ffffffff  __TI_pprof_out_hndl                                                  
ffffffff  __TI_prof_data_size                                                  
ffffffff  __TI_prof_data_start                                                 
ffffffff  __binit__                                                            
ffffffff  __c_args__                                                           
ffffffff  binit                                                                
UNDEFED   SHT$$INIT_ARRAY$$Base                                                
UNDEFED   SHT$$INIT_ARRAY$$Limit                                               

[896 symbols]
