******************************************************************************
                  TI ARM Linker PC v20.2.5                     
******************************************************************************
>> Linked Fri May  6 12:24:09 2022

OUTPUT FILE NAME:   <EGH456MotorProject.out>
ENTRY POINT SYMBOL: "_c_int00"  address: 00008d5d


MEMORY CONFIGURATION

         name            origin    length      used     unused   attr    fill
----------------------  --------  ---------  --------  --------  ----  --------
  FLASH                 00000000   00100000  00012114  000edeec  R  X
  SRAM                  20000000   00040000  00001fbc  0003e044  RW X


SEGMENT ALLOCATION MAP

run origin  load origin   length   init length attrs members
----------  ----------- ---------- ----------- ----- -------
00000000    00000000    00012120   00012120    r-x
  00000000    00000000    0000003c   0000003c    r-- .resetVecs
  00000040    00000040    0000b802   0000b802    r-x .text
  0000b844    0000b844    0000661e   0000661e    r-- .const
  00011e68    00011e68    000002b8   000002b8    r-- .cinit
20000000    20000000    00001fc0   00000000    rw-
  20000000    20000000    00000360   00000000    rw- .vecs
  20000360    20000360    000013a8   00000000    rw- .bss
  20001708    20001708    000005b4   00000000    rw- .data
  20001cc0    20001cc0    00000300   00000000    rw- .stack


SECTION ALLOCATION MAP

 output                                  attributes/
section   page    origin      length       input sections
--------  ----  ----------  ----------   ----------------
.text      0    00000040    0000b802     
                  00000040    00000a4e     rtsv7M4_T_le_v4SPD16_eabi.lib : _printfi.c.obj (.text:__TI_printfi)
                  00000a8e    00000002                                   : _lock.c.obj (.text:_nop)
                  00000a90    00000430     sysbios.aem4f : BIOS.obj (.text:ti_sysbios_family_arm_m3_Hwi_excDumpRegs__I)
                  00000ec0    00000374     grlib.lib : image.obj (.text:InternalImageDraw)
                  00001234    0000034c     ti.targets.arm.rtsarm.aem4f : System.oem4f (.text:xdc_runtime_System_doPrint__I)
                  00001580    000002f8     grlib.lib : image.obj (.text:PixelTransparentDraw)
                  00001878    000002b0     Clock.obj (.text:timeConvert)
                  00001b28    000002a4     sysbios.aem4f : BIOS.obj (.text:ti_sysbios_knl_Semaphore_pend__E)
                  00001dcc    00000278     frame.obj (.text:FrameDraw)
                  00002044    00000270     rtsv7M4_T_le_v4SPD16_eabi.lib : _printfi.c.obj (.text:_pconv_a)
                  000022b4    00000004     driverlib.lib : i2c.obj (.text:I2CMasterControl)
                  000022b8    0000026c     sysbios.aem4f : BIOS.obj (.text:ti_sysbios_heaps_HeapMem_free__E)
                  00002524    00000268     touch.obj (.text:TouchScreenDebouncer)
                  0000278c    00000254     grlib.lib : string.obj (.text:GrFontGlyphRender)
                  000029e0    00000250     sysbios.aem4f : BIOS.obj (.text:ti_sysbios_heaps_HeapMem_alloc__E)
                  00002c30    00000234                   : BIOS.obj (.text:ti_sysbios_knl_Task_Instance_finalize__E)
                  00002e64    00000004     driverlib.lib : i2c.obj (.text:I2CMasterDataGet)
                  00002e68    0000021c     sysbios.aem4f : BIOS.obj (.text:ti_sysbios_family_arm_lm4_Timer_Instance_init__E)
                  00003084    0000020c     drivers_tivaware.aem4f : UARTTiva.oem4f (.text:UARTTiva_open)
                  00003290    00000204     Boot.aem4f : Boot_sysctl.oem4f (.text:ti_catalog_arm_cortexm4_tiva_ce_Boot_sysCtlClockFreqSetI__I)
                  00003494    00000004     driverlib.lib : i2c.obj (.text:I2CMasterDataPut)
                  00003498    000001f4     sysbios.aem4f : BIOS.obj (.text:ti_sysbios_family_arm_m3_Hwi_excHandlerMax__I)
                  0000368c    000001e4     Kentec320x240x16_ssd2119_spi.obj (.text:Kentec320x240x16_SSD2119Init)
                  00003870    000001dc     Kentec320x240x16_ssd2119_spi.obj (.text:Kentec320x240x16_SSD2119PixelDrawMultiple)
                  00003a4c    000001d0     rtsv7M4_T_le_v4SPD16_eabi.lib : _printfi.c.obj (.text:_pconv_g)
                  00003c1c    00000004     driverlib.lib : uart.obj (.text:UARTIntClear)
                  00003c20    000001c8     sysbios.aem4f : BIOS.obj (.text:ti_sysbios_knl_Task_sleep__E)
                  00003de8    000001c0                   : BIOS.obj (.text:ti_sysbios_knl_Task_Instance_init__E)
                  00003fa8    000001b6     rtsv7M4_T_le_v4SPD16_eabi.lib : fd_add_t2.asm.obj (.text)
                  0000415e    00000002                                   : div0.asm.obj (.text)
                  00004160    000001a4     pinout.obj (.text:PinoutSet)
                  00004304    00000190     grlib.lib : canvas.obj (.text:CanvasPaint)
                  00004494    0000017e               : pushbutton.obj (.text:RectangularButtonPaint)
                  00004612    00000002     empty_pem4f.oem4f (.text:ti_sysbios_BIOS_nullFunc__I)
                  00004614    00000178     touch.obj (.text:TouchScreenIntHandler)
                  0000478c    00000004     grlib.lib : widget.obj (.text:WidgetDefaultMsgProc)
                  00004790    00000174     sysbios.aem4f : BIOS.obj (.text:ti_sysbios_family_arm_m3_Hwi_excBusFault__I)
                  00004904    00000004     rtsv7M4_T_le_v4SPD16_eabi.lib : exit.c.obj (.text:abort:abort)
                  00004908    00000164     sysbios.aem4f : BIOS.obj (.text:ti_sysbios_family_arm_m3_Hwi_excUsageFault__I)
                  00004a6c    00000150     drivers_tivaware.aem4f : GPIOTiva.oem4f (.text:GPIO_setConfig)
                  00004bbc    00000004     empty_pem4f.oem4f (.text:ti_sysbios_BIOS_RtsGateProxy_enter__E)
                  00004bc0    00000148     sysbios.aem4f : BIOS.obj (.text:ti_sysbios_family_arm_m3_Hwi_excMemFault__I)
                  00004d08    00000144     empty.obj (.text:main)
                  00004e4c    0000013c     rtsv7M4_T_le_v4SPD16_eabi.lib : _printfi.c.obj (.text:_pconv_e)
                  00004f88    0000013c     sysbios.aem4f : BIOS.obj (.text:ti_sysbios_heaps_HeapMem_Instance_init__E)
                  000050c4    00000136     rtsv7M4_T_le_v4SPD16_eabi.lib : fd_div_t2.asm.obj (.text)
                  000051fa    00000130     driverlib.lib : gpio.obj (.text:GPIOPadConfigSet)
                  0000532a    00000002     empty_pem4f.oem4f (.text:xdc_runtime_Startup_reset__I)
                  0000532c    00000124     rtsv7M4_T_le_v4SPD16_eabi.lib : _printfi.c.obj (.text:fcvt)
                  00005450    00000118     ti.targets.arm.rtsarm.aem4f : Error.oem4f (.text:xdc_runtime_Error_policyDefault__E)
                  00005568    00000110     rtsv7M4_T_le_v4SPD16_eabi.lib : s_scalbn.c.obj (.text:scalbn)
                  00005678    0000010c     Kentec320x240x16_ssd2119_spi.obj (.text:Kentec320x240x16_SSD2119RectFill)
                  00005784    0000010c     touch.obj (.text:TouchScreenInit)
                  00005890    00000108     sysbios.aem4f : BIOS.obj (.text:ti_sysbios_family_arm_lm4_Timer_start__E)
                  00005998    00000108                   : BIOS.obj (.text:ti_sysbios_knl_Clock_Instance_init__E)
                  00005aa0    00000100     ti.targets.arm.rtsarm.aem4f : Core-mem.oem4f (.text:xdc_runtime_Core_createObject__I)
                  00005ba0    000000fc     rtsv7M4_T_le_v4SPD16_eabi.lib : fd_mul_t2.asm.obj (.text)
                  00005c9c    000000f8                                   : s_floor.c.obj (.text:floor)
                  00005d94    000000f8     ti.targets.arm.rtsarm.aem4f : Startup.oem4f (.text:xdc_runtime_Startup_startMods__I)
                  00005e8c    000000f8     empty_pem4f.oem4f (.text:xdc_runtime_System_printfExtend__I)
                  00005f84    000000f4     sysbios.aem4f : m3_Hwi_asm.obj (.text:ti_sysbios_family_arm_m3_Hwi_dispatch__I)
                  00006078    000000f2     grlib.lib : pushbutton.obj (.text:RectangularButtonClick)
                  0000616a    00000006     driverlib.lib : gpio.obj (.text:GPIOIntClear)
                  00006170    000000ec     sysbios.aem4f : BIOS.obj (.text:ti_sysbios_knl_Semaphore_post__E)
                  0000625c    000000e8     grlib.lib : widget.obj (.text:WidgetMessageQueueAdd)
                  00006344    000000e0     drivers_tivaware.aem4f : I2CTiva.oem4f (.text:I2CTiva_open)
                  00006424    000000d6                            : I2CTiva.oem4f (.text:I2CTiva_hwiFxn)
                  000064fa    00000002     --HOLE-- [fill = 0]
                  000064fc    000000cc     ti.targets.arm.rtsarm.aem4f : Core-smem.oem4f (.text:xdc_runtime_Core_constructObject__I)
                  000065c8    000000c0     grlib.lib : string.obj (.text:GrDefaultStringRenderer)
                  00006688    000000bc     sysbios.aem4f : BIOS.obj (.text:ti_sysbios_family_arm_m3_Hwi_excDebugMon__I)
                  00006744    00000004     empty_pem4f.oem4f (.text:ti_sysbios_BIOS_RtsGateProxy_leave__E)
                  00006748    000000bc     sysbios.aem4f : BIOS.obj (.text:ti_sysbios_family_arm_m3_Hwi_excHardFault__I)
                  00006804    000000b8     EK_TM4C1294XL.obj (.text:EK_TM4C1294XL_initGeneral)
                  000068bc    000000b8     Kentec320x240x16_ssd2119_spi.obj (.text:InitSPILCDInterface)
                  00006974    00000004     sysbios.aem4f : BIOS.obj (.text:ti_sysbios_family_arm_lm4_Timer_masterEnable__I)
                  00006978    000000b4                   : BIOS.obj (.text:ti_sysbios_gates_GateMutex_enter__E)
                  00006a2c    00000004     empty_pem4f.oem4f (.text:ti_sysbios_family_arm_m3_Hwi_delete)
                  00006a30    000000b4     sysbios.aem4f : BIOS.obj (.text:ti_sysbios_knl_Task_checkStacks__E)
                  00006ae4    000000b1     rtsv7M4_T_le_v4SPD16_eabi.lib : _printfi.c.obj (.text:_ltostr)
                  00006b95    00000001     --HOLE-- [fill = 0]
                  00006b96    000000ac     drivers_tivaware.aem4f : UARTTiva.oem4f (.text:readTaskBlocking)
                  00006c42    00000006     driverlib.lib : gpio.obj (.text:GPIOPinWrite)
                  00006c48    000000ac     sysbios.aem4f : BIOS.obj (.text:ti_sysbios_family_arm_lm4_Timer_enableTiva__I)
                  00006cf4    00000004     empty_pem4f.oem4f (.text:ti_sysbios_family_arm_m3_Hwi_destruct)
                  00006cf8    000000a4     sysbios.aem4f : BIOS.obj (.text:ti_sysbios_knl_Clock_Instance_finalize__E)
                  00006d9c    000000a0     auto_init.aem4f : auto_init.oem4f (.text)
                  00006e3c    000000a0     empty.obj (.text:heartBeatFxn)
                  00006edc    000000a0     ti.targets.arm.rtsarm.aem4f : Text.oem4f (.text:xdc_runtime_Text_putMod__E)
                  00006f7c    0000009c     rtsv7M4_T_le_v4SPD16_eabi.lib : memcpy_t2.asm.obj (.text)
                  00007018    0000009c     sysbios.aem4f : BIOS.obj (.text:ti_sysbios_knl_Semaphore_Instance_init__E)
                  000070b4    0000009a     ti.targets.arm.rtsarm.aem4f : Text.oem4f (.text:xdc_runtime_Text_putSite__E)
                  0000714e    00000098     drivers_tivaware.aem4f : UARTTiva.oem4f (.text:UARTTiva_readPolling)
                  000071e6    00000002     --HOLE-- [fill = 0]
                  000071e8    00000098     Boot.aem4f : Boot.oem4f (.text:ti_catalog_arm_cortexm4_tiva_ce_Boot_sysCtlClockFreqSet__E)
                  00007280    00000096     rtsv7M4_T_le_v4SPD16_eabi.lib : ull_div_t2.asm.obj (.text)
                  00007316    00000094     drivers_tivaware.aem4f : UARTTiva.oem4f (.text:UARTTiva_write)
                  000073aa    00000006     grlib.lib : string.obj (.text:GrContextFontSet)
                  000073b0    00000094     sysbios.aem4f : BIOS.obj (.text:ti_sysbios_family_arm_m3_Hwi_Instance_init__E)
                  00007444    00000004     empty_pem4f.oem4f (.text:ti_sysbios_family_arm_m3_TaskSupport_Module__startupDone__S)
                  00007448    00000094     sysbios.aem4f : BIOS.obj (.text:ti_sysbios_family_arm_m3_Hwi_initNVIC__E)
                  000074dc    00000004     empty_pem4f.oem4f (.text:ti_sysbios_hal_Timer_TimerProxy_delete)
                  000074e0    00000094     sysbios.aem4f : BIOS.obj (.text:ti_sysbios_knl_Task_postInit__I)
                  00007574    0000008c     drivers_tivaware.aem4f : GPIOTiva.oem4f (.text:GPIO_init)
                  00007600    0000008c                            : UARTTiva.oem4f (.text:UARTTiva_control)
                  0000768c    0000008c     sysbios.aem4f : m3_TaskSupport_asm.obj (.text:ti_sysbios_family_arm_m3_TaskSupport_buildTaskStack)
                  00007718    0000008c                   : BIOS.obj (.text:ti_sysbios_hal_SecondsClock_Module_startup__E)
                  000077a4    0000008a     drivers_tivaware.aem4f : UARTTiva.oem4f (.text:readIsrTextBlocking)
                  0000782e    00000086     grlib.lib : rectangle.obj (.text:GrRectFill)
                  000078b4    00000086     rtsv7M4_T_le_v4SPD16_eabi.lib : fd_cmp_t2.asm.obj (.text:__aeabi_cdcmple)
                  0000793a    00000086                                   : fd_cmp_t2.asm.obj (.text:__aeabi_cdrcmple)
                  000079c0    00000084     empty.obj (.text:StartStopBttnPress)
                  00007a44    00000004     empty_pem4f.oem4f (.text:ti_sysbios_heaps_HeapMem_Module_GateProxy_enter__E)
                  00007a48    00000084     sysbios.aem4f : BIOS.obj (.text:ti_sysbios_family_arm_m3_Hwi_postInit__I)
                  00007acc    00000082     drivers_tivaware.aem4f : UARTTiva.oem4f (.text:readIsrTextCallback)
                  00007b4e    0000007e                            : I2CTiva.oem4f (.text:I2CTiva_transfer)
                  00007bcc    00000004     empty_pem4f.oem4f (.text:ti_sysbios_heaps_HeapMem_Module_GateProxy_leave__E)
                  00007bd0    0000007c     sysbios.aem4f : BIOS.obj (.text:ti_sysbios_family_arm_lm4_Timer_disableTiva__I)
                  00007c4c    0000007a     driverlib.lib : adc.obj (.text:ADCSequenceStepConfigure)
                  00007cc6    0000007a     drivers_tivaware.aem4f : UARTTiva.oem4f (.text:readTaskCallback)
                  00007d40    0000007a     rtsv7M4_T_le_v4SPD16_eabi.lib : memset_t2.asm.obj (.text)
                  00007dba    00000006     driverlib.lib : i2c.obj (.text:I2CMasterIntDisable)
                  00007dc0    00000074     sysbios.aem4f : BIOS.obj (.text:ti_sysbios_knl_Clock_start__E)
                  00007e34    00000004     empty_pem4f.oem4f (.text:ti_sysbios_knl_Clock_TimerProxy_getFreq__E)
                  00007e38    00000070     sysbios.aem4f : BIOS.obj (.text:ti_sysbios_knl_Clock_workFunc__E)
                  00007ea8    00000070                   : BIOS.obj (.text:ti_sysbios_knl_Task_exit__E)
                  00007f18    0000006e     rtsv7M4_T_le_v4SPD16_eabi.lib : _printfi.c.obj (.text:_mcpy)
                  00007f86    00000002     --HOLE-- [fill = 0]
                  00007f88    0000006d     ti.targets.arm.rtsarm.aem4f : System.oem4f (.text:xdc_runtime_System_formatNum__I)
                  00007ff5    00000003     --HOLE-- [fill = 0]
                  00007ff8    0000006c     empty_pem4f.oem4f (.text:ti_sysbios_family_arm_lm4_Timer_Object__create__S)
                  00008064    00000004     empty_pem4f.oem4f (.text:ti_sysbios_knl_Clock_TimerProxy_getMaxTicks__E)
                  00008068    0000006c     sysbios.aem4f : BIOS.obj (.text:ti_sysbios_knl_Swi_restoreHwi__E)
                  000080d4    0000006c     drivers_tivaware.aem4f : UARTTiva.oem4f (.text:writeData)
                  00008140    0000006c     ti.targets.arm.rtsarm.aem4f : Error.oem4f (.text:xdc_runtime_Error_print__E)
                  000081ac    0000006c                                 : Memory.oem4f (.text:xdc_runtime_Memory_alloc__E)
                  00008218    00000068     EK_TM4C1294XL.obj (.text:EK_TM4C1294XL_initI2C)
                  00008280    00000068     grlib.lib : context.obj (.text:GrContextInit)
                  000082e8    00000068               : string.obj (.text:GrStringWidthGet)
                  00008350    00000068     driverlib.lib : interrupt.obj (.text:IntEnable)
                  000083b8    00000068     Kentec320x240x16_ssd2119_spi.obj (.text:Kentec320x240x16_SSD2119LineDrawH)
                  00008420    00000068     Kentec320x240x16_ssd2119_spi.obj (.text:Kentec320x240x16_SSD2119LineDrawV)
                  00008488    00000068     rtsv7M4_T_le_v4SPD16_eabi.lib : copy_decompress_lzss.c.obj (.text:decompress:lzss:__TI_decompress_lzss)
                  000084f0    00000066     grlib.lib : context.obj (.text:GrContextClipRegionSet)
                  00008556    00000066               : rectangle.obj (.text:GrRectDraw)
                  000085bc    00000066     ti.targets.arm.rtsarm.aem4f : Core-mem.oem4f (.text:xdc_runtime_Core_deleteObject__I)
                  00008622    00000002     --HOLE-- [fill = 0]
                  00008624    00000064     drivers_tivaware.aem4f : GPIOTiva.oem4f (.text:GPIO_hwiIntFxn)
                  00008688    00000064     rtsv7M4_T_le_v4SPD16_eabi.lib : s_frexp.c.obj (.text:frexp)
                  000086ec    00000004     empty_pem4f.oem4f (.text:ti_sysbios_knl_Clock_TimerProxy_getPeriod__E)
                  000086f0    00000064     sysbios.aem4f : BIOS.obj (.text:ti_sysbios_family_arm_lm4_Timer_Module_startup__E)
                  00008754    00000064     empty_pem4f.oem4f (.text:ti_sysbios_family_arm_m3_Hwi_create)
                  000087b8    00000064     sysbios.aem4f : BIOS.obj (.text:ti_sysbios_family_arm_m3_Hwi_dispatchC__I)
                  0000881c    00000064     empty_pem4f.oem4f (.text:ti_sysbios_hal_Timer_create)
                  00008880    00000064     Clock.obj (.text:timer1sec)
                  000088e4    00000062     drivers_tivaware.aem4f : I2CTiva.oem4f (.text:I2CTiva_primeTransfer)
                  00008946    00000002     --HOLE-- [fill = 0]
                  00008948    00000060     driverlib.lib : timer.obj (.text:TimerConfigure)
                  000089a8    00000060     Kentec320x240x16_ssd2119_spi.obj (.text:WriteDataSPI)
                  00008a08    00000060     sysbios.aem4f : BIOS.obj (.text:ti_sysbios_knl_Task_schedule__I)
                  00008a68    0000005e     drivers_tivaware.aem4f : UARTTiva.oem4f (.text:readIsrBinaryBlocking)
                  00008ac6    00000002     --HOLE-- [fill = 0]
                  00008ac8    0000005c     Kentec320x240x16_ssd2119_spi.obj (.text:WriteCommandSPI)
                  00008b24    00000004     empty_pem4f.oem4f (.text:ti_sysbios_knl_Clock_destruct)
                  00008b28    0000005c     sysbios.aem4f : BIOS.obj (.text:ti_sysbios_knl_Swi_run__I)
                  00008b84    00000004     empty_pem4f.oem4f (.text:ti_sysbios_knl_Queue_destruct)
                  00008b88    0000005c     sysbios.aem4f : BIOS.obj (.text:ti_sysbios_knl_Swi_schedule__I)
                  00008be4    00000004     empty_pem4f.oem4f (.text:ti_sysbios_knl_Semaphore_destruct)
                  00008be8    0000005c     sysbios.aem4f : BIOS.obj (.text:ti_sysbios_knl_Task_Module_startup__E)
                  00008c44    00000004     ti.targets.arm.rtsarm.aem4f : Error.oem4f (.text:xdc_runtime_Error_getSite__E)
                  00008c48    0000005c     sysbios.aem4f : BIOS.obj (.text:ti_sysbios_knl_Task_startCore__E)
                  00008ca4    0000005b     ti.targets.arm.rtsarm.aem4f : Text.oem4f (.text:xdc_runtime_Text_putLab__E)
                  00008cff    00000001     --HOLE-- [fill = 0]
                  00008d00    0000005a     grlib.lib : string.obj (.text:FontWideGlyphDataGet)
                  00008d5a    00000002     --HOLE-- [fill = 0]
                  00008d5c    00000058     boot.aem4f : boot.oem4f (.text)
                  00008db4    00000058     rtsv7M4_T_le_v4SPD16_eabi.lib : hostwrite.c.obj (.text:HOSTwrite)
                  00008e0c    00000058     driverlib.lib : timer.obj (.text:TimerControlTrigger)
                  00008e64    00000004     empty_pem4f.oem4f (.text:xdc_runtime_System_Module_GateProxy_enter__E)
                  00008e68    00000058     sysbios.aem4f : BIOS.obj (.text:ti_sysbios_family_arm_lm4_Timer_Instance_finalize__E)
                  00008ec0    00000058     empty_pem4f.oem4f (.text:ti_sysbios_family_arm_m3_Hwi_construct)
                  00008f18    00000058     sysbios.aem4f : m3_Hwi_asm_switch.obj (.text:ti_sysbios_family_arm_m3_Hwi_initStacks__E)
                  00008f70    00000056     driverlib.lib : gpio.obj (.text:GPIOIntTypeSet)
                  00008fc6    00000056     rtsv7M4_T_le_v4SPD16_eabi.lib : _printfi.c.obj (.text:_pconv_f)
                  0000901c    00000054                                   : _ltoa.c.obj (.text:__TI_ltoa)
                  00009070    00000054     drivers_tivaware.aem4f : UARTTiva.oem4f (.text:readIsrBinaryCallback)
                  000090c4    00000004     empty_pem4f.oem4f (.text:xdc_runtime_System_Module_GateProxy_leave__E)
                  000090c8    00000054     sysbios.aem4f : BIOS.obj (.text:ti_sysbios_family_arm_lm4_Timer_initDevice__I)
                  0000911c    00000054     empty_pem4f.oem4f (.text:ti_sysbios_knl_Task_construct)
                  00009170    00000054     ti.targets.arm.rtsarm.aem4f : Assert.oem4f (.text:xdc_runtime_Assert_raise__I)
                  000091c4    00000052     rtsv7M4_T_le_v4SPD16_eabi.lib : _printfi.c.obj (.text:_ecpy)
                  00009216    00000002     --HOLE-- [fill = 0]
                  00009218    00000050     drivers_tivaware.aem4f : GPIOTiva.oem4f (.text:GPIO_setCallback)
                  00009268    00000050                            : GPIOTiva.oem4f (.text:GPIO_write)
                  000092b8    00000050                            : UARTTiva.oem4f (.text:UARTTiva_writeCancel)
                  00009308    00000050     Boot.aem4f : Boot_sysctl.oem4f (.text:_SysCtlFrequencyGet)
                  00009358    00000050     sysbios.aem4f : BIOS.obj (.text:ti_sysbios_family_arm_m3_Hwi_Module_startup__E)
                  000093a8    00000050     ti.targets.arm.rtsarm.aem4f : Startup.oem4f (.text:xdc_runtime_Startup_exec__E)
                  000093f8    00000050                                 : Text.oem4f (.text:xdc_runtime_Text_visitRope2__I)
                  00009448    0000004c     drivers_tivaware.aem4f : UARTTiva.oem4f (.text:UARTTiva_close)
                  00009494    0000004c     rtsv7M4_T_le_v4SPD16_eabi.lib : atoi.c.obj (.text:atoi)
                  000094e0    0000004c                                   : cpy_tbl.c.obj (.text:copy_in)
                  0000952c    00000004     ti.targets.arm.rtsarm.aem4f : System.oem4f (.text:xdc_runtime_System_aprintf_va__F)
                  00009530    0000004c     sysbios.aem4f : BIOS.obj (.text:ti_sysbios_heaps_HeapMem_getStats__E)
                  0000957c    00000004     ti.targets.arm.rtsarm.aem4f : System.oem4f (.text:xdc_runtime_System_printf_va__F)
                  00009580    0000004c     sysbios.aem4f : BIOS.obj (.text:ti_sysbios_knl_Swi_runLoop__I)
                  000095cc    00000004     --HOLE-- [fill = 0]
                  000095d0    0000004c                   : BIOS.obj (.text:ti_sysbios_knl_Task_allBlockedFunction__I)
                  0000961c    0000004a     grlib.lib : string.obj (.text:UpdateContextCharMapping)
                  00009666    00000002     --HOLE-- [fill = 0]
                  00009668    00000048     driverlib.lib : gpio.obj (.text:GPIOPinConfigure)
                  000096b0    00000048                   : i2c.obj (.text:I2CMasterInitExpClk)
                  000096f8    00000048     rtsv7M4_T_le_v4SPD16_eabi.lib : fd_toi_t2.asm.obj (.text)
                  00009740    00000048     sysbios.aem4f : BIOS.obj (.text:ti_sysbios_family_arm_lm4_Timer_enableTimers__I)
                  00009788    00000048                   : BIOS.obj (.text:ti_sysbios_family_arm_m3_Hwi_disableInterrupt__E)
                  000097d0    00000048                   : BIOS.obj (.text:ti_sysbios_family_arm_m3_Hwi_enableInterrupt__E)
                  00009818    00000048                   : BIOS.obj (.text:ti_sysbios_family_arm_m3_Hwi_excReserved__I)
                  00009860    00000048                   : BIOS.obj (.text:ti_sysbios_hal_SecondsClock_increment__I)
                  000098a8    00000046     grlib.lib : line.obj (.text:GrLineDrawH)
                  000098ee    00000046               : line.obj (.text:GrLineDrawV)
                  00009934    00000046     Kentec320x240x16_ssd2119_spi.obj (.text:Kentec320x240x16_SSD2119PixelDraw)
                  0000997a    00000046     drivers_tivaware.aem4f : RingBuf.oem4f (.text:RingBuf_put)
                  000099c0    00000046     UARTLocal.obj (.text:initUART)
                  00009a06    00000046     ti.targets.arm.rtsarm.aem4f : Core-params.oem4f (.text:xdc_runtime_Core_assignParams__I)
                  00009a4c    00000004     --HOLE-- [fill = 0]
                  00009a50    00000044     sysbios.aem4f : BIOS.obj (.text:ti_sysbios_family_arm_lm4_Timer_isrStub__E)
                  00009a94    00000004     --HOLE-- [fill = 0]
                  00009a98    00000044                   : BIOS.obj (.text:ti_sysbios_family_arm_m3_Hwi_getStackInfo__E)
                  00009adc    00000004     --HOLE-- [fill = 0]
                  00009ae0    00000044                   : BIOS.obj (.text:ti_sysbios_knl_Swi_post__E)
                  00009b24    00000044     ti.targets.arm.rtsarm.aem4f : Error.oem4f (.text:xdc_runtime_Error_setX__E)
                  00009b68    00000044                                 : SysMin.oem4f (.text:xdc_runtime_SysMin_flush__E)
                  00009bac    00000044                                 : Text.oem4f (.text:xdc_runtime_Text_xprintf__I)
                  00009bf0    00000042     driverlib.lib : uart.obj (.text:UARTConfigSetExpClk)
                  00009c32    00000042     drivers_tivaware.aem4f : UARTTiva.oem4f (.text:UARTTiva_hwiIntFxn)
                  00009c74    00000042                            : UARTTiva.oem4f (.text:UARTTiva_writePolling)
                  00009cb6    00000040                            : RingBuf.oem4f (.text:RingBuf_get)
                  00009cf6    00000040                            : UARTTiva.oem4f (.text:UARTTiva_read)
                  00009d36    00000040     rtsv7M4_T_le_v4SPD16_eabi.lib : u_divt2.asm.obj (.text)
                  00009d76    00000002     --HOLE-- [fill = 0]
                  00009d78    00000040                                   : sprintf.c.obj (.text:sprintf)
                  00009db8    00000040     sysbios.aem4f : BIOS.obj (.text:ti_sysbios_family_arm_lm4_Timer_startup__E)
                  00009df8    00000040                   : BIOS.obj (.text:ti_sysbios_hal_SecondsClock_getTime__E)
                  00009e38    0000003e     driverlib.lib : adc.obj (.text:ADCSequenceConfigure)
                  00009e76    0000003e     rtsv7M4_T_le_v4SPD16_eabi.lib : _printfi.c.obj (.text:_fcpy)
                  00009eb4    0000003c     driverlib.lib : ssi.obj (.text:SSIConfigSetExpClk)
                  00009ef0    0000003c     sysbios.aem4f : BIOS.obj (.text:ti_sysbios_family_arm_m3_Hwi_excSvCall__I)
                  00009f2c    00000004     --HOLE-- [fill = 0]
                  00009f30    0000003c                   : BIOS.obj (.text:ti_sysbios_heaps_HeapMem_init__I)
                  00009f6c    00000004     --HOLE-- [fill = 0]
                  00009f70    0000003c                   : BIOS.obj (.text:ti_sysbios_knl_Swi_restore__E)
                  00009fac    0000003a     grlib.lib : string.obj (.text:FontGlyphDataGet)
                  00009fe6    0000003a     drivers_tivaware.aem4f : I2CTiva.oem4f (.text:I2CTiva_completeTransfer)
                  0000a020    00000038                            : I2C.oem4f (.text:I2C_init)
                  0000a058    00000038                            : UART.oem4f (.text:UART_init)
                  0000a090    00000038     rtsv7M4_T_le_v4SPD16_eabi.lib : trgmsg.c.obj (.text:__TI_writemsg)
                  0000a0c8    00000038     sysbios.aem4f : BIOS.obj (.text:ti_sysbios_family_arm_m3_Hwi_excNoIsr__I)
                  0000a100    00000038                   : BIOS.obj (.text:ti_sysbios_knl_Task_processVitalTaskFlag__I)
                  0000a138    00000038     ti.targets.arm.rtsarm.aem4f : SysMin.oem4f (.text:xdc_runtime_SysMin_putch__E)
                  0000a170    00000038                                 : System.oem4f (.text:xdc_runtime_System_atexit__E)
                  0000a1a8    00000036     drivers_tivaware.aem4f : I2CTiva.oem4f (.text:I2CTiva_close)
                  0000a1de    00000036                            : UARTTiva.oem4f (.text:UARTTiva_readCancel)
                  0000a214    00000034     driverlib.lib : sysctl.obj (.text:SysCtlPeripheralEnable)
                  0000a248    00000034     rtsv7M4_T_le_v4SPD16_eabi.lib : trgmsg.c.obj (.text:__TI_readmsg)
                  0000a27c    00000004     --HOLE-- [fill = 0]
                  0000a280    00000034     sysbios.aem4f : BIOS.obj (.text:ti_sysbios_family_arm_lm4_Timer_setPeriodMicroSecs__E)
                  0000a2b4    00000004     --HOLE-- [fill = 0]
                  0000a2b8    00000034                   : BIOS.obj (.text:ti_sysbios_family_arm_m3_Hwi_Instance_finalize__E)
                  0000a2ec    00000004     --HOLE-- [fill = 0]
                  0000a2f0    00000034                   : BIOS.obj (.text:ti_sysbios_family_arm_m3_Hwi_excNmi__I)
                  0000a324    00000004     --HOLE-- [fill = 0]
                  0000a328    00000034                   : BIOS.obj (.text:ti_sysbios_hal_Hwi_checkStack)
                  0000a35c    00000034     empty_pem4f.oem4f (.text:ti_sysbios_knl_Clock_construct)
                  0000a390    00000034     ti.targets.arm.rtsarm.aem4f : Core-label.oem4f (.text:xdc_runtime_Core_assignLabel__I)
                  0000a3c4    00000033                                 : Text.oem4f (.text:xdc_runtime_Text_printVisFxn__I)
                  0000a3f7    00000001     --HOLE-- [fill = 0]
                  0000a3f8    00000032     sysbios.aem4f : BIOS.obj (.text:ti_sysbios_hal_Hwi_initStack)
                  0000a42a    00000002     --HOLE-- [fill = 0]
                  0000a42c    00000030     drivers_tivaware.aem4f : UART.oem4f (.text:UART_open)
                  0000a45c    00000030     empty_pem4f.oem4f (.text:ti_sysbios_BIOS_atExitFunc__I)
                  0000a48c    00000004     --HOLE-- [fill = 0]
                  0000a490    00000030     sysbios.aem4f : BIOS.obj (.text:ti_sysbios_family_arm_lm4_Timer_stop__E)
                  0000a4c0    00000030                   : BIOS.obj (.text:ti_sysbios_family_arm_m3_TaskSupport_start__E)
                  0000a4f0    00000030     empty_pem4f.oem4f (.text:ti_sysbios_gates_GateHwi_Object__create__S)
                  0000a520    00000030     empty_pem4f.oem4f (.text:ti_sysbios_gates_GateMutex_Object__create__S)
                  0000a550    00000030     empty_pem4f.oem4f (.text:ti_sysbios_heaps_HeapMem_Object__create__S)
                  0000a580    00000030     empty_pem4f.oem4f (.text:ti_sysbios_knl_Semaphore_construct)
                  0000a5b0    00000030     sysbios.aem4f : BIOS.obj (.text:ti_sysbios_knl_Semaphore_pendTimeout__I)
                  0000a5e0    00000030                   : BIOS.obj (.text:ti_sysbios_knl_Task_unblockI__E)
                  0000a610    00000030     ti.targets.arm.rtsarm.aem4f : SysMin.oem4f (.text:xdc_runtime_SysMin_abort__E)
                  0000a640    00000030                                 : System.oem4f (.text:xdc_runtime_System_processAtExit__E)
                  0000a670    0000002e     grlib.lib : string.obj (.text:GrStringNextCharGet)
                  0000a69e    0000002e     rtsv7M4_T_le_v4SPD16_eabi.lib : i_tofd_t2.asm.obj (.text)
                  0000a6cc    0000002c     EK_TM4C1294XL.obj (.text:EK_TM4C1294XL_initUART)
                  0000a6f8    0000002c     grlib.lib : string.obj (.text:GrFontBaselineGet)
                  0000a724    0000002c               : string.obj (.text:GrFontHeightGet)
                  0000a750    0000002c               : pushbutton.obj (.text:RectangularButtonMsgProc)
                  0000a77c    0000002c     empty_pem4f.oem4f (.text:ti_sysbios_knl_Clock_doTick__I)
                  0000a7a8    0000002c     empty_pem4f.oem4f (.text:ti_sysbios_knl_Queue_construct)
                  0000a7d4    00000004     --HOLE-- [fill = 0]
                  0000a7d8    0000002c     sysbios.aem4f : BIOS.obj (.text:ti_sysbios_knl_Task_restore__E)
                  0000a804    0000002c     ti.targets.arm.rtsarm.aem4f : Text.oem4f (.text:xdc_runtime_Text_cordText__E)
                  0000a830    0000002a     driverlib.lib : gpio.obj (.text:GPIODirModeSet)
                  0000a85a    0000002a     ti.targets.arm.rtsarm.aem4f : System.oem4f (.text:xdc_runtime_System_putchar__I)
                  0000a884    00000028     Kentec320x240x16_ssd2119_spi.obj (.text:Kentec320x240x16_SSD2119ColorTranslate)
                  0000a8ac    00000004     --HOLE-- [fill = 0]
                  0000a8b0    00000028     sysbios.aem4f : BIOS.obj (.text:ti_sysbios_hal_Timer_Instance_init__E)
                  0000a8d8    00000028                   : BIOS.obj (.text:ti_sysbios_knl_Clock_addI__E)
                  0000a900    00000028                   : BIOS.obj (.text:ti_sysbios_knl_Swi_Module_startup__E)
                  0000a928    00000026     grlib.lib : string.obj (.text:GrFontInfoGet)
                  0000a94e    00000026     sysbios.aem4f : m3_Hwi_asm.obj (.text:ti_sysbios_family_arm_m3_Hwi_pendSV__I)
                  0000a974    00000026     ti.targets.arm.rtsarm.aem4f : System.oem4f (.text:xdc_runtime_System_avprintf__E)
                  0000a99a    00000002     --HOLE-- [fill = 0]
                  0000a99c    00000024     empty_pem4f.oem4f (.text:ti_sysbios_BIOS_errorRaiseHook__I)
                  0000a9c0    00000024     empty_pem4f.oem4f (.text:ti_sysbios_BIOS_registerRTSLock__I)
                  0000a9e4    00000024     empty_pem4f.oem4f (.text:ti_sysbios_BIOS_removeRTSLock__I)
                  0000aa08    00000024     empty_pem4f.oem4f (.text:ti_sysbios_BIOS_startFunc__I)
                  0000aa2c    00000024     empty_pem4f.oem4f (.text:ti_sysbios_gates_GateMutex_Object__delete__S)
                  0000aa50    00000024     sysbios.aem4f : BIOS.obj (.text:ti_sysbios_knl_Clock_Module_startup__E)
                  0000aa74    00000004     --HOLE-- [fill = 0]
                  0000aa78    00000024                   : BIOS.obj (.text:ti_sysbios_knl_Task_restoreHwi__E)
                  0000aa9c    00000024     ti.targets.arm.rtsarm.aem4f : System.oem4f (.text:xdc_runtime_System_vprintf__E)
                  0000aac0    00000022     grlib.lib : string.obj (.text:GrFontGlyphDataGet)
                  0000aae2    00000006     driverlib.lib : i2c.obj (.text:I2CMasterIntEnable)
                  0000aae8    00000022     sysbios.aem4f : BIOS.obj (.text:ti_sysbios_family_arm_lm4_Timer_write__I)
                  0000ab0a    00000022     empty_pem4f.oem4f (.text:xdc_runtime_SysMin_output__I)
                  0000ab2c    00000020     Boot.aem4f : Boot_sysctl.oem4f (.text:_SysCtlMemTimingGet)
                  0000ab4c    00000020     rtsv7M4_T_le_v4SPD16_eabi.lib : u_tofd_t2.asm.obj (.text)
                  0000ab6c    00000020     empty_pem4f.oem4f (.text:ti_sysbios_BIOS_rtsLock__I)
                  0000ab8c    00000020     empty_pem4f.oem4f (.text:ti_sysbios_family_arm_lm4_Timer_Object__delete__S)
                  0000abac    00000004     --HOLE-- [fill = 0]
                  0000abb0    00000020     sysbios.aem4f : BIOS.obj (.text:ti_sysbios_family_arm_lm4_Timer_getFreq__E)
                  0000abd0    00000020     empty_pem4f.oem4f (.text:ti_sysbios_family_arm_m3_Hwi_Object__delete__S)
                  0000abf0    00000020     sysbios.aem4f : m3_Hwi_asm.obj (.text:ti_sysbios_family_arm_m3_Hwi_excHandlerAsm__I)
                  0000ac10    00000020                   : BIOS.obj (.text:ti_sysbios_family_arm_m3_Hwi_excHandler__I)
                  0000ac30    00000020     empty_pem4f.oem4f (.text:ti_sysbios_gates_GateHwi_Object__delete__S)
                  0000ac50    00000020     empty_pem4f.oem4f (.text:ti_sysbios_heaps_HeapMem_Object__delete__S)
                  0000ac70    00000020     empty_pem4f.oem4f (.text:ti_sysbios_knl_Clock_Object__destruct__S)
                  0000ac90    00000020     sysbios.aem4f : BIOS.obj (.text:ti_sysbios_knl_Idle_run__E)
                  0000acb0    00000020     empty_pem4f.oem4f (.text:ti_sysbios_knl_Semaphore_Object__destruct__S)
                  0000acd0    00000020     ti.targets.arm.rtsarm.aem4f : Registry.oem4f (.text:xdc_runtime_Registry_findById__E)
                  0000acf0    00000020                                 : SysMin.oem4f (.text:xdc_runtime_SysMin_Module_startup__E)
                  0000ad10    0000001e     grlib.lib : string.obj (.text:GrFontCodepageGet)
                  0000ad2e    0000001e               : widget.obj (.text:WidgetAdd)
                  0000ad4c    0000001e     sysbios.aem4f : m3_Hwi_asm_switch.obj (.text:ti_sysbios_family_xxx_Hwi_switchAndRunFunc)
                  0000ad6a    0000001e     Clock.obj (.text:updatetime)
                  0000ad88    0000001c     driverlib.lib : uart.obj (.text:UARTDisable)
                  0000ada4    0000001c     grlib.lib : widget.obj (.text:WidgetPointerMessage)
                  0000adc0    0000001c     drivers_tivaware.aem4f : GPIOTiva.oem4f (.text:getGpioIntIndex)
                  0000addc    0000001c     rtsv7M4_T_le_v4SPD16_eabi.lib : memccpy.c.obj (.text:memccpy)
                  0000adf8    0000001c     empty_pem4f.oem4f (.text:ti_sysbios_family_arm_m3_Hwi_Object__destruct__S)
                  0000ae14    00000004     --HOLE-- [fill = 0]
                  0000ae18    0000001c     sysbios.aem4f : BIOS.obj (.text:ti_sysbios_gates_GateMutex_Instance_init__E)
                  0000ae34    0000001c     empty_pem4f.oem4f (.text:ti_sysbios_hal_Timer_TimerProxy_create)
                  0000ae50    0000001c     empty_pem4f.oem4f (.text:ti_sysbios_knl_Queue_Object__destruct__S)
                  0000ae6c    00000004     --HOLE-- [fill = 0]
                  0000ae70    0000001c     sysbios.aem4f : BIOS.obj (.text:ti_sysbios_knl_Queue_put__E)
                  0000ae8c    00000004     --HOLE-- [fill = 0]
                  0000ae90    0000001c                   : BIOS.obj (.text:ti_sysbios_knl_Task_enter__I)
                  0000aeac    0000001c     ti.targets.arm.rtsarm.aem4f : Error.oem4f (.text:xdc_runtime_Error_raiseX__E)
                  0000aec8    0000001c                                 : Memory.oem4f (.text:xdc_runtime_Memory_valloc__E)
                  0000aee4    0000001c                                 : SysMin.oem4f (.text:xdc_runtime_SysMin_exit__E)
                  0000af00    0000001c                                 : System.oem4f (.text:xdc_runtime_System_abort__E)
                  0000af1c    0000001a     rtsv7M4_T_le_v4SPD16_eabi.lib : s_copysign.c.obj (.text:copysign)
                  0000af36    0000001a     empty_pem4f.oem4f (.text:ti_sysbios_family_arm_m3_Hwi_Handle__label__S)
                  0000af50    0000001a     empty_pem4f.oem4f (.text:ti_sysbios_gates_GateHwi_Handle__label__S)
                  0000af6a    0000001a     empty_pem4f.oem4f (.text:ti_sysbios_gates_GateMutex_Handle__label__S)
                  0000af84    0000001a     empty_pem4f.oem4f (.text:ti_sysbios_heaps_HeapMem_Handle__label__S)
                  0000af9e    0000001a     empty_pem4f.oem4f (.text:ti_sysbios_knl_Swi_Handle__label__S)
                  0000afb8    0000001a     empty_pem4f.oem4f (.text:ti_sysbios_knl_Task_Handle__label__S)
                  0000afd2    0000001a     empty_pem4f.oem4f (.text:xdc_runtime_System_aprintf__E)
                  0000afec    0000001a     empty_pem4f.oem4f (.text:xdc_runtime_System_printf__E)
                  0000b006    00000018     driverlib.lib : gpio.obj (.text:GPIOPinTypeGPIOOutput)
                  0000b01e    00000002     --HOLE-- [fill = 0]
                  0000b020    00000018     drivers_tivaware.aem4f : UART.oem4f (.text:UART_Params_init)
                  0000b038    00000018     rtsv7M4_T_le_v4SPD16_eabi.lib : args_main.c.obj (.text:_args_main)
                  0000b050    00000018                                   : sprintf.c.obj (.text:_outs)
                  0000b068    00000018     empty_pem4f.oem4f (.text:ti_sysbios_BIOS_rtsUnlock__I)
                  0000b080    00000018     empty_pem4f.oem4f (.text:ti_sysbios_family_arm_lm4_Timer_Module__startupDone__F)
                  0000b098    00000018     empty_pem4f.oem4f (.text:ti_sysbios_family_arm_m3_Hwi_Module__startupDone__F)
                  0000b0b0    00000018     sysbios.aem4f : m3_TaskSupport_asm.obj (.text:ti_sysbios_family_arm_m3_TaskSupport_swap__E)
                  0000b0c8    00000018                   : BIOS.obj (.text:ti_sysbios_gates_GateMutex_leave__E)
                  0000b0e0    00000018     empty_pem4f.oem4f (.text:ti_sysbios_knl_Clock_Module__startupDone__F)
                  0000b0f8    00000018     sysbios.aem4f : BIOS.obj (.text:ti_sysbios_knl_Task_sleepTimeout__I)
                  0000b110    00000018     ti.targets.arm.rtsarm.aem4f : Error.oem4f (.text:xdc_runtime_Error_check__E)
                  0000b128    00000018                                 : System.oem4f (.text:xdc_runtime_System_exit__E)
                  0000b140    00000018                                 : Text.oem4f (.text:xdc_runtime_Text_ropeText__E)
                  0000b158    00000016     grlib.lib : string.obj (.text:GrStringDraw)
                  0000b16e    00000016     driverlib.lib : i2c.obj (.text:I2CMasterErr)
                  0000b184    00000016     rtsv7M4_T_le_v4SPD16_eabi.lib : strchr.c.obj (.text:strchr)
                  0000b19a    00000016     empty_pem4f.oem4f (.text:ti_sysbios_BIOS_exitFunc__I)
                  0000b1b0    00000016     Clock.obj (.text:ti_sysbios_hal_Timer_Params_init)
                  0000b1c6    00000016     empty.obj (.text:ti_sysbios_knl_Task_Params_init)
                  0000b1dc    00000014     grlib.lib : canvas.obj (.text:CanvasMsgProc)
                  0000b1f0    00000014     Kentec320x240x16_ssd2119_spi.obj (.text:LED_OFF)
                  0000b204    00000014     Kentec320x240x16_ssd2119_spi.obj (.text:LED_ON)
                  0000b218    00000014     touch.obj (.text:TouchScreenCallbackSet)
                  0000b22c    00000014     driverlib.lib : uart.obj (.text:UARTEnable)
                  0000b240    00000014     grlib.lib : widget.obj (.text:WidgetMutexGet)
                  0000b254    00000014     rtsv7M4_T_le_v4SPD16_eabi.lib : strlen.c.obj (.text:strlen)
                  0000b268    00000014     empty_pem4f.oem4f (.text:ti_sysbios_family_arm_m3_Hwi_Object__get__S)
                  0000b27c    00000004     --HOLE-- [fill = 0]
                  0000b280    00000014     sysbios.aem4f : BIOS.obj (.text:ti_sysbios_family_arm_m3_Hwi_switchFromBootStack__E)
                  0000b294    00000014     empty_pem4f.oem4f (.text:ti_sysbios_heaps_HeapMem_Object__get__S)
                  0000b2a8    00000014     empty_pem4f.oem4f (.text:ti_sysbios_knl_Swi_Object__get__S)
                  0000b2bc    00000012     driverlib.lib : gpio.obj (.text:GPIOPinTypeEthernetLED)
                  0000b2ce    00000012                   : gpio.obj (.text:GPIOPinTypeGPIOInput)
                  0000b2e0    00000012                   : gpio.obj (.text:GPIOPinTypeI2C)
                  0000b2f2    00000012                   : gpio.obj (.text:GPIOPinTypeI2CSCL)
                  0000b304    00000012                   : gpio.obj (.text:GPIOPinTypeSSI)
                  0000b316    00000012                   : gpio.obj (.text:GPIOPinTypeUART)
                  0000b328    00000012                   : gpio.obj (.text:GPIOPinTypeUSBAnalog)
                  0000b33a    00000012                   : gpio.obj (.text:GPIOPinTypeUSBDigital)
                  0000b34c    00000012     drivers_tivaware.aem4f : RingBuf.oem4f (.text:RingBuf_construct)
                  0000b35e    00000012     driverlib.lib : ssi.obj (.text:SSIDataGetNonBlocking)
                  0000b370    00000012                   : timer.obj (.text:TimerLoadSet)
                  0000b382    00000006     drivers_tivaware.aem4f : I2CTiva.oem4f (.text:I2CTiva_control)
                  0000b388    00000012     sysbios.aem4f : BIOS.obj (.text:ti_sysbios_hal_Hwi_Module_startup__E)
                  0000b39a    00000006     driverlib.lib : sysctl.obj (.text:SysCtlDelay)
                  0000b3a0    00000012     sysbios.aem4f : BIOS.obj (.text:ti_sysbios_hal_Timer_Module_startup__E)
                  0000b3b2    00000012     rtsv7M4_T_le_v4SPD16_eabi.lib : wcslen.c.obj (.text:wcslen)
                  0000b3c4    00000012     empty_pem4f.oem4f (.text:xdc_runtime_Startup_exec__I)
                  0000b3d6    00000002     --HOLE-- [fill = 0]
                  0000b3d8    00000010     empty_pem4f.oem4f (.text:.bootCodeSection:ti_catalog_arm_cortexm4_tiva_ce_Boot_init__I)
                  0000b3e8    00000010     driverlib.lib : adc.obj (.text:ADCIntEnable)
                  0000b3f8    00000010     drivers_tivaware.aem4f : UARTTiva.oem4f (.text:readBlockingTimeout)
                  0000b408    00000010     sysbios.aem4f : BIOS.obj (.text:ti_sysbios_BIOS_getCpuFreq__E)
                  0000b418    00000010                   : BIOS.obj (.text:ti_sysbios_BIOS_setThreadType__E)
                  0000b428    00000010                   : BIOS.obj (.text:ti_sysbios_BIOS_start__E)
                  0000b438    00000010                   : BIOS.obj (.text:ti_sysbios_family_arm_lm4_TimestampProvider_rolloverFunc__E)
                  0000b448    00000010                   : m3_TaskSupport_asm.obj (.text:ti_sysbios_family_arm_m3_TaskSupport_glue)
                  0000b458    00000010                   : BIOS.obj (.text:ti_sysbios_gates_GateMutex_Instance_finalize__E)
                  0000b468    00000010     empty_pem4f.oem4f (.text:ti_sysbios_hal_Timer_TimerProxy_Object__create__S)
                  0000b478    00000010     sysbios.aem4f : BIOS.obj (.text:ti_sysbios_knl_Semaphore_Instance_finalize__E)
                  0000b488    00000010                   : BIOS.obj (.text:ti_sysbios_knl_Swi_disable__E)
                  0000b498    00000010     empty_pem4f.oem4f (.text:ti_sysbios_knl_Task_Object__get__S)
                  0000b4a8    00000010     sysbios.aem4f : BIOS.obj (.text:ti_sysbios_knl_Task_disable__E)
                  0000b4b8    00000010     ti.targets.arm.rtsarm.aem4f : Gate.oem4f (.text:xdc_runtime_Gate_leaveSystem__E)
                  0000b4c8    00000010                                 : Memory.oem4f (.text:xdc_runtime_Memory_free__E)
                  0000b4d8    00000010                                 : SysMin.oem4f (.text:xdc_runtime_SysMin_ready__E)
                  0000b4e8    00000010                                 : System.oem4f (.text:xdc_runtime_System_vsnprintf__E)
                  0000b4f8    00000010     empty_pem4f.oem4f (.text:xdc_runtime_Text_visitRope__I)
                  0000b508    0000000e     driverlib.lib : adc.obj (.text:ADCSequenceEnable)
                  0000b516    0000000e                   : gpio.obj (.text:GPIOIntStatus)
                  0000b524    0000000e     grlib.lib : image.obj (.text:GrImageDraw)
                  0000b532    0000000e     driverlib.lib : timer.obj (.text:TimerEnable)
                  0000b540    0000000e                   : uart.obj (.text:UARTCharGetNonBlocking)
                  0000b54e    0000000e                   : uart.obj (.text:UARTCharPutNonBlocking)
                  0000b55c    0000000e     rtsv7M4_T_le_v4SPD16_eabi.lib : copy_decompress_none.c.obj (.text:decompress:none:__TI_decompress_none)
                  0000b56a    00000006     driverlib.lib : uart.obj (.text:UARTFIFOLevelSet)
                  0000b570    0000000e     sysbios.aem4f : BIOS.obj (.text:ti_sysbios_knl_Idle_loop__E)
                  0000b57e    00000002     --HOLE-- [fill = 0]
                  0000b580    0000000e                   : BIOS.obj (.text:ti_sysbios_knl_Queue_empty__E)
                  0000b58e    0000000c     drivers_tivaware.aem4f : RingBuf.oem4f (.text:RingBuf_peek)
                  0000b59a    0000000c     driverlib.lib : uart.obj (.text:UARTFlowControlSet)
                  0000b5a6    0000000c     drivers_tivaware.aem4f : UARTTiva.oem4f (.text:UARTTiva_init)
                  0000b5b2    00000002     --HOLE-- [fill = 0]
                  0000b5b4    0000000c     rtsv7M4_T_le_v4SPD16_eabi.lib : _lock.c.obj (.text:_register_lock)
                  0000b5c0    0000000c                                   : _lock.c.obj (.text:_register_unlock)
                  0000b5cc    0000000c                                   : copy_zero_init.c.obj (.text:decompress:ZI:__TI_zero_init)
                  0000b5d8    0000000c     sysbios.aem4f : BIOS.obj (.text:ti_sysbios_family_arm_lm4_Timer_getMaxTicks__E)
                  0000b5e4    00000004     --HOLE-- [fill = 0]
                  0000b5e8    0000000c                   : BIOS.obj (.text:ti_sysbios_family_arm_lm4_TimestampProvider_startTimer__E)
                  0000b5f4    0000000c     empty_pem4f.oem4f (.text:ti_sysbios_family_arm_m3_Hwi_Params__init__S)
                  0000b600    0000000c     sysbios.aem4f : BIOS.obj (.text:ti_sysbios_family_arm_m3_Hwi_disableFxn__E)
                  0000b60c    00000004     --HOLE-- [fill = 0]
                  0000b610    0000000c                   : BIOS.obj (.text:ti_sysbios_family_arm_m3_TaskSupport_checkStack__E)
                  0000b61c    00000004     --HOLE-- [fill = 0]
                  0000b620    0000000c                   : BIOS.obj (.text:ti_sysbios_family_arm_m3_TaskSupport_getStackAlignment__E)
                  0000b62c    00000004     --HOLE-- [fill = 0]
                  0000b630    0000000c                   : BIOS.obj (.text:ti_sysbios_gates_GateHwi_enter__E)
                  0000b63c    00000004     --HOLE-- [fill = 0]
                  0000b640    0000000c                   : BIOS.obj (.text:ti_sysbios_hal_SecondsClock_set__E)
                  0000b64c    0000000c     empty_pem4f.oem4f (.text:ti_sysbios_hal_Timer_Params__init__S)
                  0000b658    0000000c     empty_pem4f.oem4f (.text:ti_sysbios_knl_Clock_Params__init__S)
                  0000b664    0000000c     empty_pem4f.oem4f (.text:ti_sysbios_knl_Queue_Object__get__S)
                  0000b670    0000000c     empty_pem4f.oem4f (.text:ti_sysbios_knl_Semaphore_Params__init__S)
                  0000b67c    0000000c     empty_pem4f.oem4f (.text:ti_sysbios_knl_Task_Params__init__S)
                  0000b688    0000000c     ti.targets.arm.rtsarm.aem4f : Error.oem4f (.text:xdc_runtime_Error_init__E)
                  0000b694    0000000c                                 : Gate.oem4f (.text:xdc_runtime_Gate_enterSystem__E)
                  0000b6a0    0000000c                                 : Memory.oem4f (.text:xdc_runtime_Memory_calloc__E)
                  0000b6ac    0000000c                                 : Memory.oem4f (.text:xdc_runtime_Memory_getMaxDefaultTypeAlign__E)
                  0000b6b8    0000000a     driverlib.lib : i2c.obj (.text:I2CMasterDisable)
                  0000b6c2    0000000a                   : i2c.obj (.text:I2CMasterEnable)
                  0000b6cc    0000000a     drivers_tivaware.aem4f : I2CTiva.oem4f (.text:I2CTiva_init)
                  0000b6d6    0000000a     Kentec320x240x16_ssd2119_spi.obj (.text:Kentec320x240x16_SSD2119Flush)
                  0000b6e0    0000000a     driverlib.lib : ssi.obj (.text:SSIDataPut)
                  0000b6ea    0000000a                   : ssi.obj (.text:SSIEnable)
                  0000b6f4    0000000a                   : uart.obj (.text:UARTCharGet)
                  0000b6fe    0000000a                   : uart.obj (.text:UARTCharPut)
                  0000b708    0000000a                   : uart.obj (.text:UARTIntDisable)
                  0000b712    0000000a                   : uart.obj (.text:UARTIntStatus)
                  0000b71c    0000000a     drivers_tivaware.aem4f : UART.oem4f (.text:UART_write)
                  0000b726    0000000a     rtsv7M4_T_le_v4SPD16_eabi.lib : sprintf.c.obj (.text:_outc)
                  0000b730    0000000a     sysbios.aem4f : BIOS.obj (.text:ti_sysbios_hal_Timer_Instance_finalize__E)
                  0000b73a    0000000a     empty_pem4f.oem4f (.text:xdc_runtime_IHeap_alloc)
                  0000b744    0000000a     empty_pem4f.oem4f (.text:xdc_runtime_IHeap_free)
                  0000b74e    00000008     EK_TM4C1294XL.obj (.text:EK_TM4C1294XL_initGPIO)
                  0000b756    00000008     grlib.lib : charmap.obj (.text:GrMapISO8859_1_Unicode)
                  0000b75e    00000008     driverlib.lib : i2c.obj (.text:I2CMasterIntClear)
                  0000b766    00000008                   : i2c.obj (.text:I2CMasterSlaveAddrSet)
                  0000b76e    00000008     drivers_tivaware.aem4f : I2CTiva.oem4f (.text:I2CTiva_blockingCallback)
                  0000b776    00000008     driverlib.lib : ssi.obj (.text:SSIBusy)
                  0000b77e    00000008                   : uart.obj (.text:UARTIntEnable)
                  0000b786    00000008                   : uart.obj (.text:UARTRxErrorGet)
                  0000b78e    00000002     --HOLE-- [fill = 0]
                  0000b790    00000008     rtsv7M4_T_le_v4SPD16_eabi.lib : errno.c.obj (.text:__aeabi_errno_addr)
                  0000b798    00000008     drivers_tivaware.aem4f : UARTTiva.oem4f (.text:readSemCallback)
                  0000b7a0    00000008     sysbios.aem4f : BIOS.obj (.text:ti_sysbios_family_arm_lm4_Timer_masterDisable__I)
                  0000b7a8    00000008                   : BIOS.obj (.text:ti_sysbios_family_arm_m3_Hwi_doSwiRestore__I)
                  0000b7b0    00000008                   : BIOS.obj (.text:ti_sysbios_family_arm_m3_Hwi_startup__E)
                  0000b7b8    00000008     drivers_tivaware.aem4f : UARTTiva.oem4f (.text:writeSemCallback)
                  0000b7c0    00000006     driverlib.lib : uart.obj (.text:UARTRxErrorClear)
                  0000b7c6    00000006     grlib.lib : widget.obj (.text:WidgetMutexPut)
                  0000b7cc    00000004     --HOLE-- [fill = 0]
                  0000b7d0    00000006     sysbios.aem4f : BIOS.obj (.text:ti_sysbios_family_arm_lm4_TimestampProvider_Module_startup__E)
                  0000b7d6    00000002     --HOLE-- [fill = 0]
                  0000b7d8    00000006                   : BIOS.obj (.text:ti_sysbios_family_arm_m3_Hwi_doTaskRestore__I)
                  0000b7de    00000002     --HOLE-- [fill = 0]
                  0000b7e0    00000006                   : BIOS.obj (.text:ti_sysbios_family_arm_m3_Hwi_restoreFxn__E)
                  0000b7e6    00000002     --HOLE-- [fill = 0]
                  0000b7e8    00000006                   : BIOS.obj (.text:ti_sysbios_gates_GateHwi_leave__E)
                  0000b7ee    00000002     --HOLE-- [fill = 0]
                  0000b7f0    00000006                   : BIOS.obj (.text:ti_sysbios_heaps_HeapMem_isBlocking__E)
                  0000b7f6    00000002     --HOLE-- [fill = 0]
                  0000b7f8    00000006                   : BIOS.obj (.text:ti_sysbios_knl_Clock_stop__E)
                  0000b7fe    00000002     --HOLE-- [fill = 0]
                  0000b800    00000006                   : BIOS.obj (.text:ti_sysbios_knl_Queue_Instance_init__E)
                  0000b806    00000002     --HOLE-- [fill = 0]
                  0000b808    00000006                   : BIOS.obj (.text:ti_sysbios_knl_Swi_startup__E)
                  0000b80e    00000006     ti.targets.arm.rtsarm.aem4f : System.oem4f (.text:xdc_runtime_System_Module_startup__E)
                  0000b814    00000004     --HOLE-- [fill = 0]
                  0000b818    00000004     sysbios.aem4f : BIOS.obj (.text:ti_sysbios_family_arm_lm4_Timer_getPeriod__E)
                  0000b81c    00000004     --HOLE-- [fill = 0]
                  0000b820    00000004                   : BIOS.obj (.text:ti_sysbios_gates_GateHwi_query__E)
                  0000b824    00000004     --HOLE-- [fill = 0]
                  0000b828    00000004                   : BIOS.obj (.text:ti_sysbios_gates_GateMutex_query__E)
                  0000b82c    00000004     --HOLE-- [fill = 0]
                  0000b830    00000004                   : BIOS.obj (.text:ti_sysbios_knl_Task_startup__E)
                  0000b834    00000004     --HOLE-- [fill = 0]
                  0000b838    00000002                   : BIOS.obj (.text:ti_sysbios_gates_GateHwi_Instance_init__E)
                  0000b83a    00000006     --HOLE-- [fill = 0]
                  0000b840    00000002                   : BIOS.obj (.text:ti_sysbios_knl_Clock_logTick__E)

.const     0    0000b844    0000661e     
                  0000b844    00001a46     frame.obj (.const:.string:g_pui8Top)
                  0000d28a    000018ae     empty_pem4f.oem4f (.const:xdc_runtime_Text_charTab__A)
                  0000eb38    00000786     frame.obj (.const:.string:g_pui8Bottom)
                  0000f2be    00000782     grlib.lib : fontcmss18b.obj (.const:.string:g_pui8Cmss18bData)
                  0000fa40    000006ca               : fontcmss16b.obj (.const:.string:g_pui8Cmss16bData)
                  0001010a    00000546     frame.obj (.const:.string:g_pui8Left)
                  00010650    00000546     frame.obj (.const:.string:g_pui8Right)
                  00010b96    0000017c     frame.obj (.const:.string:g_pui8TopLeft)
                  00010d12    00000173     frame.obj (.const:.string:g_pui8TopRight)
                  00010e85    00000001     empty_pem4f.oem4f (.const:xdc_runtime_Error_policy__C)
                  00010e86    00000002     empty_pem4f.oem4f (.const:ti_catalog_arm_cortexm4_tiva_ce_Boot_Module__id__C)
                  00010e88    00000120     Boot.aem4f : Boot_sysctl.oem4f (.const:g_pppui32XTALtoVCO)
                  00010fa8    00000101     rtsv7M4_T_le_v4SPD16_eabi.lib : ctype.c.obj (.const:.string:_ctypes_)
                  000110a9    000000d0     frame.obj (.const:.string:g_pui8BottomLeft)
                  00011179    00000001     --HOLE-- [fill = 0]
                  0001117a    000000d0     empty_pem4f.oem4f (.const:xdc_runtime_Text_nodeTab__A)
                  0001124a    00000002     empty_pem4f.oem4f (.const:ti_sysbios_family_arm_lm4_Timer_Module__id__C)
                  0001124c    000000c8     grlib.lib : fontcmss16b.obj (.const:g_sFontCmss16b)
                  00011314    000000c8               : fontcmss18b.obj (.const:g_sFontCmss18b)
                  000113dc    000000c4     frame.obj (.const:.string:g_pui8BottomRight)
                  000114a0    00000090     driverlib.lib : gpio.obj (.const:g_pui32GPIOBaseAddrs)
                  00011530    00000070                   : interrupt.obj (.const)
                  000115a0    0000006c     Boot.aem4f : Boot_sysctl.oem4f (.const:g_pui32Xtals)
                  0001160c    00000054     drivers_tivaware.aem4f : GPIOTiva.oem4f (.const:.string)
                  00011660    0000004c                            : UARTTiva.oem4f (.const)
                  000116ac    00000048     empty_pem4f.oem4f (.const:.string)
                  000116f4    00000048     drivers_tivaware.aem4f : GPIOTiva.oem4f (.const:gpioBaseAddresses)
                  0001173c    0000003c     empty_pem4f.oem4f (.const:ti_sysbios_family_arm_lm4_Timer_Object__PARAMS__C)
                  00011778    0000003c     empty_pem4f.oem4f (.const:ti_sysbios_knl_Task_Object__PARAMS__C)
                  000117b4    00000030     Boot.aem4f : Boot_sysctl.oem4f (.const:g_sXTALtoMEMTIM)
                  000117e4    00000030     empty_pem4f.oem4f (.const:ti_sysbios_family_arm_m3_Hwi_Object__PARAMS__C)
                  00011814    00000030     empty_pem4f.oem4f (.const:ti_sysbios_hal_Timer_Object__PARAMS__C)
                  00011844    0000002c     empty_pem4f.oem4f (.const:xdc_runtime_Startup_sfxnTab__A)
                  00011870    00000028     drivers_tivaware.aem4f : UARTTiva.oem4f (.const:UARTTiva_fxnTable)
                  00011898    00000028     Kentec320x240x16_ssd2119_spi.obj (.const:g_sKentec320x240x16_SSD2119)
                  000118c0    00000028     empty_pem4f.oem4f (.const:ti_sysbios_heaps_HeapMem_Module__FXNS__C)
                  000118e8    00000024     EK_TM4C1294XL.obj (.const:I2C_config)
                  0001190c    00000024     drivers_tivaware.aem4f : UART.oem4f (.const:UART_defaultParams)
                  00011930    00000024     empty_pem4f.oem4f (.const:ti_sysbios_gates_GateHwi_Module__FXNS__C)
                  00011954    00000024     empty_pem4f.oem4f (.const:ti_sysbios_gates_GateMutex_Module__FXNS__C)
                  00011978    00000024     empty_pem4f.oem4f (.const:ti_sysbios_heaps_HeapMem_Object__PARAMS__C)
                  0001199c    00000024     empty_pem4f.oem4f (.const:ti_sysbios_knl_Clock_Object__PARAMS__C)
                  000119c0    00000024     empty_pem4f.oem4f (.const:ti_sysbios_knl_Semaphore_Object__PARAMS__C)
                  000119e4    00000020     empty_pem4f.oem4f (.const:ti_sysbios_family_arm_lm4_Timer_Object__DESC__C)
                  00011a04    00000020     empty_pem4f.oem4f (.const:ti_sysbios_family_arm_m3_Hwi_Object__DESC__C)
                  00011a24    00000020     empty_pem4f.oem4f (.const:ti_sysbios_gates_GateHwi_Object__DESC__C)
                  00011a44    00000020     empty_pem4f.oem4f (.const:ti_sysbios_gates_GateMutex_Object__DESC__C)
                  00011a64    00000020     empty_pem4f.oem4f (.const:ti_sysbios_hal_Timer_Object__DESC__C)
                  00011a84    00000020     empty_pem4f.oem4f (.const:ti_sysbios_heaps_HeapMem_Object__DESC__C)
                  00011aa4    00000020     empty_pem4f.oem4f (.const:ti_sysbios_knl_Clock_Object__DESC__C)
                  00011ac4    00000020     empty_pem4f.oem4f (.const:ti_sysbios_knl_Queue_Object__DESC__C)
                  00011ae4    00000020     empty_pem4f.oem4f (.const:ti_sysbios_knl_Semaphore_Object__DESC__C)
                  00011b04    00000020     empty_pem4f.oem4f (.const:ti_sysbios_knl_Task_Object__DESC__C)
                  00011b24    0000001c     drivers_tivaware.aem4f : I2CTiva.oem4f (.const)
                  00011b40    0000001c     touch.obj (.const:g_pi32TouchParameters)
                  00011b5c    00000018     EK_TM4C1294XL.obj (.const:UART_config)
                  00011b74    00000018     EK_TM4C1294XL.obj (.const:i2cTivaHWAttrs)
                  00011b8c    00000018     empty_pem4f.oem4f (.const:ti_sysbios_gates_GateHwi_Object__PARAMS__C)
                  00011ba4    00000018     empty_pem4f.oem4f (.const:ti_sysbios_gates_GateMutex_Object__PARAMS__C)
                  00011bbc    00000018     empty_pem4f.oem4f (.const:ti_sysbios_knl_Queue_Object__PARAMS__C)
                  00011bd4    00000018     EK_TM4C1294XL.obj (.const:uartTivaHWAttrs)
                  00011bec    00000016     empty_pem4f.oem4f (.const:xdc_runtime_Startup_sfxnRts__A)
                  00011c02    00000002     empty_pem4f.oem4f (.const:ti_sysbios_family_arm_lm4_Timer_supportsAltclk__C)
                  00011c04    00000014     EK_TM4C1294XL.obj (.const:GPIOTiva_config)
                  00011c18    00000014     empty_pem4f.oem4f (.const:xdc_runtime_Startup_firstFxns__A)
                  00011c2c    00000010     grlib.lib : context.obj (.const)
                  00011c3c    00000008     Boot.aem4f : Boot_sysctl.oem4f (.const)
                  00011c44    00000008     empty_pem4f.oem4f (.const:ti_sysbios_family_arm_m3_Hwi_excHookFuncs__A)
                  00011c4c    00000008     empty_pem4f.oem4f (.const:ti_sysbios_knl_Idle_funcList__C)
                  00011c54    00000008     empty_pem4f.oem4f (.const:xdc_runtime_Startup_firstFxns__C)
                  00011c5c    00000008     empty_pem4f.oem4f (.const:xdc_runtime_Startup_lastFxns__C)
                  00011c64    00000006     empty.obj (.const:.string)
                  00011c6a    00000002     empty_pem4f.oem4f (.const:ti_sysbios_family_arm_m3_Hwi_Module__id__C)
                  00011c6c    00000004     empty_pem4f.oem4f (.const:ti_catalog_arm_cortexm4_tiva_ce_Boot_A_mustNotUseEnhancedClockMode__C)
                  00011c70    00000004     empty_pem4f.oem4f (.const:ti_catalog_arm_cortexm4_tiva_ce_Boot_Module__diagsEnabled__C)
                  00011c74    00000004     empty_pem4f.oem4f (.const:ti_catalog_arm_cortexm4_tiva_ce_Boot_Module__diagsIncluded__C)
                  00011c78    00000004     empty_pem4f.oem4f (.const:ti_catalog_arm_cortexm4_tiva_ce_Boot_Module__diagsMask__C)
                  00011c7c    00000004     empty_pem4f.oem4f (.const:ti_sysbios_family_arm_lm4_Timer_E_cannotSupport__C)
                  00011c80    00000004     empty_pem4f.oem4f (.const:ti_sysbios_family_arm_lm4_Timer_E_invalidTimer__C)
                  00011c84    00000004     empty_pem4f.oem4f (.const:ti_sysbios_family_arm_lm4_Timer_E_noaltclk__C)
                  00011c88    00000004     empty_pem4f.oem4f (.const:ti_sysbios_family_arm_lm4_Timer_E_notAvailable__C)
                  00011c8c    00000004     empty_pem4f.oem4f (.const:ti_sysbios_family_arm_lm4_Timer_anyMask__C)
                  00011c90    00000004     empty_pem4f.oem4f (.const:ti_sysbios_family_arm_lm4_Timer_disableFunc__C)
                  00011c94    00000004     empty_pem4f.oem4f (.const:ti_sysbios_family_arm_lm4_Timer_enableFunc__C)
                  00011c98    00000004     empty_pem4f.oem4f (.const:ti_sysbios_family_arm_lm4_Timer_numTimerDevices__C)
                  00011c9c    00000004     empty_pem4f.oem4f (.const:ti_sysbios_family_arm_lm4_Timer_startupNeeded__C)
                  00011ca0    00000004     empty_pem4f.oem4f (.const:ti_sysbios_family_arm_m3_Hwi_E_NMI__C)
                  00011ca4    00000004     empty_pem4f.oem4f (.const:ti_sysbios_family_arm_m3_Hwi_E_alreadyDefined__C)
                  00011ca8    00000004     empty_pem4f.oem4f (.const:ti_sysbios_family_arm_m3_Hwi_E_busFault__C)
                  00011cac    00000004     empty_pem4f.oem4f (.const:ti_sysbios_family_arm_m3_Hwi_E_debugMon__C)
                  00011cb0    00000004     empty_pem4f.oem4f (.const:ti_sysbios_family_arm_m3_Hwi_E_hardFault__C)
                  00011cb4    00000004     empty_pem4f.oem4f (.const:ti_sysbios_family_arm_m3_Hwi_E_memFault__C)
                  00011cb8    00000004     empty_pem4f.oem4f (.const:ti_sysbios_family_arm_m3_Hwi_E_noIsr__C)
                  00011cbc    00000004     empty_pem4f.oem4f (.const:ti_sysbios_family_arm_m3_Hwi_E_reserved__C)
                  00011cc0    00000004     empty_pem4f.oem4f (.const:ti_sysbios_family_arm_m3_Hwi_E_svCall__C)
                  00011cc4    00000004     empty_pem4f.oem4f (.const:ti_sysbios_family_arm_m3_Hwi_E_usageFault__C)
                  00011cc8    00000004     empty_pem4f.oem4f (.const:ti_sysbios_family_arm_m3_Hwi_NUM_INTERRUPTS__C)
                  00011ccc    00000004     empty_pem4f.oem4f (.const:ti_sysbios_family_arm_m3_Hwi_Object__count__C)
                  00011cd0    00000004     empty_pem4f.oem4f (.const:ti_sysbios_family_arm_m3_Hwi_ccr__C)
                  00011cd4    00000004     empty_pem4f.oem4f (.const:ti_sysbios_family_arm_m3_Hwi_excHandlerFunc__C)
                  00011cd8    00000004     empty_pem4f.oem4f (.const:ti_sysbios_family_arm_m3_Hwi_excHookFuncs__C)
                  00011cdc    00000004     empty_pem4f.oem4f (.const:ti_sysbios_family_arm_m3_Hwi_nullIsrFunc__C)
                  00011ce0    00000004     empty_pem4f.oem4f (.const:ti_sysbios_family_arm_m3_Hwi_priGroup__C)
                  00011ce4    00000004     empty_pem4f.oem4f (.const:ti_sysbios_family_arm_m3_TaskSupport_stackAlignment__C)
                  00011ce8    00000004     empty_pem4f.oem4f (.const:ti_sysbios_gates_GateMutex_A_badContext__C)
                  00011cec    00000004     empty_pem4f.oem4f (.const:ti_sysbios_gates_GateMutex_Instance_State_sem__O)
                  00011cf0    00000004     empty_pem4f.oem4f (.const:ti_sysbios_gates_GateMutex_Module__diagsEnabled__C)
                  00011cf4    00000004     empty_pem4f.oem4f (.const:ti_sysbios_gates_GateMutex_Module__diagsIncluded__C)
                  00011cf8    00000004     empty_pem4f.oem4f (.const:ti_sysbios_gates_GateMutex_Module__diagsMask__C)
                  00011cfc    00000004     empty_pem4f.oem4f (.const:ti_sysbios_hal_Hwi_E_stackOverflow__C)
                  00011d00    00000004     empty_pem4f.oem4f (.const:ti_sysbios_hal_SecondsClock_Module_State_clock__O)
                  00011d04    00000004     empty_pem4f.oem4f (.const:ti_sysbios_heaps_HeapMem_A_align__C)
                  00011d08    00000004     empty_pem4f.oem4f (.const:ti_sysbios_heaps_HeapMem_A_heapSize__C)
                  00011d0c    00000004     empty_pem4f.oem4f (.const:ti_sysbios_heaps_HeapMem_A_invalidFree__C)
                  00011d10    00000004     empty_pem4f.oem4f (.const:ti_sysbios_heaps_HeapMem_A_zeroBlock__C)
                  00011d14    00000004     empty_pem4f.oem4f (.const:ti_sysbios_heaps_HeapMem_E_memory__C)
                  00011d18    00000004     empty_pem4f.oem4f (.const:ti_sysbios_heaps_HeapMem_Module__diagsEnabled__C)
                  00011d1c    00000004     empty_pem4f.oem4f (.const:ti_sysbios_heaps_HeapMem_Module__diagsIncluded__C)
                  00011d20    00000004     empty_pem4f.oem4f (.const:ti_sysbios_heaps_HeapMem_Module__diagsMask__C)
                  00011d24    00000004     empty_pem4f.oem4f (.const:ti_sysbios_heaps_HeapMem_Module__gateObj__C)
                  00011d28    00000004     empty_pem4f.oem4f (.const:ti_sysbios_heaps_HeapMem_Object__count__C)
                  00011d2c    00000004     empty_pem4f.oem4f (.const:ti_sysbios_heaps_HeapMem_reqAlign__C)
                  00011d30    00000004     empty_pem4f.oem4f (.const:ti_sysbios_knl_Clock_A_badThreadType__C)
                  00011d34    00000004     empty_pem4f.oem4f (.const:ti_sysbios_knl_Clock_Module_State_clockQ__O)
                  00011d38    00000004     empty_pem4f.oem4f (.const:ti_sysbios_knl_Clock_Module__diagsEnabled__C)
                  00011d3c    00000004     empty_pem4f.oem4f (.const:ti_sysbios_knl_Clock_Module__diagsIncluded__C)
                  00011d40    00000004     empty_pem4f.oem4f (.const:ti_sysbios_knl_Clock_Module__diagsMask__C)
                  00011d44    00000004     empty_pem4f.oem4f (.const:ti_sysbios_knl_Clock_tickPeriod__C)
                  00011d48    00000004     empty_pem4f.oem4f (.const:ti_sysbios_knl_Idle_funcList__A)
                  00011d4c    00000004     empty_pem4f.oem4f (.const:ti_sysbios_knl_Semaphore_A_badContext__C)
                  00011d50    00000004     empty_pem4f.oem4f (.const:ti_sysbios_knl_Semaphore_A_noEvents__C)
                  00011d54    00000004     empty_pem4f.oem4f (.const:ti_sysbios_knl_Semaphore_A_overflow__C)
                  00011d58    00000004     empty_pem4f.oem4f (.const:ti_sysbios_knl_Semaphore_A_pendTaskDisabled__C)
                  00011d5c    00000004     empty_pem4f.oem4f (.const:ti_sysbios_knl_Semaphore_Instance_State_pendQ__O)
                  00011d60    00000004     empty_pem4f.oem4f (.const:ti_sysbios_knl_Semaphore_Module__diagsEnabled__C)
                  00011d64    00000004     empty_pem4f.oem4f (.const:ti_sysbios_knl_Semaphore_Module__diagsIncluded__C)
                  00011d68    00000004     empty_pem4f.oem4f (.const:ti_sysbios_knl_Semaphore_Module__diagsMask__C)
                  00011d6c    00000004     empty_pem4f.oem4f (.const:ti_sysbios_knl_Swi_Object__count__C)
                  00011d70    00000004     empty_pem4f.oem4f (.const:ti_sysbios_knl_Task_A_badPriority__C)
                  00011d74    00000004     empty_pem4f.oem4f (.const:ti_sysbios_knl_Task_A_badTaskState__C)
                  00011d78    00000004     empty_pem4f.oem4f (.const:ti_sysbios_knl_Task_A_badThreadType__C)
                  00011d7c    00000004     empty_pem4f.oem4f (.const:ti_sysbios_knl_Task_A_badTimeout__C)
                  00011d80    00000004     empty_pem4f.oem4f (.const:ti_sysbios_knl_Task_A_noPendElem__C)
                  00011d84    00000004     empty_pem4f.oem4f (.const:ti_sysbios_knl_Task_A_sleepTaskDisabled__C)
                  00011d88    00000004     empty_pem4f.oem4f (.const:ti_sysbios_knl_Task_E_spOutOfBounds__C)
                  00011d8c    00000004     empty_pem4f.oem4f (.const:ti_sysbios_knl_Task_E_stackOverflow__C)
                  00011d90    00000004     empty_pem4f.oem4f (.const:ti_sysbios_knl_Task_Module_State_inactiveQ__O)
                  00011d94    00000004     empty_pem4f.oem4f (.const:ti_sysbios_knl_Task_Module__diagsEnabled__C)
                  00011d98    00000004     empty_pem4f.oem4f (.const:ti_sysbios_knl_Task_Module__diagsIncluded__C)
                  00011d9c    00000004     empty_pem4f.oem4f (.const:ti_sysbios_knl_Task_Module__diagsMask__C)
                  00011da0    00000004     empty_pem4f.oem4f (.const:ti_sysbios_knl_Task_Object__count__C)
                  00011da4    00000004     empty_pem4f.oem4f (.const:ti_sysbios_knl_Task_allBlockedFunc__C)
                  00011da8    00000004     empty_pem4f.oem4f (.const:ti_sysbios_knl_Task_defaultStackHeap__C)
                  00011dac    00000004     empty_pem4f.oem4f (.const:ti_sysbios_knl_Task_defaultStackSize__C)
                  00011db0    00000004     empty_pem4f.oem4f (.const:ti_sysbios_knl_Task_numConstructedTasks__C)
                  00011db4    00000004     empty_pem4f.oem4f (.const:xdc_runtime_Assert_E_assertFailed__C)
                  00011db8    00000004     empty_pem4f.oem4f (.const:xdc_runtime_Core_A_initializedParams__C)
                  00011dbc    00000004     empty_pem4f.oem4f (.const:xdc_runtime_Core_Module__diagsEnabled__C)
                  00011dc0    00000004     empty_pem4f.oem4f (.const:xdc_runtime_Core_Module__diagsIncluded__C)
                  00011dc4    00000004     empty_pem4f.oem4f (.const:xdc_runtime_Core_Module__diagsMask__C)
                  00011dc8    00000004     empty_pem4f.oem4f (.const:xdc_runtime_Error_E_memory__C)
                  00011dcc    00000004     empty_pem4f.oem4f (.const:xdc_runtime_Error_Module__diagsEnabled__C)
                  00011dd0    00000004     empty_pem4f.oem4f (.const:xdc_runtime_Error_Module__diagsIncluded__C)
                  00011dd4    00000004     empty_pem4f.oem4f (.const:xdc_runtime_Error_Module__diagsMask__C)
                  00011dd8    00000004     empty_pem4f.oem4f (.const:xdc_runtime_Error_Module__loggerFxn8__C)
                  00011ddc    00000004     empty_pem4f.oem4f (.const:xdc_runtime_Error_Module__loggerObj__C)
                  00011de0    00000004     empty_pem4f.oem4f (.const:xdc_runtime_Error_policyFxn__C)
                  00011de4    00000004     empty_pem4f.oem4f (.const:xdc_runtime_Error_raiseHook__C)
                  00011de8    00000004     empty_pem4f.oem4f (.const:xdc_runtime_IGateProvider_Interface__BASE__C)
                  00011dec    00000004     empty_pem4f.oem4f (.const:xdc_runtime_IHeap_Interface__BASE__C)
                  00011df0    00000004     empty_pem4f.oem4f (.const:xdc_runtime_IModule_Interface__BASE__C)
                  00011df4    00000004     empty_pem4f.oem4f (.const:xdc_runtime_Log_L_error__C)
                  00011df8    00000004     empty_pem4f.oem4f (.const:xdc_runtime_Memory_defaultHeapInstance__C)
                  00011dfc    00000004     empty_pem4f.oem4f (.const:xdc_runtime_Startup_execImpl__C)
                  00011e00    00000004     empty_pem4f.oem4f (.const:xdc_runtime_Startup_lastFxns__A)
                  00011e04    00000004     empty_pem4f.oem4f (.const:xdc_runtime_Startup_maxPasses__C)
                  00011e08    00000004     empty_pem4f.oem4f (.const:xdc_runtime_Startup_sfxnRts__C)
                  00011e0c    00000004     empty_pem4f.oem4f (.const:xdc_runtime_Startup_sfxnTab__C)
                  00011e10    00000004     empty_pem4f.oem4f (.const:xdc_runtime_SysMin_bufSize__C)
                  00011e14    00000004     empty_pem4f.oem4f (.const:xdc_runtime_SysMin_outputFunc__C)
                  00011e18    00000004     empty_pem4f.oem4f (.const:xdc_runtime_System_Module__gateObj__C)
                  00011e1c    00000004     empty_pem4f.oem4f (.const:xdc_runtime_System_abortFxn__C)
                  00011e20    00000004     empty_pem4f.oem4f (.const:xdc_runtime_System_exitFxn__C)
                  00011e24    00000004     empty_pem4f.oem4f (.const:xdc_runtime_System_extendFxn__C)
                  00011e28    00000004     empty_pem4f.oem4f (.const:xdc_runtime_System_maxAtexitHandlers__C)
                  00011e2c    00000004     empty_pem4f.oem4f (.const:xdc_runtime_Text_charTab__C)
                  00011e30    00000004     empty_pem4f.oem4f (.const:xdc_runtime_Text_nameEmpty__C)
                  00011e34    00000004     empty_pem4f.oem4f (.const:xdc_runtime_Text_nameStatic__C)
                  00011e38    00000004     empty_pem4f.oem4f (.const:xdc_runtime_Text_nameUnknown__C)
                  00011e3c    00000004     empty_pem4f.oem4f (.const:xdc_runtime_Text_nodeTab__C)
                  00011e40    00000004     empty_pem4f.oem4f (.const:xdc_runtime_Text_visitRopeFxn__C)
                  00011e44    00000002     empty_pem4f.oem4f (.const:ti_sysbios_gates_GateMutex_Module__id__C)
                  00011e46    00000002     empty_pem4f.oem4f (.const:ti_sysbios_hal_Hwi_Module__id__C)
                  00011e48    00000002     empty_pem4f.oem4f (.const:ti_sysbios_heaps_HeapMem_Module__id__C)
                  00011e4a    00000002     empty_pem4f.oem4f (.const:ti_sysbios_knl_Clock_Module__id__C)
                  00011e4c    00000002     empty_pem4f.oem4f (.const:ti_sysbios_knl_Semaphore_Module__id__C)
                  00011e4e    00000002     empty_pem4f.oem4f (.const:ti_sysbios_knl_Task_Module__id__C)
                  00011e50    00000002     empty_pem4f.oem4f (.const:xdc_runtime_Core_Module__id__C)
                  00011e52    00000002     empty_pem4f.oem4f (.const:xdc_runtime_Error_Module__loggerDefined__C)
                  00011e54    00000002     empty_pem4f.oem4f (.const:xdc_runtime_Error_maxDepth__C)
                  00011e56    00000002     empty_pem4f.oem4f (.const:xdc_runtime_Memory_Module__id__C)
                  00011e58    00000002     empty_pem4f.oem4f (.const:xdc_runtime_SysMin_flushAtExit__C)
                  00011e5a    00000002     empty_pem4f.oem4f (.const:xdc_runtime_Text_charCnt__C)
                  00011e5c    00000002     empty_pem4f.oem4f (.const:xdc_runtime_Text_isLoaded__C)
                  00011e5e    00000002     empty_pem4f.oem4f (.const:xdc_runtime_Text_registryModsLastId__C)
                  00011e60    00000002     empty_pem4f.oem4f (.const:xdc_runtime_Text_unnamedModsLastId__C)

.cinit     0    00011e68    000002b8     
                  00011e68    0000027f     (.cinit..data.load) [load image, compression = lzss]
                  000120e7    00000001     --HOLE-- [fill = 0]
                  000120e8    0000000c     (__TI_handler_table)
                  000120f4    00000004     --HOLE-- [fill = 0]
                  000120f8    00000008     (.cinit..bss.load) [load image, compression = zero_init]
[...]
000119e4  ti_sysbios_family_arm_lm4_Timer_Object__DESC__C                      
00011a04  ti_sysbios_family_arm_m3_Hwi_Object__DESC__C                         
00011a24  ti_sysbios_gates_GateHwi_Object__DESC__C                             
00011a44  ti_sysbios_gates_GateMutex_Object__DESC__C                           
00011a64  ti_sysbios_hal_Timer_Object__DESC__C                                 
00011a84  ti_sysbios_heaps_HeapMem_Object__DESC__C                             
00011aa4  ti_sysbios_knl_Clock_Object__DESC__C                                 
00011ac4  ti_sysbios_knl_Queue_Object__DESC__C                                 
00011ae4  ti_sysbios_knl_Semaphore_Object__DESC__C                             
00011b04  ti_sysbios_knl_Task_Object__DESC__C                                  
00011b24  I2CTiva_fxnTable                                                     
00011b40  g_pi32TouchParameters                                                
00011b5c  UART_config                                                          
00011b74  i2cTivaHWAttrs                                                       
00011b8c  ti_sysbios_gates_GateHwi_Object__PARAMS__C                           
00011ba4  ti_sysbios_gates_GateMutex_Object__PARAMS__C                         
00011bbc  ti_sysbios_knl_Queue_Object__PARAMS__C                               
00011bd4  uartTivaHWAttrs                                                      
00011bec  xdc_runtime_Startup_sfxnRts__A                                       
00011c02  ti_sysbios_family_arm_lm4_Timer_supportsAltclk__C                    
00011c04  GPIOTiva_config                                                      
00011c18  xdc_runtime_Startup_firstFxns__A                                     
00011c2c  g_psDefaultCodePointMapTable                                         
00011c44  ti_sysbios_family_arm_m3_Hwi_excHookFuncs__A                         
00011c4c  ti_sysbios_knl_Idle_funcList__C                                      
00011c54  xdc_runtime_Startup_firstFxns__C                                     
00011c5c  xdc_runtime_Startup_lastFxns__C                                      
00011c6a  ti_sysbios_family_arm_m3_Hwi_Module__id__C                           
00011c6c  ti_catalog_arm_cortexm4_tiva_ce_Boot_A_mustNotUseEnhancedClockMode__C
00011c70  ti_catalog_arm_cortexm4_tiva_ce_Boot_Module__diagsEnabled__C         
00011c74  ti_catalog_arm_cortexm4_tiva_ce_Boot_Module__diagsIncluded__C        
00011c78  ti_catalog_arm_cortexm4_tiva_ce_Boot_Module__diagsMask__C            
00011c7c  ti_sysbios_family_arm_lm4_Timer_E_cannotSupport__C                   
00011c80  ti_sysbios_family_arm_lm4_Timer_E_invalidTimer__C                    
00011c84  ti_sysbios_family_arm_lm4_Timer_E_noaltclk__C                        
00011c88  ti_sysbios_family_arm_lm4_Timer_E_notAvailable__C                    
00011c8c  ti_sysbios_family_arm_lm4_Timer_anyMask__C                           
00011c90  ti_sysbios_family_arm_lm4_Timer_disableFunc__C                       
00011c94  ti_sysbios_family_arm_lm4_Timer_enableFunc__C                        
00011c98  ti_sysbios_family_arm_lm4_Timer_numTimerDevices__C                   
00011c9c  ti_sysbios_family_arm_lm4_Timer_startupNeeded__C                     
00011ca0  ti_sysbios_family_arm_m3_Hwi_E_NMI__C                                
00011ca4  ti_sysbios_family_arm_m3_Hwi_E_alreadyDefined__C                     
00011ca8  ti_sysbios_family_arm_m3_Hwi_E_busFault__C                           
00011cac  ti_sysbios_family_arm_m3_Hwi_E_debugMon__C                           
00011cb0  ti_sysbios_family_arm_m3_Hwi_E_hardFault__C                          
00011cb4  ti_sysbios_family_arm_m3_Hwi_E_memFault__C                           
00011cb8  ti_sysbios_family_arm_m3_Hwi_E_noIsr__C                              
00011cbc  ti_sysbios_family_arm_m3_Hwi_E_reserved__C                           
00011cc0  ti_sysbios_family_arm_m3_Hwi_E_svCall__C                             
00011cc4  ti_sysbios_family_arm_m3_Hwi_E_usageFault__C                         
00011cc8  ti_sysbios_family_arm_m3_Hwi_NUM_INTERRUPTS__C                       
00011ccc  ti_sysbios_family_arm_m3_Hwi_Object__count__C                        
00011cd0  ti_sysbios_family_arm_m3_Hwi_ccr__C                                  
00011cd4  ti_sysbios_family_arm_m3_Hwi_excHandlerFunc__C                       
00011cd8  ti_sysbios_family_arm_m3_Hwi_excHookFuncs__C                         
00011cdc  ti_sysbios_family_arm_m3_Hwi_nullIsrFunc__C                          
00011ce0  ti_sysbios_family_arm_m3_Hwi_priGroup__C                             
00011ce4  ti_sysbios_family_arm_m3_TaskSupport_stackAlignment__C               
00011ce8  ti_sysbios_gates_GateMutex_A_badContext__C                           
00011cec  ti_sysbios_gates_GateMutex_Instance_State_sem__O                     
00011cf0  ti_sysbios_gates_GateMutex_Module__diagsEnabled__C                   
00011cf4  ti_sysbios_gates_GateMutex_Module__diagsIncluded__C                  
00011cf8  ti_sysbios_gates_GateMutex_Module__diagsMask__C                      
00011cfc  ti_sysbios_hal_Hwi_E_stackOverflow__C                                
00011d00  ti_sysbios_hal_SecondsClock_Module_State_clock__O                    
00011d04  ti_sysbios_heaps_HeapMem_A_align__C                                  
00011d08  ti_sysbios_heaps_HeapMem_A_heapSize__C                               
00011d0c  ti_sysbios_heaps_HeapMem_A_invalidFree__C                            
00011d10  ti_sysbios_heaps_HeapMem_A_zeroBlock__C                              
00011d14  ti_sysbios_heaps_HeapMem_E_memory__C                                 
00011d18  ti_sysbios_heaps_HeapMem_Module__diagsEnabled__C                     
00011d1c  ti_sysbios_heaps_HeapMem_Module__diagsIncluded__C                    
00011d20  ti_sysbios_heaps_HeapMem_Module__diagsMask__C                        
00011d24  ti_sysbios_heaps_HeapMem_Module__gateObj__C                          
00011d28  ti_sysbios_heaps_HeapMem_Object__count__C                            
00011d2c  ti_sysbios_heaps_HeapMem_reqAlign__C                                 
00011d30  ti_sysbios_knl_Clock_A_badThreadType__C                              
00011d34  ti_sysbios_knl_Clock_Module_State_clockQ__O                          
00011d38  ti_sysbios_knl_Clock_Module__diagsEnabled__C                         
00011d3c  ti_sysbios_knl_Clock_Module__diagsIncluded__C                        
00011d40  ti_sysbios_knl_Clock_Module__diagsMask__C                            
00011d44  ti_sysbios_knl_Clock_tickPeriod__C                                   
00011d48  ti_sysbios_knl_Idle_funcList__A                                      
00011d4c  ti_sysbios_knl_Semaphore_A_badContext__C                             
00011d50  ti_sysbios_knl_Semaphore_A_noEvents__C                               
00011d54  ti_sysbios_knl_Semaphore_A_overflow__C                               
00011d58  ti_sysbios_knl_Semaphore_A_pendTaskDisabled__C                       
00011d5c  ti_sysbios_knl_Semaphore_Instance_State_pendQ__O                     
00011d60  ti_sysbios_knl_Semaphore_Module__diagsEnabled__C                     
00011d64  ti_sysbios_knl_Semaphore_Module__diagsIncluded__C                    
00011d68  ti_sysbios_knl_Semaphore_Module__diagsMask__C                        
00011d6c  ti_sysbios_knl_Swi_Object__count__C                                  
00011d70  ti_sysbios_knl_Task_A_badPriority__C                                 
00011d74  ti_sysbios_knl_Task_A_badTaskState__C                                
00011d78  ti_sysbios_knl_Task_A_badThreadType__C                               
00011d7c  ti_sysbios_knl_Task_A_badTimeout__C                                  
00011d80  ti_sysbios_knl_Task_A_noPendElem__C                                  
00011d84  ti_sysbios_knl_Task_A_sleepTaskDisabled__C                           
00011d88  ti_sysbios_knl_Task_E_spOutOfBounds__C                               
00011d8c  ti_sysbios_knl_Task_E_stackOverflow__C                               
00011d90  ti_sysbios_knl_Task_Module_State_inactiveQ__O                        
00011d94  ti_sysbios_knl_Task_Module__diagsEnabled__C                          
00011d98  ti_sysbios_knl_Task_Module__diagsIncluded__C                         
00011d9c  ti_sysbios_knl_Task_Module__diagsMask__C                             
00011da0  ti_sysbios_knl_Task_Object__count__C                                 
00011da4  ti_sysbios_knl_Task_allBlockedFunc__C                                
00011da8  ti_sysbios_knl_Task_defaultStackHeap__C                              
00011dac  ti_sysbios_knl_Task_defaultStackSize__C                              
00011db0  ti_sysbios_knl_Task_numConstructedTasks__C                           
00011db4  xdc_runtime_Assert_E_assertFailed__C                                 
00011db8  xdc_runtime_Core_A_initializedParams__C                              
00011dbc  xdc_runtime_Core_Module__diagsEnabled__C                             
00011dc0  xdc_runtime_Core_Module__diagsIncluded__C                            
00011dc4  xdc_runtime_Core_Module__diagsMask__C                                
00011dc8  xdc_runtime_Error_E_memory__C                                        
00011dcc  xdc_runtime_Error_Module__diagsEnabled__C                            
00011dd0  xdc_runtime_Error_Module__diagsIncluded__C                           
00011dd4  xdc_runtime_Error_Module__diagsMask__C                               
00011dd8  xdc_runtime_Error_Module__loggerFxn8__C                              
00011ddc  xdc_runtime_Error_Module__loggerObj__C                               
00011de0  xdc_runtime_Error_policyFxn__C                                       
00011de4  xdc_runtime_Error_raiseHook__C                                       
00011de8  xdc_runtime_IGateProvider_Interface__BASE__C                         
00011dec  xdc_runtime_IHeap_Interface__BASE__C                                 
00011df0  xdc_runtime_IModule_Interface__BASE__C                               
00011df4  xdc_runtime_Log_L_error__C                                           
00011df8  xdc_runtime_Memory_defaultHeapInstance__C                            
00011dfc  xdc_runtime_Startup_execImpl__C                                      
00011e00  xdc_runtime_Startup_lastFxns__A                                      
00011e04  xdc_runtime_Startup_maxPasses__C                                     
00011e08  xdc_runtime_Startup_sfxnRts__C                                       
00011e0c  xdc_runtime_Startup_sfxnTab__C                                       
00011e10  xdc_runtime_SysMin_bufSize__C                                        
00011e14  xdc_runtime_SysMin_outputFunc__C                                     
00011e18  xdc_runtime_System_Module__gateObj__C                                
00011e1c  xdc_runtime_System_abortFxn__C                                       
00011e20  xdc_runtime_System_exitFxn__C                                        
00011e24  xdc_runtime_System_extendFxn__C                                      
00011e28  xdc_runtime_System_maxAtexitHandlers__C                              
00011e2c  xdc_runtime_Text_charTab__C                                          
00011e30  xdc_runtime_Text_nameEmpty__C                                        
00011e34  xdc_runtime_Text_nameStatic__C                                       
00011e38  xdc_runtime_Text_nameUnknown__C                                      
00011e3c  xdc_runtime_Text_nodeTab__C                                          
00011e40  xdc_runtime_Text_visitRopeFxn__C                                     
00011e44  ti_sysbios_gates_GateMutex_Module__id__C                             
00011e46  ti_sysbios_hal_Hwi_Module__id__C                                     
00011e48  ti_sysbios_heaps_HeapMem_Module__id__C                               
00011e4a  ti_sysbios_knl_Clock_Module__id__C                                   
00011e4c  ti_sysbios_knl_Semaphore_Module__id__C                               
00011e4e  ti_sysbios_knl_Task_Module__id__C                                    
00011e50  xdc_runtime_Core_Module__id__C                                       
00011e52  xdc_runtime_Error_Module__loggerDefined__C                           
00011e54  xdc_runtime_Error_maxDepth__C                                        
00011e56  xdc_runtime_Memory_Module__id__C                                     
00011e58  xdc_runtime_SysMin_flushAtExit__C                                    
00011e5a  xdc_runtime_Text_charCnt__C                                          
00011e5c  xdc_runtime_Text_isLoaded__C                                         
00011e5e  xdc_runtime_Text_registryModsLastId__C                               
00011e60  xdc_runtime_Text_unnamedModsLastId__C                                
00011e68  __TI_static_base__                                                   
000120e8  __TI_Handler_Table_Base                                              
000120f4  __TI_Handler_Table_Limit                                             
00012108  __TI_CINIT_Base                                                      
00012120  __TI_CINIT_Limit                                                     
20000000  __start___llvm_prf_cnts                                              
20000000  __stop___llvm_prf_cnts                                               
20000000  ti_sysbios_family_arm_m3_Hwi_ramVectors                              
20000360  task0Stack                                                           
20000760  ti_sysbios_heaps_HeapMem_Instance_State_0_buf__A                     
20000b60  ti_sysbios_family_arm_m3_Hwi_dispatchTable                           
20000ec0  ti_sysbios_knl_Task_Instance_State_0_stack__A                        
20001200  __CIOBUF_                                                            
20001320  i2cTivaObjects                                                       
20001420  uartTivaObjects                                                      
2000157c  xdc_runtime_SysMin_Module_State_0_outbuf__A                          
200015fc  task0Struct                                                          
2000164c  sContext                                                             
20001698  uartTivaRingBuffer                                                   
200016b8  datetime                                                             
200016e8  parmbuf                                                              
200016f0  g_pi32ParmSet                                                        
200016fc  timerclock                                                           
20001700  uart                                                                 
20001704  g_i16TouchX                                                          
20001706  g_i16TouchY                                                          
20001708  ti_sysbios_family_arm_lm4_Timer_Object__table__V                     
20001788  ti_sysbios_knl_Swi_Module_State_0_readyQ__A                          
20001808  ti_sysbios_knl_Task_Module_State_0_readyQ__A                         
20001888  g_sStartStopBttn                                                     
200018d8  ti_sysbios_knl_Task_Object__table__V                                 
20001924  ti_sysbios_family_arm_m3_Hwi_Object__table__V                        
2000196c  ti_sysbios_knl_Task_Module__state__V                                 
200019b0  g_sBackground                                                        
200019f0  ti_sysbios_family_arm_lm4_Timer_Module_State_0_device__A             
20001a30  ti_sysbios_hal_SecondsClock_Module__state__V                         
20001a6c  ti_sysbios_gates_GateMutex_Object__table__V                          
20001aa4  ti_sysbios_family_arm_m3_Hwi_Module__state__V                        
20001ad8  ti_sysbios_knl_Swi_Object__table__V                                  
20001b08  g_sRoot                                                              
20001b35  motorStartStop                                                       
20001b36  ti_sysbios_family_arm_m3_Hwi_Module_State_0_excActive__A             
20001b38  ti_sysbios_knl_Clock_Module__state__V                                
20001b64  ti_sysbios_BIOS_Module__state__V                                     
20001b88  ti_sysbios_family_arm_lm4_Timer_Module_State_0_handles__A            
20001ba8  ti_sysbios_knl_Swi_Module__state__V                                  
20001bc4  ti_sysbios_heaps_HeapMem_Object__table__V                            
20001bdc  gpioPinConfigs                                                       
20001bec  ti_sysbios_family_arm_lm4_Timer_Module__state__V                     
20001bf8  xdc_runtime_SysMin_Module__state__V                                  
20001c04  _lock                                                                
20001c08  _unlock                                                              
20001c0c  gpioCallbackFunctions                                                
20001c14  ti_sysbios_family_arm_lm4_Timer_Module__root__V                      
20001c1c  ti_sysbios_family_arm_lm4_TimestampProvider_Module__state__V         
20001c24  ti_sysbios_family_arm_m3_Hwi_Module__root__V                         
20001c2c  ti_sysbios_gates_GateHwi_Module__root__V                             
20001c34  ti_sysbios_gates_GateMutex_Module__root__V                           
20001c3c  ti_sysbios_hal_Timer_Module__root__V                                 
20001c44  ti_sysbios_heaps_HeapMem_Module__root__V                             
20001c4c  ti_sysbios_knl_Clock_Module__root__V                                 
20001c54  ti_sysbios_knl_Queue_Module__root__V                                 
20001c5c  ti_sysbios_knl_Semaphore_Module__root__V                             
20001c64  ti_sysbios_knl_Task_Module__root__V                                  
20001c6c  xdc_runtime_Registry_Module__state__V                                
20001c74  xdc_runtime_Startup_Module__state__V                                 
20001c7c  xdc_runtime_System_Module_State_0_atexitHandlers__A                  
20001c84  xdc_runtime_System_Module__state__V                                  
20001c92  xdc_runtime_Error_Module__state__V                                   
20001c9c  errno                                                                
20001ca0  main_func_sp                                                         
20001ca4  ti_sysbios_family_arm_m3_Hwi_Module_State_0_excContext__A            
20001ca8  ti_sysbios_family_arm_m3_Hwi_Module_State_0_excStack__A              
20001cac  ti_sysbios_gates_GateHwi_Object__table__V                            
20001cb0  ti_sysbios_knl_Task_Module_State_0_idleTask__A                       
20001cb4  g_i16TouchMin                                                        
20001cb8  xdc_runtime_Memory_Module__state__V                                  
20001cc0  __stack                                                              
20001fc0  __STACK_END                                                          
e000e000  ti_sysbios_family_arm_m3_Hwi_nvic                                    
ffffffff  __TI_pprof_out_hndl                                                  
ffffffff  __TI_prof_data_size                                                  
ffffffff  __TI_prof_data_start                                                 
ffffffff  __binit__                                                            
ffffffff  __c_args__                                                           
ffffffff  binit                                                                
UNDEFED   SHT$$INIT_ARRAY$$Base                                                
UNDEFED   SHT$$INIT_ARRAY$$Limit                                               

[798 symbols]
