******************************************************************************
                  TI ARM Linker PC v20.2.5                     
******************************************************************************
>> Linked Tue May 31 17:10:55 2022

OUTPUT FILE NAME:   <EGH456MotorProject.out>
ENTRY POINT SYMBOL: "_c_int00"  address: 0000bef1


MEMORY CONFIGURATION

         name            origin    length      used     unused   attr    fill
----------------------  --------  ---------  --------  --------  ----  --------
  FLASH                 00000000   00100000  000177c0  000e8840  R  X
  SRAM                  20000000   00040000  00005e10  0003a1f0  RW X


SEGMENT ALLOCATION MAP

run origin  load origin   length   init length attrs members
----------  ----------- ---------- ----------- ----- -------
00000000    00000000    000177d0   000177d0    r-x
  00000000    00000000    0000003c   0000003c    r-- .resetVecs
  00000040    00000040    0000f19a   0000f19a    r-x .text
  0000f1e0    0000f1e0    000081a2   000081a2    r-- .const
  00017388    00017388    00000448   00000448    r-- .cinit
20000000    20000000    00000360   00000000    rw-
  20000000    20000000    00000360   00000000    rw- .vecs
20000400    20000400    00005ab0   00000000    rw-
  20000400    20000400    000049e8   00000000    rw- .bss
  20004de8    20004de8    00000cc8   00000000    rw- .data
  20005ab0    20005ab0    00000400   00000000    rw- .stack


SECTION ALLOCATION MAP

 output                                  attributes/
section   page    origin      length       input sections
--------  ----  ----------  ----------   ----------------
.text      0    00000040    0000f19a     
                  00000040    00000a4e     rtsv7M4_T_le_v4SPD16_eabi.lib : _printfi.c.obj (.text:__TI_printfi)
                  00000a8e    00000002                                   : _lock.c.obj (.text:_nop)
                  00000a90    00000430     sysbios.aem4f : BIOS.obj (.text:ti_sysbios_family_arm_m3_Hwi_excDumpRegs__I)
                  00000ec0    0000039c     GlobalDraw.obj (.text:MotorPage)
                  0000125c    00000394     GlobalDraw.obj (.text:GraphPrimitive)
                  000015f0    00000378     GlobalDraw.obj (.text:SensorPage)
                  00001968    00000374     grlib.lib : image.obj (.text:InternalImageDraw)
                  00001cdc    0000034c     ti.targets.arm.rtsarm.aem4f : System.oem4f (.text:xdc_runtime_System_doPrint__I)
                  00002028    00000320     sysbios.aem4f : BIOS.obj (.text:ti_sysbios_knl_Event_pend__E)
                  00002348    000002f8     grlib.lib : image.obj (.text:PixelTransparentDraw)
                  00002640    000002c6               : slider.obj (.text:SliderPaint)
                  00002906    00000002     rtsv7M4_T_le_v4SPD16_eabi.lib : div0.asm.obj (.text)
                  00002908    000002b0     Clock.obj (.text:timeConvert)
                  00002bb8    000002a4     sysbios.aem4f : BIOS.obj (.text:ti_sysbios_knl_Semaphore_pend__E)
                  00002e5c    000002a0     GlobalDraw.obj (.text:TopBarDraw)
                  000030fc    00000270     rtsv7M4_T_le_v4SPD16_eabi.lib : _printfi.c.obj (.text:_pconv_a)
                  0000336c    00000004     driverlib.lib : i2c.obj (.text:I2CMasterControl)
                  00003370    0000026c     sysbios.aem4f : BIOS.obj (.text:ti_sysbios_heaps_HeapMem_free__E)
                  000035dc    00000268     touch.obj (.text:TouchScreenDebouncer)
                  00003844    00000254     grlib.lib : string.obj (.text:GrFontGlyphRender)
                  00003a98    00000250     sysbios.aem4f : BIOS.obj (.text:ti_sysbios_heaps_HeapMem_alloc__E)
                  00003ce8    00000234                   : BIOS.obj (.text:ti_sysbios_knl_Task_Instance_finalize__E)
                  00003f1c    00000004     driverlib.lib : i2c.obj (.text:I2CMasterDataGet)
                  00003f20    0000021c     sysbios.aem4f : BIOS.obj (.text:ti_sysbios_family_arm_lm4_Timer_Instance_init__E)
                  0000413c    0000020c     drivers_tivaware.aem4f : UARTTiva.oem4f (.text:UARTTiva_open)
                  00004348    00000204     Boot.aem4f : Boot_sysctl.oem4f (.text:ti_catalog_arm_cortexm4_tiva_ce_Boot_sysCtlClockFreqSetI__I)
                  0000454c    00000200     rtsv7M4_T_le_v4SPD16_eabi.lib : s_exp2.c.obj (.text:exp2)
                  0000474c    000001f8     GlobalDraw.obj (.text:updateSensorPage)
                  00004944    00000004     driverlib.lib : i2c.obj (.text:I2CMasterDataPut)
                  00004948    000001f4     sysbios.aem4f : BIOS.obj (.text:ti_sysbios_family_arm_m3_Hwi_excHandlerMax__I)
                  00004b3c    000001e4     Kentec320x240x16_ssd2119_spi.obj (.text:Kentec320x240x16_SSD2119Init)
                  00004d20    000001e4     empty.obj (.text:main)
                  00004f04    000001dc     Kentec320x240x16_ssd2119_spi.obj (.text:Kentec320x240x16_SSD2119PixelDrawMultiple)
                  000050e0    000001d4     sensors.obj (.text:readOptFxn)
                  000052b4    000001d0     rtsv7M4_T_le_v4SPD16_eabi.lib : _printfi.c.obj (.text:_pconv_g)
                  00005484    00000004     driverlib.lib : uart.obj (.text:UARTIntClear)
                  00005488    000001c8     sysbios.aem4f : BIOS.obj (.text:ti_sysbios_knl_Task_sleep__E)
                  00005650    000001c0                   : BIOS.obj (.text:ti_sysbios_knl_Task_Instance_init__E)
                  00005810    000001b6     rtsv7M4_T_le_v4SPD16_eabi.lib : fd_add_t2.asm.obj (.text)
                  000059c6    00000002     empty_pem4f.oem4f (.text:ti_sysbios_BIOS_nullFunc__I)
                  000059c8    000001a4     pinout.obj (.text:PinoutSet)
                  00005b6c    00000004     grlib.lib : widget.obj (.text:WidgetDefaultMsgProc)
                  00005b70    000001a0     sysbios.aem4f : BIOS.obj (.text:ti_sysbios_gates_GateMutexPri_enter__E)
                  00005d10    0000019c     GlobalDraw.obj (.text:UpdateGraphPlot)
                  00005eac    00000190     grlib.lib : canvas.obj (.text:CanvasPaint)
                  0000603c    00000184     empty.obj (.text:heartBeatFxn)
                  000061c0    0000017e     grlib.lib : pushbutton.obj (.text:RectangularButtonPaint)
                  0000633e    00000002     empty_pem4f.oem4f (.text:xdc_runtime_Startup_reset__I)
                  00006340    00000178     touch.obj (.text:TouchScreenIntHandler)
                  000064b8    00000174     sysbios.aem4f : BIOS.obj (.text:ti_sysbios_family_arm_m3_Hwi_excBusFault__I)
                  0000662c    00000168     sensors.obj (.text:accelSensorFilterFxn)
                  00006794    00000004     rtsv7M4_T_le_v4SPD16_eabi.lib : exit.c.obj (.text:abort:abort)
                  00006798    00000164     sysbios.aem4f : BIOS.obj (.text:ti_sysbios_family_arm_m3_Hwi_excUsageFault__I)
                  000068fc    00000150     drivers_tivaware.aem4f : GPIOTiva.oem4f (.text:GPIO_setConfig)
                  00006a4c    0000014c     sensors.obj (.text:readAccFxn)
                  00006b98    00000148     sysbios.aem4f : BIOS.obj (.text:ti_sysbios_family_arm_m3_Hwi_excMemFault__I)
                  00006ce0    0000013c     rtsv7M4_T_le_v4SPD16_eabi.lib : _printfi.c.obj (.text:_pconv_e)
                  00006e1c    00000004     empty_pem4f.oem4f (.text:ti_sysbios_BIOS_RtsGateProxy_enter__E)
                  00006e20    0000013c     sysbios.aem4f : BIOS.obj (.text:ti_sysbios_heaps_HeapMem_Instance_init__E)
                  00006f5c    00000136     rtsv7M4_T_le_v4SPD16_eabi.lib : fd_div_t2.asm.obj (.text)
                  00007092    00000006     driverlib.lib : gpio.obj (.text:GPIOIntClear)
                  00007098    00000134     sysbios.aem4f : BIOS.obj (.text:ti_sysbios_knl_Task_setPri__E)
                  000071cc    00000130     GlobalDraw.obj (.text:BannerInit)
                  000072fc    00000130     driverlib.lib : gpio.obj (.text:GPIOPadConfigSet)
                  0000742c    00000124     rtsv7M4_T_le_v4SPD16_eabi.lib : _printfi.c.obj (.text:fcvt)
                  00007550    00000118     ti.targets.arm.rtsarm.aem4f : Error.oem4f (.text:xdc_runtime_Error_policyDefault__E)
                  00007668    00000110     rtsv7M4_T_le_v4SPD16_eabi.lib : s_scalbn.c.obj (.text:scalbn)
                  00007778    0000010c     Kentec320x240x16_ssd2119_spi.obj (.text:Kentec320x240x16_SSD2119RectFill)
                  00007884    0000010c     touch.obj (.text:TouchScreenInit)
                  00007990    00000108     sysbios.aem4f : BIOS.obj (.text:ti_sysbios_family_arm_lm4_Timer_start__E)
                  00007a98    00000108                   : BIOS.obj (.text:ti_sysbios_knl_Clock_Instance_init__E)
                  00007ba0    00000106     grlib.lib : line.obj (.text:GrLineDraw)
                  00007ca6    00000002     --HOLE-- [fill = 0]
                  00007ca8    00000104     sysbios.aem4f : BIOS.obj (.text:ti_sysbios_knl_Event_post__E)
                  00007dac    00000100     ti.targets.arm.rtsarm.aem4f : Core-mem.oem4f (.text:xdc_runtime_Core_createObject__I)
                  00007eac    000000fc     rtsv7M4_T_le_v4SPD16_eabi.lib : fd_mul_t2.asm.obj (.text)
                  00007fa8    000000f8                                   : s_floor.c.obj (.text:floor)
                  000080a0    000000f8     ti.targets.arm.rtsarm.aem4f : Startup.oem4f (.text:xdc_runtime_Startup_startMods__I)
                  00008198    000000f8     empty_pem4f.oem4f (.text:xdc_runtime_System_printfExtend__I)
                  00008290    000000f4     GlobalDraw.obj (.text:graphSelectPage)
                  00008384    000000f4     sysbios.aem4f : m3_Hwi_asm.obj (.text:ti_sysbios_family_arm_m3_Hwi_dispatch__I)
                  00008478    000000f2     grlib.lib : pushbutton.obj (.text:RectangularButtonClick)
                  0000856a    000000f0     bmi160.obj (.text:bmi160_init)
                  0000865a    00000006     driverlib.lib : gpio.obj (.text:GPIOPinWrite)
                  00008660    000000ec     sysbios.aem4f : BIOS.obj (.text:ti_sysbios_knl_Semaphore_post__E)
                  0000874c    000000e8     grlib.lib : widget.obj (.text:WidgetMessageQueueAdd)
                  00008834    000000e0     drivers_tivaware.aem4f : I2CTiva.oem4f (.text:I2CTiva_open)
                  00008914    000000d8     GlobalDraw.obj (.text:MainPage)
                  000089ec    000000d6     drivers_tivaware.aem4f : I2CTiva.oem4f (.text:I2CTiva_hwiFxn)
                  00008ac2    000000d6     grlib.lib : slider.obj (.text:SliderClick)
                  00008b98    000000d4     sysbios.aem4f : BIOS.obj (.text:ti_sysbios_knl_Swi_Instance_init__E)
                  00008c6c    000000cc     ti.targets.arm.rtsarm.aem4f : Core-smem.oem4f (.text:xdc_runtime_Core_constructObject__I)
                  00008d38    000000c0     grlib.lib : string.obj (.text:GrDefaultStringRenderer)
                  00008df8    000000bc     sysbios.aem4f : BIOS.obj (.text:ti_sysbios_family_arm_m3_Hwi_excDebugMon__I)
                  00008eb4    00000004     empty_pem4f.oem4f (.text:ti_sysbios_BIOS_RtsGateProxy_leave__E)
                  00008eb8    000000bc     sysbios.aem4f : BIOS.obj (.text:ti_sysbios_family_arm_m3_Hwi_excHardFault__I)
                  00008f74    000000b8     EK_TM4C1294XL.obj (.text:EK_TM4C1294XL_initGeneral)
                  0000902c    000000b8     grlib.lib : line.obj (.text:GrLineClip)
                  000090e4    000000b8     Kentec320x240x16_ssd2119_spi.obj (.text:InitSPILCDInterface)
                  0000919c    000000b4     grlib.lib : widget.obj (.text:WidgetMessageSendPostOrder)
                  00009250    000000b4     sysbios.aem4f : BIOS.obj (.text:ti_sysbios_gates_GateMutex_enter__E)
                  00009304    00000004                   : BIOS.obj (.text:ti_sysbios_family_arm_lm4_Timer_masterEnable__I)
                  00009308    000000b4                   : BIOS.obj (.text:ti_sysbios_knl_Task_checkStacks__E)
                  000093bc    000000b1     rtsv7M4_T_le_v4SPD16_eabi.lib : _printfi.c.obj (.text:_ltostr)
                  0000946d    00000001     --HOLE-- [fill = 0]
                  0000946e    000000b0     grlib.lib : slider.obj (.text:SliderValueToPosition)
                  0000951e    000000ac     drivers_tivaware.aem4f : UARTTiva.oem4f (.text:readTaskBlocking)
                  000095ca    00000006     grlib.lib : string.obj (.text:GrContextFontSet)
                  000095d0    000000ac     sysbios.aem4f : BIOS.obj (.text:ti_sysbios_family_arm_lm4_Timer_enableTiva__I)
                  0000967c    00000004     empty_pem4f.oem4f (.text:ti_sysbios_family_arm_m3_Hwi_delete)
                  00009680    000000a4     sysbios.aem4f : BIOS.obj (.text:ti_sysbios_knl_Clock_Instance_finalize__E)
                  00009724    000000a0     auto_init.aem4f : auto_init.oem4f (.text)
                  000097c4    000000a0     ti.targets.arm.rtsarm.aem4f : Text.oem4f (.text:xdc_runtime_Text_putMod__E)
                  00009864    0000009c     EK_TM4C1294XL.obj (.text:EK_TM4C1294XL_initI2C)
                  00009900    0000009c     rtsv7M4_T_le_v4SPD16_eabi.lib : memcpy_t2.asm.obj (.text)
                  0000999c    00000004     empty_pem4f.oem4f (.text:ti_sysbios_family_arm_m3_Hwi_destruct)
                  000099a0    0000009c     sysbios.aem4f : BIOS.obj (.text:ti_sysbios_knl_Semaphore_Instance_init__E)
                  00009a3c    0000009a     ti.targets.arm.rtsarm.aem4f : Text.oem4f (.text:xdc_runtime_Text_putSite__E)
                  00009ad6    00000098     drivers_tivaware.aem4f : UARTTiva.oem4f (.text:UARTTiva_readPolling)
                  00009b6e    00000002     --HOLE-- [fill = 0]
                  00009b70    00000098     Boot.aem4f : Boot.oem4f (.text:ti_catalog_arm_cortexm4_tiva_ce_Boot_sysCtlClockFreqSet__E)
                  00009c08    00000096     rtsv7M4_T_le_v4SPD16_eabi.lib : ull_div_t2.asm.obj (.text)
                  00009c9e    00000094     drivers_tivaware.aem4f : UARTTiva.oem4f (.text:UARTTiva_write)
                  00009d32    00000006     driverlib.lib : i2c.obj (.text:I2CMasterIntDisable)
                  00009d38    00000094     sysbios.aem4f : BIOS.obj (.text:ti_sysbios_family_arm_m3_Hwi_Instance_init__E)
                  00009dcc    00000004     empty_pem4f.oem4f (.text:ti_sysbios_family_arm_m3_TaskSupport_Module__startupDone__S)
                  00009dd0    00000094     sysbios.aem4f : BIOS.obj (.text:ti_sysbios_family_arm_m3_Hwi_initNVIC__E)
                  00009e64    00000004     empty_pem4f.oem4f (.text:ti_sysbios_hal_Timer_TimerProxy_delete)
                  00009e68    00000094     sysbios.aem4f : BIOS.obj (.text:ti_sysbios_knl_Task_postInit__I)
                  00009efc    0000008c     drivers_tivaware.aem4f : GPIOTiva.oem4f (.text:GPIO_init)
                  00009f88    0000008c                            : UARTTiva.oem4f (.text:UARTTiva_control)
                  0000a014    0000008c     sysbios.aem4f : m3_TaskSupport_asm.obj (.text:ti_sysbios_family_arm_m3_TaskSupport_buildTaskStack)
                  0000a0a0    0000008c                   : BIOS.obj (.text:ti_sysbios_hal_SecondsClock_Module_startup__E)
                  0000a12c    0000008a     drivers_tivaware.aem4f : UARTTiva.oem4f (.text:readIsrTextBlocking)
                  0000a1b6    00000086     grlib.lib : rectangle.obj (.text:GrRectFill)
                  0000a23c    00000086     rtsv7M4_T_le_v4SPD16_eabi.lib : fd_cmp_t2.asm.obj (.text:__aeabi_cdcmple)
                  0000a2c2    00000086                                   : fd_cmp_t2.asm.obj (.text:__aeabi_cdrcmple)
                  0000a348    00000084     GlobalDraw.obj (.text:GraphPageAccel)
                  0000a3cc    00000084     GlobalDraw.obj (.text:GraphPageLight)
                  0000a450    00000084     sysbios.aem4f : BIOS.obj (.text:ti_sysbios_family_arm_m3_Hwi_postInit__I)
                  0000a4d4    00000082     opt3001.obj (.text:opt3001_init)
                  0000a556    00000082     drivers_tivaware.aem4f : UARTTiva.oem4f (.text:readIsrTextCallback)
                  0000a5d8    00000080     grlib.lib : rectangle.obj (.text:GrRectIntersectGet)
                  0000a658    0000007e     drivers_tivaware.aem4f : I2CTiva.oem4f (.text:I2CTiva_transfer)
                  0000a6d6    00000002     --HOLE-- [fill = 0]
                  0000a6d8    0000007c     sysbios.aem4f : BIOS.obj (.text:ti_sysbios_family_arm_lm4_Timer_disableTiva__I)
                  0000a754    0000007a     driverlib.lib : adc.obj (.text:ADCSequenceStepConfigure)
                  0000a7ce    0000007a     drivers_tivaware.aem4f : UARTTiva.oem4f (.text:readTaskCallback)
                  0000a848    0000007a     rtsv7M4_T_le_v4SPD16_eabi.lib : memset_t2.asm.obj (.text)
                  0000a8c2    00000002     --HOLE-- [fill = 0]
                  0000a8c4    00000078     GlobalDraw.obj (.text:UpdateAccelGraph)
                  0000a93c    00000078     GlobalDraw.obj (.text:UpdateLightGraph)
                  0000a9b4    00000076     GraphFunctions.obj (.text:ArrayUpdate)
                  0000aa2a    00000002     --HOLE-- [fill = 0]
                  0000aa2c    00000074     GlobalDraw.obj (.text:InitScreen)
                  0000aaa0    00000074     sysbios.aem4f : BIOS.obj (.text:ti_sysbios_knl_Clock_start__E)
                  0000ab14    00000070     sensors.obj (.text:lightSensorFilterFxn)
                  0000ab84    00000070     opt3001.obj (.text:opt3001_read)
                  0000abf4    00000004     empty_pem4f.oem4f (.text:ti_sysbios_heaps_HeapMem_Module_GateProxy_enter__E)
                  0000abf8    00000070     sysbios.aem4f : BIOS.obj (.text:ti_sysbios_knl_Clock_workFunc__E)
                  0000ac68    00000070                   : BIOS.obj (.text:ti_sysbios_knl_Task_exit__E)
                  0000acd8    0000006e     rtsv7M4_T_le_v4SPD16_eabi.lib : _printfi.c.obj (.text:_mcpy)
                  0000ad46    00000002     --HOLE-- [fill = 0]
                  0000ad48    0000006d     ti.targets.arm.rtsarm.aem4f : System.oem4f (.text:xdc_runtime_System_formatNum__I)
                  0000adb5    00000003     --HOLE-- [fill = 0]
                  0000adb8    0000006c     GraphFunctions.obj (.text:CalcAvg)
                  0000ae24    0000006c     empty_pem4f.oem4f (.text:ti_sysbios_family_arm_lm4_Timer_Object__create__S)
                  0000ae90    0000006c     sysbios.aem4f : BIOS.obj (.text:ti_sysbios_gates_GateMutexPri_leave__E)
                  0000aefc    00000004     empty_pem4f.oem4f (.text:ti_sysbios_heaps_HeapMem_Module_GateProxy_leave__E)
                  0000af00    0000006c     sysbios.aem4f : BIOS.obj (.text:ti_sysbios_knl_Swi_restoreHwi__E)
                  0000af6c    0000006c     drivers_tivaware.aem4f : UARTTiva.oem4f (.text:writeData)
                  0000afd8    0000006c     ti.targets.arm.rtsarm.aem4f : Error.oem4f (.text:xdc_runtime_Error_print__E)
                  0000b044    0000006c                                 : Memory.oem4f (.text:xdc_runtime_Memory_alloc__E)
                  0000b0b0    00000068     GlobalDraw.obj (.text:BackMainMotorPage)
                  0000b118    00000068     grlib.lib : context.obj (.text:GrContextInit)
                  0000b180    00000068               : string.obj (.text:GrStringWidthGet)
                  0000b1e8    00000068     driverlib.lib : interrupt.obj (.text:IntEnable)
                  0000b250    00000068     Kentec320x240x16_ssd2119_spi.obj (.text:Kentec320x240x16_SSD2119LineDrawH)
                  0000b2b8    00000068     Kentec320x240x16_ssd2119_spi.obj (.text:Kentec320x240x16_SSD2119LineDrawV)
                  0000b320    00000068     rtsv7M4_T_le_v4SPD16_eabi.lib : copy_decompress_lzss.c.obj (.text:decompress:lzss:__TI_decompress_lzss)
                  0000b388    00000068     opt3001.obj (.text:opt3001_convert)
                  0000b3f0    00000066     grlib.lib : context.obj (.text:GrContextClipRegionSet)
                  0000b456    00000066               : rectangle.obj (.text:GrRectDraw)
                  0000b4bc    00000066     ti.targets.arm.rtsarm.aem4f : Core-mem.oem4f (.text:xdc_runtime_Core_deleteObject__I)
                  0000b522    00000002     --HOLE-- [fill = 0]
                  0000b524    00000064     drivers_tivaware.aem4f : GPIOTiva.oem4f (.text:GPIO_hwiIntFxn)
                  0000b588    00000064     grlib.lib : widget.obj (.text:WidgetMessageQueueProcess)
                  0000b5ec    00000064     rtsv7M4_T_le_v4SPD16_eabi.lib : s_frexp.c.obj (.text:frexp)
                  0000b650    00000064     GraphFunctions.obj (.text:min_element)
                  0000b6b4    00000004     empty_pem4f.oem4f (.text:ti_sysbios_knl_Clock_TimerProxy_getFreq__E)
                  0000b6b8    00000064     sysbios.aem4f : BIOS.obj (.text:ti_sysbios_family_arm_lm4_Timer_Module_startup__E)
                  0000b71c    00000064     empty_pem4f.oem4f (.text:ti_sysbios_family_arm_m3_Hwi_create)
                  0000b780    00000064     sysbios.aem4f : BIOS.obj (.text:ti_sysbios_family_arm_m3_Hwi_dispatchC__I)
                  0000b7e4    00000064     empty_pem4f.oem4f (.text:ti_sysbios_hal_Timer_create)
                  0000b848    00000064     Clock.obj (.text:timer1sec)
                  0000b8ac    00000062     drivers_tivaware.aem4f : I2CTiva.oem4f (.text:I2CTiva_primeTransfer)
                  0000b90e    00000002     --HOLE-- [fill = 0]
                  0000b910    00000060     driverlib.lib : timer.obj (.text:TimerConfigure)
                  0000b970    00000060     Kentec320x240x16_ssd2119_spi.obj (.text:WriteDataSPI)
                  0000b9d0    00000060     sysbios.aem4f : BIOS.obj (.text:ti_sysbios_knl_Task_schedule__I)
                  0000ba30    0000005e     grlib.lib : widget.obj (.text:WidgetMessageSendPreOrder)
                  0000ba8e    0000005e     bmi160.obj (.text:bmi160_getAccel)
                  0000baec    0000005e     drivers_tivaware.aem4f : UARTTiva.oem4f (.text:readIsrBinaryBlocking)
                  0000bb4a    00000002     --HOLE-- [fill = 0]
                  0000bb4c    0000005c     Kentec320x240x16_ssd2119_spi.obj (.text:WriteCommandSPI)
                  0000bba8    0000005c     GraphFunctions.obj (.text:max_element)
                  0000bc04    0000005c     empty_pem4f.oem4f (.text:ti_sysbios_knl_Swi_create)
                  0000bc60    0000005c     sysbios.aem4f : BIOS.obj (.text:ti_sysbios_knl_Swi_run__I)
                  0000bcbc    00000004     empty_pem4f.oem4f (.text:ti_sysbios_knl_Clock_TimerProxy_getMaxTicks__E)
                  0000bcc0    0000005c     sysbios.aem4f : BIOS.obj (.text:ti_sysbios_knl_Swi_schedule__I)
                  0000bd1c    00000004     empty_pem4f.oem4f (.text:ti_sysbios_knl_Clock_TimerProxy_getPeriod__E)
                  0000bd20    0000005c     sysbios.aem4f : BIOS.obj (.text:ti_sysbios_knl_Task_Module_startup__E)
                  0000bd7c    00000004     empty_pem4f.oem4f (.text:ti_sysbios_knl_Clock_destruct)
                  0000bd80    0000005c     sysbios.aem4f : BIOS.obj (.text:ti_sysbios_knl_Task_startCore__E)
                  0000bddc    0000005c     i2cDriver.obj (.text:writeI2C)
                  0000be38    0000005b     ti.targets.arm.rtsarm.aem4f : Text.oem4f (.text:xdc_runtime_Text_putLab__E)
                  0000be93    00000001     --HOLE-- [fill = 0]
                  0000be94    0000005a     grlib.lib : string.obj (.text:FontWideGlyphDataGet)
                  0000beee    00000002     --HOLE-- [fill = 0]
                  0000bef0    00000058     boot.aem4f : boot.oem4f (.text)
                  0000bf48    00000058     rtsv7M4_T_le_v4SPD16_eabi.lib : hostwrite.c.obj (.text:HOSTwrite)
                  0000bfa0    00000058     grlib.lib : slider.obj (.text:SliderPositionToValue)
                  0000bff8    00000058     driverlib.lib : timer.obj (.text:TimerControlTrigger)
                  0000c050    00000058     sysbios.aem4f : BIOS.obj (.text:ti_sysbios_family_arm_lm4_Timer_Instance_finalize__E)
                  0000c0a8    00000058     empty_pem4f.oem4f (.text:ti_sysbios_family_arm_m3_Hwi_construct)
                  0000c100    00000058     sysbios.aem4f : m3_Hwi_asm_switch.obj (.text:ti_sysbios_family_arm_m3_Hwi_initStacks__E)
                  0000c158    00000056     driverlib.lib : gpio.obj (.text:GPIOIntTypeSet)
                  0000c1ae    00000056     rtsv7M4_T_le_v4SPD16_eabi.lib : _printfi.c.obj (.text:_pconv_f)
                  0000c204    00000054                                   : _ltoa.c.obj (.text:__TI_ltoa)
                  0000c258    00000054     sensors.obj (.text:i2c_Open)
                  0000c2ac    00000054     drivers_tivaware.aem4f : UARTTiva.oem4f (.text:readIsrBinaryCallback)
                  0000c300    00000054     sysbios.aem4f : BIOS.obj (.text:ti_sysbios_family_arm_lm4_Timer_initDevice__I)
                  0000c354    00000004     empty_pem4f.oem4f (.text:ti_sysbios_knl_Queue_destruct)
                  0000c358    00000054     sysbios.aem4f : BIOS.obj (.text:ti_sysbios_knl_Swi_Instance_finalize__E)
                  0000c3ac    00000054     empty_pem4f.oem4f (.text:ti_sysbios_knl_Task_construct)
                  0000c400    00000054     ti.targets.arm.rtsarm.aem4f : Assert.oem4f (.text:xdc_runtime_Assert_raise__I)
                  0000c454    00000052     rtsv7M4_T_le_v4SPD16_eabi.lib : _printfi.c.obj (.text:_ecpy)
                  0000c4a6    00000002     --HOLE-- [fill = 0]
                  0000c4a8    00000050     drivers_tivaware.aem4f : GPIOTiva.oem4f (.text:GPIO_setCallback)
                  0000c4f8    00000050                            : GPIOTiva.oem4f (.text:GPIO_write)
                  0000c548    00000050                            : UARTTiva.oem4f (.text:UARTTiva_writeCancel)
                  0000c598    00000050     Boot.aem4f : Boot_sysctl.oem4f (.text:_SysCtlFrequencyGet)
                  0000c5e8    00000050     sysbios.aem4f : BIOS.obj (.text:ti_sysbios_family_arm_m3_Hwi_Module_startup__E)
                  0000c638    00000050     ti.targets.arm.rtsarm.aem4f : Startup.oem4f (.text:xdc_runtime_Startup_exec__E)
                  0000c688    00000050                                 : Text.oem4f (.text:xdc_runtime_Text_visitRope2__I)
                  0000c6d8    0000004c     drivers_tivaware.aem4f : UARTTiva.oem4f (.text:UARTTiva_close)
                  0000c724    0000004c     grlib.lib : widget.obj (.text:WidgetRemove)
                  0000c770    0000004c     rtsv7M4_T_le_v4SPD16_eabi.lib : atoi.c.obj (.text:atoi)
                  0000c7bc    0000004c                                   : cpy_tbl.c.obj (.text:copy_in)
                  0000c808    0000004c     i2cDriver.obj (.text:readI2C)
                  0000c854    00000004     empty_pem4f.oem4f (.text:ti_sysbios_knl_Semaphore_destruct)
                  0000c858    0000004c     sysbios.aem4f : BIOS.obj (.text:ti_sysbios_heaps_HeapMem_getStats__E)
                  0000c8a4    00000004     ti.targets.arm.rtsarm.aem4f : Error.oem4f (.text:xdc_runtime_Error_getSite__E)
                  0000c8a8    0000004c     sysbios.aem4f : BIOS.obj (.text:ti_sysbios_knl_Swi_runLoop__I)
                  0000c8f4    00000004     empty_pem4f.oem4f (.text:xdc_runtime_System_Module_GateProxy_enter__E)
                  0000c8f8    0000004c     sysbios.aem4f : BIOS.obj (.text:ti_sysbios_knl_Task_allBlockedFunction__I)
                  0000c944    00000004     empty_pem4f.oem4f (.text:xdc_runtime_System_Module_GateProxy_leave__E)
                  0000c948    0000004c     sysbios.aem4f : BIOS.obj (.text:ti_sysbios_knl_Task_block__E)
                  0000c994    0000004a     grlib.lib : string.obj (.text:UpdateContextCharMapping)
                  0000c9de    00000002     --HOLE-- [fill = 0]
                  0000c9e0    00000048     driverlib.lib : gpio.obj (.text:GPIOPinConfigure)
                  0000ca28    00000048                   : i2c.obj (.text:I2CMasterInitExpClk)
                  0000ca70    00000048     rtsv7M4_T_le_v4SPD16_eabi.lib : fd_toi_t2.asm.obj (.text)
                  0000cab8    00000048     sysbios.aem4f : BIOS.obj (.text:ti_sysbios_family_arm_lm4_Timer_enableTimers__I)
                  0000cb00    00000048                   : BIOS.obj (.text:ti_sysbios_family_arm_m3_Hwi_disableInterrupt__E)
                  0000cb48    00000048                   : BIOS.obj (.text:ti_sysbios_family_arm_m3_Hwi_enableInterrupt__E)
                  0000cb90    00000048                   : BIOS.obj (.text:ti_sysbios_family_arm_m3_Hwi_excReserved__I)
                  0000cbd8    00000048                   : BIOS.obj (.text:ti_sysbios_hal_SecondsClock_increment__I)
                  0000cc20    00000048                   : BIOS.obj (.text:ti_sysbios_knl_Mailbox_Module_startup__E)
                  0000cc68    00000046     grlib.lib : line.obj (.text:GrLineDrawH)
                  0000ccae    00000046               : line.obj (.text:GrLineDrawV)
                  0000ccf4    00000046     Kentec320x240x16_ssd2119_spi.obj (.text:Kentec320x240x16_SSD2119PixelDraw)
                  0000cd3a    00000046     drivers_tivaware.aem4f : RingBuf.oem4f (.text:RingBuf_put)
                  0000cd80    00000046     UARTLocal.obj (.text:initUART)
                  0000cdc6    00000046     ti.targets.arm.rtsarm.aem4f : Core-params.oem4f (.text:xdc_runtime_Core_assignParams__I)
                  0000ce0c    00000004                                 : System.oem4f (.text:xdc_runtime_System_aprintf_va__F)
                  0000ce10    00000044     sysbios.aem4f : BIOS.obj (.text:ti_sysbios_family_arm_lm4_Timer_isrStub__E)
                  0000ce54    00000004     ti.targets.arm.rtsarm.aem4f : System.oem4f (.text:xdc_runtime_System_printf_va__F)
                  0000ce58    00000044     sysbios.aem4f : BIOS.obj (.text:ti_sysbios_family_arm_m3_Hwi_getStackInfo__E)
                  0000ce9c    00000004     --HOLE-- [fill = 0]
                  0000cea0    00000044                   : BIOS.obj (.text:ti_sysbios_knl_Mailbox_postInit__I)
                  0000cee4    00000004     --HOLE-- [fill = 0]
                  0000cee8    00000044                   : BIOS.obj (.text:ti_sysbios_knl_Swi_post__E)
                  0000cf2c    00000044     ti.targets.arm.rtsarm.aem4f : Error.oem4f (.text:xdc_runtime_Error_setX__E)
                  0000cf70    00000044                                 : SysMin.oem4f (.text:xdc_runtime_SysMin_flush__E)
                  0000cfb4    00000044                                 : Text.oem4f (.text:xdc_runtime_Text_xprintf__I)
                  0000cff8    00000042     driverlib.lib : uart.obj (.text:UARTConfigSetExpClk)
                  0000d03a    00000042     drivers_tivaware.aem4f : UARTTiva.oem4f (.text:UARTTiva_hwiIntFxn)
                  0000d07c    00000042                            : UARTTiva.oem4f (.text:UARTTiva_writePolling)
                  0000d0be    00000002     --HOLE-- [fill = 0]
                  0000d0c0    00000040     GraphData.obj (.text:InitsingleBuffer)
                  0000d100    00000040     drivers_tivaware.aem4f : RingBuf.oem4f (.text:RingBuf_get)
                  0000d140    00000040                            : UARTTiva.oem4f (.text:UARTTiva_read)
                  0000d180    00000040     rtsv7M4_T_le_v4SPD16_eabi.lib : u_divt2.asm.obj (.text)
                  0000d1c0    00000040                                   : sprintf.c.obj (.text:sprintf)
                  0000d200    00000040     sysbios.aem4f : BIOS.obj (.text:ti_sysbios_family_arm_lm4_Timer_startup__E)
                  0000d240    00000040                   : BIOS.obj (.text:ti_sysbios_hal_SecondsClock_getTime__E)
                  0000d280    0000003e     driverlib.lib : adc.obj (.text:ADCSequenceConfigure)
                  0000d2be    0000003e     rtsv7M4_T_le_v4SPD16_eabi.lib : _printfi.c.obj (.text:_fcpy)
                  0000d2fc    0000003c     GraphFunctions.obj (.text:CalcNoRemainder)
                  0000d338    0000003c     driverlib.lib : ssi.obj (.text:SSIConfigSetExpClk)
                  0000d374    00000004     --HOLE-- [fill = 0]
                  0000d378    0000003c     sysbios.aem4f : BIOS.obj (.text:ti_sysbios_family_arm_m3_Hwi_excSvCall__I)
                  0000d3b4    00000004     --HOLE-- [fill = 0]
                  0000d3b8    0000003c                   : BIOS.obj (.text:ti_sysbios_heaps_HeapMem_init__I)
                  0000d3f4    00000004     --HOLE-- [fill = 0]
                  0000d3f8    0000003c                   : BIOS.obj (.text:ti_sysbios_knl_Swi_restore__E)
                  0000d434    0000003a     grlib.lib : string.obj (.text:FontGlyphDataGet)
                  0000d46e    0000003a     drivers_tivaware.aem4f : I2CTiva.oem4f (.text:I2CTiva_completeTransfer)
                  0000d4a8    00000038     grlib.lib : rectangle.obj (.text:GrRectOverlapCheck)
                  0000d4e0    00000038     drivers_tivaware.aem4f : I2C.oem4f (.text:I2C_init)
                  0000d518    00000038     GlobalDraw.obj (.text:RemoveGraphSelect)
                  0000d550    00000038     drivers_tivaware.aem4f : UART.oem4f (.text:UART_init)
                  0000d588    00000038     rtsv7M4_T_le_v4SPD16_eabi.lib : trgmsg.c.obj (.text:__TI_writemsg)
                  0000d5c0    00000038     Estop.obj (.text:checkEstop)
                  0000d5f8    00000038     sysbios.aem4f : BIOS.obj (.text:ti_sysbios_family_arm_m3_Hwi_excNoIsr__I)
                  0000d630    00000038                   : BIOS.obj (.text:ti_sysbios_knl_Task_processVitalTaskFlag__I)
                  0000d668    00000038     ti.targets.arm.rtsarm.aem4f : SysMin.oem4f (.text:xdc_runtime_SysMin_putch__E)
                  0000d6a0    00000038                                 : System.oem4f (.text:xdc_runtime_System_atexit__E)
                  0000d6d8    00000036     grlib.lib : line.obj (.text:GrClipCodeGet)
                  0000d70e    00000036     drivers_tivaware.aem4f : I2CTiva.oem4f (.text:I2CTiva_close)
                  0000d744    00000036                            : UARTTiva.oem4f (.text:UARTTiva_readCancel)
                  0000d77a    00000002     --HOLE-- [fill = 0]
                  0000d77c    00000034     driverlib.lib : sysctl.obj (.text:SysCtlPeripheralEnable)
                  0000d7b0    00000034     rtsv7M4_T_le_v4SPD16_eabi.lib : trgmsg.c.obj (.text:__TI_readmsg)
                  0000d7e4    00000034     bmi160.obj (.text:bmi160_readConvert)
                  0000d818    00000034     sysbios.aem4f : BIOS.obj (.text:ti_sysbios_family_arm_lm4_Timer_setPeriodMicroSecs__E)
                  0000d84c    00000004     --HOLE-- [fill = 0]
                  0000d850    00000034                   : BIOS.obj (.text:ti_sysbios_family_arm_m3_Hwi_Instance_finalize__E)
                  0000d884    00000004     --HOLE-- [fill = 0]
                  0000d888    00000034                   : BIOS.obj (.text:ti_sysbios_family_arm_m3_Hwi_excNmi__I)
                  0000d8bc    00000004     --HOLE-- [fill = 0]
                  0000d8c0    00000034                   : BIOS.obj (.text:ti_sysbios_hal_Hwi_checkStack)
                  0000d8f4    00000034     empty_pem4f.oem4f (.text:ti_sysbios_knl_Clock_construct)
                  0000d928    00000034     ti.targets.arm.rtsarm.aem4f : Core-label.oem4f (.text:xdc_runtime_Core_assignLabel__I)
                  0000d95c    00000033                                 : Text.oem4f (.text:xdc_runtime_Text_printVisFxn__I)
                  0000d98f    00000001     --HOLE-- [fill = 0]
                  0000d990    00000032     sysbios.aem4f : BIOS.obj (.text:ti_sysbios_hal_Hwi_initStack)
                  0000d9c2    00000002     --HOLE-- [fill = 0]
                  0000d9c4    00000030     drivers_tivaware.aem4f : I2C.oem4f (.text:I2C_open)
                  0000d9f4    00000030                            : UART.oem4f (.text:UART_open)
                  0000da24    00000030     empty_pem4f.oem4f (.text:ti_sysbios_BIOS_atExitFunc__I)
                  0000da54    00000004     --HOLE-- [fill = 0]
                  0000da58    00000030     sysbios.aem4f : BIOS.obj (.text:ti_sysbios_family_arm_lm4_Timer_stop__E)
                  0000da88    00000030                   : BIOS.obj (.text:ti_sysbios_family_arm_m3_TaskSupport_start__E)
                  0000dab8    00000030     empty_pem4f.oem4f (.text:ti_sysbios_gates_GateHwi_Object__create__S)
                  0000dae8    00000030     empty_pem4f.oem4f (.text:ti_sysbios_gates_GateMutexPri_Object__create__S)
                  0000db18    00000030     empty_pem4f.oem4f (.text:ti_sysbios_gates_GateMutexPri_create)
                  0000db48    00000030     empty_pem4f.oem4f (.text:ti_sysbios_gates_GateMutex_Object__create__S)
                  0000db78    00000030     empty_pem4f.oem4f (.text:ti_sysbios_heaps_HeapMem_Object__create__S)
                  0000dba8    00000030     sysbios.aem4f : BIOS.obj (.text:ti_sysbios_knl_Event_pendTimeout__I)
                  0000dbd8    00000030     empty_pem4f.oem4f (.text:ti_sysbios_knl_Semaphore_construct)
                  0000dc08    00000030     sysbios.aem4f : BIOS.obj (.text:ti_sysbios_knl_Semaphore_pendTimeout__I)
                  0000dc38    00000030                   : BIOS.obj (.text:ti_sysbios_knl_Task_unblockI__E)
                  0000dc68    00000030     ti.targets.arm.rtsarm.aem4f : SysMin.oem4f (.text:xdc_runtime_SysMin_abort__E)
                  0000dc98    00000030                                 : System.oem4f (.text:xdc_runtime_System_processAtExit__E)
                  0000dcc8    0000002e     grlib.lib : string.obj (.text:GrStringNextCharGet)
                  0000dcf6    0000002e     rtsv7M4_T_le_v4SPD16_eabi.lib : i_tofd_t2.asm.obj (.text)
                  0000dd24    0000002c     EK_TM4C1294XL.obj (.text:EK_TM4C1294XL_initUART)
                  0000dd50    0000002c     grlib.lib : string.obj (.text:GrFontBaselineGet)
                  0000dd7c    0000002c               : string.obj (.text:GrFontHeightGet)
                  0000dda8    0000002c               : pushbutton.obj (.text:RectangularButtonMsgProc)
                  0000ddd4    0000002c               : slider.obj (.text:SliderMsgProc)
                  0000de00    0000002c               : widget.obj (.text:WidgetIsInTree)
                  0000de2c    0000002c     GlobalDraw.obj (.text:removeSensorPage)
                  0000de58    0000002c     empty_pem4f.oem4f (.text:ti_sysbios_knl_Clock_doTick__I)
                  0000de84    0000002c     empty_pem4f.oem4f (.text:ti_sysbios_knl_Event_construct)
                  0000deb0    0000002c     empty_pem4f.oem4f (.text:ti_sysbios_knl_Queue_construct)
                  0000dedc    00000004     --HOLE-- [fill = 0]
                  0000dee0    0000002c     sysbios.aem4f : BIOS.obj (.text:ti_sysbios_knl_Task_restore__E)
                  0000df0c    0000002c     ti.targets.arm.rtsarm.aem4f : Text.oem4f (.text:xdc_runtime_Text_cordText__E)
                  0000df38    0000002a     driverlib.lib : gpio.obj (.text:GPIODirModeSet)
                  0000df62    0000002a     bmi160.obj (.text:bmi160_delay)
                  0000df8c    0000002a     ti.targets.arm.rtsarm.aem4f : System.oem4f (.text:xdc_runtime_System_putchar__I)
                  0000dfb6    00000028     Kentec320x240x16_ssd2119_spi.obj (.text:Kentec320x240x16_SSD2119ColorTranslate)
                  0000dfde    00000002     --HOLE-- [fill = 0]
                  0000dfe0    00000028     sysbios.aem4f : BIOS.obj (.text:ti_sysbios_hal_Timer_Instance_init__E)
                  0000e008    00000028                   : BIOS.obj (.text:ti_sysbios_knl_Clock_addI__E)
                  0000e030    00000028                   : BIOS.obj (.text:ti_sysbios_knl_Swi_Module_startup__E)
                  0000e058    00000026     grlib.lib : string.obj (.text:GrFontInfoGet)
                  0000e07e    00000026     sysbios.aem4f : m3_Hwi_asm.obj (.text:ti_sysbios_family_arm_m3_Hwi_pendSV__I)
                  0000e0a4    00000026     ti.targets.arm.rtsarm.aem4f : System.oem4f (.text:xdc_runtime_System_avprintf__E)
                  0000e0ca    00000002     --HOLE-- [fill = 0]
                  0000e0cc    00000024     GlobalDraw.obj (.text:BackGraphSelect)
                  0000e0f0    00000024     GlobalDraw.obj (.text:BackMainGraph)
                  0000e114    00000024     GlobalDraw.obj (.text:RemoveGraph)
                  0000e138    00000024     GlobalDraw.obj (.text:RemoveMainPage)
                  0000e15c    00000024     GlobalDraw.obj (.text:backMainSensor)
                  0000e180    00000024     empty_pem4f.oem4f (.text:ti_sysbios_BIOS_errorRaiseHook__I)
                  0000e1a4    00000024     empty_pem4f.oem4f (.text:ti_sysbios_BIOS_registerRTSLock__I)
                  0000e1c8    00000024     empty_pem4f.oem4f (.text:ti_sysbios_BIOS_removeRTSLock__I)
                  0000e1ec    00000024     empty_pem4f.oem4f (.text:ti_sysbios_BIOS_startFunc__I)
                  0000e210    00000024     empty_pem4f.oem4f (.text:ti_sysbios_gates_GateMutexPri_Object__delete__S)
                  0000e234    00000024     empty_pem4f.oem4f (.text:ti_sysbios_gates_GateMutex_Object__delete__S)
                  0000e258    00000024     sysbios.aem4f : BIOS.obj (.text:ti_sysbios_knl_Clock_Module_startup__E)
                  0000e27c    00000004     --HOLE-- [fill = 0]
                  0000e280    00000024                   : BIOS.obj (.text:ti_sysbios_knl_Task_restoreHwi__E)
                  0000e2a4    00000024     ti.targets.arm.rtsarm.aem4f : System.oem4f (.text:xdc_runtime_System_vprintf__E)
                  0000e2c8    00000022     grlib.lib : string.obj (.text:GrFontGlyphDataGet)
                  0000e2ea    00000006     driverlib.lib : i2c.obj (.text:I2CMasterIntEnable)
                  0000e2f0    00000022     sysbios.aem4f : BIOS.obj (.text:ti_sysbios_family_arm_lm4_Timer_write__I)
                  0000e312    00000022     empty_pem4f.oem4f (.text:xdc_runtime_SysMin_output__I)
                  0000e334    00000020     Boot.aem4f : Boot_sysctl.oem4f (.text:_SysCtlMemTimingGet)
                  0000e354    00000020     Estop.obj (.text:initEstop)
                  0000e374    00000020     rtsv7M4_T_le_v4SPD16_eabi.lib : u_tofd_t2.asm.obj (.text)
                  0000e394    00000020     empty_pem4f.oem4f (.text:ti_sysbios_BIOS_rtsLock__I)
                  0000e3b4    00000020     empty_pem4f.oem4f (.text:ti_sysbios_family_arm_lm4_Timer_Object__delete__S)
                  0000e3d4    00000004     --HOLE-- [fill = 0]
                  0000e3d8    00000020     sysbios.aem4f : BIOS.obj (.text:ti_sysbios_family_arm_lm4_Timer_getFreq__E)
                  0000e3f8    00000020     empty_pem4f.oem4f (.text:ti_sysbios_family_arm_m3_Hwi_Object__delete__S)
                  0000e418    00000020     sysbios.aem4f : m3_Hwi_asm.obj (.text:ti_sysbios_family_arm_m3_Hwi_excHandlerAsm__I)
                  0000e438    00000020                   : BIOS.obj (.text:ti_sysbios_family_arm_m3_Hwi_excHandler__I)
                  0000e458    00000020     empty_pem4f.oem4f (.text:ti_sysbios_gates_GateHwi_Object__delete__S)
                  0000e478    00000020     empty_pem4f.oem4f (.text:ti_sysbios_heaps_HeapMem_Object__delete__S)
                  0000e498    00000020     empty_pem4f.oem4f (.text:ti_sysbios_knl_Clock_Object__destruct__S)
                  0000e4b8    00000020     sysbios.aem4f : BIOS.obj (.text:ti_sysbios_knl_Idle_run__E)
                  0000e4d8    00000020     empty_pem4f.oem4f (.text:ti_sysbios_knl_Semaphore_Object__destruct__S)
                  0000e4f8    00000020     ti.targets.arm.rtsarm.aem4f : Registry.oem4f (.text:xdc_runtime_Registry_findById__E)
                  0000e518    00000020                                 : SysMin.oem4f (.text:xdc_runtime_SysMin_Module_startup__E)
                  0000e538    0000001e     grlib.lib : string.obj (.text:GrFontCodepageGet)
                  0000e556    0000001e               : widget.obj (.text:WidgetAdd)
                  0000e574    0000001e     sysbios.aem4f : m3_Hwi_asm_switch.obj (.text:ti_sysbios_family_xxx_Hwi_switchAndRunFunc)
                  0000e592    0000001e     Clock.obj (.text:updatetime)
                  0000e5b0    0000001c     driverlib.lib : uart.obj (.text:UARTDisable)
                  0000e5cc    0000001c     grlib.lib : widget.obj (.text:WidgetPointerMessage)
                  0000e5e8    0000001c     drivers_tivaware.aem4f : GPIOTiva.oem4f (.text:getGpioIntIndex)
                  0000e604    0000001c     GraphData.obj (.text:initGraphBuffers)
                  0000e620    0000001c     rtsv7M4_T_le_v4SPD16_eabi.lib : memccpy.c.obj (.text:memccpy)
                  0000e63c    0000001c     empty_pem4f.oem4f (.text:ti_sysbios_family_arm_m3_Hwi_Object__destruct__S)
                  0000e658    0000001c     sysbios.aem4f : BIOS.obj (.text:ti_sysbios_gates_GateMutexPri_Instance_init__E)
                  0000e674    00000004     --HOLE-- [fill = 0]
                  0000e678    0000001c                   : BIOS.obj (.text:ti_sysbios_gates_GateMutex_Instance_init__E)
                  0000e694    0000001c     empty_pem4f.oem4f (.text:ti_sysbios_hal_Timer_TimerProxy_create)
                  0000e6b0    0000001c     empty_pem4f.oem4f (.text:ti_sysbios_knl_Queue_Object__destruct__S)
                  0000e6cc    00000004     --HOLE-- [fill = 0]
                  0000e6d0    0000001c     sysbios.aem4f : BIOS.obj (.text:ti_sysbios_knl_Queue_put__E)
                  0000e6ec    00000004     --HOLE-- [fill = 0]
                  0000e6f0    0000001c                   : BIOS.obj (.text:ti_sysbios_knl_Task_enter__I)
                  0000e70c    0000001c     ti.targets.arm.rtsarm.aem4f : Error.oem4f (.text:xdc_runtime_Error_raiseX__E)
                  0000e728    0000001c                                 : Memory.oem4f (.text:xdc_runtime_Memory_valloc__E)
                  0000e744    0000001c                                 : SysMin.oem4f (.text:xdc_runtime_SysMin_exit__E)
                  0000e760    0000001c                                 : System.oem4f (.text:xdc_runtime_System_abort__E)
                  0000e77c    0000001a     rtsv7M4_T_le_v4SPD16_eabi.lib : s_copysign.c.obj (.text:copysign)
                  0000e796    0000001a     empty_pem4f.oem4f (.text:ti_sysbios_family_arm_m3_Hwi_Handle__label__S)
                  0000e7b0    0000001a     empty_pem4f.oem4f (.text:ti_sysbios_gates_GateHwi_Handle__label__S)
                  0000e7ca    0000001a     empty_pem4f.oem4f (.text:ti_sysbios_gates_GateMutexPri_Handle__label__S)
                  0000e7e4    0000001a     empty_pem4f.oem4f (.text:ti_sysbios_gates_GateMutex_Handle__label__S)
                  0000e7fe    0000001a     empty_pem4f.oem4f (.text:ti_sysbios_heaps_HeapMem_Handle__label__S)
                  0000e818    0000001a     empty_pem4f.oem4f (.text:ti_sysbios_knl_Swi_Handle__label__S)
                  0000e832    0000001a     empty_pem4f.oem4f (.text:ti_sysbios_knl_Task_Handle__label__S)
                  0000e84c    0000001a     empty_pem4f.oem4f (.text:xdc_runtime_System_aprintf__E)
                  0000e866    0000001a     empty_pem4f.oem4f (.text:xdc_runtime_System_printf__E)
                  0000e880    00000018     Estop.obj (.text:EstopPower)
                  0000e898    00000018     driverlib.lib : gpio.obj (.text:GPIOPinTypeGPIOOutput)
                  0000e8b0    00000018     drivers_tivaware.aem4f : UART.oem4f (.text:UART_Params_init)
                  0000e8c8    00000018     rtsv7M4_T_le_v4SPD16_eabi.lib : args_main.c.obj (.text:_args_main)
                  0000e8e0    00000018                                   : sprintf.c.obj (.text:_outs)
                  0000e8f8    00000018     empty_pem4f.oem4f (.text:ti_sysbios_BIOS_rtsUnlock__I)
                  0000e910    00000018     empty_pem4f.oem4f (.text:ti_sysbios_family_arm_lm4_Timer_Module__startupDone__F)
                  0000e928    00000018     empty_pem4f.oem4f (.text:ti_sysbios_family_arm_m3_Hwi_Module__startupDone__F)
                  0000e940    00000018     sysbios.aem4f : m3_TaskSupport_asm.obj (.text:ti_sysbios_family_arm_m3_TaskSupport_swap__E)
                  0000e958    00000018                   : BIOS.obj (.text:ti_sysbios_gates_GateMutex_leave__E)
                  0000e970    00000018     empty_pem4f.oem4f (.text:ti_sysbios_knl_Clock_Module__startupDone__F)
                  0000e988    00000018     sysbios.aem4f : BIOS.obj (.text:ti_sysbios_knl_Task_sleepTimeout__I)
                  0000e9a0    00000018     ti.targets.arm.rtsarm.aem4f : Error.oem4f (.text:xdc_runtime_Error_check__E)
                  0000e9b8    00000018                                 : System.oem4f (.text:xdc_runtime_System_exit__E)
                  0000e9d0    00000018                                 : Text.oem4f (.text:xdc_runtime_Text_ropeText__E)
                  0000e9e8    00000016     grlib.lib : string.obj (.text:GrStringDraw)
                  0000e9fe    00000016     driverlib.lib : i2c.obj (.text:I2CMasterErr)
                  0000ea14    00000016     rtsv7M4_T_le_v4SPD16_eabi.lib : strchr.c.obj (.text:strchr)
                  0000ea2a    00000016     empty_pem4f.oem4f (.text:ti_sysbios_BIOS_exitFunc__I)
                  0000ea40    00000016     GlobalDraw.obj (.text:ti_sysbios_gates_GateMutexPri_Params_init)
                  0000ea56    00000016     Clock.obj (.text:ti_sysbios_hal_Timer_Params_init)
                  0000ea6c    00000016     empty.obj (.text:ti_sysbios_knl_Swi_Params_init)
                  0000ea82    00000016     empty.obj (.text:ti_sysbios_knl_Task_Params_init)
                  0000ea98    00000014     grlib.lib : canvas.obj (.text:CanvasMsgProc)
                  0000eaac    00000014     Kentec320x240x16_ssd2119_spi.obj (.text:LED_OFF)
                  0000eac0    00000014     Kentec320x240x16_ssd2119_spi.obj (.text:LED_ON)
                  0000ead4    00000014     touch.obj (.text:TouchScreenCallbackSet)
                  0000eae8    00000014     driverlib.lib : uart.obj (.text:UARTEnable)
                  0000eafc    00000014     grlib.lib : widget.obj (.text:WidgetMutexGet)
                  0000eb10    00000014     rtsv7M4_T_le_v4SPD16_eabi.lib : strlen.c.obj (.text:strlen)
                  0000eb24    00000014     empty_pem4f.oem4f (.text:ti_sysbios_family_arm_m3_Hwi_Object__get__S)
                  0000eb38    00000014     sysbios.aem4f : BIOS.obj (.text:ti_sysbios_family_arm_m3_Hwi_switchFromBootStack__E)
                  0000eb4c    00000014     empty_pem4f.oem4f (.text:ti_sysbios_heaps_HeapMem_Object__get__S)
                  0000eb60    00000014     sysbios.aem4f : BIOS.obj (.text:ti_sysbios_knl_Event_Instance_init__E)
                  0000eb74    00000014     empty_pem4f.oem4f (.text:ti_sysbios_knl_Swi_Object__get__S)
                  0000eb88    00000012     driverlib.lib : gpio.obj (.text:GPIOPinTypeEthernetLED)
                  0000eb9a    00000012                   : gpio.obj (.text:GPIOPinTypeGPIOInput)
                  0000ebac    00000012                   : gpio.obj (.text:GPIOPinTypeI2C)
                  0000ebbe    00000012                   : gpio.obj (.text:GPIOPinTypeI2CSCL)
                  0000ebd0    00000012                   : gpio.obj (.text:GPIOPinTypeSSI)
                  0000ebe2    00000012                   : gpio.obj (.text:GPIOPinTypeUART)
                  0000ebf4    00000012                   : gpio.obj (.text:GPIOPinTypeUSBAnalog)
                  0000ec06    00000012                   : gpio.obj (.text:GPIOPinTypeUSBDigital)
                  0000ec18    00000012     drivers_tivaware.aem4f : RingBuf.oem4f (.text:RingBuf_construct)
                  0000ec2a    00000012     driverlib.lib : ssi.obj (.text:SSIDataGetNonBlocking)
                  0000ec3c    00000012                   : timer.obj (.text:TimerLoadSet)
                  0000ec4e    00000002     --HOLE-- [fill = 0]
                  0000ec50    00000012     sysbios.aem4f : BIOS.obj (.text:ti_sysbios_hal_Hwi_Module_startup__E)
                  0000ec62    00000006     drivers_tivaware.aem4f : I2CTiva.oem4f (.text:I2CTiva_control)
                  0000ec68    00000012     sysbios.aem4f : BIOS.obj (.text:ti_sysbios_hal_Timer_Module_startup__E)
                  0000ec7a    00000012     rtsv7M4_T_le_v4SPD16_eabi.lib : wcslen.c.obj (.text:wcslen)
                  0000ec8c    00000012     empty_pem4f.oem4f (.text:xdc_runtime_Startup_exec__I)
                  0000ec9e    00000002     --HOLE-- [fill = 0]
                  0000eca0    00000010     empty_pem4f.oem4f (.text:.bootCodeSection:ti_catalog_arm_cortexm4_tiva_ce_Boot_init__I)
                  0000ecb0    00000010     driverlib.lib : adc.obj (.text:ADCIntEnable)
                  0000ecc0    00000010     GlobalDraw.obj (.text:ChangeAccelDown)
                  0000ecd0    00000010     GlobalDraw.obj (.text:ChangeAccelUp)
                  0000ece0    00000010     driverlib.lib : fpu.obj (.text:FPUEnable)
                  0000ecf0    00000010                   : fpu.obj (.text:FPULazyStackingEnable)
                  0000ed00    00000010     drivers_tivaware.aem4f : I2C.oem4f (.text:I2C_Params_init)
                  0000ed10    00000010                            : UARTTiva.oem4f (.text:readBlockingTimeout)
                  0000ed20    00000010     sysbios.aem4f : BIOS.obj (.text:ti_sysbios_BIOS_getCpuFreq__E)
                  0000ed30    00000010                   : BIOS.obj (.text:ti_sysbios_BIOS_setThreadType__E)
                  0000ed40    00000010                   : BIOS.obj (.text:ti_sysbios_BIOS_start__E)
                  0000ed50    00000010                   : BIOS.obj (.text:ti_sysbios_family_arm_lm4_TimestampProvider_rolloverFunc__E)
                  0000ed60    00000010                   : m3_TaskSupport_asm.obj (.text:ti_sysbios_family_arm_m3_TaskSupport_glue)
                  0000ed70    00000010                   : BIOS.obj (.text:ti_sysbios_gates_GateMutexPri_Instance_finalize__E)
                  0000ed80    00000010                   : BIOS.obj (.text:ti_sysbios_gates_GateMutex_Instance_finalize__E)
                  0000ed90    00000010     empty_pem4f.oem4f (.text:ti_sysbios_hal_Timer_TimerProxy_Object__create__S)
                  0000eda0    00000010     empty_pem4f.oem4f (.text:ti_sysbios_knl_Mailbox_Object__get__S)
                  0000edb0    00000010     sysbios.aem4f : BIOS.obj (.text:ti_sysbios_knl_Semaphore_Instance_finalize__E)
                  0000edc0    00000010                   : BIOS.obj (.text:ti_sysbios_knl_Swi_disable__E)
                  0000edd0    00000010     empty_pem4f.oem4f (.text:ti_sysbios_knl_Task_Object__get__S)
                  0000ede0    00000010     sysbios.aem4f : BIOS.obj (.text:ti_sysbios_knl_Task_disable__E)
                  0000edf0    00000010     driverlib.lib : udma.obj (.text:uDMAEnable)
                  0000ee00    00000010     ti.targets.arm.rtsarm.aem4f : Gate.oem4f (.text:xdc_runtime_Gate_leaveSystem__E)
                  0000ee10    00000010                                 : Memory.oem4f (.text:xdc_runtime_Memory_free__E)
                  0000ee20    00000010                                 : SysMin.oem4f (.text:xdc_runtime_SysMin_ready__E)
                  0000ee30    00000010                                 : System.oem4f (.text:xdc_runtime_System_vsnprintf__E)
                  0000ee40    00000010     empty_pem4f.oem4f (.text:xdc_runtime_Text_visitRope__I)
                  0000ee50    0000000e     driverlib.lib : adc.obj (.text:ADCSequenceEnable)
                  0000ee5e    0000000e                   : gpio.obj (.text:GPIOIntStatus)
                  0000ee6c    0000000e     grlib.lib : image.obj (.text:GrImageDraw)
                  0000ee7a    0000000e     driverlib.lib : timer.obj (.text:TimerEnable)
                  0000ee88    0000000e                   : uart.obj (.text:UARTCharGetNonBlocking)
                  0000ee96    0000000e                   : uart.obj (.text:UARTCharPutNonBlocking)
                  0000eea4    0000000e     rtsv7M4_T_le_v4SPD16_eabi.lib : copy_decompress_none.c.obj (.text:decompress:none:__TI_decompress_none)
                  0000eeb2    00000006     driverlib.lib : sysctl.obj (.text:SysCtlDelay)
                  0000eeb8    0000000e     sysbios.aem4f : BIOS.obj (.text:ti_sysbios_knl_Idle_loop__E)
                  0000eec6    00000002     --HOLE-- [fill = 0]
                  0000eec8    0000000e                   : BIOS.obj (.text:ti_sysbios_knl_Queue_empty__E)
                  0000eed6    0000000c     drivers_tivaware.aem4f : RingBuf.oem4f (.text:RingBuf_peek)
                  0000eee2    0000000c     empty.obj (.text:TouchCheckTask)
                  0000eeee    0000000c     driverlib.lib : uart.obj (.text:UARTFlowControlSet)
                  0000eefa    0000000c     drivers_tivaware.aem4f : UARTTiva.oem4f (.text:UARTTiva_init)
                  0000ef06    00000002     --HOLE-- [fill = 0]
                  0000ef08    0000000c     rtsv7M4_T_le_v4SPD16_eabi.lib : _lock.c.obj (.text:_register_lock)
                  0000ef14    0000000c                                   : _lock.c.obj (.text:_register_unlock)
                  0000ef20    0000000c     GlobalDraw.obj (.text:btntest)
                  0000ef2c    0000000c     rtsv7M4_T_le_v4SPD16_eabi.lib : copy_zero_init.c.obj (.text:decompress:ZI:__TI_zero_init)
                  0000ef38    0000000c     sysbios.aem4f : BIOS.obj (.text:ti_sysbios_family_arm_lm4_Timer_getMaxTicks__E)
                  0000ef44    00000004     --HOLE-- [fill = 0]
                  0000ef48    0000000c                   : BIOS.obj (.text:ti_sysbios_family_arm_lm4_TimestampProvider_startTimer__E)
                  0000ef54    0000000c     empty_pem4f.oem4f (.text:ti_sysbios_family_arm_m3_Hwi_Params__init__S)
                  0000ef60    0000000c     sysbios.aem4f : BIOS.obj (.text:ti_sysbios_family_arm_m3_Hwi_disableFxn__E)
                  0000ef6c    00000004     --HOLE-- [fill = 0]
                  0000ef70    0000000c                   : BIOS.obj (.text:ti_sysbios_family_arm_m3_TaskSupport_checkStack__E)
                  0000ef7c    00000004     --HOLE-- [fill = 0]
                  0000ef80    0000000c                   : BIOS.obj (.text:ti_sysbios_family_arm_m3_TaskSupport_getStackAlignment__E)
                  0000ef8c    00000004     --HOLE-- [fill = 0]
                  0000ef90    0000000c                   : BIOS.obj (.text:ti_sysbios_gates_GateHwi_enter__E)
                  0000ef9c    0000000c     empty_pem4f.oem4f (.text:ti_sysbios_gates_GateMutexPri_Params__init__S)
                  0000efa8    0000000c     sysbios.aem4f : BIOS.obj (.text:ti_sysbios_hal_SecondsClock_set__E)
                  0000efb4    0000000c     empty_pem4f.oem4f (.text:ti_sysbios_hal_Timer_Params__init__S)
                  0000efc0    0000000c     empty_pem4f.oem4f (.text:ti_sysbios_knl_Clock_Params__init__S)
                  0000efcc    0000000c     Estop.obj (.text:ti_sysbios_knl_Event_handle)
                  0000efd8    0000000c     empty_pem4f.oem4f (.text:ti_sysbios_knl_Queue_Object__get__S)
                  0000efe4    0000000c     empty_pem4f.oem4f (.text:ti_sysbios_knl_Semaphore_Params__init__S)
                  0000eff0    0000000c     empty_pem4f.oem4f (.text:ti_sysbios_knl_Swi_Params__init__S)
                  0000effc    0000000c     empty_pem4f.oem4f (.text:ti_sysbios_knl_Task_Params__init__S)
                  0000f008    0000000c     driverlib.lib : udma.obj (.text:uDMAControlBaseSet)
                  0000f014    0000000c     ti.targets.arm.rtsarm.aem4f : Error.oem4f (.text:xdc_runtime_Error_init__E)
                  0000f020    0000000c                                 : Gate.oem4f (.text:xdc_runtime_Gate_enterSystem__E)
                  0000f02c    0000000c                                 : Memory.oem4f (.text:xdc_runtime_Memory_calloc__E)
                  0000f038    0000000c                                 : Memory.oem4f (.text:xdc_runtime_Memory_getMaxDefaultTypeAlign__E)
                  0000f044    0000000a     driverlib.lib : i2c.obj (.text:I2CMasterDisable)
                  0000f04e    0000000a                   : i2c.obj (.text:I2CMasterEnable)
                  0000f058    0000000a     drivers_tivaware.aem4f : I2CTiva.oem4f (.text:I2CTiva_init)
                  0000f062    0000000a                            : I2C.oem4f (.text:I2C_transfer)
                  0000f06c    0000000a     Kentec320x240x16_ssd2119_spi.obj (.text:Kentec320x240x16_SSD2119Flush)
                  0000f076    0000000a     driverlib.lib : ssi.obj (.text:SSIDataPut)
                  0000f080    0000000a                   : ssi.obj (.text:SSIEnable)
                  0000f08a    0000000a                   : uart.obj (.text:UARTCharGet)
                  0000f094    0000000a                   : uart.obj (.text:UARTCharPut)
                  0000f09e    0000000a                   : uart.obj (.text:UARTIntDisable)
                  0000f0a8    0000000a                   : uart.obj (.text:UARTIntStatus)
                  0000f0b2    0000000a     rtsv7M4_T_le_v4SPD16_eabi.lib : sprintf.c.obj (.text:_outc)
                  0000f0bc    00000004     --HOLE-- [fill = 0]
                  0000f0c0    0000000a     sysbios.aem4f : BIOS.obj (.text:ti_sysbios_hal_Timer_Instance_finalize__E)
                  0000f0ca    0000000a     empty_pem4f.oem4f (.text:xdc_runtime_IHeap_alloc)
                  0000f0d4    0000000a     empty_pem4f.oem4f (.text:xdc_runtime_IHeap_free)
                  0000f0de    00000008     EK_TM4C1294XL.obj (.text:EK_TM4C1294XL_initGPIO)
                  0000f0e6    00000008     grlib.lib : charmap.obj (.text:GrMapISO8859_1_Unicode)
                  0000f0ee    00000008     driverlib.lib : i2c.obj (.text:I2CMasterIntClear)
                  0000f0f6    00000008                   : i2c.obj (.text:I2CMasterSlaveAddrSet)
                  0000f0fe    00000008     drivers_tivaware.aem4f : I2CTiva.oem4f (.text:I2CTiva_blockingCallback)
                  0000f106    00000008     driverlib.lib : ssi.obj (.text:SSIBusy)
                  0000f10e    00000008                   : uart.obj (.text:UARTIntEnable)
                  0000f116    00000008                   : uart.obj (.text:UARTRxErrorGet)
                  0000f11e    00000002     --HOLE-- [fill = 0]
                  0000f120    00000008     rtsv7M4_T_le_v4SPD16_eabi.lib : errno.c.obj (.text:__aeabi_errno_addr)
                  0000f128    00000008     drivers_tivaware.aem4f : UARTTiva.oem4f (.text:readSemCallback)
                  0000f130    00000008     sysbios.aem4f : BIOS.obj (.text:ti_sysbios_family_arm_lm4_Timer_masterDisable__I)
                  0000f138    00000008                   : BIOS.obj (.text:ti_sysbios_family_arm_m3_Hwi_doSwiRestore__I)
                  0000f140    00000008                   : BIOS.obj (.text:ti_sysbios_family_arm_m3_Hwi_startup__E)
                  0000f148    00000008     drivers_tivaware.aem4f : UARTTiva.oem4f (.text:writeSemCallback)
                  0000f150    00000006     driverlib.lib : uart.obj (.text:UARTFIFOLevelSet)
                  0000f156    00000006                   : uart.obj (.text:UARTRxErrorClear)
                  0000f15c    00000006     grlib.lib : widget.obj (.text:WidgetMutexPut)
                  0000f162    00000006     ti.targets.arm.rtsarm.aem4f : System.oem4f (.text:xdc_runtime_System_Module_startup__E)
                  0000f168    00000006     sysbios.aem4f : BIOS.obj (.text:ti_sysbios_family_arm_lm4_TimestampProvider_Module_startup__E)
                  0000f16e    00000002     --HOLE-- [fill = 0]
                  0000f170    00000006                   : BIOS.obj (.text:ti_sysbios_family_arm_m3_Hwi_doTaskRestore__I)
                  0000f176    00000002     --HOLE-- [fill = 0]
                  0000f178    00000006                   : BIOS.obj (.text:ti_sysbios_family_arm_m3_Hwi_restoreFxn__E)
                  0000f17e    00000002     --HOLE-- [fill = 0]
                  0000f180    00000006                   : BIOS.obj (.text:ti_sysbios_gates_GateHwi_leave__E)
                  0000f186    00000002     --HOLE-- [fill = 0]
                  0000f188    00000006                   : BIOS.obj (.text:ti_sysbios_heaps_HeapMem_isBlocking__E)
                  0000f18e    00000002     --HOLE-- [fill = 0]
                  0000f190    00000006                   : BIOS.obj (.text:ti_sysbios_knl_Clock_stop__E)
                  0000f196    00000002     --HOLE-- [fill = 0]
                  0000f198    00000006                   : BIOS.obj (.text:ti_sysbios_knl_Queue_Instance_init__E)
                  0000f19e    00000002     --HOLE-- [fill = 0]
                  0000f1a0    00000006                   : BIOS.obj (.text:ti_sysbios_knl_Swi_startup__E)
                  0000f1a6    00000002     --HOLE-- [fill = 0]
                  0000f1a8    00000004                   : BIOS.obj (.text:ti_sysbios_family_arm_lm4_Timer_getPeriod__E)
                  0000f1ac    00000004     --HOLE-- [fill = 0]
                  0000f1b0    00000004                   : BIOS.obj (.text:ti_sysbios_gates_GateHwi_query__E)
                  0000f1b4    00000004     --HOLE-- [fill = 0]
                  0000f1b8    00000004                   : BIOS.obj (.text:ti_sysbios_gates_GateMutexPri_query__E)
                  0000f1bc    00000004     --HOLE-- [fill = 0]
                  0000f1c0    00000004                   : BIOS.obj (.text:ti_sysbios_gates_GateMutex_query__E)
                  0000f1c4    00000004     --HOLE-- [fill = 0]
                  0000f1c8    00000004                   : BIOS.obj (.text:ti_sysbios_knl_Task_startup__E)
                  0000f1cc    00000004     --HOLE-- [fill = 0]
                  0000f1d0    00000002                   : BIOS.obj (.text:ti_sysbios_gates_GateHwi_Instance_init__E)
                  0000f1d2    00000006     --HOLE-- [fill = 0]
                  0000f1d8    00000002                   : BIOS.obj (.text:ti_sysbios_knl_Clock_logTick__E)

.const     0    0000f1e0    000081a2     
                  0000f1e0    00001950     empty_pem4f.oem4f (.const:xdc_runtime_Text_charTab__A)
                  00010b30    00001000     rtsv7M4_T_le_v4SPD16_eabi.lib : s_exp2.c.obj (.const:tbl)
                  00011b30    0000095e     grlib.lib : fontcm20.obj (.const:.string:g_pui8Cm20Data)
                  0001248e    000008c1               : fontcmss20.obj (.const:.string:g_pui8Cmss20Data)
                  00012d4f    00000782               : fontcmss18b.obj (.const:.string:g_pui8Cmss18bData)
                  000134d1    00000759               : fontcm16.obj (.const:.string:g_pui8Cm16Data)
                  00013c2a    000005c7               : fontcmss12b.obj (.const:.string:g_pui8Cmss12bData)
                  000141f1    00000514               : fontcmss12.obj (.const:.string:g_pui8Cmss12Data)
                  00014705    0000024d     GUIImg.obj (.const:.string:g_pui8Logo)
                  00014952    0000020d     GUIImg.obj (.const:.string:g_pui8btn140x40)
                  00014b5f    0000020d     GUIImg.obj (.const:.string:g_pui8btn150x40Press)
                  00014d6c    0000017b     Images.obj (.const:.string:g_pui8CompS)
                  00014ee7    0000017b     Images.obj (.const:.string:g_pui8CompW)
                  00015062    0000017b     Images.obj (.const:.string:g_pui8accSlow)
                  000151dd    0000017b     Images.obj (.const:.string:g_pui8accfast)
                  00015358    0000017b     Images.obj (.const:.string:g_pui8accmid)
                  000154d3    00000178     Images.obj (.const:.string:g_pui8CompE)
                  0001564b    00000178     Images.obj (.const:.string:g_pui8CompN)
                  000157c3    00000163     Images.obj (.const:.string:g_pui8Stop)
                  00015926    00000160     Images.obj (.const:.string:g_pui8Go)
                  00015a86    0000015d     Images.obj (.const:.string:g_pui8idle)
                  00015be3    00000124     Images.obj (.const:.string:g_pui8Night)
                  00015d07    00000001     empty_pem4f.oem4f (.const:xdc_runtime_Error_policy__C)
                  00015d08    00000120     Boot.aem4f : Boot_sysctl.oem4f (.const:g_pppui32XTALtoVCO)
                  00015e28    00000107     GUIImg.obj (.const:.string:g_pui8arrowRight)
                  00015f2f    00000101     rtsv7M4_T_le_v4SPD16_eabi.lib : ctype.c.obj (.const:.string:_ctypes_)
                  00016030    000000f8     Images.obj (.const:.string:g_pui8Day)
                  00016128    000000dc     empty_pem4f.oem4f (.const:xdc_runtime_Text_nodeTab__A)
                  00016204    000000c8     grlib.lib : fontcm16.obj (.const:g_sFontCm16)
                  000162cc    000000c8               : fontcm20.obj (.const:g_sFontCm20)
                  00016394    000000c8               : fontcmss12.obj (.const:g_sFontCmss12)
                  0001645c    000000c8               : fontcmss12b.obj (.const:g_sFontCmss12b)
                  00016524    000000c8               : fontcmss18b.obj (.const:g_sFontCmss18b)
                  000165ec    000000c8               : fontcmss20.obj (.const:g_sFontCmss20)
                  000166b4    000000a5     GUIImg.obj (.const:.string:g_pui8arrowLeft)
                  00016759    00000001     --HOLE-- [fill = 0]
                  0001675a    00000002     empty_pem4f.oem4f (.const:ti_catalog_arm_cortexm4_tiva_ce_Boot_Module__id__C)
                  0001675c    00000090     driverlib.lib : gpio.obj (.const:g_pui32GPIOBaseAddrs)
                  000167ec    0000008a     GlobalDraw.obj (.const:.string)
                  00016876    00000076     GUIImg.obj (.const:.string:g_pui8backBtn)
                  000168ec    00000070     driverlib.lib : interrupt.obj (.const)
                  0001695c    0000006c     Boot.aem4f : Boot_sysctl.oem4f (.const:g_pui32Xtals)
                  000169c8    00000054     drivers_tivaware.aem4f : GPIOTiva.oem4f (.const:.string)
                  00016a1c    0000004c                            : UARTTiva.oem4f (.const)
                  00016a68    00000048     empty_pem4f.oem4f (.const:.string)
                  00016ab0    00000048     drivers_tivaware.aem4f : GPIOTiva.oem4f (.const:gpioBaseAddresses)
                  00016af8    0000003c     empty_pem4f.oem4f (.const:ti_sysbios_family_arm_lm4_Timer_Object__PARAMS__C)
                  00016b34    0000003c     empty_pem4f.oem4f (.const:ti_sysbios_knl_Task_Object__PARAMS__C)
                  00016b70    00000030     EK_TM4C1294XL.obj (.const:I2C_config)
                  00016ba0    00000030     Boot.aem4f : Boot_sysctl.oem4f (.const:g_sXTALtoMEMTIM)
                  00016bd0    00000030     empty_pem4f.oem4f (.const:ti_sysbios_family_arm_m3_Hwi_Object__PARAMS__C)
                  00016c00    00000030     empty_pem4f.oem4f (.const:ti_sysbios_hal_Timer_Object__PARAMS__C)
                  00016c30    00000030     empty_pem4f.oem4f (.const:xdc_runtime_Startup_sfxnTab__A)
                  00016c60    00000028     drivers_tivaware.aem4f : UARTTiva.oem4f (.const:UARTTiva_fxnTable)
                  00016c88    00000028     Kentec320x240x16_ssd2119_spi.obj (.const:g_sKentec320x240x16_SSD2119)
                  00016cb0    00000028     empty_pem4f.oem4f (.const:ti_sysbios_heaps_HeapMem_Module__FXNS__C)
                  00016cd8    00000028     empty_pem4f.oem4f (.const:ti_sysbios_knl_Swi_Object__PARAMS__C)
                  00016d00    00000024     drivers_tivaware.aem4f : UART.oem4f (.const:UART_defaultParams)
                  00016d24    00000024     EK_TM4C1294XL.obj (.const:i2cTivaHWAttrs)
                  00016d48    00000024     empty_pem4f.oem4f (.const:ti_sysbios_gates_GateHwi_Module__FXNS__C)
                  00016d6c    00000024     empty_pem4f.oem4f (.const:ti_sysbios_gates_GateMutexPri_Module__FXNS__C)
                  00016d90    00000024     empty_pem4f.oem4f (.const:ti_sysbios_gates_GateMutex_Module__FXNS__C)
                  00016db4    00000024     empty_pem4f.oem4f (.const:ti_sysbios_heaps_HeapMem_Object__PARAMS__C)
                  00016dd8    00000024     empty_pem4f.oem4f (.const:ti_sysbios_knl_Clock_Object__PARAMS__C)
                  00016dfc    00000024     empty_pem4f.oem4f (.const:ti_sysbios_knl_Semaphore_Object__PARAMS__C)
                  00016e20    00000020     empty_pem4f.oem4f (.const:ti_sysbios_family_arm_lm4_Timer_Object__DESC__C)
                  00016e40    00000020     empty_pem4f.oem4f (.const:ti_sysbios_family_arm_m3_Hwi_Object__DESC__C)
                  00016e60    00000020     empty_pem4f.oem4f (.const:ti_sysbios_gates_GateHwi_Object__DESC__C)
                  00016e80    00000020     empty_pem4f.oem4f (.const:ti_sysbios_gates_GateMutexPri_Object__DESC__C)
                  00016ea0    00000020     empty_pem4f.oem4f (.const:ti_sysbios_gates_GateMutex_Object__DESC__C)
                  00016ec0    00000020     empty_pem4f.oem4f (.const:ti_sysbios_hal_Timer_Object__DESC__C)
                  00016ee0    00000020     empty_pem4f.oem4f (.const:ti_sysbios_heaps_HeapMem_Object__DESC__C)
                  00016f00    00000020     empty_pem4f.oem4f (.const:ti_sysbios_knl_Clock_Object__DESC__C)
                  00016f20    00000020     empty_pem4f.oem4f (.const:ti_sysbios_knl_Event_Object__DESC__C)
                  00016f40    00000020     empty_pem4f.oem4f (.const:ti_sysbios_knl_Queue_Object__DESC__C)
                  00016f60    00000020     empty_pem4f.oem4f (.const:ti_sysbios_knl_Semaphore_Object__DESC__C)
                  00016f80    00000020     empty_pem4f.oem4f (.const:ti_sysbios_knl_Swi_Object__DESC__C)
                  00016fa0    00000020     empty_pem4f.oem4f (.const:ti_sysbios_knl_Task_Object__DESC__C)
                  00016fc0    0000001c     drivers_tivaware.aem4f : I2CTiva.oem4f (.const)
                  00016fdc    0000001c     touch.obj (.const:g_pi32TouchParameters)
                  00016ff8    00000018     EK_TM4C1294XL.obj (.const:UART_config)
                  00017010    00000018     empty_pem4f.oem4f (.const:ti_sysbios_gates_GateHwi_Object__PARAMS__C)
                  00017028    00000018     empty_pem4f.oem4f (.const:ti_sysbios_gates_GateMutexPri_Object__PARAMS__C)
                  00017040    00000018     empty_pem4f.oem4f (.const:ti_sysbios_gates_GateMutex_Object__PARAMS__C)
                  00017058    00000018     empty_pem4f.oem4f (.const:ti_sysbios_knl_Event_Object__PARAMS__C)
                  00017070    00000018     empty_pem4f.oem4f (.const:ti_sysbios_knl_Queue_Object__PARAMS__C)
                  00017088    00000018     EK_TM4C1294XL.obj (.const:uartTivaHWAttrs)
                  000170a0    00000018     empty_pem4f.oem4f (.const:xdc_runtime_Startup_sfxnRts__A)
                  000170b8    00000014     EK_TM4C1294XL.obj (.const:GPIOTiva_config)
                  000170cc    00000014     empty_pem4f.oem4f (.const:xdc_runtime_Startup_firstFxns__A)
                  000170e0    00000010     drivers_tivaware.aem4f : I2C.oem4f (.const)
                  000170f0    00000010     grlib.lib : context.obj (.const)
                  00017100    00000008     Boot.aem4f : Boot_sysctl.oem4f (.const)
                  00017108    00000008     empty_pem4f.oem4f (.const:ti_sysbios_family_arm_m3_Hwi_excHookFuncs__A)
                  00017110    00000008     empty_pem4f.oem4f (.const:ti_sysbios_knl_Idle_funcList__C)
                  00017118    00000008     empty_pem4f.oem4f (.const:xdc_runtime_Startup_firstFxns__C)
                  00017120    00000008     empty_pem4f.oem4f (.const:xdc_runtime_Startup_lastFxns__C)
                  00017128    00000004     empty_pem4f.oem4f (.const:ti_catalog_arm_cortexm4_tiva_ce_Boot_A_mustNotUseEnhancedClockMode__C)
                  0001712c    00000004     empty_pem4f.oem4f (.const:ti_catalog_arm_cortexm4_tiva_ce_Boot_Module__diagsEnabled__C)
                  00017130    00000004     empty_pem4f.oem4f (.const:ti_catalog_arm_cortexm4_tiva_ce_Boot_Module__diagsIncluded__C)
                  00017134    00000004     empty_pem4f.oem4f (.const:ti_catalog_arm_cortexm4_tiva_ce_Boot_Module__diagsMask__C)
                  00017138    00000004     empty_pem4f.oem4f (.const:ti_sysbios_family_arm_lm4_Timer_E_cannotSupport__C)
                  0001713c    00000004     empty_pem4f.oem4f (.const:ti_sysbios_family_arm_lm4_Timer_E_invalidTimer__C)
                  00017140    00000004     empty_pem4f.oem4f (.const:ti_sysbios_family_arm_lm4_Timer_E_noaltclk__C)
                  00017144    00000004     empty_pem4f.oem4f (.const:ti_sysbios_family_arm_lm4_Timer_E_notAvailable__C)
                  00017148    00000004     empty_pem4f.oem4f (.const:ti_sysbios_family_arm_lm4_Timer_anyMask__C)
                  0001714c    00000004     empty_pem4f.oem4f (.const:ti_sysbios_family_arm_lm4_Timer_disableFunc__C)
                  00017150    00000004     empty_pem4f.oem4f (.const:ti_sysbios_family_arm_lm4_Timer_enableFunc__C)
                  00017154    00000004     empty_pem4f.oem4f (.const:ti_sysbios_family_arm_lm4_Timer_numTimerDevices__C)
                  00017158    00000004     empty_pem4f.oem4f (.const:ti_sysbios_family_arm_lm4_Timer_startupNeeded__C)
                  0001715c    00000004     empty_pem4f.oem4f (.const:ti_sysbios_family_arm_m3_Hwi_E_NMI__C)
                  00017160    00000004     empty_pem4f.oem4f (.const:ti_sysbios_family_arm_m3_Hwi_E_alreadyDefined__C)
                  00017164    00000004     empty_pem4f.oem4f (.const:ti_sysbios_family_arm_m3_Hwi_E_busFault__C)
                  00017168    00000004     empty_pem4f.oem4f (.const:ti_sysbios_family_arm_m3_Hwi_E_debugMon__C)
                  0001716c    00000004     empty_pem4f.oem4f (.const:ti_sysbios_family_arm_m3_Hwi_E_hardFault__C)
                  00017170    00000004     empty_pem4f.oem4f (.const:ti_sysbios_family_arm_m3_Hwi_E_memFault__C)
                  00017174    00000004     empty_pem4f.oem4f (.const:ti_sysbios_family_arm_m3_Hwi_E_noIsr__C)
                  00017178    00000004     empty_pem4f.oem4f (.const:ti_sysbios_family_arm_m3_Hwi_E_reserved__C)
                  0001717c    00000004     empty_pem4f.oem4f (.const:ti_sysbios_family_arm_m3_Hwi_E_svCall__C)
                  00017180    00000004     empty_pem4f.oem4f (.const:ti_sysbios_family_arm_m3_Hwi_E_usageFault__C)
                  00017184    00000004     empty_pem4f.oem4f (.const:ti_sysbios_family_arm_m3_Hwi_NUM_INTERRUPTS__C)
                  00017188    00000004     empty_pem4f.oem4f (.const:ti_sysbios_family_arm_m3_Hwi_Object__count__C)
                  0001718c    00000004     empty_pem4f.oem4f (.const:ti_sysbios_family_arm_m3_Hwi_ccr__C)
                  00017190    00000004     empty_pem4f.oem4f (.const:ti_sysbios_family_arm_m3_Hwi_excHandlerFunc__C)
                  00017194    00000004     empty_pem4f.oem4f (.const:ti_sysbios_family_arm_m3_Hwi_excHookFuncs__C)
                  00017198    00000004     empty_pem4f.oem4f (.const:ti_sysbios_family_arm_m3_Hwi_nullIsrFunc__C)
                  0001719c    00000004     empty_pem4f.oem4f (.const:ti_sysbios_family_arm_m3_Hwi_priGroup__C)
                  000171a0    00000004     empty_pem4f.oem4f (.const:ti_sysbios_family_arm_m3_TaskSupport_stackAlignment__C)
                  000171a4    00000004     empty_pem4f.oem4f (.const:ti_sysbios_gates_GateMutexPri_A_badContext__C)
                  000171a8    00000004     empty_pem4f.oem4f (.const:ti_sysbios_gates_GateMutexPri_A_enterTaskDisabled__C)
                  000171ac    00000004     empty_pem4f.oem4f (.const:ti_sysbios_gates_GateMutexPri_Instance_State_pendQ__O)
[...]
00017250  ti_sysbios_knl_Semaphore_A_badContext__C                             
00017254  ti_sysbios_knl_Semaphore_A_noEvents__C                               
00017258  ti_sysbios_knl_Semaphore_A_overflow__C                               
0001725c  ti_sysbios_knl_Semaphore_A_pendTaskDisabled__C                       
00017260  ti_sysbios_knl_Semaphore_Instance_State_pendQ__O                     
00017264  ti_sysbios_knl_Semaphore_Module__diagsEnabled__C                     
00017268  ti_sysbios_knl_Semaphore_Module__diagsIncluded__C                    
0001726c  ti_sysbios_knl_Semaphore_Module__diagsMask__C                        
00017270  ti_sysbios_knl_Swi_A_badPriority__C                                  
00017274  ti_sysbios_knl_Swi_Module__diagsEnabled__C                           
00017278  ti_sysbios_knl_Swi_Module__diagsIncluded__C                          
0001727c  ti_sysbios_knl_Swi_Module__diagsMask__C                              
00017280  ti_sysbios_knl_Swi_Object__count__C                                  
00017284  ti_sysbios_knl_Task_A_badPriority__C                                 
00017288  ti_sysbios_knl_Task_A_badTaskState__C                                
0001728c  ti_sysbios_knl_Task_A_badThreadType__C                               
00017290  ti_sysbios_knl_Task_A_badTimeout__C                                  
00017294  ti_sysbios_knl_Task_A_noPendElem__C                                  
00017298  ti_sysbios_knl_Task_A_sleepTaskDisabled__C                           
0001729c  ti_sysbios_knl_Task_E_spOutOfBounds__C                               
000172a0  ti_sysbios_knl_Task_E_stackOverflow__C                               
000172a4  ti_sysbios_knl_Task_Module_State_inactiveQ__O                        
000172a8  ti_sysbios_knl_Task_Module__diagsEnabled__C                          
000172ac  ti_sysbios_knl_Task_Module__diagsIncluded__C                         
000172b0  ti_sysbios_knl_Task_Module__diagsMask__C                             
000172b4  ti_sysbios_knl_Task_Object__count__C                                 
000172b8  ti_sysbios_knl_Task_allBlockedFunc__C                                
000172bc  ti_sysbios_knl_Task_defaultStackHeap__C                              
000172c0  ti_sysbios_knl_Task_defaultStackSize__C                              
000172c4  ti_sysbios_knl_Task_numConstructedTasks__C                           
000172c8  xdc_runtime_Assert_E_assertFailed__C                                 
000172cc  xdc_runtime_Core_A_initializedParams__C                              
000172d0  xdc_runtime_Core_Module__diagsEnabled__C                             
000172d4  xdc_runtime_Core_Module__diagsIncluded__C                            
000172d8  xdc_runtime_Core_Module__diagsMask__C                                
000172dc  xdc_runtime_Error_E_memory__C                                        
000172e0  xdc_runtime_Error_Module__diagsEnabled__C                            
000172e4  xdc_runtime_Error_Module__diagsIncluded__C                           
000172e8  xdc_runtime_Error_Module__diagsMask__C                               
000172ec  xdc_runtime_Error_Module__loggerFxn8__C                              
000172f0  xdc_runtime_Error_Module__loggerObj__C                               
000172f4  xdc_runtime_Error_policyFxn__C                                       
000172f8  xdc_runtime_Error_raiseHook__C                                       
000172fc  xdc_runtime_IGateProvider_Interface__BASE__C                         
00017300  xdc_runtime_IHeap_Interface__BASE__C                                 
00017304  xdc_runtime_IModule_Interface__BASE__C                               
00017308  xdc_runtime_Log_L_error__C                                           
0001730c  xdc_runtime_Memory_defaultHeapInstance__C                            
00017310  xdc_runtime_Startup_execImpl__C                                      
00017314  xdc_runtime_Startup_lastFxns__A                                      
00017318  xdc_runtime_Startup_maxPasses__C                                     
0001731c  xdc_runtime_Startup_sfxnRts__C                                       
00017320  xdc_runtime_Startup_sfxnTab__C                                       
00017324  xdc_runtime_SysMin_bufSize__C                                        
00017328  xdc_runtime_SysMin_outputFunc__C                                     
0001732c  xdc_runtime_System_Module__gateObj__C                                
00017330  xdc_runtime_System_abortFxn__C                                       
00017334  xdc_runtime_System_exitFxn__C                                        
00017338  xdc_runtime_System_extendFxn__C                                      
0001733c  xdc_runtime_System_maxAtexitHandlers__C                              
00017340  xdc_runtime_Text_charTab__C                                          
00017344  xdc_runtime_Text_nameEmpty__C                                        
00017348  xdc_runtime_Text_nameStatic__C                                       
0001734c  xdc_runtime_Text_nameUnknown__C                                      
00017350  xdc_runtime_Text_nodeTab__C                                          
00017354  xdc_runtime_Text_visitRopeFxn__C                                     
00017358  ti_sysbios_family_arm_lm4_Timer_Module__id__C                        
0001735a  ti_sysbios_family_arm_lm4_Timer_supportsAltclk__C                    
0001735c  ti_sysbios_family_arm_m3_Hwi_Module__id__C                           
0001735e  ti_sysbios_gates_GateMutexPri_Module__id__C                          
00017360  ti_sysbios_gates_GateMutex_Module__id__C                             
00017362  ti_sysbios_hal_Hwi_Module__id__C                                     
00017364  ti_sysbios_heaps_HeapMem_Module__id__C                               
00017366  ti_sysbios_knl_Clock_Module__id__C                                   
00017368  ti_sysbios_knl_Event_Module__id__C                                   
0001736a  ti_sysbios_knl_Semaphore_Module__id__C                               
0001736c  ti_sysbios_knl_Swi_Module__id__C                                     
0001736e  ti_sysbios_knl_Task_Module__id__C                                    
00017370  xdc_runtime_Core_Module__id__C                                       
00017372  xdc_runtime_Error_Module__loggerDefined__C                           
00017374  xdc_runtime_Error_maxDepth__C                                        
00017376  xdc_runtime_Memory_Module__id__C                                     
00017378  xdc_runtime_SysMin_flushAtExit__C                                    
0001737a  xdc_runtime_Text_charCnt__C                                          
0001737c  xdc_runtime_Text_isLoaded__C                                         
0001737e  xdc_runtime_Text_registryModsLastId__C                               
00017380  xdc_runtime_Text_unnamedModsLastId__C                                
00017388  __TI_static_base__                                                   
00017798  __TI_Handler_Table_Base                                              
000177a4  __TI_Handler_Table_Limit                                             
000177b8  __TI_CINIT_Base                                                      
000177d0  __TI_CINIT_Limit                                                     
20000000  __start___llvm_prf_cnts                                              
20000000  __stop___llvm_prf_cnts                                               
20000000  ti_sysbios_family_arm_m3_Hwi_ramVectors                              
20000400  ti_sysbios_heaps_HeapMem_Instance_State_0_buf__A                     
20001400  readAccelStack                                                       
20001c00  readLightStack                                                       
20002400  task0Stack                                                           
20002c00  taskTouchStack                                                       
20003400  psDMAControlTable                                                    
20003800  xdc_runtime_SysMin_Module_State_0_outbuf__A                          
20003c00  ti_sysbios_family_arm_m3_Hwi_dispatchTable                           
20003f60  ti_sysbios_knl_Task_Instance_State_0_stack__A                        
20004160  AccelData                                                            
200042f0  LightData                                                            
20004480  i2cTivaObjects                                                       
20004740  __CIOBUF_                                                            
20004860  bmi160_accel_values                                                  
20004950  uartTivaObjects                                                      
20004a1c  EstopEvent                                                           
20004a20  Sensor_Filtered_Buffer                                               
20004b50  readAccelStruct                                                      
20004ba0  readLightStruct                                                      
20004bf0  task0Struct                                                          
20004c40  taskTouchStruct                                                      
20004c90  sContext                                                             
20004cbc  ScreenGate                                                           
20004cc0  opt3001_light_values                                                 
20004d08  uartTivaRingBuffer                                                   
20004d28  datetime                                                             
20004d40  evtStruct                                                            
20004d64  i2cParams                                                            
20004d7c  AccBox                                                               
20004d84  Banner                                                               
20004d8c  BannerB                                                              
20004d94  CurrBox                                                              
20004d9c  Distbox                                                              
20004da4  clearBox                                                             
20004dac  graphClear                                                           
20004db4  parmbuf                                                              
20004dbc  g_pi32ParmSet                                                        
20004dc4  g_ui32Panel                                                          
20004dcc  i2c                                                                  
20004dd0  postedStop                                                           
20004dd4  swiAccelSensorFilterHandle                                           
20004dd8  swiLightSensorFilterHandle                                           
20004ddc  timerclock                                                           
20004de0  uart                                                                 
20004de4  g_i16TouchX                                                          
20004de6  g_i16TouchY                                                          
20004de8  ti_sysbios_family_arm_lm4_Timer_Object__table__V                     
20004e68  ti_sysbios_knl_Swi_Module_State_0_readyQ__A                          
20004ee8  ti_sysbios_knl_Task_Module_State_0_readyQ__A                         
20004f68  MotorSpeedSlider                                                     
20004fc4  AccDownBtn                                                           
20005014  AccUpBtn                                                             
20005064  CurrentDownBtn                                                       
200050b4  CurrentUpBtn                                                         
20005104  DistDownBtn                                                          
20005154  DistUpBtn                                                            
200051a4  GraphPgBtn                                                           
200051f4  LightGraphBtn                                                        
20005244  MotorGraphBtn                                                        
20005294  MotorMode                                                            
200052e4  MotorPgBtn                                                           
20005334  PowerGraphBtn                                                        
20005384  SensorPgBtn                                                          
200053d4  TestGraphBtn                                                         
20005424  backGraphBtn                                                         
20005474  backGraphSelectBtn                                                   
200054c4  backMotorBtn                                                         
20005514  backSensorBtn                                                        
20005564  ti_sysbios_knl_Task_Object__table__V                                 
200055b0  ti_sysbios_family_arm_m3_Hwi_Object__table__V                        
200055f8  ti_sysbios_knl_Task_Module__state__V                                 
2000563c  g_Acceleration                                                       
2000567c  g_MotorStat                                                          
200056bc  g_sCanvas2                                                           
200056fc  g_sCanvas3                                                           
2000573c  g_scompass                                                           
2000577c  ti_sysbios_family_arm_lm4_Timer_Module_State_0_device__A             
200057bc  ti_sysbios_hal_SecondsClock_Module__state__V                         
200057f8  ti_sysbios_family_arm_m3_Hwi_Module__state__V                        
2000582c  ti_sysbios_knl_Swi_Object__table__V                                  
2000585c  g_sRoot                                                              
20005889  LightGraph                                                           
2000588a  AccelGraph                                                           
2000588b  OnSensorPage                                                         
2000588c  ti_sysbios_knl_Clock_Module__state__V                                
200058b8  LightSecond                                                          
200058c0  AccelSecond                                                          
200058c8  opt3001_filteredValue                                                
200058d0  FilteredAccelPos                                                     
200058d8  bmi160_filteredValue                                                 
200058e0  ti_sysbios_BIOS_Module__state__V                                     
20005904  ti_sysbios_family_arm_lm4_Timer_Module_State_0_handles__A            
20005924  gpioPinConfigs                                                       
20005940  ti_sysbios_gates_GateMutex_Object__table__V                          
2000595c  ti_sysbios_knl_Swi_Module__state__V                                  
20005978  ti_sysbios_gates_GateMutexPri_Object__table__V                       
20005990  ti_sysbios_heaps_HeapMem_Object__table__V                            
200059a8  motorStartStop                                                       
200059a9  HA                                                                   
200059aa  HB                                                                   
200059ab  HC                                                                   
200059ac  LowLight                                                             
200059ad  ongraph                                                              
200059b0  currentDirection                                                     
200059b4  CurrentMotorStat                                                     
200059b8  CurrentAcceleration                                                  
200059bc  ti_sysbios_family_arm_lm4_Timer_Module__state__V                     
200059c8  xdc_runtime_SysMin_Module__state__V                                  
200059d4  _lock                                                                
200059d8  _unlock                                                              
200059dc  gpioCallbackFunctions                                                
200059e4  ti_sysbios_family_arm_lm4_Timer_Module__root__V                      
200059ec  ti_sysbios_family_arm_lm4_TimestampProvider_Module__state__V         
200059f4  ti_sysbios_family_arm_m3_Hwi_Module__root__V                         
200059fc  ti_sysbios_gates_GateHwi_Module__root__V                             
20005a04  ti_sysbios_gates_GateMutexPri_Module__root__V                        
20005a0c  ti_sysbios_gates_GateMutex_Module__root__V                           
20005a14  ti_sysbios_hal_Timer_Module__root__V                                 
20005a1c  ti_sysbios_heaps_HeapMem_Module__root__V                             
20005a24  ti_sysbios_knl_Clock_Module__root__V                                 
20005a2c  ti_sysbios_knl_Event_Module__root__V                                 
20005a34  ti_sysbios_knl_Queue_Module__root__V                                 
20005a3c  ti_sysbios_knl_Semaphore_Module__root__V                             
20005a44  ti_sysbios_knl_Swi_Module__root__V                                   
20005a4c  ti_sysbios_knl_Task_Module__root__V                                  
20005a54  xdc_runtime_Registry_Module__state__V                                
20005a5c  xdc_runtime_Startup_Module__state__V                                 
20005a64  xdc_runtime_System_Module_State_0_atexitHandlers__A                  
20005a6c  xdc_runtime_System_Module__state__V                                  
20005a74  AccelStop                                                            
20005a76  PowerEstop                                                           
20005a78  EStop                                                                
20005a7a  ti_sysbios_family_arm_m3_Hwi_Module_State_0_excActive__A             
20005a82  xdc_runtime_Error_Module__state__V                                   
20005a84  MaxAccel                                                             
20005a90  errno                                                                
20005a94  main_func_sp                                                         
20005a98  ti_sysbios_family_arm_m3_Hwi_Module_State_0_excContext__A            
20005a9c  ti_sysbios_family_arm_m3_Hwi_Module_State_0_excStack__A              
20005aa0  ti_sysbios_gates_GateHwi_Object__table__V                            
20005aa4  ti_sysbios_knl_Task_Module_State_0_idleTask__A                       
20005aa8  g_i16TouchMin                                                        
20005aac  xdc_runtime_Memory_Module__state__V                                  
20005ab0  __stack                                                              
20005eb0  __STACK_END                                                          
e000e000  ti_sysbios_family_arm_m3_Hwi_nvic                                    
ffffffff  __TI_pprof_out_hndl                                                  
ffffffff  __TI_prof_data_size                                                  
ffffffff  __TI_prof_data_start                                                 
ffffffff  __binit__                                                            
ffffffff  __c_args__                                                           
ffffffff  binit                                                                
UNDEFED   SHT$$INIT_ARRAY$$Base                                                
UNDEFED   SHT$$INIT_ARRAY$$Limit                                               

[1016 symbols]
