******************************************************************************
                  TI ARM Linker PC v20.2.5                     
******************************************************************************
>> Linked Wed May 11 21:29:43 2022

OUTPUT FILE NAME:   <EGH456MotorProject.out>
ENTRY POINT SYMBOL: "_c_int00"  address: 0000c3b5


MEMORY CONFIGURATION

         name            origin    length      used     unused   attr    fill
----------------------  --------  ---------  --------  --------  ----  --------
  FLASH                 00000000   00100000  0001aa8c  000e5574  R  X
  SRAM                  20000000   00040000  000045fc  0003ba04  RW X


SEGMENT ALLOCATION MAP

run origin  load origin   length   init length attrs members
----------  ----------- ---------- ----------- ----- -------
00000000    00000000    0001aa98   0001aa98    r-x
  00000000    00000000    0000003c   0000003c    r-- .resetVecs
  00000040    00000040    0000f63a   0000f63a    r-x .text
  0000f680    0000f680    0000ab26   0000ab26    r-- .const
  0001a1a8    0001a1a8    000008f0   000008f0    r-- .cinit
20000000    20000000    00000360   00000000    rw-
  20000000    20000000    00000360   00000000    rw- .vecs
20000400    20000400    000042a0   00000000    rw-
  20000400    20000400    000024d4   00000000    rw- .bss
  200028d8    200028d8    00001ac8   00000000    rw- .data
  200043a0    200043a0    00000300   00000000    rw- .stack


SECTION ALLOCATION MAP

 output                                  attributes/
section   page    origin      length       input sections
--------  ----  ----------  ----------   ----------------
.text      0    00000040    0000f63a     
                  00000040    00000a4e     rtsv7M4_T_le_v4SPD16_eabi.lib : _printfi.c.obj (.text:__TI_printfi)
                  00000a8e    00000002                                   : _lock.c.obj (.text:_nop)
                  00000a90    000006ac     MotorLib.lib : motorlib.obj (.text)
                  0000113c    00000438     ustdlib.obj (.text:uvsnprintf)
                  00001574    00000004     driverlib.lib : i2c.obj (.text:I2CMasterControl)
                  00001578    00000430     sysbios.aem4f : BIOS.obj (.text:ti_sysbios_family_arm_m3_Hwi_excDumpRegs__I)
                  000019a8    00000378     empty.obj (.text:MotorPage)
                  00001d20    00000374     empty.obj (.text:GraphPrimitive)
                  00002094    00000374     grlib.lib : image.obj (.text:InternalImageDraw)
                  00002408    0000034c     ti.targets.arm.rtsarm.aem4f : System.oem4f (.text:xdc_runtime_System_doPrint__I)
                  00002754    000002f8     grlib.lib : image.obj (.text:PixelTransparentDraw)
                  00002a4c    000002d8     empty.obj (.text:SensorPage)
                  00002d24    000002c6     grlib.lib : slider.obj (.text:SliderPaint)
                  00002fea    00000002     rtsv7M4_T_le_v4SPD16_eabi.lib : div0.asm.obj (.text)
                  00002fec    000002b0     Clock.obj (.text:timeConvert)
                  0000329c    00000004     driverlib.lib : i2c.obj (.text:I2CMasterDataGet)
                  000032a0    000002a4     sysbios.aem4f : BIOS.obj (.text:ti_sysbios_knl_Semaphore_pend__E)
                  00003544    00000278     empty.obj (.text:OnPrimitivePaint)
                  000037bc    00000270     rtsv7M4_T_le_v4SPD16_eabi.lib : _printfi.c.obj (.text:_pconv_a)
                  00003a2c    00000004     driverlib.lib : i2c.obj (.text:I2CMasterDataPut)
                  00003a30    0000026c     sysbios.aem4f : BIOS.obj (.text:ti_sysbios_heaps_HeapMem_free__E)
                  00003c9c    00000268     touch.obj (.text:TouchScreenDebouncer)
                  00003f04    00000254     grlib.lib : string.obj (.text:GrFontGlyphRender)
                  00004158    00000250     sysbios.aem4f : BIOS.obj (.text:ti_sysbios_heaps_HeapMem_alloc__E)
                  000043a8    00000234                   : BIOS.obj (.text:ti_sysbios_knl_Task_Instance_finalize__E)
                  000045dc    00000228     empty.obj (.text:OnIntroPaint)
                  00004804    00000004     driverlib.lib : uart.obj (.text:UARTIntClear)
                  00004808    0000021c     sysbios.aem4f : BIOS.obj (.text:ti_sysbios_family_arm_lm4_Timer_Instance_init__E)
                  00004a24    0000020e     grlib.lib : checkbox.obj (.text:CheckBoxPaint)
                  00004c32    00000002     empty_pem4f.oem4f (.text:ti_sysbios_BIOS_nullFunc__I)
                  00004c34    0000020c     drivers_tivaware.aem4f : UARTTiva.oem4f (.text:UARTTiva_open)
                  00004e40    00000208     grlib.lib : circle.obj (.text:GrCircleDraw)
                  00005048    00000204     Boot.aem4f : Boot_sysctl.oem4f (.text:ti_catalog_arm_cortexm4_tiva_ce_Boot_sysCtlClockFreqSetI__I)
                  0000524c    00000004     grlib.lib : widget.obj (.text:WidgetDefaultMsgProc)
                  00005250    000001f4     sysbios.aem4f : BIOS.obj (.text:ti_sysbios_family_arm_m3_Hwi_excHandlerMax__I)
                  00005444    000001e4     Kentec320x240x16_ssd2119_spi.obj (.text:Kentec320x240x16_SSD2119Init)
                  00005628    000001dc     Kentec320x240x16_ssd2119_spi.obj (.text:Kentec320x240x16_SSD2119PixelDrawMultiple)
                  00005804    000001d0     rtsv7M4_T_le_v4SPD16_eabi.lib : _printfi.c.obj (.text:_pconv_g)
                  000059d4    00000004                                   : exit.c.obj (.text:abort:abort)
                  000059d8    000001c8     sysbios.aem4f : BIOS.obj (.text:ti_sysbios_knl_Task_sleep__E)
                  00005ba0    000001c0                   : BIOS.obj (.text:ti_sysbios_knl_Task_Instance_init__E)
                  00005d60    000001b6     grlib.lib : radiobutton.obj (.text:RadioButtonPaint)
                  00005f16    000001b6     rtsv7M4_T_le_v4SPD16_eabi.lib : fd_add_t2.asm.obj (.text)
                  000060cc    000001b4     GlobalDraw.obj (.text:TopBarDraw)
                  00006280    000001a4     empty.obj (.text:heartBeatFxn)
                  00006424    00000190     grlib.lib : canvas.obj (.text:CanvasPaint)
                  000065b4    00000184     empty.obj (.text:UpdateGraphPlot)
                  00006738    0000017e     grlib.lib : pushbutton.obj (.text:RectangularButtonPaint)
                  000068b6    00000002     empty_pem4f.oem4f (.text:xdc_runtime_Startup_reset__I)
                  000068b8    0000017c     empty.obj (.text:main)
                  00006a34    00000178     touch.obj (.text:TouchScreenIntHandler)
                  00006bac    00000004     empty_pem4f.oem4f (.text:ti_sysbios_BIOS_RtsGateProxy_enter__E)
                  00006bb0    00000174     sysbios.aem4f : BIOS.obj (.text:ti_sysbios_family_arm_m3_Hwi_excBusFault__I)
                  00006d24    00000170     drivers_tivaware.aem4f : PWMTiva.oem4f (.text:PWMTiva_open)
                  00006e94    00000004     empty_pem4f.oem4f (.text:ti_sysbios_BIOS_RtsGateProxy_leave__E)
                  00006e98    00000164     sysbios.aem4f : BIOS.obj (.text:ti_sysbios_family_arm_m3_Hwi_excUsageFault__I)
                  00006ffc    00000154     grlib.lib : container.obj (.text:ContainerPaint)
                  00007150    00000150     drivers_tivaware.aem4f : GPIOTiva.oem4f (.text:GPIO_setConfig)
                  000072a0    00000148     sysbios.aem4f : BIOS.obj (.text:ti_sysbios_family_arm_m3_Hwi_excMemFault__I)
                  000073e8    00000144     grlib.lib : circle.obj (.text:GrCircleFill)
                  0000752c    0000013c     rtsv7M4_T_le_v4SPD16_eabi.lib : _printfi.c.obj (.text:_pconv_e)
                  00007668    0000013c     sysbios.aem4f : BIOS.obj (.text:ti_sysbios_heaps_HeapMem_Instance_init__E)
                  000077a4    00000136     rtsv7M4_T_le_v4SPD16_eabi.lib : fd_div_t2.asm.obj (.text)
                  000078da    00000130     driverlib.lib : gpio.obj (.text:GPIOPadConfigSet)
                  00007a0a    00000002     --HOLE-- [fill = 0]
                  00007a0c    0000012c     GlobalDraw.obj (.text:BannerInit)
                  00007b38    00000124     rtsv7M4_T_le_v4SPD16_eabi.lib : _printfi.c.obj (.text:fcvt)
                  00007c5c    00000118     ti.targets.arm.rtsarm.aem4f : Error.oem4f (.text:xdc_runtime_Error_policyDefault__E)
                  00007d74    00000114     drivers_tivaware.aem4f : PWMTimerTiva.oem4f (.text:PWMTimerTiva_open)
                  00007e88    00000110     rtsv7M4_T_le_v4SPD16_eabi.lib : s_scalbn.c.obj (.text:scalbn)
                  00007f98    0000010c     Kentec320x240x16_ssd2119_spi.obj (.text:Kentec320x240x16_SSD2119RectFill)
                  000080a4    0000010c     touch.obj (.text:TouchScreenInit)
                  000081b0    00000108     sysbios.aem4f : BIOS.obj (.text:ti_sysbios_family_arm_lm4_Timer_start__E)
                  000082b8    00000108                   : BIOS.obj (.text:ti_sysbios_knl_Clock_Instance_init__E)
                  000083c0    00000106     grlib.lib : line.obj (.text:GrLineDraw)
                  000084c6    00000002     --HOLE-- [fill = 0]
                  000084c8    00000100     ti.targets.arm.rtsarm.aem4f : Core-mem.oem4f (.text:xdc_runtime_Core_createObject__I)
                  000085c8    000000fc     rtsv7M4_T_le_v4SPD16_eabi.lib : fd_mul_t2.asm.obj (.text)
                  000086c4    000000f8                                   : s_floor.c.obj (.text:floor)
                  000087bc    000000f8     ti.targets.arm.rtsarm.aem4f : Startup.oem4f (.text:xdc_runtime_Startup_startMods__I)
                  000088b4    000000f8     empty_pem4f.oem4f (.text:xdc_runtime_System_printfExtend__I)
                  000089ac    000000f4     sysbios.aem4f : m3_Hwi_asm.obj (.text:ti_sysbios_family_arm_m3_Hwi_dispatch__I)
                  00008aa0    000000f2     grlib.lib : pushbutton.obj (.text:RectangularButtonClick)
                  00008b92    000000f0     drivers_tivaware.aem4f : PWMTiva.oem4f (.text:PWMTiva_setDuty)
                  00008c82    00000006     driverlib.lib : gpio.obj (.text:GPIOIntClear)
                  00008c88    000000ec     sysbios.aem4f : BIOS.obj (.text:ti_sysbios_knl_Semaphore_post__E)
                  00008d74    000000e8     grlib.lib : widget.obj (.text:WidgetMessageQueueAdd)
                  00008e5c    000000e0     drivers_tivaware.aem4f : I2CTiva.oem4f (.text:I2CTiva_open)
                  00008f3c    000000d8     empty.obj (.text:graphSelectPage)
                  00009014    000000d6     drivers_tivaware.aem4f : I2CTiva.oem4f (.text:I2CTiva_hwiFxn)
                  000090ea    000000d6     grlib.lib : slider.obj (.text:SliderClick)
                  000091c0    000000cc     ti.targets.arm.rtsarm.aem4f : Core-smem.oem4f (.text:xdc_runtime_Core_constructObject__I)
                  0000928c    000000c0     grlib.lib : string.obj (.text:GrDefaultStringRenderer)
                  0000934c    00000004     sysbios.aem4f : BIOS.obj (.text:ti_sysbios_family_arm_lm4_Timer_masterEnable__I)
                  00009350    000000bc                   : BIOS.obj (.text:ti_sysbios_family_arm_m3_Hwi_excDebugMon__I)
                  0000940c    00000004     empty_pem4f.oem4f (.text:ti_sysbios_family_arm_m3_Hwi_delete)
                  00009410    000000bc     sysbios.aem4f : BIOS.obj (.text:ti_sysbios_family_arm_m3_Hwi_excHardFault__I)
                  000094cc    000000b8     EK_TM4C1294XL.obj (.text:EK_TM4C1294XL_initGeneral)
                  00009584    000000b8     grlib.lib : line.obj (.text:GrLineClip)
                  0000963c    000000b8     Kentec320x240x16_ssd2119_spi.obj (.text:InitSPILCDInterface)
                  000096f4    000000b8     empty.obj (.text:MainPage)
                  000097ac    000000b8     drivers_tivaware.aem4f : PWMTimerTiva.oem4f (.text:PWMTimerTiva_setDuty)
                  00009864    000000b4     empty.obj (.text:OnCanvasPaint)
                  00009918    000000b4     empty.obj (.text:OnRadioChange)
                  000099cc    000000b4     empty.obj (.text:OnSliderChange)
                  00009a80    000000b4     grlib.lib : widget.obj (.text:WidgetMessageSendPostOrder)
                  00009b34    00000004     empty_pem4f.oem4f (.text:ti_sysbios_family_arm_m3_Hwi_destruct)
                  00009b38    000000b4     sysbios.aem4f : BIOS.obj (.text:ti_sysbios_gates_GateMutex_enter__E)
                  00009bec    00000004     empty_pem4f.oem4f (.text:ti_sysbios_family_arm_m3_TaskSupport_Module__startupDone__S)
                  00009bf0    000000b4     sysbios.aem4f : BIOS.obj (.text:ti_sysbios_knl_Task_checkStacks__E)
                  00009ca4    000000b1     rtsv7M4_T_le_v4SPD16_eabi.lib : _printfi.c.obj (.text:_ltostr)
                  00009d55    00000001     --HOLE-- [fill = 0]
                  00009d56    000000b0     grlib.lib : slider.obj (.text:SliderValueToPosition)
                  00009e06    000000ac     drivers_tivaware.aem4f : UARTTiva.oem4f (.text:readTaskBlocking)
                  00009eb2    00000006     driverlib.lib : gpio.obj (.text:GPIOPinRead)
                  00009eb8    000000ac     sysbios.aem4f : BIOS.obj (.text:ti_sysbios_family_arm_lm4_Timer_enableTiva__I)
                  00009f64    00000004     empty_pem4f.oem4f (.text:ti_sysbios_hal_Timer_TimerProxy_delete)
                  00009f68    000000a4     sysbios.aem4f : BIOS.obj (.text:ti_sysbios_knl_Clock_Instance_finalize__E)
                  0000a00c    000000a0     auto_init.aem4f : auto_init.oem4f (.text)
                  0000a0ac    000000a0     ti.targets.arm.rtsarm.aem4f : Text.oem4f (.text:xdc_runtime_Text_putMod__E)
                  0000a14c    0000009c     rtsv7M4_T_le_v4SPD16_eabi.lib : memcpy_t2.asm.obj (.text)
                  0000a1e8    0000009c     sysbios.aem4f : BIOS.obj (.text:ti_sysbios_knl_Semaphore_Instance_init__E)
                  0000a284    0000009a     ti.targets.arm.rtsarm.aem4f : Text.oem4f (.text:xdc_runtime_Text_putSite__E)
                  0000a31e    00000098     drivers_tivaware.aem4f : UARTTiva.oem4f (.text:UARTTiva_readPolling)
                  0000a3b6    00000002     --HOLE-- [fill = 0]
                  0000a3b8    00000098     Boot.aem4f : Boot.oem4f (.text:ti_catalog_arm_cortexm4_tiva_ce_Boot_sysCtlClockFreqSet__E)
                  0000a450    00000096     rtsv7M4_T_le_v4SPD16_eabi.lib : ull_div_t2.asm.obj (.text)
                  0000a4e6    00000094     drivers_tivaware.aem4f : UARTTiva.oem4f (.text:UARTTiva_write)
                  0000a57a    00000006     driverlib.lib : gpio.obj (.text:GPIOPinWrite)
                  0000a580    00000094     sysbios.aem4f : BIOS.obj (.text:ti_sysbios_family_arm_m3_Hwi_Instance_init__E)
                  0000a614    00000004     empty_pem4f.oem4f (.text:ti_sysbios_heaps_HeapMem_Module_GateProxy_enter__E)
                  0000a618    00000094     sysbios.aem4f : BIOS.obj (.text:ti_sysbios_family_arm_m3_Hwi_initNVIC__E)
                  0000a6ac    00000004     empty_pem4f.oem4f (.text:ti_sysbios_heaps_HeapMem_Module_GateProxy_leave__E)
                  0000a6b0    00000094     sysbios.aem4f : BIOS.obj (.text:ti_sysbios_knl_Task_postInit__I)
                  0000a744    00000090     grlib.lib : radiobutton.obj (.text:RadioButtonClick)
                  0000a7d4    0000008c     drivers_tivaware.aem4f : GPIOTiva.oem4f (.text:GPIO_init)
                  0000a860    0000008c                            : UARTTiva.oem4f (.text:UARTTiva_control)
                  0000a8ec    0000008c     sysbios.aem4f : m3_TaskSupport_asm.obj (.text:ti_sysbios_family_arm_m3_TaskSupport_buildTaskStack)
                  0000a978    0000008c                   : BIOS.obj (.text:ti_sysbios_hal_SecondsClock_Module_startup__E)
                  0000aa04    0000008a     drivers_tivaware.aem4f : UARTTiva.oem4f (.text:readIsrTextBlocking)
                  0000aa8e    00000002     --HOLE-- [fill = 0]
                  0000aa90    00000088                            : PWMTiva.oem4f (.text:PWMTiva_control)
                  0000ab18    00000086     grlib.lib : rectangle.obj (.text:GrRectFill)
                  0000ab9e    00000086     rtsv7M4_T_le_v4SPD16_eabi.lib : fd_cmp_t2.asm.obj (.text:__aeabi_cdcmple)
                  0000ac24    00000086                                   : fd_cmp_t2.asm.obj (.text:__aeabi_cdrcmple)
                  0000acaa    00000084     empty.obj (.text:ArrayUpdate)
                  0000ad2e    00000002     --HOLE-- [fill = 0]
                  0000ad30    00000084     sysbios.aem4f : BIOS.obj (.text:ti_sysbios_family_arm_m3_Hwi_postInit__I)
                  0000adb4    00000082     drivers_tivaware.aem4f : UARTTiva.oem4f (.text:readIsrTextCallback)
                  0000ae36    00000080     grlib.lib : rectangle.obj (.text:GrRectIntersectGet)
                  0000aeb6    00000002     --HOLE-- [fill = 0]
                  0000aeb8    00000080     empty.obj (.text:OnCheckChange)
                  0000af38    0000007e     drivers_tivaware.aem4f : I2CTiva.oem4f (.text:I2CTiva_transfer)
                  0000afb6    00000002     --HOLE-- [fill = 0]
                  0000afb8    0000007c     sysbios.aem4f : BIOS.obj (.text:ti_sysbios_family_arm_lm4_Timer_disableTiva__I)
                  0000b034    0000007a     driverlib.lib : adc.obj (.text:ADCSequenceStepConfigure)
                  0000b0ae    0000007a     drivers_tivaware.aem4f : UARTTiva.oem4f (.text:readTaskCallback)
                  0000b128    0000007a     rtsv7M4_T_le_v4SPD16_eabi.lib : memset_t2.asm.obj (.text)
                  0000b1a2    00000006     grlib.lib : string.obj (.text:GrContextFontSet)
                  0000b1a8    00000074     sysbios.aem4f : BIOS.obj (.text:ti_sysbios_knl_Clock_start__E)
                  0000b21c    00000070     empty.obj (.text:GraphPage)
                  0000b28c    00000004     empty_pem4f.oem4f (.text:ti_sysbios_knl_Clock_TimerProxy_getFreq__E)
                  0000b290    00000070     sysbios.aem4f : BIOS.obj (.text:ti_sysbios_knl_Clock_workFunc__E)
                  0000b300    00000070                   : BIOS.obj (.text:ti_sysbios_knl_Task_exit__E)
                  0000b370    0000006e     rtsv7M4_T_le_v4SPD16_eabi.lib : _printfi.c.obj (.text:_mcpy)
                  0000b3de    00000002     --HOLE-- [fill = 0]
                  0000b3e0    0000006d     ti.targets.arm.rtsarm.aem4f : System.oem4f (.text:xdc_runtime_System_formatNum__I)
                  0000b44d    00000003     --HOLE-- [fill = 0]
                  0000b450    0000006c     empty.obj (.text:CalcAvg)
                  0000b4bc    0000006c     drivers_tivaware.aem4f : PWMTimerTiva.oem4f (.text:PWMTimerTiva_control)
                  0000b528    0000006c     empty_pem4f.oem4f (.text:ti_sysbios_family_arm_lm4_Timer_Object__create__S)
                  0000b594    00000004     empty_pem4f.oem4f (.text:ti_sysbios_knl_Clock_TimerProxy_getMaxTicks__E)
                  0000b598    0000006c     sysbios.aem4f : BIOS.obj (.text:ti_sysbios_knl_Swi_restoreHwi__E)
                  0000b604    0000006c     drivers_tivaware.aem4f : UARTTiva.oem4f (.text:writeData)
                  0000b670    0000006c     ti.targets.arm.rtsarm.aem4f : Error.oem4f (.text:xdc_runtime_Error_print__E)
                  0000b6dc    0000006c                                 : Memory.oem4f (.text:xdc_runtime_Memory_alloc__E)
                  0000b748    0000006a     drivers_tivaware.aem4f : PWMTiva.oem4f (.text:PWMTiva_close)
                  0000b7b2    00000002     --HOLE-- [fill = 0]
                  0000b7b4    00000068     EK_TM4C1294XL.obj (.text:EK_TM4C1294XL_initI2C)
                  0000b81c    00000068     grlib.lib : context.obj (.text:GrContextInit)
                  0000b884    00000068               : string.obj (.text:GrStringWidthGet)
                  0000b8ec    00000068     driverlib.lib : interrupt.obj (.text:IntEnable)
                  0000b954    00000068     Kentec320x240x16_ssd2119_spi.obj (.text:Kentec320x240x16_SSD2119LineDrawH)
                  0000b9bc    00000068     Kentec320x240x16_ssd2119_spi.obj (.text:Kentec320x240x16_SSD2119LineDrawV)
                  0000ba24    00000068     rtsv7M4_T_le_v4SPD16_eabi.lib : copy_decompress_lzss.c.obj (.text:decompress:lzss:__TI_decompress_lzss)
                  0000ba8c    00000066     grlib.lib : context.obj (.text:GrContextClipRegionSet)
                  0000baf2    00000066               : rectangle.obj (.text:GrRectDraw)
                  0000bb58    00000066     ti.targets.arm.rtsarm.aem4f : Core-mem.oem4f (.text:xdc_runtime_Core_deleteObject__I)
                  0000bbbe    00000002     --HOLE-- [fill = 0]
                  0000bbc0    00000064     drivers_tivaware.aem4f : GPIOTiva.oem4f (.text:GPIO_hwiIntFxn)
                  0000bc24    00000064     grlib.lib : widget.obj (.text:WidgetMessageQueueProcess)
                  0000bc88    00000064     rtsv7M4_T_le_v4SPD16_eabi.lib : s_frexp.c.obj (.text:frexp)
                  0000bcec    00000004     empty_pem4f.oem4f (.text:ti_sysbios_knl_Clock_TimerProxy_getPeriod__E)
                  0000bcf0    00000064     sysbios.aem4f : BIOS.obj (.text:ti_sysbios_family_arm_lm4_Timer_Module_startup__E)
                  0000bd54    00000064     empty_pem4f.oem4f (.text:ti_sysbios_family_arm_m3_Hwi_create)
                  0000bdb8    00000064     sysbios.aem4f : BIOS.obj (.text:ti_sysbios_family_arm_m3_Hwi_dispatchC__I)
                  0000be1c    00000064     empty_pem4f.oem4f (.text:ti_sysbios_hal_Timer_create)
                  0000be80    00000064     Clock.obj (.text:timer1sec)
                  0000bee4    00000062     drivers_tivaware.aem4f : I2CTiva.oem4f (.text:I2CTiva_primeTransfer)
                  0000bf46    00000002     --HOLE-- [fill = 0]
                  0000bf48    00000060     driverlib.lib : timer.obj (.text:TimerConfigure)
                  0000bfa8    00000060     Kentec320x240x16_ssd2119_spi.obj (.text:WriteDataSPI)
                  0000c008    00000060     sysbios.aem4f : BIOS.obj (.text:ti_sysbios_knl_Task_schedule__I)
                  0000c068    0000005e     grlib.lib : widget.obj (.text:WidgetMessageSendPreOrder)
                  0000c0c6    0000005e     drivers_tivaware.aem4f : UARTTiva.oem4f (.text:readIsrBinaryBlocking)
                  0000c124    0000005c     Kentec320x240x16_ssd2119_spi.obj (.text:WriteCommandSPI)
                  0000c180    0000005c     sysbios.aem4f : BIOS.obj (.text:ti_sysbios_knl_Swi_run__I)
                  0000c1dc    00000004     empty_pem4f.oem4f (.text:ti_sysbios_knl_Clock_destruct)
                  0000c1e0    0000005c     sysbios.aem4f : BIOS.obj (.text:ti_sysbios_knl_Swi_schedule__I)
                  0000c23c    00000004     empty_pem4f.oem4f (.text:ti_sysbios_knl_Queue_destruct)
                  0000c240    0000005c     sysbios.aem4f : BIOS.obj (.text:ti_sysbios_knl_Task_Module_startup__E)
                  0000c29c    00000004     empty_pem4f.oem4f (.text:ti_sysbios_knl_Semaphore_destruct)
                  0000c2a0    0000005c     sysbios.aem4f : BIOS.obj (.text:ti_sysbios_knl_Task_startCore__E)
                  0000c2fc    0000005b     ti.targets.arm.rtsarm.aem4f : Text.oem4f (.text:xdc_runtime_Text_putLab__E)
                  0000c357    00000001     --HOLE-- [fill = 0]
                  0000c358    0000005a     grlib.lib : string.obj (.text:FontWideGlyphDataGet)
                  0000c3b2    00000002     --HOLE-- [fill = 0]
                  0000c3b4    00000058     boot.aem4f : boot.oem4f (.text)
                  0000c40c    00000058     rtsv7M4_T_le_v4SPD16_eabi.lib : hostwrite.c.obj (.text:HOSTwrite)
                  0000c464    00000058     grlib.lib : slider.obj (.text:SliderPositionToValue)
                  0000c4bc    00000058     driverlib.lib : timer.obj (.text:TimerControlTrigger)
                  0000c514    00000004     ti.targets.arm.rtsarm.aem4f : Error.oem4f (.text:xdc_runtime_Error_getSite__E)
                  0000c518    00000058     sysbios.aem4f : BIOS.obj (.text:ti_sysbios_family_arm_lm4_Timer_Instance_finalize__E)
                  0000c570    00000058     empty_pem4f.oem4f (.text:ti_sysbios_family_arm_m3_Hwi_construct)
                  0000c5c8    00000058     sysbios.aem4f : m3_Hwi_asm_switch.obj (.text:ti_sysbios_family_arm_m3_Hwi_initStacks__E)
                  0000c620    00000058     ustdlib.obj (.text:ustrncpy)
                  0000c678    00000056     driverlib.lib : gpio.obj (.text:GPIOIntTypeSet)
                  0000c6ce    00000056     rtsv7M4_T_le_v4SPD16_eabi.lib : _printfi.c.obj (.text:_pconv_f)
                  0000c724    00000054                                   : _ltoa.c.obj (.text:__TI_ltoa)
                  0000c778    00000054     drivers_tivaware.aem4f : UARTTiva.oem4f (.text:readIsrBinaryCallback)
                  0000c7cc    00000004     empty_pem4f.oem4f (.text:xdc_runtime_System_Module_GateProxy_enter__E)
                  0000c7d0    00000054     sysbios.aem4f : BIOS.obj (.text:ti_sysbios_family_arm_lm4_Timer_initDevice__I)
                  0000c824    00000054     empty_pem4f.oem4f (.text:ti_sysbios_knl_Task_construct)
                  0000c878    00000054     ti.targets.arm.rtsarm.aem4f : Assert.oem4f (.text:xdc_runtime_Assert_raise__I)
                  0000c8cc    00000052     rtsv7M4_T_le_v4SPD16_eabi.lib : _printfi.c.obj (.text:_ecpy)
                  0000c91e    00000002     --HOLE-- [fill = 0]
                  0000c920    00000050     empty.obj (.text:BackMainMotorPage)
                  0000c970    00000050     grlib.lib : checkbox.obj (.text:CheckBoxClick)
                  0000c9c0    00000050     drivers_tivaware.aem4f : GPIOTiva.oem4f (.text:GPIO_setCallback)
                  0000ca10    00000050                            : GPIOTiva.oem4f (.text:GPIO_toggle)
                  0000ca60    00000050                            : GPIOTiva.oem4f (.text:GPIO_write)
                  0000cab0    00000050                            : UARTTiva.oem4f (.text:UARTTiva_writeCancel)
                  0000cb00    00000050     Boot.aem4f : Boot_sysctl.oem4f (.text:_SysCtlFrequencyGet)
                  0000cb50    00000050     sysbios.aem4f : BIOS.obj (.text:ti_sysbios_family_arm_m3_Hwi_Module_startup__E)
                  0000cba0    00000050     ti.targets.arm.rtsarm.aem4f : Startup.oem4f (.text:xdc_runtime_Startup_exec__E)
                  0000cbf0    00000050                                 : Text.oem4f (.text:xdc_runtime_Text_visitRope2__I)
                  0000cc40    0000004c     drivers_tivaware.aem4f : UARTTiva.oem4f (.text:UARTTiva_close)
                  0000cc8c    0000004c     grlib.lib : widget.obj (.text:WidgetRemove)
                  0000ccd8    0000004c     rtsv7M4_T_le_v4SPD16_eabi.lib : atoi.c.obj (.text:atoi)
                  0000cd24    0000004c                                   : cpy_tbl.c.obj (.text:copy_in)
                  0000cd70    0000004c     sysbios.aem4f : BIOS.obj (.text:ti_sysbios_family_arm_lm4_Timer_setAvailMask__E)
                  0000cdbc    00000004     empty_pem4f.oem4f (.text:xdc_runtime_System_Module_GateProxy_leave__E)
                  0000cdc0    0000004c     sysbios.aem4f : BIOS.obj (.text:ti_sysbios_heaps_HeapMem_getStats__E)
                  0000ce0c    00000004     ti.targets.arm.rtsarm.aem4f : System.oem4f (.text:xdc_runtime_System_aprintf_va__F)
                  0000ce10    0000004c     sysbios.aem4f : BIOS.obj (.text:ti_sysbios_knl_Swi_runLoop__I)
                  0000ce5c    00000004     ti.targets.arm.rtsarm.aem4f : System.oem4f (.text:xdc_runtime_System_printf_va__F)
                  0000ce60    0000004c     sysbios.aem4f : BIOS.obj (.text:ti_sysbios_knl_Task_allBlockedFunction__I)
                  0000ceac    0000004a     drivers_tivaware.aem4f : PWMTimerTiva.oem4f (.text:PWMTimerTiva_close)
                  0000cef6    0000004a     grlib.lib : string.obj (.text:UpdateContextCharMapping)
                  0000cf40    00000048     driverlib.lib : gpio.obj (.text:GPIOPinConfigure)
                  0000cf88    00000048                   : i2c.obj (.text:I2CMasterInitExpClk)
                  0000cfd0    00000048     rtsv7M4_T_le_v4SPD16_eabi.lib : fd_toi_t2.asm.obj (.text)
                  0000d018    00000048     sysbios.aem4f : BIOS.obj (.text:ti_sysbios_family_arm_lm4_Timer_enableTimers__I)
                  0000d060    00000048                   : BIOS.obj (.text:ti_sysbios_family_arm_m3_Hwi_disableInterrupt__E)
                  0000d0a8    00000048                   : BIOS.obj (.text:ti_sysbios_family_arm_m3_Hwi_enableInterrupt__E)
                  0000d0f0    00000048                   : BIOS.obj (.text:ti_sysbios_family_arm_m3_Hwi_excReserved__I)
                  0000d138    00000048                   : BIOS.obj (.text:ti_sysbios_hal_SecondsClock_increment__I)
                  0000d180    00000046     grlib.lib : line.obj (.text:GrLineDrawH)
                  0000d1c6    00000046               : line.obj (.text:GrLineDrawV)
                  0000d20c    00000046     Kentec320x240x16_ssd2119_spi.obj (.text:Kentec320x240x16_SSD2119PixelDraw)
                  0000d252    00000046     drivers_tivaware.aem4f : RingBuf.oem4f (.text:RingBuf_put)
                  0000d298    00000046     UARTLocal.obj (.text:initUART)
                  0000d2de    00000046     ti.targets.arm.rtsarm.aem4f : Core-params.oem4f (.text:xdc_runtime_Core_assignParams__I)
                  0000d324    00000004     --HOLE-- [fill = 0]
                  0000d328    00000044     sysbios.aem4f : BIOS.obj (.text:ti_sysbios_family_arm_lm4_Timer_isrStub__E)
                  0000d36c    00000004     --HOLE-- [fill = 0]
                  0000d370    00000044                   : BIOS.obj (.text:ti_sysbios_family_arm_m3_Hwi_getStackInfo__E)
                  0000d3b4    00000004     --HOLE-- [fill = 0]
                  0000d3b8    00000044                   : BIOS.obj (.text:ti_sysbios_knl_Swi_post__E)
                  0000d3fc    00000044     ti.targets.arm.rtsarm.aem4f : Error.oem4f (.text:xdc_runtime_Error_setX__E)
                  0000d440    00000044                                 : SysMin.oem4f (.text:xdc_runtime_SysMin_flush__E)
                  0000d484    00000044                                 : Text.oem4f (.text:xdc_runtime_Text_xprintf__I)
                  0000d4c8    00000042     driverlib.lib : uart.obj (.text:UARTConfigSetExpClk)
                  0000d50a    00000042     drivers_tivaware.aem4f : UARTTiva.oem4f (.text:UARTTiva_hwiIntFxn)
                  0000d54c    00000042                            : UARTTiva.oem4f (.text:UARTTiva_writePolling)
                  0000d58e    00000040                            : RingBuf.oem4f (.text:RingBuf_get)
                  0000d5ce    00000040                            : UARTTiva.oem4f (.text:UARTTiva_read)
                  0000d60e    00000040     rtsv7M4_T_le_v4SPD16_eabi.lib : u_divt2.asm.obj (.text)
                  0000d64e    00000002     --HOLE-- [fill = 0]
                  0000d650    00000040                                   : sprintf.c.obj (.text:sprintf)
                  0000d690    00000040     sysbios.aem4f : BIOS.obj (.text:ti_sysbios_family_arm_lm4_Timer_startup__E)
                  0000d6d0    00000040                   : BIOS.obj (.text:ti_sysbios_hal_SecondsClock_getTime__E)
                  0000d710    0000003e     driverlib.lib : adc.obj (.text:ADCSequenceConfigure)
                  0000d74e    0000003e     rtsv7M4_T_le_v4SPD16_eabi.lib : _printfi.c.obj (.text:_fcpy)
                  0000d78c    0000003c     empty.obj (.text:CalcNoRemainder)
                  0000d7c8    0000003c     driverlib.lib : ssi.obj (.text:SSIConfigSetExpClk)
                  0000d804    00000004     --HOLE-- [fill = 0]
                  0000d808    0000003c     sysbios.aem4f : BIOS.obj (.text:ti_sysbios_family_arm_m3_Hwi_excSvCall__I)
                  0000d844    00000004     --HOLE-- [fill = 0]
                  0000d848    0000003c                   : BIOS.obj (.text:ti_sysbios_heaps_HeapMem_init__I)
                  0000d884    00000004     --HOLE-- [fill = 0]
                  0000d888    0000003c                   : BIOS.obj (.text:ti_sysbios_knl_Swi_restore__E)
                  0000d8c4    0000003a     grlib.lib : string.obj (.text:FontGlyphDataGet)
                  0000d8fe    0000003a     drivers_tivaware.aem4f : I2CTiva.oem4f (.text:I2CTiva_completeTransfer)
                  0000d938    00000038     grlib.lib : rectangle.obj (.text:GrRectOverlapCheck)
                  0000d970    00000038     drivers_tivaware.aem4f : I2C.oem4f (.text:I2C_init)
                  0000d9a8    00000038                            : PWM.oem4f (.text:PWM_init)
                  0000d9e0    00000038     empty.obj (.text:RemoveGraphSelect)
                  0000da18    00000038     driverlib.lib : sysctl.obj (.text:SysCtlPeripheralReady)
                  0000da50    00000038     drivers_tivaware.aem4f : UART.oem4f (.text:UART_init)
                  0000da88    00000038     rtsv7M4_T_le_v4SPD16_eabi.lib : trgmsg.c.obj (.text:__TI_writemsg)
                  0000dac0    00000038                                   : fs_tod_t2.asm.obj (.text)
                  0000daf8    00000038     sysbios.aem4f : BIOS.obj (.text:ti_sysbios_family_arm_m3_Hwi_excNoIsr__I)
                  0000db30    00000038                   : BIOS.obj (.text:ti_sysbios_knl_Task_processVitalTaskFlag__I)
                  0000db68    00000038     ti.targets.arm.rtsarm.aem4f : SysMin.oem4f (.text:xdc_runtime_SysMin_putch__E)
                  0000dba0    00000038                                 : System.oem4f (.text:xdc_runtime_System_atexit__E)
                  0000dbd8    00000036     grlib.lib : line.obj (.text:GrClipCodeGet)
                  0000dc0e    00000036     drivers_tivaware.aem4f : I2CTiva.oem4f (.text:I2CTiva_close)
                  0000dc44    00000036                            : UARTTiva.oem4f (.text:UARTTiva_readCancel)
                  0000dc7a    00000002     --HOLE-- [fill = 0]
                  0000dc7c    00000034     driverlib.lib : sysctl.obj (.text:SysCtlPeripheralEnable)
                  0000dcb0    00000034     rtsv7M4_T_le_v4SPD16_eabi.lib : trgmsg.c.obj (.text:__TI_readmsg)
                  0000dce4    00000004     --HOLE-- [fill = 0]
                  0000dce8    00000034     sysbios.aem4f : BIOS.obj (.text:ti_sysbios_family_arm_lm4_Timer_setPeriodMicroSecs__E)
                  0000dd1c    00000004     --HOLE-- [fill = 0]
                  0000dd20    00000034                   : BIOS.obj (.text:ti_sysbios_family_arm_m3_Hwi_Instance_finalize__E)
                  0000dd54    00000004     --HOLE-- [fill = 0]
                  0000dd58    00000034                   : BIOS.obj (.text:ti_sysbios_family_arm_m3_Hwi_excNmi__I)
                  0000dd8c    00000004     --HOLE-- [fill = 0]
                  0000dd90    00000034                   : BIOS.obj (.text:ti_sysbios_hal_Hwi_checkStack)
                  0000ddc4    00000034     empty_pem4f.oem4f (.text:ti_sysbios_knl_Clock_construct)
                  0000ddf8    00000034     ti.targets.arm.rtsarm.aem4f : Core-label.oem4f (.text:xdc_runtime_Core_assignLabel__I)
                  0000de2c    00000033                                 : Text.oem4f (.text:xdc_runtime_Text_printVisFxn__I)
                  0000de5f    00000001     --HOLE-- [fill = 0]
                  0000de60    00000032     sysbios.aem4f : BIOS.obj (.text:ti_sysbios_hal_Hwi_initStack)
                  0000de92    00000032     ustdlib.obj (.text:usprintf)
                  0000dec4    00000030     drivers_tivaware.aem4f : PWMTiva.oem4f (.text:PWMTiva_init)
                  0000def4    00000030                            : PWM.oem4f (.text:PWM_open)
                  0000df24    00000030                            : UART.oem4f (.text:UART_open)
                  0000df54    00000030     empty_pem4f.oem4f (.text:ti_sysbios_BIOS_atExitFunc__I)
                  0000df84    00000004     --HOLE-- [fill = 0]
                  0000df88    00000030     sysbios.aem4f : BIOS.obj (.text:ti_sysbios_family_arm_lm4_Timer_stop__E)
                  0000dfb8    00000030                   : BIOS.obj (.text:ti_sysbios_family_arm_m3_TaskSupport_start__E)
                  0000dfe8    00000030     empty_pem4f.oem4f (.text:ti_sysbios_gates_GateHwi_Object__create__S)
                  0000e018    00000030     empty_pem4f.oem4f (.text:ti_sysbios_gates_GateMutex_Object__create__S)
                  0000e048    00000030     empty_pem4f.oem4f (.text:ti_sysbios_heaps_HeapMem_Object__create__S)
                  0000e078    00000030     empty_pem4f.oem4f (.text:ti_sysbios_knl_Semaphore_construct)
                  0000e0a8    00000030     sysbios.aem4f : BIOS.obj (.text:ti_sysbios_knl_Semaphore_pendTimeout__I)
                  0000e0d8    00000030                   : BIOS.obj (.text:ti_sysbios_knl_Task_unblockI__E)
                  0000e108    00000030     ti.targets.arm.rtsarm.aem4f : SysMin.oem4f (.text:xdc_runtime_SysMin_abort__E)
                  0000e138    00000030                                 : System.oem4f (.text:xdc_runtime_System_processAtExit__E)
                  0000e168    0000002e     grlib.lib : checkbox.obj (.text:CheckBoxMsgProc)
                  0000e196    0000002e               : string.obj (.text:GrStringNextCharGet)
                  0000e1c4    0000002e               : radiobutton.obj (.text:RadioButtonMsgProc)
                  0000e1f2    0000002e     rtsv7M4_T_le_v4SPD16_eabi.lib : i_tofd_t2.asm.obj (.text)
                  0000e220    0000002c     EK_TM4C1294XL.obj (.text:EK_TM4C1294XL_initUART)
                  0000e24c    0000002c     grlib.lib : string.obj (.text:GrFontBaselineGet)
                  0000e278    0000002c               : string.obj (.text:GrFontHeightGet)
                  0000e2a4    0000002c               : pushbutton.obj (.text:RectangularButtonMsgProc)
                  0000e2d0    0000002c               : slider.obj (.text:SliderMsgProc)
                  0000e2fc    0000002c               : widget.obj (.text:WidgetIsInTree)
                  0000e328    0000002c     empty_pem4f.oem4f (.text:ti_sysbios_knl_Clock_doTick__I)
                  0000e354    0000002c     empty_pem4f.oem4f (.text:ti_sysbios_knl_Queue_construct)
                  0000e380    0000002c     sysbios.aem4f : BIOS.obj (.text:ti_sysbios_knl_Task_restore__E)
                  0000e3ac    0000002c     ti.targets.arm.rtsarm.aem4f : Text.oem4f (.text:xdc_runtime_Text_cordText__E)
                  0000e3d8    0000002a     driverlib.lib : gpio.obj (.text:GPIODirModeSet)
                  0000e402    0000002a     ti.targets.arm.rtsarm.aem4f : System.oem4f (.text:xdc_runtime_System_putchar__I)
                  0000e42c    00000028     Kentec320x240x16_ssd2119_spi.obj (.text:Kentec320x240x16_SSD2119ColorTranslate)
                  0000e454    00000004     --HOLE-- [fill = 0]
                  0000e458    00000028     sysbios.aem4f : BIOS.obj (.text:ti_sysbios_hal_Timer_Instance_init__E)
                  0000e480    00000028                   : BIOS.obj (.text:ti_sysbios_knl_Clock_addI__E)
                  0000e4a8    00000028                   : BIOS.obj (.text:ti_sysbios_knl_Swi_Module_startup__E)
                  0000e4d0    00000026     grlib.lib : string.obj (.text:GrFontInfoGet)
                  0000e4f6    00000026     sysbios.aem4f : m3_Hwi_asm.obj (.text:ti_sysbios_family_arm_m3_Hwi_pendSV__I)
                  0000e51c    00000026     ti.targets.arm.rtsarm.aem4f : System.oem4f (.text:xdc_runtime_System_avprintf__E)
                  0000e542    00000002     --HOLE-- [fill = 0]
                  0000e544    00000024     empty.obj (.text:RemoveMainPage)
                  0000e568    00000024     empty.obj (.text:removeSensorPage)
                  0000e58c    00000024     empty_pem4f.oem4f (.text:ti_sysbios_BIOS_errorRaiseHook__I)
                  0000e5b0    00000024     empty_pem4f.oem4f (.text:ti_sysbios_BIOS_registerRTSLock__I)
                  0000e5d4    00000024     empty_pem4f.oem4f (.text:ti_sysbios_BIOS_removeRTSLock__I)
                  0000e5f8    00000024     empty_pem4f.oem4f (.text:ti_sysbios_BIOS_startFunc__I)
                  0000e61c    00000024     empty_pem4f.oem4f (.text:ti_sysbios_gates_GateMutex_Object__delete__S)
                  0000e640    00000024     sysbios.aem4f : BIOS.obj (.text:ti_sysbios_knl_Clock_Module_startup__E)
                  0000e664    00000004     --HOLE-- [fill = 0]
                  0000e668    00000024                   : BIOS.obj (.text:ti_sysbios_knl_Task_restoreHwi__E)
                  0000e68c    00000024     ti.targets.arm.rtsarm.aem4f : System.oem4f (.text:xdc_runtime_System_vprintf__E)
                  0000e6b0    00000022     grlib.lib : string.obj (.text:GrFontGlyphDataGet)
                  0000e6d2    00000022     driverlib.lib : pwm.obj (.text:PWMGenConfigure)
                  0000e6f4    00000022     drivers_tivaware.aem4f : PWMTiva.oem4f (.text:PWMTiva_getPeriodCounts)
                  0000e716    00000002     --HOLE-- [fill = 0]
                  0000e718    00000022     sysbios.aem4f : BIOS.obj (.text:ti_sysbios_family_arm_lm4_Timer_write__I)
                  0000e73a    00000022     empty_pem4f.oem4f (.text:xdc_runtime_SysMin_output__I)
                  0000e75c    00000020     Boot.aem4f : Boot_sysctl.oem4f (.text:_SysCtlMemTimingGet)
                  0000e77c    00000020     rtsv7M4_T_le_v4SPD16_eabi.lib : u_tofd_t2.asm.obj (.text)
                  0000e79c    00000020     empty_pem4f.oem4f (.text:ti_sysbios_BIOS_rtsLock__I)
                  0000e7bc    00000020     empty_pem4f.oem4f (.text:ti_sysbios_family_arm_lm4_Timer_Object__delete__S)
                  0000e7dc    00000004     --HOLE-- [fill = 0]
                  0000e7e0    00000020     sysbios.aem4f : BIOS.obj (.text:ti_sysbios_family_arm_lm4_Timer_getFreq__E)
                  0000e800    00000020     empty_pem4f.oem4f (.text:ti_sysbios_family_arm_m3_Hwi_Object__delete__S)
                  0000e820    00000020     sysbios.aem4f : m3_Hwi_asm.obj (.text:ti_sysbios_family_arm_m3_Hwi_excHandlerAsm__I)
                  0000e840    00000020                   : BIOS.obj (.text:ti_sysbios_family_arm_m3_Hwi_excHandler__I)
                  0000e860    00000020     empty_pem4f.oem4f (.text:ti_sysbios_gates_GateHwi_Object__delete__S)
                  0000e880    00000020     empty_pem4f.oem4f (.text:ti_sysbios_heaps_HeapMem_Object__delete__S)
                  0000e8a0    00000020     empty_pem4f.oem4f (.text:ti_sysbios_knl_Clock_Object__destruct__S)
                  0000e8c0    00000020     sysbios.aem4f : BIOS.obj (.text:ti_sysbios_knl_Idle_run__E)
                  0000e8e0    00000020     empty_pem4f.oem4f (.text:ti_sysbios_knl_Semaphore_Object__destruct__S)
                  0000e900    00000020     ti.targets.arm.rtsarm.aem4f : Registry.oem4f (.text:xdc_runtime_Registry_findById__E)
                  0000e920    00000020                                 : SysMin.oem4f (.text:xdc_runtime_SysMin_Module_startup__E)
                  0000e940    0000001e     grlib.lib : string.obj (.text:GrFontCodepageGet)
                  0000e95e    0000001e     driverlib.lib : pwm.obj (.text:PWMPulseWidthSet)
                  0000e97c    0000001e     drivers_tivaware.aem4f : PWMTiva.oem4f (.text:PWMTiva_getPeriodMicroSecs)
                  0000e99a    0000001e     grlib.lib : widget.obj (.text:WidgetAdd)
                  0000e9b8    0000001e     sysbios.aem4f : m3_Hwi_asm_switch.obj (.text:ti_sysbios_family_xxx_Hwi_switchAndRunFunc)
                  0000e9d6    0000001e     Clock.obj (.text:updatetime)
                  0000e9f4    0000001c     driverlib.lib : uart.obj (.text:UARTDisable)
                  0000ea10    0000001c     grlib.lib : widget.obj (.text:WidgetPointerMessage)
                  0000ea2c    0000001c     drivers_tivaware.aem4f : GPIOTiva.oem4f (.text:getGpioIntIndex)
                  0000ea48    0000001c     rtsv7M4_T_le_v4SPD16_eabi.lib : memccpy.c.obj (.text:memccpy)
                  0000ea64    0000001c     empty_pem4f.oem4f (.text:ti_sysbios_family_arm_m3_Hwi_Object__destruct__S)
                  0000ea80    0000001c     sysbios.aem4f : BIOS.obj (.text:ti_sysbios_gates_GateMutex_Instance_init__E)
                  0000ea9c    0000001c     empty_pem4f.oem4f (.text:ti_sysbios_hal_Timer_TimerProxy_create)
                  0000eab8    0000001c     empty_pem4f.oem4f (.text:ti_sysbios_knl_Queue_Object__destruct__S)
                  0000ead4    00000004     --HOLE-- [fill = 0]
                  0000ead8    0000001c     sysbios.aem4f : BIOS.obj (.text:ti_sysbios_knl_Queue_put__E)
                  0000eaf4    00000004     --HOLE-- [fill = 0]
                  0000eaf8    0000001c                   : BIOS.obj (.text:ti_sysbios_knl_Task_enter__I)
                  0000eb14    0000001c     ti.targets.arm.rtsarm.aem4f : Error.oem4f (.text:xdc_runtime_Error_raiseX__E)
                  0000eb30    0000001c                                 : Memory.oem4f (.text:xdc_runtime_Memory_valloc__E)
                  0000eb4c    0000001c                                 : SysMin.oem4f (.text:xdc_runtime_SysMin_exit__E)
                  0000eb68    0000001c                                 : System.oem4f (.text:xdc_runtime_System_abort__E)
                  0000eb84    0000001a     rtsv7M4_T_le_v4SPD16_eabi.lib : s_copysign.c.obj (.text:copysign)
                  0000eb9e    0000001a     empty_pem4f.oem4f (.text:ti_sysbios_family_arm_m3_Hwi_Handle__label__S)
                  0000ebb8    0000001a     empty_pem4f.oem4f (.text:ti_sysbios_gates_GateHwi_Handle__label__S)
                  0000ebd2    0000001a     empty_pem4f.oem4f (.text:ti_sysbios_gates_GateMutex_Handle__label__S)
                  0000ebec    0000001a     empty_pem4f.oem4f (.text:ti_sysbios_heaps_HeapMem_Handle__label__S)
                  0000ec06    0000001a     empty_pem4f.oem4f (.text:ti_sysbios_knl_Swi_Handle__label__S)
                  0000ec20    0000001a     empty_pem4f.oem4f (.text:ti_sysbios_knl_Task_Handle__label__S)
                  0000ec3a    0000001a     empty_pem4f.oem4f (.text:xdc_runtime_System_aprintf__E)
                  0000ec54    0000001a     empty_pem4f.oem4f (.text:xdc_runtime_System_printf__E)
                  0000ec6e    00000018     driverlib.lib : gpio.obj (.text:GPIOPinTypeGPIOOutput)
                  0000ec86    00000002     --HOLE-- [fill = 0]
                  0000ec88    00000018     empty.obj (.text:RemoveGraph)
                  0000eca0    00000018     driverlib.lib : timer.obj (.text:TimerControlLevel)
                  0000ecb8    00000018     drivers_tivaware.aem4f : UART.oem4f (.text:UART_Params_init)
                  0000ecd0    00000018     rtsv7M4_T_le_v4SPD16_eabi.lib : args_main.c.obj (.text:_args_main)
                  0000ece8    00000018                                   : sprintf.c.obj (.text:_outs)
                  0000ed00    00000018     empty_pem4f.oem4f (.text:ti_sysbios_BIOS_rtsUnlock__I)
                  0000ed18    00000018     empty_pem4f.oem4f (.text:ti_sysbios_family_arm_lm4_Timer_Module__startupDone__F)
                  0000ed30    00000018     empty_pem4f.oem4f (.text:ti_sysbios_family_arm_m3_Hwi_Module__startupDone__F)
                  0000ed48    00000018     sysbios.aem4f : m3_TaskSupport_asm.obj (.text:ti_sysbios_family_arm_m3_TaskSupport_swap__E)
                  0000ed60    00000018                   : BIOS.obj (.text:ti_sysbios_gates_GateMutex_leave__E)
                  0000ed78    00000018     empty_pem4f.oem4f (.text:ti_sysbios_knl_Clock_Module__startupDone__F)
                  0000ed90    00000018     sysbios.aem4f : BIOS.obj (.text:ti_sysbios_knl_Task_sleepTimeout__I)
                  0000eda8    00000018     ti.targets.arm.rtsarm.aem4f : Error.oem4f (.text:xdc_runtime_Error_check__E)
                  0000edc0    00000018                                 : System.oem4f (.text:xdc_runtime_System_exit__E)
                  0000edd8    00000018                                 : Text.oem4f (.text:xdc_runtime_Text_ropeText__E)
                  0000edf0    00000016     grlib.lib : string.obj (.text:GrStringDraw)
                  0000ee06    00000016     driverlib.lib : i2c.obj (.text:I2CMasterErr)
                  0000ee1c    00000016     empty.obj (.text:MotorInit)
                  0000ee32    00000016     rtsv7M4_T_le_v4SPD16_eabi.lib : strchr.c.obj (.text:strchr)
                  0000ee48    00000016     empty_pem4f.oem4f (.text:ti_sysbios_BIOS_exitFunc__I)
                  0000ee5e    00000016     Clock.obj (.text:ti_sysbios_hal_Timer_Params_init)
                  0000ee74    00000016     empty.obj (.text:ti_sysbios_knl_Task_Params_init)
                  0000ee8a    00000014     grlib.lib : canvas.obj (.text:CanvasMsgProc)
                  0000ee9e    00000014               : container.obj (.text:ContainerMsgProc)
                  0000eeb2    00000002     --HOLE-- [fill = 0]
                  0000eeb4    00000014     Kentec320x240x16_ssd2119_spi.obj (.text:LED_OFF)
                  0000eec8    00000014     Kentec320x240x16_ssd2119_spi.obj (.text:LED_ON)
                  0000eedc    00000014     driverlib.lib : pwm.obj (.text:PWMClockSet)
                  0000eef0    00000014                   : sysctl.obj (.text:SysCtlPWMClockSet)
                  0000ef04    00000014                   : timer.obj (.text:TimerDisable)
                  0000ef18    00000014     touch.obj (.text:TouchScreenCallbackSet)
                  0000ef2c    00000014     driverlib.lib : uart.obj (.text:UARTEnable)
                  0000ef40    00000014     grlib.lib : widget.obj (.text:WidgetMutexGet)
                  0000ef54    00000014     rtsv7M4_T_le_v4SPD16_eabi.lib : strlen.c.obj (.text:strlen)
                  0000ef68    00000014     empty_pem4f.oem4f (.text:ti_sysbios_family_arm_m3_Hwi_Object__get__S)
                  0000ef7c    00000004     --HOLE-- [fill = 0]
                  0000ef80    00000014     sysbios.aem4f : BIOS.obj (.text:ti_sysbios_family_arm_m3_Hwi_switchFromBootStack__E)
                  0000ef94    00000014     empty_pem4f.oem4f (.text:ti_sysbios_heaps_HeapMem_Object__get__S)
                  0000efa8    00000014     empty_pem4f.oem4f (.text:ti_sysbios_knl_Swi_Object__get__S)
                  0000efbc    00000012     driverlib.lib : gpio.obj (.text:GPIOPinTypeI2C)
                  0000efce    00000012                   : gpio.obj (.text:GPIOPinTypeI2CSCL)
                  0000efe0    00000012                   : gpio.obj (.text:GPIOPinTypePWM)
                  0000eff2    00000012                   : gpio.obj (.text:GPIOPinTypeSSI)
                  0000f004    00000012                   : gpio.obj (.text:GPIOPinTypeTimer)
                  0000f016    00000012                   : gpio.obj (.text:GPIOPinTypeUART)
                  0000f028    00000012                   : pwm.obj (.text:PWMGenPeriodGet)
                  0000f03a    00000012                   : pwm.obj (.text:PWMOutputInvert)
                  0000f04c    00000012                   : pwm.obj (.text:PWMOutputState)
                  0000f05e    00000012     drivers_tivaware.aem4f : RingBuf.oem4f (.text:RingBuf_construct)
                  0000f070    00000012     driverlib.lib : ssi.obj (.text:SSIDataGetNonBlocking)
                  0000f082    00000012                   : timer.obj (.text:TimerLoadSet)
                  0000f094    00000012                   : timer.obj (.text:TimerMatchSet)
                  0000f0a6    00000012                   : timer.obj (.text:TimerPrescaleMatchSet)
                  0000f0b8    00000012                   : timer.obj (.text:TimerPrescaleSet)
                  0000f0ca    00000012     empty.obj (.text:TouchCheckTask)
                  0000f0dc    00000004     --HOLE-- [fill = 0]
                  0000f0e0    00000012     sysbios.aem4f : BIOS.obj (.text:ti_sysbios_hal_Hwi_Module_startup__E)
                  0000f0f2    00000006     driverlib.lib : i2c.obj (.text:I2CMasterIntDisable)
                  0000f0f8    00000012     sysbios.aem4f : BIOS.obj (.text:ti_sysbios_hal_Timer_Module_startup__E)
                  0000f10a    00000012     rtsv7M4_T_le_v4SPD16_eabi.lib : wcslen.c.obj (.text:wcslen)
                  0000f11c    00000012     empty_pem4f.oem4f (.text:xdc_runtime_Startup_exec__I)
                  0000f12e    00000002     --HOLE-- [fill = 0]
                  0000f130    00000010     empty_pem4f.oem4f (.text:.bootCodeSection:ti_catalog_arm_cortexm4_tiva_ce_Boot_init__I)
                  0000f140    00000010     driverlib.lib : adc.obj (.text:ADCIntEnable)
                  0000f150    00000010                   : fpu.obj (.text:FPUEnable)
                  0000f160    00000010                   : fpu.obj (.text:FPULazyStackingEnable)
                  0000f170    00000010                   : pwm.obj (.text:PWMGenPeriodSet)
                  0000f180    00000010     drivers_tivaware.aem4f : PWM.oem4f (.text:PWM_Params_init)
                  0000f190    00000010                            : UARTTiva.oem4f (.text:readBlockingTimeout)
                  0000f1a0    00000010     sysbios.aem4f : BIOS.obj (.text:ti_sysbios_BIOS_getCpuFreq__E)
                  0000f1b0    00000010                   : BIOS.obj (.text:ti_sysbios_BIOS_setThreadType__E)
                  0000f1c0    00000010                   : BIOS.obj (.text:ti_sysbios_BIOS_start__E)
                  0000f1d0    00000010                   : BIOS.obj (.text:ti_sysbios_family_arm_lm4_TimestampProvider_rolloverFunc__E)
                  0000f1e0    00000010                   : m3_TaskSupport_asm.obj (.text:ti_sysbios_family_arm_m3_TaskSupport_glue)
                  0000f1f0    00000010                   : BIOS.obj (.text:ti_sysbios_gates_GateMutex_Instance_finalize__E)
                  0000f200    00000010     empty_pem4f.oem4f (.text:ti_sysbios_hal_Timer_TimerProxy_Object__create__S)
                  0000f210    00000010     sysbios.aem4f : BIOS.obj (.text:ti_sysbios_knl_Semaphore_Instance_finalize__E)
                  0000f220    00000010                   : BIOS.obj (.text:ti_sysbios_knl_Swi_disable__E)
                  0000f230    00000010     empty_pem4f.oem4f (.text:ti_sysbios_knl_Task_Object__get__S)
                  0000f240    00000010     sysbios.aem4f : BIOS.obj (.text:ti_sysbios_knl_Task_disable__E)
                  0000f250    00000010     driverlib.lib : udma.obj (.text:uDMAEnable)
                  0000f260    00000010     ti.targets.arm.rtsarm.aem4f : Gate.oem4f (.text:xdc_runtime_Gate_leaveSystem__E)
                  0000f270    00000010                                 : Memory.oem4f (.text:xdc_runtime_Memory_free__E)
                  0000f280    00000010                                 : SysMin.oem4f (.text:xdc_runtime_SysMin_ready__E)
                  0000f290    00000010                                 : System.oem4f (.text:xdc_runtime_System_vsnprintf__E)
                  0000f2a0    00000010     empty_pem4f.oem4f (.text:xdc_runtime_Text_visitRope__I)
                  0000f2b0    0000000e     driverlib.lib : adc.obj (.text:ADCSequenceEnable)
                  0000f2be    0000000e                   : gpio.obj (.text:GPIOIntStatus)
                  0000f2cc    0000000e     grlib.lib : image.obj (.text:GrImageDraw)
                  0000f2da    0000000e     driverlib.lib : timer.obj (.text:TimerEnable)
                  0000f2e8    0000000e                   : uart.obj (.text:UARTCharGetNonBlocking)
                  0000f2f6    0000000e                   : uart.obj (.text:UARTCharPutNonBlocking)
                  0000f304    0000000e     rtsv7M4_T_le_v4SPD16_eabi.lib : copy_decompress_none.c.obj (.text:decompress:none:__TI_decompress_none)
                  0000f312    00000006     driverlib.lib : i2c.obj (.text:I2CMasterIntEnable)
                  0000f318    0000000e     sysbios.aem4f : BIOS.obj (.text:ti_sysbios_knl_Idle_loop__E)
                  0000f326    00000002     --HOLE-- [fill = 0]
                  0000f328    0000000e                   : BIOS.obj (.text:ti_sysbios_knl_Queue_empty__E)
                  0000f336    0000000c     empty.obj (.text:BackGraphSelect)
                  0000f342    0000000c     empty.obj (.text:BackMainGraph)
                  0000f34e    0000000c     driverlib.lib : pwm.obj (.text:PWMGenDisable)
                  0000f35a    0000000c                   : pwm.obj (.text:PWMGenEnable)
                  0000f366    0000000c     drivers_tivaware.aem4f : RingBuf.oem4f (.text:RingBuf_peek)
                  0000f372    0000000c     driverlib.lib : uart.obj (.text:UARTFlowControlSet)
                  0000f37e    0000000c     drivers_tivaware.aem4f : UARTTiva.oem4f (.text:UARTTiva_init)
                  0000f38a    00000002     --HOLE-- [fill = 0]
                  0000f38c    0000000c     rtsv7M4_T_le_v4SPD16_eabi.lib : _lock.c.obj (.text:_register_lock)
                  0000f398    0000000c                                   : _lock.c.obj (.text:_register_unlock)
                  0000f3a4    0000000c     empty.obj (.text:backMainSensor)
                  0000f3b0    0000000c     empty.obj (.text:btntest)
                  0000f3bc    0000000c     rtsv7M4_T_le_v4SPD16_eabi.lib : copy_zero_init.c.obj (.text:decompress:ZI:__TI_zero_init)
                  0000f3c8    0000000c     sysbios.aem4f : BIOS.obj (.text:ti_sysbios_family_arm_lm4_Timer_getAvailMask__E)
                  0000f3d4    00000004     --HOLE-- [fill = 0]
                  0000f3d8    0000000c                   : BIOS.obj (.text:ti_sysbios_family_arm_lm4_Timer_getMaxTicks__E)
                  0000f3e4    00000004     --HOLE-- [fill = 0]
                  0000f3e8    0000000c                   : BIOS.obj (.text:ti_sysbios_family_arm_lm4_TimestampProvider_startTimer__E)
                  0000f3f4    0000000c     empty_pem4f.oem4f (.text:ti_sysbios_family_arm_m3_Hwi_Params__init__S)
                  0000f400    0000000c     sysbios.aem4f : BIOS.obj (.text:ti_sysbios_family_arm_m3_Hwi_disableFxn__E)
                  0000f40c    00000004     --HOLE-- [fill = 0]
                  0000f410    0000000c                   : BIOS.obj (.text:ti_sysbios_family_arm_m3_TaskSupport_checkStack__E)
                  0000f41c    00000004     --HOLE-- [fill = 0]
                  0000f420    0000000c                   : BIOS.obj (.text:ti_sysbios_family_arm_m3_TaskSupport_getStackAlignment__E)
                  0000f42c    00000004     --HOLE-- [fill = 0]
                  0000f430    0000000c                   : BIOS.obj (.text:ti_sysbios_gates_GateHwi_enter__E)
                  0000f43c    00000004     --HOLE-- [fill = 0]
                  0000f440    0000000c                   : BIOS.obj (.text:ti_sysbios_hal_SecondsClock_set__E)
                  0000f44c    0000000c     empty_pem4f.oem4f (.text:ti_sysbios_hal_Timer_Params__init__S)
                  0000f458    0000000c     empty_pem4f.oem4f (.text:ti_sysbios_knl_Clock_Params__init__S)
                  0000f464    0000000c     empty_pem4f.oem4f (.text:ti_sysbios_knl_Queue_Object__get__S)
                  0000f470    0000000c     empty_pem4f.oem4f (.text:ti_sysbios_knl_Semaphore_Params__init__S)
                  0000f47c    0000000c     empty_pem4f.oem4f (.text:ti_sysbios_knl_Task_Params__init__S)
                  0000f488    0000000c     driverlib.lib : udma.obj (.text:uDMAControlBaseSet)
                  0000f494    0000000c     ti.targets.arm.rtsarm.aem4f : Error.oem4f (.text:xdc_runtime_Error_init__E)
                  0000f4a0    0000000c                                 : Gate.oem4f (.text:xdc_runtime_Gate_enterSystem__E)
                  0000f4ac    0000000c                                 : Memory.oem4f (.text:xdc_runtime_Memory_calloc__E)
                  0000f4b8    0000000c                                 : Memory.oem4f (.text:xdc_runtime_Memory_getMaxDefaultTypeAlign__E)
                  0000f4c4    0000000a     driverlib.lib : i2c.obj (.text:I2CMasterDisable)
                  0000f4ce    0000000a                   : i2c.obj (.text:I2CMasterEnable)
                  0000f4d8    0000000a     drivers_tivaware.aem4f : I2CTiva.oem4f (.text:I2CTiva_init)
                  0000f4e2    0000000a     Kentec320x240x16_ssd2119_spi.obj (.text:Kentec320x240x16_SSD2119Flush)
                  0000f4ec    0000000a     drivers_tivaware.aem4f : PWMTimerTiva.oem4f (.text:PWMTimerTiva_getPeriodCounts)
                  0000f4f6    0000000a                            : PWM.oem4f (.text:PWM_setDuty)
                  0000f500    0000000a     driverlib.lib : ssi.obj (.text:SSIDataPut)
                  0000f50a    0000000a                   : ssi.obj (.text:SSIEnable)
                  0000f514    0000000a                   : uart.obj (.text:UARTCharGet)
                  0000f51e    0000000a                   : uart.obj (.text:UARTCharPut)
                  0000f528    0000000a                   : uart.obj (.text:UARTIntDisable)
                  0000f532    0000000a                   : uart.obj (.text:UARTIntStatus)
                  0000f53c    0000000a     rtsv7M4_T_le_v4SPD16_eabi.lib : sprintf.c.obj (.text:_outc)
                  0000f546    00000002     --HOLE-- [fill = 0]
                  0000f548    0000000a     sysbios.aem4f : BIOS.obj (.text:ti_sysbios_hal_Timer_Instance_finalize__E)
                  0000f552    0000000a     empty_pem4f.oem4f (.text:xdc_runtime_IHeap_alloc)
                  0000f55c    0000000a     empty_pem4f.oem4f (.text:xdc_runtime_IHeap_free)
                  0000f566    00000008     EK_TM4C1294XL.obj (.text:EK_TM4C1294XL_initGPIO)
                  0000f56e    00000008     grlib.lib : charmap.obj (.text:GrMapISO8859_1_Unicode)
                  0000f576    00000008     driverlib.lib : i2c.obj (.text:I2CMasterIntClear)
                  0000f57e    00000008                   : i2c.obj (.text:I2CMasterSlaveAddrSet)
                  0000f586    00000008     drivers_tivaware.aem4f : I2CTiva.oem4f (.text:I2CTiva_blockingCallback)
                  0000f58e    00000008                            : PWMTimerTiva.oem4f (.text:PWMTimerTiva_init)
                  0000f596    00000008     driverlib.lib : ssi.obj (.text:SSIBusy)
                  0000f59e    00000008                   : uart.obj (.text:UARTIntEnable)
                  0000f5a6    00000008                   : uart.obj (.text:UARTRxErrorGet)
                  0000f5ae    00000002     --HOLE-- [fill = 0]
                  0000f5b0    00000008     rtsv7M4_T_le_v4SPD16_eabi.lib : errno.c.obj (.text:__aeabi_errno_addr)
                  0000f5b8    00000008     drivers_tivaware.aem4f : UARTTiva.oem4f (.text:readSemCallback)
                  0000f5c0    00000008     sysbios.aem4f : BIOS.obj (.text:ti_sysbios_family_arm_lm4_Timer_masterDisable__I)
                  0000f5c8    00000008                   : BIOS.obj (.text:ti_sysbios_family_arm_m3_Hwi_doSwiRestore__I)
                  0000f5d0    00000008                   : BIOS.obj (.text:ti_sysbios_family_arm_m3_Hwi_startup__E)
                  0000f5d8    00000008     drivers_tivaware.aem4f : UARTTiva.oem4f (.text:writeSemCallback)
                  0000f5e0    00000006                            : I2CTiva.oem4f (.text:I2CTiva_control)
                  0000f5e6    00000006                            : PWMTimerTiva.oem4f (.text:PWMTimerTiva_getPeriodMicroSecs)
                  0000f5ec    00000006     driverlib.lib : sysctl.obj (.text:SysCtlDelay)
                  0000f5f2    00000006                   : uart.obj (.text:UARTFIFOLevelSet)
                  0000f5f8    00000006                   : uart.obj (.text:UARTRxErrorClear)
                  0000f5fe    00000006     grlib.lib : widget.obj (.text:WidgetMutexPut)
                  0000f604    00000004     --HOLE-- [fill = 0]
                  0000f608    00000006     sysbios.aem4f : BIOS.obj (.text:ti_sysbios_family_arm_lm4_TimestampProvider_Module_startup__E)
                  0000f60e    00000002     --HOLE-- [fill = 0]
                  0000f610    00000006                   : BIOS.obj (.text:ti_sysbios_family_arm_m3_Hwi_doTaskRestore__I)
                  0000f616    00000002     --HOLE-- [fill = 0]
                  0000f618    00000006                   : BIOS.obj (.text:ti_sysbios_family_arm_m3_Hwi_restoreFxn__E)
                  0000f61e    00000002     --HOLE-- [fill = 0]
                  0000f620    00000006                   : BIOS.obj (.text:ti_sysbios_gates_GateHwi_leave__E)
                  0000f626    00000002     --HOLE-- [fill = 0]
                  0000f628    00000006                   : BIOS.obj (.text:ti_sysbios_heaps_HeapMem_isBlocking__E)
                  0000f62e    00000002     --HOLE-- [fill = 0]
                  0000f630    00000006                   : BIOS.obj (.text:ti_sysbios_knl_Clock_stop__E)
                  0000f636    00000002     --HOLE-- [fill = 0]
                  0000f638    00000006                   : BIOS.obj (.text:ti_sysbios_knl_Queue_Instance_init__E)
                  0000f63e    00000002     --HOLE-- [fill = 0]
                  0000f640    00000006                   : BIOS.obj (.text:ti_sysbios_knl_Swi_startup__E)
                  0000f646    00000006     ti.targets.arm.rtsarm.aem4f : System.oem4f (.text:xdc_runtime_System_Module_startup__E)
                  0000f64c    00000004     --HOLE-- [fill = 0]
                  0000f650    00000004     sysbios.aem4f : BIOS.obj (.text:ti_sysbios_family_arm_lm4_Timer_getPeriod__E)
                  0000f654    00000004     --HOLE-- [fill = 0]
                  0000f658    00000004                   : BIOS.obj (.text:ti_sysbios_gates_GateHwi_query__E)
                  0000f65c    00000004     --HOLE-- [fill = 0]
                  0000f660    00000004                   : BIOS.obj (.text:ti_sysbios_gates_GateMutex_query__E)
                  0000f664    00000004     --HOLE-- [fill = 0]
                  0000f668    00000004                   : BIOS.obj (.text:ti_sysbios_knl_Task_startup__E)
                  0000f66c    00000004     --HOLE-- [fill = 0]
                  0000f670    00000002                   : BIOS.obj (.text:ti_sysbios_gates_GateHwi_Instance_init__E)
                  0000f672    00000006     --HOLE-- [fill = 0]
                  0000f678    00000002                   : BIOS.obj (.text:ti_sysbios_knl_Clock_logTick__E)

.const     0    0000f680    0000ab26     
                  0000f680    000018ae     empty_pem4f.oem4f (.const:xdc_runtime_Text_charTab__A)
                  00010f2e    00000a60     grlib.lib : fontcm24.obj (.const:.string:g_pui8Cm24Data)
                  0001198e    00000960               : fontcm22.obj (.const:.string:g_pui8Cm22Data)
                  000122ee    0000095e               : fontcm20.obj (.const:.string:g_pui8Cm20Data)
                  00012c4c    0000086e               : fontcm18.obj (.const:.string:g_pui8Cm18Data)
                  000134ba    0000083d     GUIImg.obj (.const:.string:g_pui8RedSlider195x37)
                  00013cf7    00000826     GUIImg.obj (.const:.string:g_pui8GreenSlider195x37)
                  0001451d    00000782     grlib.lib : fontcmss18b.obj (.const:.string:g_pui8Cmss18bData)
                  00014c9f    00000759               : fontcm16.obj (.const:.string:g_pui8Cm16Data)
                  000153f8    00000705     GUIImg.obj (.const:.string:g_pui8GettingHotter28x148)
                  00015afd    0000065a     grlib.lib : fontcm14.obj (.const:.string:g_pui8Cm14Data)
                  00016157    0000055f               : fontcm12.obj (.const:.string:g_pui8Cm12Data)
                  000166b6    00000514               : fontcmss12.obj (.const:.string:g_pui8Cmss12Data)
                  00016bca    000003ad     GUIImg.obj (.const:.string:g_pui8GettingHotter28x148Mono)
                  00016f77    0000024d     GUIImg.obj (.const:.string:g_pui8Logo)
                  000171c4    00000210     GUIImg.obj (.const:.string:g_pui8Blue50x50)
                  000173d4    0000020e     GUIImg.obj (.const:.string:g_pui8Blue50x50Press)
                  000175e2    0000020d     GUIImg.obj (.const:.string:g_pui8btn140x40)
                  000177ef    0000020d     GUIImg.obj (.const:.string:g_pui8btn150x40Press)
                  000179fc    00000204     empty.obj (.const:.string)
                  00017c00    0000017b     Images.obj (.const:.string:g_pui8CompS)
                  00017d7b    0000017b     Images.obj (.const:.string:g_pui8CompW)
                  00017ef6    00000178     Images.obj (.const:.string:g_pui8CompE)
                  0001806e    00000178     Images.obj (.const:.string:g_pui8CompN)
                  000181e6    00000163     Images.obj (.const:.string:g_pui8Stop)
                  00018349    00000160     Images.obj (.const:.string:g_pui8Go)
                  000184a9    0000015d     Images.obj (.const:.string:g_pui8idle)
                  00018606    00000124     Images.obj (.const:.string:g_pui8Night)
                  0001872a    00000002     empty_pem4f.oem4f (.const:ti_catalog_arm_cortexm4_tiva_ce_Boot_Module__id__C)
                  0001872c    00000120     Boot.aem4f : Boot_sysctl.oem4f (.const:g_pppui32XTALtoVCO)
                  0001884c    00000107     GUIImg.obj (.const:.string:g_pui8arrowRight)
                  00018953    00000101     rtsv7M4_T_le_v4SPD16_eabi.lib : ctype.c.obj (.const:.string:_ctypes_)
                  00018a54    000000f8     Images.obj (.const:.string:g_pui8Day)
                  00018b4c    000000f5     GUIImg.obj (.const:.string:g_pui8LightOff)
                  00018c41    000000e6     GUIImg.obj (.const:.string:g_pui8LightOn)
                  00018d27    00000001     empty_pem4f.oem4f (.const:xdc_runtime_Error_policy__C)
                  00018d28    000000d0     empty_pem4f.oem4f (.const:xdc_runtime_Text_nodeTab__A)
                  00018df8    000000c8     grlib.lib : fontcm12.obj (.const:g_sFontCm12)
                  00018ec0    000000c8               : fontcm14.obj (.const:g_sFontCm14)
                  00018f88    000000c8               : fontcm16.obj (.const:g_sFontCm16)
                  00019050    000000c8               : fontcm18.obj (.const:g_sFontCm18)
                  00019118    000000c8               : fontcm20.obj (.const:g_sFontCm20)
                  000191e0    000000c8               : fontcm22.obj (.const:g_sFontCm22)
                  000192a8    000000c8               : fontcm24.obj (.const:g_sFontCm24)
                  00019370    000000c8               : fontcmss12.obj (.const:g_sFontCmss12)
                  00019438    000000c8               : fontcmss18b.obj (.const:g_sFontCmss18b)
                  00019500    000000a5     GUIImg.obj (.const:.string:g_pui8arrowLeft)
                  000195a5    00000001     --HOLE-- [fill = 0]
                  000195a6    00000002     empty_pem4f.oem4f (.const:ti_sysbios_family_arm_lm4_Timer_Module__id__C)
                  000195a8    000000a0     empty.obj (.const:$P$T0$3)
                  00019648    00000090     driverlib.lib : gpio.obj (.const:g_pui32GPIOBaseAddrs)
                  000196d8    00000076     GUIImg.obj (.const:.string:g_pui8backBtn)
                  0001974e    00000002     empty_pem4f.oem4f (.const:ti_sysbios_family_arm_lm4_Timer_supportsAltclk__C)
                  00019750    00000070     driverlib.lib : interrupt.obj (.const)
                  000197c0    0000006c     Boot.aem4f : Boot_sysctl.oem4f (.const:g_pui32Xtals)
                  0001982c    00000060     MotorLib.lib : motorlib.obj (.const:PWM_config)
                  0001988c    00000054     drivers_tivaware.aem4f : GPIOTiva.oem4f (.const:.string)
                  000198e0    00000054     MotorLib.lib : motorlib.obj (.const:motorLibPWMTivaHWAttrs)
                  00019934    0000004c     drivers_tivaware.aem4f : UARTTiva.oem4f (.const)
                  00019980    00000048     empty_pem4f.oem4f (.const:.string)
                  000199c8    00000048     drivers_tivaware.aem4f : GPIOTiva.oem4f (.const:gpioBaseAddresses)
                  00019a10    0000003c     empty_pem4f.oem4f (.const:ti_sysbios_family_arm_lm4_Timer_Object__PARAMS__C)
                  00019a4c    0000003c     empty_pem4f.oem4f (.const:ti_sysbios_knl_Task_Object__PARAMS__C)
                  00019a88    00000030     Boot.aem4f : Boot_sysctl.oem4f (.const:g_sXTALtoMEMTIM)
                  00019ab8    00000030     empty_pem4f.oem4f (.const:ti_sysbios_family_arm_m3_Hwi_Object__PARAMS__C)
                  00019ae8    00000030     empty_pem4f.oem4f (.const:ti_sysbios_hal_Timer_Object__PARAMS__C)
                  00019b18    0000002c     empty_pem4f.oem4f (.const:xdc_runtime_Startup_sfxnTab__A)
                  00019b44    00000028     drivers_tivaware.aem4f : UARTTiva.oem4f (.const:UARTTiva_fxnTable)
                  00019b6c    00000028     Kentec320x240x16_ssd2119_spi.obj (.const:g_sKentec320x240x16_SSD2119)
                  00019b94    00000028     empty_pem4f.oem4f (.const:ti_sysbios_heaps_HeapMem_Module__FXNS__C)
                  00019bbc    00000024     EK_TM4C1294XL.obj (.const:I2C_config)
                  00019be0    00000024     drivers_tivaware.aem4f : UART.oem4f (.const:UART_defaultParams)
                  00019c04    00000024     empty_pem4f.oem4f (.const:ti_sysbios_gates_GateHwi_Module__FXNS__C)
                  00019c28    00000024     empty_pem4f.oem4f (.const:ti_sysbios_gates_GateMutex_Module__FXNS__C)
                  00019c4c    00000024     empty_pem4f.oem4f (.const:ti_sysbios_heaps_HeapMem_Object__PARAMS__C)
                  00019c70    00000024     empty_pem4f.oem4f (.const:ti_sysbios_knl_Clock_Object__PARAMS__C)
                  00019c94    00000024     empty_pem4f.oem4f (.const:ti_sysbios_knl_Semaphore_Object__PARAMS__C)
                  00019cb8    00000020     drivers_tivaware.aem4f : PWMTimerTiva.oem4f (.const)
                  00019cd8    00000020                            : PWMTiva.oem4f (.const)
                  00019cf8    00000020     empty_pem4f.oem4f (.const:ti_sysbios_family_arm_lm4_Timer_Object__DESC__C)
                  00019d18    00000020     empty_pem4f.oem4f (.const:ti_sysbios_family_arm_m3_Hwi_Object__DESC__C)
                  00019d38    00000020     empty_pem4f.oem4f (.const:ti_sysbios_gates_GateHwi_Object__DESC__C)
                  00019d58    00000020     empty_pem4f.oem4f (.const:ti_sysbios_gates_GateMutex_Object__DESC__C)
                  00019d78    00000020     empty_pem4f.oem4f (.const:ti_sysbios_hal_Timer_Object__DESC__C)
                  00019d98    00000020     empty_pem4f.oem4f (.const:ti_sysbios_heaps_HeapMem_Object__DESC__C)
                  00019db8    00000020     empty_pem4f.oem4f (.const:ti_sysbios_knl_Clock_Object__DESC__C)
                  00019dd8    00000020     empty_pem4f.oem4f (.const:ti_sysbios_knl_Queue_Object__DESC__C)
                  00019df8    00000020     empty_pem4f.oem4f (.const:ti_sysbios_knl_Semaphore_Object__DESC__C)
                  00019e18    00000020     empty_pem4f.oem4f (.const:ti_sysbios_knl_Task_Object__DESC__C)
                  00019e38    0000001c     drivers_tivaware.aem4f : I2CTiva.oem4f (.const)
                  00019e54    0000001c     touch.obj (.const:g_pi32TouchParameters)
                  00019e70    00000018     EK_TM4C1294XL.obj (.const:UART_config)
                  00019e88    00000018     EK_TM4C1294XL.obj (.const:i2cTivaHWAttrs)
                  00019ea0    00000018     empty_pem4f.oem4f (.const:ti_sysbios_gates_GateHwi_Object__PARAMS__C)
                  00019eb8    00000018     empty_pem4f.oem4f (.const:ti_sysbios_gates_GateMutex_Object__PARAMS__C)
                  00019ed0    00000018     empty_pem4f.oem4f (.const:ti_sysbios_knl_Queue_Object__PARAMS__C)
                  00019ee8    00000018     EK_TM4C1294XL.obj (.const:uartTivaHWAttrs)
                  00019f00    00000016     empty_pem4f.oem4f (.const:xdc_runtime_Startup_sfxnRts__A)
                  00019f16    00000002     empty_pem4f.oem4f (.const:ti_sysbios_family_arm_m3_Hwi_Module__id__C)
                  00019f18    00000014     EK_TM4C1294XL.obj (.const:GPIOTiva_config)
                  00019f2c    00000014     empty_pem4f.oem4f (.const:xdc_runtime_Startup_firstFxns__A)
                  00019f40    00000012     ustdlib.obj (.const:.string)
                  00019f52    00000002     empty_pem4f.oem4f (.const:ti_sysbios_gates_GateMutex_Module__id__C)
                  00019f54    00000010     grlib.lib : context.obj (.const)
                  00019f64    00000010     MotorLib.lib : motorlib.obj (.const:motorLibPWMTimerTivaHWAttrs)
                  00019f74    0000000c     drivers_tivaware.aem4f : PWM.oem4f (.const)
                  00019f80    00000008     Boot.aem4f : Boot_sysctl.oem4f (.const)
                  00019f88    00000008     empty_pem4f.oem4f (.const:ti_sysbios_family_arm_m3_Hwi_excHookFuncs__A)
                  00019f90    00000008     empty_pem4f.oem4f (.const:ti_sysbios_knl_Idle_funcList__C)
                  00019f98    00000008     empty_pem4f.oem4f (.const:xdc_runtime_Startup_firstFxns__C)
                  00019fa0    00000008     empty_pem4f.oem4f (.const:xdc_runtime_Startup_lastFxns__C)
                  00019fa8    00000004     empty_pem4f.oem4f (.const:ti_catalog_arm_cortexm4_tiva_ce_Boot_A_mustNotUseEnhancedClockMode__C)
                  00019fac    00000004     empty_pem4f.oem4f (.const:ti_catalog_arm_cortexm4_tiva_ce_Boot_Module__diagsEnabled__C)
                  00019fb0    00000004     empty_pem4f.oem4f (.const:ti_catalog_arm_cortexm4_tiva_ce_Boot_Module__diagsIncluded__C)
                  00019fb4    00000004     empty_pem4f.oem4f (.const:ti_catalog_arm_cortexm4_tiva_ce_Boot_Module__diagsMask__C)
                  00019fb8    00000004     empty_pem4f.oem4f (.const:ti_sysbios_family_arm_lm4_Timer_E_cannotSupport__C)
                  00019fbc    00000004     empty_pem4f.oem4f (.const:ti_sysbios_family_arm_lm4_Timer_E_invalidTimer__C)
                  00019fc0    00000004     empty_pem4f.oem4f (.const:ti_sysbios_family_arm_lm4_Timer_E_noaltclk__C)
                  00019fc4    00000004     empty_pem4f.oem4f (.const:ti_sysbios_family_arm_lm4_Timer_E_notAvailable__C)
                  00019fc8    00000004     empty_pem4f.oem4f (.const:ti_sysbios_family_arm_lm4_Timer_anyMask__C)
                  00019fcc    00000004     empty_pem4f.oem4f (.const:ti_sysbios_family_arm_lm4_Timer_disableFunc__C)
                  00019fd0    00000004     empty_pem4f.oem4f (.const:ti_sysbios_family_arm_lm4_Timer_enableFunc__C)
                  00019fd4    00000004     empty_pem4f.oem4f (.const:ti_sysbios_family_arm_lm4_Timer_numTimerDevices__C)
                  00019fd8    00000004     empty_pem4f.oem4f (.const:ti_sysbios_family_arm_lm4_Timer_startupNeeded__C)
                  00019fdc    00000004     empty_pem4f.oem4f (.const:ti_sysbios_family_arm_m3_Hwi_E_NMI__C)
                  00019fe0    00000004     empty_pem4f.oem4f (.const:ti_sysbios_family_arm_m3_Hwi_E_alreadyDefined__C)
                  00019fe4    00000004     empty_pem4f.oem4f (.const:ti_sysbios_family_arm_m3_Hwi_E_busFault__C)
                  00019fe8    00000004     empty_pem4f.oem4f (.const:ti_sysbios_family_arm_m3_Hwi_E_debugMon__C)
                  00019fec    00000004     empty_pem4f.oem4f (.const:ti_sysbios_family_arm_m3_Hwi_E_hardFault__C)
                  00019ff0    00000004     empty_pem4f.oem4f (.const:ti_sysbios_family_arm_m3_Hwi_E_memFault__C)
                  00019ff4    00000004     empty_pem4f.oem4f (.const:ti_sysbios_family_arm_m3_Hwi_E_noIsr__C)
                  00019ff8    00000004     empty_pem4f.oem4f (.const:ti_sysbios_family_arm_m3_Hwi_E_reserved__C)
                  00019ffc    00000004     empty_pem4f.oem4f (.const:ti_sysbios_family_arm_m3_Hwi_E_svCall__C)
[...]
0001a04c  ti_sysbios_heaps_HeapMem_A_zeroBlock__C                              
0001a050  ti_sysbios_heaps_HeapMem_E_memory__C                                 
0001a054  ti_sysbios_heaps_HeapMem_Module__diagsEnabled__C                     
0001a058  ti_sysbios_heaps_HeapMem_Module__diagsIncluded__C                    
0001a05c  ti_sysbios_heaps_HeapMem_Module__diagsMask__C                        
0001a060  ti_sysbios_heaps_HeapMem_Module__gateObj__C                          
0001a064  ti_sysbios_heaps_HeapMem_Object__count__C                            
0001a068  ti_sysbios_heaps_HeapMem_reqAlign__C                                 
0001a06c  ti_sysbios_knl_Clock_A_badThreadType__C                              
0001a070  ti_sysbios_knl_Clock_Module_State_clockQ__O                          
0001a074  ti_sysbios_knl_Clock_Module__diagsEnabled__C                         
0001a078  ti_sysbios_knl_Clock_Module__diagsIncluded__C                        
0001a07c  ti_sysbios_knl_Clock_Module__diagsMask__C                            
0001a080  ti_sysbios_knl_Clock_tickPeriod__C                                   
0001a084  ti_sysbios_knl_Idle_funcList__A                                      
0001a088  ti_sysbios_knl_Semaphore_A_badContext__C                             
0001a08c  ti_sysbios_knl_Semaphore_A_noEvents__C                               
0001a090  ti_sysbios_knl_Semaphore_A_overflow__C                               
0001a094  ti_sysbios_knl_Semaphore_A_pendTaskDisabled__C                       
0001a098  ti_sysbios_knl_Semaphore_Instance_State_pendQ__O                     
0001a09c  ti_sysbios_knl_Semaphore_Module__diagsEnabled__C                     
0001a0a0  ti_sysbios_knl_Semaphore_Module__diagsIncluded__C                    
0001a0a4  ti_sysbios_knl_Semaphore_Module__diagsMask__C                        
0001a0a8  ti_sysbios_knl_Swi_Object__count__C                                  
0001a0ac  ti_sysbios_knl_Task_A_badPriority__C                                 
0001a0b0  ti_sysbios_knl_Task_A_badTaskState__C                                
0001a0b4  ti_sysbios_knl_Task_A_badThreadType__C                               
0001a0b8  ti_sysbios_knl_Task_A_badTimeout__C                                  
0001a0bc  ti_sysbios_knl_Task_A_noPendElem__C                                  
0001a0c0  ti_sysbios_knl_Task_A_sleepTaskDisabled__C                           
0001a0c4  ti_sysbios_knl_Task_E_spOutOfBounds__C                               
0001a0c8  ti_sysbios_knl_Task_E_stackOverflow__C                               
0001a0cc  ti_sysbios_knl_Task_Module_State_inactiveQ__O                        
0001a0d0  ti_sysbios_knl_Task_Module__diagsEnabled__C                          
0001a0d4  ti_sysbios_knl_Task_Module__diagsIncluded__C                         
0001a0d8  ti_sysbios_knl_Task_Module__diagsMask__C                             
0001a0dc  ti_sysbios_knl_Task_Object__count__C                                 
0001a0e0  ti_sysbios_knl_Task_allBlockedFunc__C                                
0001a0e4  ti_sysbios_knl_Task_defaultStackHeap__C                              
0001a0e8  ti_sysbios_knl_Task_defaultStackSize__C                              
0001a0ec  ti_sysbios_knl_Task_numConstructedTasks__C                           
0001a0f4  xdc_runtime_Assert_E_assertFailed__C                                 
0001a0f8  xdc_runtime_Core_A_initializedParams__C                              
0001a0fc  xdc_runtime_Core_Module__diagsEnabled__C                             
0001a100  xdc_runtime_Core_Module__diagsIncluded__C                            
0001a104  xdc_runtime_Core_Module__diagsMask__C                                
0001a108  xdc_runtime_Error_E_generic__C                                       
0001a10c  xdc_runtime_Error_E_memory__C                                        
0001a110  xdc_runtime_Error_Module__diagsEnabled__C                            
0001a114  xdc_runtime_Error_Module__diagsIncluded__C                           
0001a118  xdc_runtime_Error_Module__diagsMask__C                               
0001a11c  xdc_runtime_Error_Module__loggerFxn8__C                              
0001a120  xdc_runtime_Error_Module__loggerObj__C                               
0001a124  xdc_runtime_Error_policyFxn__C                                       
0001a128  xdc_runtime_Error_raiseHook__C                                       
0001a12c  xdc_runtime_IGateProvider_Interface__BASE__C                         
0001a130  xdc_runtime_IHeap_Interface__BASE__C                                 
0001a134  xdc_runtime_IModule_Interface__BASE__C                               
0001a138  xdc_runtime_Log_L_error__C                                           
0001a13c  xdc_runtime_Memory_defaultHeapInstance__C                            
0001a140  xdc_runtime_Startup_execImpl__C                                      
0001a144  xdc_runtime_Startup_lastFxns__A                                      
0001a148  xdc_runtime_Startup_maxPasses__C                                     
0001a14c  xdc_runtime_Startup_sfxnRts__C                                       
0001a150  xdc_runtime_Startup_sfxnTab__C                                       
0001a154  xdc_runtime_SysMin_bufSize__C                                        
0001a158  xdc_runtime_SysMin_outputFunc__C                                     
0001a15c  xdc_runtime_System_Module__gateObj__C                                
0001a160  xdc_runtime_System_abortFxn__C                                       
0001a164  xdc_runtime_System_exitFxn__C                                        
0001a168  xdc_runtime_System_extendFxn__C                                      
0001a16c  xdc_runtime_System_maxAtexitHandlers__C                              
0001a170  xdc_runtime_Text_charTab__C                                          
0001a174  xdc_runtime_Text_nameEmpty__C                                        
0001a178  xdc_runtime_Text_nameStatic__C                                       
0001a17c  xdc_runtime_Text_nameUnknown__C                                      
0001a180  xdc_runtime_Text_nodeTab__C                                          
0001a184  xdc_runtime_Text_visitRopeFxn__C                                     
0001a188  ti_sysbios_hal_Hwi_Module__id__C                                     
0001a18a  ti_sysbios_heaps_HeapMem_Module__id__C                               
0001a18c  ti_sysbios_knl_Clock_Module__id__C                                   
0001a18e  ti_sysbios_knl_Semaphore_Module__id__C                               
0001a190  ti_sysbios_knl_Task_Module__id__C                                    
0001a192  xdc_runtime_Core_Module__id__C                                       
0001a194  xdc_runtime_Error_Module__loggerDefined__C                           
0001a196  xdc_runtime_Error_maxDepth__C                                        
0001a198  xdc_runtime_Main_Module__id__C                                       
0001a19a  xdc_runtime_Memory_Module__id__C                                     
0001a19c  xdc_runtime_SysMin_flushAtExit__C                                    
0001a19e  xdc_runtime_Text_charCnt__C                                          
0001a1a0  xdc_runtime_Text_isLoaded__C                                         
0001a1a2  xdc_runtime_Text_registryModsLastId__C                               
0001a1a4  xdc_runtime_Text_unnamedModsLastId__C                                
0001a1a8  __TI_static_base__                                                   
0001aa60  __TI_Handler_Table_Base                                              
0001aa6c  __TI_Handler_Table_Limit                                             
0001aa80  __TI_CINIT_Base                                                      
0001aa98  __TI_CINIT_Limit                                                     
20000000  __start___llvm_prf_cnts                                              
20000000  __stop___llvm_prf_cnts                                               
20000000  ti_sysbios_family_arm_m3_Hwi_ramVectors                              
20000400  task0Stack                                                           
20000c00  taskTouchStack                                                       
20001400  psDMAControlTable                                                    
20001800  ti_sysbios_heaps_HeapMem_Instance_State_0_buf__A                     
20001c00  ti_sysbios_family_arm_m3_Hwi_dispatchTable                           
20001f60  ti_sysbios_knl_Task_Instance_State_0_stack__A                        
200022a0  __CIOBUF_                                                            
200023c0  i2cTivaObjects                                                       
200024c0  uartTivaObjects                                                      
2000261c  xdc_runtime_SysMin_Module_State_0_outbuf__A                          
2000269c  task0Struct                                                          
200026ec  taskTouchStruct                                                      
2000273c  motorLibPWMObjects                                                   
20002774  sContext                                                             
200027e0  tempc                                                                
20002800  uartTivaRingBuffer                                                   
20002820  datetime                                                             
20002838  motorLibPWMTimerObjects                                              
20002878  AccBox                                                               
20002880  Banner                                                               
20002888  BannerB                                                              
20002890  CurrBox                                                              
20002898  Distbox                                                              
200028a0  clearBox                                                             
200028a8  graphClear                                                           
200028b0  parmbuf                                                              
200028b8  g_pi32ParmSet                                                        
200028c0  g_ui32Panel                                                          
200028c8  timerclock                                                           
200028cc  uart                                                                 
200028d0  g_i16TouchX                                                          
200028d2  g_i16TouchY                                                          
200028d8  g_psSliders                                                          
20002b00  g_psPanels                                                           
20002d00  dd                                                                   
20002e90  g_psRadioButtonIndicators                                            
20003010  sidertestC                                                           
20003110  g_psCheckBoxIndicators                                               
200031d0  g_psCheckBoxes                                                       
20003290  g_psRadioButtons1                                                    
20003350  g_psRadioButtons2                                                    
20003410  ti_sysbios_family_arm_lm4_Timer_Object__table__V                     
20003490  ti_sysbios_knl_Swi_Module_State_0_readyQ__A                          
20003510  ti_sysbios_knl_Task_Module_State_0_readyQ__A                         
20003590  g_psRadioContainers                                                  
20003600  MotorSpeedSlider                                                     
2000365c  slidertest                                                           
200036b8  AccDownBtn                                                           
20003708  AccUpBtn                                                             
20003758  CurrentDownBtn                                                       
200037a8  CurrentUpBtn                                                         
200037f8  DistDownBtn                                                          
20003848  DistUpBtn                                                            
20003898  GraphPgBtn                                                           
200038e8  LightGraphBtn                                                        
20003938  MotorGraphBtn                                                        
20003988  MotorMode                                                            
200039d8  MotorPgBtn                                                           
20003a28  PowerGraphBtn                                                        
20003a78  SensorPgBtn                                                          
20003ac8  TestGraphBtn                                                         
20003b18  backGraphBtn                                                         
20003b68  backGraphSelectBtn                                                   
20003bb8  backMotorBtn                                                         
20003c08  backSensorBtn                                                        
20003c58  brrrr2                                                               
20003ca8  brrrr                                                                
20003cf8  ti_sysbios_knl_Task_Object__table__V                                 
20003d44  ti_sysbios_family_arm_m3_Hwi_Object__table__V                        
20003d8c  ti_sysbios_knl_Task_Module__state__V                                 
20003dd0  g_MotorStat                                                          
20003e10  g_sCanvas1                                                           
20003e50  g_sCanvas2                                                           
20003e90  g_sCanvas3                                                           
20003ed0  g_sIntroduction                                                      
20003f10  g_sPrimitives                                                        
20003f50  g_sSliderValueCanvas                                                 
20003f90  g_scompass                                                           
20003fd0  ti_sysbios_family_arm_lm4_Timer_Module_State_0_device__A             
20004010  ti_sysbios_hal_SecondsClock_Module__state__V                         
2000404c  g_sContainer1                                                        
20004084  g_sContainer2                                                        
200040bc  g_sContainer3                                                        
200040f4  ti_sysbios_gates_GateMutex_Object__table__V                          
20004130  motorStartStop                                                       
20004131  HA                                                                   
20004132  HB                                                                   
20004133  HC                                                                   
20004134  LowLight                                                             
20004138  lux                                                                  
20004140  objectdist                                                           
20004148  ongraph                                                              
2000414c  currentDirection                                                     
20004150  CurrentMotorStat                                                     
20004154  x1                                                                   
20004158  x2                                                                   
2000415c  y1                                                                   
20004160  y2                                                                   
20004164  ti_sysbios_family_arm_m3_Hwi_Module__state__V                        
20004198  ti_sysbios_knl_Swi_Object__table__V                                  
200041c8  g_sRoot                                                              
200041f6  ti_sysbios_family_arm_m3_Hwi_Module_State_0_excActive__A             
200041f8  ti_sysbios_knl_Clock_Module__state__V                                
20004224  ti_sysbios_BIOS_Module__state__V                                     
20004248  ti_sysbios_family_arm_lm4_Timer_Module_State_0_handles__A            
20004268  gpioPinConfigs                                                       
20004284  ti_sysbios_knl_Swi_Module__state__V                                  
200042b8  ti_sysbios_heaps_HeapMem_Object__table__V                            
200042d0  ti_sysbios_family_arm_lm4_Timer_Module__state__V                     
200042dc  xdc_runtime_SysMin_Module__state__V                                  
200042e8  _lock                                                                
200042ec  _unlock                                                              
200042f0  gpioCallbackFunctions                                                
200042f8  ti_sysbios_family_arm_lm4_Timer_Module__root__V                      
20004300  ti_sysbios_family_arm_lm4_TimestampProvider_Module__state__V         
20004308  ti_sysbios_family_arm_m3_Hwi_Module__root__V                         
20004310  ti_sysbios_gates_GateHwi_Module__root__V                             
20004318  ti_sysbios_gates_GateMutex_Module__root__V                           
20004320  ti_sysbios_hal_Timer_Module__root__V                                 
20004328  ti_sysbios_heaps_HeapMem_Module__root__V                             
20004330  ti_sysbios_knl_Clock_Module__root__V                                 
20004338  ti_sysbios_knl_Queue_Module__root__V                                 
20004340  ti_sysbios_knl_Semaphore_Module__root__V                             
20004348  ti_sysbios_knl_Task_Module__root__V                                  
20004350  xdc_runtime_Registry_Module__state__V                                
20004358  xdc_runtime_Startup_Module__state__V                                 
20004360  xdc_runtime_System_Module_State_0_atexitHandlers__A                  
20004368  xdc_runtime_System_Module__state__V                                  
20004376  xdc_runtime_Error_Module__state__V                                   
20004380  errno                                                                
20004384  main_func_sp                                                         
20004388  ti_sysbios_family_arm_m3_Hwi_Module_State_0_excContext__A            
2000438c  ti_sysbios_family_arm_m3_Hwi_Module_State_0_excStack__A              
20004390  ti_sysbios_gates_GateHwi_Object__table__V                            
20004394  ti_sysbios_knl_Task_Module_State_0_idleTask__A                       
20004398  g_i16TouchMin                                                        
2000439c  xdc_runtime_Memory_Module__state__V                                  
200043a0  __stack                                                              
200046a0  __STACK_END                                                          
e000e000  ti_sysbios_family_arm_m3_Hwi_nvic                                    
ffffffff  __TI_pprof_out_hndl                                                  
ffffffff  __TI_prof_data_size                                                  
ffffffff  __TI_prof_data_start                                                 
ffffffff  __binit__                                                            
ffffffff  __c_args__                                                           
ffffffff  binit                                                                
UNDEFED   SHT$$INIT_ARRAY$$Base                                                
UNDEFED   SHT$$INIT_ARRAY$$Limit                                               

[998 symbols]
