******************************************************************************
                  TI ARM Linker PC v20.2.5                     
******************************************************************************
>> Linked Sat May 21 10:18:35 2022

OUTPUT FILE NAME:   <EGH456MotorProject.out>
ENTRY POINT SYMBOL: "_c_int00"  address: 0000a4f5


MEMORY CONFIGURATION

         name            origin    length      used     unused   attr    fill
----------------------  --------  ---------  --------  --------  ----  --------
  FLASH                 00000000   00100000  00014c2a  000eb3d6  R  X
  SRAM                  20000000   00040000  0000386c  0003c794  RW X


SEGMENT ALLOCATION MAP

run origin  load origin   length   init length attrs members
----------  ----------- ---------- ----------- ----- -------
00000000    00000000    00014c38   00014c38    r-x
  00000000    00000000    0000003c   0000003c    r-- .resetVecs
  00000040    00000040    0000d442   0000d442    r-x .text
  0000d488    0000d488    0000723c   0000723c    r-- .const
  000146c8    000146c8    00000570   00000570    r-- .cinit
20000000    20000000    00000360   00000000    rw-
  20000000    20000000    00000360   00000000    rw- .vecs
20000400    20000400    00003510   00000000    rw-
  20000400    20000400    000023e0   00000000    rw- .bss
  200027e0    200027e0    00000e2c   00000000    rw- .data
  20003610    20003610    00000300   00000000    rw- .stack


SECTION ALLOCATION MAP

 output                                  attributes/
section   page    origin      length       input sections
--------  ----  ----------  ----------   ----------------
.text      0    00000040    0000d442     
                  00000040    00000a4e     rtsv7M4_T_le_v4SPD16_eabi.lib : _printfi.c.obj (.text:__TI_printfi)
                  00000a8e    00000002                                   : _lock.c.obj (.text:_nop)
                  00000a90    00000430     sysbios.aem4f : BIOS.obj (.text:ti_sysbios_family_arm_m3_Hwi_excDumpRegs__I)
                  00000ec0    0000039c     empty.obj (.text:MotorPage)
                  0000125c    00000394     empty.obj (.text:GraphPrimitive)
                  000015f0    00000374     grlib.lib : image.obj (.text:InternalImageDraw)
                  00001964    0000034c     ti.targets.arm.rtsarm.aem4f : System.oem4f (.text:xdc_runtime_System_doPrint__I)
                  00001cb0    00000304     empty.obj (.text:SensorPage)
                  00001fb4    000002f8     grlib.lib : image.obj (.text:PixelTransparentDraw)
                  000022ac    000002c8     empty.obj (.text:TopBarDraw)
                  00002574    000002c6     grlib.lib : slider.obj (.text:SliderPaint)
                  0000283a    00000002     rtsv7M4_T_le_v4SPD16_eabi.lib : div0.asm.obj (.text)
                  0000283c    000002b0     Clock.obj (.text:timeConvert)
                  00002aec    00000004     driverlib.lib : i2c.obj (.text:I2CMasterControl)
                  00002af0    000002a4     sysbios.aem4f : BIOS.obj (.text:ti_sysbios_knl_Semaphore_pend__E)
                  00002d94    00000270     rtsv7M4_T_le_v4SPD16_eabi.lib : _printfi.c.obj (.text:_pconv_a)
                  00003004    00000004     driverlib.lib : i2c.obj (.text:I2CMasterDataGet)
                  00003008    0000026c     sysbios.aem4f : BIOS.obj (.text:ti_sysbios_heaps_HeapMem_free__E)
                  00003274    00000268     touch.obj (.text:TouchScreenDebouncer)
                  000034dc    00000254     grlib.lib : string.obj (.text:GrFontGlyphRender)
                  00003730    00000250     sysbios.aem4f : BIOS.obj (.text:ti_sysbios_heaps_HeapMem_alloc__E)
                  00003980    00000234                   : BIOS.obj (.text:ti_sysbios_knl_Task_Instance_finalize__E)
                  00003bb4    00000004     driverlib.lib : i2c.obj (.text:I2CMasterDataPut)
                  00003bb8    00000210     sysbios.aem4f : BIOS.obj (.text:ti_sysbios_family_arm_lm4_Timer_Instance_init__E)
                  00003dc8    0000020c     drivers_tivaware.aem4f : UARTTiva.oem4f (.text:UARTTiva_open)
                  00003fd4    00000204     Boot.aem4f : Boot_sysctl.oem4f (.text:ti_catalog_arm_cortexm4_tiva_ce_Boot_sysCtlClockFreqSetI__I)
                  000041d8    000001f4     sysbios.aem4f : BIOS.obj (.text:ti_sysbios_family_arm_m3_Hwi_excHandlerMax__I)
                  000043cc    000001e4     Kentec320x240x16_ssd2119_spi.obj (.text:Kentec320x240x16_SSD2119Init)
                  000045b0    000001dc     Kentec320x240x16_ssd2119_spi.obj (.text:Kentec320x240x16_SSD2119PixelDrawMultiple)
                  0000478c    000001d0     rtsv7M4_T_le_v4SPD16_eabi.lib : _printfi.c.obj (.text:_pconv_g)
                  0000495c    00000004     driverlib.lib : uart.obj (.text:UARTIntClear)
                  00004960    000001c8     sysbios.aem4f : BIOS.obj (.text:ti_sysbios_knl_Task_sleep__E)
                  00004b28    000001c0                   : BIOS.obj (.text:ti_sysbios_knl_Task_Instance_init__E)
                  00004ce8    000001b6     rtsv7M4_T_le_v4SPD16_eabi.lib : fd_add_t2.asm.obj (.text)
                  00004e9e    00000002     empty_pem4f.oem4f (.text:ti_sysbios_BIOS_nullFunc__I)
                  00004ea0    000001a0     sysbios.aem4f : BIOS.obj (.text:ti_sysbios_gates_GateMutexPri_enter__E)
                  00005040    00000190     grlib.lib : canvas.obj (.text:CanvasPaint)
                  000051d0    0000017e               : pushbutton.obj (.text:RectangularButtonPaint)
                  0000534e    00000002     empty_pem4f.oem4f (.text:xdc_runtime_Startup_reset__I)
                  00005350    00000178     touch.obj (.text:TouchScreenIntHandler)
                  000054c8    00000174     sysbios.aem4f : BIOS.obj (.text:ti_sysbios_family_arm_m3_Hwi_excBusFault__I)
                  0000563c    00000004     grlib.lib : widget.obj (.text:WidgetDefaultMsgProc)
                  00005640    00000164     sysbios.aem4f : BIOS.obj (.text:ti_sysbios_family_arm_m3_Hwi_excUsageFault__I)
                  000057a4    00000150     drivers_tivaware.aem4f : GPIOTiva.oem4f (.text:GPIO_setConfig)
                  000058f4    00000004     rtsv7M4_T_le_v4SPD16_eabi.lib : exit.c.obj (.text:abort:abort)
                  000058f8    00000148     sysbios.aem4f : BIOS.obj (.text:ti_sysbios_family_arm_m3_Hwi_excMemFault__I)
                  00005a40    0000013c     rtsv7M4_T_le_v4SPD16_eabi.lib : _printfi.c.obj (.text:_pconv_e)
                  00005b7c    00000004     empty_pem4f.oem4f (.text:ti_sysbios_BIOS_RtsGateProxy_enter__E)
                  00005b80    0000013c     sysbios.aem4f : BIOS.obj (.text:ti_sysbios_heaps_HeapMem_Instance_init__E)
                  00005cbc    00000136     rtsv7M4_T_le_v4SPD16_eabi.lib : fd_div_t2.asm.obj (.text)
                  00005df2    00000006     driverlib.lib : gpio.obj (.text:GPIOIntClear)
                  00005df8    00000134     sysbios.aem4f : BIOS.obj (.text:ti_sysbios_knl_Task_setPri__E)
                  00005f2c    00000130     empty.obj (.text:BannerInit)
                  0000605c    00000130     driverlib.lib : gpio.obj (.text:GPIOPadConfigSet)
                  0000618c    00000124     rtsv7M4_T_le_v4SPD16_eabi.lib : _printfi.c.obj (.text:fcvt)
                  000062b0    00000120     empty.obj (.text:main)
                  000063d0    00000118     ti.targets.arm.rtsarm.aem4f : Error.oem4f (.text:xdc_runtime_Error_policyDefault__E)
                  000064e8    00000110     rtsv7M4_T_le_v4SPD16_eabi.lib : s_scalbn.c.obj (.text:scalbn)
                  000065f8    0000010c     Kentec320x240x16_ssd2119_spi.obj (.text:Kentec320x240x16_SSD2119RectFill)
                  00006704    0000010c     touch.obj (.text:TouchScreenInit)
                  00006810    00000108     sysbios.aem4f : BIOS.obj (.text:ti_sysbios_family_arm_lm4_Timer_start__E)
                  00006918    00000108                   : BIOS.obj (.text:ti_sysbios_knl_Clock_Instance_init__E)
                  00006a20    00000106     grlib.lib : line.obj (.text:GrLineDraw)
                  00006b26    00000002     --HOLE-- [fill = 0]
                  00006b28    00000104     empty.obj (.text:heartBeatFxn)
                  00006c2c    00000100     ti.targets.arm.rtsarm.aem4f : Core-mem.oem4f (.text:xdc_runtime_Core_createObject__I)
                  00006d2c    000000fc     rtsv7M4_T_le_v4SPD16_eabi.lib : fd_mul_t2.asm.obj (.text)
                  00006e28    000000f8                                   : s_floor.c.obj (.text:floor)
                  00006f20    000000f8     ti.targets.arm.rtsarm.aem4f : Startup.oem4f (.text:xdc_runtime_Startup_startMods__I)
                  00007018    000000f8     empty_pem4f.oem4f (.text:xdc_runtime_System_printfExtend__I)
                  00007110    000000f4     empty.obj (.text:graphSelectPage)
                  00007204    000000f4     sysbios.aem4f : m3_Hwi_asm.obj (.text:ti_sysbios_family_arm_m3_Hwi_dispatch__I)
                  000072f8    000000f2     grlib.lib : pushbutton.obj (.text:RectangularButtonClick)
                  000073ea    00000006     driverlib.lib : gpio.obj (.text:GPIOPinRead)
                  000073f0    000000ec     sysbios.aem4f : BIOS.obj (.text:ti_sysbios_knl_Semaphore_post__E)
                  000074dc    000000e8     grlib.lib : widget.obj (.text:WidgetMessageQueueAdd)
                  000075c4    000000e0     drivers_tivaware.aem4f : I2CTiva.oem4f (.text:I2CTiva_open)
                  000076a4    000000d8     empty.obj (.text:MainPage)
                  0000777c    000000d6     drivers_tivaware.aem4f : I2CTiva.oem4f (.text:I2CTiva_hwiFxn)
                  00007852    000000d6     grlib.lib : slider.obj (.text:SliderClick)
                  00007928    000000cc     ti.targets.arm.rtsarm.aem4f : Core-smem.oem4f (.text:xdc_runtime_Core_constructObject__I)
                  000079f4    000000c0     grlib.lib : string.obj (.text:GrDefaultStringRenderer)
                  00007ab4    00000004     empty_pem4f.oem4f (.text:ti_sysbios_BIOS_RtsGateProxy_leave__E)
                  00007ab8    000000bc     sysbios.aem4f : BIOS.obj (.text:ti_sysbios_family_arm_m3_Hwi_excDebugMon__I)
                  00007b74    00000004                   : BIOS.obj (.text:ti_sysbios_family_arm_lm4_Timer_masterEnable__I)
                  00007b78    000000bc                   : BIOS.obj (.text:ti_sysbios_family_arm_m3_Hwi_excHardFault__I)
                  00007c34    000000b8     EK_TM4C1294XL.obj (.text:EK_TM4C1294XL_initGeneral)
                  00007cec    000000b8     grlib.lib : line.obj (.text:GrLineClip)
                  00007da4    000000b8     Kentec320x240x16_ssd2119_spi.obj (.text:InitSPILCDInterface)
                  00007e5c    00000004     empty_pem4f.oem4f (.text:ti_sysbios_family_arm_m3_Hwi_delete)
                  00007e60    000000b4     sysbios.aem4f : BIOS.obj (.text:ti_sysbios_gates_GateMutex_enter__E)
                  00007f14    00000004     empty_pem4f.oem4f (.text:ti_sysbios_family_arm_m3_Hwi_destruct)
                  00007f18    000000b4     sysbios.aem4f : BIOS.obj (.text:ti_sysbios_knl_Task_checkStacks__E)
                  00007fcc    000000b1     rtsv7M4_T_le_v4SPD16_eabi.lib : _printfi.c.obj (.text:_ltostr)
                  0000807d    00000001     --HOLE-- [fill = 0]
                  0000807e    000000b0     grlib.lib : slider.obj (.text:SliderValueToPosition)
                  0000812e    000000ac     drivers_tivaware.aem4f : UARTTiva.oem4f (.text:readTaskBlocking)
                  000081da    00000006     driverlib.lib : gpio.obj (.text:GPIOPinWrite)
                  000081e0    000000ac     sysbios.aem4f : BIOS.obj (.text:ti_sysbios_family_arm_lm4_Timer_enableTiva__I)
                  0000828c    00000004     empty_pem4f.oem4f (.text:ti_sysbios_family_arm_m3_TaskSupport_Module__startupDone__S)
                  00008290    000000a4     sysbios.aem4f : BIOS.obj (.text:ti_sysbios_knl_Clock_Instance_finalize__E)
                  00008334    000000a0     auto_init.aem4f : auto_init.oem4f (.text)
                  000083d4    000000a0     ti.targets.arm.rtsarm.aem4f : Text.oem4f (.text:xdc_runtime_Text_putMod__E)
                  00008474    0000009c     rtsv7M4_T_le_v4SPD16_eabi.lib : memcpy_t2.asm.obj (.text)
                  00008510    0000009c     sysbios.aem4f : BIOS.obj (.text:ti_sysbios_knl_Semaphore_Instance_init__E)
                  000085ac    0000009a     ti.targets.arm.rtsarm.aem4f : Text.oem4f (.text:xdc_runtime_Text_putSite__E)
                  00008646    00000098     drivers_tivaware.aem4f : UARTTiva.oem4f (.text:UARTTiva_readPolling)
                  000086de    00000002     --HOLE-- [fill = 0]
                  000086e0    00000098     Boot.aem4f : Boot.oem4f (.text:ti_catalog_arm_cortexm4_tiva_ce_Boot_sysCtlClockFreqSet__E)
                  00008778    00000096     rtsv7M4_T_le_v4SPD16_eabi.lib : ull_div_t2.asm.obj (.text)
                  0000880e    00000094     drivers_tivaware.aem4f : UARTTiva.oem4f (.text:UARTTiva_write)
                  000088a2    00000006     grlib.lib : string.obj (.text:GrContextFontSet)
                  000088a8    00000094     sysbios.aem4f : BIOS.obj (.text:ti_sysbios_family_arm_m3_Hwi_Instance_init__E)
                  0000893c    00000004     empty_pem4f.oem4f (.text:ti_sysbios_hal_Timer_TimerProxy_delete)
                  00008940    00000094     sysbios.aem4f : BIOS.obj (.text:ti_sysbios_family_arm_m3_Hwi_initNVIC__E)
                  000089d4    0000008c     drivers_tivaware.aem4f : GPIOTiva.oem4f (.text:GPIO_init)
                  00008a60    0000008c                            : UARTTiva.oem4f (.text:UARTTiva_control)
                  00008aec    0000008c     sysbios.aem4f : m3_TaskSupport_asm.obj (.text:ti_sysbios_family_arm_m3_TaskSupport_buildTaskStack)
                  00008b78    0000008c                   : BIOS.obj (.text:ti_sysbios_hal_SecondsClock_Module_startup__E)
                  00008c04    00000004     empty_pem4f.oem4f (.text:ti_sysbios_heaps_HeapMem_Module_GateProxy_enter__E)
                  00008c08    0000008c     sysbios.aem4f : BIOS.obj (.text:ti_sysbios_knl_Task_postInit__I)
                  00008c94    0000008a     drivers_tivaware.aem4f : UARTTiva.oem4f (.text:readIsrTextBlocking)
                  00008d1e    00000086     grlib.lib : rectangle.obj (.text:GrRectFill)
                  00008da4    00000086     rtsv7M4_T_le_v4SPD16_eabi.lib : fd_cmp_t2.asm.obj (.text:__aeabi_cdcmple)
                  00008e2a    00000086                                   : fd_cmp_t2.asm.obj (.text:__aeabi_cdrcmple)
                  00008eb0    00000084     GraphFunctions.obj (.text:ArrayUpdate)
                  00008f34    00000004     empty_pem4f.oem4f (.text:ti_sysbios_heaps_HeapMem_Module_GateProxy_leave__E)
                  00008f38    00000084     sysbios.aem4f : BIOS.obj (.text:ti_sysbios_family_arm_m3_Hwi_postInit__I)
                  00008fbc    00000082     drivers_tivaware.aem4f : UARTTiva.oem4f (.text:readIsrTextCallback)
                  0000903e    00000080     grlib.lib : rectangle.obj (.text:GrRectIntersectGet)
                  000090be    0000007e     drivers_tivaware.aem4f : I2CTiva.oem4f (.text:I2CTiva_transfer)
                  0000913c    0000007c     empty.obj (.text:GraphPage)
                  000091b8    0000007c     sysbios.aem4f : BIOS.obj (.text:ti_sysbios_family_arm_lm4_Timer_disableTiva__I)
                  00009234    0000007a     driverlib.lib : adc.obj (.text:ADCSequenceStepConfigure)
                  000092ae    0000007a     drivers_tivaware.aem4f : UARTTiva.oem4f (.text:readTaskCallback)
                  00009328    0000007a     rtsv7M4_T_le_v4SPD16_eabi.lib : memset_t2.asm.obj (.text)
                  000093a2    00000002     --HOLE-- [fill = 0]
                  000093a4    00000074     empty.obj (.text:InitScreen)
                  00009418    00000074     sysbios.aem4f : BIOS.obj (.text:ti_sysbios_knl_Clock_start__E)
                  0000948c    00000004     empty_pem4f.oem4f (.text:ti_sysbios_knl_Clock_TimerProxy_getFreq__E)
                  00009490    00000070     sysbios.aem4f : BIOS.obj (.text:ti_sysbios_knl_Clock_workFunc__E)
                  00009500    00000070                   : BIOS.obj (.text:ti_sysbios_knl_Task_exit__E)
                  00009570    0000006e     rtsv7M4_T_le_v4SPD16_eabi.lib : _printfi.c.obj (.text:_mcpy)
                  000095de    00000002     --HOLE-- [fill = 0]
                  000095e0    0000006d     ti.targets.arm.rtsarm.aem4f : System.oem4f (.text:xdc_runtime_System_formatNum__I)
                  0000964d    00000003     --HOLE-- [fill = 0]
                  00009650    0000006c     GraphFunctions.obj (.text:CalcAvg)
                  000096bc    0000006c     empty_pem4f.oem4f (.text:ti_sysbios_family_arm_lm4_Timer_Object__create__S)
                  00009728    0000006c     sysbios.aem4f : BIOS.obj (.text:ti_sysbios_gates_GateMutexPri_leave__E)
                  00009794    00000004     empty_pem4f.oem4f (.text:ti_sysbios_knl_Clock_TimerProxy_getMaxTicks__E)
                  00009798    0000006c     sysbios.aem4f : BIOS.obj (.text:ti_sysbios_knl_Swi_restoreHwi__E)
                  00009804    0000006c     drivers_tivaware.aem4f : UARTTiva.oem4f (.text:writeData)
                  00009870    0000006c     ti.targets.arm.rtsarm.aem4f : Error.oem4f (.text:xdc_runtime_Error_print__E)
                  000098dc    0000006c                                 : Memory.oem4f (.text:xdc_runtime_Memory_alloc__E)
                  00009948    00000068     empty.obj (.text:BackMainMotorPage)
                  000099b0    00000068     EK_TM4C1294XL.obj (.text:EK_TM4C1294XL_initI2C)
                  00009a18    00000068     grlib.lib : context.obj (.text:GrContextInit)
                  00009a80    00000068               : string.obj (.text:GrStringWidthGet)
                  00009ae8    00000068     driverlib.lib : interrupt.obj (.text:IntEnable)
                  00009b50    00000068     Kentec320x240x16_ssd2119_spi.obj (.text:Kentec320x240x16_SSD2119LineDrawH)
                  00009bb8    00000068     Kentec320x240x16_ssd2119_spi.obj (.text:Kentec320x240x16_SSD2119LineDrawV)
                  00009c20    00000068     rtsv7M4_T_le_v4SPD16_eabi.lib : copy_decompress_lzss.c.obj (.text:decompress:lzss:__TI_decompress_lzss)
                  00009c88    00000066     grlib.lib : context.obj (.text:GrContextClipRegionSet)
                  00009cee    00000066               : rectangle.obj (.text:GrRectDraw)
                  00009d54    00000066     ti.targets.arm.rtsarm.aem4f : Core-mem.oem4f (.text:xdc_runtime_Core_deleteObject__I)
                  00009dba    00000002     --HOLE-- [fill = 0]
                  00009dbc    00000064     drivers_tivaware.aem4f : GPIOTiva.oem4f (.text:GPIO_hwiIntFxn)
                  00009e20    00000064     rtsv7M4_T_le_v4SPD16_eabi.lib : s_frexp.c.obj (.text:frexp)
                  00009e84    00000004     empty_pem4f.oem4f (.text:ti_sysbios_knl_Clock_TimerProxy_getPeriod__E)
                  00009e88    00000064     sysbios.aem4f : BIOS.obj (.text:ti_sysbios_family_arm_lm4_Timer_Module_startup__E)
                  00009eec    00000064     empty_pem4f.oem4f (.text:ti_sysbios_family_arm_m3_Hwi_create)
                  00009f50    00000064     sysbios.aem4f : BIOS.obj (.text:ti_sysbios_family_arm_m3_Hwi_dispatchC__I)
                  00009fb4    00000064     empty_pem4f.oem4f (.text:ti_sysbios_hal_Timer_create)
                  0000a018    00000064     Clock.obj (.text:timer1sec)
                  0000a07c    00000062     drivers_tivaware.aem4f : I2CTiva.oem4f (.text:I2CTiva_primeTransfer)
                  0000a0de    00000002     --HOLE-- [fill = 0]
                  0000a0e0    00000060     driverlib.lib : timer.obj (.text:TimerConfigure)
                  0000a140    00000060     Kentec320x240x16_ssd2119_spi.obj (.text:WriteDataSPI)
                  0000a1a0    00000060     sysbios.aem4f : BIOS.obj (.text:ti_sysbios_knl_Task_schedule__I)
                  0000a200    0000005e     drivers_tivaware.aem4f : UARTTiva.oem4f (.text:readIsrBinaryBlocking)
                  0000a25e    00000002     --HOLE-- [fill = 0]
                  0000a260    0000005c     Kentec320x240x16_ssd2119_spi.obj (.text:WriteCommandSPI)
                  0000a2bc    00000004     empty_pem4f.oem4f (.text:ti_sysbios_knl_Clock_destruct)
                  0000a2c0    0000005c     sysbios.aem4f : BIOS.obj (.text:ti_sysbios_knl_Swi_run__I)
                  0000a31c    00000004     empty_pem4f.oem4f (.text:ti_sysbios_knl_Queue_destruct)
                  0000a320    0000005c     sysbios.aem4f : BIOS.obj (.text:ti_sysbios_knl_Swi_schedule__I)
                  0000a37c    00000004     empty_pem4f.oem4f (.text:ti_sysbios_knl_Semaphore_destruct)
                  0000a380    0000005c     sysbios.aem4f : BIOS.obj (.text:ti_sysbios_knl_Task_Module_startup__E)
                  0000a3dc    00000004     ti.targets.arm.rtsarm.aem4f : Error.oem4f (.text:xdc_runtime_Error_getSite__E)
                  0000a3e0    0000005c     sysbios.aem4f : BIOS.obj (.text:ti_sysbios_knl_Task_startCore__E)
                  0000a43c    0000005b     ti.targets.arm.rtsarm.aem4f : Text.oem4f (.text:xdc_runtime_Text_putLab__E)
                  0000a497    00000001     --HOLE-- [fill = 0]
                  0000a498    0000005a     grlib.lib : string.obj (.text:FontWideGlyphDataGet)
                  0000a4f2    00000002     --HOLE-- [fill = 0]
                  0000a4f4    00000058     boot.aem4f : boot.oem4f (.text)
                  0000a54c    00000058     rtsv7M4_T_le_v4SPD16_eabi.lib : hostwrite.c.obj (.text:HOSTwrite)
                  0000a5a4    00000058     grlib.lib : slider.obj (.text:SliderPositionToValue)
                  0000a5fc    00000058     driverlib.lib : timer.obj (.text:TimerControlTrigger)
                  0000a654    00000004     empty_pem4f.oem4f (.text:xdc_runtime_System_Module_GateProxy_enter__E)
                  0000a658    00000058     sysbios.aem4f : BIOS.obj (.text:ti_sysbios_family_arm_lm4_Timer_Instance_finalize__E)
                  0000a6b0    00000058     empty_pem4f.oem4f (.text:ti_sysbios_family_arm_m3_Hwi_construct)
                  0000a708    00000058     sysbios.aem4f : m3_Hwi_asm_switch.obj (.text:ti_sysbios_family_arm_m3_Hwi_initStacks__E)
                  0000a760    00000056     driverlib.lib : gpio.obj (.text:GPIOIntTypeSet)
                  0000a7b6    00000056     rtsv7M4_T_le_v4SPD16_eabi.lib : _printfi.c.obj (.text:_pconv_f)
                  0000a80c    00000054                                   : _ltoa.c.obj (.text:__TI_ltoa)
                  0000a860    00000054     drivers_tivaware.aem4f : UARTTiva.oem4f (.text:readIsrBinaryCallback)
                  0000a8b4    00000004     empty_pem4f.oem4f (.text:xdc_runtime_System_Module_GateProxy_leave__E)
                  0000a8b8    00000054     sysbios.aem4f : BIOS.obj (.text:ti_sysbios_family_arm_lm4_Timer_initDevice__I)
                  0000a90c    00000054     empty_pem4f.oem4f (.text:ti_sysbios_knl_Task_construct)
                  0000a960    00000054     ti.targets.arm.rtsarm.aem4f : Assert.oem4f (.text:xdc_runtime_Assert_raise__I)
                  0000a9b4    00000052     rtsv7M4_T_le_v4SPD16_eabi.lib : _printfi.c.obj (.text:_ecpy)
                  0000aa06    00000002     --HOLE-- [fill = 0]
                  0000aa08    00000050     drivers_tivaware.aem4f : GPIOTiva.oem4f (.text:GPIO_setCallback)
                  0000aa58    00000050                            : GPIOTiva.oem4f (.text:GPIO_toggle)
                  0000aaa8    00000050                            : GPIOTiva.oem4f (.text:GPIO_write)
                  0000aaf8    00000050                            : UARTTiva.oem4f (.text:UARTTiva_writeCancel)
                  0000ab48    00000050     Boot.aem4f : Boot_sysctl.oem4f (.text:_SysCtlFrequencyGet)
                  0000ab98    00000050     sysbios.aem4f : BIOS.obj (.text:ti_sysbios_family_arm_m3_Hwi_Module_startup__E)
                  0000abe8    00000050     ti.targets.arm.rtsarm.aem4f : Startup.oem4f (.text:xdc_runtime_Startup_exec__E)
                  0000ac38    00000050                                 : Text.oem4f (.text:xdc_runtime_Text_visitRope2__I)
                  0000ac88    0000004c     drivers_tivaware.aem4f : UARTTiva.oem4f (.text:UARTTiva_close)
                  0000acd4    0000004c     grlib.lib : widget.obj (.text:WidgetRemove)
                  0000ad20    0000004c     rtsv7M4_T_le_v4SPD16_eabi.lib : atoi.c.obj (.text:atoi)
                  0000ad6c    0000004c                                   : cpy_tbl.c.obj (.text:copy_in)
                  0000adb8    0000004c     sysbios.aem4f : BIOS.obj (.text:ti_sysbios_heaps_HeapMem_getStats__E)
                  0000ae04    00000004     ti.targets.arm.rtsarm.aem4f : System.oem4f (.text:xdc_runtime_System_aprintf_va__F)
                  0000ae08    0000004c     sysbios.aem4f : BIOS.obj (.text:ti_sysbios_knl_Swi_runLoop__I)
                  0000ae54    00000004     ti.targets.arm.rtsarm.aem4f : System.oem4f (.text:xdc_runtime_System_printf_va__F)
                  0000ae58    0000004c     sysbios.aem4f : BIOS.obj (.text:ti_sysbios_knl_Task_allBlockedFunction__I)
                  0000aea4    00000004     --HOLE-- [fill = 0]
                  0000aea8    0000004c                   : BIOS.obj (.text:ti_sysbios_knl_Task_block__E)
                  0000aef4    0000004a     grlib.lib : string.obj (.text:UpdateContextCharMapping)
                  0000af3e    00000002     --HOLE-- [fill = 0]
                  0000af40    00000048     driverlib.lib : gpio.obj (.text:GPIOPinConfigure)
                  0000af88    00000048                   : i2c.obj (.text:I2CMasterInitExpClk)
                  0000afd0    00000048     rtsv7M4_T_le_v4SPD16_eabi.lib : fd_toi_t2.asm.obj (.text)
                  0000b018    00000048     sysbios.aem4f : BIOS.obj (.text:ti_sysbios_family_arm_lm4_Timer_enableTimers__I)
                  0000b060    00000048                   : BIOS.obj (.text:ti_sysbios_family_arm_m3_Hwi_disableInterrupt__E)
                  0000b0a8    00000048                   : BIOS.obj (.text:ti_sysbios_family_arm_m3_Hwi_enableInterrupt__E)
                  0000b0f0    00000048                   : BIOS.obj (.text:ti_sysbios_family_arm_m3_Hwi_excReserved__I)
                  0000b138    00000048                   : BIOS.obj (.text:ti_sysbios_hal_SecondsClock_increment__I)
                  0000b180    00000046     grlib.lib : line.obj (.text:GrLineDrawH)
                  0000b1c6    00000046               : line.obj (.text:GrLineDrawV)
                  0000b20c    00000046     Kentec320x240x16_ssd2119_spi.obj (.text:Kentec320x240x16_SSD2119PixelDraw)
                  0000b252    00000046     drivers_tivaware.aem4f : RingBuf.oem4f (.text:RingBuf_put)
                  0000b298    00000046     UARTLocal.obj (.text:initUART)
                  0000b2de    00000046     ti.targets.arm.rtsarm.aem4f : Core-params.oem4f (.text:xdc_runtime_Core_assignParams__I)
                  0000b324    00000004     --HOLE-- [fill = 0]
                  0000b328    00000044     sysbios.aem4f : BIOS.obj (.text:ti_sysbios_family_arm_lm4_Timer_isrStub__E)
                  0000b36c    00000004     --HOLE-- [fill = 0]
                  0000b370    00000044                   : BIOS.obj (.text:ti_sysbios_family_arm_m3_Hwi_getStackInfo__E)
                  0000b3b4    00000004     --HOLE-- [fill = 0]
                  0000b3b8    00000044                   : BIOS.obj (.text:ti_sysbios_knl_Swi_post__E)
                  0000b3fc    00000044     ti.targets.arm.rtsarm.aem4f : Error.oem4f (.text:xdc_runtime_Error_setX__E)
                  0000b440    00000044                                 : SysMin.oem4f (.text:xdc_runtime_SysMin_flush__E)
                  0000b484    00000044                                 : Text.oem4f (.text:xdc_runtime_Text_xprintf__I)
                  0000b4c8    00000042     driverlib.lib : uart.obj (.text:UARTConfigSetExpClk)
                  0000b50a    00000042     drivers_tivaware.aem4f : UARTTiva.oem4f (.text:UARTTiva_hwiIntFxn)
                  0000b54c    00000042                            : UARTTiva.oem4f (.text:UARTTiva_writePolling)
                  0000b58e    00000040                            : RingBuf.oem4f (.text:RingBuf_get)
                  0000b5ce    00000040                            : UARTTiva.oem4f (.text:UARTTiva_read)
                  0000b60e    00000040     rtsv7M4_T_le_v4SPD16_eabi.lib : u_divt2.asm.obj (.text)
                  0000b64e    00000002     --HOLE-- [fill = 0]
                  0000b650    00000040                                   : sprintf.c.obj (.text:sprintf)
                  0000b690    00000040     sysbios.aem4f : BIOS.obj (.text:ti_sysbios_family_arm_lm4_Timer_startup__E)
                  0000b6d0    00000040                   : BIOS.obj (.text:ti_sysbios_hal_SecondsClock_getTime__E)
                  0000b710    0000003e     driverlib.lib : adc.obj (.text:ADCSequenceConfigure)
                  0000b74e    0000003e     rtsv7M4_T_le_v4SPD16_eabi.lib : _printfi.c.obj (.text:_fcpy)
                  0000b78c    0000003c     GraphFunctions.obj (.text:CalcNoRemainder)
                  0000b7c8    0000003c     driverlib.lib : ssi.obj (.text:SSIConfigSetExpClk)
                  0000b804    00000004     --HOLE-- [fill = 0]
                  0000b808    0000003c     sysbios.aem4f : BIOS.obj (.text:ti_sysbios_family_arm_m3_Hwi_excSvCall__I)
                  0000b844    00000004     --HOLE-- [fill = 0]
                  0000b848    0000003c                   : BIOS.obj (.text:ti_sysbios_heaps_HeapMem_init__I)
                  0000b884    00000004     --HOLE-- [fill = 0]
                  0000b888    0000003c                   : BIOS.obj (.text:ti_sysbios_knl_Swi_restore__E)
                  0000b8c4    0000003a     grlib.lib : string.obj (.text:FontGlyphDataGet)
                  0000b8fe    0000003a     drivers_tivaware.aem4f : I2CTiva.oem4f (.text:I2CTiva_completeTransfer)
                  0000b938    00000038     grlib.lib : rectangle.obj (.text:GrRectOverlapCheck)
                  0000b970    00000038     drivers_tivaware.aem4f : I2C.oem4f (.text:I2C_init)
                  0000b9a8    00000038     empty.obj (.text:RemoveGraphSelect)
                  0000b9e0    00000038     drivers_tivaware.aem4f : UART.oem4f (.text:UART_init)
                  0000ba18    00000038     rtsv7M4_T_le_v4SPD16_eabi.lib : trgmsg.c.obj (.text:__TI_writemsg)
                  0000ba50    00000038                                   : fs_tod_t2.asm.obj (.text)
                  0000ba88    00000038     sysbios.aem4f : BIOS.obj (.text:ti_sysbios_family_arm_m3_Hwi_excNoIsr__I)
                  0000bac0    00000038     ti.targets.arm.rtsarm.aem4f : SysMin.oem4f (.text:xdc_runtime_SysMin_putch__E)
                  0000baf8    00000038                                 : System.oem4f (.text:xdc_runtime_System_atexit__E)
                  0000bb30    00000036     grlib.lib : line.obj (.text:GrClipCodeGet)
                  0000bb66    00000036     drivers_tivaware.aem4f : I2CTiva.oem4f (.text:I2CTiva_close)
                  0000bb9c    00000036                            : UARTTiva.oem4f (.text:UARTTiva_readCancel)
                  0000bbd2    00000002     --HOLE-- [fill = 0]
                  0000bbd4    00000034     driverlib.lib : sysctl.obj (.text:SysCtlPeripheralEnable)
                  0000bc08    00000034     rtsv7M4_T_le_v4SPD16_eabi.lib : trgmsg.c.obj (.text:__TI_readmsg)
                  0000bc3c    00000004     --HOLE-- [fill = 0]
                  0000bc40    00000034     sysbios.aem4f : BIOS.obj (.text:ti_sysbios_family_arm_lm4_Timer_setPeriodMicroSecs__E)
                  0000bc74    00000004     --HOLE-- [fill = 0]
                  0000bc78    00000034                   : BIOS.obj (.text:ti_sysbios_family_arm_m3_Hwi_Instance_finalize__E)
                  0000bcac    00000004     --HOLE-- [fill = 0]
                  0000bcb0    00000034                   : BIOS.obj (.text:ti_sysbios_family_arm_m3_Hwi_excNmi__I)
                  0000bce4    00000004     --HOLE-- [fill = 0]
                  0000bce8    00000034                   : BIOS.obj (.text:ti_sysbios_hal_Hwi_checkStack)
                  0000bd1c    00000034     empty_pem4f.oem4f (.text:ti_sysbios_knl_Clock_construct)
                  0000bd50    00000034     ti.targets.arm.rtsarm.aem4f : Core-label.oem4f (.text:xdc_runtime_Core_assignLabel__I)
                  0000bd84    00000033                                 : Text.oem4f (.text:xdc_runtime_Text_printVisFxn__I)
                  0000bdb7    00000001     --HOLE-- [fill = 0]
                  0000bdb8    00000032     sysbios.aem4f : BIOS.obj (.text:ti_sysbios_hal_Hwi_initStack)
                  0000bdea    00000002     --HOLE-- [fill = 0]
                  0000bdec    00000030     drivers_tivaware.aem4f : UART.oem4f (.text:UART_open)
                  0000be1c    00000030     empty_pem4f.oem4f (.text:ti_sysbios_BIOS_atExitFunc__I)
                  0000be4c    00000004     --HOLE-- [fill = 0]
                  0000be50    00000030     sysbios.aem4f : BIOS.obj (.text:ti_sysbios_family_arm_lm4_Timer_stop__E)
                  0000be80    00000030                   : BIOS.obj (.text:ti_sysbios_family_arm_m3_TaskSupport_start__E)
                  0000beb0    00000030     empty_pem4f.oem4f (.text:ti_sysbios_gates_GateHwi_Object__create__S)
                  0000bee0    00000030     empty_pem4f.oem4f (.text:ti_sysbios_gates_GateMutexPri_Object__create__S)
                  0000bf10    00000030     empty_pem4f.oem4f (.text:ti_sysbios_gates_GateMutexPri_create)
                  0000bf40    00000030     empty_pem4f.oem4f (.text:ti_sysbios_gates_GateMutex_Object__create__S)
                  0000bf70    00000030     empty_pem4f.oem4f (.text:ti_sysbios_heaps_HeapMem_Object__create__S)
                  0000bfa0    00000030     empty_pem4f.oem4f (.text:ti_sysbios_knl_Semaphore_construct)
                  0000bfd0    00000030     sysbios.aem4f : BIOS.obj (.text:ti_sysbios_knl_Semaphore_pendTimeout__I)
                  0000c000    00000030                   : BIOS.obj (.text:ti_sysbios_knl_Task_processVitalTaskFlag__I)
                  0000c030    00000030                   : BIOS.obj (.text:ti_sysbios_knl_Task_unblockI__E)
                  0000c060    00000030     ti.targets.arm.rtsarm.aem4f : SysMin.oem4f (.text:xdc_runtime_SysMin_abort__E)
                  0000c090    00000030                                 : System.oem4f (.text:xdc_runtime_System_processAtExit__E)
                  0000c0c0    0000002e     grlib.lib : string.obj (.text:GrStringNextCharGet)
                  0000c0ee    0000002e     rtsv7M4_T_le_v4SPD16_eabi.lib : i_tofd_t2.asm.obj (.text)
                  0000c11c    0000002c     EK_TM4C1294XL.obj (.text:EK_TM4C1294XL_initUART)
                  0000c148    0000002c     grlib.lib : string.obj (.text:GrFontBaselineGet)
                  0000c174    0000002c               : string.obj (.text:GrFontHeightGet)
                  0000c1a0    0000002c               : pushbutton.obj (.text:RectangularButtonMsgProc)
                  0000c1cc    0000002c               : slider.obj (.text:SliderMsgProc)
                  0000c1f8    0000002c               : widget.obj (.text:WidgetIsInTree)
                  0000c224    0000002c     empty_pem4f.oem4f (.text:ti_sysbios_knl_Clock_doTick__I)
                  0000c250    0000002c     empty_pem4f.oem4f (.text:ti_sysbios_knl_Queue_construct)
                  0000c27c    00000004     --HOLE-- [fill = 0]
                  0000c280    0000002c     sysbios.aem4f : BIOS.obj (.text:ti_sysbios_knl_Task_restore__E)
                  0000c2ac    0000002c     ti.targets.arm.rtsarm.aem4f : Text.oem4f (.text:xdc_runtime_Text_cordText__E)
                  0000c2d8    0000002a     driverlib.lib : gpio.obj (.text:GPIODirModeSet)
                  0000c302    0000002a     ti.targets.arm.rtsarm.aem4f : System.oem4f (.text:xdc_runtime_System_putchar__I)
                  0000c32c    00000028     Kentec320x240x16_ssd2119_spi.obj (.text:Kentec320x240x16_SSD2119ColorTranslate)
                  0000c354    00000004     --HOLE-- [fill = 0]
                  0000c358    00000028     sysbios.aem4f : BIOS.obj (.text:ti_sysbios_hal_Timer_Instance_init__E)
                  0000c380    00000028                   : BIOS.obj (.text:ti_sysbios_knl_Clock_addI__E)
                  0000c3a8    00000028                   : BIOS.obj (.text:ti_sysbios_knl_Swi_Module_startup__E)
                  0000c3d0    00000026     grlib.lib : string.obj (.text:GrFontInfoGet)
                  0000c3f6    00000026     sysbios.aem4f : m3_Hwi_asm.obj (.text:ti_sysbios_family_arm_m3_Hwi_pendSV__I)
                  0000c41c    00000026     ti.targets.arm.rtsarm.aem4f : System.oem4f (.text:xdc_runtime_System_avprintf__E)
                  0000c442    00000002     --HOLE-- [fill = 0]
                  0000c444    00000024     empty.obj (.text:BackGraphSelect)
                  0000c468    00000024     empty.obj (.text:BackMainGraph)
                  0000c48c    00000024     empty.obj (.text:RemoveMainPage)
                  0000c4b0    00000024     empty.obj (.text:backMainSensor)
                  0000c4d4    00000024     empty.obj (.text:removeSensorPage)
                  0000c4f8    00000024     empty_pem4f.oem4f (.text:ti_sysbios_BIOS_errorRaiseHook__I)
                  0000c51c    00000024     empty_pem4f.oem4f (.text:ti_sysbios_BIOS_registerRTSLock__I)
                  0000c540    00000024     empty_pem4f.oem4f (.text:ti_sysbios_BIOS_removeRTSLock__I)
                  0000c564    00000024     empty_pem4f.oem4f (.text:ti_sysbios_BIOS_startFunc__I)
                  0000c588    00000024     empty_pem4f.oem4f (.text:ti_sysbios_gates_GateMutexPri_Object__delete__S)
                  0000c5ac    00000024     empty_pem4f.oem4f (.text:ti_sysbios_gates_GateMutex_Object__delete__S)
                  0000c5d0    00000024     sysbios.aem4f : BIOS.obj (.text:ti_sysbios_knl_Clock_Module_startup__E)
                  0000c5f4    00000004     --HOLE-- [fill = 0]
                  0000c5f8    00000024                   : BIOS.obj (.text:ti_sysbios_knl_Task_restoreHwi__E)
                  0000c61c    00000024     ti.targets.arm.rtsarm.aem4f : System.oem4f (.text:xdc_runtime_System_vprintf__E)
                  0000c640    00000022     grlib.lib : string.obj (.text:GrFontGlyphDataGet)
                  0000c662    00000006     driverlib.lib : i2c.obj (.text:I2CMasterIntDisable)
                  0000c668    00000022     sysbios.aem4f : BIOS.obj (.text:ti_sysbios_family_arm_lm4_Timer_write__I)
                  0000c68a    00000022     empty_pem4f.oem4f (.text:xdc_runtime_SysMin_output__I)
                  0000c6ac    00000020     Boot.aem4f : Boot_sysctl.oem4f (.text:_SysCtlMemTimingGet)
                  0000c6cc    00000020     rtsv7M4_T_le_v4SPD16_eabi.lib : u_tofd_t2.asm.obj (.text)
                  0000c6ec    00000020     empty_pem4f.oem4f (.text:ti_sysbios_BIOS_rtsLock__I)
                  0000c70c    00000020     empty_pem4f.oem4f (.text:ti_sysbios_family_arm_lm4_Timer_Object__delete__S)
                  0000c72c    00000004     --HOLE-- [fill = 0]
                  0000c730    00000020     sysbios.aem4f : BIOS.obj (.text:ti_sysbios_family_arm_lm4_Timer_getFreq__E)
                  0000c750    00000020                   : BIOS.obj (.text:ti_sysbios_family_arm_lm4_Timer_postInit__I)
                  0000c770    00000020     empty_pem4f.oem4f (.text:ti_sysbios_family_arm_m3_Hwi_Object__delete__S)
                  0000c790    00000020     sysbios.aem4f : m3_Hwi_asm.obj (.text:ti_sysbios_family_arm_m3_Hwi_excHandlerAsm__I)
                  0000c7b0    00000020                   : BIOS.obj (.text:ti_sysbios_family_arm_m3_Hwi_excHandler__I)
                  0000c7d0    00000020     empty_pem4f.oem4f (.text:ti_sysbios_gates_GateHwi_Object__delete__S)
                  0000c7f0    00000020     empty_pem4f.oem4f (.text:ti_sysbios_heaps_HeapMem_Object__delete__S)
                  0000c810    00000020     empty_pem4f.oem4f (.text:ti_sysbios_knl_Clock_Object__destruct__S)
                  0000c830    00000020     sysbios.aem4f : BIOS.obj (.text:ti_sysbios_knl_Idle_run__E)
                  0000c850    00000020     empty_pem4f.oem4f (.text:ti_sysbios_knl_Semaphore_Object__destruct__S)
                  0000c870    00000020     ti.targets.arm.rtsarm.aem4f : Registry.oem4f (.text:xdc_runtime_Registry_findById__E)
                  0000c890    00000020                                 : SysMin.oem4f (.text:xdc_runtime_SysMin_Module_startup__E)
                  0000c8b0    0000001e     grlib.lib : string.obj (.text:GrFontCodepageGet)
                  0000c8ce    0000001e               : widget.obj (.text:WidgetAdd)
                  0000c8ec    0000001e     sysbios.aem4f : m3_Hwi_asm_switch.obj (.text:ti_sysbios_family_xxx_Hwi_switchAndRunFunc)
                  0000c90a    0000001e     Clock.obj (.text:updatetime)
                  0000c928    0000001c     driverlib.lib : uart.obj (.text:UARTDisable)
                  0000c944    0000001c     grlib.lib : widget.obj (.text:WidgetPointerMessage)
                  0000c960    0000001c     drivers_tivaware.aem4f : GPIOTiva.oem4f (.text:getGpioIntIndex)
                  0000c97c    0000001c     rtsv7M4_T_le_v4SPD16_eabi.lib : memccpy.c.obj (.text:memccpy)
                  0000c998    0000001c     empty_pem4f.oem4f (.text:ti_sysbios_family_arm_m3_Hwi_Object__destruct__S)
                  0000c9b4    00000004     --HOLE-- [fill = 0]
                  0000c9b8    0000001c     sysbios.aem4f : BIOS.obj (.text:ti_sysbios_gates_GateMutexPri_Instance_init__E)
                  0000c9d4    00000004     --HOLE-- [fill = 0]
                  0000c9d8    0000001c                   : BIOS.obj (.text:ti_sysbios_gates_GateMutex_Instance_init__E)
                  0000c9f4    0000001c     empty_pem4f.oem4f (.text:ti_sysbios_hal_Timer_TimerProxy_create)
                  0000ca10    0000001c     empty_pem4f.oem4f (.text:ti_sysbios_knl_Queue_Object__destruct__S)
                  0000ca2c    00000004     --HOLE-- [fill = 0]
                  0000ca30    0000001c     sysbios.aem4f : BIOS.obj (.text:ti_sysbios_knl_Queue_put__E)
                  0000ca4c    00000004     --HOLE-- [fill = 0]
                  0000ca50    0000001c                   : BIOS.obj (.text:ti_sysbios_knl_Task_enter__I)
                  0000ca6c    0000001c     ti.targets.arm.rtsarm.aem4f : Error.oem4f (.text:xdc_runtime_Error_raiseX__E)
                  0000ca88    0000001c                                 : Memory.oem4f (.text:xdc_runtime_Memory_valloc__E)
                  0000caa4    0000001c                                 : SysMin.oem4f (.text:xdc_runtime_SysMin_exit__E)
                  0000cac0    0000001c                                 : System.oem4f (.text:xdc_runtime_System_abort__E)
                  0000cadc    0000001a     rtsv7M4_T_le_v4SPD16_eabi.lib : s_copysign.c.obj (.text:copysign)
                  0000caf6    0000001a     empty_pem4f.oem4f (.text:ti_sysbios_family_arm_m3_Hwi_Handle__label__S)
                  0000cb10    0000001a     empty_pem4f.oem4f (.text:ti_sysbios_gates_GateHwi_Handle__label__S)
                  0000cb2a    0000001a     empty_pem4f.oem4f (.text:ti_sysbios_gates_GateMutexPri_Handle__label__S)
                  0000cb44    0000001a     empty_pem4f.oem4f (.text:ti_sysbios_gates_GateMutex_Handle__label__S)
                  0000cb5e    0000001a     empty_pem4f.oem4f (.text:ti_sysbios_heaps_HeapMem_Handle__label__S)
                  0000cb78    0000001a     empty_pem4f.oem4f (.text:ti_sysbios_knl_Swi_Handle__label__S)
                  0000cb92    0000001a     empty_pem4f.oem4f (.text:ti_sysbios_knl_Task_Handle__label__S)
                  0000cbac    0000001a     empty_pem4f.oem4f (.text:xdc_runtime_System_aprintf__E)
                  0000cbc6    0000001a     empty_pem4f.oem4f (.text:xdc_runtime_System_printf__E)
                  0000cbe0    00000018     driverlib.lib : gpio.obj (.text:GPIOPinTypeGPIOOutput)
                  0000cbf8    00000018     drivers_tivaware.aem4f : UART.oem4f (.text:UART_Params_init)
                  0000cc10    00000018     rtsv7M4_T_le_v4SPD16_eabi.lib : args_main.c.obj (.text:_args_main)
                  0000cc28    00000018                                   : sprintf.c.obj (.text:_outs)
                  0000cc40    00000018     empty_pem4f.oem4f (.text:ti_sysbios_BIOS_rtsUnlock__I)
                  0000cc58    00000018     empty_pem4f.oem4f (.text:ti_sysbios_family_arm_lm4_Timer_Module__startupDone__F)
                  0000cc70    00000018     empty_pem4f.oem4f (.text:ti_sysbios_family_arm_m3_Hwi_Module__startupDone__F)
                  0000cc88    00000018     sysbios.aem4f : m3_TaskSupport_asm.obj (.text:ti_sysbios_family_arm_m3_TaskSupport_swap__E)
                  0000cca0    00000018                   : BIOS.obj (.text:ti_sysbios_gates_GateMutex_leave__E)
                  0000ccb8    00000018     empty_pem4f.oem4f (.text:ti_sysbios_knl_Clock_Module__startupDone__F)
                  0000ccd0    00000018     sysbios.aem4f : BIOS.obj (.text:ti_sysbios_knl_Task_sleepTimeout__I)
                  0000cce8    00000018     ti.targets.arm.rtsarm.aem4f : Error.oem4f (.text:xdc_runtime_Error_check__E)
                  0000cd00    00000018                                 : System.oem4f (.text:xdc_runtime_System_exit__E)
                  0000cd18    00000018                                 : Text.oem4f (.text:xdc_runtime_Text_ropeText__E)
                  0000cd30    00000016     grlib.lib : string.obj (.text:GrStringDraw)
                  0000cd46    00000016     driverlib.lib : i2c.obj (.text:I2CMasterErr)
                  0000cd5c    00000016     rtsv7M4_T_le_v4SPD16_eabi.lib : strchr.c.obj (.text:strchr)
                  0000cd72    00000016     empty_pem4f.oem4f (.text:ti_sysbios_BIOS_exitFunc__I)
                  0000cd88    00000016     empty.obj (.text:ti_sysbios_gates_GateMutexPri_Params_init)
                  0000cd9e    00000016     Clock.obj (.text:ti_sysbios_hal_Timer_Params_init)
                  0000cdb4    00000016     empty.obj (.text:ti_sysbios_knl_Task_Params_init)
                  0000cdca    00000006     driverlib.lib : i2c.obj (.text:I2CMasterIntEnable)
                  0000cdd0    00000016     sysbios.aem4f : BIOS.obj (.text:ti_sysbios_knl_Task_unblock__E)
                  0000cde6    00000014     grlib.lib : canvas.obj (.text:CanvasMsgProc)
                  0000cdfa    00000002     --HOLE-- [fill = 0]
                  0000cdfc    00000014     Kentec320x240x16_ssd2119_spi.obj (.text:LED_OFF)
                  0000ce10    00000014     Kentec320x240x16_ssd2119_spi.obj (.text:LED_ON)
                  0000ce24    00000014     touch.obj (.text:TouchScreenCallbackSet)
                  0000ce38    00000014     driverlib.lib : uart.obj (.text:UARTEnable)
                  0000ce4c    00000014     grlib.lib : widget.obj (.text:WidgetMutexGet)
                  0000ce60    00000014     rtsv7M4_T_le_v4SPD16_eabi.lib : strlen.c.obj (.text:strlen)
                  0000ce74    00000014     empty_pem4f.oem4f (.text:ti_sysbios_family_arm_m3_Hwi_Object__get__S)
                  0000ce88    00000014     sysbios.aem4f : BIOS.obj (.text:ti_sysbios_family_arm_m3_Hwi_switchFromBootStack__E)
                  0000ce9c    00000014     empty_pem4f.oem4f (.text:ti_sysbios_heaps_HeapMem_Object__get__S)
                  0000ceb0    00000014     empty_pem4f.oem4f (.text:ti_sysbios_knl_Swi_Object__get__S)
                  0000cec4    00000012     driverlib.lib : gpio.obj (.text:GPIOPinTypeI2C)
                  0000ced6    00000012                   : gpio.obj (.text:GPIOPinTypeI2CSCL)
                  0000cee8    00000012                   : gpio.obj (.text:GPIOPinTypeSSI)
                  0000cefa    00000012                   : gpio.obj (.text:GPIOPinTypeUART)
                  0000cf0c    00000012     drivers_tivaware.aem4f : RingBuf.oem4f (.text:RingBuf_construct)
                  0000cf1e    00000012     driverlib.lib : ssi.obj (.text:SSIDataGetNonBlocking)
                  0000cf30    00000012                   : timer.obj (.text:TimerLoadSet)
                  0000cf42    00000006     drivers_tivaware.aem4f : I2CTiva.oem4f (.text:I2CTiva_control)
                  0000cf48    00000012     sysbios.aem4f : BIOS.obj (.text:ti_sysbios_hal_Hwi_Module_startup__E)
                  0000cf5a    00000006     driverlib.lib : sysctl.obj (.text:SysCtlDelay)
                  0000cf60    00000012     sysbios.aem4f : BIOS.obj (.text:ti_sysbios_hal_Timer_Module_startup__E)
                  0000cf72    00000012     rtsv7M4_T_le_v4SPD16_eabi.lib : wcslen.c.obj (.text:wcslen)
                  0000cf84    00000012     empty_pem4f.oem4f (.text:xdc_runtime_Startup_exec__I)
                  0000cf96    00000002     --HOLE-- [fill = 0]
                  0000cf98    00000010     empty_pem4f.oem4f (.text:.bootCodeSection:ti_catalog_arm_cortexm4_tiva_ce_Boot_init__I)
                  0000cfa8    00000010     driverlib.lib : adc.obj (.text:ADCIntEnable)
                  0000cfb8    00000010                   : fpu.obj (.text:FPUEnable)
                  0000cfc8    00000010                   : fpu.obj (.text:FPULazyStackingEnable)
                  0000cfd8    00000010     empty.obj (.text:RemoveGraph)
                  0000cfe8    00000010     drivers_tivaware.aem4f : UARTTiva.oem4f (.text:readBlockingTimeout)
                  0000cff8    00000010     sysbios.aem4f : BIOS.obj (.text:ti_sysbios_BIOS_exit__E)
                  0000d008    00000010                   : BIOS.obj (.text:ti_sysbios_BIOS_getCpuFreq__E)
                  0000d018    00000010                   : BIOS.obj (.text:ti_sysbios_BIOS_setThreadType__E)
                  0000d028    00000010                   : BIOS.obj (.text:ti_sysbios_BIOS_start__E)
                  0000d038    00000010                   : BIOS.obj (.text:ti_sysbios_family_arm_lm4_TimestampProvider_rolloverFunc__E)
                  0000d048    00000010                   : m3_TaskSupport_asm.obj (.text:ti_sysbios_family_arm_m3_TaskSupport_glue)
                  0000d058    00000010                   : BIOS.obj (.text:ti_sysbios_gates_GateMutexPri_Instance_finalize__E)
                  0000d068    00000010                   : BIOS.obj (.text:ti_sysbios_gates_GateMutex_Instance_finalize__E)
                  0000d078    00000010     empty_pem4f.oem4f (.text:ti_sysbios_hal_Timer_TimerProxy_Object__create__S)
                  0000d088    00000010     sysbios.aem4f : BIOS.obj (.text:ti_sysbios_knl_Semaphore_Instance_finalize__E)
                  0000d098    00000010                   : BIOS.obj (.text:ti_sysbios_knl_Swi_disable__E)
                  0000d0a8    00000010     empty_pem4f.oem4f (.text:ti_sysbios_knl_Task_Object__get__S)
                  0000d0b8    00000010     sysbios.aem4f : BIOS.obj (.text:ti_sysbios_knl_Task_disable__E)
                  0000d0c8    00000010     driverlib.lib : udma.obj (.text:uDMAEnable)
                  0000d0d8    00000010     ti.targets.arm.rtsarm.aem4f : Gate.oem4f (.text:xdc_runtime_Gate_leaveSystem__E)
                  0000d0e8    00000010                                 : Memory.oem4f (.text:xdc_runtime_Memory_free__E)
                  0000d0f8    00000010                                 : SysMin.oem4f (.text:xdc_runtime_SysMin_ready__E)
                  0000d108    00000010                                 : System.oem4f (.text:xdc_runtime_System_vsnprintf__E)
                  0000d118    00000010     empty_pem4f.oem4f (.text:xdc_runtime_Text_visitRope__I)
                  0000d128    0000000e     driverlib.lib : adc.obj (.text:ADCSequenceEnable)
                  0000d136    0000000e                   : gpio.obj (.text:GPIOIntStatus)
                  0000d144    0000000e     grlib.lib : image.obj (.text:GrImageDraw)
                  0000d152    0000000e     driverlib.lib : timer.obj (.text:TimerEnable)
                  0000d160    0000000e                   : uart.obj (.text:UARTCharGetNonBlocking)
                  0000d16e    0000000e                   : uart.obj (.text:UARTCharPutNonBlocking)
                  0000d17c    0000000e     rtsv7M4_T_le_v4SPD16_eabi.lib : copy_decompress_none.c.obj (.text:decompress:none:__TI_decompress_none)
                  0000d18a    00000006     driverlib.lib : uart.obj (.text:UARTFIFOLevelSet)
                  0000d190    0000000e     sysbios.aem4f : BIOS.obj (.text:ti_sysbios_knl_Idle_loop__E)
                  0000d19e    00000002     --HOLE-- [fill = 0]
                  0000d1a0    0000000e                   : BIOS.obj (.text:ti_sysbios_knl_Queue_empty__E)
                  0000d1ae    0000000c     drivers_tivaware.aem4f : RingBuf.oem4f (.text:RingBuf_peek)
                  0000d1ba    0000000c     driverlib.lib : uart.obj (.text:UARTFlowControlSet)
                  0000d1c6    0000000c     drivers_tivaware.aem4f : UARTTiva.oem4f (.text:UARTTiva_init)
                  0000d1d2    00000002     --HOLE-- [fill = 0]
                  0000d1d4    0000000c     rtsv7M4_T_le_v4SPD16_eabi.lib : _lock.c.obj (.text:_register_lock)
                  0000d1e0    0000000c                                   : _lock.c.obj (.text:_register_unlock)
                  0000d1ec    0000000c     empty.obj (.text:btntest)
                  0000d1f8    0000000c     rtsv7M4_T_le_v4SPD16_eabi.lib : copy_zero_init.c.obj (.text:decompress:ZI:__TI_zero_init)
                  0000d204    00000004     --HOLE-- [fill = 0]
                  0000d208    0000000c     sysbios.aem4f : BIOS.obj (.text:ti_sysbios_family_arm_lm4_Timer_getMaxTicks__E)
                  0000d214    00000004     --HOLE-- [fill = 0]
                  0000d218    0000000c                   : BIOS.obj (.text:ti_sysbios_family_arm_lm4_TimestampProvider_startTimer__E)
                  0000d224    0000000c     empty_pem4f.oem4f (.text:ti_sysbios_family_arm_m3_Hwi_Params__init__S)
                  0000d230    0000000c     sysbios.aem4f : BIOS.obj (.text:ti_sysbios_family_arm_m3_Hwi_disableFxn__E)
                  0000d23c    00000004     --HOLE-- [fill = 0]
                  0000d240    0000000c                   : BIOS.obj (.text:ti_sysbios_family_arm_m3_TaskSupport_checkStack__E)
                  0000d24c    00000004     --HOLE-- [fill = 0]
                  0000d250    0000000c                   : BIOS.obj (.text:ti_sysbios_family_arm_m3_TaskSupport_getStackAlignment__E)
                  0000d25c    00000004     --HOLE-- [fill = 0]
                  0000d260    0000000c                   : BIOS.obj (.text:ti_sysbios_gates_GateHwi_enter__E)
                  0000d26c    0000000c     empty_pem4f.oem4f (.text:ti_sysbios_gates_GateMutexPri_Params__init__S)
                  0000d278    0000000c     sysbios.aem4f : BIOS.obj (.text:ti_sysbios_hal_SecondsClock_set__E)
                  0000d284    0000000c     empty_pem4f.oem4f (.text:ti_sysbios_hal_Timer_Params__init__S)
                  0000d290    0000000c     empty_pem4f.oem4f (.text:ti_sysbios_knl_Clock_Params__init__S)
                  0000d29c    0000000c     empty_pem4f.oem4f (.text:ti_sysbios_knl_Queue_Object__get__S)
                  0000d2a8    0000000c     empty_pem4f.oem4f (.text:ti_sysbios_knl_Semaphore_Params__init__S)
                  0000d2b4    0000000c     empty_pem4f.oem4f (.text:ti_sysbios_knl_Task_Params__init__S)
                  0000d2c0    0000000c     driverlib.lib : udma.obj (.text:uDMAControlBaseSet)
                  0000d2cc    0000000c     ti.targets.arm.rtsarm.aem4f : Error.oem4f (.text:xdc_runtime_Error_init__E)
                  0000d2d8    0000000c                                 : Gate.oem4f (.text:xdc_runtime_Gate_enterSystem__E)
                  0000d2e4    0000000c                                 : Memory.oem4f (.text:xdc_runtime_Memory_calloc__E)
                  0000d2f0    0000000c                                 : Memory.oem4f (.text:xdc_runtime_Memory_getMaxDefaultTypeAlign__E)
                  0000d2fc    0000000a     driverlib.lib : i2c.obj (.text:I2CMasterDisable)
                  0000d306    0000000a                   : i2c.obj (.text:I2CMasterEnable)
                  0000d310    0000000a     drivers_tivaware.aem4f : I2CTiva.oem4f (.text:I2CTiva_init)
                  0000d31a    0000000a     Kentec320x240x16_ssd2119_spi.obj (.text:Kentec320x240x16_SSD2119Flush)
                  0000d324    0000000a     driverlib.lib : ssi.obj (.text:SSIDataPut)
                  0000d32e    0000000a                   : ssi.obj (.text:SSIEnable)
                  0000d338    0000000a                   : uart.obj (.text:UARTCharGet)
                  0000d342    0000000a                   : uart.obj (.text:UARTCharPut)
                  0000d34c    0000000a                   : uart.obj (.text:UARTIntDisable)
                  0000d356    0000000a                   : uart.obj (.text:UARTIntStatus)
                  0000d360    0000000a     rtsv7M4_T_le_v4SPD16_eabi.lib : sprintf.c.obj (.text:_outc)
                  0000d36a    00000006     driverlib.lib : uart.obj (.text:UARTRxErrorClear)
                  0000d370    0000000a     sysbios.aem4f : BIOS.obj (.text:ti_sysbios_hal_Timer_Instance_finalize__E)
                  0000d37a    0000000a     empty_pem4f.oem4f (.text:xdc_runtime_IHeap_alloc)
                  0000d384    0000000a     empty_pem4f.oem4f (.text:xdc_runtime_IHeap_free)
                  0000d38e    00000008     EK_TM4C1294XL.obj (.text:EK_TM4C1294XL_initGPIO)
                  0000d396    00000008     grlib.lib : charmap.obj (.text:GrMapISO8859_1_Unicode)
                  0000d39e    00000008     driverlib.lib : i2c.obj (.text:I2CMasterIntClear)
                  0000d3a6    00000008                   : i2c.obj (.text:I2CMasterSlaveAddrSet)
                  0000d3ae    00000008     drivers_tivaware.aem4f : I2CTiva.oem4f (.text:I2CTiva_blockingCallback)
                  0000d3b6    00000008     driverlib.lib : ssi.obj (.text:SSIBusy)
                  0000d3be    00000008                   : uart.obj (.text:UARTIntEnable)
                  0000d3c6    00000008                   : uart.obj (.text:UARTRxErrorGet)
                  0000d3ce    00000002     --HOLE-- [fill = 0]
                  0000d3d0    00000008     rtsv7M4_T_le_v4SPD16_eabi.lib : errno.c.obj (.text:__aeabi_errno_addr)
                  0000d3d8    00000008     drivers_tivaware.aem4f : UARTTiva.oem4f (.text:readSemCallback)
                  0000d3e0    00000008     sysbios.aem4f : BIOS.obj (.text:ti_sysbios_family_arm_lm4_Timer_masterDisable__I)
                  0000d3e8    00000008                   : BIOS.obj (.text:ti_sysbios_family_arm_m3_Hwi_doSwiRestore__I)
                  0000d3f0    00000008                   : BIOS.obj (.text:ti_sysbios_family_arm_m3_Hwi_startup__E)
                  0000d3f8    00000008     drivers_tivaware.aem4f : UARTTiva.oem4f (.text:writeSemCallback)
                  0000d400    00000006     grlib.lib : widget.obj (.text:WidgetMutexPut)
                  0000d406    00000002     --HOLE-- [fill = 0]
                  0000d408    00000006     sysbios.aem4f : BIOS.obj (.text:ti_sysbios_family_arm_lm4_TimestampProvider_Module_startup__E)
                  0000d40e    00000002     --HOLE-- [fill = 0]
                  0000d410    00000006                   : BIOS.obj (.text:ti_sysbios_family_arm_m3_Hwi_doTaskRestore__I)
                  0000d416    00000002     --HOLE-- [fill = 0]
                  0000d418    00000006                   : BIOS.obj (.text:ti_sysbios_family_arm_m3_Hwi_restoreFxn__E)
                  0000d41e    00000002     --HOLE-- [fill = 0]
                  0000d420    00000006                   : BIOS.obj (.text:ti_sysbios_gates_GateHwi_leave__E)
                  0000d426    00000002     --HOLE-- [fill = 0]
                  0000d428    00000006                   : BIOS.obj (.text:ti_sysbios_heaps_HeapMem_isBlocking__E)
                  0000d42e    00000002     --HOLE-- [fill = 0]
                  0000d430    00000006                   : BIOS.obj (.text:ti_sysbios_knl_Clock_stop__E)
                  0000d436    00000002     --HOLE-- [fill = 0]
                  0000d438    00000006                   : BIOS.obj (.text:ti_sysbios_knl_Queue_Instance_init__E)
                  0000d43e    00000002     --HOLE-- [fill = 0]
                  0000d440    00000006                   : BIOS.obj (.text:ti_sysbios_knl_Swi_startup__E)
                  0000d446    00000006     ti.targets.arm.rtsarm.aem4f : System.oem4f (.text:xdc_runtime_System_Module_startup__E)
                  0000d44c    00000004     --HOLE-- [fill = 0]
                  0000d450    00000004     sysbios.aem4f : BIOS.obj (.text:ti_sysbios_family_arm_lm4_Timer_getPeriod__E)
                  0000d454    00000004     --HOLE-- [fill = 0]
                  0000d458    00000004                   : BIOS.obj (.text:ti_sysbios_gates_GateHwi_query__E)
                  0000d45c    00000004     --HOLE-- [fill = 0]
                  0000d460    00000004                   : BIOS.obj (.text:ti_sysbios_gates_GateMutexPri_query__E)
                  0000d464    00000004     --HOLE-- [fill = 0]
                  0000d468    00000004                   : BIOS.obj (.text:ti_sysbios_gates_GateMutex_query__E)
                  0000d46c    00000004     --HOLE-- [fill = 0]
                  0000d470    00000004                   : BIOS.obj (.text:ti_sysbios_knl_Task_startup__E)
                  0000d474    00000004     --HOLE-- [fill = 0]
                  0000d478    00000002                   : BIOS.obj (.text:ti_sysbios_gates_GateHwi_Instance_init__E)
                  0000d47a    00000006     --HOLE-- [fill = 0]
                  0000d480    00000002                   : BIOS.obj (.text:ti_sysbios_knl_Clock_logTick__E)

.const     0    0000d488    0000723c     
                  0000d488    000018bb     empty_pem4f.oem4f (.const:xdc_runtime_Text_charTab__A)
                  0000ed43    0000095e     grlib.lib : fontcm20.obj (.const:.string:g_pui8Cm20Data)
                  0000f6a1    000008c1               : fontcmss20.obj (.const:.string:g_pui8Cmss20Data)
                  0000ff62    00000782               : fontcmss18b.obj (.const:.string:g_pui8Cmss18bData)
                  000106e4    00000759               : fontcm16.obj (.const:.string:g_pui8Cm16Data)
                  00010e3d    000005c7               : fontcmss12b.obj (.const:.string:g_pui8Cmss12bData)
                  00011404    00000514               : fontcmss12.obj (.const:.string:g_pui8Cmss12Data)
                  00011918    0000024d     GUIImg.obj (.const:.string:g_pui8Logo)
                  00011b65    0000020d     GUIImg.obj (.const:.string:g_pui8btn140x40)
                  00011d72    0000020d     GUIImg.obj (.const:.string:g_pui8btn150x40Press)
                  00011f7f    00000001     empty_pem4f.oem4f (.const:xdc_runtime_Error_policy__C)
                  00011f80    00000190     empty.obj (.const:$P$T0$1)
                  00012110    0000017b     Images.obj (.const:.string:g_pui8CompS)
                  0001228b    0000017b     Images.obj (.const:.string:g_pui8CompW)
                  00012406    0000017b     Images.obj (.const:.string:g_pui8accSlow)
                  00012581    0000017b     Images.obj (.const:.string:g_pui8accfast)
                  000126fc    0000017b     Images.obj (.const:.string:g_pui8accmid)
                  00012877    00000178     Images.obj (.const:.string:g_pui8CompE)
                  000129ef    00000178     Images.obj (.const:.string:g_pui8CompN)
                  00012b67    00000163     Images.obj (.const:.string:g_pui8Stop)
                  00012cca    00000160     Images.obj (.const:.string:g_pui8Go)
                  00012e2a    0000015d     Images.obj (.const:.string:g_pui8idle)
                  00012f87    00000124     Images.obj (.const:.string:g_pui8Night)
                  000130ab    00000001     --HOLE-- [fill = 0]
                  000130ac    00000120     Boot.aem4f : Boot_sysctl.oem4f (.const:g_pppui32XTALtoVCO)
                  000131cc    00000107     GUIImg.obj (.const:.string:g_pui8arrowRight)
                  000132d3    00000101     rtsv7M4_T_le_v4SPD16_eabi.lib : ctype.c.obj (.const:.string:_ctypes_)
                  000133d4    000000f8     Images.obj (.const:.string:g_pui8Day)
                  000134cc    000000d4     empty_pem4f.oem4f (.const:xdc_runtime_Text_nodeTab__A)
                  000135a0    000000c8     grlib.lib : fontcm16.obj (.const:g_sFontCm16)
                  00013668    000000c8               : fontcm20.obj (.const:g_sFontCm20)
                  00013730    000000c8               : fontcmss12.obj (.const:g_sFontCmss12)
                  000137f8    000000c8               : fontcmss12b.obj (.const:g_sFontCmss12b)
                  000138c0    000000c8               : fontcmss18b.obj (.const:g_sFontCmss18b)
                  00013988    000000c8               : fontcmss20.obj (.const:g_sFontCmss20)
                  00013a50    000000a5     GUIImg.obj (.const:.string:g_pui8arrowLeft)
                  00013af5    00000001     --HOLE-- [fill = 0]
                  00013af6    00000002     empty_pem4f.oem4f (.const:ti_catalog_arm_cortexm4_tiva_ce_Boot_Module__id__C)
                  00013af8    000000a0     empty.obj (.const:$P$T1$2)
                  00013b98    00000090     driverlib.lib : gpio.obj (.const:g_pui32GPIOBaseAddrs)
                  00013c28    00000082     empty.obj (.const:.string)
                  00013caa    00000076     GUIImg.obj (.const:.string:g_pui8backBtn)
                  00013d20    00000070     driverlib.lib : interrupt.obj (.const)
                  00013d90    0000006c     Boot.aem4f : Boot_sysctl.oem4f (.const:g_pui32Xtals)
                  00013dfc    00000054     drivers_tivaware.aem4f : GPIOTiva.oem4f (.const:.string)
                  00013e50    0000004c                            : UARTTiva.oem4f (.const)
                  00013e9c    00000048     empty_pem4f.oem4f (.const:.string)
                  00013ee4    00000048     drivers_tivaware.aem4f : GPIOTiva.oem4f (.const:gpioBaseAddresses)
                  00013f2c    0000003c     empty_pem4f.oem4f (.const:ti_sysbios_family_arm_lm4_Timer_Object__PARAMS__C)
                  00013f68    0000003c     empty_pem4f.oem4f (.const:ti_sysbios_knl_Task_Object__PARAMS__C)
                  00013fa4    00000030     Boot.aem4f : Boot_sysctl.oem4f (.const:g_sXTALtoMEMTIM)
                  00013fd4    00000030     empty_pem4f.oem4f (.const:ti_sysbios_family_arm_m3_Hwi_Object__PARAMS__C)
                  00014004    00000030     empty_pem4f.oem4f (.const:ti_sysbios_hal_Timer_Object__PARAMS__C)
                  00014034    0000002c     empty_pem4f.oem4f (.const:xdc_runtime_Startup_sfxnTab__A)
                  00014060    00000028     drivers_tivaware.aem4f : UARTTiva.oem4f (.const:UARTTiva_fxnTable)
                  00014088    00000028     Kentec320x240x16_ssd2119_spi.obj (.const:g_sKentec320x240x16_SSD2119)
                  000140b0    00000028     empty_pem4f.oem4f (.const:ti_sysbios_heaps_HeapMem_Module__FXNS__C)
                  000140d8    00000024     EK_TM4C1294XL.obj (.const:I2C_config)
                  000140fc    00000024     drivers_tivaware.aem4f : UART.oem4f (.const:UART_defaultParams)
                  00014120    00000024     empty_pem4f.oem4f (.const:ti_sysbios_gates_GateHwi_Module__FXNS__C)
                  00014144    00000024     empty_pem4f.oem4f (.const:ti_sysbios_gates_GateMutexPri_Module__FXNS__C)
                  00014168    00000024     empty_pem4f.oem4f (.const:ti_sysbios_gates_GateMutex_Module__FXNS__C)
                  0001418c    00000024     empty_pem4f.oem4f (.const:ti_sysbios_heaps_HeapMem_Object__PARAMS__C)
                  000141b0    00000024     empty_pem4f.oem4f (.const:ti_sysbios_knl_Clock_Object__PARAMS__C)
                  000141d4    00000024     empty_pem4f.oem4f (.const:ti_sysbios_knl_Semaphore_Object__PARAMS__C)
                  000141f8    00000020     empty_pem4f.oem4f (.const:ti_sysbios_family_arm_lm4_Timer_Object__DESC__C)
                  00014218    00000020     empty_pem4f.oem4f (.const:ti_sysbios_family_arm_m3_Hwi_Object__DESC__C)
                  00014238    00000020     empty_pem4f.oem4f (.const:ti_sysbios_gates_GateHwi_Object__DESC__C)
                  00014258    00000020     empty_pem4f.oem4f (.const:ti_sysbios_gates_GateMutexPri_Object__DESC__C)
                  00014278    00000020     empty_pem4f.oem4f (.const:ti_sysbios_gates_GateMutex_Object__DESC__C)
                  00014298    00000020     empty_pem4f.oem4f (.const:ti_sysbios_hal_Timer_Object__DESC__C)
                  000142b8    00000020     empty_pem4f.oem4f (.const:ti_sysbios_heaps_HeapMem_Object__DESC__C)
                  000142d8    00000020     empty_pem4f.oem4f (.const:ti_sysbios_knl_Clock_Object__DESC__C)
                  000142f8    00000020     empty_pem4f.oem4f (.const:ti_sysbios_knl_Queue_Object__DESC__C)
                  00014318    00000020     empty_pem4f.oem4f (.const:ti_sysbios_knl_Semaphore_Object__DESC__C)
                  00014338    00000020     empty_pem4f.oem4f (.const:ti_sysbios_knl_Task_Object__DESC__C)
                  00014358    0000001c     drivers_tivaware.aem4f : I2CTiva.oem4f (.const)
                  00014374    0000001c     touch.obj (.const:g_pi32TouchParameters)
                  00014390    00000018     EK_TM4C1294XL.obj (.const:UART_config)
                  000143a8    00000018     EK_TM4C1294XL.obj (.const:i2cTivaHWAttrs)
                  000143c0    00000018     empty_pem4f.oem4f (.const:ti_sysbios_gates_GateHwi_Object__PARAMS__C)
                  000143d8    00000018     empty_pem4f.oem4f (.const:ti_sysbios_gates_GateMutexPri_Object__PARAMS__C)
                  000143f0    00000018     empty_pem4f.oem4f (.const:ti_sysbios_gates_GateMutex_Object__PARAMS__C)
                  00014408    00000018     empty_pem4f.oem4f (.const:ti_sysbios_knl_Queue_Object__PARAMS__C)
                  00014420    00000018     EK_TM4C1294XL.obj (.const:uartTivaHWAttrs)
                  00014438    00000016     empty_pem4f.oem4f (.const:xdc_runtime_Startup_sfxnRts__A)
                  0001444e    00000002     empty_pem4f.oem4f (.const:ti_sysbios_family_arm_lm4_Timer_Module__id__C)
                  00014450    00000014     EK_TM4C1294XL.obj (.const:GPIOTiva_config)
                  00014464    00000014     empty_pem4f.oem4f (.const:xdc_runtime_Startup_firstFxns__A)
                  00014478    00000010     grlib.lib : context.obj (.const)
                  00014488    00000008     Boot.aem4f : Boot_sysctl.oem4f (.const)
                  00014490    00000008     empty_pem4f.oem4f (.const:ti_sysbios_family_arm_m3_Hwi_excHookFuncs__A)
                  00014498    00000008     empty_pem4f.oem4f (.const:ti_sysbios_knl_Idle_funcList__C)
                  000144a0    00000008     empty_pem4f.oem4f (.const:xdc_runtime_Startup_firstFxns__C)
                  000144a8    00000008     empty_pem4f.oem4f (.const:xdc_runtime_Startup_lastFxns__C)
                  000144b0    00000004     empty_pem4f.oem4f (.const:ti_catalog_arm_cortexm4_tiva_ce_Boot_A_mustNotUseEnhancedClockMode__C)
                  000144b4    00000004     empty_pem4f.oem4f (.const:ti_catalog_arm_cortexm4_tiva_ce_Boot_Module__diagsEnabled__C)
                  000144b8    00000004     empty_pem4f.oem4f (.const:ti_catalog_arm_cortexm4_tiva_ce_Boot_Module__diagsIncluded__C)
                  000144bc    00000004     empty_pem4f.oem4f (.const:ti_catalog_arm_cortexm4_tiva_ce_Boot_Module__diagsMask__C)
                  000144c0    00000004     empty_pem4f.oem4f (.const:ti_sysbios_family_arm_lm4_Timer_E_cannotSupport__C)
                  000144c4    00000004     empty_pem4f.oem4f (.const:ti_sysbios_family_arm_lm4_Timer_E_invalidTimer__C)
                  000144c8    00000004     empty_pem4f.oem4f (.const:ti_sysbios_family_arm_lm4_Timer_E_noaltclk__C)
                  000144cc    00000004     empty_pem4f.oem4f (.const:ti_sysbios_family_arm_lm4_Timer_E_notAvailable__C)
                  000144d0    00000004     empty_pem4f.oem4f (.const:ti_sysbios_family_arm_lm4_Timer_anyMask__C)
                  000144d4    00000004     empty_pem4f.oem4f (.const:ti_sysbios_family_arm_lm4_Timer_disableFunc__C)
                  000144d8    00000004     empty_pem4f.oem4f (.const:ti_sysbios_family_arm_lm4_Timer_enableFunc__C)
                  000144dc    00000004     empty_pem4f.oem4f (.const:ti_sysbios_family_arm_lm4_Timer_numTimerDevices__C)
                  000144e0    00000004     empty_pem4f.oem4f (.const:ti_sysbios_family_arm_lm4_Timer_startupNeeded__C)
                  000144e4    00000004     empty_pem4f.oem4f (.const:ti_sysbios_family_arm_m3_Hwi_E_NMI__C)
                  000144e8    00000004     empty_pem4f.oem4f (.const:ti_sysbios_family_arm_m3_Hwi_E_alreadyDefined__C)
                  000144ec    00000004     empty_pem4f.oem4f (.const:ti_sysbios_family_arm_m3_Hwi_E_busFault__C)
                  000144f0    00000004     empty_pem4f.oem4f (.const:ti_sysbios_family_arm_m3_Hwi_E_debugMon__C)
                  000144f4    00000004     empty_pem4f.oem4f (.const:ti_sysbios_family_arm_m3_Hwi_E_hardFault__C)
                  000144f8    00000004     empty_pem4f.oem4f (.const:ti_sysbios_family_arm_m3_Hwi_E_memFault__C)
                  000144fc    00000004     empty_pem4f.oem4f (.const:ti_sysbios_family_arm_m3_Hwi_E_noIsr__C)
                  00014500    00000004     empty_pem4f.oem4f (.const:ti_sysbios_family_arm_m3_Hwi_E_reserved__C)
                  00014504    00000004     empty_pem4f.oem4f (.const:ti_sysbios_family_arm_m3_Hwi_E_svCall__C)
                  00014508    00000004     empty_pem4f.oem4f (.const:ti_sysbios_family_arm_m3_Hwi_E_usageFault__C)
                  0001450c    00000004     empty_pem4f.oem4f (.const:ti_sysbios_family_arm_m3_Hwi_NUM_INTERRUPTS__C)
                  00014510    00000004     empty_pem4f.oem4f (.const:ti_sysbios_family_arm_m3_Hwi_Object__count__C)
                  00014514    00000004     empty_pem4f.oem4f (.const:ti_sysbios_family_arm_m3_Hwi_ccr__C)
                  00014518    00000004     empty_pem4f.oem4f (.const:ti_sysbios_family_arm_m3_Hwi_excHandlerFunc__C)
                  0001451c    00000004     empty_pem4f.oem4f (.const:ti_sysbios_family_arm_m3_Hwi_excHookFuncs__C)
                  00014520    00000004     empty_pem4f.oem4f (.const:ti_sysbios_family_arm_m3_Hwi_nullIsrFunc__C)
                  00014524    00000004     empty_pem4f.oem4f (.const:ti_sysbios_family_arm_m3_Hwi_priGroup__C)
                  00014528    00000004     empty_pem4f.oem4f (.const:ti_sysbios_family_arm_m3_TaskSupport_stackAlignment__C)
                  0001452c    00000004     empty_pem4f.oem4f (.const:ti_sysbios_gates_GateMutexPri_A_badContext__C)
                  00014530    00000004     empty_pem4f.oem4f (.const:ti_sysbios_gates_GateMutexPri_A_enterTaskDisabled__C)
                  00014534    00000004     empty_pem4f.oem4f (.const:ti_sysbios_gates_GateMutexPri_Instance_State_pendQ__O)
                  00014538    00000004     empty_pem4f.oem4f (.const:ti_sysbios_gates_GateMutexPri_Module__diagsEnabled__C)
                  0001453c    00000004     empty_pem4f.oem4f (.const:ti_sysbios_gates_GateMutexPri_Module__diagsIncluded__C)
                  00014540    00000004     empty_pem4f.oem4f (.const:ti_sysbios_gates_GateMutexPri_Module__diagsMask__C)
                  00014544    00000004     empty_pem4f.oem4f (.const:ti_sysbios_gates_GateMutex_A_badContext__C)
                  00014548    00000004     empty_pem4f.oem4f (.const:ti_sysbios_gates_GateMutex_Instance_State_sem__O)
                  0001454c    00000004     empty_pem4f.oem4f (.const:ti_sysbios_gates_GateMutex_Module__diagsEnabled__C)
                  00014550    00000004     empty_pem4f.oem4f (.const:ti_sysbios_gates_GateMutex_Module__diagsIncluded__C)
                  00014554    00000004     empty_pem4f.oem4f (.const:ti_sysbios_gates_GateMutex_Module__diagsMask__C)
                  00014558    00000004     empty_pem4f.oem4f (.const:ti_sysbios_hal_Hwi_E_stackOverflow__C)
                  0001455c    00000004     empty_pem4f.oem4f (.const:ti_sysbios_hal_SecondsClock_Module_State_clock__O)
                  00014560    00000004     empty_pem4f.oem4f (.const:ti_sysbios_heaps_HeapMem_A_align__C)
                  00014564    00000004     empty_pem4f.oem4f (.const:ti_sysbios_heaps_HeapMem_A_heapSize__C)
                  00014568    00000004     empty_pem4f.oem4f (.const:ti_sysbios_heaps_HeapMem_A_invalidFree__C)
                  0001456c    00000004     empty_pem4f.oem4f (.const:ti_sysbios_heaps_HeapMem_A_zeroBlock__C)
                  00014570    00000004     empty_pem4f.oem4f (.const:ti_sysbios_heaps_HeapMem_E_memory__C)
                  00014574    00000004     empty_pem4f.oem4f (.const:ti_sysbios_heaps_HeapMem_Module__diagsEnabled__C)
                  00014578    00000004     empty_pem4f.oem4f (.const:ti_sysbios_heaps_HeapMem_Module__diagsIncluded__C)
                  0001457c    00000004     empty_pem4f.oem4f (.const:ti_sysbios_heaps_HeapMem_Module__diagsMask__C)
                  00014580    00000004     empty_pem4f.oem4f (.const:ti_sysbios_heaps_HeapMem_Module__gateObj__C)
                  00014584    00000004     empty_pem4f.oem4f (.const:ti_sysbios_heaps_HeapMem_Object__count__C)
                  00014588    00000004     empty_pem4f.oem4f (.const:ti_sysbios_heaps_HeapMem_reqAlign__C)
                  0001458c    00000004     empty_pem4f.oem4f (.const:ti_sysbios_knl_Clock_A_badThreadType__C)
                  00014590    00000004     empty_pem4f.oem4f (.const:ti_sysbios_knl_Clock_Module_State_clockQ__O)
                  00014594    00000004     empty_pem4f.oem4f (.const:ti_sysbios_knl_Clock_Module__diagsEnabled__C)
                  00014598    00000004     empty_pem4f.oem4f (.const:ti_sysbios_knl_Clock_Module__diagsIncluded__C)
                  0001459c    00000004     empty_pem4f.oem4f (.const:ti_sysbios_knl_Clock_Module__diagsMask__C)
                  000145a0    00000004     empty_pem4f.oem4f (.const:ti_sysbios_knl_Clock_tickPeriod__C)
                  000145a4    00000004     empty_pem4f.oem4f (.const:ti_sysbios_knl_Idle_funcList__A)
                  000145a8    00000004     empty_pem4f.oem4f (.const:ti_sysbios_knl_Semaphore_A_badContext__C)
                  000145ac    00000004     empty_pem4f.oem4f (.const:ti_sysbios_knl_Semaphore_A_noEvents__C)
                  000145b0    00000004     empty_pem4f.oem4f (.const:ti_sysbios_knl_Semaphore_A_overflow__C)
                  000145b4    00000004     empty_pem4f.oem4f (.const:ti_sysbios_knl_Semaphore_A_pendTaskDisabled__C)
                  000145b8    00000004     empty_pem4f.oem4f (.const:ti_sysbios_knl_Semaphore_Instance_State_pendQ__O)
                  000145bc    00000004     empty_pem4f.oem4f (.const:ti_sysbios_knl_Semaphore_Module__diagsEnabled__C)
                  000145c0    00000004     empty_pem4f.oem4f (.const:ti_sysbios_knl_Semaphore_Module__diagsIncluded__C)
                  000145c4    00000004     empty_pem4f.oem4f (.const:ti_sysbios_knl_Semaphore_Module__diagsMask__C)
                  000145c8    00000004     empty_pem4f.oem4f (.const:ti_sysbios_knl_Swi_Object__count__C)
                  000145cc    00000004     empty_pem4f.oem4f (.const:ti_sysbios_knl_Task_A_badPriority__C)
                  000145d0    00000004     empty_pem4f.oem4f (.const:ti_sysbios_knl_Task_A_badTaskState__C)
[...]
00014514  ti_sysbios_family_arm_m3_Hwi_ccr__C                                  
00014518  ti_sysbios_family_arm_m3_Hwi_excHandlerFunc__C                       
0001451c  ti_sysbios_family_arm_m3_Hwi_excHookFuncs__C                         
00014520  ti_sysbios_family_arm_m3_Hwi_nullIsrFunc__C                          
00014524  ti_sysbios_family_arm_m3_Hwi_priGroup__C                             
00014528  ti_sysbios_family_arm_m3_TaskSupport_stackAlignment__C               
0001452c  ti_sysbios_gates_GateMutexPri_A_badContext__C                        
00014530  ti_sysbios_gates_GateMutexPri_A_enterTaskDisabled__C                 
00014534  ti_sysbios_gates_GateMutexPri_Instance_State_pendQ__O                
00014538  ti_sysbios_gates_GateMutexPri_Module__diagsEnabled__C                
0001453c  ti_sysbios_gates_GateMutexPri_Module__diagsIncluded__C               
00014540  ti_sysbios_gates_GateMutexPri_Module__diagsMask__C                   
00014544  ti_sysbios_gates_GateMutex_A_badContext__C                           
00014548  ti_sysbios_gates_GateMutex_Instance_State_sem__O                     
0001454c  ti_sysbios_gates_GateMutex_Module__diagsEnabled__C                   
00014550  ti_sysbios_gates_GateMutex_Module__diagsIncluded__C                  
00014554  ti_sysbios_gates_GateMutex_Module__diagsMask__C                      
00014558  ti_sysbios_hal_Hwi_E_stackOverflow__C                                
0001455c  ti_sysbios_hal_SecondsClock_Module_State_clock__O                    
00014560  ti_sysbios_heaps_HeapMem_A_align__C                                  
00014564  ti_sysbios_heaps_HeapMem_A_heapSize__C                               
00014568  ti_sysbios_heaps_HeapMem_A_invalidFree__C                            
0001456c  ti_sysbios_heaps_HeapMem_A_zeroBlock__C                              
00014570  ti_sysbios_heaps_HeapMem_E_memory__C                                 
00014574  ti_sysbios_heaps_HeapMem_Module__diagsEnabled__C                     
00014578  ti_sysbios_heaps_HeapMem_Module__diagsIncluded__C                    
0001457c  ti_sysbios_heaps_HeapMem_Module__diagsMask__C                        
00014580  ti_sysbios_heaps_HeapMem_Module__gateObj__C                          
00014584  ti_sysbios_heaps_HeapMem_Object__count__C                            
00014588  ti_sysbios_heaps_HeapMem_reqAlign__C                                 
0001458c  ti_sysbios_knl_Clock_A_badThreadType__C                              
00014590  ti_sysbios_knl_Clock_Module_State_clockQ__O                          
00014594  ti_sysbios_knl_Clock_Module__diagsEnabled__C                         
00014598  ti_sysbios_knl_Clock_Module__diagsIncluded__C                        
0001459c  ti_sysbios_knl_Clock_Module__diagsMask__C                            
000145a0  ti_sysbios_knl_Clock_tickPeriod__C                                   
000145a4  ti_sysbios_knl_Idle_funcList__A                                      
000145a8  ti_sysbios_knl_Semaphore_A_badContext__C                             
000145ac  ti_sysbios_knl_Semaphore_A_noEvents__C                               
000145b0  ti_sysbios_knl_Semaphore_A_overflow__C                               
000145b4  ti_sysbios_knl_Semaphore_A_pendTaskDisabled__C                       
000145b8  ti_sysbios_knl_Semaphore_Instance_State_pendQ__O                     
000145bc  ti_sysbios_knl_Semaphore_Module__diagsEnabled__C                     
000145c0  ti_sysbios_knl_Semaphore_Module__diagsIncluded__C                    
000145c4  ti_sysbios_knl_Semaphore_Module__diagsMask__C                        
000145c8  ti_sysbios_knl_Swi_Object__count__C                                  
000145cc  ti_sysbios_knl_Task_A_badPriority__C                                 
000145d0  ti_sysbios_knl_Task_A_badTaskState__C                                
000145d4  ti_sysbios_knl_Task_A_badThreadType__C                               
000145d8  ti_sysbios_knl_Task_A_badTimeout__C                                  
000145dc  ti_sysbios_knl_Task_A_noPendElem__C                                  
000145e0  ti_sysbios_knl_Task_A_sleepTaskDisabled__C                           
000145e4  ti_sysbios_knl_Task_E_spOutOfBounds__C                               
000145e8  ti_sysbios_knl_Task_E_stackOverflow__C                               
000145ec  ti_sysbios_knl_Task_Module_State_inactiveQ__O                        
000145f0  ti_sysbios_knl_Task_Module__diagsEnabled__C                          
000145f4  ti_sysbios_knl_Task_Module__diagsIncluded__C                         
000145f8  ti_sysbios_knl_Task_Module__diagsMask__C                             
000145fc  ti_sysbios_knl_Task_Object__count__C                                 
00014600  ti_sysbios_knl_Task_allBlockedFunc__C                                
00014604  ti_sysbios_knl_Task_defaultStackHeap__C                              
00014608  ti_sysbios_knl_Task_defaultStackSize__C                              
0001460c  ti_sysbios_knl_Task_numConstructedTasks__C                           
00014610  xdc_runtime_Assert_E_assertFailed__C                                 
00014614  xdc_runtime_Core_A_initializedParams__C                              
00014618  xdc_runtime_Core_Module__diagsEnabled__C                             
0001461c  xdc_runtime_Core_Module__diagsIncluded__C                            
00014620  xdc_runtime_Core_Module__diagsMask__C                                
00014624  xdc_runtime_Error_E_memory__C                                        
00014628  xdc_runtime_Error_Module__diagsEnabled__C                            
0001462c  xdc_runtime_Error_Module__diagsIncluded__C                           
00014630  xdc_runtime_Error_Module__diagsMask__C                               
00014634  xdc_runtime_Error_Module__loggerFxn8__C                              
00014638  xdc_runtime_Error_Module__loggerObj__C                               
0001463c  xdc_runtime_Error_policyFxn__C                                       
00014640  xdc_runtime_Error_raiseHook__C                                       
00014644  xdc_runtime_IGateProvider_Interface__BASE__C                         
00014648  xdc_runtime_IHeap_Interface__BASE__C                                 
0001464c  xdc_runtime_IModule_Interface__BASE__C                               
00014650  xdc_runtime_Log_L_error__C                                           
00014654  xdc_runtime_Memory_defaultHeapInstance__C                            
00014658  xdc_runtime_Startup_execImpl__C                                      
0001465c  xdc_runtime_Startup_lastFxns__A                                      
00014660  xdc_runtime_Startup_maxPasses__C                                     
00014664  xdc_runtime_Startup_sfxnRts__C                                       
00014668  xdc_runtime_Startup_sfxnTab__C                                       
0001466c  xdc_runtime_SysMin_bufSize__C                                        
00014670  xdc_runtime_SysMin_outputFunc__C                                     
00014674  xdc_runtime_System_Module__gateObj__C                                
00014678  xdc_runtime_System_abortFxn__C                                       
0001467c  xdc_runtime_System_exitFxn__C                                        
00014680  xdc_runtime_System_extendFxn__C                                      
00014684  xdc_runtime_System_maxAtexitHandlers__C                              
00014688  xdc_runtime_Text_charTab__C                                          
0001468c  xdc_runtime_Text_nameEmpty__C                                        
00014690  xdc_runtime_Text_nameStatic__C                                       
00014694  xdc_runtime_Text_nameUnknown__C                                      
00014698  xdc_runtime_Text_nodeTab__C                                          
0001469c  xdc_runtime_Text_visitRopeFxn__C                                     
000146a0  ti_sysbios_family_arm_lm4_Timer_supportsAltclk__C                    
000146a2  ti_sysbios_family_arm_m3_Hwi_Module__id__C                           
000146a4  ti_sysbios_gates_GateMutexPri_Module__id__C                          
000146a6  ti_sysbios_gates_GateMutex_Module__id__C                             
000146a8  ti_sysbios_hal_Hwi_Module__id__C                                     
000146aa  ti_sysbios_heaps_HeapMem_Module__id__C                               
000146ac  ti_sysbios_knl_Clock_Module__id__C                                   
000146ae  ti_sysbios_knl_Semaphore_Module__id__C                               
000146b0  ti_sysbios_knl_Task_Module__id__C                                    
000146b2  xdc_runtime_Core_Module__id__C                                       
000146b4  xdc_runtime_Error_Module__loggerDefined__C                           
000146b6  xdc_runtime_Error_maxDepth__C                                        
000146b8  xdc_runtime_Memory_Module__id__C                                     
000146ba  xdc_runtime_SysMin_flushAtExit__C                                    
000146bc  xdc_runtime_Text_charCnt__C                                          
000146be  xdc_runtime_Text_isLoaded__C                                         
000146c0  xdc_runtime_Text_registryModsLastId__C                               
000146c2  xdc_runtime_Text_unnamedModsLastId__C                                
000146c8  __TI_static_base__                                                   
00014c00  __TI_Handler_Table_Base                                              
00014c0c  __TI_Handler_Table_Limit                                             
00014c20  __TI_CINIT_Base                                                      
00014c38  __TI_CINIT_Limit                                                     
20000000  __start___llvm_prf_cnts                                              
20000000  __stop___llvm_prf_cnts                                               
20000000  ti_sysbios_family_arm_m3_Hwi_ramVectors                              
20000400  task0Stack                                                           
20000c00  taskTouchStack                                                       
20001400  psDMAControlTable                                                    
20001800  ti_sysbios_heaps_HeapMem_Instance_State_0_buf__A                     
20001c00  ti_sysbios_family_arm_m3_Hwi_dispatchTable                           
20001f60  ti_sysbios_knl_Task_Instance_State_0_stack__A                        
200022a0  __CIOBUF_                                                            
200023c0  i2cTivaObjects                                                       
200024c0  uartTivaObjects                                                      
2000261c  xdc_runtime_SysMin_Module_State_0_outbuf__A                          
2000269c  task0Struct                                                          
200026ec  sContext                                                             
20002738  uartTivaRingBuffer                                                   
20002758  datetime                                                             
20002788  AccBox                                                               
20002790  Banner                                                               
20002798  BannerB                                                              
200027a0  CurrBox                                                              
200027a8  Distbox                                                              
200027b0  clearBox                                                             
200027b8  parmbuf                                                              
200027c0  ScreenGate                                                           
200027c4  g_pi32ParmSet                                                        
200027cc  g_ui32Panel                                                          
200027d4  timerclock                                                           
200027d8  uart                                                                 
200027dc  g_i16TouchX                                                          
200027de  g_i16TouchY                                                          
200027e0  dd                                                                   
20002970  ti_sysbios_family_arm_lm4_Timer_Object__table__V                     
200029f0  ti_sysbios_knl_Swi_Module_State_0_readyQ__A                          
20002a70  ti_sysbios_knl_Task_Module_State_0_readyQ__A                         
20002af0  MotorSpeedSlider                                                     
20002b4c  AccDownBtn                                                           
20002b9c  AccUpBtn                                                             
20002bec  CurrentDownBtn                                                       
20002c3c  CurrentUpBtn                                                         
20002c8c  DistDownBtn                                                          
20002cdc  DistUpBtn                                                            
20002d2c  GraphPgBtn                                                           
20002d7c  LightGraphBtn                                                        
20002dcc  MotorGraphBtn                                                        
20002e1c  MotorMode                                                            
20002e6c  MotorPgBtn                                                           
20002ebc  PowerGraphBtn                                                        
20002f0c  SensorPgBtn                                                          
20002f5c  TestGraphBtn                                                         
20002fac  backGraphBtn                                                         
20002ffc  backGraphSelectBtn                                                   
2000304c  backMotorBtn                                                         
2000309c  backSensorBtn                                                        
200030ec  ti_sysbios_knl_Task_Object__table__V                                 
20003138  ti_sysbios_family_arm_m3_Hwi_Object__table__V                        
20003180  ti_sysbios_knl_Task_Module__state__V                                 
200031c4  g_Acceleration                                                       
20003204  g_MotorStat                                                          
20003244  g_sCanvas2                                                           
20003284  g_sCanvas3                                                           
200032c4  g_scompass                                                           
20003304  ti_sysbios_family_arm_lm4_Timer_Module_State_0_device__A             
20003344  ti_sysbios_hal_SecondsClock_Module__state__V                         
20003380  ti_sysbios_gates_GateMutex_Object__table__V                          
200033b8  ti_sysbios_family_arm_m3_Hwi_Module__state__V                        
200033ec  ti_sysbios_knl_Swi_Object__table__V                                  
2000341c  g_sRoot                                                              
2000344a  ti_sysbios_family_arm_m3_Hwi_Module_State_0_excActive__A             
2000344c  ti_sysbios_knl_Clock_Module__state__V                                
20003478  motorStartStop                                                       
20003479  HA                                                                   
2000347a  HB                                                                   
2000347b  HC                                                                   
2000347c  LowLight                                                             
20003480  lux                                                                  
20003488  objectdist                                                           
20003490  ongraph                                                              
20003494  currentDirection                                                     
20003498  CurrentMotorStat                                                     
2000349c  CurrentAcceleration                                                  
200034a0  ti_sysbios_BIOS_Module__state__V                                     
200034c4  ti_sysbios_family_arm_lm4_Timer_Module_State_0_handles__A            
200034e4  gpioPinConfigs                                                       
20003500  ti_sysbios_knl_Swi_Module__state__V                                  
2000351c  ti_sysbios_heaps_HeapMem_Object__table__V                            
20003534  ti_sysbios_family_arm_lm4_Timer_Module__state__V                     
20003540  xdc_runtime_SysMin_Module__state__V                                  
2000354c  _lock                                                                
20003550  _unlock                                                              
20003554  gpioCallbackFunctions                                                
2000355c  ti_sysbios_family_arm_lm4_Timer_Module__root__V                      
20003564  ti_sysbios_family_arm_lm4_TimestampProvider_Module__state__V         
2000356c  ti_sysbios_family_arm_m3_Hwi_Module__root__V                         
20003574  ti_sysbios_gates_GateHwi_Module__root__V                             
2000357c  ti_sysbios_gates_GateMutexPri_Module__root__V                        
20003584  ti_sysbios_gates_GateMutex_Module__root__V                           
2000358c  ti_sysbios_hal_Timer_Module__root__V                                 
20003594  ti_sysbios_heaps_HeapMem_Module__root__V                             
2000359c  ti_sysbios_knl_Clock_Module__root__V                                 
200035a4  ti_sysbios_knl_Queue_Module__root__V                                 
200035ac  ti_sysbios_knl_Semaphore_Module__root__V                             
200035b4  ti_sysbios_knl_Task_Module__root__V                                  
200035bc  xdc_runtime_Registry_Module__state__V                                
200035c4  xdc_runtime_Startup_Module__state__V                                 
200035cc  xdc_runtime_System_Module_State_0_atexitHandlers__A                  
200035d4  xdc_runtime_System_Module__state__V                                  
200035e2  xdc_runtime_Error_Module__state__V                                   
200035ec  errno                                                                
200035f0  main_func_sp                                                         
200035f4  ti_sysbios_family_arm_m3_Hwi_Module_State_0_excContext__A            
200035f8  ti_sysbios_family_arm_m3_Hwi_Module_State_0_excStack__A              
200035fc  ti_sysbios_gates_GateHwi_Object__table__V                            
20003600  ti_sysbios_knl_Task_Module_State_0_idleTask__A                       
20003604  g_i16TouchMin                                                        
20003608  xdc_runtime_Memory_Module__state__V                                  
20003610  __stack                                                              
20003910  __STACK_END                                                          
e000e000  ti_sysbios_family_arm_m3_Hwi_nvic                                    
ffffffff  __TI_pprof_out_hndl                                                  
ffffffff  __TI_prof_data_size                                                  
ffffffff  __TI_prof_data_start                                                 
ffffffff  __binit__                                                            
ffffffff  __c_args__                                                           
ffffffff  binit                                                                
UNDEFED   SHT$$INIT_ARRAY$$Base                                                
UNDEFED   SHT$$INIT_ARRAY$$Limit                                               

[914 symbols]
