******************************************************************************
                  TI ARM Linker PC v20.2.5                     
******************************************************************************
>> Linked Wed Jun  1 11:28:19 2022

OUTPUT FILE NAME:   <EGH456MotorProject.out>
ENTRY POINT SYMBOL: "_c_int00"  address: 0000d269


MEMORY CONFIGURATION

         name            origin    length      used     unused   attr    fill
----------------------  --------  ---------  --------  --------  ----  --------
  FLASH                 00000000   00100000  0001915e  000e6ea2  R  X
  SRAM                  20000000   00040000  00005f04  0003a0fc  RW X


SEGMENT ALLOCATION MAP

run origin  load origin   length   init length attrs members
----------  ----------- ---------- ----------- ----- -------
00000000    00000000    00019168   00019168    r-x
  00000000    00000000    0000003c   0000003c    r-- .resetVecs
  00000040    00000040    00010a12   00010a12    r-x .text
  00010a58    00010a58    000082b8   000082b8    r-- .const
  00018d10    00018d10    00000458   00000458    r-- .cinit
20000000    20000000    00000360   00000000    rw-
  20000000    20000000    00000360   00000000    rw- .vecs
20000400    20000400    00005ba8   00000000    rw-
  20000400    20000400    00004a9c   00000000    rw- .bss
  20004ea0    20004ea0    00000d08   00000000    rw- .data
  20005ba8    20005ba8    00000400   00000000    rw- .stack


SECTION ALLOCATION MAP

 output                                  attributes/
section   page    origin      length       input sections
--------  ----  ----------  ----------   ----------------
.text      0    00000040    00010a12     
                  00000040    00000a4e     rtsv7M4_T_le_v4SPD16_eabi.lib : _printfi.c.obj (.text:__TI_printfi)
                  00000a8e    00000002                                   : _lock.c.obj (.text:_nop)
                  00000a90    000006ac     MotorLib.lib : motorlib.obj (.text)
                  0000113c    000005e4     Motor.obj (.text:RegulateSpeed)
                  00001720    00000430     sysbios.aem4f : BIOS.obj (.text:ti_sysbios_family_arm_m3_Hwi_excDumpRegs__I)
                  00001b50    0000039c     GlobalDraw.obj (.text:MotorPage)
                  00001eec    00000394     GlobalDraw.obj (.text:GraphPrimitive)
                  00002280    00000378     GlobalDraw.obj (.text:SensorPage)
                  000025f8    00000374     grlib.lib : image.obj (.text:InternalImageDraw)
                  0000296c    0000034c     ti.targets.arm.rtsarm.aem4f : System.oem4f (.text:xdc_runtime_System_doPrint__I)
                  00002cb8    00000320     sysbios.aem4f : BIOS.obj (.text:ti_sysbios_knl_Event_pend__E)
                  00002fd8    000002f8     grlib.lib : image.obj (.text:PixelTransparentDraw)
                  000032d0    000002c6               : slider.obj (.text:SliderPaint)
                  00003596    00000002     rtsv7M4_T_le_v4SPD16_eabi.lib : div0.asm.obj (.text)
                  00003598    000002b0     Clock.obj (.text:timeConvert)
                  00003848    000002a4     sysbios.aem4f : BIOS.obj (.text:ti_sysbios_knl_Semaphore_pend__E)
                  00003aec    000002a0     GlobalDraw.obj (.text:TopBarDraw)
                  00003d8c    00000270     rtsv7M4_T_le_v4SPD16_eabi.lib : _printfi.c.obj (.text:_pconv_a)
                  00003ffc    00000004     driverlib.lib : i2c.obj (.text:I2CMasterControl)
                  00004000    0000026c     sysbios.aem4f : BIOS.obj (.text:ti_sysbios_heaps_HeapMem_free__E)
                  0000426c    00000268     touch.obj (.text:TouchScreenDebouncer)
                  000044d4    00000254     grlib.lib : string.obj (.text:GrFontGlyphRender)
                  00004728    00000250     sysbios.aem4f : BIOS.obj (.text:ti_sysbios_heaps_HeapMem_alloc__E)
                  00004978    00000234                   : BIOS.obj (.text:ti_sysbios_knl_Task_Instance_finalize__E)
                  00004bac    00000004     driverlib.lib : i2c.obj (.text:I2CMasterDataGet)
                  00004bb0    0000021c     sysbios.aem4f : BIOS.obj (.text:ti_sysbios_family_arm_lm4_Timer_Instance_init__E)
                  00004dcc    0000020c     drivers_tivaware.aem4f : UARTTiva.oem4f (.text:UARTTiva_open)
                  00004fd8    00000204     Boot.aem4f : Boot_sysctl.oem4f (.text:ti_catalog_arm_cortexm4_tiva_ce_Boot_sysCtlClockFreqSetI__I)
                  000051dc    00000200     rtsv7M4_T_le_v4SPD16_eabi.lib : s_exp2.c.obj (.text:exp2)
                  000053dc    000001f8     GlobalDraw.obj (.text:updateSensorPage)
                  000055d4    00000004     driverlib.lib : i2c.obj (.text:I2CMasterDataPut)
                  000055d8    000001f4     sysbios.aem4f : BIOS.obj (.text:ti_sysbios_family_arm_m3_Hwi_excHandlerMax__I)
                  000057cc    000001e8     empty.obj (.text:main)
                  000059b4    000001e4     Kentec320x240x16_ssd2119_spi.obj (.text:Kentec320x240x16_SSD2119Init)
                  00005b98    000001dc     Kentec320x240x16_ssd2119_spi.obj (.text:Kentec320x240x16_SSD2119PixelDrawMultiple)
                  00005d74    000001d4     sensors.obj (.text:readOptFxn)
                  00005f48    000001d0     rtsv7M4_T_le_v4SPD16_eabi.lib : _printfi.c.obj (.text:_pconv_g)
                  00006118    000001c8     sysbios.aem4f : BIOS.obj (.text:ti_sysbios_knl_Task_sleep__E)
                  000062e0    000001c0                   : BIOS.obj (.text:ti_sysbios_knl_Task_Instance_init__E)
                  000064a0    000001b6     rtsv7M4_T_le_v4SPD16_eabi.lib : fd_add_t2.asm.obj (.text)
                  00006656    00000002     empty_pem4f.oem4f (.text:ti_sysbios_BIOS_nullFunc__I)
                  00006658    000001a4     pinout.obj (.text:PinoutSet)
                  000067fc    00000004     driverlib.lib : uart.obj (.text:UARTIntClear)
                  00006800    000001a0     sysbios.aem4f : BIOS.obj (.text:ti_sysbios_gates_GateMutexPri_enter__E)
                  000069a0    0000019c     GlobalDraw.obj (.text:UpdateGraphPlot)
                  00006b3c    00000190     grlib.lib : canvas.obj (.text:CanvasPaint)
                  00006ccc    00000184     empty.obj (.text:heartBeatFxn)
                  00006e50    0000017e     grlib.lib : pushbutton.obj (.text:RectangularButtonPaint)
                  00006fce    00000002     empty_pem4f.oem4f (.text:xdc_runtime_Startup_reset__I)
                  00006fd0    00000178     touch.obj (.text:TouchScreenIntHandler)
                  00007148    00000174     sysbios.aem4f : BIOS.obj (.text:ti_sysbios_family_arm_m3_Hwi_excBusFault__I)
                  000072bc    00000170     drivers_tivaware.aem4f : PWMTiva.oem4f (.text:PWMTiva_open)
                  0000742c    00000004     grlib.lib : widget.obj (.text:WidgetDefaultMsgProc)
                  00007430    00000164     sysbios.aem4f : BIOS.obj (.text:ti_sysbios_family_arm_m3_Hwi_excUsageFault__I)
                  00007594    0000015c     sensors.obj (.text:accelSensorFilterFxn)
                  000076f0    00000150     drivers_tivaware.aem4f : GPIOTiva.oem4f (.text:GPIO_setConfig)
                  00007840    0000014c     sensors.obj (.text:readAccFxn)
                  0000798c    00000004     rtsv7M4_T_le_v4SPD16_eabi.lib : exit.c.obj (.text:abort:abort)
                  00007990    00000148     sysbios.aem4f : BIOS.obj (.text:ti_sysbios_family_arm_m3_Hwi_excMemFault__I)
                  00007ad8    0000013c     rtsv7M4_T_le_v4SPD16_eabi.lib : _printfi.c.obj (.text:_pconv_e)
                  00007c14    00000004     empty_pem4f.oem4f (.text:ti_sysbios_BIOS_RtsGateProxy_enter__E)
                  00007c18    0000013c     sysbios.aem4f : BIOS.obj (.text:ti_sysbios_heaps_HeapMem_Instance_init__E)
                  00007d54    00000136     rtsv7M4_T_le_v4SPD16_eabi.lib : fd_div_t2.asm.obj (.text)
                  00007e8a    00000006     driverlib.lib : gpio.obj (.text:GPIOIntClear)
                  00007e90    00000134     sysbios.aem4f : BIOS.obj (.text:ti_sysbios_knl_Task_setPri__E)
                  00007fc4    00000130     GlobalDraw.obj (.text:BannerInit)
                  000080f4    00000130     driverlib.lib : gpio.obj (.text:GPIOPadConfigSet)
                  00008224    00000124     rtsv7M4_T_le_v4SPD16_eabi.lib : _printfi.c.obj (.text:fcvt)
                  00008348    00000118     ti.targets.arm.rtsarm.aem4f : Error.oem4f (.text:xdc_runtime_Error_policyDefault__E)
                  00008460    00000114     drivers_tivaware.aem4f : PWMTimerTiva.oem4f (.text:PWMTimerTiva_open)
                  00008574    00000110     rtsv7M4_T_le_v4SPD16_eabi.lib : s_scalbn.c.obj (.text:scalbn)
                  00008684    0000010c     Kentec320x240x16_ssd2119_spi.obj (.text:Kentec320x240x16_SSD2119RectFill)
                  00008790    0000010c     touch.obj (.text:TouchScreenInit)
                  0000889c    00000004     empty_pem4f.oem4f (.text:ti_sysbios_BIOS_RtsGateProxy_leave__E)
                  000088a0    00000108     sysbios.aem4f : BIOS.obj (.text:ti_sysbios_family_arm_lm4_Timer_start__E)
                  000089a8    00000108                   : BIOS.obj (.text:ti_sysbios_knl_Clock_Instance_init__E)
                  00008ab0    00000106     grlib.lib : line.obj (.text:GrLineDraw)
                  00008bb6    00000002     --HOLE-- [fill = 0]
                  00008bb8    00000104     sysbios.aem4f : BIOS.obj (.text:ti_sysbios_knl_Event_post__E)
                  00008cbc    00000100     ti.targets.arm.rtsarm.aem4f : Core-mem.oem4f (.text:xdc_runtime_Core_createObject__I)
                  00008dbc    000000fc     rtsv7M4_T_le_v4SPD16_eabi.lib : fd_mul_t2.asm.obj (.text)
                  00008eb8    000000f8                                   : s_floor.c.obj (.text:floor)
                  00008fb0    000000f8     ti.targets.arm.rtsarm.aem4f : Startup.oem4f (.text:xdc_runtime_Startup_startMods__I)
                  000090a8    000000f8     empty_pem4f.oem4f (.text:xdc_runtime_System_printfExtend__I)
                  000091a0    000000f4     Motor.obj (.text:MotorMain)
                  00009294    000000f4     GlobalDraw.obj (.text:graphSelectPage)
                  00009388    000000f4     sysbios.aem4f : m3_Hwi_asm.obj (.text:ti_sysbios_family_arm_m3_Hwi_dispatch__I)
                  0000947c    000000f2     grlib.lib : pushbutton.obj (.text:RectangularButtonClick)
                  0000956e    000000f0     drivers_tivaware.aem4f : PWMTiva.oem4f (.text:PWMTiva_setDuty)
                  0000965e    000000f0     bmi160.obj (.text:bmi160_init)
                  0000974e    00000002     --HOLE-- [fill = 0]
                  00009750    000000ec     sysbios.aem4f : BIOS.obj (.text:ti_sysbios_knl_Semaphore_post__E)
                  0000983c    000000e8     grlib.lib : widget.obj (.text:WidgetMessageQueueAdd)
                  00009924    000000e0     drivers_tivaware.aem4f : I2CTiva.oem4f (.text:I2CTiva_open)
                  00009a04    000000d8     GlobalDraw.obj (.text:MainPage)
                  00009adc    000000d6     drivers_tivaware.aem4f : I2CTiva.oem4f (.text:I2CTiva_hwiFxn)
                  00009bb2    000000d6     grlib.lib : slider.obj (.text:SliderClick)
                  00009c88    000000d4     sysbios.aem4f : BIOS.obj (.text:ti_sysbios_knl_Swi_Instance_init__E)
                  00009d5c    000000cc     ti.targets.arm.rtsarm.aem4f : Core-smem.oem4f (.text:xdc_runtime_Core_constructObject__I)
                  00009e28    000000c0     grlib.lib : string.obj (.text:GrDefaultStringRenderer)
                  00009ee8    000000bc     sysbios.aem4f : BIOS.obj (.text:ti_sysbios_family_arm_m3_Hwi_excDebugMon__I)
                  00009fa4    00000004                   : BIOS.obj (.text:ti_sysbios_family_arm_lm4_Timer_masterEnable__I)
                  00009fa8    000000bc                   : BIOS.obj (.text:ti_sysbios_family_arm_m3_Hwi_excHardFault__I)
                  0000a064    000000b8     EK_TM4C1294XL.obj (.text:EK_TM4C1294XL_initGeneral)
                  0000a11c    000000b8     grlib.lib : line.obj (.text:GrLineClip)
                  0000a1d4    000000b8     Kentec320x240x16_ssd2119_spi.obj (.text:InitSPILCDInterface)
                  0000a28c    000000b8     drivers_tivaware.aem4f : PWMTimerTiva.oem4f (.text:PWMTimerTiva_setDuty)
                  0000a344    000000b4     grlib.lib : widget.obj (.text:WidgetMessageSendPostOrder)
                  0000a3f8    000000b4     sysbios.aem4f : BIOS.obj (.text:ti_sysbios_gates_GateMutex_enter__E)
                  0000a4ac    00000004     empty_pem4f.oem4f (.text:ti_sysbios_family_arm_m3_Hwi_delete)
                  0000a4b0    000000b4     sysbios.aem4f : BIOS.obj (.text:ti_sysbios_knl_Task_checkStacks__E)
                  0000a564    000000b1     rtsv7M4_T_le_v4SPD16_eabi.lib : _printfi.c.obj (.text:_ltostr)
                  0000a615    00000001     --HOLE-- [fill = 0]
                  0000a616    000000b0     grlib.lib : slider.obj (.text:SliderValueToPosition)
                  0000a6c6    000000ac     drivers_tivaware.aem4f : UARTTiva.oem4f (.text:readTaskBlocking)
                  0000a772    00000006     driverlib.lib : gpio.obj (.text:GPIOPinRead)
                  0000a778    000000ac     sysbios.aem4f : BIOS.obj (.text:ti_sysbios_family_arm_lm4_Timer_enableTiva__I)
                  0000a824    00000004     empty_pem4f.oem4f (.text:ti_sysbios_family_arm_m3_Hwi_destruct)
                  0000a828    000000a4     sysbios.aem4f : BIOS.obj (.text:ti_sysbios_knl_Clock_Instance_finalize__E)
                  0000a8cc    000000a0     auto_init.aem4f : auto_init.oem4f (.text)
                  0000a96c    000000a0     ti.targets.arm.rtsarm.aem4f : Text.oem4f (.text:xdc_runtime_Text_putMod__E)
                  0000aa0c    0000009c     EK_TM4C1294XL.obj (.text:EK_TM4C1294XL_initI2C)
                  0000aaa8    0000009c     rtsv7M4_T_le_v4SPD16_eabi.lib : memcpy_t2.asm.obj (.text)
                  0000ab44    00000004     empty_pem4f.oem4f (.text:ti_sysbios_family_arm_m3_TaskSupport_Module__startupDone__S)
                  0000ab48    0000009c     sysbios.aem4f : BIOS.obj (.text:ti_sysbios_knl_Semaphore_Instance_init__E)
                  0000abe4    0000009a     ti.targets.arm.rtsarm.aem4f : Text.oem4f (.text:xdc_runtime_Text_putSite__E)
                  0000ac7e    00000098     drivers_tivaware.aem4f : UARTTiva.oem4f (.text:UARTTiva_readPolling)
                  0000ad16    00000002     --HOLE-- [fill = 0]
                  0000ad18    00000098     Boot.aem4f : Boot.oem4f (.text:ti_catalog_arm_cortexm4_tiva_ce_Boot_sysCtlClockFreqSet__E)
                  0000adb0    00000096     rtsv7M4_T_le_v4SPD16_eabi.lib : ull_div_t2.asm.obj (.text)
                  0000ae46    00000094     drivers_tivaware.aem4f : UARTTiva.oem4f (.text:UARTTiva_write)
                  0000aeda    00000006     driverlib.lib : gpio.obj (.text:GPIOPinWrite)
                  0000aee0    00000094     sysbios.aem4f : BIOS.obj (.text:ti_sysbios_family_arm_m3_Hwi_Instance_init__E)
                  0000af74    00000004     empty_pem4f.oem4f (.text:ti_sysbios_hal_Timer_TimerProxy_delete)
                  0000af78    00000094     sysbios.aem4f : BIOS.obj (.text:ti_sysbios_family_arm_m3_Hwi_initNVIC__E)
                  0000b00c    00000004     empty_pem4f.oem4f (.text:ti_sysbios_heaps_HeapMem_Module_GateProxy_enter__E)
                  0000b010    00000094     sysbios.aem4f : BIOS.obj (.text:ti_sysbios_knl_Task_postInit__I)
                  0000b0a4    0000008c     drivers_tivaware.aem4f : GPIOTiva.oem4f (.text:GPIO_init)
                  0000b130    0000008c                            : UARTTiva.oem4f (.text:UARTTiva_control)
                  0000b1bc    0000008c     sysbios.aem4f : m3_TaskSupport_asm.obj (.text:ti_sysbios_family_arm_m3_TaskSupport_buildTaskStack)
                  0000b248    0000008c                   : BIOS.obj (.text:ti_sysbios_hal_SecondsClock_Module_startup__E)
                  0000b2d4    0000008a     drivers_tivaware.aem4f : UARTTiva.oem4f (.text:readIsrTextBlocking)
                  0000b35e    00000002     --HOLE-- [fill = 0]
                  0000b360    00000088                            : PWMTiva.oem4f (.text:PWMTiva_control)
                  0000b3e8    00000086     grlib.lib : rectangle.obj (.text:GrRectFill)
                  0000b46e    00000086     rtsv7M4_T_le_v4SPD16_eabi.lib : fd_cmp_t2.asm.obj (.text:__aeabi_cdcmple)
                  0000b4f4    00000086                                   : fd_cmp_t2.asm.obj (.text:__aeabi_cdrcmple)
                  0000b57a    00000002     --HOLE-- [fill = 0]
                  0000b57c    00000084     GlobalDraw.obj (.text:GraphPageAccel)
                  0000b600    00000084     GlobalDraw.obj (.text:GraphPageLight)
                  0000b684    00000004     empty_pem4f.oem4f (.text:ti_sysbios_heaps_HeapMem_Module_GateProxy_leave__E)
                  0000b688    00000084     sysbios.aem4f : BIOS.obj (.text:ti_sysbios_family_arm_m3_Hwi_postInit__I)
                  0000b70c    00000082     opt3001.obj (.text:opt3001_init)
                  0000b78e    00000082     drivers_tivaware.aem4f : UARTTiva.oem4f (.text:readIsrTextCallback)
                  0000b810    00000080     grlib.lib : rectangle.obj (.text:GrRectIntersectGet)
                  0000b890    0000007e     drivers_tivaware.aem4f : I2CTiva.oem4f (.text:I2CTiva_transfer)
                  0000b90e    00000002     --HOLE-- [fill = 0]
                  0000b910    0000007c     sysbios.aem4f : BIOS.obj (.text:ti_sysbios_family_arm_lm4_Timer_disableTiva__I)
                  0000b98c    0000007a     driverlib.lib : adc.obj (.text:ADCSequenceStepConfigure)
                  0000ba06    0000007a     drivers_tivaware.aem4f : UARTTiva.oem4f (.text:readTaskCallback)
                  0000ba80    0000007a     rtsv7M4_T_le_v4SPD16_eabi.lib : memset_t2.asm.obj (.text)
                  0000bafa    00000002     --HOLE-- [fill = 0]
                  0000bafc    00000078     GlobalDraw.obj (.text:UpdateAccelGraph)
                  0000bb74    00000078     GlobalDraw.obj (.text:UpdateLightGraph)
                  0000bbec    00000076     GraphFunctions.obj (.text:ArrayUpdate)
                  0000bc62    00000002     --HOLE-- [fill = 0]
                  0000bc64    00000074     GlobalDraw.obj (.text:InitScreen)
                  0000bcd8    00000074     sysbios.aem4f : BIOS.obj (.text:ti_sysbios_knl_Clock_start__E)
                  0000bd4c    00000070     sensors.obj (.text:lightSensorFilterFxn)
                  0000bdbc    00000070     opt3001.obj (.text:opt3001_read)
                  0000be2c    00000004     empty_pem4f.oem4f (.text:ti_sysbios_knl_Clock_TimerProxy_getFreq__E)
                  0000be30    00000070     sysbios.aem4f : BIOS.obj (.text:ti_sysbios_knl_Clock_workFunc__E)
                  0000bea0    00000070                   : BIOS.obj (.text:ti_sysbios_knl_Task_exit__E)
                  0000bf10    0000006e     rtsv7M4_T_le_v4SPD16_eabi.lib : _printfi.c.obj (.text:_mcpy)
                  0000bf7e    00000002     --HOLE-- [fill = 0]
                  0000bf80    0000006d     ti.targets.arm.rtsarm.aem4f : System.oem4f (.text:xdc_runtime_System_formatNum__I)
                  0000bfed    00000003     --HOLE-- [fill = 0]
                  0000bff0    0000006c     GraphFunctions.obj (.text:CalcAvg)
                  0000c05c    0000006c     Motor.obj (.text:HAllF)
                  0000c0c8    0000006c     drivers_tivaware.aem4f : PWMTimerTiva.oem4f (.text:PWMTimerTiva_control)
                  0000c134    0000006c     empty_pem4f.oem4f (.text:ti_sysbios_family_arm_lm4_Timer_Object__create__S)
                  0000c1a0    0000006c     sysbios.aem4f : BIOS.obj (.text:ti_sysbios_gates_GateMutexPri_leave__E)
                  0000c20c    00000004     empty_pem4f.oem4f (.text:ti_sysbios_knl_Clock_TimerProxy_getMaxTicks__E)
                  0000c210    0000006c     sysbios.aem4f : BIOS.obj (.text:ti_sysbios_knl_Swi_restoreHwi__E)
                  0000c27c    0000006c     drivers_tivaware.aem4f : UARTTiva.oem4f (.text:writeData)
                  0000c2e8    0000006c     ti.targets.arm.rtsarm.aem4f : Error.oem4f (.text:xdc_runtime_Error_print__E)
                  0000c354    0000006c                                 : Memory.oem4f (.text:xdc_runtime_Memory_alloc__E)
                  0000c3c0    0000006a     drivers_tivaware.aem4f : PWMTiva.oem4f (.text:PWMTiva_close)
                  0000c42a    00000002     --HOLE-- [fill = 0]
                  0000c42c    00000068     GlobalDraw.obj (.text:BackMainMotorPage)
                  0000c494    00000068     grlib.lib : context.obj (.text:GrContextInit)
                  0000c4fc    00000068               : string.obj (.text:GrStringWidthGet)
                  0000c564    00000068     driverlib.lib : interrupt.obj (.text:IntEnable)
                  0000c5cc    00000068     Kentec320x240x16_ssd2119_spi.obj (.text:Kentec320x240x16_SSD2119LineDrawH)
                  0000c634    00000068     Kentec320x240x16_ssd2119_spi.obj (.text:Kentec320x240x16_SSD2119LineDrawV)
                  0000c69c    00000068     rtsv7M4_T_le_v4SPD16_eabi.lib : copy_decompress_lzss.c.obj (.text:decompress:lzss:__TI_decompress_lzss)
                  0000c704    00000068     opt3001.obj (.text:opt3001_convert)
                  0000c76c    00000066     grlib.lib : context.obj (.text:GrContextClipRegionSet)
                  0000c7d2    00000066               : rectangle.obj (.text:GrRectDraw)
                  0000c838    00000066     ti.targets.arm.rtsarm.aem4f : Core-mem.oem4f (.text:xdc_runtime_Core_deleteObject__I)
                  0000c89e    00000002     --HOLE-- [fill = 0]
                  0000c8a0    00000064     drivers_tivaware.aem4f : GPIOTiva.oem4f (.text:GPIO_hwiIntFxn)
                  0000c904    00000064     grlib.lib : widget.obj (.text:WidgetMessageQueueProcess)
                  0000c968    00000064     rtsv7M4_T_le_v4SPD16_eabi.lib : s_frexp.c.obj (.text:frexp)
                  0000c9cc    00000064     GraphFunctions.obj (.text:min_element)
                  0000ca30    00000064     sysbios.aem4f : BIOS.obj (.text:ti_sysbios_family_arm_lm4_Timer_Module_startup__E)
                  0000ca94    00000064     empty_pem4f.oem4f (.text:ti_sysbios_family_arm_m3_Hwi_create)
                  0000caf8    00000064     sysbios.aem4f : BIOS.obj (.text:ti_sysbios_family_arm_m3_Hwi_dispatchC__I)
                  0000cb5c    00000064     empty_pem4f.oem4f (.text:ti_sysbios_hal_Timer_create)
                  0000cbc0    00000064     Clock.obj (.text:timer1sec)
                  0000cc24    00000062     drivers_tivaware.aem4f : I2CTiva.oem4f (.text:I2CTiva_primeTransfer)
                  0000cc86    00000002     --HOLE-- [fill = 0]
                  0000cc88    00000060     driverlib.lib : timer.obj (.text:TimerConfigure)
                  0000cce8    00000060     Kentec320x240x16_ssd2119_spi.obj (.text:WriteDataSPI)
                  0000cd48    00000060     sysbios.aem4f : BIOS.obj (.text:ti_sysbios_knl_Task_schedule__I)
                  0000cda8    0000005e     grlib.lib : widget.obj (.text:WidgetMessageSendPreOrder)
                  0000ce06    0000005e     bmi160.obj (.text:bmi160_getAccel)
                  0000ce64    0000005e     drivers_tivaware.aem4f : UARTTiva.oem4f (.text:readIsrBinaryBlocking)
                  0000cec2    00000002     --HOLE-- [fill = 0]
                  0000cec4    0000005c     Kentec320x240x16_ssd2119_spi.obj (.text:WriteCommandSPI)
                  0000cf20    0000005c     GraphFunctions.obj (.text:max_element)
                  0000cf7c    0000005c     empty_pem4f.oem4f (.text:ti_sysbios_knl_Swi_create)
                  0000cfd8    0000005c     sysbios.aem4f : BIOS.obj (.text:ti_sysbios_knl_Swi_run__I)
                  0000d034    00000004     empty_pem4f.oem4f (.text:ti_sysbios_knl_Clock_TimerProxy_getPeriod__E)
                  0000d038    0000005c     sysbios.aem4f : BIOS.obj (.text:ti_sysbios_knl_Swi_schedule__I)
                  0000d094    00000004     empty_pem4f.oem4f (.text:ti_sysbios_knl_Clock_destruct)
                  0000d098    0000005c     sysbios.aem4f : BIOS.obj (.text:ti_sysbios_knl_Task_Module_startup__E)
                  0000d0f4    00000004     empty_pem4f.oem4f (.text:ti_sysbios_knl_Queue_destruct)
                  0000d0f8    0000005c     sysbios.aem4f : BIOS.obj (.text:ti_sysbios_knl_Task_startCore__E)
                  0000d154    0000005c     i2cDriver.obj (.text:writeI2C)
                  0000d1b0    0000005b     ti.targets.arm.rtsarm.aem4f : Text.oem4f (.text:xdc_runtime_Text_putLab__E)
                  0000d20b    00000001     --HOLE-- [fill = 0]
                  0000d20c    0000005a     grlib.lib : string.obj (.text:FontWideGlyphDataGet)
                  0000d266    00000002     --HOLE-- [fill = 0]
                  0000d268    00000058     boot.aem4f : boot.oem4f (.text)
                  0000d2c0    00000058     rtsv7M4_T_le_v4SPD16_eabi.lib : hostwrite.c.obj (.text:HOSTwrite)
                  0000d318    00000058     grlib.lib : slider.obj (.text:SliderPositionToValue)
                  0000d370    00000058     driverlib.lib : timer.obj (.text:TimerControlTrigger)
                  0000d3c8    00000058     sysbios.aem4f : BIOS.obj (.text:ti_sysbios_family_arm_lm4_Timer_Instance_finalize__E)
                  0000d420    00000058     empty_pem4f.oem4f (.text:ti_sysbios_family_arm_m3_Hwi_construct)
                  0000d478    00000058     sysbios.aem4f : m3_Hwi_asm_switch.obj (.text:ti_sysbios_family_arm_m3_Hwi_initStacks__E)
                  0000d4d0    00000057     Motor.obj (.text:MotorInit)
                  0000d527    00000001     --HOLE-- [fill = 0]
                  0000d528    00000056     driverlib.lib : gpio.obj (.text:GPIOIntTypeSet)
                  0000d57e    00000056     rtsv7M4_T_le_v4SPD16_eabi.lib : _printfi.c.obj (.text:_pconv_f)
                  0000d5d4    00000054                                   : _ltoa.c.obj (.text:__TI_ltoa)
                  0000d628    00000054     sensors.obj (.text:i2c_Open)
                  0000d67c    00000054     drivers_tivaware.aem4f : UARTTiva.oem4f (.text:readIsrBinaryCallback)
                  0000d6d0    00000054     sysbios.aem4f : BIOS.obj (.text:ti_sysbios_family_arm_lm4_Timer_initDevice__I)
                  0000d724    00000004     empty_pem4f.oem4f (.text:ti_sysbios_knl_Semaphore_destruct)
                  0000d728    00000054     sysbios.aem4f : BIOS.obj (.text:ti_sysbios_knl_Swi_Instance_finalize__E)
                  0000d77c    00000054     empty_pem4f.oem4f (.text:ti_sysbios_knl_Task_construct)
                  0000d7d0    00000054     ti.targets.arm.rtsarm.aem4f : Assert.oem4f (.text:xdc_runtime_Assert_raise__I)
                  0000d824    00000052     rtsv7M4_T_le_v4SPD16_eabi.lib : _printfi.c.obj (.text:_ecpy)
                  0000d876    00000002     --HOLE-- [fill = 0]
                  0000d878    00000050     drivers_tivaware.aem4f : GPIOTiva.oem4f (.text:GPIO_setCallback)
                  0000d8c8    00000050                            : GPIOTiva.oem4f (.text:GPIO_write)
                  0000d918    00000050                            : UARTTiva.oem4f (.text:UARTTiva_writeCancel)
                  0000d968    00000050     Boot.aem4f : Boot_sysctl.oem4f (.text:_SysCtlFrequencyGet)
                  0000d9b8    00000050     sysbios.aem4f : BIOS.obj (.text:ti_sysbios_family_arm_m3_Hwi_Module_startup__E)
                  0000da08    00000050     ti.targets.arm.rtsarm.aem4f : Startup.oem4f (.text:xdc_runtime_Startup_exec__E)
                  0000da58    00000050                                 : Text.oem4f (.text:xdc_runtime_Text_visitRope2__I)
                  0000daa8    0000004c     drivers_tivaware.aem4f : UARTTiva.oem4f (.text:UARTTiva_close)
                  0000daf4    0000004c     grlib.lib : widget.obj (.text:WidgetRemove)
                  0000db40    0000004c     rtsv7M4_T_le_v4SPD16_eabi.lib : atoi.c.obj (.text:atoi)
                  0000db8c    0000004c                                   : cpy_tbl.c.obj (.text:copy_in)
                  0000dbd8    0000004c     i2cDriver.obj (.text:readI2C)
                  0000dc24    00000004     ti.targets.arm.rtsarm.aem4f : Error.oem4f (.text:xdc_runtime_Error_getSite__E)
                  0000dc28    0000004c     sysbios.aem4f : BIOS.obj (.text:ti_sysbios_family_arm_lm4_Timer_setAvailMask__E)
                  0000dc74    00000004     empty_pem4f.oem4f (.text:xdc_runtime_System_Module_GateProxy_enter__E)
                  0000dc78    0000004c     sysbios.aem4f : BIOS.obj (.text:ti_sysbios_heaps_HeapMem_getStats__E)
                  0000dcc4    00000004     empty_pem4f.oem4f (.text:xdc_runtime_System_Module_GateProxy_leave__E)
                  0000dcc8    0000004c     sysbios.aem4f : BIOS.obj (.text:ti_sysbios_knl_Swi_runLoop__I)
                  0000dd14    00000004     ti.targets.arm.rtsarm.aem4f : System.oem4f (.text:xdc_runtime_System_aprintf_va__F)
                  0000dd18    0000004c     sysbios.aem4f : BIOS.obj (.text:ti_sysbios_knl_Task_allBlockedFunction__I)
                  0000dd64    00000004     ti.targets.arm.rtsarm.aem4f : System.oem4f (.text:xdc_runtime_System_printf_va__F)
                  0000dd68    0000004c     sysbios.aem4f : BIOS.obj (.text:ti_sysbios_knl_Task_block__E)
                  0000ddb4    0000004a     drivers_tivaware.aem4f : PWMTimerTiva.oem4f (.text:PWMTimerTiva_close)
                  0000ddfe    0000004a     grlib.lib : string.obj (.text:UpdateContextCharMapping)
                  0000de48    00000048     driverlib.lib : gpio.obj (.text:GPIOPinConfigure)
                  0000de90    00000048                   : i2c.obj (.text:I2CMasterInitExpClk)
                  0000ded8    00000048     rtsv7M4_T_le_v4SPD16_eabi.lib : fd_toi_t2.asm.obj (.text)
                  0000df20    00000048     sysbios.aem4f : BIOS.obj (.text:ti_sysbios_family_arm_lm4_Timer_enableTimers__I)
                  0000df68    00000048                   : BIOS.obj (.text:ti_sysbios_family_arm_m3_Hwi_disableInterrupt__E)
                  0000dfb0    00000048                   : BIOS.obj (.text:ti_sysbios_family_arm_m3_Hwi_enableInterrupt__E)
                  0000dff8    00000048                   : BIOS.obj (.text:ti_sysbios_family_arm_m3_Hwi_excReserved__I)
                  0000e040    00000048                   : BIOS.obj (.text:ti_sysbios_hal_SecondsClock_increment__I)
                  0000e088    00000048                   : BIOS.obj (.text:ti_sysbios_knl_Mailbox_Module_startup__E)
                  0000e0d0    00000046     grlib.lib : line.obj (.text:GrLineDrawH)
                  0000e116    00000046               : line.obj (.text:GrLineDrawV)
                  0000e15c    00000046     Kentec320x240x16_ssd2119_spi.obj (.text:Kentec320x240x16_SSD2119PixelDraw)
                  0000e1a2    00000046     drivers_tivaware.aem4f : RingBuf.oem4f (.text:RingBuf_put)
                  0000e1e8    00000046     UARTLocal.obj (.text:initUART)
                  0000e22e    00000046     ti.targets.arm.rtsarm.aem4f : Core-params.oem4f (.text:xdc_runtime_Core_assignParams__I)
                  0000e274    00000044     Motor.obj (.text:GetCurrentSpeed)
                  0000e2b8    00000044     sysbios.aem4f : BIOS.obj (.text:ti_sysbios_family_arm_lm4_Timer_isrStub__E)
                  0000e2fc    00000004     --HOLE-- [fill = 0]
                  0000e300    00000044                   : BIOS.obj (.text:ti_sysbios_family_arm_m3_Hwi_getStackInfo__E)
                  0000e344    00000004     --HOLE-- [fill = 0]
                  0000e348    00000044                   : BIOS.obj (.text:ti_sysbios_knl_Mailbox_postInit__I)
                  0000e38c    00000004     --HOLE-- [fill = 0]
                  0000e390    00000044                   : BIOS.obj (.text:ti_sysbios_knl_Swi_post__E)
                  0000e3d4    00000044     ti.targets.arm.rtsarm.aem4f : Error.oem4f (.text:xdc_runtime_Error_setX__E)
                  0000e418    00000044                                 : SysMin.oem4f (.text:xdc_runtime_SysMin_flush__E)
                  0000e45c    00000044                                 : Text.oem4f (.text:xdc_runtime_Text_xprintf__I)
                  0000e4a0    00000042     driverlib.lib : uart.obj (.text:UARTConfigSetExpClk)
                  0000e4e2    00000042     drivers_tivaware.aem4f : UARTTiva.oem4f (.text:UARTTiva_hwiIntFxn)
                  0000e524    00000042                            : UARTTiva.oem4f (.text:UARTTiva_writePolling)
                  0000e566    00000002     --HOLE-- [fill = 0]
                  0000e568    00000040     GraphData.obj (.text:InitsingleBuffer)
                  0000e5a8    00000040     drivers_tivaware.aem4f : RingBuf.oem4f (.text:RingBuf_get)
                  0000e5e8    00000040                            : UARTTiva.oem4f (.text:UARTTiva_read)
                  0000e628    00000040     rtsv7M4_T_le_v4SPD16_eabi.lib : u_divt2.asm.obj (.text)
                  0000e668    00000040                                   : sprintf.c.obj (.text:sprintf)
                  0000e6a8    00000040     sysbios.aem4f : BIOS.obj (.text:ti_sysbios_family_arm_lm4_Timer_startup__E)
                  0000e6e8    00000040                   : BIOS.obj (.text:ti_sysbios_hal_SecondsClock_getTime__E)
                  0000e728    0000003e     driverlib.lib : adc.obj (.text:ADCSequenceConfigure)
                  0000e766    0000003e     rtsv7M4_T_le_v4SPD16_eabi.lib : _printfi.c.obj (.text:_fcpy)
                  0000e7a4    0000003c     GraphFunctions.obj (.text:CalcNoRemainder)
                  0000e7e0    0000003c     driverlib.lib : ssi.obj (.text:SSIConfigSetExpClk)
                  0000e81c    0000003c     Estop.obj (.text:checkEstop)
                  0000e858    0000003c     sysbios.aem4f : BIOS.obj (.text:ti_sysbios_family_arm_m3_Hwi_excSvCall__I)
                  0000e894    00000004     --HOLE-- [fill = 0]
                  0000e898    0000003c                   : BIOS.obj (.text:ti_sysbios_heaps_HeapMem_init__I)
                  0000e8d4    00000004     --HOLE-- [fill = 0]
                  0000e8d8    0000003c                   : BIOS.obj (.text:ti_sysbios_knl_Swi_restore__E)
                  0000e914    0000003a     grlib.lib : string.obj (.text:FontGlyphDataGet)
                  0000e94e    0000003a     drivers_tivaware.aem4f : I2CTiva.oem4f (.text:I2CTiva_completeTransfer)
                  0000e988    00000038     grlib.lib : rectangle.obj (.text:GrRectOverlapCheck)
                  0000e9c0    00000038     drivers_tivaware.aem4f : I2C.oem4f (.text:I2C_init)
                  0000e9f8    00000038                            : PWM.oem4f (.text:PWM_init)
                  0000ea30    00000038     GlobalDraw.obj (.text:RemoveGraphSelect)
                  0000ea68    00000038     driverlib.lib : sysctl.obj (.text:SysCtlPeripheralReady)
                  0000eaa0    00000038     drivers_tivaware.aem4f : UART.oem4f (.text:UART_init)
                  0000ead8    00000038     rtsv7M4_T_le_v4SPD16_eabi.lib : trgmsg.c.obj (.text:__TI_writemsg)
                  0000eb10    00000038     sysbios.aem4f : BIOS.obj (.text:ti_sysbios_family_arm_m3_Hwi_excNoIsr__I)
                  0000eb48    00000038                   : BIOS.obj (.text:ti_sysbios_knl_Task_processVitalTaskFlag__I)
                  0000eb80    00000038     ti.targets.arm.rtsarm.aem4f : SysMin.oem4f (.text:xdc_runtime_SysMin_putch__E)
                  0000ebb8    00000038                                 : System.oem4f (.text:xdc_runtime_System_atexit__E)
                  0000ebf0    00000036     grlib.lib : line.obj (.text:GrClipCodeGet)
                  0000ec26    00000036     drivers_tivaware.aem4f : I2CTiva.oem4f (.text:I2CTiva_close)
                  0000ec5c    00000036                            : UARTTiva.oem4f (.text:UARTTiva_readCancel)
                  0000ec92    00000002     --HOLE-- [fill = 0]
                  0000ec94    00000034     driverlib.lib : sysctl.obj (.text:SysCtlPeripheralEnable)
                  0000ecc8    00000034     rtsv7M4_T_le_v4SPD16_eabi.lib : trgmsg.c.obj (.text:__TI_readmsg)
                  0000ecfc    00000034     bmi160.obj (.text:bmi160_readConvert)
                  0000ed30    00000034     sysbios.aem4f : BIOS.obj (.text:ti_sysbios_family_arm_lm4_Timer_setPeriodMicroSecs__E)
                  0000ed64    00000004     --HOLE-- [fill = 0]
                  0000ed68    00000034                   : BIOS.obj (.text:ti_sysbios_family_arm_m3_Hwi_Instance_finalize__E)
                  0000ed9c    00000004     --HOLE-- [fill = 0]
                  0000eda0    00000034                   : BIOS.obj (.text:ti_sysbios_family_arm_m3_Hwi_excNmi__I)
                  0000edd4    00000004     --HOLE-- [fill = 0]
                  0000edd8    00000034                   : BIOS.obj (.text:ti_sysbios_hal_Hwi_checkStack)
                  0000ee0c    00000034     empty_pem4f.oem4f (.text:ti_sysbios_knl_Clock_construct)
                  0000ee40    00000034     ti.targets.arm.rtsarm.aem4f : Core-label.oem4f (.text:xdc_runtime_Core_assignLabel__I)
                  0000ee74    00000033                                 : Text.oem4f (.text:xdc_runtime_Text_printVisFxn__I)
                  0000eea7    00000001     --HOLE-- [fill = 0]
                  0000eea8    00000032     sysbios.aem4f : BIOS.obj (.text:ti_sysbios_hal_Hwi_initStack)
                  0000eeda    00000002     --HOLE-- [fill = 0]
                  0000eedc    00000030     drivers_tivaware.aem4f : GPIOTiva.oem4f (.text:GPIO_enableInt)
                  0000ef0c    00000030                            : GPIOTiva.oem4f (.text:GPIO_read)
                  0000ef3c    00000030                            : I2C.oem4f (.text:I2C_open)
                  0000ef6c    00000030                            : PWMTiva.oem4f (.text:PWMTiva_init)
                  0000ef9c    00000030                            : PWM.oem4f (.text:PWM_open)
                  0000efcc    00000030                            : UART.oem4f (.text:UART_open)
                  0000effc    00000030     empty_pem4f.oem4f (.text:ti_sysbios_BIOS_atExitFunc__I)
                  0000f02c    00000004     --HOLE-- [fill = 0]
                  0000f030    00000030     sysbios.aem4f : BIOS.obj (.text:ti_sysbios_family_arm_lm4_Timer_stop__E)
                  0000f060    00000030                   : BIOS.obj (.text:ti_sysbios_family_arm_m3_TaskSupport_start__E)
                  0000f090    00000030     empty_pem4f.oem4f (.text:ti_sysbios_gates_GateHwi_Object__create__S)
                  0000f0c0    00000030     empty_pem4f.oem4f (.text:ti_sysbios_gates_GateHwi_create)
                  0000f0f0    00000030     empty_pem4f.oem4f (.text:ti_sysbios_gates_GateMutexPri_Object__create__S)
                  0000f120    00000030     empty_pem4f.oem4f (.text:ti_sysbios_gates_GateMutexPri_create)
                  0000f150    00000030     empty_pem4f.oem4f (.text:ti_sysbios_gates_GateMutex_Object__create__S)
                  0000f180    00000030     empty_pem4f.oem4f (.text:ti_sysbios_heaps_HeapMem_Object__create__S)
                  0000f1b0    00000030     sysbios.aem4f : BIOS.obj (.text:ti_sysbios_knl_Event_pendTimeout__I)
                  0000f1e0    00000030     empty_pem4f.oem4f (.text:ti_sysbios_knl_Semaphore_construct)
                  0000f210    00000030     sysbios.aem4f : BIOS.obj (.text:ti_sysbios_knl_Semaphore_pendTimeout__I)
                  0000f240    00000030                   : BIOS.obj (.text:ti_sysbios_knl_Task_unblockI__E)
                  0000f270    00000030     ti.targets.arm.rtsarm.aem4f : SysMin.oem4f (.text:xdc_runtime_SysMin_abort__E)
                  0000f2a0    00000030                                 : System.oem4f (.text:xdc_runtime_System_processAtExit__E)
                  0000f2d0    0000002e     grlib.lib : string.obj (.text:GrStringNextCharGet)
                  0000f2fe    0000002e     rtsv7M4_T_le_v4SPD16_eabi.lib : i_tofd_t2.asm.obj (.text)
                  0000f32c    0000002c     EK_TM4C1294XL.obj (.text:EK_TM4C1294XL_initUART)
                  0000f358    0000002c     grlib.lib : string.obj (.text:GrFontBaselineGet)
                  0000f384    0000002c               : string.obj (.text:GrFontHeightGet)
                  0000f3b0    0000002c               : pushbutton.obj (.text:RectangularButtonMsgProc)
                  0000f3dc    0000002c               : slider.obj (.text:SliderMsgProc)
                  0000f408    0000002c               : widget.obj (.text:WidgetIsInTree)
                  0000f434    0000002c     Motor.obj (.text:clk0Fxn)
                  0000f460    0000002c     GlobalDraw.obj (.text:removeSensorPage)
                  0000f48c    0000002c     empty_pem4f.oem4f (.text:ti_sysbios_knl_Clock_doTick__I)
                  0000f4b8    0000002c     empty_pem4f.oem4f (.text:ti_sysbios_knl_Event_construct)
                  0000f4e4    0000002c     empty_pem4f.oem4f (.text:ti_sysbios_knl_Queue_construct)
                  0000f510    0000002c     sysbios.aem4f : BIOS.obj (.text:ti_sysbios_knl_Task_restore__E)
                  0000f53c    0000002c     ti.targets.arm.rtsarm.aem4f : Text.oem4f (.text:xdc_runtime_Text_cordText__E)
                  0000f568    0000002a     driverlib.lib : gpio.obj (.text:GPIODirModeSet)
                  0000f592    0000002a     bmi160.obj (.text:bmi160_delay)
                  0000f5bc    0000002a     ti.targets.arm.rtsarm.aem4f : System.oem4f (.text:xdc_runtime_System_putchar__I)
                  0000f5e6    00000028     Kentec320x240x16_ssd2119_spi.obj (.text:Kentec320x240x16_SSD2119ColorTranslate)
                  0000f60e    00000002     --HOLE-- [fill = 0]
                  0000f610    00000028     sysbios.aem4f : BIOS.obj (.text:ti_sysbios_hal_Timer_Instance_init__E)
                  0000f638    00000028                   : BIOS.obj (.text:ti_sysbios_knl_Clock_addI__E)
                  0000f660    00000028                   : BIOS.obj (.text:ti_sysbios_knl_Swi_Module_startup__E)
                  0000f688    00000026     grlib.lib : string.obj (.text:GrFontInfoGet)
                  0000f6ae    00000026     sysbios.aem4f : m3_Hwi_asm.obj (.text:ti_sysbios_family_arm_m3_Hwi_pendSV__I)
                  0000f6d4    00000026     ti.targets.arm.rtsarm.aem4f : System.oem4f (.text:xdc_runtime_System_avprintf__E)
                  0000f6fa    00000002     --HOLE-- [fill = 0]
                  0000f6fc    00000024     GlobalDraw.obj (.text:BackGraphSelect)
                  0000f720    00000024     GlobalDraw.obj (.text:BackMainGraph)
                  0000f744    00000024     GlobalDraw.obj (.text:RemoveGraph)
                  0000f768    00000024     GlobalDraw.obj (.text:RemoveMainPage)
                  0000f78c    00000024     GlobalDraw.obj (.text:backMainSensor)
                  0000f7b0    00000024     empty_pem4f.oem4f (.text:ti_sysbios_BIOS_errorRaiseHook__I)
                  0000f7d4    00000024     empty_pem4f.oem4f (.text:ti_sysbios_BIOS_registerRTSLock__I)
                  0000f7f8    00000024     empty_pem4f.oem4f (.text:ti_sysbios_BIOS_removeRTSLock__I)
                  0000f81c    00000024     empty_pem4f.oem4f (.text:ti_sysbios_BIOS_startFunc__I)
                  0000f840    00000024     empty_pem4f.oem4f (.text:ti_sysbios_gates_GateMutexPri_Object__delete__S)
                  0000f864    00000024     empty_pem4f.oem4f (.text:ti_sysbios_gates_GateMutex_Object__delete__S)
                  0000f888    00000024     sysbios.aem4f : BIOS.obj (.text:ti_sysbios_knl_Clock_Module_startup__E)
                  0000f8ac    00000004     --HOLE-- [fill = 0]
                  0000f8b0    00000024                   : BIOS.obj (.text:ti_sysbios_knl_Task_restoreHwi__E)
                  0000f8d4    00000024     ti.targets.arm.rtsarm.aem4f : System.oem4f (.text:xdc_runtime_System_vprintf__E)
                  0000f8f8    00000022     grlib.lib : string.obj (.text:GrFontGlyphDataGet)
                  0000f91a    00000022     driverlib.lib : pwm.obj (.text:PWMGenConfigure)
                  0000f93c    00000022     drivers_tivaware.aem4f : PWMTiva.oem4f (.text:PWMTiva_getPeriodCounts)
                  0000f95e    00000002     --HOLE-- [fill = 0]
                  0000f960    00000022     sysbios.aem4f : BIOS.obj (.text:ti_sysbios_family_arm_lm4_Timer_write__I)
                  0000f982    00000022     empty_pem4f.oem4f (.text:xdc_runtime_SysMin_output__I)
                  0000f9a4    00000020     Boot.aem4f : Boot_sysctl.oem4f (.text:_SysCtlMemTimingGet)
                  0000f9c4    00000020     Estop.obj (.text:initEstop)
                  0000f9e4    00000020     rtsv7M4_T_le_v4SPD16_eabi.lib : u_tofd_t2.asm.obj (.text)
                  0000fa04    00000020     empty_pem4f.oem4f (.text:ti_sysbios_BIOS_rtsLock__I)
                  0000fa24    00000020     empty_pem4f.oem4f (.text:ti_sysbios_family_arm_lm4_Timer_Object__delete__S)
                  0000fa44    00000004     --HOLE-- [fill = 0]
                  0000fa48    00000020     sysbios.aem4f : BIOS.obj (.text:ti_sysbios_family_arm_lm4_Timer_getFreq__E)
                  0000fa68    00000020     empty_pem4f.oem4f (.text:ti_sysbios_family_arm_m3_Hwi_Object__delete__S)
                  0000fa88    00000020     sysbios.aem4f : m3_Hwi_asm.obj (.text:ti_sysbios_family_arm_m3_Hwi_excHandlerAsm__I)
                  0000faa8    00000020                   : BIOS.obj (.text:ti_sysbios_family_arm_m3_Hwi_excHandler__I)
                  0000fac8    00000020     empty_pem4f.oem4f (.text:ti_sysbios_gates_GateHwi_Object__delete__S)
                  0000fae8    00000020     empty_pem4f.oem4f (.text:ti_sysbios_heaps_HeapMem_Object__delete__S)
                  0000fb08    00000020     empty_pem4f.oem4f (.text:ti_sysbios_knl_Clock_Object__destruct__S)
                  0000fb28    00000020     sysbios.aem4f : BIOS.obj (.text:ti_sysbios_knl_Idle_run__E)
                  0000fb48    00000020     empty_pem4f.oem4f (.text:ti_sysbios_knl_Semaphore_Object__destruct__S)
                  0000fb68    00000020     ti.targets.arm.rtsarm.aem4f : Registry.oem4f (.text:xdc_runtime_Registry_findById__E)
                  0000fb88    00000020                                 : SysMin.oem4f (.text:xdc_runtime_SysMin_Module_startup__E)
                  0000fba8    0000001e     grlib.lib : string.obj (.text:GrFontCodepageGet)
                  0000fbc6    0000001e     driverlib.lib : pwm.obj (.text:PWMPulseWidthSet)
                  0000fbe4    0000001e     drivers_tivaware.aem4f : PWMTiva.oem4f (.text:PWMTiva_getPeriodMicroSecs)
                  0000fc02    0000001e     grlib.lib : widget.obj (.text:WidgetAdd)
                  0000fc20    0000001e     sysbios.aem4f : m3_Hwi_asm_switch.obj (.text:ti_sysbios_family_xxx_Hwi_switchAndRunFunc)
                  0000fc3e    0000001e     Clock.obj (.text:updatetime)
                  0000fc5c    0000001c     driverlib.lib : uart.obj (.text:UARTDisable)
                  0000fc78    0000001c     grlib.lib : widget.obj (.text:WidgetPointerMessage)
                  0000fc94    0000001c     drivers_tivaware.aem4f : GPIOTiva.oem4f (.text:getGpioIntIndex)
                  0000fcb0    0000001c     GraphData.obj (.text:initGraphBuffers)
                  0000fccc    0000001c     rtsv7M4_T_le_v4SPD16_eabi.lib : memccpy.c.obj (.text:memccpy)
                  0000fce8    0000001c     empty_pem4f.oem4f (.text:ti_sysbios_family_arm_m3_Hwi_Object__destruct__S)
                  0000fd04    00000004     --HOLE-- [fill = 0]
                  0000fd08    0000001c     sysbios.aem4f : BIOS.obj (.text:ti_sysbios_gates_GateMutexPri_Instance_init__E)
                  0000fd24    00000004     --HOLE-- [fill = 0]
                  0000fd28    0000001c                   : BIOS.obj (.text:ti_sysbios_gates_GateMutex_Instance_init__E)
                  0000fd44    0000001c     empty_pem4f.oem4f (.text:ti_sysbios_hal_Timer_TimerProxy_create)
                  0000fd60    0000001c     empty_pem4f.oem4f (.text:ti_sysbios_knl_Queue_Object__destruct__S)
                  0000fd7c    00000004     --HOLE-- [fill = 0]
                  0000fd80    0000001c     sysbios.aem4f : BIOS.obj (.text:ti_sysbios_knl_Queue_put__E)
                  0000fd9c    00000004     --HOLE-- [fill = 0]
                  0000fda0    0000001c                   : BIOS.obj (.text:ti_sysbios_knl_Task_enter__I)
                  0000fdbc    0000001c     ti.targets.arm.rtsarm.aem4f : Error.oem4f (.text:xdc_runtime_Error_raiseX__E)
                  0000fdd8    0000001c                                 : Memory.oem4f (.text:xdc_runtime_Memory_valloc__E)
                  0000fdf4    0000001c                                 : SysMin.oem4f (.text:xdc_runtime_SysMin_exit__E)
                  0000fe10    0000001c                                 : System.oem4f (.text:xdc_runtime_System_abort__E)
                  0000fe2c    0000001a     rtsv7M4_T_le_v4SPD16_eabi.lib : s_copysign.c.obj (.text:copysign)
                  0000fe46    0000001a     empty_pem4f.oem4f (.text:ti_sysbios_family_arm_m3_Hwi_Handle__label__S)
                  0000fe60    0000001a     empty_pem4f.oem4f (.text:ti_sysbios_gates_GateHwi_Handle__label__S)
                  0000fe7a    0000001a     empty_pem4f.oem4f (.text:ti_sysbios_gates_GateMutexPri_Handle__label__S)
                  0000fe94    0000001a     empty_pem4f.oem4f (.text:ti_sysbios_gates_GateMutex_Handle__label__S)
                  0000feae    0000001a     empty_pem4f.oem4f (.text:ti_sysbios_heaps_HeapMem_Handle__label__S)
                  0000fec8    0000001a     empty_pem4f.oem4f (.text:ti_sysbios_knl_Swi_Handle__label__S)
                  0000fee2    0000001a     empty_pem4f.oem4f (.text:ti_sysbios_knl_Task_Handle__label__S)
                  0000fefc    0000001a     empty_pem4f.oem4f (.text:xdc_runtime_System_aprintf__E)
                  0000ff16    0000001a     empty_pem4f.oem4f (.text:xdc_runtime_System_printf__E)
                  0000ff30    00000018     Estop.obj (.text:EstopPower)
                  0000ff48    00000018     driverlib.lib : gpio.obj (.text:GPIOPinTypeGPIOOutput)
                  0000ff60    00000018                   : timer.obj (.text:TimerControlLevel)
                  0000ff78    00000018     drivers_tivaware.aem4f : UART.oem4f (.text:UART_Params_init)
                  0000ff90    00000018     rtsv7M4_T_le_v4SPD16_eabi.lib : args_main.c.obj (.text:_args_main)
                  0000ffa8    00000018                                   : sprintf.c.obj (.text:_outs)
                  0000ffc0    00000018     empty_pem4f.oem4f (.text:ti_sysbios_BIOS_rtsUnlock__I)
                  0000ffd8    00000018     empty_pem4f.oem4f (.text:ti_sysbios_family_arm_lm4_Timer_Module__startupDone__F)
                  0000fff0    00000018     empty_pem4f.oem4f (.text:ti_sysbios_family_arm_m3_Hwi_Module__startupDone__F)
                  00010008    00000018     sysbios.aem4f : m3_TaskSupport_asm.obj (.text:ti_sysbios_family_arm_m3_TaskSupport_swap__E)
                  00010020    00000018                   : BIOS.obj (.text:ti_sysbios_gates_GateMutex_leave__E)
                  00010038    00000018     empty_pem4f.oem4f (.text:ti_sysbios_knl_Clock_Module__startupDone__F)
                  00010050    00000018     sysbios.aem4f : BIOS.obj (.text:ti_sysbios_knl_Task_sleepTimeout__I)
                  00010068    00000018     ti.targets.arm.rtsarm.aem4f : Error.oem4f (.text:xdc_runtime_Error_check__E)
                  00010080    00000018                                 : System.oem4f (.text:xdc_runtime_System_exit__E)
                  00010098    00000018                                 : Text.oem4f (.text:xdc_runtime_Text_ropeText__E)
                  000100b0    00000016     grlib.lib : string.obj (.text:GrStringDraw)
                  000100c6    00000016     driverlib.lib : i2c.obj (.text:I2CMasterErr)
                  000100dc    00000016     rtsv7M4_T_le_v4SPD16_eabi.lib : strchr.c.obj (.text:strchr)
                  000100f2    00000016     empty_pem4f.oem4f (.text:ti_sysbios_BIOS_exitFunc__I)
                  00010108    00000016     Motor.obj (.text:ti_sysbios_gates_GateHwi_Params_init)
                  0001011e    00000016     GlobalDraw.obj (.text:ti_sysbios_gates_GateMutexPri_Params_init)
                  00010134    00000016     Clock.obj (.text:ti_sysbios_hal_Timer_Params_init)
                  0001014a    00000016     Motor.obj (.text:ti_sysbios_knl_Clock_Params_init)
                  00010160    00000016     Motor.obj (.text:ti_sysbios_knl_Swi_Params_init)
                  00010176    00000016     empty.obj (.text:ti_sysbios_knl_Swi_Params_init)
                  0001018c    00000016     empty.obj (.text:ti_sysbios_knl_Task_Params_init)
                  000101a2    00000014     grlib.lib : canvas.obj (.text:CanvasMsgProc)
                  000101b6    00000002     --HOLE-- [fill = 0]
                  000101b8    00000014     Kentec320x240x16_ssd2119_spi.obj (.text:LED_OFF)
                  000101cc    00000014     Kentec320x240x16_ssd2119_spi.obj (.text:LED_ON)
                  000101e0    00000014     driverlib.lib : pwm.obj (.text:PWMClockSet)
                  000101f4    00000014                   : sysctl.obj (.text:SysCtlPWMClockSet)
                  00010208    00000014                   : timer.obj (.text:TimerDisable)
                  0001021c    00000014     touch.obj (.text:TouchScreenCallbackSet)
                  00010230    00000014     driverlib.lib : uart.obj (.text:UARTEnable)
                  00010244    00000014     grlib.lib : widget.obj (.text:WidgetMutexGet)
                  00010258    00000014     rtsv7M4_T_le_v4SPD16_eabi.lib : strlen.c.obj (.text:strlen)
                  0001026c    00000014     empty_pem4f.oem4f (.text:ti_sysbios_family_arm_m3_Hwi_Object__get__S)
                  00010280    00000014     sysbios.aem4f : BIOS.obj (.text:ti_sysbios_family_arm_m3_Hwi_switchFromBootStack__E)
                  00010294    00000014     empty_pem4f.oem4f (.text:ti_sysbios_heaps_HeapMem_Object__get__S)
                  000102a8    00000014     sysbios.aem4f : BIOS.obj (.text:ti_sysbios_knl_Event_Instance_init__E)
                  000102bc    00000014     empty_pem4f.oem4f (.text:ti_sysbios_knl_Swi_Object__get__S)
                  000102d0    00000012     driverlib.lib : gpio.obj (.text:GPIOPinTypeEthernetLED)
                  000102e2    00000012                   : gpio.obj (.text:GPIOPinTypeGPIOInput)
                  000102f4    00000012                   : gpio.obj (.text:GPIOPinTypeI2C)
                  00010306    00000012                   : gpio.obj (.text:GPIOPinTypeI2CSCL)
                  00010318    00000012                   : gpio.obj (.text:GPIOPinTypePWM)
                  0001032a    00000012                   : gpio.obj (.text:GPIOPinTypeSSI)
                  0001033c    00000012                   : gpio.obj (.text:GPIOPinTypeTimer)
                  0001034e    00000012                   : gpio.obj (.text:GPIOPinTypeUART)
                  00010360    00000012                   : gpio.obj (.text:GPIOPinTypeUSBAnalog)
                  00010372    00000012                   : gpio.obj (.text:GPIOPinTypeUSBDigital)
                  00010384    00000012                   : pwm.obj (.text:PWMGenPeriodGet)
                  00010396    00000012                   : pwm.obj (.text:PWMOutputInvert)
                  000103a8    00000012                   : pwm.obj (.text:PWMOutputState)
                  000103ba    00000012     drivers_tivaware.aem4f : RingBuf.oem4f (.text:RingBuf_construct)
                  000103cc    00000012     driverlib.lib : ssi.obj (.text:SSIDataGetNonBlocking)
                  000103de    00000012                   : timer.obj (.text:TimerLoadSet)
                  000103f0    00000012                   : timer.obj (.text:TimerMatchSet)
                  00010402    00000012                   : timer.obj (.text:TimerPrescaleMatchSet)
                  00010414    00000012                   : timer.obj (.text:TimerPrescaleSet)
                  00010426    00000002     --HOLE-- [fill = 0]
                  00010428    00000012     sysbios.aem4f : BIOS.obj (.text:ti_sysbios_hal_Hwi_Module_startup__E)
                  0001043a    00000006     grlib.lib : string.obj (.text:GrContextFontSet)
                  00010440    00000012     sysbios.aem4f : BIOS.obj (.text:ti_sysbios_hal_Timer_Module_startup__E)
                  00010452    00000012     rtsv7M4_T_le_v4SPD16_eabi.lib : wcslen.c.obj (.text:wcslen)
                  00010464    00000012     empty_pem4f.oem4f (.text:xdc_runtime_Startup_exec__I)
                  00010476    00000002     --HOLE-- [fill = 0]
                  00010478    00000010     empty_pem4f.oem4f (.text:.bootCodeSection:ti_catalog_arm_cortexm4_tiva_ce_Boot_init__I)
                  00010488    00000010     driverlib.lib : adc.obj (.text:ADCIntEnable)
                  00010498    00000010     GlobalDraw.obj (.text:ChangeAccelDown)
                  000104a8    00000010     GlobalDraw.obj (.text:ChangeAccelUp)
                  000104b8    00000010     driverlib.lib : fpu.obj (.text:FPUEnable)
                  000104c8    00000010                   : fpu.obj (.text:FPULazyStackingEnable)
                  000104d8    00000010     drivers_tivaware.aem4f : I2C.oem4f (.text:I2C_Params_init)
                  000104e8    00000010     driverlib.lib : pwm.obj (.text:PWMGenPeriodSet)
                  000104f8    00000010     drivers_tivaware.aem4f : PWM.oem4f (.text:PWM_Params_init)
                  00010508    00000010                            : UARTTiva.oem4f (.text:readBlockingTimeout)
                  00010518    00000010     sysbios.aem4f : BIOS.obj (.text:ti_sysbios_BIOS_getCpuFreq__E)
                  00010528    00000010                   : BIOS.obj (.text:ti_sysbios_BIOS_setThreadType__E)
                  00010538    00000010                   : BIOS.obj (.text:ti_sysbios_BIOS_start__E)
                  00010548    00000010                   : BIOS.obj (.text:ti_sysbios_family_arm_lm4_TimestampProvider_rolloverFunc__E)
                  00010558    00000010                   : m3_TaskSupport_asm.obj (.text:ti_sysbios_family_arm_m3_TaskSupport_glue)
                  00010568    00000010                   : BIOS.obj (.text:ti_sysbios_gates_GateMutexPri_Instance_finalize__E)
                  00010578    00000010                   : BIOS.obj (.text:ti_sysbios_gates_GateMutex_Instance_finalize__E)
                  00010588    00000010     empty_pem4f.oem4f (.text:ti_sysbios_hal_Timer_TimerProxy_Object__create__S)
                  00010598    00000010     empty_pem4f.oem4f (.text:ti_sysbios_knl_Mailbox_Object__get__S)
                  000105a8    00000010     sysbios.aem4f : BIOS.obj (.text:ti_sysbios_knl_Semaphore_Instance_finalize__E)
                  000105b8    00000010                   : BIOS.obj (.text:ti_sysbios_knl_Swi_disable__E)
                  000105c8    00000010     empty_pem4f.oem4f (.text:ti_sysbios_knl_Task_Object__get__S)
                  000105d8    00000010     sysbios.aem4f : BIOS.obj (.text:ti_sysbios_knl_Task_disable__E)
                  000105e8    00000010     driverlib.lib : udma.obj (.text:uDMAEnable)
                  000105f8    00000010     ti.targets.arm.rtsarm.aem4f : Gate.oem4f (.text:xdc_runtime_Gate_leaveSystem__E)
                  00010608    00000010                                 : Memory.oem4f (.text:xdc_runtime_Memory_free__E)
                  00010618    00000010                                 : SysMin.oem4f (.text:xdc_runtime_SysMin_ready__E)
                  00010628    00000010                                 : System.oem4f (.text:xdc_runtime_System_vsnprintf__E)
                  00010638    00000010     empty_pem4f.oem4f (.text:xdc_runtime_Text_visitRope__I)
                  00010648    0000000e     driverlib.lib : adc.obj (.text:ADCSequenceEnable)
                  00010656    0000000e                   : gpio.obj (.text:GPIOIntStatus)
                  00010664    0000000e     grlib.lib : image.obj (.text:GrImageDraw)
                  00010672    0000000e     driverlib.lib : timer.obj (.text:TimerEnable)
                  00010680    0000000e                   : uart.obj (.text:UARTCharGetNonBlocking)
                  0001068e    0000000e                   : uart.obj (.text:UARTCharPutNonBlocking)
                  0001069c    0000000e     rtsv7M4_T_le_v4SPD16_eabi.lib : copy_decompress_none.c.obj (.text:decompress:none:__TI_decompress_none)
                  000106aa    00000006     driverlib.lib : i2c.obj (.text:I2CMasterIntDisable)
                  000106b0    0000000e     sysbios.aem4f : BIOS.obj (.text:ti_sysbios_knl_Idle_loop__E)
                  000106be    00000002     --HOLE-- [fill = 0]
                  000106c0    0000000e                   : BIOS.obj (.text:ti_sysbios_knl_Queue_empty__E)
                  000106ce    0000000c     driverlib.lib : gpio.obj (.text:GPIOIntEnable)
                  000106da    0000000c                   : pwm.obj (.text:PWMGenDisable)
                  000106e6    0000000c                   : pwm.obj (.text:PWMGenEnable)
                  000106f2    0000000c     drivers_tivaware.aem4f : RingBuf.oem4f (.text:RingBuf_peek)
                  000106fe    0000000c     empty.obj (.text:TouchCheckTask)
                  0001070a    0000000c     driverlib.lib : uart.obj (.text:UARTFlowControlSet)
                  00010716    0000000c     drivers_tivaware.aem4f : UARTTiva.oem4f (.text:UARTTiva_init)
                  00010722    00000002     --HOLE-- [fill = 0]
                  00010724    0000000c     rtsv7M4_T_le_v4SPD16_eabi.lib : _lock.c.obj (.text:_register_lock)
                  00010730    0000000c                                   : _lock.c.obj (.text:_register_unlock)
                  0001073c    0000000c     GlobalDraw.obj (.text:btntest)
                  00010748    0000000c     rtsv7M4_T_le_v4SPD16_eabi.lib : copy_zero_init.c.obj (.text:decompress:ZI:__TI_zero_init)
                  00010754    00000004     --HOLE-- [fill = 0]
                  00010758    0000000c     sysbios.aem4f : BIOS.obj (.text:ti_sysbios_family_arm_lm4_Timer_getAvailMask__E)
                  00010764    00000004     --HOLE-- [fill = 0]
                  00010768    0000000c                   : BIOS.obj (.text:ti_sysbios_family_arm_lm4_Timer_getMaxTicks__E)
                  00010774    00000004     --HOLE-- [fill = 0]
                  00010778    0000000c                   : BIOS.obj (.text:ti_sysbios_family_arm_lm4_TimestampProvider_startTimer__E)
                  00010784    0000000c     empty_pem4f.oem4f (.text:ti_sysbios_family_arm_m3_Hwi_Params__init__S)
                  00010790    0000000c     sysbios.aem4f : BIOS.obj (.text:ti_sysbios_family_arm_m3_Hwi_disableFxn__E)
                  0001079c    00000004     --HOLE-- [fill = 0]
                  000107a0    0000000c                   : BIOS.obj (.text:ti_sysbios_family_arm_m3_TaskSupport_checkStack__E)
                  000107ac    00000004     --HOLE-- [fill = 0]
                  000107b0    0000000c                   : BIOS.obj (.text:ti_sysbios_family_arm_m3_TaskSupport_getStackAlignment__E)
                  000107bc    0000000c     empty_pem4f.oem4f (.text:ti_sysbios_gates_GateHwi_Params__init__S)
                  000107c8    0000000c     sysbios.aem4f : BIOS.obj (.text:ti_sysbios_gates_GateHwi_enter__E)
                  000107d4    0000000c     empty_pem4f.oem4f (.text:ti_sysbios_gates_GateMutexPri_Params__init__S)
                  000107e0    0000000c     sysbios.aem4f : BIOS.obj (.text:ti_sysbios_hal_SecondsClock_set__E)
                  000107ec    0000000c     empty_pem4f.oem4f (.text:ti_sysbios_hal_Timer_Params__init__S)
                  000107f8    0000000c     empty_pem4f.oem4f (.text:ti_sysbios_knl_Clock_Params__init__S)
                  00010804    00000004     --HOLE-- [fill = 0]
                  00010808    0000000c     sysbios.aem4f : BIOS.obj (.text:ti_sysbios_knl_Clock_getTicks__E)
                  00010814    0000000c     Estop.obj (.text:ti_sysbios_knl_Event_handle)
                  00010820    0000000c     empty_pem4f.oem4f (.text:ti_sysbios_knl_Queue_Object__get__S)
                  0001082c    0000000c     empty_pem4f.oem4f (.text:ti_sysbios_knl_Semaphore_Params__init__S)
                  00010838    0000000c     empty_pem4f.oem4f (.text:ti_sysbios_knl_Swi_Params__init__S)
                  00010844    0000000c     empty_pem4f.oem4f (.text:ti_sysbios_knl_Task_Params__init__S)
                  00010850    0000000c     driverlib.lib : udma.obj (.text:uDMAControlBaseSet)
                  0001085c    0000000c     ti.targets.arm.rtsarm.aem4f : Error.oem4f (.text:xdc_runtime_Error_init__E)
                  00010868    0000000c                                 : Gate.oem4f (.text:xdc_runtime_Gate_enterSystem__E)
                  00010874    0000000c                                 : Memory.oem4f (.text:xdc_runtime_Memory_calloc__E)
                  00010880    0000000c                                 : Memory.oem4f (.text:xdc_runtime_Memory_getMaxDefaultTypeAlign__E)
                  0001088c    0000000a     driverlib.lib : i2c.obj (.text:I2CMasterDisable)
                  00010896    0000000a                   : i2c.obj (.text:I2CMasterEnable)
                  000108a0    0000000a     drivers_tivaware.aem4f : I2CTiva.oem4f (.text:I2CTiva_init)
                  000108aa    0000000a                            : I2C.oem4f (.text:I2C_transfer)
                  000108b4    0000000a     Kentec320x240x16_ssd2119_spi.obj (.text:Kentec320x240x16_SSD2119Flush)
                  000108be    0000000a     drivers_tivaware.aem4f : PWMTimerTiva.oem4f (.text:PWMTimerTiva_getPeriodCounts)
                  000108c8    0000000a                            : PWM.oem4f (.text:PWM_setDuty)
                  000108d2    0000000a     driverlib.lib : ssi.obj (.text:SSIDataPut)
                  000108dc    0000000a                   : ssi.obj (.text:SSIEnable)
                  000108e6    0000000a                   : uart.obj (.text:UARTCharGet)
                  000108f0    0000000a                   : uart.obj (.text:UARTCharPut)
                  000108fa    0000000a                   : uart.obj (.text:UARTIntDisable)
                  00010904    0000000a                   : uart.obj (.text:UARTIntStatus)
                  0001090e    0000000a     rtsv7M4_T_le_v4SPD16_eabi.lib : sprintf.c.obj (.text:_outc)
                  00010918    0000000a     sysbios.aem4f : BIOS.obj (.text:ti_sysbios_hal_Timer_Instance_finalize__E)
                  00010922    0000000a     empty_pem4f.oem4f (.text:xdc_runtime_IHeap_alloc)
                  0001092c    0000000a     empty_pem4f.oem4f (.text:xdc_runtime_IHeap_free)
                  00010936    00000008     EK_TM4C1294XL.obj (.text:EK_TM4C1294XL_initGPIO)
                  0001093e    00000008     grlib.lib : charmap.obj (.text:GrMapISO8859_1_Unicode)
                  00010946    00000008     driverlib.lib : i2c.obj (.text:I2CMasterIntClear)
                  0001094e    00000008                   : i2c.obj (.text:I2CMasterSlaveAddrSet)
                  00010956    00000008     drivers_tivaware.aem4f : I2CTiva.oem4f (.text:I2CTiva_blockingCallback)
                  0001095e    00000008                            : PWMTimerTiva.oem4f (.text:PWMTimerTiva_init)
                  00010966    00000008     driverlib.lib : ssi.obj (.text:SSIBusy)
                  0001096e    00000008                   : uart.obj (.text:UARTIntEnable)
                  00010976    00000008                   : uart.obj (.text:UARTRxErrorGet)
                  0001097e    00000002     --HOLE-- [fill = 0]
                  00010980    00000008     rtsv7M4_T_le_v4SPD16_eabi.lib : errno.c.obj (.text:__aeabi_errno_addr)
                  00010988    00000008     drivers_tivaware.aem4f : UARTTiva.oem4f (.text:readSemCallback)
                  00010990    00000008     sysbios.aem4f : BIOS.obj (.text:ti_sysbios_family_arm_lm4_Timer_masterDisable__I)
                  00010998    00000008                   : BIOS.obj (.text:ti_sysbios_family_arm_m3_Hwi_doSwiRestore__I)
                  000109a0    00000008                   : BIOS.obj (.text:ti_sysbios_family_arm_m3_Hwi_startup__E)
                  000109a8    00000008     drivers_tivaware.aem4f : UARTTiva.oem4f (.text:writeSemCallback)
                  000109b0    00000006     driverlib.lib : i2c.obj (.text:I2CMasterIntEnable)
                  000109b6    00000006     drivers_tivaware.aem4f : I2CTiva.oem4f (.text:I2CTiva_control)
                  000109bc    00000006                            : PWMTimerTiva.oem4f (.text:PWMTimerTiva_getPeriodMicroSecs)
                  000109c2    00000006     driverlib.lib : sysctl.obj (.text:SysCtlDelay)
                  000109c8    00000006                   : uart.obj (.text:UARTFIFOLevelSet)
                  000109ce    00000006                   : uart.obj (.text:UARTRxErrorClear)
                  000109d4    00000006     grlib.lib : widget.obj (.text:WidgetMutexPut)
                  000109da    00000006     ti.targets.arm.rtsarm.aem4f : System.oem4f (.text:xdc_runtime_System_Module_startup__E)
                  000109e0    00000006     sysbios.aem4f : BIOS.obj (.text:ti_sysbios_family_arm_lm4_TimestampProvider_Module_startup__E)
                  000109e6    00000002     --HOLE-- [fill = 0]
                  000109e8    00000006                   : BIOS.obj (.text:ti_sysbios_family_arm_m3_Hwi_doTaskRestore__I)
                  000109ee    00000002     --HOLE-- [fill = 0]
                  000109f0    00000006                   : BIOS.obj (.text:ti_sysbios_family_arm_m3_Hwi_restoreFxn__E)
                  000109f6    00000002     --HOLE-- [fill = 0]
                  000109f8    00000006                   : BIOS.obj (.text:ti_sysbios_gates_GateHwi_leave__E)
                  000109fe    00000002     --HOLE-- [fill = 0]
                  00010a00    00000006                   : BIOS.obj (.text:ti_sysbios_heaps_HeapMem_isBlocking__E)
                  00010a06    00000002     --HOLE-- [fill = 0]
                  00010a08    00000006                   : BIOS.obj (.text:ti_sysbios_knl_Clock_stop__E)
                  00010a0e    00000002     --HOLE-- [fill = 0]
                  00010a10    00000006                   : BIOS.obj (.text:ti_sysbios_knl_Queue_Instance_init__E)
                  00010a16    00000002     --HOLE-- [fill = 0]
                  00010a18    00000006                   : BIOS.obj (.text:ti_sysbios_knl_Swi_startup__E)
                  00010a1e    00000002     --HOLE-- [fill = 0]
                  00010a20    00000004                   : BIOS.obj (.text:ti_sysbios_family_arm_lm4_Timer_getPeriod__E)
                  00010a24    00000004     --HOLE-- [fill = 0]
                  00010a28    00000004                   : BIOS.obj (.text:ti_sysbios_gates_GateHwi_query__E)
                  00010a2c    00000004     --HOLE-- [fill = 0]
                  00010a30    00000004                   : BIOS.obj (.text:ti_sysbios_gates_GateMutexPri_query__E)
                  00010a34    00000004     --HOLE-- [fill = 0]
                  00010a38    00000004                   : BIOS.obj (.text:ti_sysbios_gates_GateMutex_query__E)
                  00010a3c    00000004     --HOLE-- [fill = 0]
                  00010a40    00000004                   : BIOS.obj (.text:ti_sysbios_knl_Task_startup__E)
                  00010a44    00000004     --HOLE-- [fill = 0]
                  00010a48    00000002                   : BIOS.obj (.text:ti_sysbios_gates_GateHwi_Instance_init__E)
                  00010a4a    00000006     --HOLE-- [fill = 0]
                  00010a50    00000002                   : BIOS.obj (.text:ti_sysbios_knl_Clock_logTick__E)

.const     0    00010a58    000082b8     
                  00010a58    00001950     empty_pem4f.oem4f (.const:xdc_runtime_Text_charTab__A)
                  000123a8    00001000     rtsv7M4_T_le_v4SPD16_eabi.lib : s_exp2.c.obj (.const:tbl)
                  000133a8    0000095e     grlib.lib : fontcm20.obj (.const:.string:g_pui8Cm20Data)
                  00013d06    000008c1               : fontcmss20.obj (.const:.string:g_pui8Cmss20Data)
                  000145c7    00000782               : fontcmss18b.obj (.const:.string:g_pui8Cmss18bData)
                  00014d49    00000759               : fontcm16.obj (.const:.string:g_pui8Cm16Data)
                  000154a2    000005c7               : fontcmss12b.obj (.const:.string:g_pui8Cmss12bData)
                  00015a69    00000514               : fontcmss12.obj (.const:.string:g_pui8Cmss12Data)
                  00015f7d    0000024d     GUIImg.obj (.const:.string:g_pui8Logo)
                  000161ca    0000020d     GUIImg.obj (.const:.string:g_pui8btn140x40)
                  000163d7    0000020d     GUIImg.obj (.const:.string:g_pui8btn150x40Press)
                  000165e4    0000017b     Images.obj (.const:.string:g_pui8CompS)
                  0001675f    0000017b     Images.obj (.const:.string:g_pui8CompW)
                  000168da    0000017b     Images.obj (.const:.string:g_pui8accSlow)
                  00016a55    0000017b     Images.obj (.const:.string:g_pui8accfast)
                  00016bd0    0000017b     Images.obj (.const:.string:g_pui8accmid)
                  00016d4b    00000178     Images.obj (.const:.string:g_pui8CompE)
                  00016ec3    00000178     Images.obj (.const:.string:g_pui8CompN)
                  0001703b    00000163     Images.obj (.const:.string:g_pui8Stop)
                  0001719e    00000160     Images.obj (.const:.string:g_pui8Go)
                  000172fe    0000015d     Images.obj (.const:.string:g_pui8idle)
                  0001745b    00000124     Images.obj (.const:.string:g_pui8Night)
                  0001757f    00000001     empty_pem4f.oem4f (.const:xdc_runtime_Error_policy__C)
                  00017580    00000120     Boot.aem4f : Boot_sysctl.oem4f (.const:g_pppui32XTALtoVCO)
                  000176a0    00000107     GUIImg.obj (.const:.string:g_pui8arrowRight)
                  000177a7    00000101     rtsv7M4_T_le_v4SPD16_eabi.lib : ctype.c.obj (.const:.string:_ctypes_)
                  000178a8    000000f8     Images.obj (.const:.string:g_pui8Day)
                  000179a0    000000dc     empty_pem4f.oem4f (.const:xdc_runtime_Text_nodeTab__A)
                  00017a7c    000000c8     grlib.lib : fontcm16.obj (.const:g_sFontCm16)
                  00017b44    000000c8               : fontcm20.obj (.const:g_sFontCm20)
                  00017c0c    000000c8               : fontcmss12.obj (.const:g_sFontCmss12)
                  00017cd4    000000c8               : fontcmss12b.obj (.const:g_sFontCmss12b)
                  00017d9c    000000c8               : fontcmss18b.obj (.const:g_sFontCmss18b)
                  00017e64    000000c8               : fontcmss20.obj (.const:g_sFontCmss20)
                  00017f2c    000000a5     GUIImg.obj (.const:.string:g_pui8arrowLeft)
                  00017fd1    00000001     --HOLE-- [fill = 0]
                  00017fd2    00000002     empty_pem4f.oem4f (.const:ti_catalog_arm_cortexm4_tiva_ce_Boot_Module__id__C)
                  00017fd4    00000090     driverlib.lib : gpio.obj (.const:g_pui32GPIOBaseAddrs)
                  00018064    0000008a     GlobalDraw.obj (.const:.string)
                  000180ee    00000076     GUIImg.obj (.const:.string:g_pui8backBtn)
                  00018164    00000070     driverlib.lib : interrupt.obj (.const)
                  000181d4    0000006c     Boot.aem4f : Boot_sysctl.oem4f (.const:g_pui32Xtals)
                  00018240    00000060     MotorLib.lib : motorlib.obj (.const:PWM_config)
                  000182a0    00000054     drivers_tivaware.aem4f : GPIOTiva.oem4f (.const:.string)
                  000182f4    00000054     MotorLib.lib : motorlib.obj (.const:motorLibPWMTivaHWAttrs)
                  00018348    0000004c     drivers_tivaware.aem4f : UARTTiva.oem4f (.const)
                  00018394    00000048     empty_pem4f.oem4f (.const:.string)
                  000183dc    00000048     drivers_tivaware.aem4f : GPIOTiva.oem4f (.const:gpioBaseAddresses)
                  00018424    0000003c     empty_pem4f.oem4f (.const:ti_sysbios_family_arm_lm4_Timer_Object__PARAMS__C)
                  00018460    0000003c     empty_pem4f.oem4f (.const:ti_sysbios_knl_Task_Object__PARAMS__C)
                  0001849c    00000030     EK_TM4C1294XL.obj (.const:I2C_config)
                  000184cc    00000030     Boot.aem4f : Boot_sysctl.oem4f (.const:g_sXTALtoMEMTIM)
                  000184fc    00000030     empty_pem4f.oem4f (.const:ti_sysbios_family_arm_m3_Hwi_Object__PARAMS__C)
                  0001852c    00000030     empty_pem4f.oem4f (.const:ti_sysbios_hal_Timer_Object__PARAMS__C)
                  0001855c    00000030     empty_pem4f.oem4f (.const:xdc_runtime_Startup_sfxnTab__A)
                  0001858c    00000028     drivers_tivaware.aem4f : UARTTiva.oem4f (.const:UARTTiva_fxnTable)
                  000185b4    00000028     Kentec320x240x16_ssd2119_spi.obj (.const:g_sKentec320x240x16_SSD2119)
                  000185dc    00000028     empty_pem4f.oem4f (.const:ti_sysbios_heaps_HeapMem_Module__FXNS__C)
                  00018604    00000028     empty_pem4f.oem4f (.const:ti_sysbios_knl_Swi_Object__PARAMS__C)
                  0001862c    00000024     drivers_tivaware.aem4f : UART.oem4f (.const:UART_defaultParams)
                  00018650    00000024     EK_TM4C1294XL.obj (.const:i2cTivaHWAttrs)
                  00018674    00000024     empty_pem4f.oem4f (.const:ti_sysbios_gates_GateHwi_Module__FXNS__C)
                  00018698    00000024     empty_pem4f.oem4f (.const:ti_sysbios_gates_GateMutexPri_Module__FXNS__C)
                  000186bc    00000024     empty_pem4f.oem4f (.const:ti_sysbios_gates_GateMutex_Module__FXNS__C)
                  000186e0    00000024     empty_pem4f.oem4f (.const:ti_sysbios_heaps_HeapMem_Object__PARAMS__C)
                  00018704    00000024     empty_pem4f.oem4f (.const:ti_sysbios_knl_Clock_Object__PARAMS__C)
                  00018728    00000024     empty_pem4f.oem4f (.const:ti_sysbios_knl_Semaphore_Object__PARAMS__C)
                  0001874c    00000020     drivers_tivaware.aem4f : PWMTimerTiva.oem4f (.const)
                  0001876c    00000020                            : PWMTiva.oem4f (.const)
                  0001878c    00000020     empty_pem4f.oem4f (.const:ti_sysbios_family_arm_lm4_Timer_Object__DESC__C)
                  000187ac    00000020     empty_pem4f.oem4f (.const:ti_sysbios_family_arm_m3_Hwi_Object__DESC__C)
                  000187cc    00000020     empty_pem4f.oem4f (.const:ti_sysbios_gates_GateHwi_Object__DESC__C)
                  000187ec    00000020     empty_pem4f.oem4f (.const:ti_sysbios_gates_GateMutexPri_Object__DESC__C)
                  0001880c    00000020     empty_pem4f.oem4f (.const:ti_sysbios_gates_GateMutex_Object__DESC__C)
                  0001882c    00000020     empty_pem4f.oem4f (.const:ti_sysbios_hal_Timer_Object__DESC__C)
                  0001884c    00000020     empty_pem4f.oem4f (.const:ti_sysbios_heaps_HeapMem_Object__DESC__C)
                  0001886c    00000020     empty_pem4f.oem4f (.const:ti_sysbios_knl_Clock_Object__DESC__C)
                  0001888c    00000020     empty_pem4f.oem4f (.const:ti_sysbios_knl_Event_Object__DESC__C)
                  000188ac    00000020     empty_pem4f.oem4f (.const:ti_sysbios_knl_Queue_Object__DESC__C)
[...]
00018c1c  ti_sysbios_knl_Task_A_noPendElem__C                                  
00018c20  ti_sysbios_knl_Task_A_sleepTaskDisabled__C                           
00018c24  ti_sysbios_knl_Task_E_spOutOfBounds__C                               
00018c28  ti_sysbios_knl_Task_E_stackOverflow__C                               
00018c2c  ti_sysbios_knl_Task_Module_State_inactiveQ__O                        
00018c30  ti_sysbios_knl_Task_Module__diagsEnabled__C                          
00018c34  ti_sysbios_knl_Task_Module__diagsIncluded__C                         
00018c38  ti_sysbios_knl_Task_Module__diagsMask__C                             
00018c3c  ti_sysbios_knl_Task_Object__count__C                                 
00018c40  ti_sysbios_knl_Task_allBlockedFunc__C                                
00018c44  ti_sysbios_knl_Task_defaultStackHeap__C                              
00018c48  ti_sysbios_knl_Task_defaultStackSize__C                              
00018c4c  ti_sysbios_knl_Task_numConstructedTasks__C                           
00018c50  xdc_runtime_Assert_E_assertFailed__C                                 
00018c54  xdc_runtime_Core_A_initializedParams__C                              
00018c58  xdc_runtime_Core_Module__diagsEnabled__C                             
00018c5c  xdc_runtime_Core_Module__diagsIncluded__C                            
00018c60  xdc_runtime_Core_Module__diagsMask__C                                
00018c64  xdc_runtime_Error_E_generic__C                                       
00018c68  xdc_runtime_Error_E_memory__C                                        
00018c6c  xdc_runtime_Error_Module__diagsEnabled__C                            
00018c70  xdc_runtime_Error_Module__diagsIncluded__C                           
00018c74  xdc_runtime_Error_Module__diagsMask__C                               
00018c78  xdc_runtime_Error_Module__loggerFxn8__C                              
00018c7c  xdc_runtime_Error_Module__loggerObj__C                               
00018c80  xdc_runtime_Error_policyFxn__C                                       
00018c84  xdc_runtime_Error_raiseHook__C                                       
00018c88  xdc_runtime_IGateProvider_Interface__BASE__C                         
00018c8c  xdc_runtime_IHeap_Interface__BASE__C                                 
00018c90  xdc_runtime_IModule_Interface__BASE__C                               
00018c94  xdc_runtime_Log_L_error__C                                           
00018c98  xdc_runtime_Memory_defaultHeapInstance__C                            
00018c9c  xdc_runtime_Startup_execImpl__C                                      
00018ca0  xdc_runtime_Startup_lastFxns__A                                      
00018ca4  xdc_runtime_Startup_maxPasses__C                                     
00018ca8  xdc_runtime_Startup_sfxnRts__C                                       
00018cac  xdc_runtime_Startup_sfxnTab__C                                       
00018cb0  xdc_runtime_SysMin_bufSize__C                                        
00018cb4  xdc_runtime_SysMin_outputFunc__C                                     
00018cb8  xdc_runtime_System_Module__gateObj__C                                
00018cbc  xdc_runtime_System_abortFxn__C                                       
00018cc0  xdc_runtime_System_exitFxn__C                                        
00018cc4  xdc_runtime_System_extendFxn__C                                      
00018cc8  xdc_runtime_System_maxAtexitHandlers__C                              
00018ccc  xdc_runtime_Text_charTab__C                                          
00018cd0  xdc_runtime_Text_nameEmpty__C                                        
00018cd4  xdc_runtime_Text_nameStatic__C                                       
00018cd8  xdc_runtime_Text_nameUnknown__C                                      
00018cdc  xdc_runtime_Text_nodeTab__C                                          
00018ce0  xdc_runtime_Text_visitRopeFxn__C                                     
00018ce4  ti_sysbios_family_arm_lm4_Timer_Module__id__C                        
00018ce6  ti_sysbios_family_arm_lm4_Timer_supportsAltclk__C                    
00018ce8  ti_sysbios_family_arm_m3_Hwi_Module__id__C                           
00018cea  ti_sysbios_gates_GateMutexPri_Module__id__C                          
00018cec  ti_sysbios_gates_GateMutex_Module__id__C                             
00018cee  ti_sysbios_hal_Hwi_Module__id__C                                     
00018cf0  ti_sysbios_heaps_HeapMem_Module__id__C                               
00018cf2  ti_sysbios_knl_Clock_Module__id__C                                   
00018cf4  ti_sysbios_knl_Event_Module__id__C                                   
00018cf6  ti_sysbios_knl_Semaphore_Module__id__C                               
00018cf8  ti_sysbios_knl_Swi_Module__id__C                                     
00018cfa  ti_sysbios_knl_Task_Module__id__C                                    
00018cfc  xdc_runtime_Core_Module__id__C                                       
00018cfe  xdc_runtime_Error_Module__loggerDefined__C                           
00018d00  xdc_runtime_Error_maxDepth__C                                        
00018d02  xdc_runtime_Main_Module__id__C                                       
00018d04  xdc_runtime_Memory_Module__id__C                                     
00018d06  xdc_runtime_SysMin_flushAtExit__C                                    
00018d08  xdc_runtime_Text_charCnt__C                                          
00018d0a  xdc_runtime_Text_isLoaded__C                                         
00018d0c  xdc_runtime_Text_registryModsLastId__C                               
00018d0e  xdc_runtime_Text_unnamedModsLastId__C                                
00018d10  __TI_static_base__                                                   
00019134  __TI_Handler_Table_Base                                              
00019140  __TI_Handler_Table_Limit                                             
00019150  __TI_CINIT_Base                                                      
00019168  __TI_CINIT_Limit                                                     
20000000  __start___llvm_prf_cnts                                              
20000000  __stop___llvm_prf_cnts                                               
20000000  ti_sysbios_family_arm_m3_Hwi_ramVectors                              
20000400  ti_sysbios_heaps_HeapMem_Instance_State_0_buf__A                     
20001400  readAccelStack                                                       
20001c00  readLightStack                                                       
20002400  task0Stack                                                           
20002c00  taskTouchStack                                                       
20003400  psDMAControlTable                                                    
20003800  xdc_runtime_SysMin_Module_State_0_outbuf__A                          
20003c00  ti_sysbios_family_arm_m3_Hwi_dispatchTable                           
20003f60  ti_sysbios_knl_Task_Instance_State_0_stack__A                        
20004160  AccelData                                                            
200042f0  LightData                                                            
20004480  i2cTivaObjects                                                       
20004740  __CIOBUF_                                                            
20004860  bmi160_accel_values                                                  
20004950  uartTivaObjects                                                      
20004a1c  EstopEvent                                                           
20004a20  Sensor_Filtered_Buffer                                               
20004b50  readAccelStruct                                                      
20004ba0  readLightStruct                                                      
20004bf0  task0Struct                                                          
20004c40  taskTouchStruct                                                      
20004c90  motorLibPWMObjects                                                   
20004cc8  sContext                                                             
20004cf4  ScreenGate                                                           
20004cf8  opt3001_light_values                                                 
20004d20  clk0Struct                                                           
20004d84  uartTivaRingBuffer                                                   
20004da4  datetime                                                             
20004dbc  gHwiprms                                                             
20004dd4  motorLibPWMTimerObjects                                              
20004dec  evtStruct                                                            
20004e10  i2cParams                                                            
20004e28  AccBox                                                               
20004e30  Banner                                                               
20004e38  BannerB                                                              
20004e40  CurrBox                                                              
20004e48  Distbox                                                              
20004e50  clearBox                                                             
20004e58  graphClear                                                           
20004e60  parmbuf                                                              
20004e68  SwiHandle                                                            
20004e6c  g_pi32ParmSet                                                        
20004e74  g_ui32Panel                                                          
20004e78  gateHwi                                                              
20004e80  i2c                                                                  
20004e84  postedStop                                                           
20004e88  swiAccelSensorFilterHandle                                           
20004e8c  swiLightSensorFilterHandle                                           
20004e90  timerclock                                                           
20004e94  uart                                                                 
20004e98  g_i16TouchX                                                          
20004e9a  g_i16TouchY                                                          
20004ea0  ti_sysbios_family_arm_lm4_Timer_Object__table__V                     
20004f20  ti_sysbios_knl_Swi_Module_State_0_readyQ__A                          
20004fa0  ti_sysbios_knl_Task_Module_State_0_readyQ__A                         
20005020  MotorSpeedSlider                                                     
2000507c  AccDownBtn                                                           
200050cc  AccUpBtn                                                             
2000511c  CurrentDownBtn                                                       
2000516c  CurrentUpBtn                                                         
200051bc  DistDownBtn                                                          
2000520c  DistUpBtn                                                            
2000525c  GraphPgBtn                                                           
200052ac  LightGraphBtn                                                        
200052fc  MotorGraphBtn                                                        
2000534c  MotorMode                                                            
2000539c  MotorPgBtn                                                           
200053ec  PowerGraphBtn                                                        
2000543c  SensorPgBtn                                                          
2000548c  TestGraphBtn                                                         
200054dc  backGraphBtn                                                         
2000552c  backGraphSelectBtn                                                   
2000557c  backMotorBtn                                                         
200055cc  backSensorBtn                                                        
2000561c  ti_sysbios_knl_Task_Object__table__V                                 
20005668  ti_sysbios_family_arm_m3_Hwi_Object__table__V                        
200056b0  ti_sysbios_knl_Task_Module__state__V                                 
200056f4  g_Acceleration                                                       
20005734  g_MotorStat                                                          
20005774  g_sCanvas2                                                           
200057b4  g_sCanvas3                                                           
200057f4  g_scompass                                                           
20005834  ti_sysbios_family_arm_lm4_Timer_Module_State_0_device__A             
20005874  ti_sysbios_hal_SecondsClock_Module__state__V                         
200058b0  ti_sysbios_family_arm_m3_Hwi_Module__state__V                        
200058e4  ti_sysbios_knl_Swi_Object__table__V                                  
20005914  g_sRoot                                                              
20005941  LightGraph                                                           
20005942  AccelGraph                                                           
20005943  OnSensorPage                                                         
20005944  ti_sysbios_knl_Clock_Module__state__V                                
20005970  LightSecond                                                          
20005978  AccelSecond                                                          
20005980  opt3001_filteredValue                                                
20005988  FilteredAccelPos                                                     
20005990  bmi160_filteredValue                                                 
20005998  Hall_changed                                                         
2000599c  desired_speed                                                        
200059a0  estop                                                                
200059a4  pwm_current                                                          
200059a8  error_sum                                                            
200059ac  current_speed                                                        
200059b0  current_speed_estop                                                  
200059b4  previous_speed                                                       
200059b8  previous_speed_estop                                                 
200059bc  ti_sysbios_BIOS_Module__state__V                                     
200059e0  ti_sysbios_family_arm_lm4_Timer_Module_State_0_handles__A            
20005a00  gpioPinConfigs                                                       
20005a1c  ti_sysbios_gates_GateMutex_Object__table__V                          
20005a38  ti_sysbios_knl_Swi_Module__state__V                                  
20005a6c  ti_sysbios_gates_GateMutexPri_Object__table__V                       
20005a84  ti_sysbios_heaps_HeapMem_Object__table__V                            
20005a9c  motorStartStop                                                       
20005a9d  HA                                                                   
20005a9e  HB                                                                   
20005a9f  HC                                                                   
20005aa0  LowLight                                                             
20005aa1  ongraph                                                              
20005aa4  currentDirection                                                     
20005aa8  CurrentMotorStat                                                     
20005aac  CurrentAcceleration                                                  
20005ab0  ti_sysbios_family_arm_lm4_Timer_Module__state__V                     
20005abc  xdc_runtime_SysMin_Module__state__V                                  
20005ac8  _lock                                                                
20005acc  _unlock                                                              
20005ad0  gpioCallbackFunctions                                                
20005ad8  ti_sysbios_family_arm_lm4_Timer_Module__root__V                      
20005ae0  ti_sysbios_family_arm_lm4_TimestampProvider_Module__state__V         
20005ae8  ti_sysbios_family_arm_m3_Hwi_Module__root__V                         
20005af0  ti_sysbios_gates_GateHwi_Module__root__V                             
20005af8  ti_sysbios_gates_GateMutexPri_Module__root__V                        
20005b00  ti_sysbios_gates_GateMutex_Module__root__V                           
20005b08  ti_sysbios_hal_Timer_Module__root__V                                 
20005b10  ti_sysbios_heaps_HeapMem_Module__root__V                             
20005b18  ti_sysbios_knl_Clock_Module__root__V                                 
20005b20  ti_sysbios_knl_Event_Module__root__V                                 
20005b28  ti_sysbios_knl_Queue_Module__root__V                                 
20005b30  ti_sysbios_knl_Semaphore_Module__root__V                             
20005b38  ti_sysbios_knl_Swi_Module__root__V                                   
20005b40  ti_sysbios_knl_Task_Module__root__V                                  
20005b48  xdc_runtime_Registry_Module__state__V                                
20005b50  xdc_runtime_Startup_Module__state__V                                 
20005b58  xdc_runtime_System_Module_State_0_atexitHandlers__A                  
20005b60  xdc_runtime_System_Module__state__V                                  
20005b68  AccelStop                                                            
20005b6a  PowerEstop                                                           
20005b6c  EStop                                                                
20005b6e  ti_sysbios_family_arm_m3_Hwi_Module_State_0_excActive__A             
20005b76  xdc_runtime_Error_Module__state__V                                   
20005b78  MaxAccel                                                             
20005b88  errno                                                                
20005b8c  main_func_sp                                                         
20005b90  ti_sysbios_family_arm_m3_Hwi_Module_State_0_excContext__A            
20005b94  ti_sysbios_family_arm_m3_Hwi_Module_State_0_excStack__A              
20005b98  ti_sysbios_gates_GateHwi_Object__table__V                            
20005b9c  ti_sysbios_knl_Task_Module_State_0_idleTask__A                       
20005ba0  g_i16TouchMin                                                        
20005ba4  xdc_runtime_Memory_Module__state__V                                  
20005ba8  __stack                                                              
20005fa8  __STACK_END                                                          
e000e000  ti_sysbios_family_arm_m3_Hwi_nvic                                    
ffffffff  __TI_pprof_out_hndl                                                  
ffffffff  __TI_prof_data_size                                                  
ffffffff  __TI_prof_data_start                                                 
ffffffff  __binit__                                                            
ffffffff  __c_args__                                                           
ffffffff  binit                                                                
UNDEFED   SHT$$INIT_ARRAY$$Base                                                
UNDEFED   SHT$$INIT_ARRAY$$Limit                                               

[1104 symbols]
