******************************************************************************
                  TI ARM Linker PC v20.2.5                     
******************************************************************************
>> Linked Sat May  7 22:09:35 2022

OUTPUT FILE NAME:   <EGH456MotorProject.out>
ENTRY POINT SYMBOL: "_c_int00"  address: 0000ab8d


MEMORY CONFIGURATION

         name            origin    length      used     unused   attr    fill
----------------------  --------  ---------  --------  --------  ----  --------
  FLASH                 00000000   00100000  00016b5c  000e94a4  R  X
  SRAM                  20000000   00040000  0000315c  0003cea4  RW X


SEGMENT ALLOCATION MAP

run origin  load origin   length   init length attrs members
----------  ----------- ---------- ----------- ----- -------
00000000    00000000    00016b68   00016b68    r-x
  00000000    00000000    0000003c   0000003c    r-- .resetVecs
  00000040    00000040    0000d9f2   0000d9f2    r-x .text
  0000da34    0000da34    00008ab6   00008ab6    r-- .const
  000164f0    000164f0    00000678   00000678    r-- .cinit
20000000    20000000    00000360   00000000    rw-
  20000000    20000000    00000360   00000000    rw- .vecs
20000400    20000400    00002e00   00000000    rw-
  20000400    20000400    000017ec   00000000    rw- .bss
  20001bec    20001bec    00001310   00000000    rw- .data
  20002f00    20002f00    00000300   00000000    rw- .stack


SECTION ALLOCATION MAP

 output                                  attributes/
section   page    origin      length       input sections
--------  ----  ----------  ----------   ----------------
.text      0    00000040    0000d9f2     
                  00000040    00000a4e     rtsv7M4_T_le_v4SPD16_eabi.lib : _printfi.c.obj (.text:__TI_printfi)
                  00000a8e    00000002                                   : _lock.c.obj (.text:_nop)
                  00000a90    00000438     ustdlib.obj (.text:uvsnprintf)
                  00000ec8    00000430     sysbios.aem4f : BIOS.obj (.text:ti_sysbios_family_arm_m3_Hwi_excDumpRegs__I)
                  000012f8    00000374     grlib.lib : image.obj (.text:InternalImageDraw)
                  0000166c    0000034c     ti.targets.arm.rtsarm.aem4f : System.oem4f (.text:xdc_runtime_System_doPrint__I)
                  000019b8    000002f8     grlib.lib : image.obj (.text:PixelTransparentDraw)
                  00001cb0    000002c6               : slider.obj (.text:SliderPaint)
                  00001f76    00000002     rtsv7M4_T_le_v4SPD16_eabi.lib : div0.asm.obj (.text)
                  00001f78    000002b0     Clock.obj (.text:timeConvert)
                  00002228    000002a4     sysbios.aem4f : BIOS.obj (.text:ti_sysbios_knl_Semaphore_pend__E)
                  000024cc    00000278     empty.obj (.text:OnPrimitivePaint)
                  00002744    00000270     rtsv7M4_T_le_v4SPD16_eabi.lib : _printfi.c.obj (.text:_pconv_a)
                  000029b4    00000004     driverlib.lib : i2c.obj (.text:I2CMasterControl)
                  000029b8    0000026c     sysbios.aem4f : BIOS.obj (.text:ti_sysbios_heaps_HeapMem_free__E)
                  00002c24    00000268     touch.obj (.text:TouchScreenDebouncer)
                  00002e8c    00000254     grlib.lib : string.obj (.text:GrFontGlyphRender)
                  000030e0    00000250     sysbios.aem4f : BIOS.obj (.text:ti_sysbios_heaps_HeapMem_alloc__E)
                  00003330    00000234                   : BIOS.obj (.text:ti_sysbios_knl_Task_Instance_finalize__E)
                  00003564    00000228     empty.obj (.text:OnIntroPaint)
                  0000378c    00000004     driverlib.lib : i2c.obj (.text:I2CMasterDataGet)
                  00003790    0000021c     sysbios.aem4f : BIOS.obj (.text:ti_sysbios_family_arm_lm4_Timer_Instance_init__E)
                  000039ac    0000020e     grlib.lib : checkbox.obj (.text:CheckBoxPaint)
                  00003bba    00000002     empty_pem4f.oem4f (.text:ti_sysbios_BIOS_nullFunc__I)
                  00003bbc    0000020c     drivers_tivaware.aem4f : UARTTiva.oem4f (.text:UARTTiva_open)
                  00003dc8    00000208     grlib.lib : circle.obj (.text:GrCircleDraw)
                  00003fd0    00000204     Boot.aem4f : Boot_sysctl.oem4f (.text:ti_catalog_arm_cortexm4_tiva_ce_Boot_sysCtlClockFreqSetI__I)
                  000041d4    00000004     driverlib.lib : i2c.obj (.text:I2CMasterDataPut)
                  000041d8    000001f4     sysbios.aem4f : BIOS.obj (.text:ti_sysbios_family_arm_m3_Hwi_excHandlerMax__I)
                  000043cc    000001e4     Kentec320x240x16_ssd2119_spi.obj (.text:Kentec320x240x16_SSD2119Init)
                  000045b0    000001dc     Kentec320x240x16_ssd2119_spi.obj (.text:Kentec320x240x16_SSD2119PixelDrawMultiple)
                  0000478c    000001d0     rtsv7M4_T_le_v4SPD16_eabi.lib : _printfi.c.obj (.text:_pconv_g)
                  0000495c    00000004     driverlib.lib : uart.obj (.text:UARTIntClear)
                  00004960    000001c8     sysbios.aem4f : BIOS.obj (.text:ti_sysbios_knl_Task_sleep__E)
                  00004b28    000001c0                   : BIOS.obj (.text:ti_sysbios_knl_Task_Instance_init__E)
                  00004ce8    000001b6     grlib.lib : radiobutton.obj (.text:RadioButtonPaint)
                  00004e9e    000001b6     rtsv7M4_T_le_v4SPD16_eabi.lib : fd_add_t2.asm.obj (.text)
                  00005054    000001a4     pinout.obj (.text:PinoutSet)
                  000051f8    00000190     grlib.lib : canvas.obj (.text:CanvasPaint)
                  00005388    0000017e               : pushbutton.obj (.text:RectangularButtonPaint)
                  00005506    00000002     empty_pem4f.oem4f (.text:xdc_runtime_Startup_reset__I)
                  00005508    00000178     touch.obj (.text:TouchScreenIntHandler)
                  00005680    00000178     empty.obj (.text:main)
                  000057f8    00000174     sysbios.aem4f : BIOS.obj (.text:ti_sysbios_family_arm_m3_Hwi_excBusFault__I)
                  0000596c    00000004     grlib.lib : widget.obj (.text:WidgetDefaultMsgProc)
                  00005970    00000164     sysbios.aem4f : BIOS.obj (.text:ti_sysbios_family_arm_m3_Hwi_excUsageFault__I)
                  00005ad4    00000154     grlib.lib : container.obj (.text:ContainerPaint)
                  00005c28    00000150     drivers_tivaware.aem4f : GPIOTiva.oem4f (.text:GPIO_setConfig)
                  00005d78    00000148     sysbios.aem4f : BIOS.obj (.text:ti_sysbios_family_arm_m3_Hwi_excMemFault__I)
                  00005ec0    00000144     grlib.lib : circle.obj (.text:GrCircleFill)
                  00006004    0000013c     rtsv7M4_T_le_v4SPD16_eabi.lib : _printfi.c.obj (.text:_pconv_e)
                  00006140    0000013c     sysbios.aem4f : BIOS.obj (.text:ti_sysbios_heaps_HeapMem_Instance_init__E)
                  0000627c    00000136     rtsv7M4_T_le_v4SPD16_eabi.lib : fd_div_t2.asm.obj (.text)
                  000063b2    00000130     driverlib.lib : gpio.obj (.text:GPIOPadConfigSet)
                  000064e2    00000002     --HOLE-- [fill = 0]
                  000064e4    0000012c     GlobalDraw.obj (.text:BannerInit)
                  00006610    0000012c     empty.obj (.text:heartBeatFxn)
                  0000673c    00000124     rtsv7M4_T_le_v4SPD16_eabi.lib : _printfi.c.obj (.text:fcvt)
                  00006860    00000118     ti.targets.arm.rtsarm.aem4f : Error.oem4f (.text:xdc_runtime_Error_policyDefault__E)
                  00006978    00000110     rtsv7M4_T_le_v4SPD16_eabi.lib : s_scalbn.c.obj (.text:scalbn)
                  00006a88    0000010c     Kentec320x240x16_ssd2119_spi.obj (.text:Kentec320x240x16_SSD2119RectFill)
                  00006b94    0000010c     touch.obj (.text:TouchScreenInit)
                  00006ca0    00000108     sysbios.aem4f : BIOS.obj (.text:ti_sysbios_family_arm_lm4_Timer_start__E)
                  00006da8    00000108                   : BIOS.obj (.text:ti_sysbios_knl_Clock_Instance_init__E)
                  00006eb0    00000106     grlib.lib : line.obj (.text:GrLineDraw)
                  00006fb6    00000002     --HOLE-- [fill = 0]
                  00006fb8    00000100     GlobalDraw.obj (.text:TopBarDraw)
                  000070b8    00000100     ti.targets.arm.rtsarm.aem4f : Core-mem.oem4f (.text:xdc_runtime_Core_createObject__I)
                  000071b8    000000fc     rtsv7M4_T_le_v4SPD16_eabi.lib : fd_mul_t2.asm.obj (.text)
                  000072b4    000000f8     empty.obj (.text:OnNext)
                  000073ac    000000f8     rtsv7M4_T_le_v4SPD16_eabi.lib : s_floor.c.obj (.text:floor)
                  000074a4    000000f8     ti.targets.arm.rtsarm.aem4f : Startup.oem4f (.text:xdc_runtime_Startup_startMods__I)
                  0000759c    000000f8     empty_pem4f.oem4f (.text:xdc_runtime_System_printfExtend__I)
                  00007694    000000f4     empty.obj (.text:OnPrevious)
                  00007788    000000f4     sysbios.aem4f : m3_Hwi_asm.obj (.text:ti_sysbios_family_arm_m3_Hwi_dispatch__I)
                  0000787c    000000f2     grlib.lib : pushbutton.obj (.text:RectangularButtonClick)
                  0000796e    00000002     --HOLE-- [fill = 0]
                  00007970    000000ec     sysbios.aem4f : BIOS.obj (.text:ti_sysbios_knl_Semaphore_post__E)
                  00007a5c    000000e8     grlib.lib : widget.obj (.text:WidgetMessageQueueAdd)
                  00007b44    000000e0     drivers_tivaware.aem4f : I2CTiva.oem4f (.text:I2CTiva_open)
                  00007c24    000000d6                            : I2CTiva.oem4f (.text:I2CTiva_hwiFxn)
                  00007cfa    000000d6     grlib.lib : slider.obj (.text:SliderClick)
                  00007dd0    000000cc     ti.targets.arm.rtsarm.aem4f : Core-smem.oem4f (.text:xdc_runtime_Core_constructObject__I)
                  00007e9c    000000c0     grlib.lib : string.obj (.text:GrDefaultStringRenderer)
                  00007f5c    00000004     rtsv7M4_T_le_v4SPD16_eabi.lib : exit.c.obj (.text:abort:abort)
                  00007f60    000000bc     sysbios.aem4f : BIOS.obj (.text:ti_sysbios_family_arm_m3_Hwi_excDebugMon__I)
                  0000801c    00000004     empty_pem4f.oem4f (.text:ti_sysbios_BIOS_RtsGateProxy_enter__E)
                  00008020    000000bc     sysbios.aem4f : BIOS.obj (.text:ti_sysbios_family_arm_m3_Hwi_excHardFault__I)
                  000080dc    000000b8     EK_TM4C1294XL.obj (.text:EK_TM4C1294XL_initGeneral)
                  00008194    000000b8     grlib.lib : line.obj (.text:GrLineClip)
                  0000824c    000000b8     Kentec320x240x16_ssd2119_spi.obj (.text:InitSPILCDInterface)
                  00008304    000000b4     empty.obj (.text:OnCanvasPaint)
                  000083b8    000000b4     empty.obj (.text:OnRadioChange)
                  0000846c    000000b4     empty.obj (.text:OnSliderChange)
                  00008520    000000b4     grlib.lib : widget.obj (.text:WidgetMessageSendPostOrder)
                  000085d4    00000004     empty_pem4f.oem4f (.text:ti_sysbios_BIOS_RtsGateProxy_leave__E)
                  000085d8    000000b4     sysbios.aem4f : BIOS.obj (.text:ti_sysbios_gates_GateMutex_enter__E)
                  0000868c    00000004                   : BIOS.obj (.text:ti_sysbios_family_arm_lm4_Timer_masterEnable__I)
                  00008690    000000b4                   : BIOS.obj (.text:ti_sysbios_knl_Task_checkStacks__E)
                  00008744    000000b1     rtsv7M4_T_le_v4SPD16_eabi.lib : _printfi.c.obj (.text:_ltostr)
                  000087f5    00000001     --HOLE-- [fill = 0]
                  000087f6    000000b0     grlib.lib : slider.obj (.text:SliderValueToPosition)
                  000088a6    000000ac     drivers_tivaware.aem4f : UARTTiva.oem4f (.text:readTaskBlocking)
                  00008952    00000006     driverlib.lib : gpio.obj (.text:GPIOIntClear)
                  00008958    000000ac     sysbios.aem4f : BIOS.obj (.text:ti_sysbios_family_arm_lm4_Timer_enableTiva__I)
                  00008a04    00000004     empty_pem4f.oem4f (.text:ti_sysbios_family_arm_m3_Hwi_delete)
                  00008a08    000000a4     sysbios.aem4f : BIOS.obj (.text:ti_sysbios_knl_Clock_Instance_finalize__E)
                  00008aac    000000a0     auto_init.aem4f : auto_init.oem4f (.text)
                  00008b4c    000000a0     ti.targets.arm.rtsarm.aem4f : Text.oem4f (.text:xdc_runtime_Text_putMod__E)
                  00008bec    0000009c     rtsv7M4_T_le_v4SPD16_eabi.lib : memcpy_t2.asm.obj (.text)
                  00008c88    0000009c     sysbios.aem4f : BIOS.obj (.text:ti_sysbios_knl_Semaphore_Instance_init__E)
                  00008d24    0000009a     ti.targets.arm.rtsarm.aem4f : Text.oem4f (.text:xdc_runtime_Text_putSite__E)
                  00008dbe    00000098     drivers_tivaware.aem4f : UARTTiva.oem4f (.text:UARTTiva_readPolling)
                  00008e56    00000002     --HOLE-- [fill = 0]
                  00008e58    00000098     Boot.aem4f : Boot.oem4f (.text:ti_catalog_arm_cortexm4_tiva_ce_Boot_sysCtlClockFreqSet__E)
                  00008ef0    00000096     rtsv7M4_T_le_v4SPD16_eabi.lib : ull_div_t2.asm.obj (.text)
                  00008f86    00000094     drivers_tivaware.aem4f : UARTTiva.oem4f (.text:UARTTiva_write)
                  0000901a    00000006     driverlib.lib : gpio.obj (.text:GPIOPinRead)
                  00009020    00000094     sysbios.aem4f : BIOS.obj (.text:ti_sysbios_family_arm_m3_Hwi_Instance_init__E)
                  000090b4    00000004     empty_pem4f.oem4f (.text:ti_sysbios_family_arm_m3_Hwi_destruct)
                  000090b8    00000094     sysbios.aem4f : BIOS.obj (.text:ti_sysbios_family_arm_m3_Hwi_initNVIC__E)
                  0000914c    00000004     empty_pem4f.oem4f (.text:ti_sysbios_family_arm_m3_TaskSupport_Module__startupDone__S)
                  00009150    00000094     sysbios.aem4f : BIOS.obj (.text:ti_sysbios_knl_Task_postInit__I)
                  000091e4    00000090     grlib.lib : radiobutton.obj (.text:RadioButtonClick)
                  00009274    0000008c     drivers_tivaware.aem4f : GPIOTiva.oem4f (.text:GPIO_init)
                  00009300    0000008c                            : UARTTiva.oem4f (.text:UARTTiva_control)
                  0000938c    0000008c     sysbios.aem4f : m3_TaskSupport_asm.obj (.text:ti_sysbios_family_arm_m3_TaskSupport_buildTaskStack)
                  00009418    0000008c                   : BIOS.obj (.text:ti_sysbios_hal_SecondsClock_Module_startup__E)
                  000094a4    0000008a     drivers_tivaware.aem4f : UARTTiva.oem4f (.text:readIsrTextBlocking)
                  0000952e    00000086     grlib.lib : rectangle.obj (.text:GrRectFill)
                  000095b4    00000086     rtsv7M4_T_le_v4SPD16_eabi.lib : fd_cmp_t2.asm.obj (.text:__aeabi_cdcmple)
                  0000963a    00000086                                   : fd_cmp_t2.asm.obj (.text:__aeabi_cdrcmple)
                  000096c0    00000084     sysbios.aem4f : BIOS.obj (.text:ti_sysbios_family_arm_m3_Hwi_postInit__I)
                  00009744    00000082     drivers_tivaware.aem4f : UARTTiva.oem4f (.text:readIsrTextCallback)
                  000097c6    00000080     grlib.lib : rectangle.obj (.text:GrRectIntersectGet)
                  00009846    00000002     --HOLE-- [fill = 0]
                  00009848    00000080     empty.obj (.text:OnCheckChange)
                  000098c8    0000007e     drivers_tivaware.aem4f : I2CTiva.oem4f (.text:I2CTiva_transfer)
                  00009946    00000002     --HOLE-- [fill = 0]
                  00009948    0000007c     sysbios.aem4f : BIOS.obj (.text:ti_sysbios_family_arm_lm4_Timer_disableTiva__I)
                  000099c4    0000007a     driverlib.lib : adc.obj (.text:ADCSequenceStepConfigure)
                  00009a3e    0000007a     drivers_tivaware.aem4f : UARTTiva.oem4f (.text:readTaskCallback)
                  00009ab8    0000007a     rtsv7M4_T_le_v4SPD16_eabi.lib : memset_t2.asm.obj (.text)
                  00009b32    00000006     driverlib.lib : gpio.obj (.text:GPIOPinWrite)
                  00009b38    00000074     sysbios.aem4f : BIOS.obj (.text:ti_sysbios_knl_Clock_start__E)
                  00009bac    00000004     empty_pem4f.oem4f (.text:ti_sysbios_hal_Timer_TimerProxy_delete)
                  00009bb0    00000070     sysbios.aem4f : BIOS.obj (.text:ti_sysbios_knl_Clock_workFunc__E)
                  00009c20    00000070                   : BIOS.obj (.text:ti_sysbios_knl_Task_exit__E)
                  00009c90    0000006e     rtsv7M4_T_le_v4SPD16_eabi.lib : _printfi.c.obj (.text:_mcpy)
                  00009cfe    00000002     --HOLE-- [fill = 0]
                  00009d00    0000006d     ti.targets.arm.rtsarm.aem4f : System.oem4f (.text:xdc_runtime_System_formatNum__I)
                  00009d6d    00000003     --HOLE-- [fill = 0]
                  00009d70    0000006c     empty_pem4f.oem4f (.text:ti_sysbios_family_arm_lm4_Timer_Object__create__S)
                  00009ddc    00000004     empty_pem4f.oem4f (.text:ti_sysbios_heaps_HeapMem_Module_GateProxy_enter__E)
                  00009de0    0000006c     sysbios.aem4f : BIOS.obj (.text:ti_sysbios_knl_Swi_restoreHwi__E)
                  00009e4c    0000006c     drivers_tivaware.aem4f : UARTTiva.oem4f (.text:writeData)
                  00009eb8    0000006c     ti.targets.arm.rtsarm.aem4f : Error.oem4f (.text:xdc_runtime_Error_print__E)
                  00009f24    0000006c                                 : Memory.oem4f (.text:xdc_runtime_Memory_alloc__E)
                  00009f90    00000068     EK_TM4C1294XL.obj (.text:EK_TM4C1294XL_initI2C)
                  00009ff8    00000068     grlib.lib : context.obj (.text:GrContextInit)
                  0000a060    00000068               : string.obj (.text:GrStringWidthGet)
                  0000a0c8    00000068     driverlib.lib : interrupt.obj (.text:IntEnable)
                  0000a130    00000068     Kentec320x240x16_ssd2119_spi.obj (.text:Kentec320x240x16_SSD2119LineDrawH)
                  0000a198    00000068     Kentec320x240x16_ssd2119_spi.obj (.text:Kentec320x240x16_SSD2119LineDrawV)
                  0000a200    00000068     rtsv7M4_T_le_v4SPD16_eabi.lib : copy_decompress_lzss.c.obj (.text:decompress:lzss:__TI_decompress_lzss)
                  0000a268    00000066     grlib.lib : context.obj (.text:GrContextClipRegionSet)
                  0000a2ce    00000066               : rectangle.obj (.text:GrRectDraw)
                  0000a334    00000066     ti.targets.arm.rtsarm.aem4f : Core-mem.oem4f (.text:xdc_runtime_Core_deleteObject__I)
                  0000a39a    00000002     --HOLE-- [fill = 0]
                  0000a39c    00000064     drivers_tivaware.aem4f : GPIOTiva.oem4f (.text:GPIO_hwiIntFxn)
                  0000a400    00000064     grlib.lib : widget.obj (.text:WidgetMessageQueueProcess)
                  0000a464    00000064     rtsv7M4_T_le_v4SPD16_eabi.lib : s_frexp.c.obj (.text:frexp)
                  0000a4c8    00000064     sysbios.aem4f : BIOS.obj (.text:ti_sysbios_family_arm_lm4_Timer_Module_startup__E)
                  0000a52c    00000064     empty_pem4f.oem4f (.text:ti_sysbios_family_arm_m3_Hwi_create)
                  0000a590    00000064     sysbios.aem4f : BIOS.obj (.text:ti_sysbios_family_arm_m3_Hwi_dispatchC__I)
                  0000a5f4    00000064     empty_pem4f.oem4f (.text:ti_sysbios_hal_Timer_create)
                  0000a658    00000064     Clock.obj (.text:timer1sec)
                  0000a6bc    00000062     drivers_tivaware.aem4f : I2CTiva.oem4f (.text:I2CTiva_primeTransfer)
                  0000a71e    00000002     --HOLE-- [fill = 0]
                  0000a720    00000060     driverlib.lib : timer.obj (.text:TimerConfigure)
                  0000a780    00000060     Kentec320x240x16_ssd2119_spi.obj (.text:WriteDataSPI)
                  0000a7e0    00000060     sysbios.aem4f : BIOS.obj (.text:ti_sysbios_knl_Task_schedule__I)
                  0000a840    0000005e     grlib.lib : widget.obj (.text:WidgetMessageSendPreOrder)
                  0000a89e    0000005e     drivers_tivaware.aem4f : UARTTiva.oem4f (.text:readIsrBinaryBlocking)
                  0000a8fc    0000005c     Kentec320x240x16_ssd2119_spi.obj (.text:WriteCommandSPI)
                  0000a958    0000005c     sysbios.aem4f : BIOS.obj (.text:ti_sysbios_knl_Swi_run__I)
                  0000a9b4    00000004     empty_pem4f.oem4f (.text:ti_sysbios_heaps_HeapMem_Module_GateProxy_leave__E)
                  0000a9b8    0000005c     sysbios.aem4f : BIOS.obj (.text:ti_sysbios_knl_Swi_schedule__I)
                  0000aa14    00000004     empty_pem4f.oem4f (.text:ti_sysbios_knl_Clock_TimerProxy_getFreq__E)
                  0000aa18    0000005c     sysbios.aem4f : BIOS.obj (.text:ti_sysbios_knl_Task_Module_startup__E)
                  0000aa74    00000004     empty_pem4f.oem4f (.text:ti_sysbios_knl_Clock_TimerProxy_getMaxTicks__E)
                  0000aa78    0000005c     sysbios.aem4f : BIOS.obj (.text:ti_sysbios_knl_Task_startCore__E)
                  0000aad4    0000005b     ti.targets.arm.rtsarm.aem4f : Text.oem4f (.text:xdc_runtime_Text_putLab__E)
                  0000ab2f    00000001     --HOLE-- [fill = 0]
                  0000ab30    0000005a     grlib.lib : string.obj (.text:FontWideGlyphDataGet)
                  0000ab8a    00000002     --HOLE-- [fill = 0]
                  0000ab8c    00000058     boot.aem4f : boot.oem4f (.text)
                  0000abe4    00000058     rtsv7M4_T_le_v4SPD16_eabi.lib : hostwrite.c.obj (.text:HOSTwrite)
                  0000ac3c    00000058     grlib.lib : slider.obj (.text:SliderPositionToValue)
                  0000ac94    00000058     driverlib.lib : timer.obj (.text:TimerControlTrigger)
                  0000acec    00000004     empty_pem4f.oem4f (.text:ti_sysbios_knl_Clock_TimerProxy_getPeriod__E)
                  0000acf0    00000058     sysbios.aem4f : BIOS.obj (.text:ti_sysbios_family_arm_lm4_Timer_Instance_finalize__E)
                  0000ad48    00000058     empty_pem4f.oem4f (.text:ti_sysbios_family_arm_m3_Hwi_construct)
                  0000ada0    00000058     sysbios.aem4f : m3_Hwi_asm_switch.obj (.text:ti_sysbios_family_arm_m3_Hwi_initStacks__E)
                  0000adf8    00000058     ustdlib.obj (.text:ustrncpy)
                  0000ae50    00000056     driverlib.lib : gpio.obj (.text:GPIOIntTypeSet)
                  0000aea6    00000056     rtsv7M4_T_le_v4SPD16_eabi.lib : _printfi.c.obj (.text:_pconv_f)
                  0000aefc    00000054                                   : _ltoa.c.obj (.text:__TI_ltoa)
                  0000af50    00000054     drivers_tivaware.aem4f : UARTTiva.oem4f (.text:readIsrBinaryCallback)
                  0000afa4    00000004     empty_pem4f.oem4f (.text:ti_sysbios_knl_Clock_destruct)
                  0000afa8    00000054     sysbios.aem4f : BIOS.obj (.text:ti_sysbios_family_arm_lm4_Timer_initDevice__I)
                  0000affc    00000054     empty_pem4f.oem4f (.text:ti_sysbios_knl_Task_construct)
                  0000b050    00000054     ti.targets.arm.rtsarm.aem4f : Assert.oem4f (.text:xdc_runtime_Assert_raise__I)
                  0000b0a4    00000052     rtsv7M4_T_le_v4SPD16_eabi.lib : _printfi.c.obj (.text:_ecpy)
                  0000b0f6    00000050     grlib.lib : checkbox.obj (.text:CheckBoxClick)
                  0000b146    00000002     --HOLE-- [fill = 0]
                  0000b148    00000050     drivers_tivaware.aem4f : GPIOTiva.oem4f (.text:GPIO_setCallback)
                  0000b198    00000050                            : GPIOTiva.oem4f (.text:GPIO_toggle)
                  0000b1e8    00000050                            : GPIOTiva.oem4f (.text:GPIO_write)
                  0000b238    00000050                            : UARTTiva.oem4f (.text:UARTTiva_writeCancel)
                  0000b288    00000050     Boot.aem4f : Boot_sysctl.oem4f (.text:_SysCtlFrequencyGet)
                  0000b2d8    00000050     sysbios.aem4f : BIOS.obj (.text:ti_sysbios_family_arm_m3_Hwi_Module_startup__E)
                  0000b328    00000050     ti.targets.arm.rtsarm.aem4f : Startup.oem4f (.text:xdc_runtime_Startup_exec__E)
                  0000b378    00000050                                 : Text.oem4f (.text:xdc_runtime_Text_visitRope2__I)
                  0000b3c8    0000004c     drivers_tivaware.aem4f : UARTTiva.oem4f (.text:UARTTiva_close)
                  0000b414    0000004c     grlib.lib : widget.obj (.text:WidgetRemove)
                  0000b460    0000004c     rtsv7M4_T_le_v4SPD16_eabi.lib : atoi.c.obj (.text:atoi)
                  0000b4ac    0000004c                                   : cpy_tbl.c.obj (.text:copy_in)
                  0000b4f8    0000004c     sysbios.aem4f : BIOS.obj (.text:ti_sysbios_heaps_HeapMem_getStats__E)
                  0000b544    00000004     empty_pem4f.oem4f (.text:ti_sysbios_knl_Queue_destruct)
                  0000b548    0000004c     sysbios.aem4f : BIOS.obj (.text:ti_sysbios_knl_Swi_runLoop__I)
                  0000b594    00000004     empty_pem4f.oem4f (.text:ti_sysbios_knl_Semaphore_destruct)
                  0000b598    0000004c     sysbios.aem4f : BIOS.obj (.text:ti_sysbios_knl_Task_allBlockedFunction__I)
                  0000b5e4    0000004a     grlib.lib : string.obj (.text:UpdateContextCharMapping)
                  0000b62e    00000002     --HOLE-- [fill = 0]
                  0000b630    00000048     driverlib.lib : gpio.obj (.text:GPIOPinConfigure)
                  0000b678    00000048                   : i2c.obj (.text:I2CMasterInitExpClk)
                  0000b6c0    00000048     rtsv7M4_T_le_v4SPD16_eabi.lib : fd_toi_t2.asm.obj (.text)
                  0000b708    00000048     sysbios.aem4f : BIOS.obj (.text:ti_sysbios_family_arm_lm4_Timer_enableTimers__I)
                  0000b750    00000048                   : BIOS.obj (.text:ti_sysbios_family_arm_m3_Hwi_disableInterrupt__E)
                  0000b798    00000048                   : BIOS.obj (.text:ti_sysbios_family_arm_m3_Hwi_enableInterrupt__E)
                  0000b7e0    00000048                   : BIOS.obj (.text:ti_sysbios_family_arm_m3_Hwi_excReserved__I)
                  0000b828    00000048                   : BIOS.obj (.text:ti_sysbios_hal_SecondsClock_increment__I)
                  0000b870    00000046     grlib.lib : line.obj (.text:GrLineDrawH)
                  0000b8b6    00000046               : line.obj (.text:GrLineDrawV)
                  0000b8fc    00000046     Kentec320x240x16_ssd2119_spi.obj (.text:Kentec320x240x16_SSD2119PixelDraw)
                  0000b942    00000046     drivers_tivaware.aem4f : RingBuf.oem4f (.text:RingBuf_put)
                  0000b988    00000046     UARTLocal.obj (.text:initUART)
                  0000b9ce    00000046     ti.targets.arm.rtsarm.aem4f : Core-params.oem4f (.text:xdc_runtime_Core_assignParams__I)
                  0000ba14    00000004                                 : Error.oem4f (.text:xdc_runtime_Error_getSite__E)
                  0000ba18    00000044     sysbios.aem4f : BIOS.obj (.text:ti_sysbios_family_arm_lm4_Timer_isrStub__E)
                  0000ba5c    00000004     empty_pem4f.oem4f (.text:xdc_runtime_System_Module_GateProxy_enter__E)
                  0000ba60    00000044     sysbios.aem4f : BIOS.obj (.text:ti_sysbios_family_arm_m3_Hwi_getStackInfo__E)
                  0000baa4    00000004     empty_pem4f.oem4f (.text:xdc_runtime_System_Module_GateProxy_leave__E)
                  0000baa8    00000044     sysbios.aem4f : BIOS.obj (.text:ti_sysbios_knl_Swi_post__E)
                  0000baec    00000044     ti.targets.arm.rtsarm.aem4f : Error.oem4f (.text:xdc_runtime_Error_setX__E)
                  0000bb30    00000044                                 : SysMin.oem4f (.text:xdc_runtime_SysMin_flush__E)
                  0000bb74    00000044                                 : Text.oem4f (.text:xdc_runtime_Text_xprintf__I)
                  0000bbb8    00000042     driverlib.lib : uart.obj (.text:UARTConfigSetExpClk)
                  0000bbfa    00000042     drivers_tivaware.aem4f : UARTTiva.oem4f (.text:UARTTiva_hwiIntFxn)
                  0000bc3c    00000042                            : UARTTiva.oem4f (.text:UARTTiva_writePolling)
                  0000bc7e    00000040                            : RingBuf.oem4f (.text:RingBuf_get)
                  0000bcbe    00000040                            : UARTTiva.oem4f (.text:UARTTiva_read)
                  0000bcfe    00000040     rtsv7M4_T_le_v4SPD16_eabi.lib : u_divt2.asm.obj (.text)
                  0000bd3e    00000002     --HOLE-- [fill = 0]
                  0000bd40    00000040                                   : sprintf.c.obj (.text:sprintf)
                  0000bd80    00000040     sysbios.aem4f : BIOS.obj (.text:ti_sysbios_family_arm_lm4_Timer_startup__E)
                  0000bdc0    00000040                   : BIOS.obj (.text:ti_sysbios_hal_SecondsClock_getTime__E)
                  0000be00    0000003e     driverlib.lib : adc.obj (.text:ADCSequenceConfigure)
                  0000be3e    0000003e     rtsv7M4_T_le_v4SPD16_eabi.lib : _printfi.c.obj (.text:_fcpy)
                  0000be7c    0000003c     driverlib.lib : ssi.obj (.text:SSIConfigSetExpClk)
                  0000beb8    0000003c     sysbios.aem4f : BIOS.obj (.text:ti_sysbios_family_arm_m3_Hwi_excSvCall__I)
                  0000bef4    00000004     ti.targets.arm.rtsarm.aem4f : System.oem4f (.text:xdc_runtime_System_aprintf_va__F)
                  0000bef8    0000003c     sysbios.aem4f : BIOS.obj (.text:ti_sysbios_heaps_HeapMem_init__I)
                  0000bf34    00000004     ti.targets.arm.rtsarm.aem4f : System.oem4f (.text:xdc_runtime_System_printf_va__F)
                  0000bf38    0000003c     sysbios.aem4f : BIOS.obj (.text:ti_sysbios_knl_Swi_restore__E)
                  0000bf74    0000003a     grlib.lib : string.obj (.text:FontGlyphDataGet)
                  0000bfae    0000003a     drivers_tivaware.aem4f : I2CTiva.oem4f (.text:I2CTiva_completeTransfer)
                  0000bfe8    00000038     grlib.lib : rectangle.obj (.text:GrRectOverlapCheck)
                  0000c020    00000038     drivers_tivaware.aem4f : I2C.oem4f (.text:I2C_init)
                  0000c058    00000038                            : UART.oem4f (.text:UART_init)
                  0000c090    00000038     rtsv7M4_T_le_v4SPD16_eabi.lib : trgmsg.c.obj (.text:__TI_writemsg)
                  0000c0c8    00000038     sysbios.aem4f : BIOS.obj (.text:ti_sysbios_family_arm_m3_Hwi_excNoIsr__I)
                  0000c100    00000038                   : BIOS.obj (.text:ti_sysbios_knl_Task_processVitalTaskFlag__I)
                  0000c138    00000038     ti.targets.arm.rtsarm.aem4f : SysMin.oem4f (.text:xdc_runtime_SysMin_putch__E)
                  0000c170    00000038                                 : System.oem4f (.text:xdc_runtime_System_atexit__E)
                  0000c1a8    00000036     grlib.lib : line.obj (.text:GrClipCodeGet)
                  0000c1de    00000036     drivers_tivaware.aem4f : I2CTiva.oem4f (.text:I2CTiva_close)
                  0000c214    00000036                            : UARTTiva.oem4f (.text:UARTTiva_readCancel)
                  0000c24a    00000002     --HOLE-- [fill = 0]
                  0000c24c    00000034     driverlib.lib : sysctl.obj (.text:SysCtlPeripheralEnable)
                  0000c280    00000034     rtsv7M4_T_le_v4SPD16_eabi.lib : trgmsg.c.obj (.text:__TI_readmsg)
                  0000c2b4    00000004     --HOLE-- [fill = 0]
                  0000c2b8    00000034     sysbios.aem4f : BIOS.obj (.text:ti_sysbios_family_arm_lm4_Timer_setPeriodMicroSecs__E)
                  0000c2ec    00000004     --HOLE-- [fill = 0]
                  0000c2f0    00000034                   : BIOS.obj (.text:ti_sysbios_family_arm_m3_Hwi_Instance_finalize__E)
                  0000c324    00000004     --HOLE-- [fill = 0]
                  0000c328    00000034                   : BIOS.obj (.text:ti_sysbios_family_arm_m3_Hwi_excNmi__I)
                  0000c35c    00000004     --HOLE-- [fill = 0]
                  0000c360    00000034                   : BIOS.obj (.text:ti_sysbios_hal_Hwi_checkStack)
                  0000c394    00000034     empty_pem4f.oem4f (.text:ti_sysbios_knl_Clock_construct)
                  0000c3c8    00000034     ti.targets.arm.rtsarm.aem4f : Core-label.oem4f (.text:xdc_runtime_Core_assignLabel__I)
                  0000c3fc    00000033                                 : Text.oem4f (.text:xdc_runtime_Text_printVisFxn__I)
                  0000c42f    00000001     --HOLE-- [fill = 0]
                  0000c430    00000032     sysbios.aem4f : BIOS.obj (.text:ti_sysbios_hal_Hwi_initStack)
                  0000c462    00000032     ustdlib.obj (.text:usprintf)
                  0000c494    00000030     drivers_tivaware.aem4f : UART.oem4f (.text:UART_open)
                  0000c4c4    00000030     empty_pem4f.oem4f (.text:ti_sysbios_BIOS_atExitFunc__I)
                  0000c4f4    00000004     --HOLE-- [fill = 0]
                  0000c4f8    00000030     sysbios.aem4f : BIOS.obj (.text:ti_sysbios_family_arm_lm4_Timer_stop__E)
                  0000c528    00000030                   : BIOS.obj (.text:ti_sysbios_family_arm_m3_TaskSupport_start__E)
                  0000c558    00000030     empty_pem4f.oem4f (.text:ti_sysbios_gates_GateHwi_Object__create__S)
                  0000c588    00000030     empty_pem4f.oem4f (.text:ti_sysbios_gates_GateMutex_Object__create__S)
                  0000c5b8    00000030     empty_pem4f.oem4f (.text:ti_sysbios_heaps_HeapMem_Object__create__S)
                  0000c5e8    00000030     empty_pem4f.oem4f (.text:ti_sysbios_knl_Semaphore_construct)
                  0000c618    00000030     sysbios.aem4f : BIOS.obj (.text:ti_sysbios_knl_Semaphore_pendTimeout__I)
                  0000c648    00000030                   : BIOS.obj (.text:ti_sysbios_knl_Task_unblockI__E)
                  0000c678    00000030     ti.targets.arm.rtsarm.aem4f : SysMin.oem4f (.text:xdc_runtime_SysMin_abort__E)
                  0000c6a8    00000030                                 : System.oem4f (.text:xdc_runtime_System_processAtExit__E)
                  0000c6d8    0000002e     grlib.lib : checkbox.obj (.text:CheckBoxMsgProc)
                  0000c706    0000002e               : string.obj (.text:GrStringNextCharGet)
                  0000c734    0000002e               : radiobutton.obj (.text:RadioButtonMsgProc)
                  0000c762    0000002e     rtsv7M4_T_le_v4SPD16_eabi.lib : i_tofd_t2.asm.obj (.text)
                  0000c790    0000002c     EK_TM4C1294XL.obj (.text:EK_TM4C1294XL_initUART)
                  0000c7bc    0000002c     grlib.lib : string.obj (.text:GrFontBaselineGet)
                  0000c7e8    0000002c               : string.obj (.text:GrFontHeightGet)
                  0000c814    0000002c               : pushbutton.obj (.text:RectangularButtonMsgProc)
                  0000c840    0000002c               : slider.obj (.text:SliderMsgProc)
                  0000c86c    0000002c               : widget.obj (.text:WidgetIsInTree)
                  0000c898    0000002c     empty_pem4f.oem4f (.text:ti_sysbios_knl_Clock_doTick__I)
                  0000c8c4    0000002c     empty_pem4f.oem4f (.text:ti_sysbios_knl_Queue_construct)
                  0000c8f0    0000002c     sysbios.aem4f : BIOS.obj (.text:ti_sysbios_knl_Task_restore__E)
                  0000c91c    0000002c     ti.targets.arm.rtsarm.aem4f : Text.oem4f (.text:xdc_runtime_Text_cordText__E)
                  0000c948    0000002a     driverlib.lib : gpio.obj (.text:GPIODirModeSet)
                  0000c972    0000002a     ti.targets.arm.rtsarm.aem4f : System.oem4f (.text:xdc_runtime_System_putchar__I)
                  0000c99c    00000028     empty.obj (.text:HAF)
                  0000c9c4    00000028     empty.obj (.text:HBF)
                  0000c9ec    00000028     empty.obj (.text:HCF)
                  0000ca14    00000028     Kentec320x240x16_ssd2119_spi.obj (.text:Kentec320x240x16_SSD2119ColorTranslate)
                  0000ca3c    00000004     --HOLE-- [fill = 0]
                  0000ca40    00000028     sysbios.aem4f : BIOS.obj (.text:ti_sysbios_hal_Timer_Instance_init__E)
                  0000ca68    00000028                   : BIOS.obj (.text:ti_sysbios_knl_Clock_addI__E)
                  0000ca90    00000028                   : BIOS.obj (.text:ti_sysbios_knl_Swi_Module_startup__E)
                  0000cab8    00000026     grlib.lib : string.obj (.text:GrFontInfoGet)
                  0000cade    00000026     sysbios.aem4f : m3_Hwi_asm.obj (.text:ti_sysbios_family_arm_m3_Hwi_pendSV__I)
                  0000cb04    00000026     ti.targets.arm.rtsarm.aem4f : System.oem4f (.text:xdc_runtime_System_avprintf__E)
                  0000cb2a    00000002     --HOLE-- [fill = 0]
                  0000cb2c    00000024     empty_pem4f.oem4f (.text:ti_sysbios_BIOS_errorRaiseHook__I)
                  0000cb50    00000024     empty_pem4f.oem4f (.text:ti_sysbios_BIOS_registerRTSLock__I)
                  0000cb74    00000024     empty_pem4f.oem4f (.text:ti_sysbios_BIOS_removeRTSLock__I)
                  0000cb98    00000024     empty_pem4f.oem4f (.text:ti_sysbios_BIOS_startFunc__I)
                  0000cbbc    00000024     empty_pem4f.oem4f (.text:ti_sysbios_gates_GateMutex_Object__delete__S)
                  0000cbe0    00000024     sysbios.aem4f : BIOS.obj (.text:ti_sysbios_knl_Clock_Module_startup__E)
                  0000cc04    00000004     --HOLE-- [fill = 0]
                  0000cc08    00000024                   : BIOS.obj (.text:ti_sysbios_knl_Task_restoreHwi__E)
                  0000cc2c    00000024     ti.targets.arm.rtsarm.aem4f : System.oem4f (.text:xdc_runtime_System_vprintf__E)
                  0000cc50    00000022     grlib.lib : string.obj (.text:GrFontGlyphDataGet)
                  0000cc72    00000006               : string.obj (.text:GrContextFontSet)
                  0000cc78    00000022     sysbios.aem4f : BIOS.obj (.text:ti_sysbios_family_arm_lm4_Timer_write__I)
                  0000cc9a    00000022     empty_pem4f.oem4f (.text:xdc_runtime_SysMin_output__I)
                  0000ccbc    00000020     Boot.aem4f : Boot_sysctl.oem4f (.text:_SysCtlMemTimingGet)
                  0000ccdc    00000020     rtsv7M4_T_le_v4SPD16_eabi.lib : u_tofd_t2.asm.obj (.text)
                  0000ccfc    00000020     empty_pem4f.oem4f (.text:ti_sysbios_BIOS_rtsLock__I)
                  0000cd1c    00000020     empty_pem4f.oem4f (.text:ti_sysbios_family_arm_lm4_Timer_Object__delete__S)
                  0000cd3c    00000004     --HOLE-- [fill = 0]
                  0000cd40    00000020     sysbios.aem4f : BIOS.obj (.text:ti_sysbios_family_arm_lm4_Timer_getFreq__E)
                  0000cd60    00000020     empty_pem4f.oem4f (.text:ti_sysbios_family_arm_m3_Hwi_Object__delete__S)
                  0000cd80    00000020     sysbios.aem4f : m3_Hwi_asm.obj (.text:ti_sysbios_family_arm_m3_Hwi_excHandlerAsm__I)
                  0000cda0    00000020                   : BIOS.obj (.text:ti_sysbios_family_arm_m3_Hwi_excHandler__I)
                  0000cdc0    00000020     empty_pem4f.oem4f (.text:ti_sysbios_gates_GateHwi_Object__delete__S)
                  0000cde0    00000020     empty_pem4f.oem4f (.text:ti_sysbios_heaps_HeapMem_Object__delete__S)
                  0000ce00    00000020     empty_pem4f.oem4f (.text:ti_sysbios_knl_Clock_Object__destruct__S)
                  0000ce20    00000020     sysbios.aem4f : BIOS.obj (.text:ti_sysbios_knl_Idle_run__E)
                  0000ce40    00000020     empty_pem4f.oem4f (.text:ti_sysbios_knl_Semaphore_Object__destruct__S)
                  0000ce60    00000020     ti.targets.arm.rtsarm.aem4f : Registry.oem4f (.text:xdc_runtime_Registry_findById__E)
                  0000ce80    00000020                                 : SysMin.oem4f (.text:xdc_runtime_SysMin_Module_startup__E)
                  0000cea0    0000001e     grlib.lib : string.obj (.text:GrFontCodepageGet)
                  0000cebe    0000001e               : widget.obj (.text:WidgetAdd)
                  0000cedc    0000001e     sysbios.aem4f : m3_Hwi_asm_switch.obj (.text:ti_sysbios_family_xxx_Hwi_switchAndRunFunc)
                  0000cefa    0000001e     Clock.obj (.text:updatetime)
                  0000cf18    0000001c     driverlib.lib : uart.obj (.text:UARTDisable)
                  0000cf34    0000001c     grlib.lib : widget.obj (.text:WidgetPointerMessage)
                  0000cf50    0000001c     drivers_tivaware.aem4f : GPIOTiva.oem4f (.text:getGpioIntIndex)
                  0000cf6c    0000001c     rtsv7M4_T_le_v4SPD16_eabi.lib : memccpy.c.obj (.text:memccpy)
                  0000cf88    0000001c     empty_pem4f.oem4f (.text:ti_sysbios_family_arm_m3_Hwi_Object__destruct__S)
                  0000cfa4    00000004     --HOLE-- [fill = 0]
                  0000cfa8    0000001c     sysbios.aem4f : BIOS.obj (.text:ti_sysbios_gates_GateMutex_Instance_init__E)
                  0000cfc4    0000001c     empty_pem4f.oem4f (.text:ti_sysbios_hal_Timer_TimerProxy_create)
                  0000cfe0    0000001c     empty_pem4f.oem4f (.text:ti_sysbios_knl_Queue_Object__destruct__S)
                  0000cffc    00000004     --HOLE-- [fill = 0]
                  0000d000    0000001c     sysbios.aem4f : BIOS.obj (.text:ti_sysbios_knl_Queue_put__E)
                  0000d01c    00000004     --HOLE-- [fill = 0]
                  0000d020    0000001c                   : BIOS.obj (.text:ti_sysbios_knl_Task_enter__I)
                  0000d03c    0000001c     ti.targets.arm.rtsarm.aem4f : Error.oem4f (.text:xdc_runtime_Error_raiseX__E)
                  0000d058    0000001c                                 : Memory.oem4f (.text:xdc_runtime_Memory_valloc__E)
                  0000d074    0000001c                                 : SysMin.oem4f (.text:xdc_runtime_SysMin_exit__E)
                  0000d090    0000001c                                 : System.oem4f (.text:xdc_runtime_System_abort__E)
                  0000d0ac    0000001a     rtsv7M4_T_le_v4SPD16_eabi.lib : s_copysign.c.obj (.text:copysign)
                  0000d0c6    0000001a     empty_pem4f.oem4f (.text:ti_sysbios_family_arm_m3_Hwi_Handle__label__S)
                  0000d0e0    0000001a     empty_pem4f.oem4f (.text:ti_sysbios_gates_GateHwi_Handle__label__S)
                  0000d0fa    0000001a     empty_pem4f.oem4f (.text:ti_sysbios_gates_GateMutex_Handle__label__S)
                  0000d114    0000001a     empty_pem4f.oem4f (.text:ti_sysbios_heaps_HeapMem_Handle__label__S)
                  0000d12e    0000001a     empty_pem4f.oem4f (.text:ti_sysbios_knl_Swi_Handle__label__S)
                  0000d148    0000001a     empty_pem4f.oem4f (.text:ti_sysbios_knl_Task_Handle__label__S)
                  0000d162    0000001a     empty_pem4f.oem4f (.text:xdc_runtime_System_aprintf__E)
                  0000d17c    0000001a     empty_pem4f.oem4f (.text:xdc_runtime_System_printf__E)
                  0000d196    00000018     driverlib.lib : gpio.obj (.text:GPIOPinTypeGPIOOutput)
                  0000d1ae    00000002     --HOLE-- [fill = 0]
                  0000d1b0    00000018     drivers_tivaware.aem4f : UART.oem4f (.text:UART_Params_init)
                  0000d1c8    00000018     rtsv7M4_T_le_v4SPD16_eabi.lib : args_main.c.obj (.text:_args_main)
                  0000d1e0    00000018                                   : sprintf.c.obj (.text:_outs)
                  0000d1f8    00000018     empty_pem4f.oem4f (.text:ti_sysbios_BIOS_rtsUnlock__I)
                  0000d210    00000018     empty_pem4f.oem4f (.text:ti_sysbios_family_arm_lm4_Timer_Module__startupDone__F)
                  0000d228    00000018     empty_pem4f.oem4f (.text:ti_sysbios_family_arm_m3_Hwi_Module__startupDone__F)
                  0000d240    00000018     sysbios.aem4f : m3_TaskSupport_asm.obj (.text:ti_sysbios_family_arm_m3_TaskSupport_swap__E)
                  0000d258    00000018                   : BIOS.obj (.text:ti_sysbios_gates_GateMutex_leave__E)
                  0000d270    00000018     empty_pem4f.oem4f (.text:ti_sysbios_knl_Clock_Module__startupDone__F)
                  0000d288    00000018     sysbios.aem4f : BIOS.obj (.text:ti_sysbios_knl_Task_sleepTimeout__I)
                  0000d2a0    00000018     ti.targets.arm.rtsarm.aem4f : Error.oem4f (.text:xdc_runtime_Error_check__E)
                  0000d2b8    00000018                                 : System.oem4f (.text:xdc_runtime_System_exit__E)
                  0000d2d0    00000018                                 : Text.oem4f (.text:xdc_runtime_Text_ropeText__E)
                  0000d2e8    00000016     grlib.lib : string.obj (.text:GrStringDraw)
                  0000d2fe    00000016     driverlib.lib : i2c.obj (.text:I2CMasterErr)
                  0000d314    00000016     rtsv7M4_T_le_v4SPD16_eabi.lib : strchr.c.obj (.text:strchr)
                  0000d32a    00000016     empty_pem4f.oem4f (.text:ti_sysbios_BIOS_exitFunc__I)
                  0000d340    00000016     Clock.obj (.text:ti_sysbios_hal_Timer_Params_init)
                  0000d356    00000016     empty.obj (.text:ti_sysbios_knl_Task_Params_init)
                  0000d36c    00000014     grlib.lib : canvas.obj (.text:CanvasMsgProc)
                  0000d380    00000014               : container.obj (.text:ContainerMsgProc)
                  0000d394    00000014     Kentec320x240x16_ssd2119_spi.obj (.text:LED_OFF)
                  0000d3a8    00000014     Kentec320x240x16_ssd2119_spi.obj (.text:LED_ON)
                  0000d3bc    00000014     touch.obj (.text:TouchScreenCallbackSet)
                  0000d3d0    00000014     driverlib.lib : uart.obj (.text:UARTEnable)
                  0000d3e4    00000014     grlib.lib : widget.obj (.text:WidgetMutexGet)
                  0000d3f8    00000014     empty.obj (.text:btntest)
                  0000d40c    00000014     rtsv7M4_T_le_v4SPD16_eabi.lib : strlen.c.obj (.text:strlen)
                  0000d420    00000014     empty_pem4f.oem4f (.text:ti_sysbios_family_arm_m3_Hwi_Object__get__S)
                  0000d434    00000004     --HOLE-- [fill = 0]
                  0000d438    00000014     sysbios.aem4f : BIOS.obj (.text:ti_sysbios_family_arm_m3_Hwi_switchFromBootStack__E)
                  0000d44c    00000014     empty_pem4f.oem4f (.text:ti_sysbios_heaps_HeapMem_Object__get__S)
                  0000d460    00000014     empty_pem4f.oem4f (.text:ti_sysbios_knl_Swi_Object__get__S)
                  0000d474    00000012     driverlib.lib : gpio.obj (.text:GPIOPinTypeEthernetLED)
                  0000d486    00000012                   : gpio.obj (.text:GPIOPinTypeGPIOInput)
                  0000d498    00000012                   : gpio.obj (.text:GPIOPinTypeI2C)
                  0000d4aa    00000012                   : gpio.obj (.text:GPIOPinTypeI2CSCL)
                  0000d4bc    00000012                   : gpio.obj (.text:GPIOPinTypeSSI)
                  0000d4ce    00000012                   : gpio.obj (.text:GPIOPinTypeUART)
                  0000d4e0    00000012                   : gpio.obj (.text:GPIOPinTypeUSBAnalog)
                  0000d4f2    00000012                   : gpio.obj (.text:GPIOPinTypeUSBDigital)
                  0000d504    00000012     drivers_tivaware.aem4f : RingBuf.oem4f (.text:RingBuf_construct)
                  0000d516    00000012     driverlib.lib : ssi.obj (.text:SSIDataGetNonBlocking)
                  0000d528    00000012                   : timer.obj (.text:TimerLoadSet)
                  0000d53a    00000006                   : i2c.obj (.text:I2CMasterIntDisable)
                  0000d540    00000012     sysbios.aem4f : BIOS.obj (.text:ti_sysbios_hal_Hwi_Module_startup__E)
                  0000d552    00000006     driverlib.lib : i2c.obj (.text:I2CMasterIntEnable)
                  0000d558    00000012     sysbios.aem4f : BIOS.obj (.text:ti_sysbios_hal_Timer_Module_startup__E)
                  0000d56a    00000012     rtsv7M4_T_le_v4SPD16_eabi.lib : wcslen.c.obj (.text:wcslen)
                  0000d57c    00000012     empty_pem4f.oem4f (.text:xdc_runtime_Startup_exec__I)
                  0000d58e    00000002     --HOLE-- [fill = 0]
                  0000d590    00000010     empty_pem4f.oem4f (.text:.bootCodeSection:ti_catalog_arm_cortexm4_tiva_ce_Boot_init__I)
                  0000d5a0    00000010     driverlib.lib : adc.obj (.text:ADCIntEnable)
                  0000d5b0    00000010                   : fpu.obj (.text:FPUEnable)
                  0000d5c0    00000010                   : fpu.obj (.text:FPULazyStackingEnable)
                  0000d5d0    00000010     drivers_tivaware.aem4f : UARTTiva.oem4f (.text:readBlockingTimeout)
                  0000d5e0    00000010     sysbios.aem4f : BIOS.obj (.text:ti_sysbios_BIOS_getCpuFreq__E)
                  0000d5f0    00000010                   : BIOS.obj (.text:ti_sysbios_BIOS_setThreadType__E)
                  0000d600    00000010                   : BIOS.obj (.text:ti_sysbios_BIOS_start__E)
                  0000d610    00000010                   : BIOS.obj (.text:ti_sysbios_family_arm_lm4_TimestampProvider_rolloverFunc__E)
                  0000d620    00000010                   : m3_TaskSupport_asm.obj (.text:ti_sysbios_family_arm_m3_TaskSupport_glue)
                  0000d630    00000010                   : BIOS.obj (.text:ti_sysbios_gates_GateMutex_Instance_finalize__E)
                  0000d640    00000010     empty_pem4f.oem4f (.text:ti_sysbios_hal_Timer_TimerProxy_Object__create__S)
                  0000d650    00000010     sysbios.aem4f : BIOS.obj (.text:ti_sysbios_knl_Semaphore_Instance_finalize__E)
                  0000d660    00000010                   : BIOS.obj (.text:ti_sysbios_knl_Swi_disable__E)
                  0000d670    00000010     empty_pem4f.oem4f (.text:ti_sysbios_knl_Task_Object__get__S)
                  0000d680    00000010     sysbios.aem4f : BIOS.obj (.text:ti_sysbios_knl_Task_disable__E)
                  0000d690    00000010     driverlib.lib : udma.obj (.text:uDMAEnable)
                  0000d6a0    00000010     ti.targets.arm.rtsarm.aem4f : Gate.oem4f (.text:xdc_runtime_Gate_leaveSystem__E)
                  0000d6b0    00000010                                 : Memory.oem4f (.text:xdc_runtime_Memory_free__E)
                  0000d6c0    00000010                                 : SysMin.oem4f (.text:xdc_runtime_SysMin_ready__E)
                  0000d6d0    00000010                                 : System.oem4f (.text:xdc_runtime_System_vsnprintf__E)
                  0000d6e0    00000010     empty_pem4f.oem4f (.text:xdc_runtime_Text_visitRope__I)
                  0000d6f0    0000000e     driverlib.lib : adc.obj (.text:ADCSequenceEnable)
                  0000d6fe    0000000e                   : gpio.obj (.text:GPIOIntStatus)
                  0000d70c    0000000e     grlib.lib : image.obj (.text:GrImageDraw)
                  0000d71a    0000000e     driverlib.lib : timer.obj (.text:TimerEnable)
                  0000d728    0000000e                   : uart.obj (.text:UARTCharGetNonBlocking)
                  0000d736    0000000e                   : uart.obj (.text:UARTCharPutNonBlocking)
                  0000d744    0000000e     rtsv7M4_T_le_v4SPD16_eabi.lib : copy_decompress_none.c.obj (.text:decompress:none:__TI_decompress_none)
                  0000d752    00000006     drivers_tivaware.aem4f : I2CTiva.oem4f (.text:I2CTiva_control)
                  0000d758    0000000e     sysbios.aem4f : BIOS.obj (.text:ti_sysbios_knl_Idle_loop__E)
                  0000d766    00000002     --HOLE-- [fill = 0]
                  0000d768    0000000e                   : BIOS.obj (.text:ti_sysbios_knl_Queue_empty__E)
                  0000d776    0000000c     drivers_tivaware.aem4f : RingBuf.oem4f (.text:RingBuf_peek)
                  0000d782    0000000c     driverlib.lib : uart.obj (.text:UARTFlowControlSet)
                  0000d78e    0000000c     drivers_tivaware.aem4f : UARTTiva.oem4f (.text:UARTTiva_init)
                  0000d79a    00000002     --HOLE-- [fill = 0]
                  0000d79c    0000000c     rtsv7M4_T_le_v4SPD16_eabi.lib : _lock.c.obj (.text:_register_lock)
                  0000d7a8    0000000c                                   : _lock.c.obj (.text:_register_unlock)
                  0000d7b4    0000000c                                   : copy_zero_init.c.obj (.text:decompress:ZI:__TI_zero_init)
                  0000d7c0    0000000c     sysbios.aem4f : BIOS.obj (.text:ti_sysbios_family_arm_lm4_Timer_getMaxTicks__E)
                  0000d7cc    00000004     --HOLE-- [fill = 0]
                  0000d7d0    0000000c                   : BIOS.obj (.text:ti_sysbios_family_arm_lm4_TimestampProvider_startTimer__E)
                  0000d7dc    0000000c     empty_pem4f.oem4f (.text:ti_sysbios_family_arm_m3_Hwi_Params__init__S)
                  0000d7e8    0000000c     sysbios.aem4f : BIOS.obj (.text:ti_sysbios_family_arm_m3_Hwi_disableFxn__E)
                  0000d7f4    00000004     --HOLE-- [fill = 0]
                  0000d7f8    0000000c                   : BIOS.obj (.text:ti_sysbios_family_arm_m3_TaskSupport_checkStack__E)
                  0000d804    00000004     --HOLE-- [fill = 0]
                  0000d808    0000000c                   : BIOS.obj (.text:ti_sysbios_family_arm_m3_TaskSupport_getStackAlignment__E)
                  0000d814    00000004     --HOLE-- [fill = 0]
                  0000d818    0000000c                   : BIOS.obj (.text:ti_sysbios_gates_GateHwi_enter__E)
                  0000d824    00000004     --HOLE-- [fill = 0]
                  0000d828    0000000c                   : BIOS.obj (.text:ti_sysbios_hal_SecondsClock_set__E)
                  0000d834    0000000c     empty_pem4f.oem4f (.text:ti_sysbios_hal_Timer_Params__init__S)
                  0000d840    0000000c     empty_pem4f.oem4f (.text:ti_sysbios_knl_Clock_Params__init__S)
                  0000d84c    0000000c     empty_pem4f.oem4f (.text:ti_sysbios_knl_Queue_Object__get__S)
                  0000d858    0000000c     empty_pem4f.oem4f (.text:ti_sysbios_knl_Semaphore_Params__init__S)
                  0000d864    0000000c     empty_pem4f.oem4f (.text:ti_sysbios_knl_Task_Params__init__S)
                  0000d870    0000000c     driverlib.lib : udma.obj (.text:uDMAControlBaseSet)
                  0000d87c    0000000c     ti.targets.arm.rtsarm.aem4f : Error.oem4f (.text:xdc_runtime_Error_init__E)
                  0000d888    0000000c                                 : Gate.oem4f (.text:xdc_runtime_Gate_enterSystem__E)
                  0000d894    0000000c                                 : Memory.oem4f (.text:xdc_runtime_Memory_calloc__E)
                  0000d8a0    0000000c                                 : Memory.oem4f (.text:xdc_runtime_Memory_getMaxDefaultTypeAlign__E)
                  0000d8ac    0000000a     driverlib.lib : i2c.obj (.text:I2CMasterDisable)
                  0000d8b6    0000000a                   : i2c.obj (.text:I2CMasterEnable)
                  0000d8c0    0000000a     drivers_tivaware.aem4f : I2CTiva.oem4f (.text:I2CTiva_init)
                  0000d8ca    0000000a     Kentec320x240x16_ssd2119_spi.obj (.text:Kentec320x240x16_SSD2119Flush)
                  0000d8d4    0000000a     driverlib.lib : ssi.obj (.text:SSIDataPut)
                  0000d8de    0000000a                   : ssi.obj (.text:SSIEnable)
                  0000d8e8    0000000a                   : uart.obj (.text:UARTCharGet)
                  0000d8f2    0000000a                   : uart.obj (.text:UARTCharPut)
                  0000d8fc    0000000a                   : uart.obj (.text:UARTIntDisable)
                  0000d906    0000000a                   : uart.obj (.text:UARTIntStatus)
                  0000d910    0000000a     rtsv7M4_T_le_v4SPD16_eabi.lib : sprintf.c.obj (.text:_outc)
                  0000d91a    00000006     driverlib.lib : sysctl.obj (.text:SysCtlDelay)
                  0000d920    0000000a     sysbios.aem4f : BIOS.obj (.text:ti_sysbios_hal_Timer_Instance_finalize__E)
                  0000d92a    0000000a     empty_pem4f.oem4f (.text:xdc_runtime_IHeap_alloc)
                  0000d934    0000000a     empty_pem4f.oem4f (.text:xdc_runtime_IHeap_free)
                  0000d93e    00000008     EK_TM4C1294XL.obj (.text:EK_TM4C1294XL_initGPIO)
                  0000d946    00000008     grlib.lib : charmap.obj (.text:GrMapISO8859_1_Unicode)
                  0000d94e    00000008     driverlib.lib : i2c.obj (.text:I2CMasterIntClear)
                  0000d956    00000008                   : i2c.obj (.text:I2CMasterSlaveAddrSet)
                  0000d95e    00000008     drivers_tivaware.aem4f : I2CTiva.oem4f (.text:I2CTiva_blockingCallback)
                  0000d966    00000008     driverlib.lib : ssi.obj (.text:SSIBusy)
                  0000d96e    00000008                   : uart.obj (.text:UARTIntEnable)
                  0000d976    00000008                   : uart.obj (.text:UARTRxErrorGet)
                  0000d97e    00000002     --HOLE-- [fill = 0]
                  0000d980    00000008     rtsv7M4_T_le_v4SPD16_eabi.lib : errno.c.obj (.text:__aeabi_errno_addr)
                  0000d988    00000008     drivers_tivaware.aem4f : UARTTiva.oem4f (.text:readSemCallback)
                  0000d990    00000008     sysbios.aem4f : BIOS.obj (.text:ti_sysbios_family_arm_lm4_Timer_masterDisable__I)
                  0000d998    00000008                   : BIOS.obj (.text:ti_sysbios_family_arm_m3_Hwi_doSwiRestore__I)
                  0000d9a0    00000008                   : BIOS.obj (.text:ti_sysbios_family_arm_m3_Hwi_startup__E)
                  0000d9a8    00000008     drivers_tivaware.aem4f : UARTTiva.oem4f (.text:writeSemCallback)
                  0000d9b0    00000006     driverlib.lib : uart.obj (.text:UARTFIFOLevelSet)
                  0000d9b6    00000006                   : uart.obj (.text:UARTRxErrorClear)
                  0000d9bc    00000006     grlib.lib : widget.obj (.text:WidgetMutexPut)
                  0000d9c2    00000006     ti.targets.arm.rtsarm.aem4f : System.oem4f (.text:xdc_runtime_System_Module_startup__E)
                  0000d9c8    00000006     sysbios.aem4f : BIOS.obj (.text:ti_sysbios_family_arm_lm4_TimestampProvider_Module_startup__E)
                  0000d9ce    00000002     --HOLE-- [fill = 0]
                  0000d9d0    00000006                   : BIOS.obj (.text:ti_sysbios_family_arm_m3_Hwi_doTaskRestore__I)
                  0000d9d6    00000002     --HOLE-- [fill = 0]
                  0000d9d8    00000006                   : BIOS.obj (.text:ti_sysbios_family_arm_m3_Hwi_restoreFxn__E)
                  0000d9de    00000002     --HOLE-- [fill = 0]
                  0000d9e0    00000006                   : BIOS.obj (.text:ti_sysbios_gates_GateHwi_leave__E)
                  0000d9e6    00000002     --HOLE-- [fill = 0]
                  0000d9e8    00000006                   : BIOS.obj (.text:ti_sysbios_heaps_HeapMem_isBlocking__E)
                  0000d9ee    00000002     --HOLE-- [fill = 0]
                  0000d9f0    00000006                   : BIOS.obj (.text:ti_sysbios_knl_Clock_stop__E)
                  0000d9f6    00000002     --HOLE-- [fill = 0]
                  0000d9f8    00000006                   : BIOS.obj (.text:ti_sysbios_knl_Queue_Instance_init__E)
                  0000d9fe    00000002     --HOLE-- [fill = 0]
                  0000da00    00000006                   : BIOS.obj (.text:ti_sysbios_knl_Swi_startup__E)
                  0000da06    00000002     --HOLE-- [fill = 0]
                  0000da08    00000004                   : BIOS.obj (.text:ti_sysbios_family_arm_lm4_Timer_getPeriod__E)
                  0000da0c    00000004     --HOLE-- [fill = 0]
                  0000da10    00000004                   : BIOS.obj (.text:ti_sysbios_gates_GateHwi_query__E)
                  0000da14    00000004     --HOLE-- [fill = 0]
                  0000da18    00000004                   : BIOS.obj (.text:ti_sysbios_gates_GateMutex_query__E)
                  0000da1c    00000004     --HOLE-- [fill = 0]
                  0000da20    00000004                   : BIOS.obj (.text:ti_sysbios_knl_Task_startup__E)
                  0000da24    00000004     --HOLE-- [fill = 0]
                  0000da28    00000002                   : BIOS.obj (.text:ti_sysbios_gates_GateHwi_Instance_init__E)
                  0000da2a    00000006     --HOLE-- [fill = 0]
                  0000da30    00000002                   : BIOS.obj (.text:ti_sysbios_knl_Clock_logTick__E)

.const     0    0000da34    00008ab6     
                  0000da34    000018ae     empty_pem4f.oem4f (.const:xdc_runtime_Text_charTab__A)
                  0000f2e2    00000a60     grlib.lib : fontcm24.obj (.const:.string:g_pui8Cm24Data)
                  0000fd42    00000960               : fontcm22.obj (.const:.string:g_pui8Cm22Data)
                  000106a2    0000095e               : fontcm20.obj (.const:.string:g_pui8Cm20Data)
                  00011000    0000086e               : fontcm18.obj (.const:.string:g_pui8Cm18Data)
                  0001186e    0000083d     GUIImg.obj (.const:.string:g_pui8RedSlider195x37)
                  000120ab    00000826     GUIImg.obj (.const:.string:g_pui8GreenSlider195x37)
                  000128d1    00000782     grlib.lib : fontcmss18b.obj (.const:.string:g_pui8Cmss18bData)
                  00013053    00000705     GUIImg.obj (.const:.string:g_pui8GettingHotter28x148)
                  00013758    0000065a     grlib.lib : fontcm14.obj (.const:.string:g_pui8Cm14Data)
                  00013db2    0000055f               : fontcm12.obj (.const:.string:g_pui8Cm12Data)
                  00014311    000003ad     GUIImg.obj (.const:.string:g_pui8GettingHotter28x148Mono)
                  000146be    0000024d     GUIImg.obj (.const:.string:g_pui8Logo)
                  0001490b    00000210     GUIImg.obj (.const:.string:g_pui8Blue50x50)
                  00014b1b    0000020e     GUIImg.obj (.const:.string:g_pui8Blue50x50Press)
                  00014d29    00000001     empty_pem4f.oem4f (.const:xdc_runtime_Error_policy__C)
                  00014d2a    00000002     empty_pem4f.oem4f (.const:ti_catalog_arm_cortexm4_tiva_ce_Boot_Module__id__C)
                  00014d2c    0000018a     empty.obj (.const:.string)
                  00014eb6    00000124     Images.obj (.const:.string:g_pui8Night)
                  00014fda    00000002     empty_pem4f.oem4f (.const:ti_sysbios_family_arm_lm4_Timer_Module__id__C)
                  00014fdc    00000120     Boot.aem4f : Boot_sysctl.oem4f (.const:g_pppui32XTALtoVCO)
                  000150fc    00000101     rtsv7M4_T_le_v4SPD16_eabi.lib : ctype.c.obj (.const:.string:_ctypes_)
                  000151fd    000000f8     Images.obj (.const:.string:g_pui8Day)
                  000152f5    000000f5     GUIImg.obj (.const:.string:g_pui8LightOff)
                  000153ea    000000e6     GUIImg.obj (.const:.string:g_pui8LightOn)
                  000154d0    000000d0     empty_pem4f.oem4f (.const:xdc_runtime_Text_nodeTab__A)
                  000155a0    000000c8     grlib.lib : fontcm12.obj (.const:g_sFontCm12)
                  00015668    000000c8               : fontcm14.obj (.const:g_sFontCm14)
                  00015730    000000c8               : fontcm18.obj (.const:g_sFontCm18)
                  000157f8    000000c8               : fontcm20.obj (.const:g_sFontCm20)
                  000158c0    000000c8               : fontcm22.obj (.const:g_sFontCm22)
                  00015988    000000c8               : fontcm24.obj (.const:g_sFontCm24)
                  00015a50    000000c8               : fontcmss18b.obj (.const:g_sFontCmss18b)
                  00015b18    00000090     driverlib.lib : gpio.obj (.const:g_pui32GPIOBaseAddrs)
                  00015ba8    00000070                   : interrupt.obj (.const)
                  00015c18    0000006c     Boot.aem4f : Boot_sysctl.oem4f (.const:g_pui32Xtals)
                  00015c84    00000054     drivers_tivaware.aem4f : GPIOTiva.oem4f (.const:.string)
                  00015cd8    0000004c                            : UARTTiva.oem4f (.const)
                  00015d24    00000048     empty_pem4f.oem4f (.const:.string)
                  00015d6c    00000048     drivers_tivaware.aem4f : GPIOTiva.oem4f (.const:gpioBaseAddresses)
                  00015db4    0000003c     empty_pem4f.oem4f (.const:ti_sysbios_family_arm_lm4_Timer_Object__PARAMS__C)
                  00015df0    0000003c     empty_pem4f.oem4f (.const:ti_sysbios_knl_Task_Object__PARAMS__C)
                  00015e2c    00000030     Boot.aem4f : Boot_sysctl.oem4f (.const:g_sXTALtoMEMTIM)
                  00015e5c    00000030     empty_pem4f.oem4f (.const:ti_sysbios_family_arm_m3_Hwi_Object__PARAMS__C)
                  00015e8c    00000030     empty_pem4f.oem4f (.const:ti_sysbios_hal_Timer_Object__PARAMS__C)
                  00015ebc    0000002c     empty_pem4f.oem4f (.const:xdc_runtime_Startup_sfxnTab__A)
                  00015ee8    00000028     drivers_tivaware.aem4f : UARTTiva.oem4f (.const:UARTTiva_fxnTable)
                  00015f10    00000028     Kentec320x240x16_ssd2119_spi.obj (.const:g_sKentec320x240x16_SSD2119)
                  00015f38    00000028     empty_pem4f.oem4f (.const:ti_sysbios_heaps_HeapMem_Module__FXNS__C)
                  00015f60    00000024     EK_TM4C1294XL.obj (.const:I2C_config)
                  00015f84    00000024     drivers_tivaware.aem4f : UART.oem4f (.const:UART_defaultParams)
                  00015fa8    00000024     empty_pem4f.oem4f (.const:ti_sysbios_gates_GateHwi_Module__FXNS__C)
                  00015fcc    00000024     empty_pem4f.oem4f (.const:ti_sysbios_gates_GateMutex_Module__FXNS__C)
                  00015ff0    00000024     empty_pem4f.oem4f (.const:ti_sysbios_heaps_HeapMem_Object__PARAMS__C)
                  00016014    00000024     empty_pem4f.oem4f (.const:ti_sysbios_knl_Clock_Object__PARAMS__C)
                  00016038    00000024     empty_pem4f.oem4f (.const:ti_sysbios_knl_Semaphore_Object__PARAMS__C)
                  0001605c    00000020     empty_pem4f.oem4f (.const:ti_sysbios_family_arm_lm4_Timer_Object__DESC__C)
                  0001607c    00000020     empty_pem4f.oem4f (.const:ti_sysbios_family_arm_m3_Hwi_Object__DESC__C)
                  0001609c    00000020     empty_pem4f.oem4f (.const:ti_sysbios_gates_GateHwi_Object__DESC__C)
                  000160bc    00000020     empty_pem4f.oem4f (.const:ti_sysbios_gates_GateMutex_Object__DESC__C)
                  000160dc    00000020     empty_pem4f.oem4f (.const:ti_sysbios_hal_Timer_Object__DESC__C)
                  000160fc    00000020     empty_pem4f.oem4f (.const:ti_sysbios_heaps_HeapMem_Object__DESC__C)
                  0001611c    00000020     empty_pem4f.oem4f (.const:ti_sysbios_knl_Clock_Object__DESC__C)
                  0001613c    00000020     empty_pem4f.oem4f (.const:ti_sysbios_knl_Queue_Object__DESC__C)
                  0001615c    00000020     empty_pem4f.oem4f (.const:ti_sysbios_knl_Semaphore_Object__DESC__C)
                  0001617c    00000020     empty_pem4f.oem4f (.const:ti_sysbios_knl_Task_Object__DESC__C)
                  0001619c    0000001c     drivers_tivaware.aem4f : I2CTiva.oem4f (.const)
                  000161b8    0000001c     touch.obj (.const:g_pi32TouchParameters)
                  000161d4    00000018     EK_TM4C1294XL.obj (.const:UART_config)
                  000161ec    00000018     EK_TM4C1294XL.obj (.const:i2cTivaHWAttrs)
                  00016204    00000018     empty_pem4f.oem4f (.const:ti_sysbios_gates_GateHwi_Object__PARAMS__C)
                  0001621c    00000018     empty_pem4f.oem4f (.const:ti_sysbios_gates_GateMutex_Object__PARAMS__C)
                  00016234    00000018     empty_pem4f.oem4f (.const:ti_sysbios_knl_Queue_Object__PARAMS__C)
                  0001624c    00000018     EK_TM4C1294XL.obj (.const:uartTivaHWAttrs)
                  00016264    00000016     empty_pem4f.oem4f (.const:xdc_runtime_Startup_sfxnRts__A)
                  0001627a    00000002     empty_pem4f.oem4f (.const:ti_sysbios_family_arm_lm4_Timer_supportsAltclk__C)
                  0001627c    00000014     EK_TM4C1294XL.obj (.const:GPIOTiva_config)
                  00016290    00000014     empty_pem4f.oem4f (.const:xdc_runtime_Startup_firstFxns__A)
                  000162a4    00000012     ustdlib.obj (.const:.string)
                  000162b6    00000002     empty_pem4f.oem4f (.const:ti_sysbios_family_arm_m3_Hwi_Module__id__C)
                  000162b8    00000010     grlib.lib : context.obj (.const)
                  000162c8    00000008     Boot.aem4f : Boot_sysctl.oem4f (.const)
                  000162d0    00000008     empty_pem4f.oem4f (.const:ti_sysbios_family_arm_m3_Hwi_excHookFuncs__A)
                  000162d8    00000008     empty_pem4f.oem4f (.const:ti_sysbios_knl_Idle_funcList__C)
                  000162e0    00000008     empty_pem4f.oem4f (.const:xdc_runtime_Startup_firstFxns__C)
                  000162e8    00000008     empty_pem4f.oem4f (.const:xdc_runtime_Startup_lastFxns__C)
                  000162f0    00000004     empty_pem4f.oem4f (.const:ti_catalog_arm_cortexm4_tiva_ce_Boot_A_mustNotUseEnhancedClockMode__C)
                  000162f4    00000004     empty_pem4f.oem4f (.const:ti_catalog_arm_cortexm4_tiva_ce_Boot_Module__diagsEnabled__C)
                  000162f8    00000004     empty_pem4f.oem4f (.const:ti_catalog_arm_cortexm4_tiva_ce_Boot_Module__diagsIncluded__C)
                  000162fc    00000004     empty_pem4f.oem4f (.const:ti_catalog_arm_cortexm4_tiva_ce_Boot_Module__diagsMask__C)
                  00016300    00000004     empty_pem4f.oem4f (.const:ti_sysbios_family_arm_lm4_Timer_E_cannotSupport__C)
                  00016304    00000004     empty_pem4f.oem4f (.const:ti_sysbios_family_arm_lm4_Timer_E_invalidTimer__C)
                  00016308    00000004     empty_pem4f.oem4f (.const:ti_sysbios_family_arm_lm4_Timer_E_noaltclk__C)
                  0001630c    00000004     empty_pem4f.oem4f (.const:ti_sysbios_family_arm_lm4_Timer_E_notAvailable__C)
                  00016310    00000004     empty_pem4f.oem4f (.const:ti_sysbios_family_arm_lm4_Timer_anyMask__C)
                  00016314    00000004     empty_pem4f.oem4f (.const:ti_sysbios_family_arm_lm4_Timer_disableFunc__C)
                  00016318    00000004     empty_pem4f.oem4f (.const:ti_sysbios_family_arm_lm4_Timer_enableFunc__C)
                  0001631c    00000004     empty_pem4f.oem4f (.const:ti_sysbios_family_arm_lm4_Timer_numTimerDevices__C)
                  00016320    00000004     empty_pem4f.oem4f (.const:ti_sysbios_family_arm_lm4_Timer_startupNeeded__C)
                  00016324    00000004     empty_pem4f.oem4f (.const:ti_sysbios_family_arm_m3_Hwi_E_NMI__C)
                  00016328    00000004     empty_pem4f.oem4f (.const:ti_sysbios_family_arm_m3_Hwi_E_alreadyDefined__C)
                  0001632c    00000004     empty_pem4f.oem4f (.const:ti_sysbios_family_arm_m3_Hwi_E_busFault__C)
                  00016330    00000004     empty_pem4f.oem4f (.const:ti_sysbios_family_arm_m3_Hwi_E_debugMon__C)
                  00016334    00000004     empty_pem4f.oem4f (.const:ti_sysbios_family_arm_m3_Hwi_E_hardFault__C)
                  00016338    00000004     empty_pem4f.oem4f (.const:ti_sysbios_family_arm_m3_Hwi_E_memFault__C)
                  0001633c    00000004     empty_pem4f.oem4f (.const:ti_sysbios_family_arm_m3_Hwi_E_noIsr__C)
                  00016340    00000004     empty_pem4f.oem4f (.const:ti_sysbios_family_arm_m3_Hwi_E_reserved__C)
                  00016344    00000004     empty_pem4f.oem4f (.const:ti_sysbios_family_arm_m3_Hwi_E_svCall__C)
                  00016348    00000004     empty_pem4f.oem4f (.const:ti_sysbios_family_arm_m3_Hwi_E_usageFault__C)
                  0001634c    00000004     empty_pem4f.oem4f (.const:ti_sysbios_family_arm_m3_Hwi_NUM_INTERRUPTS__C)
                  00016350    00000004     empty_pem4f.oem4f (.const:ti_sysbios_family_arm_m3_Hwi_Object__count__C)
                  00016354    00000004     empty_pem4f.oem4f (.const:ti_sysbios_family_arm_m3_Hwi_ccr__C)
                  00016358    00000004     empty_pem4f.oem4f (.const:ti_sysbios_family_arm_m3_Hwi_excHandlerFunc__C)
                  0001635c    00000004     empty_pem4f.oem4f (.const:ti_sysbios_family_arm_m3_Hwi_excHookFuncs__C)
                  00016360    00000004     empty_pem4f.oem4f (.const:ti_sysbios_family_arm_m3_Hwi_nullIsrFunc__C)
                  00016364    00000004     empty_pem4f.oem4f (.const:ti_sysbios_family_arm_m3_Hwi_priGroup__C)
                  00016368    00000004     empty_pem4f.oem4f (.const:ti_sysbios_family_arm_m3_TaskSupport_stackAlignment__C)
                  0001636c    00000004     empty_pem4f.oem4f (.const:ti_sysbios_gates_GateMutex_A_badContext__C)
                  00016370    00000004     empty_pem4f.oem4f (.const:ti_sysbios_gates_GateMutex_Instance_State_sem__O)
                  00016374    00000004     empty_pem4f.oem4f (.const:ti_sysbios_gates_GateMutex_Module__diagsEnabled__C)
                  00016378    00000004     empty_pem4f.oem4f (.const:ti_sysbios_gates_GateMutex_Module__diagsIncluded__C)
                  0001637c    00000004     empty_pem4f.oem4f (.const:ti_sysbios_gates_GateMutex_Module__diagsMask__C)
                  00016380    00000004     empty_pem4f.oem4f (.const:ti_sysbios_hal_Hwi_E_stackOverflow__C)
                  00016384    00000004     empty_pem4f.oem4f (.const:ti_sysbios_hal_SecondsClock_Module_State_clock__O)
                  00016388    00000004     empty_pem4f.oem4f (.const:ti_sysbios_heaps_HeapMem_A_align__C)
                  0001638c    00000004     empty_pem4f.oem4f (.const:ti_sysbios_heaps_HeapMem_A_heapSize__C)
                  00016390    00000004     empty_pem4f.oem4f (.const:ti_sysbios_heaps_HeapMem_A_invalidFree__C)
                  00016394    00000004     empty_pem4f.oem4f (.const:ti_sysbios_heaps_HeapMem_A_zeroBlock__C)
                  00016398    00000004     empty_pem4f.oem4f (.const:ti_sysbios_heaps_HeapMem_E_memory__C)
                  0001639c    00000004     empty_pem4f.oem4f (.const:ti_sysbios_heaps_HeapMem_Module__diagsEnabled__C)
                  000163a0    00000004     empty_pem4f.oem4f (.const:ti_sysbios_heaps_HeapMem_Module__diagsIncluded__C)
                  000163a4    00000004     empty_pem4f.oem4f (.const:ti_sysbios_heaps_HeapMem_Module__diagsMask__C)
                  000163a8    00000004     empty_pem4f.oem4f (.const:ti_sysbios_heaps_HeapMem_Module__gateObj__C)
                  000163ac    00000004     empty_pem4f.oem4f (.const:ti_sysbios_heaps_HeapMem_Object__count__C)
                  000163b0    00000004     empty_pem4f.oem4f (.const:ti_sysbios_heaps_HeapMem_reqAlign__C)
                  000163b4    00000004     empty_pem4f.oem4f (.const:ti_sysbios_knl_Clock_A_badThreadType__C)
                  000163b8    00000004     empty_pem4f.oem4f (.const:ti_sysbios_knl_Clock_Module_State_clockQ__O)
                  000163bc    00000004     empty_pem4f.oem4f (.const:ti_sysbios_knl_Clock_Module__diagsEnabled__C)
                  000163c0    00000004     empty_pem4f.oem4f (.const:ti_sysbios_knl_Clock_Module__diagsIncluded__C)
                  000163c4    00000004     empty_pem4f.oem4f (.const:ti_sysbios_knl_Clock_Module__diagsMask__C)
                  000163c8    00000004     empty_pem4f.oem4f (.const:ti_sysbios_knl_Clock_tickPeriod__C)
                  000163cc    00000004     empty_pem4f.oem4f (.const:ti_sysbios_knl_Idle_funcList__A)
                  000163d0    00000004     empty_pem4f.oem4f (.const:ti_sysbios_knl_Semaphore_A_badContext__C)
                  000163d4    00000004     empty_pem4f.oem4f (.const:ti_sysbios_knl_Semaphore_A_noEvents__C)
                  000163d8    00000004     empty_pem4f.oem4f (.const:ti_sysbios_knl_Semaphore_A_overflow__C)
                  000163dc    00000004     empty_pem4f.oem4f (.const:ti_sysbios_knl_Semaphore_A_pendTaskDisabled__C)
                  000163e0    00000004     empty_pem4f.oem4f (.const:ti_sysbios_knl_Semaphore_Instance_State_pendQ__O)
                  000163e4    00000004     empty_pem4f.oem4f (.const:ti_sysbios_knl_Semaphore_Module__diagsEnabled__C)
                  000163e8    00000004     empty_pem4f.oem4f (.const:ti_sysbios_knl_Semaphore_Module__diagsIncluded__C)
                  000163ec    00000004     empty_pem4f.oem4f (.const:ti_sysbios_knl_Semaphore_Module__diagsMask__C)
                  000163f0    00000004     empty_pem4f.oem4f (.const:ti_sysbios_knl_Swi_Object__count__C)
                  000163f4    00000004     empty_pem4f.oem4f (.const:ti_sysbios_knl_Task_A_badPriority__C)
                  000163f8    00000004     empty_pem4f.oem4f (.const:ti_sysbios_knl_Task_A_badTaskState__C)
                  000163fc    00000004     empty_pem4f.oem4f (.const:ti_sysbios_knl_Task_A_badThreadType__C)
                  00016400    00000004     empty_pem4f.oem4f (.const:ti_sysbios_knl_Task_A_badTimeout__C)
                  00016404    00000004     empty_pem4f.oem4f (.const:ti_sysbios_knl_Task_A_noPendElem__C)
                  00016408    00000004     empty_pem4f.oem4f (.const:ti_sysbios_knl_Task_A_sleepTaskDisabled__C)
                  0001640c    00000004     empty_pem4f.oem4f (.const:ti_sysbios_knl_Task_E_spOutOfBounds__C)
                  00016410    00000004     empty_pem4f.oem4f (.const:ti_sysbios_knl_Task_E_stackOverflow__C)
                  00016414    00000004     empty_pem4f.oem4f (.const:ti_sysbios_knl_Task_Module_State_inactiveQ__O)
                  00016418    00000004     empty_pem4f.oem4f (.const:ti_sysbios_knl_Task_Module__diagsEnabled__C)
                  0001641c    00000004     empty_pem4f.oem4f (.const:ti_sysbios_knl_Task_Module__diagsIncluded__C)
                  00016420    00000004     empty_pem4f.oem4f (.const:ti_sysbios_knl_Task_Module__diagsMask__C)
                  00016424    00000004     empty_pem4f.oem4f (.const:ti_sysbios_knl_Task_Object__count__C)
                  00016428    00000004     empty_pem4f.oem4f (.const:ti_sysbios_knl_Task_allBlockedFunc__C)
                  0001642c    00000004     empty_pem4f.oem4f (.const:ti_sysbios_knl_Task_defaultStackHeap__C)
                  00016430    00000004     empty_pem4f.oem4f (.const:ti_sysbios_knl_Task_defaultStackSize__C)
                  00016434    00000004     empty_pem4f.oem4f (.const:ti_sysbios_knl_Task_numConstructedTasks__C)
                  00016438    00000004     ustdlib.obj (.const)
                  0001643c    00000004     empty_pem4f.oem4f (.const:xdc_runtime_Assert_E_assertFailed__C)
                  00016440    00000004     empty_pem4f.oem4f (.const:xdc_runtime_Core_A_initializedParams__C)
                  00016444    00000004     empty_pem4f.oem4f (.const:xdc_runtime_Core_Module__diagsEnabled__C)
                  00016448    00000004     empty_pem4f.oem4f (.const:xdc_runtime_Core_Module__diagsIncluded__C)
                  0001644c    00000004     empty_pem4f.oem4f (.const:xdc_runtime_Core_Module__diagsMask__C)
                  00016450    00000004     empty_pem4f.oem4f (.const:xdc_runtime_Error_E_memory__C)
                  00016454    00000004     empty_pem4f.oem4f (.const:xdc_runtime_Error_Module__diagsEnabled__C)
                  00016458    00000004     empty_pem4f.oem4f (.const:xdc_runtime_Error_Module__diagsIncluded__C)
[...]
000162f8  ti_catalog_arm_cortexm4_tiva_ce_Boot_Module__diagsIncluded__C        
000162fc  ti_catalog_arm_cortexm4_tiva_ce_Boot_Module__diagsMask__C            
00016300  ti_sysbios_family_arm_lm4_Timer_E_cannotSupport__C                   
00016304  ti_sysbios_family_arm_lm4_Timer_E_invalidTimer__C                    
00016308  ti_sysbios_family_arm_lm4_Timer_E_noaltclk__C                        
0001630c  ti_sysbios_family_arm_lm4_Timer_E_notAvailable__C                    
00016310  ti_sysbios_family_arm_lm4_Timer_anyMask__C                           
00016314  ti_sysbios_family_arm_lm4_Timer_disableFunc__C                       
00016318  ti_sysbios_family_arm_lm4_Timer_enableFunc__C                        
0001631c  ti_sysbios_family_arm_lm4_Timer_numTimerDevices__C                   
00016320  ti_sysbios_family_arm_lm4_Timer_startupNeeded__C                     
00016324  ti_sysbios_family_arm_m3_Hwi_E_NMI__C                                
00016328  ti_sysbios_family_arm_m3_Hwi_E_alreadyDefined__C                     
0001632c  ti_sysbios_family_arm_m3_Hwi_E_busFault__C                           
00016330  ti_sysbios_family_arm_m3_Hwi_E_debugMon__C                           
00016334  ti_sysbios_family_arm_m3_Hwi_E_hardFault__C                          
00016338  ti_sysbios_family_arm_m3_Hwi_E_memFault__C                           
0001633c  ti_sysbios_family_arm_m3_Hwi_E_noIsr__C                              
00016340  ti_sysbios_family_arm_m3_Hwi_E_reserved__C                           
00016344  ti_sysbios_family_arm_m3_Hwi_E_svCall__C                             
00016348  ti_sysbios_family_arm_m3_Hwi_E_usageFault__C                         
0001634c  ti_sysbios_family_arm_m3_Hwi_NUM_INTERRUPTS__C                       
00016350  ti_sysbios_family_arm_m3_Hwi_Object__count__C                        
00016354  ti_sysbios_family_arm_m3_Hwi_ccr__C                                  
00016358  ti_sysbios_family_arm_m3_Hwi_excHandlerFunc__C                       
0001635c  ti_sysbios_family_arm_m3_Hwi_excHookFuncs__C                         
00016360  ti_sysbios_family_arm_m3_Hwi_nullIsrFunc__C                          
00016364  ti_sysbios_family_arm_m3_Hwi_priGroup__C                             
00016368  ti_sysbios_family_arm_m3_TaskSupport_stackAlignment__C               
0001636c  ti_sysbios_gates_GateMutex_A_badContext__C                           
00016370  ti_sysbios_gates_GateMutex_Instance_State_sem__O                     
00016374  ti_sysbios_gates_GateMutex_Module__diagsEnabled__C                   
00016378  ti_sysbios_gates_GateMutex_Module__diagsIncluded__C                  
0001637c  ti_sysbios_gates_GateMutex_Module__diagsMask__C                      
00016380  ti_sysbios_hal_Hwi_E_stackOverflow__C                                
00016384  ti_sysbios_hal_SecondsClock_Module_State_clock__O                    
00016388  ti_sysbios_heaps_HeapMem_A_align__C                                  
0001638c  ti_sysbios_heaps_HeapMem_A_heapSize__C                               
00016390  ti_sysbios_heaps_HeapMem_A_invalidFree__C                            
00016394  ti_sysbios_heaps_HeapMem_A_zeroBlock__C                              
00016398  ti_sysbios_heaps_HeapMem_E_memory__C                                 
0001639c  ti_sysbios_heaps_HeapMem_Module__diagsEnabled__C                     
000163a0  ti_sysbios_heaps_HeapMem_Module__diagsIncluded__C                    
000163a4  ti_sysbios_heaps_HeapMem_Module__diagsMask__C                        
000163a8  ti_sysbios_heaps_HeapMem_Module__gateObj__C                          
000163ac  ti_sysbios_heaps_HeapMem_Object__count__C                            
000163b0  ti_sysbios_heaps_HeapMem_reqAlign__C                                 
000163b4  ti_sysbios_knl_Clock_A_badThreadType__C                              
000163b8  ti_sysbios_knl_Clock_Module_State_clockQ__O                          
000163bc  ti_sysbios_knl_Clock_Module__diagsEnabled__C                         
000163c0  ti_sysbios_knl_Clock_Module__diagsIncluded__C                        
000163c4  ti_sysbios_knl_Clock_Module__diagsMask__C                            
000163c8  ti_sysbios_knl_Clock_tickPeriod__C                                   
000163cc  ti_sysbios_knl_Idle_funcList__A                                      
000163d0  ti_sysbios_knl_Semaphore_A_badContext__C                             
000163d4  ti_sysbios_knl_Semaphore_A_noEvents__C                               
000163d8  ti_sysbios_knl_Semaphore_A_overflow__C                               
000163dc  ti_sysbios_knl_Semaphore_A_pendTaskDisabled__C                       
000163e0  ti_sysbios_knl_Semaphore_Instance_State_pendQ__O                     
000163e4  ti_sysbios_knl_Semaphore_Module__diagsEnabled__C                     
000163e8  ti_sysbios_knl_Semaphore_Module__diagsIncluded__C                    
000163ec  ti_sysbios_knl_Semaphore_Module__diagsMask__C                        
000163f0  ti_sysbios_knl_Swi_Object__count__C                                  
000163f4  ti_sysbios_knl_Task_A_badPriority__C                                 
000163f8  ti_sysbios_knl_Task_A_badTaskState__C                                
000163fc  ti_sysbios_knl_Task_A_badThreadType__C                               
00016400  ti_sysbios_knl_Task_A_badTimeout__C                                  
00016404  ti_sysbios_knl_Task_A_noPendElem__C                                  
00016408  ti_sysbios_knl_Task_A_sleepTaskDisabled__C                           
0001640c  ti_sysbios_knl_Task_E_spOutOfBounds__C                               
00016410  ti_sysbios_knl_Task_E_stackOverflow__C                               
00016414  ti_sysbios_knl_Task_Module_State_inactiveQ__O                        
00016418  ti_sysbios_knl_Task_Module__diagsEnabled__C                          
0001641c  ti_sysbios_knl_Task_Module__diagsIncluded__C                         
00016420  ti_sysbios_knl_Task_Module__diagsMask__C                             
00016424  ti_sysbios_knl_Task_Object__count__C                                 
00016428  ti_sysbios_knl_Task_allBlockedFunc__C                                
0001642c  ti_sysbios_knl_Task_defaultStackHeap__C                              
00016430  ti_sysbios_knl_Task_defaultStackSize__C                              
00016434  ti_sysbios_knl_Task_numConstructedTasks__C                           
0001643c  xdc_runtime_Assert_E_assertFailed__C                                 
00016440  xdc_runtime_Core_A_initializedParams__C                              
00016444  xdc_runtime_Core_Module__diagsEnabled__C                             
00016448  xdc_runtime_Core_Module__diagsIncluded__C                            
0001644c  xdc_runtime_Core_Module__diagsMask__C                                
00016450  xdc_runtime_Error_E_memory__C                                        
00016454  xdc_runtime_Error_Module__diagsEnabled__C                            
00016458  xdc_runtime_Error_Module__diagsIncluded__C                           
0001645c  xdc_runtime_Error_Module__diagsMask__C                               
00016460  xdc_runtime_Error_Module__loggerFxn8__C                              
00016464  xdc_runtime_Error_Module__loggerObj__C                               
00016468  xdc_runtime_Error_policyFxn__C                                       
0001646c  xdc_runtime_Error_raiseHook__C                                       
00016470  xdc_runtime_IGateProvider_Interface__BASE__C                         
00016474  xdc_runtime_IHeap_Interface__BASE__C                                 
00016478  xdc_runtime_IModule_Interface__BASE__C                               
0001647c  xdc_runtime_Log_L_error__C                                           
00016480  xdc_runtime_Memory_defaultHeapInstance__C                            
00016484  xdc_runtime_Startup_execImpl__C                                      
00016488  xdc_runtime_Startup_lastFxns__A                                      
0001648c  xdc_runtime_Startup_maxPasses__C                                     
00016490  xdc_runtime_Startup_sfxnRts__C                                       
00016494  xdc_runtime_Startup_sfxnTab__C                                       
00016498  xdc_runtime_SysMin_bufSize__C                                        
0001649c  xdc_runtime_SysMin_outputFunc__C                                     
000164a0  xdc_runtime_System_Module__gateObj__C                                
000164a4  xdc_runtime_System_abortFxn__C                                       
000164a8  xdc_runtime_System_exitFxn__C                                        
000164ac  xdc_runtime_System_extendFxn__C                                      
000164b0  xdc_runtime_System_maxAtexitHandlers__C                              
000164b4  xdc_runtime_Text_charTab__C                                          
000164b8  xdc_runtime_Text_nameEmpty__C                                        
000164bc  xdc_runtime_Text_nameStatic__C                                       
000164c0  xdc_runtime_Text_nameUnknown__C                                      
000164c4  xdc_runtime_Text_nodeTab__C                                          
000164c8  xdc_runtime_Text_visitRopeFxn__C                                     
000164cc  ti_sysbios_gates_GateMutex_Module__id__C                             
000164ce  ti_sysbios_hal_Hwi_Module__id__C                                     
000164d0  ti_sysbios_heaps_HeapMem_Module__id__C                               
000164d2  ti_sysbios_knl_Clock_Module__id__C                                   
000164d4  ti_sysbios_knl_Semaphore_Module__id__C                               
000164d6  ti_sysbios_knl_Task_Module__id__C                                    
000164d8  xdc_runtime_Core_Module__id__C                                       
000164da  xdc_runtime_Error_Module__loggerDefined__C                           
000164dc  xdc_runtime_Error_maxDepth__C                                        
000164de  xdc_runtime_Memory_Module__id__C                                     
000164e0  xdc_runtime_SysMin_flushAtExit__C                                    
000164e2  xdc_runtime_Text_charCnt__C                                          
000164e4  xdc_runtime_Text_isLoaded__C                                         
000164e6  xdc_runtime_Text_registryModsLastId__C                               
000164e8  xdc_runtime_Text_unnamedModsLastId__C                                
000164f0  __TI_static_base__                                                   
00016b30  __TI_Handler_Table_Base                                              
00016b3c  __TI_Handler_Table_Limit                                             
00016b50  __TI_CINIT_Base                                                      
00016b68  __TI_CINIT_Limit                                                     
20000000  __start___llvm_prf_cnts                                              
20000000  __stop___llvm_prf_cnts                                               
20000000  ti_sysbios_family_arm_m3_Hwi_ramVectors                              
20000400  psDMAControlTable                                                    
20000800  task0Stack                                                           
20000c00  ti_sysbios_heaps_HeapMem_Instance_State_0_buf__A                     
20001000  ti_sysbios_family_arm_m3_Hwi_dispatchTable                           
20001360  ti_sysbios_knl_Task_Instance_State_0_stack__A                        
200016a0  __CIOBUF_                                                            
200017c0  i2cTivaObjects                                                       
200018c0  uartTivaObjects                                                      
20001a1c  xdc_runtime_SysMin_Module_State_0_outbuf__A                          
20001a9c  task0Struct                                                          
20001aec  sContext                                                             
20001b38  tempc                                                                
20001b58  uartTivaRingBuffer                                                   
20001b78  datetime                                                             
20001bb8  Banner                                                               
20001bc0  BannerB                                                              
20001bc8  parmbuf                                                              
20001bd0  g_pi32ParmSet                                                        
20001bd8  g_ui32Panel                                                          
20001be0  timerclock                                                           
20001be4  uart                                                                 
20001be8  g_i16TouchX                                                          
20001bea  g_i16TouchY                                                          
20001bec  g_psSliders                                                          
20001e14  g_psPanels                                                           
20002014  g_psRadioButtonIndicators                                            
20002194  sidertestC                                                           
20002294  g_psCheckBoxIndicators                                               
20002354  g_psCheckBoxes                                                       
20002414  g_psRadioButtons1                                                    
200024d4  g_psRadioButtons2                                                    
20002594  ti_sysbios_family_arm_lm4_Timer_Object__table__V                     
20002614  ti_sysbios_knl_Swi_Module_State_0_readyQ__A                          
20002694  ti_sysbios_knl_Task_Module_State_0_readyQ__A                         
20002714  g_psRadioContainers                                                  
20002784  slidertest                                                           
200027e0  brrrr2                                                               
20002830  brrrr                                                                
20002880  g_sNext                                                              
200028d0  g_sPrevious                                                          
20002920  ti_sysbios_knl_Task_Object__table__V                                 
2000296c  ti_sysbios_family_arm_m3_Hwi_Object__table__V                        
200029b4  ti_sysbios_knl_Task_Module__state__V                                 
200029f8  g_sCanvas1                                                           
20002a38  g_sCanvas2                                                           
20002a78  g_sCanvas3                                                           
20002ab8  g_sIntroduction                                                      
20002af8  g_sPrimitives                                                        
20002b38  g_sSliderValueCanvas                                                 
20002b78  ti_sysbios_family_arm_lm4_Timer_Module_State_0_device__A             
20002bb8  ti_sysbios_hal_SecondsClock_Module__state__V                         
20002bf4  g_sContainer1                                                        
20002c2c  g_sContainer2                                                        
20002c64  g_sContainer3                                                        
20002c9c  ti_sysbios_gates_GateMutex_Object__table__V                          
20002cd4  ti_sysbios_family_arm_m3_Hwi_Module__state__V                        
20002d08  ti_sysbios_knl_Swi_Object__table__V                                  
20002d38  g_sRoot                                                              
20002d66  ti_sysbios_family_arm_m3_Hwi_Module_State_0_excActive__A             
20002d68  ti_sysbios_knl_Clock_Module__state__V                                
20002d94  ti_sysbios_BIOS_Module__state__V                                     
20002db8  ti_sysbios_family_arm_lm4_Timer_Module_State_0_handles__A            
20002dd8  gpioPinConfigs                                                       
20002df4  ti_sysbios_knl_Swi_Module__state__V                                  
20002e10  ti_sysbios_heaps_HeapMem_Object__table__V                            
20002e28  ti_sysbios_family_arm_lm4_Timer_Module__state__V                     
20002e34  xdc_runtime_SysMin_Module__state__V                                  
20002e40  _lock                                                                
20002e44  _unlock                                                              
20002e48  gpioCallbackFunctions                                                
20002e50  ti_sysbios_family_arm_lm4_Timer_Module__root__V                      
20002e58  ti_sysbios_family_arm_lm4_TimestampProvider_Module__state__V         
20002e60  ti_sysbios_family_arm_m3_Hwi_Module__root__V                         
20002e68  ti_sysbios_gates_GateHwi_Module__root__V                             
20002e70  ti_sysbios_gates_GateMutex_Module__root__V                           
20002e78  ti_sysbios_hal_Timer_Module__root__V                                 
20002e80  ti_sysbios_heaps_HeapMem_Module__root__V                             
20002e88  ti_sysbios_knl_Clock_Module__root__V                                 
20002e90  ti_sysbios_knl_Queue_Module__root__V                                 
20002e98  ti_sysbios_knl_Semaphore_Module__root__V                             
20002ea0  ti_sysbios_knl_Task_Module__root__V                                  
20002ea8  xdc_runtime_Registry_Module__state__V                                
20002eb0  xdc_runtime_Startup_Module__state__V                                 
20002eb8  xdc_runtime_System_Module_State_0_atexitHandlers__A                  
20002ec0  xdc_runtime_System_Module__state__V                                  
20002ecd  motorStartStop                                                       
20002ece  HA                                                                   
20002ecf  HB                                                                   
20002ed0  HC                                                                   
20002ed1  LowLight                                                             
20002ed2  xdc_runtime_Error_Module__state__V                                   
20002edc  errno                                                                
20002ee0  main_func_sp                                                         
20002ee4  ti_sysbios_family_arm_m3_Hwi_Module_State_0_excContext__A            
20002ee8  ti_sysbios_family_arm_m3_Hwi_Module_State_0_excStack__A              
20002eec  ti_sysbios_gates_GateHwi_Object__table__V                            
20002ef0  ti_sysbios_knl_Task_Module_State_0_idleTask__A                       
20002ef4  g_i16TouchMin                                                        
20002ef8  xdc_runtime_Memory_Module__state__V                                  
20002f00  __stack                                                              
20003200  __STACK_END                                                          
e000e000  ti_sysbios_family_arm_m3_Hwi_nvic                                    
ffffffff  __TI_pprof_out_hndl                                                  
ffffffff  __TI_prof_data_size                                                  
ffffffff  __TI_prof_data_start                                                 
ffffffff  __binit__                                                            
ffffffff  __c_args__                                                           
ffffffff  binit                                                                
UNDEFED   SHT$$INIT_ARRAY$$Base                                                
UNDEFED   SHT$$INIT_ARRAY$$Limit                                               

[877 symbols]
