******************************************************************************
                  TI ARM Linker PC v20.2.5                     
******************************************************************************
>> Linked Thu May  5 09:02:57 2022

OUTPUT FILE NAME:   <EGH456MotorProject.out>
ENTRY POINT SYMBOL: "_c_int00"  address: 00007795


MEMORY CONFIGURATION

         name            origin    length      used     unused   attr    fill
----------------------  --------  ---------  --------  --------  ----  --------
  FLASH                 00000000   00100000  000106dd  000ef923  R  X
  SRAM                  20000000   00040000  00001f7c  0003e084  RW X


SEGMENT ALLOCATION MAP

run origin  load origin   length   init length attrs members
----------  ----------- ---------- ----------- ----- -------
00000000    00000000    000106e8   000106e8    r-x
  00000000    00000000    0000003c   0000003c    r-- .resetVecs
  00000040    00000040    00009f1a   00009f1a    r-x .text
  00009f5c    00009f5c    000064ff   000064ff    r-- .const
  00010460    00010460    00000288   00000288    r-- .cinit
20000000    20000000    00001f80   00000000    rw-
  20000000    20000000    00000360   00000000    rw- .vecs
  20000360    20000360    000013fc   00000000    rw- .bss
  2000175c    2000175c    00000520   00000000    rw- .data
  20001c80    20001c80    00000300   00000000    rw- .stack


SECTION ALLOCATION MAP

 output                                  attributes/
section   page    origin      length       input sections
--------  ----  ----------  ----------   ----------------
.text      0    00000040    00009f1a     
                  00000040    000006ac     MotorLib.lib : motorlib.obj (.text)
                  000006ec    00000004     driverlib.lib : i2c.obj (.text:I2CMasterControl)
                  000006f0    00000430     sysbios.aem4f : BIOS.obj (.text:ti_sysbios_family_arm_m3_Hwi_excDumpRegs__I)
                  00000b20    00000374     grlib.lib : image.obj (.text:InternalImageDraw)
                  00000e94    0000034c     ti.targets.arm.rtsarm.aem4f : System.oem4f (.text:xdc_runtime_System_doPrint__I)
                  000011e0    000002f8     grlib.lib : image.obj (.text:PixelTransparentDraw)
                  000014d8    000002d0     sysbios.aem4f : BIOS.obj (.text:ti_sysbios_knl_Semaphore_pend__E)
                  000017a8    00000278     frame.obj (.text:FrameDraw)
                  00001a20    0000026c     sysbios.aem4f : BIOS.obj (.text:ti_sysbios_heaps_HeapMem_free__E)
                  00001c8c    00000268     touch.obj (.text:TouchScreenDebouncer)
                  00001ef4    00000254     grlib.lib : string.obj (.text:GrFontGlyphRender)
                  00002148    00000250     sysbios.aem4f : BIOS.obj (.text:ti_sysbios_heaps_HeapMem_alloc__E)
                  00002398    00000234                   : BIOS.obj (.text:ti_sysbios_knl_Task_Instance_finalize__E)
                  000025cc    0000020c     drivers_tivaware.aem4f : UARTTiva.oem4f (.text:UARTTiva_open)
                  000027d8    00000204     Boot.aem4f : Boot_sysctl.oem4f (.text:ti_catalog_arm_cortexm4_tiva_ce_Boot_sysCtlClockFreqSetI__I)
                  000029dc    00000004     driverlib.lib : i2c.obj (.text:I2CMasterDataGet)
                  000029e0    000001f4     sysbios.aem4f : BIOS.obj (.text:ti_sysbios_family_arm_m3_Hwi_excHandlerMax__I)
                  00002bd4    000001e4     Kentec320x240x16_ssd2119_spi.obj (.text:Kentec320x240x16_SSD2119Init)
                  00002db8    000001dc     Kentec320x240x16_ssd2119_spi.obj (.text:Kentec320x240x16_SSD2119PixelDrawMultiple)
                  00002f94    00000004     driverlib.lib : i2c.obj (.text:I2CMasterDataPut)
                  00002f98    000001c0     sysbios.aem4f : BIOS.obj (.text:ti_sysbios_knl_Task_Instance_init__E)
                  00003158    000001a4     pinout.obj (.text:PinoutSet)
                  000032fc    00000190     grlib.lib : canvas.obj (.text:CanvasPaint)
                  0000348c    0000017e               : pushbutton.obj (.text:RectangularButtonPaint)
                  0000360a    00000002     rtsv7M4_T_le_v4SPD16_eabi.lib : _lock.c.obj (.text:_nop)
                  0000360c    00000178     touch.obj (.text:TouchScreenIntHandler)
                  00003784    00000004     driverlib.lib : uart.obj (.text:UARTIntClear)
                  00003788    00000174     sysbios.aem4f : BIOS.obj (.text:ti_sysbios_family_arm_m3_Hwi_excBusFault__I)
                  000038fc    00000170     drivers_tivaware.aem4f : PWMTiva.oem4f (.text:PWMTiva_open)
                  00003a6c    00000004     grlib.lib : widget.obj (.text:WidgetDefaultMsgProc)
                  00003a70    00000164     sysbios.aem4f : BIOS.obj (.text:ti_sysbios_family_arm_m3_Hwi_excUsageFault__I)
                  00003bd4    00000150     drivers_tivaware.aem4f : GPIOTiva.oem4f (.text:GPIO_setConfig)
                  00003d24    00000148     empty.obj (.text:main)
                  00003e6c    00000004     rtsv7M4_T_le_v4SPD16_eabi.lib : exit.c.obj (.text:abort:abort)
                  00003e70    00000148     sysbios.aem4f : BIOS.obj (.text:ti_sysbios_family_arm_m3_Hwi_excMemFault__I)
                  00003fb8    0000013c                   : BIOS.obj (.text:ti_sysbios_heaps_HeapMem_Instance_init__E)
                  000040f4    00000004     empty_pem4f.oem4f (.text:ti_sysbios_BIOS_RtsGateProxy_enter__E)
                  000040f8    00000134     sysbios.aem4f : BIOS.obj (.text:ti_sysbios_family_arm_lm4_Timer_start__E)
                  0000422c    00000130     driverlib.lib : gpio.obj (.text:GPIOPadConfigSet)
                  0000435c    00000004     empty_pem4f.oem4f (.text:ti_sysbios_BIOS_RtsGateProxy_leave__E)
                  00004360    0000011c     sysbios.aem4f : BIOS.obj (.text:ti_sysbios_knl_Clock_Instance_init__E)
                  0000447c    00000118     ti.targets.arm.rtsarm.aem4f : Error.oem4f (.text:xdc_runtime_Error_policyDefault__E)
                  00004594    00000114     drivers_tivaware.aem4f : PWMTimerTiva.oem4f (.text:PWMTimerTiva_open)
                  000046a8    0000010c     Kentec320x240x16_ssd2119_spi.obj (.text:Kentec320x240x16_SSD2119RectFill)
                  000047b4    0000010c     touch.obj (.text:TouchScreenInit)
                  000048c0    00000100     ti.targets.arm.rtsarm.aem4f : Core-mem.oem4f (.text:xdc_runtime_Core_createObject__I)
                  000049c0    000000f8                                 : Startup.oem4f (.text:xdc_runtime_Startup_startMods__I)
                  00004ab8    000000f8     empty_pem4f.oem4f (.text:xdc_runtime_System_printfExtend__I)
                  00004bb0    000000f4     sysbios.aem4f : m3_Hwi_asm.obj (.text:ti_sysbios_family_arm_m3_Hwi_dispatch__I)
                  00004ca4    000000f2     grlib.lib : pushbutton.obj (.text:RectangularButtonClick)
                  00004d96    000000f0     drivers_tivaware.aem4f : PWMTiva.oem4f (.text:PWMTiva_setDuty)
                  00004e86    00000002     rtsv7M4_T_le_v4SPD16_eabi.lib : div0.asm.obj (.text)
                  00004e88    000000ec     sysbios.aem4f : BIOS.obj (.text:ti_sysbios_knl_Semaphore_post__E)
                  00004f74    000000e8     grlib.lib : widget.obj (.text:WidgetMessageQueueAdd)
                  0000505c    000000e0     drivers_tivaware.aem4f : I2CTiva.oem4f (.text:I2CTiva_open)
                  0000513c    000000d6                            : I2CTiva.oem4f (.text:I2CTiva_hwiFxn)
                  00005212    00000002     empty_pem4f.oem4f (.text:ti_sysbios_BIOS_nullFunc__I)
                  00005214    000000cc     ti.targets.arm.rtsarm.aem4f : Core-smem.oem4f (.text:xdc_runtime_Core_constructObject__I)
                  000052e0    000000c0     grlib.lib : string.obj (.text:GrDefaultStringRenderer)
                  000053a0    000000bc     sysbios.aem4f : BIOS.obj (.text:ti_sysbios_family_arm_m3_Hwi_excDebugMon__I)
                  0000545c    00000004                   : BIOS.obj (.text:ti_sysbios_family_arm_lm4_Timer_masterEnable__I)
                  00005460    000000bc                   : BIOS.obj (.text:ti_sysbios_family_arm_m3_Hwi_excHardFault__I)
                  0000551c    000000b8     EK_TM4C1294XL.obj (.text:EK_TM4C1294XL_initGeneral)
                  000055d4    000000b8     Kentec320x240x16_ssd2119_spi.obj (.text:InitSPILCDInterface)
                  0000568c    000000b8     drivers_tivaware.aem4f : PWMTimerTiva.oem4f (.text:PWMTimerTiva_setDuty)
                  00005744    00000004     empty_pem4f.oem4f (.text:ti_sysbios_family_arm_m3_Hwi_destruct)
                  00005748    000000b4     sysbios.aem4f : BIOS.obj (.text:ti_sysbios_gates_GateMutex_enter__E)
                  000057fc    00000004     empty_pem4f.oem4f (.text:ti_sysbios_family_arm_m3_TaskSupport_Module__startupDone__S)
                  00005800    000000b4     sysbios.aem4f : BIOS.obj (.text:ti_sysbios_knl_Task_checkStacks__E)
                  000058b4    000000ac     drivers_tivaware.aem4f : UARTTiva.oem4f (.text:readTaskBlocking)
                  00005960    000000ac     sysbios.aem4f : BIOS.obj (.text:ti_sysbios_family_arm_lm4_Timer_enableTiva__I)
                  00005a0c    00000004     empty_pem4f.oem4f (.text:ti_sysbios_heaps_HeapMem_Module_GateProxy_enter__E)
                  00005a10    000000a8     sysbios.aem4f : BIOS.obj (.text:ti_sysbios_family_arm_lm4_Timer_enableTimers__I)
                  00005ab8    000000a8                   : BIOS.obj (.text:ti_sysbios_knl_Task_postInit__I)
                  00005b60    000000a4                   : BIOS.obj (.text:ti_sysbios_knl_Clock_Instance_finalize__E)
                  00005c04    000000a0     auto_init.aem4f : auto_init.oem4f (.text)
                  00005ca4    000000a0     ti.targets.arm.rtsarm.aem4f : Text.oem4f (.text:xdc_runtime_Text_putMod__E)
                  00005d44    0000009c     rtsv7M4_T_le_v4SPD16_eabi.lib : memcpy_t2.asm.obj (.text)
                  00005de0    0000009c     sysbios.aem4f : BIOS.obj (.text:ti_sysbios_knl_Semaphore_Instance_init__E)
                  00005e7c    0000009a     ti.targets.arm.rtsarm.aem4f : Text.oem4f (.text:xdc_runtime_Text_putSite__E)
                  00005f16    00000098     drivers_tivaware.aem4f : UARTTiva.oem4f (.text:UARTTiva_readPolling)
                  00005fae    00000002     empty_pem4f.oem4f (.text:xdc_runtime_Startup_reset__I)
                  00005fb0    00000098     Boot.aem4f : Boot.oem4f (.text:ti_catalog_arm_cortexm4_tiva_ce_Boot_sysCtlClockFreqSet__E)
                  00006048    00000094     drivers_tivaware.aem4f : UARTTiva.oem4f (.text:UARTTiva_write)
                  000060dc    00000004     empty_pem4f.oem4f (.text:ti_sysbios_heaps_HeapMem_Module_GateProxy_leave__E)
                  000060e0    00000094     sysbios.aem4f : BIOS.obj (.text:ti_sysbios_family_arm_m3_Hwi_Instance_init__E)
                  00006174    00000004     empty_pem4f.oem4f (.text:ti_sysbios_knl_Clock_TimerProxy_getMaxTicks__E)
                  00006178    00000094     sysbios.aem4f : BIOS.obj (.text:ti_sysbios_family_arm_m3_Hwi_initNVIC__E)
                  0000620c    0000008c     drivers_tivaware.aem4f : GPIOTiva.oem4f (.text:GPIO_init)
                  00006298    0000008c                            : UARTTiva.oem4f (.text:UARTTiva_control)
                  00006324    0000008c     sysbios.aem4f : m3_TaskSupport_asm.obj (.text:ti_sysbios_family_arm_m3_TaskSupport_buildTaskStack)
                  000063b0    0000008a     drivers_tivaware.aem4f : UARTTiva.oem4f (.text:readIsrTextBlocking)
                  0000643a    00000002     --HOLE-- [fill = 0]
                  0000643c    00000088                            : PWMTiva.oem4f (.text:PWMTiva_control)
                  000064c4    00000086     grlib.lib : rectangle.obj (.text:GrRectFill)
                  0000654a    00000002     --HOLE-- [fill = 0]
                  0000654c    00000084     empty.obj (.text:StartStopBttnPress)
                  000065d0    00000084     sysbios.aem4f : BIOS.obj (.text:ti_sysbios_family_arm_m3_Hwi_postInit__I)
                  00006654    00000082     drivers_tivaware.aem4f : UARTTiva.oem4f (.text:readIsrTextCallback)
                  000066d6    0000007e                            : I2CTiva.oem4f (.text:I2CTiva_transfer)
                  00006754    0000007a     driverlib.lib : adc.obj (.text:ADCSequenceStepConfigure)
                  000067ce    0000007a     drivers_tivaware.aem4f : UARTTiva.oem4f (.text:readTaskCallback)
                  00006848    0000007a     rtsv7M4_T_le_v4SPD16_eabi.lib : memset_t2.asm.obj (.text)
                  000068c2    00000006     driverlib.lib : gpio.obj (.text:GPIOIntClear)
                  000068c8    00000074     sysbios.aem4f : BIOS.obj (.text:ti_sysbios_knl_Clock_start__E)
                  0000693c    00000004     empty_pem4f.oem4f (.text:ti_sysbios_knl_Clock_destruct)
                  00006940    00000070     sysbios.aem4f : BIOS.obj (.text:ti_sysbios_knl_Clock_workFunc__E)
                  000069b0    00000070                   : BIOS.obj (.text:ti_sysbios_knl_Task_exit__E)
                  00006a20    0000006d     ti.targets.arm.rtsarm.aem4f : System.oem4f (.text:xdc_runtime_System_formatNum__I)
                  00006a8d    00000003     --HOLE-- [fill = 0]
                  00006a90    0000006c     drivers_tivaware.aem4f : PWMTimerTiva.oem4f (.text:PWMTimerTiva_control)
                  00006afc    00000004     empty_pem4f.oem4f (.text:ti_sysbios_knl_Queue_destruct)
                  00006b00    0000006c     sysbios.aem4f : BIOS.obj (.text:ti_sysbios_knl_Swi_restoreHwi__E)
                  00006b6c    0000006c     drivers_tivaware.aem4f : UARTTiva.oem4f (.text:writeData)
                  00006bd8    0000006c     ti.targets.arm.rtsarm.aem4f : Error.oem4f (.text:xdc_runtime_Error_print__E)
                  00006c44    0000006c                                 : Memory.oem4f (.text:xdc_runtime_Memory_alloc__E)
                  00006cb0    0000006a     drivers_tivaware.aem4f : PWMTiva.oem4f (.text:PWMTiva_close)
                  00006d1a    00000002     --HOLE-- [fill = 0]
                  00006d1c    00000068     EK_TM4C1294XL.obj (.text:EK_TM4C1294XL_initI2C)
                  00006d84    00000068     grlib.lib : context.obj (.text:GrContextInit)
                  00006dec    00000068               : string.obj (.text:GrStringWidthGet)
                  00006e54    00000068     driverlib.lib : interrupt.obj (.text:IntEnable)
                  00006ebc    00000068     Kentec320x240x16_ssd2119_spi.obj (.text:Kentec320x240x16_SSD2119LineDrawH)
                  00006f24    00000068     Kentec320x240x16_ssd2119_spi.obj (.text:Kentec320x240x16_SSD2119LineDrawV)
                  00006f8c    00000068     rtsv7M4_T_le_v4SPD16_eabi.lib : copy_decompress_lzss.c.obj (.text:decompress:lzss:__TI_decompress_lzss)
                  00006ff4    00000066     grlib.lib : context.obj (.text:GrContextClipRegionSet)
                  0000705a    00000066               : rectangle.obj (.text:GrRectDraw)
                  000070c0    00000066     ti.targets.arm.rtsarm.aem4f : Core-mem.oem4f (.text:xdc_runtime_Core_deleteObject__I)
                  00007126    00000002     --HOLE-- [fill = 0]
                  00007128    00000064     drivers_tivaware.aem4f : GPIOTiva.oem4f (.text:GPIO_hwiIntFxn)
                  0000718c    00000004     empty_pem4f.oem4f (.text:ti_sysbios_knl_Semaphore_destruct)
                  00007190    00000064     sysbios.aem4f : BIOS.obj (.text:ti_sysbios_family_arm_lm4_Timer_Module_startup__E)
                  000071f4    00000064     empty_pem4f.oem4f (.text:ti_sysbios_family_arm_m3_Hwi_create)
                  00007258    00000064     sysbios.aem4f : BIOS.obj (.text:ti_sysbios_family_arm_m3_Hwi_dispatchC__I)
                  000072bc    00000062     drivers_tivaware.aem4f : I2CTiva.oem4f (.text:I2CTiva_primeTransfer)
                  0000731e    00000002     --HOLE-- [fill = 0]
                  00007320    00000060     driverlib.lib : timer.obj (.text:TimerConfigure)
                  00007380    00000060     Kentec320x240x16_ssd2119_spi.obj (.text:WriteDataSPI)
                  000073e0    00000060     sysbios.aem4f : BIOS.obj (.text:ti_sysbios_family_arm_lm4_Timer_isrStub__E)
                  00007440    00000060                   : BIOS.obj (.text:ti_sysbios_knl_Task_schedule__I)
                  000074a0    0000005e     drivers_tivaware.aem4f : UARTTiva.oem4f (.text:readIsrBinaryBlocking)
                  000074fe    00000002     --HOLE-- [fill = 0]
                  00007500    0000005c     Kentec320x240x16_ssd2119_spi.obj (.text:WriteCommandSPI)
                  0000755c    00000004     ti.targets.arm.rtsarm.aem4f : Error.oem4f (.text:xdc_runtime_Error_getSite__E)
                  00007560    0000005c     sysbios.aem4f : BIOS.obj (.text:ti_sysbios_knl_Swi_run__I)
                  000075bc    00000004     empty_pem4f.oem4f (.text:xdc_runtime_System_Module_GateProxy_enter__E)
                  000075c0    0000005c     sysbios.aem4f : BIOS.obj (.text:ti_sysbios_knl_Swi_schedule__I)
                  0000761c    00000004     empty_pem4f.oem4f (.text:xdc_runtime_System_Module_GateProxy_leave__E)
                  00007620    0000005c     sysbios.aem4f : BIOS.obj (.text:ti_sysbios_knl_Task_Module_startup__E)
                  0000767c    00000004     ti.targets.arm.rtsarm.aem4f : System.oem4f (.text:xdc_runtime_System_aprintf_va__F)
                  00007680    0000005c     sysbios.aem4f : BIOS.obj (.text:ti_sysbios_knl_Task_startCore__E)
                  000076dc    0000005b     ti.targets.arm.rtsarm.aem4f : Text.oem4f (.text:xdc_runtime_Text_putLab__E)
                  00007737    00000001     --HOLE-- [fill = 0]
                  00007738    0000005a     grlib.lib : string.obj (.text:FontWideGlyphDataGet)
                  00007792    00000002     --HOLE-- [fill = 0]
                  00007794    00000058     boot.aem4f : boot.oem4f (.text)
                  000077ec    00000058     rtsv7M4_T_le_v4SPD16_eabi.lib : hostwrite.c.obj (.text:HOSTwrite)
                  00007844    00000058     driverlib.lib : timer.obj (.text:TimerControlTrigger)
                  0000789c    00000058     empty_pem4f.oem4f (.text:ti_sysbios_family_arm_m3_Hwi_construct)
                  000078f4    00000058     sysbios.aem4f : m3_Hwi_asm_switch.obj (.text:ti_sysbios_family_arm_m3_Hwi_initStacks__E)
                  0000794c    00000056     driverlib.lib : gpio.obj (.text:GPIOIntTypeSet)
                  000079a2    00000054     drivers_tivaware.aem4f : UARTTiva.oem4f (.text:readIsrBinaryCallback)
                  000079f6    00000002     --HOLE-- [fill = 0]
                  000079f8    00000054     empty_pem4f.oem4f (.text:ti_sysbios_knl_Task_construct)
                  00007a4c    00000054     ti.targets.arm.rtsarm.aem4f : Assert.oem4f (.text:xdc_runtime_Assert_raise__I)
                  00007aa0    00000050     drivers_tivaware.aem4f : GPIOTiva.oem4f (.text:GPIO_setCallback)
                  00007af0    00000050                            : GPIOTiva.oem4f (.text:GPIO_write)
                  00007b40    00000050                            : UARTTiva.oem4f (.text:UARTTiva_writeCancel)
                  00007b90    00000050     Boot.aem4f : Boot_sysctl.oem4f (.text:_SysCtlFrequencyGet)
                  00007be0    00000050     sysbios.aem4f : BIOS.obj (.text:ti_sysbios_family_arm_m3_Hwi_Module_startup__E)
                  00007c30    00000050     ti.targets.arm.rtsarm.aem4f : Startup.oem4f (.text:xdc_runtime_Startup_exec__E)
                  00007c80    00000050                                 : Text.oem4f (.text:xdc_runtime_Text_visitRope2__I)
                  00007cd0    0000004c     drivers_tivaware.aem4f : UARTTiva.oem4f (.text:UARTTiva_close)
                  00007d1c    0000004c     rtsv7M4_T_le_v4SPD16_eabi.lib : cpy_tbl.c.obj (.text:copy_in)
                  00007d68    0000004c     sysbios.aem4f : BIOS.obj (.text:ti_sysbios_family_arm_lm4_Timer_setAvailMask__E)
                  00007db4    00000004     ti.targets.arm.rtsarm.aem4f : System.oem4f (.text:xdc_runtime_System_printf_va__F)
                  00007db8    0000004c     sysbios.aem4f : BIOS.obj (.text:ti_sysbios_heaps_HeapMem_getStats__E)
                  00007e04    00000004     --HOLE-- [fill = 0]
                  00007e08    0000004c                   : BIOS.obj (.text:ti_sysbios_knl_Swi_runLoop__I)
                  00007e54    00000004     --HOLE-- [fill = 0]
                  00007e58    0000004c                   : BIOS.obj (.text:ti_sysbios_knl_Task_allBlockedFunction__I)
                  00007ea4    0000004a     drivers_tivaware.aem4f : PWMTimerTiva.oem4f (.text:PWMTimerTiva_close)
                  00007eee    0000004a     grlib.lib : string.obj (.text:UpdateContextCharMapping)
                  00007f38    00000048     driverlib.lib : gpio.obj (.text:GPIOPinConfigure)
                  00007f80    00000048                   : i2c.obj (.text:I2CMasterInitExpClk)
                  00007fc8    00000048     sysbios.aem4f : BIOS.obj (.text:ti_sysbios_family_arm_m3_Hwi_disableInterrupt__E)
                  00008010    00000048                   : BIOS.obj (.text:ti_sysbios_family_arm_m3_Hwi_enableInterrupt__E)
                  00008058    00000048                   : BIOS.obj (.text:ti_sysbios_family_arm_m3_Hwi_excReserved__I)
                  000080a0    00000046     grlib.lib : line.obj (.text:GrLineDrawH)
                  000080e6    00000046               : line.obj (.text:GrLineDrawV)
                  0000812c    00000046     Kentec320x240x16_ssd2119_spi.obj (.text:Kentec320x240x16_SSD2119PixelDraw)
                  00008172    00000046     drivers_tivaware.aem4f : RingBuf.oem4f (.text:RingBuf_put)
                  000081b8    00000046     UARTLocal.obj (.text:initUART)
                  000081fe    00000046     ti.targets.arm.rtsarm.aem4f : Core-params.oem4f (.text:xdc_runtime_Core_assignParams__I)
                  00008244    00000004     --HOLE-- [fill = 0]
                  00008248    00000044     sysbios.aem4f : BIOS.obj (.text:ti_sysbios_family_arm_m3_Hwi_getStackInfo__E)
                  0000828c    00000004     --HOLE-- [fill = 0]
                  00008290    00000044                   : BIOS.obj (.text:ti_sysbios_knl_Swi_post__E)
                  000082d4    00000044     ti.targets.arm.rtsarm.aem4f : Error.oem4f (.text:xdc_runtime_Error_setX__E)
                  00008318    00000044                                 : SysMin.oem4f (.text:xdc_runtime_SysMin_flush__E)
                  0000835c    00000044                                 : Text.oem4f (.text:xdc_runtime_Text_xprintf__I)
                  000083a0    00000042     driverlib.lib : uart.obj (.text:UARTConfigSetExpClk)
                  000083e2    00000042     drivers_tivaware.aem4f : UARTTiva.oem4f (.text:UARTTiva_hwiIntFxn)
                  00008424    00000042                            : UARTTiva.oem4f (.text:UARTTiva_writePolling)
                  00008466    00000040                            : RingBuf.oem4f (.text:RingBuf_get)
                  000084a6    00000040                            : UARTTiva.oem4f (.text:UARTTiva_read)
                  000084e6    00000040     rtsv7M4_T_le_v4SPD16_eabi.lib : u_divt2.asm.obj (.text)
                  00008526    00000002     --HOLE-- [fill = 0]
                  00008528    00000040     sysbios.aem4f : BIOS.obj (.text:ti_sysbios_family_arm_lm4_Timer_startup__E)
                  00008568    0000003e     driverlib.lib : adc.obj (.text:ADCSequenceConfigure)
                  000085a6    0000003c                   : ssi.obj (.text:SSIConfigSetExpClk)
                  000085e2    00000006                   : gpio.obj (.text:GPIOPinWrite)
                  000085e8    0000003c     sysbios.aem4f : BIOS.obj (.text:ti_sysbios_family_arm_m3_Hwi_excSvCall__I)
                  00008624    00000004     --HOLE-- [fill = 0]
                  00008628    0000003c                   : BIOS.obj (.text:ti_sysbios_heaps_HeapMem_init__I)
                  00008664    00000004     --HOLE-- [fill = 0]
                  00008668    0000003c                   : BIOS.obj (.text:ti_sysbios_knl_Swi_restore__E)
                  000086a4    0000003a     grlib.lib : string.obj (.text:FontGlyphDataGet)
                  000086de    0000003a     drivers_tivaware.aem4f : I2CTiva.oem4f (.text:I2CTiva_completeTransfer)
                  00008718    00000038                            : I2C.oem4f (.text:I2C_init)
                  00008750    00000038                            : PWM.oem4f (.text:PWM_init)
                  00008788    00000038     driverlib.lib : sysctl.obj (.text:SysCtlPeripheralReady)
                  000087c0    00000038     drivers_tivaware.aem4f : UART.oem4f (.text:UART_init)
                  000087f8    00000038     rtsv7M4_T_le_v4SPD16_eabi.lib : trgmsg.c.obj (.text:__TI_writemsg)
                  00008830    00000038     sysbios.aem4f : BIOS.obj (.text:ti_sysbios_family_arm_m3_Hwi_excNoIsr__I)
                  00008868    00000038                   : BIOS.obj (.text:ti_sysbios_knl_Task_processVitalTaskFlag__I)
                  000088a0    00000038     ti.targets.arm.rtsarm.aem4f : SysMin.oem4f (.text:xdc_runtime_SysMin_putch__E)
                  000088d8    00000038                                 : System.oem4f (.text:xdc_runtime_System_atexit__E)
                  00008910    00000036     drivers_tivaware.aem4f : I2CTiva.oem4f (.text:I2CTiva_close)
                  00008946    00000036                            : UARTTiva.oem4f (.text:UARTTiva_readCancel)
                  0000897c    00000034     driverlib.lib : sysctl.obj (.text:SysCtlPeripheralEnable)
                  000089b0    00000034     rtsv7M4_T_le_v4SPD16_eabi.lib : trgmsg.c.obj (.text:__TI_readmsg)
                  000089e4    00000034     empty.obj (.text:heartBeatFxn)
                  00008a18    00000034     sysbios.aem4f : BIOS.obj (.text:ti_sysbios_family_arm_m3_Hwi_Instance_finalize__E)
                  00008a4c    00000004     --HOLE-- [fill = 0]
                  00008a50    00000034                   : BIOS.obj (.text:ti_sysbios_family_arm_m3_Hwi_excNmi__I)
                  00008a84    00000004     --HOLE-- [fill = 0]
                  00008a88    00000034                   : BIOS.obj (.text:ti_sysbios_hal_Hwi_checkStack)
                  00008abc    00000034     empty_pem4f.oem4f (.text:ti_sysbios_knl_Clock_construct)
                  00008af0    00000034     ti.targets.arm.rtsarm.aem4f : Core-label.oem4f (.text:xdc_runtime_Core_assignLabel__I)
                  00008b24    00000033                                 : Text.oem4f (.text:xdc_runtime_Text_printVisFxn__I)
                  00008b57    00000001     --HOLE-- [fill = 0]
                  00008b58    00000032     sysbios.aem4f : BIOS.obj (.text:ti_sysbios_hal_Hwi_initStack)
                  00008b8a    00000002     --HOLE-- [fill = 0]
                  00008b8c    00000030     drivers_tivaware.aem4f : PWMTiva.oem4f (.text:PWMTiva_init)
                  00008bbc    00000030                            : PWM.oem4f (.text:PWM_open)
                  00008bec    00000030                            : UART.oem4f (.text:UART_open)
                  00008c1c    00000030     empty_pem4f.oem4f (.text:ti_sysbios_BIOS_atExitFunc__I)
                  00008c4c    00000004     --HOLE-- [fill = 0]
                  00008c50    00000030     sysbios.aem4f : BIOS.obj (.text:ti_sysbios_family_arm_lm4_Timer_stop__E)
                  00008c80    00000030                   : BIOS.obj (.text:ti_sysbios_family_arm_m3_TaskSupport_start__E)
                  00008cb0    00000030     empty_pem4f.oem4f (.text:ti_sysbios_gates_GateHwi_Object__create__S)
                  00008ce0    00000030     empty_pem4f.oem4f (.text:ti_sysbios_gates_GateMutex_Object__create__S)
                  00008d10    00000030     empty_pem4f.oem4f (.text:ti_sysbios_heaps_HeapMem_Object__create__S)
                  00008d40    00000030     empty_pem4f.oem4f (.text:ti_sysbios_knl_Semaphore_construct)
                  00008d70    00000030     sysbios.aem4f : BIOS.obj (.text:ti_sysbios_knl_Semaphore_pendTimeout__I)
                  00008da0    00000030                   : BIOS.obj (.text:ti_sysbios_knl_Task_unblockI__E)
                  00008dd0    00000030     ti.targets.arm.rtsarm.aem4f : SysMin.oem4f (.text:xdc_runtime_SysMin_abort__E)
                  00008e00    00000030                                 : System.oem4f (.text:xdc_runtime_System_processAtExit__E)
                  00008e30    0000002e     grlib.lib : string.obj (.text:GrStringNextCharGet)
                  00008e5e    00000002     --HOLE-- [fill = 0]
                  00008e60    0000002c     EK_TM4C1294XL.obj (.text:EK_TM4C1294XL_initUART)
                  00008e8c    0000002c     grlib.lib : string.obj (.text:GrFontBaselineGet)
                  00008eb8    0000002c               : string.obj (.text:GrFontHeightGet)
                  00008ee4    0000002c               : pushbutton.obj (.text:RectangularButtonMsgProc)
                  00008f10    0000002c     empty_pem4f.oem4f (.text:ti_sysbios_knl_Clock_doTick__I)
                  00008f3c    0000002c     empty_pem4f.oem4f (.text:ti_sysbios_knl_Queue_construct)
                  00008f68    0000002c     sysbios.aem4f : BIOS.obj (.text:ti_sysbios_knl_Task_restore__E)
                  00008f94    0000002c     ti.targets.arm.rtsarm.aem4f : Text.oem4f (.text:xdc_runtime_Text_cordText__E)
                  00008fc0    0000002a     driverlib.lib : gpio.obj (.text:GPIODirModeSet)
                  00008fea    0000002a     ti.targets.arm.rtsarm.aem4f : System.oem4f (.text:xdc_runtime_System_putchar__I)
                  00009014    00000028     Kentec320x240x16_ssd2119_spi.obj (.text:Kentec320x240x16_SSD2119ColorTranslate)
                  0000903c    00000004     --HOLE-- [fill = 0]
                  00009040    00000028     sysbios.aem4f : BIOS.obj (.text:ti_sysbios_knl_Swi_Module_startup__E)
                  00009068    00000026     grlib.lib : string.obj (.text:GrFontInfoGet)
                  0000908e    00000026     sysbios.aem4f : m3_Hwi_asm.obj (.text:ti_sysbios_family_arm_m3_Hwi_pendSV__I)
                  000090b4    00000026     ti.targets.arm.rtsarm.aem4f : System.oem4f (.text:xdc_runtime_System_avprintf__E)
                  000090da    00000002     --HOLE-- [fill = 0]
                  000090dc    00000024     empty_pem4f.oem4f (.text:ti_sysbios_BIOS_errorRaiseHook__I)
                  00009100    00000024     empty_pem4f.oem4f (.text:ti_sysbios_BIOS_registerRTSLock__I)
                  00009124    00000024     empty_pem4f.oem4f (.text:ti_sysbios_BIOS_removeRTSLock__I)
                  00009148    00000024     empty_pem4f.oem4f (.text:ti_sysbios_BIOS_startFunc__I)
                  0000916c    00000024     empty_pem4f.oem4f (.text:ti_sysbios_gates_GateMutex_Object__delete__S)
                  00009190    00000024     sysbios.aem4f : BIOS.obj (.text:ti_sysbios_knl_Clock_Module_startup__E)
                  000091b4    00000004     --HOLE-- [fill = 0]
                  000091b8    00000024                   : BIOS.obj (.text:ti_sysbios_knl_Task_restoreHwi__E)
                  000091dc    00000024     ti.targets.arm.rtsarm.aem4f : System.oem4f (.text:xdc_runtime_System_vprintf__E)
                  00009200    00000022     grlib.lib : string.obj (.text:GrFontGlyphDataGet)
                  00009222    00000022     driverlib.lib : pwm.obj (.text:PWMGenConfigure)
                  00009244    00000022     drivers_tivaware.aem4f : PWMTiva.oem4f (.text:PWMTiva_getPeriodCounts)
                  00009266    00000002     --HOLE-- [fill = 0]
                  00009268    00000022     sysbios.aem4f : BIOS.obj (.text:ti_sysbios_family_arm_lm4_Timer_write__I)
                  0000928a    00000022     empty_pem4f.oem4f (.text:xdc_runtime_SysMin_output__I)
                  000092ac    00000020     Boot.aem4f : Boot_sysctl.oem4f (.text:_SysCtlMemTimingGet)
                  000092cc    00000020     empty_pem4f.oem4f (.text:ti_sysbios_BIOS_rtsLock__I)
                  000092ec    00000020     sysbios.aem4f : m3_Hwi_asm.obj (.text:ti_sysbios_family_arm_m3_Hwi_excHandlerAsm__I)
                  0000930c    00000004     --HOLE-- [fill = 0]
                  00009310    00000020                   : BIOS.obj (.text:ti_sysbios_family_arm_m3_Hwi_excHandler__I)
                  00009330    00000020     empty_pem4f.oem4f (.text:ti_sysbios_gates_GateHwi_Object__delete__S)
                  00009350    00000020     empty_pem4f.oem4f (.text:ti_sysbios_heaps_HeapMem_Object__delete__S)
                  00009370    00000020     empty_pem4f.oem4f (.text:ti_sysbios_knl_Clock_Object__destruct__S)
                  00009390    00000020     sysbios.aem4f : BIOS.obj (.text:ti_sysbios_knl_Idle_run__E)
                  000093b0    00000020     empty_pem4f.oem4f (.text:ti_sysbios_knl_Semaphore_Object__destruct__S)
                  000093d0    00000020     ti.targets.arm.rtsarm.aem4f : Registry.oem4f (.text:xdc_runtime_Registry_findById__E)
                  000093f0    00000020                                 : SysMin.oem4f (.text:xdc_runtime_SysMin_Module_startup__E)
                  00009410    0000001e     grlib.lib : string.obj (.text:GrFontCodepageGet)
                  0000942e    0000001e     driverlib.lib : pwm.obj (.text:PWMPulseWidthSet)
                  0000944c    0000001e     drivers_tivaware.aem4f : PWMTiva.oem4f (.text:PWMTiva_getPeriodMicroSecs)
                  0000946a    0000001e     grlib.lib : widget.obj (.text:WidgetAdd)
                  00009488    0000001e     sysbios.aem4f : m3_Hwi_asm_switch.obj (.text:ti_sysbios_family_xxx_Hwi_switchAndRunFunc)
                  000094a6    00000002     --HOLE-- [fill = 0]
                  000094a8    0000001c     driverlib.lib : uart.obj (.text:UARTDisable)
                  000094c4    0000001c     grlib.lib : widget.obj (.text:WidgetPointerMessage)
                  000094e0    0000001c     drivers_tivaware.aem4f : GPIOTiva.oem4f (.text:getGpioIntIndex)
                  000094fc    0000001c     empty_pem4f.oem4f (.text:ti_sysbios_family_arm_m3_Hwi_Object__destruct__S)
                  00009518    0000001c     sysbios.aem4f : BIOS.obj (.text:ti_sysbios_gates_GateMutex_Instance_init__E)
                  00009534    0000001c     empty_pem4f.oem4f (.text:ti_sysbios_knl_Queue_Object__destruct__S)
                  00009550    0000001c     sysbios.aem4f : BIOS.obj (.text:ti_sysbios_knl_Task_enter__I)
                  0000956c    0000001c     ti.targets.arm.rtsarm.aem4f : Error.oem4f (.text:xdc_runtime_Error_raiseX__E)
                  00009588    0000001c                                 : Memory.oem4f (.text:xdc_runtime_Memory_valloc__E)
                  000095a4    0000001c                                 : SysMin.oem4f (.text:xdc_runtime_SysMin_exit__E)
                  000095c0    0000001c                                 : System.oem4f (.text:xdc_runtime_System_abort__E)
                  000095dc    0000001a     empty_pem4f.oem4f (.text:ti_sysbios_family_arm_m3_Hwi_Handle__label__S)
                  000095f6    0000001a     empty_pem4f.oem4f (.text:ti_sysbios_gates_GateHwi_Handle__label__S)
                  00009610    0000001a     empty_pem4f.oem4f (.text:ti_sysbios_gates_GateMutex_Handle__label__S)
                  0000962a    0000001a     empty_pem4f.oem4f (.text:ti_sysbios_heaps_HeapMem_Handle__label__S)
                  00009644    0000001a     empty_pem4f.oem4f (.text:ti_sysbios_knl_Swi_Handle__label__S)
                  0000965e    0000001a     empty_pem4f.oem4f (.text:ti_sysbios_knl_Task_Handle__label__S)
                  00009678    0000001a     empty_pem4f.oem4f (.text:xdc_runtime_System_aprintf__E)
                  00009692    0000001a     empty_pem4f.oem4f (.text:xdc_runtime_System_printf__E)
                  000096ac    00000018     driverlib.lib : gpio.obj (.text:GPIOPinTypeGPIOOutput)
                  000096c4    00000018                   : timer.obj (.text:TimerControlLevel)
                  000096dc    00000018     drivers_tivaware.aem4f : UART.oem4f (.text:UART_Params_init)
                  000096f4    00000018     rtsv7M4_T_le_v4SPD16_eabi.lib : args_main.c.obj (.text:_args_main)
                  0000970c    00000018     empty_pem4f.oem4f (.text:ti_sysbios_BIOS_rtsUnlock__I)
                  00009724    00000018     empty_pem4f.oem4f (.text:ti_sysbios_family_arm_lm4_Timer_Module__startupDone__F)
                  0000973c    00000018     empty_pem4f.oem4f (.text:ti_sysbios_family_arm_m3_Hwi_Module__startupDone__F)
                  00009754    00000018     sysbios.aem4f : m3_TaskSupport_asm.obj (.text:ti_sysbios_family_arm_m3_TaskSupport_swap__E)
                  0000976c    00000004     --HOLE-- [fill = 0]
                  00009770    00000018                   : BIOS.obj (.text:ti_sysbios_gates_GateMutex_leave__E)
                  00009788    00000018     ti.targets.arm.rtsarm.aem4f : Error.oem4f (.text:xdc_runtime_Error_check__E)
                  000097a0    00000018                                 : System.oem4f (.text:xdc_runtime_System_exit__E)
                  000097b8    00000018                                 : Text.oem4f (.text:xdc_runtime_Text_ropeText__E)
                  000097d0    00000016     grlib.lib : string.obj (.text:GrStringDraw)
                  000097e6    00000016     driverlib.lib : i2c.obj (.text:I2CMasterErr)
                  000097fc    00000016     empty_pem4f.oem4f (.text:ti_sysbios_BIOS_exitFunc__I)
                  00009812    00000016     empty.obj (.text:ti_sysbios_knl_Task_Params_init)
                  00009828    00000014     grlib.lib : canvas.obj (.text:CanvasMsgProc)
                  0000983c    00000014     Kentec320x240x16_ssd2119_spi.obj (.text:LED_OFF)
                  00009850    00000014     Kentec320x240x16_ssd2119_spi.obj (.text:LED_ON)
                  00009864    00000014     driverlib.lib : pwm.obj (.text:PWMClockSet)
                  00009878    00000014                   : sysctl.obj (.text:SysCtlPWMClockSet)
                  0000988c    00000014                   : timer.obj (.text:TimerDisable)
                  000098a0    00000014     touch.obj (.text:TouchScreenCallbackSet)
                  000098b4    00000014     driverlib.lib : uart.obj (.text:UARTEnable)
                  000098c8    00000014     grlib.lib : widget.obj (.text:WidgetMutexGet)
                  000098dc    00000014     rtsv7M4_T_le_v4SPD16_eabi.lib : strlen.c.obj (.text:strlen)
                  000098f0    00000014     empty_pem4f.oem4f (.text:ti_sysbios_family_arm_m3_Hwi_Object__get__S)
                  00009904    00000004     --HOLE-- [fill = 0]
                  00009908    00000014     sysbios.aem4f : BIOS.obj (.text:ti_sysbios_family_arm_m3_Hwi_switchFromBootStack__E)
                  0000991c    00000014     empty_pem4f.oem4f (.text:ti_sysbios_heaps_HeapMem_Object__get__S)
                  00009930    00000014     empty_pem4f.oem4f (.text:ti_sysbios_knl_Swi_Object__get__S)
                  00009944    00000012     driverlib.lib : gpio.obj (.text:GPIOPinTypeEthernetLED)
                  00009956    00000012                   : gpio.obj (.text:GPIOPinTypeGPIOInput)
                  00009968    00000012                   : gpio.obj (.text:GPIOPinTypeI2C)
                  0000997a    00000012                   : gpio.obj (.text:GPIOPinTypeI2CSCL)
                  0000998c    00000012                   : gpio.obj (.text:GPIOPinTypePWM)
                  0000999e    00000012                   : gpio.obj (.text:GPIOPinTypeSSI)
                  000099b0    00000012                   : gpio.obj (.text:GPIOPinTypeTimer)
                  000099c2    00000012                   : gpio.obj (.text:GPIOPinTypeUART)
                  000099d4    00000012                   : gpio.obj (.text:GPIOPinTypeUSBAnalog)
                  000099e6    00000012                   : gpio.obj (.text:GPIOPinTypeUSBDigital)
                  000099f8    00000012     empty.obj (.text:MotorInit)
                  00009a0a    00000012     driverlib.lib : pwm.obj (.text:PWMGenPeriodGet)
                  00009a1c    00000012                   : pwm.obj (.text:PWMOutputInvert)
                  00009a2e    00000012                   : pwm.obj (.text:PWMOutputState)
                  00009a40    00000012     drivers_tivaware.aem4f : RingBuf.oem4f (.text:RingBuf_construct)
                  00009a52    00000012     driverlib.lib : ssi.obj (.text:SSIDataGetNonBlocking)
                  00009a64    00000012                   : timer.obj (.text:TimerLoadSet)
                  00009a76    00000012                   : timer.obj (.text:TimerMatchSet)
                  00009a88    00000012                   : timer.obj (.text:TimerPrescaleMatchSet)
                  00009a9a    00000012                   : timer.obj (.text:TimerPrescaleSet)
                  00009aac    00000012     UARTLocal.obj (.text:WriteUART)
                  00009abe    00000002     --HOLE-- [fill = 0]
                  00009ac0    00000012     sysbios.aem4f : BIOS.obj (.text:ti_sysbios_hal_Hwi_Module_startup__E)
                  00009ad2    00000012     empty_pem4f.oem4f (.text:xdc_runtime_Startup_exec__I)
                  00009ae4    00000010     empty_pem4f.oem4f (.text:.bootCodeSection:ti_catalog_arm_cortexm4_tiva_ce_Boot_init__I)
                  00009af4    00000010     driverlib.lib : adc.obj (.text:ADCIntEnable)
                  00009b04    00000010                   : pwm.obj (.text:PWMGenPeriodSet)
                  00009b14    00000010     drivers_tivaware.aem4f : PWM.oem4f (.text:PWM_Params_init)
                  00009b24    00000010                            : UARTTiva.oem4f (.text:readBlockingTimeout)
                  00009b34    00000004     --HOLE-- [fill = 0]
                  00009b38    00000010     sysbios.aem4f : BIOS.obj (.text:ti_sysbios_BIOS_getCpuFreq__E)
                  00009b48    00000010                   : BIOS.obj (.text:ti_sysbios_BIOS_setThreadType__E)
                  00009b58    00000010                   : BIOS.obj (.text:ti_sysbios_BIOS_start__E)
                  00009b68    00000010                   : m3_TaskSupport_asm.obj (.text:ti_sysbios_family_arm_m3_TaskSupport_glue)
                  00009b78    00000010                   : BIOS.obj (.text:ti_sysbios_gates_GateMutex_Instance_finalize__E)
                  00009b88    00000010                   : BIOS.obj (.text:ti_sysbios_knl_Semaphore_Instance_finalize__E)
                  00009b98    00000010                   : BIOS.obj (.text:ti_sysbios_knl_Swi_disable__E)
                  00009ba8    00000010     empty_pem4f.oem4f (.text:ti_sysbios_knl_Task_Object__get__S)
                  00009bb8    00000010     sysbios.aem4f : BIOS.obj (.text:ti_sysbios_knl_Task_disable__E)
                  00009bc8    00000010     ti.targets.arm.rtsarm.aem4f : Gate.oem4f (.text:xdc_runtime_Gate_leaveSystem__E)
                  00009bd8    00000010                                 : Memory.oem4f (.text:xdc_runtime_Memory_free__E)
                  00009be8    00000010                                 : SysMin.oem4f (.text:xdc_runtime_SysMin_ready__E)
                  00009bf8    00000010                                 : System.oem4f (.text:xdc_runtime_System_vsnprintf__E)
                  00009c08    00000010     empty_pem4f.oem4f (.text:xdc_runtime_Text_visitRope__I)
                  00009c18    0000000e     driverlib.lib : adc.obj (.text:ADCSequenceEnable)
                  00009c26    0000000e                   : gpio.obj (.text:GPIOIntStatus)
                  00009c34    0000000e     grlib.lib : image.obj (.text:GrImageDraw)
                  00009c42    0000000e     driverlib.lib : timer.obj (.text:TimerEnable)
                  00009c50    0000000e                   : uart.obj (.text:UARTCharGetNonBlocking)
                  00009c5e    0000000e                   : uart.obj (.text:UARTCharPutNonBlocking)
                  00009c6c    0000000e     rtsv7M4_T_le_v4SPD16_eabi.lib : copy_decompress_none.c.obj (.text:decompress:none:__TI_decompress_none)
                  00009c7a    00000006     grlib.lib : string.obj (.text:GrContextFontSet)
                  00009c80    0000000e     sysbios.aem4f : BIOS.obj (.text:ti_sysbios_knl_Idle_loop__E)
                  00009c8e    00000002     --HOLE-- [fill = 0]
                  00009c90    0000000e                   : BIOS.obj (.text:ti_sysbios_knl_Queue_empty__E)
                  00009c9e    0000000c     driverlib.lib : pwm.obj (.text:PWMGenDisable)
                  00009caa    0000000c                   : pwm.obj (.text:PWMGenEnable)
                  00009cb6    0000000c     drivers_tivaware.aem4f : RingBuf.oem4f (.text:RingBuf_peek)
                  00009cc2    0000000c     driverlib.lib : uart.obj (.text:UARTFlowControlSet)
                  00009cce    0000000c     drivers_tivaware.aem4f : UARTTiva.oem4f (.text:UARTTiva_init)
                  00009cda    00000002     --HOLE-- [fill = 0]
                  00009cdc    0000000c     rtsv7M4_T_le_v4SPD16_eabi.lib : _lock.c.obj (.text:_register_lock)
                  00009ce8    0000000c                                   : _lock.c.obj (.text:_register_unlock)
                  00009cf4    0000000c                                   : copy_zero_init.c.obj (.text:decompress:ZI:__TI_zero_init)
                  00009d00    0000000c     sysbios.aem4f : BIOS.obj (.text:ti_sysbios_family_arm_lm4_Timer_getAvailMask__E)
                  00009d0c    00000004     --HOLE-- [fill = 0]
                  00009d10    0000000c                   : BIOS.obj (.text:ti_sysbios_family_arm_lm4_Timer_getMaxTicks__E)
                  00009d1c    0000000c     empty_pem4f.oem4f (.text:ti_sysbios_family_arm_m3_Hwi_Params__init__S)
                  00009d28    0000000c     sysbios.aem4f : BIOS.obj (.text:ti_sysbios_family_arm_m3_Hwi_disableFxn__E)
                  00009d34    00000004     --HOLE-- [fill = 0]
                  00009d38    0000000c                   : BIOS.obj (.text:ti_sysbios_family_arm_m3_TaskSupport_checkStack__E)
                  00009d44    00000004     --HOLE-- [fill = 0]
                  00009d48    0000000c                   : BIOS.obj (.text:ti_sysbios_family_arm_m3_TaskSupport_getStackAlignment__E)
                  00009d54    00000004     --HOLE-- [fill = 0]
                  00009d58    0000000c                   : BIOS.obj (.text:ti_sysbios_gates_GateHwi_enter__E)
                  00009d64    0000000c     empty_pem4f.oem4f (.text:ti_sysbios_knl_Clock_Params__init__S)
                  00009d70    0000000c     empty_pem4f.oem4f (.text:ti_sysbios_knl_Queue_Object__get__S)
                  00009d7c    0000000c     empty_pem4f.oem4f (.text:ti_sysbios_knl_Semaphore_Params__init__S)
                  00009d88    0000000c     empty_pem4f.oem4f (.text:ti_sysbios_knl_Task_Params__init__S)
                  00009d94    0000000c     ti.targets.arm.rtsarm.aem4f : Error.oem4f (.text:xdc_runtime_Error_init__E)
                  00009da0    0000000c                                 : Gate.oem4f (.text:xdc_runtime_Gate_enterSystem__E)
                  00009dac    0000000c                                 : Memory.oem4f (.text:xdc_runtime_Memory_calloc__E)
                  00009db8    0000000c                                 : Memory.oem4f (.text:xdc_runtime_Memory_getMaxDefaultTypeAlign__E)
                  00009dc4    0000000a     driverlib.lib : i2c.obj (.text:I2CMasterDisable)
                  00009dce    0000000a                   : i2c.obj (.text:I2CMasterEnable)
                  00009dd8    0000000a     drivers_tivaware.aem4f : I2CTiva.oem4f (.text:I2CTiva_init)
                  00009de2    0000000a     Kentec320x240x16_ssd2119_spi.obj (.text:Kentec320x240x16_SSD2119Flush)
                  00009dec    0000000a     drivers_tivaware.aem4f : PWMTimerTiva.oem4f (.text:PWMTimerTiva_getPeriodCounts)
                  00009df6    0000000a                            : PWM.oem4f (.text:PWM_setDuty)
                  00009e00    0000000a     driverlib.lib : ssi.obj (.text:SSIDataPut)
                  00009e0a    0000000a                   : ssi.obj (.text:SSIEnable)
                  00009e14    0000000a                   : uart.obj (.text:UARTCharGet)
                  00009e1e    0000000a                   : uart.obj (.text:UARTCharPut)
                  00009e28    0000000a                   : uart.obj (.text:UARTIntDisable)
                  00009e32    0000000a                   : uart.obj (.text:UARTIntStatus)
                  00009e3c    0000000a     drivers_tivaware.aem4f : UART.oem4f (.text:UART_write)
                  00009e46    0000000a     empty_pem4f.oem4f (.text:xdc_runtime_IHeap_alloc)
                  00009e50    0000000a     empty_pem4f.oem4f (.text:xdc_runtime_IHeap_free)
                  00009e5a    00000008     EK_TM4C1294XL.obj (.text:EK_TM4C1294XL_initGPIO)
                  00009e62    00000008     grlib.lib : charmap.obj (.text:GrMapISO8859_1_Unicode)
                  00009e6a    00000008     driverlib.lib : i2c.obj (.text:I2CMasterIntClear)
                  00009e72    00000008                   : i2c.obj (.text:I2CMasterSlaveAddrSet)
                  00009e7a    00000008     drivers_tivaware.aem4f : I2CTiva.oem4f (.text:I2CTiva_blockingCallback)
                  00009e82    00000008                            : PWMTimerTiva.oem4f (.text:PWMTimerTiva_init)
                  00009e8a    00000008     driverlib.lib : ssi.obj (.text:SSIBusy)
                  00009e92    00000008                   : uart.obj (.text:UARTIntEnable)
                  00009e9a    00000008                   : uart.obj (.text:UARTRxErrorGet)
                  00009ea2    00000008     drivers_tivaware.aem4f : UARTTiva.oem4f (.text:readSemCallback)
                  00009eaa    00000008     sysbios.aem4f : BIOS.obj (.text:ti_sysbios_family_arm_lm4_Timer_masterDisable__I)
                  00009eb2    00000006     driverlib.lib : i2c.obj (.text:I2CMasterIntDisable)
                  00009eb8    00000008     sysbios.aem4f : BIOS.obj (.text:ti_sysbios_family_arm_m3_Hwi_doSwiRestore__I)
                  00009ec0    00000008                   : BIOS.obj (.text:ti_sysbios_family_arm_m3_Hwi_startup__E)
                  00009ec8    00000008     drivers_tivaware.aem4f : UARTTiva.oem4f (.text:writeSemCallback)
                  00009ed0    00000006     driverlib.lib : i2c.obj (.text:I2CMasterIntEnable)
                  00009ed6    00000006     drivers_tivaware.aem4f : I2CTiva.oem4f (.text:I2CTiva_control)
                  00009edc    00000006                            : PWMTimerTiva.oem4f (.text:PWMTimerTiva_getPeriodMicroSecs)
                  00009ee2    00000006     driverlib.lib : sysctl.obj (.text:SysCtlDelay)
                  00009ee8    00000006                   : uart.obj (.text:UARTFIFOLevelSet)
                  00009eee    00000006                   : uart.obj (.text:UARTRxErrorClear)
                  00009ef4    00000006     grlib.lib : widget.obj (.text:WidgetMutexPut)
                  00009efa    00000006     ti.targets.arm.rtsarm.aem4f : System.oem4f (.text:xdc_runtime_System_Module_startup__E)
                  00009f00    00000006     sysbios.aem4f : BIOS.obj (.text:ti_sysbios_family_arm_m3_Hwi_doTaskRestore__I)
                  00009f06    00000002     --HOLE-- [fill = 0]
                  00009f08    00000006                   : BIOS.obj (.text:ti_sysbios_family_arm_m3_Hwi_restoreFxn__E)
                  00009f0e    00000002     --HOLE-- [fill = 0]
                  00009f10    00000006                   : BIOS.obj (.text:ti_sysbios_gates_GateHwi_leave__E)
                  00009f16    00000002     --HOLE-- [fill = 0]
                  00009f18    00000006                   : BIOS.obj (.text:ti_sysbios_heaps_HeapMem_isBlocking__E)
                  00009f1e    00000002     --HOLE-- [fill = 0]
                  00009f20    00000006                   : BIOS.obj (.text:ti_sysbios_knl_Clock_stop__E)
                  00009f26    00000002     --HOLE-- [fill = 0]
                  00009f28    00000006                   : BIOS.obj (.text:ti_sysbios_knl_Queue_Instance_init__E)
                  00009f2e    00000002     --HOLE-- [fill = 0]
                  00009f30    00000006                   : BIOS.obj (.text:ti_sysbios_knl_Swi_startup__E)
                  00009f36    00000002     --HOLE-- [fill = 0]
                  00009f38    00000004                   : BIOS.obj (.text:ti_sysbios_gates_GateHwi_query__E)
                  00009f3c    00000004     --HOLE-- [fill = 0]
                  00009f40    00000004                   : BIOS.obj (.text:ti_sysbios_gates_GateMutex_query__E)
                  00009f44    00000004     --HOLE-- [fill = 0]
                  00009f48    00000004                   : BIOS.obj (.text:ti_sysbios_knl_Task_startup__E)
                  00009f4c    00000004     --HOLE-- [fill = 0]
                  00009f50    00000002                   : BIOS.obj (.text:ti_sysbios_gates_GateHwi_Instance_init__E)
                  00009f52    00000006     --HOLE-- [fill = 0]
                  00009f58    00000002                   : BIOS.obj (.text:ti_sysbios_knl_Clock_logTick__E)

.const     0    00009f5c    000064ff     
                  00009f5c    00001a46     frame.obj (.const:.string:g_pui8Top)
                  0000b9a2    0000187d     empty_pem4f.oem4f (.const:xdc_runtime_Text_charTab__A)
                  0000d21f    00000786     frame.obj (.const:.string:g_pui8Bottom)
                  0000d9a5    00000782     grlib.lib : fontcmss18b.obj (.const:.string:g_pui8Cmss18bData)
                  0000e127    000006ca               : fontcmss16b.obj (.const:.string:g_pui8Cmss16bData)
                  0000e7f1    00000546     frame.obj (.const:.string:g_pui8Left)
                  0000ed37    00000546     frame.obj (.const:.string:g_pui8Right)
                  0000f27d    0000017c     frame.obj (.const:.string:g_pui8TopLeft)
                  0000f3f9    00000173     frame.obj (.const:.string:g_pui8TopRight)
                  0000f56c    00000120     Boot.aem4f : Boot_sysctl.oem4f (.const:g_pppui32XTALtoVCO)
                  0000f68c    000000d0     frame.obj (.const:.string:g_pui8BottomLeft)
                  0000f75c    000000c8     grlib.lib : fontcmss16b.obj (.const:g_sFontCmss16b)
                  0000f824    000000c8               : fontcmss18b.obj (.const:g_sFontCmss18b)
                  0000f8ec    000000c4     frame.obj (.const:.string:g_pui8BottomRight)
                  0000f9b0    000000bc     empty_pem4f.oem4f (.const:xdc_runtime_Text_nodeTab__A)
                  0000fa6c    00000090     driverlib.lib : gpio.obj (.const:g_pui32GPIOBaseAddrs)
                  0000fafc    00000070                   : interrupt.obj (.const)
                  0000fb6c    0000006c     Boot.aem4f : Boot_sysctl.oem4f (.const:g_pui32Xtals)
                  0000fbd8    00000060     MotorLib.lib : motorlib.obj (.const:PWM_config)
                  0000fc38    00000054     drivers_tivaware.aem4f : GPIOTiva.oem4f (.const:.string)
                  0000fc8c    00000054     MotorLib.lib : motorlib.obj (.const:motorLibPWMTivaHWAttrs)
                  0000fce0    0000004c     drivers_tivaware.aem4f : UARTTiva.oem4f (.const)
                  0000fd2c    00000048     empty_pem4f.oem4f (.const:.string)
                  0000fd74    00000048     drivers_tivaware.aem4f : GPIOTiva.oem4f (.const:gpioBaseAddresses)
                  0000fdbc    0000003c     empty_pem4f.oem4f (.const:ti_sysbios_knl_Task_Object__PARAMS__C)
                  0000fdf8    00000030     Boot.aem4f : Boot_sysctl.oem4f (.const:g_sXTALtoMEMTIM)
                  0000fe28    00000030     empty_pem4f.oem4f (.const:ti_sysbios_family_arm_m3_Hwi_Object__PARAMS__C)
                  0000fe58    00000028     drivers_tivaware.aem4f : UARTTiva.oem4f (.const:UARTTiva_fxnTable)
                  0000fe80    00000028     Kentec320x240x16_ssd2119_spi.obj (.const:g_sKentec320x240x16_SSD2119)
                  0000fea8    00000028     empty_pem4f.oem4f (.const:ti_sysbios_heaps_HeapMem_Module__FXNS__C)
                  0000fed0    00000024     EK_TM4C1294XL.obj (.const:I2C_config)
                  0000fef4    00000024     drivers_tivaware.aem4f : UART.oem4f (.const:UART_defaultParams)
                  0000ff18    00000024     empty_pem4f.oem4f (.const:ti_sysbios_gates_GateHwi_Module__FXNS__C)
                  0000ff3c    00000024     empty_pem4f.oem4f (.const:ti_sysbios_gates_GateMutex_Module__FXNS__C)
                  0000ff60    00000024     empty_pem4f.oem4f (.const:ti_sysbios_heaps_HeapMem_Object__PARAMS__C)
                  0000ff84    00000024     empty_pem4f.oem4f (.const:ti_sysbios_knl_Clock_Object__PARAMS__C)
                  0000ffa8    00000024     empty_pem4f.oem4f (.const:ti_sysbios_knl_Semaphore_Object__PARAMS__C)
                  0000ffcc    00000020     drivers_tivaware.aem4f : PWMTimerTiva.oem4f (.const)
                  0000ffec    00000020                            : PWMTiva.oem4f (.const)
                  0001000c    00000020     empty_pem4f.oem4f (.const:ti_sysbios_family_arm_m3_Hwi_Object__DESC__C)
                  0001002c    00000020     empty_pem4f.oem4f (.const:ti_sysbios_gates_GateHwi_Object__DESC__C)
                  0001004c    00000020     empty_pem4f.oem4f (.const:ti_sysbios_gates_GateMutex_Object__DESC__C)
                  0001006c    00000020     empty_pem4f.oem4f (.const:ti_sysbios_heaps_HeapMem_Object__DESC__C)
                  0001008c    00000020     empty_pem4f.oem4f (.const:ti_sysbios_knl_Clock_Object__DESC__C)
                  000100ac    00000020     empty_pem4f.oem4f (.const:ti_sysbios_knl_Queue_Object__DESC__C)
                  000100cc    00000020     empty_pem4f.oem4f (.const:ti_sysbios_knl_Semaphore_Object__DESC__C)
                  000100ec    00000020     empty_pem4f.oem4f (.const:ti_sysbios_knl_Task_Object__DESC__C)
                  0001010c    00000020     empty_pem4f.oem4f (.const:xdc_runtime_Startup_sfxnTab__A)
                  0001012c    0000001c     drivers_tivaware.aem4f : I2CTiva.oem4f (.const)
                  00010148    0000001c     touch.obj (.const:g_pi32TouchParameters)
                  00010164    00000018     EK_TM4C1294XL.obj (.const:UART_config)
                  0001017c    00000018     EK_TM4C1294XL.obj (.const:i2cTivaHWAttrs)
                  00010194    00000018     empty_pem4f.oem4f (.const:ti_sysbios_gates_GateHwi_Object__PARAMS__C)
                  000101ac    00000018     empty_pem4f.oem4f (.const:ti_sysbios_gates_GateMutex_Object__PARAMS__C)
                  000101c4    00000018     empty_pem4f.oem4f (.const:ti_sysbios_knl_Queue_Object__PARAMS__C)
                  000101dc    00000018     EK_TM4C1294XL.obj (.const:uartTivaHWAttrs)
                  000101f4    00000014     EK_TM4C1294XL.obj (.const:GPIOTiva_config)
                  00010208    00000014     empty_pem4f.oem4f (.const:xdc_runtime_Startup_firstFxns__A)
                  0001021c    00000010     grlib.lib : context.obj (.const)
                  0001022c    00000010     MotorLib.lib : motorlib.obj (.const:motorLibPWMTimerTivaHWAttrs)
                  0001023c    00000010     empty_pem4f.oem4f (.const:xdc_runtime_Startup_sfxnRts__A)
                  0001024c    0000000c     drivers_tivaware.aem4f : PWM.oem4f (.const)
                  00010258    00000008     Boot.aem4f : Boot_sysctl.oem4f (.const)
                  00010260    00000008     empty_pem4f.oem4f (.const:ti_sysbios_family_arm_m3_Hwi_excHookFuncs__A)
                  00010268    00000008     empty_pem4f.oem4f (.const:ti_sysbios_knl_Idle_funcList__C)
                  00010270    00000008     empty_pem4f.oem4f (.const:xdc_runtime_Startup_firstFxns__C)
                  00010278    00000008     empty_pem4f.oem4f (.const:xdc_runtime_Startup_lastFxns__C)
                  00010280    00000006     empty.obj (.const:.string)
                  00010286    00000002     empty_pem4f.oem4f (.const:ti_catalog_arm_cortexm4_tiva_ce_Boot_Module__id__C)
                  00010288    00000004     empty_pem4f.oem4f (.const:ti_catalog_arm_cortexm4_tiva_ce_Boot_A_mustNotUseEnhancedClockMode__C)
                  0001028c    00000004     empty_pem4f.oem4f (.const:ti_catalog_arm_cortexm4_tiva_ce_Boot_Module__diagsEnabled__C)
                  00010290    00000004     empty_pem4f.oem4f (.const:ti_catalog_arm_cortexm4_tiva_ce_Boot_Module__diagsIncluded__C)
                  00010294    00000004     empty_pem4f.oem4f (.const:ti_catalog_arm_cortexm4_tiva_ce_Boot_Module__diagsMask__C)
                  00010298    00000004     empty_pem4f.oem4f (.const:ti_sysbios_family_arm_lm4_Timer_enableFunc__C)
                  0001029c    00000004     empty_pem4f.oem4f (.const:ti_sysbios_family_arm_lm4_Timer_numTimerDevices__C)
                  000102a0    00000004     empty_pem4f.oem4f (.const:ti_sysbios_family_arm_lm4_Timer_startupNeeded__C)
                  000102a4    00000004     empty_pem4f.oem4f (.const:ti_sysbios_family_arm_m3_Hwi_E_NMI__C)
                  000102a8    00000004     empty_pem4f.oem4f (.const:ti_sysbios_family_arm_m3_Hwi_E_alreadyDefined__C)
                  000102ac    00000004     empty_pem4f.oem4f (.const:ti_sysbios_family_arm_m3_Hwi_E_busFault__C)
                  000102b0    00000004     empty_pem4f.oem4f (.const:ti_sysbios_family_arm_m3_Hwi_E_debugMon__C)
                  000102b4    00000004     empty_pem4f.oem4f (.const:ti_sysbios_family_arm_m3_Hwi_E_hardFault__C)
                  000102b8    00000004     empty_pem4f.oem4f (.const:ti_sysbios_family_arm_m3_Hwi_E_memFault__C)
                  000102bc    00000004     empty_pem4f.oem4f (.const:ti_sysbios_family_arm_m3_Hwi_E_noIsr__C)
                  000102c0    00000004     empty_pem4f.oem4f (.const:ti_sysbios_family_arm_m3_Hwi_E_reserved__C)
                  000102c4    00000004     empty_pem4f.oem4f (.const:ti_sysbios_family_arm_m3_Hwi_E_svCall__C)
                  000102c8    00000004     empty_pem4f.oem4f (.const:ti_sysbios_family_arm_m3_Hwi_E_usageFault__C)
                  000102cc    00000004     empty_pem4f.oem4f (.const:ti_sysbios_family_arm_m3_Hwi_NUM_INTERRUPTS__C)
                  000102d0    00000004     empty_pem4f.oem4f (.const:ti_sysbios_family_arm_m3_Hwi_Object__count__C)
                  000102d4    00000004     empty_pem4f.oem4f (.const:ti_sysbios_family_arm_m3_Hwi_ccr__C)
                  000102d8    00000004     empty_pem4f.oem4f (.const:ti_sysbios_family_arm_m3_Hwi_excHandlerFunc__C)
                  000102dc    00000004     empty_pem4f.oem4f (.const:ti_sysbios_family_arm_m3_Hwi_excHookFuncs__C)
                  000102e0    00000004     empty_pem4f.oem4f (.const:ti_sysbios_family_arm_m3_Hwi_nullIsrFunc__C)
                  000102e4    00000004     empty_pem4f.oem4f (.const:ti_sysbios_family_arm_m3_Hwi_priGroup__C)
                  000102e8    00000004     empty_pem4f.oem4f (.const:ti_sysbios_family_arm_m3_TaskSupport_stackAlignment__C)
                  000102ec    00000004     empty_pem4f.oem4f (.const:ti_sysbios_gates_GateMutex_A_badContext__C)
                  000102f0    00000004     empty_pem4f.oem4f (.const:ti_sysbios_gates_GateMutex_Instance_State_sem__O)
                  000102f4    00000004     empty_pem4f.oem4f (.const:ti_sysbios_gates_GateMutex_Module__diagsEnabled__C)
                  000102f8    00000004     empty_pem4f.oem4f (.const:ti_sysbios_gates_GateMutex_Module__diagsIncluded__C)
                  000102fc    00000004     empty_pem4f.oem4f (.const:ti_sysbios_gates_GateMutex_Module__diagsMask__C)
                  00010300    00000004     empty_pem4f.oem4f (.const:ti_sysbios_hal_Hwi_E_stackOverflow__C)
                  00010304    00000004     empty_pem4f.oem4f (.const:ti_sysbios_heaps_HeapMem_A_align__C)
                  00010308    00000004     empty_pem4f.oem4f (.const:ti_sysbios_heaps_HeapMem_A_heapSize__C)
                  0001030c    00000004     empty_pem4f.oem4f (.const:ti_sysbios_heaps_HeapMem_A_invalidFree__C)
                  00010310    00000004     empty_pem4f.oem4f (.const:ti_sysbios_heaps_HeapMem_A_zeroBlock__C)
                  00010314    00000004     empty_pem4f.oem4f (.const:ti_sysbios_heaps_HeapMem_E_memory__C)
                  00010318    00000004     empty_pem4f.oem4f (.const:ti_sysbios_heaps_HeapMem_Module__diagsEnabled__C)
                  0001031c    00000004     empty_pem4f.oem4f (.const:ti_sysbios_heaps_HeapMem_Module__diagsIncluded__C)
                  00010320    00000004     empty_pem4f.oem4f (.const:ti_sysbios_heaps_HeapMem_Module__diagsMask__C)
                  00010324    00000004     empty_pem4f.oem4f (.const:ti_sysbios_heaps_HeapMem_Module__gateObj__C)
                  00010328    00000004     empty_pem4f.oem4f (.const:ti_sysbios_heaps_HeapMem_Object__count__C)
                  0001032c    00000004     empty_pem4f.oem4f (.const:ti_sysbios_heaps_HeapMem_reqAlign__C)
                  00010330    00000004     empty_pem4f.oem4f (.const:ti_sysbios_knl_Clock_A_badThreadType__C)
                  00010334    00000004     empty_pem4f.oem4f (.const:ti_sysbios_knl_Clock_Module_State_clockQ__O)
                  00010338    00000004     empty_pem4f.oem4f (.const:ti_sysbios_knl_Clock_Module__diagsEnabled__C)
                  0001033c    00000004     empty_pem4f.oem4f (.const:ti_sysbios_knl_Clock_Module__diagsIncluded__C)
                  00010340    00000004     empty_pem4f.oem4f (.const:ti_sysbios_knl_Clock_Module__diagsMask__C)
                  00010344    00000004     empty_pem4f.oem4f (.const:ti_sysbios_knl_Idle_funcList__A)
                  00010348    00000004     empty_pem4f.oem4f (.const:ti_sysbios_knl_Semaphore_A_badContext__C)
                  0001034c    00000004     empty_pem4f.oem4f (.const:ti_sysbios_knl_Semaphore_A_noEvents__C)
                  00010350    00000004     empty_pem4f.oem4f (.const:ti_sysbios_knl_Semaphore_A_overflow__C)
                  00010354    00000004     empty_pem4f.oem4f (.const:ti_sysbios_knl_Semaphore_A_pendTaskDisabled__C)
                  00010358    00000004     empty_pem4f.oem4f (.const:ti_sysbios_knl_Semaphore_Instance_State_pendQ__O)
                  0001035c    00000004     empty_pem4f.oem4f (.const:ti_sysbios_knl_Semaphore_Module__diagsEnabled__C)
                  00010360    00000004     empty_pem4f.oem4f (.const:ti_sysbios_knl_Semaphore_Module__diagsIncluded__C)
                  00010364    00000004     empty_pem4f.oem4f (.const:ti_sysbios_knl_Semaphore_Module__diagsMask__C)
                  00010368    00000004     empty_pem4f.oem4f (.const:ti_sysbios_knl_Swi_Object__count__C)
                  0001036c    00000004     empty_pem4f.oem4f (.const:ti_sysbios_knl_Task_A_badPriority__C)
                  00010370    00000004     empty_pem4f.oem4f (.const:ti_sysbios_knl_Task_A_badTaskState__C)
                  00010374    00000004     empty_pem4f.oem4f (.const:ti_sysbios_knl_Task_A_badThreadType__C)
                  00010378    00000004     empty_pem4f.oem4f (.const:ti_sysbios_knl_Task_A_noPendElem__C)
                  0001037c    00000004     empty_pem4f.oem4f (.const:ti_sysbios_knl_Task_E_spOutOfBounds__C)
                  00010380    00000004     empty_pem4f.oem4f (.const:ti_sysbios_knl_Task_E_stackOverflow__C)
                  00010384    00000004     empty_pem4f.oem4f (.const:ti_sysbios_knl_Task_Module_State_inactiveQ__O)
                  00010388    00000004     empty_pem4f.oem4f (.const:ti_sysbios_knl_Task_Module__diagsEnabled__C)
                  0001038c    00000004     empty_pem4f.oem4f (.const:ti_sysbios_knl_Task_Module__diagsIncluded__C)
                  00010390    00000004     empty_pem4f.oem4f (.const:ti_sysbios_knl_Task_Module__diagsMask__C)
                  00010394    00000004     empty_pem4f.oem4f (.const:ti_sysbios_knl_Task_Object__count__C)
                  00010398    00000004     empty_pem4f.oem4f (.const:ti_sysbios_knl_Task_allBlockedFunc__C)
                  0001039c    00000004     empty_pem4f.oem4f (.const:ti_sysbios_knl_Task_defaultStackHeap__C)
                  000103a0    00000004     empty_pem4f.oem4f (.const:ti_sysbios_knl_Task_defaultStackSize__C)
                  000103a4    00000004     empty_pem4f.oem4f (.const:ti_sysbios_knl_Task_numConstructedTasks__C)
                  000103a8    00000004     empty_pem4f.oem4f (.const:xdc_runtime_Assert_E_assertFailed__C)
                  000103ac    00000004     empty_pem4f.oem4f (.const:xdc_runtime_Core_A_initializedParams__C)
                  000103b0    00000004     empty_pem4f.oem4f (.const:xdc_runtime_Core_Module__diagsEnabled__C)
                  000103b4    00000004     empty_pem4f.oem4f (.const:xdc_runtime_Core_Module__diagsIncluded__C)
                  000103b8    00000004     empty_pem4f.oem4f (.const:xdc_runtime_Core_Module__diagsMask__C)
                  000103bc    00000004     empty_pem4f.oem4f (.const:xdc_runtime_Error_E_generic__C)
                  000103c0    00000004     empty_pem4f.oem4f (.const:xdc_runtime_Error_E_memory__C)
                  000103c4    00000004     empty_pem4f.oem4f (.const:xdc_runtime_Error_Module__diagsEnabled__C)
                  000103c8    00000004     empty_pem4f.oem4f (.const:xdc_runtime_Error_Module__diagsIncluded__C)
                  000103cc    00000004     empty_pem4f.oem4f (.const:xdc_runtime_Error_Module__diagsMask__C)
                  000103d0    00000004     empty_pem4f.oem4f (.const:xdc_runtime_Error_Module__loggerFxn8__C)
                  000103d4    00000004     empty_pem4f.oem4f (.const:xdc_runtime_Error_Module__loggerObj__C)
                  000103d8    00000004     empty_pem4f.oem4f (.const:xdc_runtime_Error_policyFxn__C)
                  000103dc    00000004     empty_pem4f.oem4f (.const:xdc_runtime_Error_raiseHook__C)
                  000103e0    00000004     empty_pem4f.oem4f (.const:xdc_runtime_IGateProvider_Interface__BASE__C)
                  000103e4    00000004     empty_pem4f.oem4f (.const:xdc_runtime_IHeap_Interface__BASE__C)
                  000103e8    00000004     empty_pem4f.oem4f (.const:xdc_runtime_IModule_Interface__BASE__C)
                  000103ec    00000004     empty_pem4f.oem4f (.const:xdc_runtime_Log_L_error__C)
                  000103f0    00000004     empty_pem4f.oem4f (.const:xdc_runtime_Memory_defaultHeapInstance__C)
                  000103f4    00000004     empty_pem4f.oem4f (.const:xdc_runtime_Startup_execImpl__C)
                  000103f8    00000004     empty_pem4f.oem4f (.const:xdc_runtime_Startup_maxPasses__C)
                  000103fc    00000004     empty_pem4f.oem4f (.const:xdc_runtime_Startup_sfxnRts__C)
                  00010400    00000004     empty_pem4f.oem4f (.const:xdc_runtime_Startup_sfxnTab__C)
                  00010404    00000004     empty_pem4f.oem4f (.const:xdc_runtime_SysMin_bufSize__C)
                  00010408    00000004     empty_pem4f.oem4f (.const:xdc_runtime_SysMin_outputFunc__C)
                  0001040c    00000004     empty_pem4f.oem4f (.const:xdc_runtime_System_Module__gateObj__C)
                  00010410    00000004     empty_pem4f.oem4f (.const:xdc_runtime_System_abortFxn__C)
                  00010414    00000004     empty_pem4f.oem4f (.const:xdc_runtime_System_exitFxn__C)
                  00010418    00000004     empty_pem4f.oem4f (.const:xdc_runtime_System_extendFxn__C)
                  0001041c    00000004     empty_pem4f.oem4f (.const:xdc_runtime_System_maxAtexitHandlers__C)
                  00010420    00000004     empty_pem4f.oem4f (.const:xdc_runtime_Text_charTab__C)
                  00010424    00000004     empty_pem4f.oem4f (.const:xdc_runtime_Text_nameEmpty__C)
                  00010428    00000004     empty_pem4f.oem4f (.const:xdc_runtime_Text_nameStatic__C)
                  0001042c    00000004     empty_pem4f.oem4f (.const:xdc_runtime_Text_nameUnknown__C)
                  00010430    00000004     empty_pem4f.oem4f (.const:xdc_runtime_Text_nodeTab__C)
                  00010434    00000004     empty_pem4f.oem4f (.const:xdc_runtime_Text_visitRopeFxn__C)
                  00010438    00000002     empty_pem4f.oem4f (.const:ti_sysbios_family_arm_m3_Hwi_Module__id__C)
                  0001043a    00000002     empty_pem4f.oem4f (.const:ti_sysbios_gates_GateMutex_Module__id__C)
                  0001043c    00000002     empty_pem4f.oem4f (.const:ti_sysbios_hal_Hwi_Module__id__C)
                  0001043e    00000002     empty_pem4f.oem4f (.const:ti_sysbios_heaps_HeapMem_Module__id__C)
                  00010440    00000002     empty_pem4f.oem4f (.const:ti_sysbios_knl_Clock_Module__id__C)
                  00010442    00000002     empty_pem4f.oem4f (.const:ti_sysbios_knl_Semaphore_Module__id__C)
                  00010444    00000002     empty_pem4f.oem4f (.const:ti_sysbios_knl_Task_Module__id__C)
                  00010446    00000002     empty_pem4f.oem4f (.const:xdc_runtime_Core_Module__id__C)
                  00010448    00000002     empty_pem4f.oem4f (.const:xdc_runtime_Error_Module__loggerDefined__C)
                  0001044a    00000002     empty_pem4f.oem4f (.const:xdc_runtime_Error_maxDepth__C)
                  0001044c    00000002     empty_pem4f.oem4f (.const:xdc_runtime_Main_Module__id__C)
                  0001044e    00000002     empty_pem4f.oem4f (.const:xdc_runtime_Memory_Module__id__C)
                  00010450    00000002     empty_pem4f.oem4f (.const:xdc_runtime_SysMin_flushAtExit__C)
                  00010452    00000002     empty_pem4f.oem4f (.const:xdc_runtime_Text_charCnt__C)
                  00010454    00000002     empty_pem4f.oem4f (.const:xdc_runtime_Text_isLoaded__C)
                  00010456    00000002     empty_pem4f.oem4f (.const:xdc_runtime_Text_registryModsLastId__C)
                  00010458    00000002     empty_pem4f.oem4f (.const:xdc_runtime_Text_unnamedModsLastId__C)
                  0001045a    00000001     empty_pem4f.oem4f (.const:xdc_runtime_Error_policy__C)

.cinit     0    00010460    00000288     
                  00010460    00000252     (.cinit..data.load) [load image, compression = lzss]
                  000106b2    00000002     --HOLE-- [fill = 0]
                  000106b4    0000000c     (__TI_handler_table)
                  000106c0    00000008     (.cinit..bss.load) [load image, compression = zero_init]
                  000106c8    00000008     (.cinit..vecs.load) [load image, compression = zero_init]
                  000106d0    00000018     (__TI_cinit_table)

.init_array 
*          0    00000000    00000000     UNINITIALIZED

.resetVecs 
*          0    00000000    0000003c     
                  00000000    0000003c     empty_pem4f.oem4f (.resetVecs)

.bss       0    20000360    000013fc     UNINITIALIZED
                  20000360    00000400     (.common:task0Stack)
                  20000760    00000400     (.common:ti_sysbios_heaps_HeapMem_Instance_State_0_buf__A)
                  20000b60    00000360     (.common:ti_sysbios_family_arm_m3_Hwi_dispatchTable)
                  20000ec0    00000200     empty_pem4f.oem4f (.bss:taskStackSection)
                  200010c0    00000140     grlib.lib : widget.obj (.bss:g_psMQ)
                  20001200    00000120     rtsv7M4_T_le_v4SPD16_eabi.lib : trgmsg.c.obj (.bss:_CIOBUF_)
                  20001320    00000100     (.common:i2cTivaObjects)
                  20001420    000000cc     (.common:uartTivaObjects)
                  200014ec    00000090     drivers_tivaware.aem4f : GPIOTiva.oem4f (.bss:gpioCallbackInfo)
                  2000157c    00000080     (.common:xdc_runtime_SysMin_Module_State_0_outbuf__A)
                  200015fc    00000050     (.common:task0Struct)
                  2000164c    00000038     (.common:motorLibPWMObjects)
                  20001684    0000002c     (.common:sContext)
                  200016b0    00000020     MotorLib.lib : motorlib.obj (.bss:PWMStruct)
                  200016d0    00000020     (.common:g_pui8Dictionary)
                  200016f0    00000020     (.common:uartTivaRingBuffer)
                  20001710    00000018     (.common:motorLibPWMTimerObjects)
                  20001728    00000010     touch.obj (.bss:g_pi16Samples)
                  20001738    00000008     touch.obj (.bss)
                  20001740    00000008     (.common:parmbuf)
                  20001748    00000004     (.common:g_pi32ParmSet)
                  2000174c    00000004     (.common:g_psGrLibDefaults)
                  20001750    00000004     (.common:gpioInterruptVectors)
                  20001754    00000004     (.common:uart)
                  20001758    00000002     (.common:g_i16TouchX)
                  2000175a    00000002     (.common:g_i16TouchY)

.data      0    2000175c    00000520     UNINITIALIZED
                  2000175c    00000080     empty_pem4f.oem4f (.data:ti_sysbios_knl_Swi_Module_State_0_readyQ__A)
                  200017dc    00000080     empty_pem4f.oem4f (.data:ti_sysbios_knl_Task_Module_State_0_readyQ__A)
                  2000185c    00000050     empty.obj (.data:g_sStartStopBttn)
                  200018ac    0000004c     empty_pem4f.oem4f (.data:ti_sysbios_knl_Task_Object__table__V)
                  200018f8    00000044     empty_pem4f.oem4f (.data:ti_sysbios_knl_Task_Module__state__V)
                  2000193c    00000040     empty.obj (.data:g_sBackground)
                  2000197c    00000040     empty_pem4f.oem4f (.data:ti_sysbios_family_arm_lm4_Timer_Module_State_0_device__A)
                  200019bc    00000040     empty_pem4f.oem4f (.data:ti_sysbios_family_arm_lm4_Timer_Object__table__V)
                  200019fc    00000038     empty_pem4f.oem4f (.data:ti_sysbios_gates_GateMutex_Object__table__V)
                  20001a34    00000034     empty_pem4f.oem4f (.data:ti_sysbios_family_arm_m3_Hwi_Module__state__V)
                  20001a68    00000030     empty_pem4f.oem4f (.data:ti_sysbios_family_arm_m3_Hwi_Object__table__V)
                  20001a98    00000030     empty_pem4f.oem4f (.data:ti_sysbios_knl_Swi_Object__table__V)
                  20001ac8    0000002d     grlib.lib : widget.obj (.data)
                  20001af5    00000001     empty.obj (.data)
                  20001af6    00000002     empty_pem4f.oem4f (.data:ti_sysbios_family_arm_m3_Hwi_Module_State_0_excActive__A)
                  20001af8    0000002c     empty_pem4f.oem4f (.data:ti_sysbios_knl_Clock_Module__state__V)
                  20001b24    00000024     empty_pem4f.oem4f (.data:ti_sysbios_BIOS_Module__state__V)
                  20001b48    00000020     empty_pem4f.oem4f (.data:ti_sysbios_family_arm_lm4_Timer_Module_State_0_handles__A)
                  20001b68    0000001c     empty_pem4f.oem4f (.data:ti_sysbios_knl_Swi_Module__state__V)
                  20001b84    00000018     drivers_tivaware.aem4f : PWMTiva.oem4f (.data)
                  20001b9c    00000018     empty_pem4f.oem4f (.data:ti_sysbios_heaps_HeapMem_Object__table__V)
                  20001bb4    00000010     EK_TM4C1294XL.obj (.data:gpioPinConfigs)
                  20001bc4    0000000c     empty_pem4f.oem4f (.data:ti_sysbios_family_arm_lm4_Timer_Module__state__V)
                  20001bd0    0000000c     empty_pem4f.oem4f (.data:xdc_runtime_SysMin_Module__state__V)
                  20001bdc    00000008     rtsv7M4_T_le_v4SPD16_eabi.lib : _lock.c.obj (.data:$O1$$)
                  20001be4    00000008     EK_TM4C1294XL.obj (.data:gpioCallbackFunctions)
                  20001bec    00000008     empty_pem4f.oem4f (.data:ti_sysbios_family_arm_m3_Hwi_Module__root__V)
                  20001bf4    00000008     empty_pem4f.oem4f (.data:ti_sysbios_gates_GateHwi_Module__root__V)
[...]
0000fef4  UART_defaultParams                                                   
0000ff18  ti_sysbios_gates_GateHwi_Module__FXNS__C                             
0000ff3c  ti_sysbios_gates_GateMutex_Module__FXNS__C                           
0000ff60  ti_sysbios_heaps_HeapMem_Object__PARAMS__C                           
0000ff84  ti_sysbios_knl_Clock_Object__PARAMS__C                               
0000ffa8  ti_sysbios_knl_Semaphore_Object__PARAMS__C                           
0000ffcc  PWMTimerTiva_fxnTable                                                
0000ffe8  PWMTimerTiva_MAX_PRESCALAR_VALUE                                     
0000ffea  PWMTimerTiva_MAX_MATCH_VALUE                                         
0000ffec  PWMTiva_fxnTable                                                     
00010008  PWMTiva_MAX_PRESCALAR                                                
0001000a  PWMTiva_MAX_MATCH_VALUE                                              
0001000c  ti_sysbios_family_arm_m3_Hwi_Object__DESC__C                         
0001002c  ti_sysbios_gates_GateHwi_Object__DESC__C                             
0001004c  ti_sysbios_gates_GateMutex_Object__DESC__C                           
0001006c  ti_sysbios_heaps_HeapMem_Object__DESC__C                             
0001008c  ti_sysbios_knl_Clock_Object__DESC__C                                 
000100ac  ti_sysbios_knl_Queue_Object__DESC__C                                 
000100cc  ti_sysbios_knl_Semaphore_Object__DESC__C                             
000100ec  ti_sysbios_knl_Task_Object__DESC__C                                  
0001010c  xdc_runtime_Startup_sfxnTab__A                                       
0001012c  I2CTiva_fxnTable                                                     
00010148  g_pi32TouchParameters                                                
00010164  UART_config                                                          
0001017c  i2cTivaHWAttrs                                                       
00010194  ti_sysbios_gates_GateHwi_Object__PARAMS__C                           
000101ac  ti_sysbios_gates_GateMutex_Object__PARAMS__C                         
000101c4  ti_sysbios_knl_Queue_Object__PARAMS__C                               
000101dc  uartTivaHWAttrs                                                      
000101f4  GPIOTiva_config                                                      
00010208  xdc_runtime_Startup_firstFxns__A                                     
0001021c  g_psDefaultCodePointMapTable                                         
0001022c  motorLibPWMTimerTivaHWAttrs                                          
0001023c  xdc_runtime_Startup_sfxnRts__A                                       
0001024c  PWM_defaultParams                                                    
00010260  ti_sysbios_family_arm_m3_Hwi_excHookFuncs__A                         
00010268  ti_sysbios_knl_Idle_funcList__C                                      
00010270  xdc_runtime_Startup_firstFxns__C                                     
00010278  xdc_runtime_Startup_lastFxns__C                                      
00010286  ti_catalog_arm_cortexm4_tiva_ce_Boot_Module__id__C                   
00010288  ti_catalog_arm_cortexm4_tiva_ce_Boot_A_mustNotUseEnhancedClockMode__C
0001028c  ti_catalog_arm_cortexm4_tiva_ce_Boot_Module__diagsEnabled__C         
00010290  ti_catalog_arm_cortexm4_tiva_ce_Boot_Module__diagsIncluded__C        
00010294  ti_catalog_arm_cortexm4_tiva_ce_Boot_Module__diagsMask__C            
00010298  ti_sysbios_family_arm_lm4_Timer_enableFunc__C                        
0001029c  ti_sysbios_family_arm_lm4_Timer_numTimerDevices__C                   
000102a0  ti_sysbios_family_arm_lm4_Timer_startupNeeded__C                     
000102a4  ti_sysbios_family_arm_m3_Hwi_E_NMI__C                                
000102a8  ti_sysbios_family_arm_m3_Hwi_E_alreadyDefined__C                     
000102ac  ti_sysbios_family_arm_m3_Hwi_E_busFault__C                           
000102b0  ti_sysbios_family_arm_m3_Hwi_E_debugMon__C                           
000102b4  ti_sysbios_family_arm_m3_Hwi_E_hardFault__C                          
000102b8  ti_sysbios_family_arm_m3_Hwi_E_memFault__C                           
000102bc  ti_sysbios_family_arm_m3_Hwi_E_noIsr__C                              
000102c0  ti_sysbios_family_arm_m3_Hwi_E_reserved__C                           
000102c4  ti_sysbios_family_arm_m3_Hwi_E_svCall__C                             
000102c8  ti_sysbios_family_arm_m3_Hwi_E_usageFault__C                         
000102cc  ti_sysbios_family_arm_m3_Hwi_NUM_INTERRUPTS__C                       
000102d0  ti_sysbios_family_arm_m3_Hwi_Object__count__C                        
000102d4  ti_sysbios_family_arm_m3_Hwi_ccr__C                                  
000102d8  ti_sysbios_family_arm_m3_Hwi_excHandlerFunc__C                       
000102dc  ti_sysbios_family_arm_m3_Hwi_excHookFuncs__C                         
000102e0  ti_sysbios_family_arm_m3_Hwi_nullIsrFunc__C                          
000102e4  ti_sysbios_family_arm_m3_Hwi_priGroup__C                             
000102e8  ti_sysbios_family_arm_m3_TaskSupport_stackAlignment__C               
000102ec  ti_sysbios_gates_GateMutex_A_badContext__C                           
000102f0  ti_sysbios_gates_GateMutex_Instance_State_sem__O                     
000102f4  ti_sysbios_gates_GateMutex_Module__diagsEnabled__C                   
000102f8  ti_sysbios_gates_GateMutex_Module__diagsIncluded__C                  
000102fc  ti_sysbios_gates_GateMutex_Module__diagsMask__C                      
00010300  ti_sysbios_hal_Hwi_E_stackOverflow__C                                
00010304  ti_sysbios_heaps_HeapMem_A_align__C                                  
00010308  ti_sysbios_heaps_HeapMem_A_heapSize__C                               
0001030c  ti_sysbios_heaps_HeapMem_A_invalidFree__C                            
00010310  ti_sysbios_heaps_HeapMem_A_zeroBlock__C                              
00010314  ti_sysbios_heaps_HeapMem_E_memory__C                                 
00010318  ti_sysbios_heaps_HeapMem_Module__diagsEnabled__C                     
0001031c  ti_sysbios_heaps_HeapMem_Module__diagsIncluded__C                    
00010320  ti_sysbios_heaps_HeapMem_Module__diagsMask__C                        
00010324  ti_sysbios_heaps_HeapMem_Module__gateObj__C                          
00010328  ti_sysbios_heaps_HeapMem_Object__count__C                            
0001032c  ti_sysbios_heaps_HeapMem_reqAlign__C                                 
00010330  ti_sysbios_knl_Clock_A_badThreadType__C                              
00010334  ti_sysbios_knl_Clock_Module_State_clockQ__O                          
00010338  ti_sysbios_knl_Clock_Module__diagsEnabled__C                         
0001033c  ti_sysbios_knl_Clock_Module__diagsIncluded__C                        
00010340  ti_sysbios_knl_Clock_Module__diagsMask__C                            
00010344  ti_sysbios_knl_Idle_funcList__A                                      
00010348  ti_sysbios_knl_Semaphore_A_badContext__C                             
0001034c  ti_sysbios_knl_Semaphore_A_noEvents__C                               
00010350  ti_sysbios_knl_Semaphore_A_overflow__C                               
00010354  ti_sysbios_knl_Semaphore_A_pendTaskDisabled__C                       
00010358  ti_sysbios_knl_Semaphore_Instance_State_pendQ__O                     
0001035c  ti_sysbios_knl_Semaphore_Module__diagsEnabled__C                     
00010360  ti_sysbios_knl_Semaphore_Module__diagsIncluded__C                    
00010364  ti_sysbios_knl_Semaphore_Module__diagsMask__C                        
00010368  ti_sysbios_knl_Swi_Object__count__C                                  
0001036c  ti_sysbios_knl_Task_A_badPriority__C                                 
00010370  ti_sysbios_knl_Task_A_badTaskState__C                                
00010374  ti_sysbios_knl_Task_A_badThreadType__C                               
00010378  ti_sysbios_knl_Task_A_noPendElem__C                                  
0001037c  ti_sysbios_knl_Task_E_spOutOfBounds__C                               
00010380  ti_sysbios_knl_Task_E_stackOverflow__C                               
00010384  ti_sysbios_knl_Task_Module_State_inactiveQ__O                        
00010388  ti_sysbios_knl_Task_Module__diagsEnabled__C                          
0001038c  ti_sysbios_knl_Task_Module__diagsIncluded__C                         
00010390  ti_sysbios_knl_Task_Module__diagsMask__C                             
00010394  ti_sysbios_knl_Task_Object__count__C                                 
00010398  ti_sysbios_knl_Task_allBlockedFunc__C                                
0001039c  ti_sysbios_knl_Task_defaultStackHeap__C                              
000103a0  ti_sysbios_knl_Task_defaultStackSize__C                              
000103a4  ti_sysbios_knl_Task_numConstructedTasks__C                           
000103a8  xdc_runtime_Assert_E_assertFailed__C                                 
000103ac  xdc_runtime_Core_A_initializedParams__C                              
000103b0  xdc_runtime_Core_Module__diagsEnabled__C                             
000103b4  xdc_runtime_Core_Module__diagsIncluded__C                            
000103b8  xdc_runtime_Core_Module__diagsMask__C                                
000103bc  xdc_runtime_Error_E_generic__C                                       
000103c0  xdc_runtime_Error_E_memory__C                                        
000103c4  xdc_runtime_Error_Module__diagsEnabled__C                            
000103c8  xdc_runtime_Error_Module__diagsIncluded__C                           
000103cc  xdc_runtime_Error_Module__diagsMask__C                               
000103d0  xdc_runtime_Error_Module__loggerFxn8__C                              
000103d4  xdc_runtime_Error_Module__loggerObj__C                               
000103d8  xdc_runtime_Error_policyFxn__C                                       
000103dc  xdc_runtime_Error_raiseHook__C                                       
000103e0  xdc_runtime_IGateProvider_Interface__BASE__C                         
000103e4  xdc_runtime_IHeap_Interface__BASE__C                                 
000103e8  xdc_runtime_IModule_Interface__BASE__C                               
000103ec  xdc_runtime_Log_L_error__C                                           
000103f0  xdc_runtime_Memory_defaultHeapInstance__C                            
000103f4  xdc_runtime_Startup_execImpl__C                                      
000103f8  xdc_runtime_Startup_maxPasses__C                                     
000103fc  xdc_runtime_Startup_sfxnRts__C                                       
00010400  xdc_runtime_Startup_sfxnTab__C                                       
00010404  xdc_runtime_SysMin_bufSize__C                                        
00010408  xdc_runtime_SysMin_outputFunc__C                                     
0001040c  xdc_runtime_System_Module__gateObj__C                                
00010410  xdc_runtime_System_abortFxn__C                                       
00010414  xdc_runtime_System_exitFxn__C                                        
00010418  xdc_runtime_System_extendFxn__C                                      
0001041c  xdc_runtime_System_maxAtexitHandlers__C                              
00010420  xdc_runtime_Text_charTab__C                                          
00010424  xdc_runtime_Text_nameEmpty__C                                        
00010428  xdc_runtime_Text_nameStatic__C                                       
0001042c  xdc_runtime_Text_nameUnknown__C                                      
00010430  xdc_runtime_Text_nodeTab__C                                          
00010434  xdc_runtime_Text_visitRopeFxn__C                                     
00010438  ti_sysbios_family_arm_m3_Hwi_Module__id__C                           
0001043a  ti_sysbios_gates_GateMutex_Module__id__C                             
0001043c  ti_sysbios_hal_Hwi_Module__id__C                                     
0001043e  ti_sysbios_heaps_HeapMem_Module__id__C                               
00010440  ti_sysbios_knl_Clock_Module__id__C                                   
00010442  ti_sysbios_knl_Semaphore_Module__id__C                               
00010444  ti_sysbios_knl_Task_Module__id__C                                    
00010446  xdc_runtime_Core_Module__id__C                                       
00010448  xdc_runtime_Error_Module__loggerDefined__C                           
0001044a  xdc_runtime_Error_maxDepth__C                                        
0001044c  xdc_runtime_Main_Module__id__C                                       
0001044e  xdc_runtime_Memory_Module__id__C                                     
00010450  xdc_runtime_SysMin_flushAtExit__C                                    
00010452  xdc_runtime_Text_charCnt__C                                          
00010454  xdc_runtime_Text_isLoaded__C                                         
00010456  xdc_runtime_Text_registryModsLastId__C                               
00010458  xdc_runtime_Text_unnamedModsLastId__C                                
0001045a  xdc_runtime_Error_policy__C                                          
00010460  __TI_static_base__                                                   
000106b4  __TI_Handler_Table_Base                                              
000106c0  __TI_Handler_Table_Limit                                             
000106d0  __TI_CINIT_Base                                                      
000106e8  __TI_CINIT_Limit                                                     
20000000  __start___llvm_prf_cnts                                              
20000000  __stop___llvm_prf_cnts                                               
20000000  ti_sysbios_family_arm_m3_Hwi_ramVectors                              
20000360  task0Stack                                                           
20000760  ti_sysbios_heaps_HeapMem_Instance_State_0_buf__A                     
20000b60  ti_sysbios_family_arm_m3_Hwi_dispatchTable                           
20000ec0  ti_sysbios_knl_Task_Instance_State_0_stack__A                        
20001200  __CIOBUF_                                                            
20001320  i2cTivaObjects                                                       
20001420  uartTivaObjects                                                      
2000157c  xdc_runtime_SysMin_Module_State_0_outbuf__A                          
200015fc  task0Struct                                                          
2000164c  motorLibPWMObjects                                                   
20001684  sContext                                                             
200016f0  uartTivaRingBuffer                                                   
20001710  motorLibPWMTimerObjects                                              
20001740  parmbuf                                                              
20001748  g_pi32ParmSet                                                        
20001754  uart                                                                 
20001758  g_i16TouchX                                                          
2000175a  g_i16TouchY                                                          
2000175c  ti_sysbios_knl_Swi_Module_State_0_readyQ__A                          
200017dc  ti_sysbios_knl_Task_Module_State_0_readyQ__A                         
2000185c  g_sStartStopBttn                                                     
200018ac  ti_sysbios_knl_Task_Object__table__V                                 
200018f8  ti_sysbios_knl_Task_Module__state__V                                 
2000193c  g_sBackground                                                        
2000197c  ti_sysbios_family_arm_lm4_Timer_Module_State_0_device__A             
200019bc  ti_sysbios_family_arm_lm4_Timer_Object__table__V                     
200019fc  ti_sysbios_gates_GateMutex_Object__table__V                          
20001a34  ti_sysbios_family_arm_m3_Hwi_Module__state__V                        
20001a68  ti_sysbios_family_arm_m3_Hwi_Object__table__V                        
20001a98  ti_sysbios_knl_Swi_Object__table__V                                  
20001ac8  g_sRoot                                                              
20001af5  motorStartStop                                                       
20001af6  ti_sysbios_family_arm_m3_Hwi_Module_State_0_excActive__A             
20001af8  ti_sysbios_knl_Clock_Module__state__V                                
20001b24  ti_sysbios_BIOS_Module__state__V                                     
20001b48  ti_sysbios_family_arm_lm4_Timer_Module_State_0_handles__A            
20001b68  ti_sysbios_knl_Swi_Module__state__V                                  
20001b9c  ti_sysbios_heaps_HeapMem_Object__table__V                            
20001bb4  gpioPinConfigs                                                       
20001bc4  ti_sysbios_family_arm_lm4_Timer_Module__state__V                     
20001bd0  xdc_runtime_SysMin_Module__state__V                                  
20001bdc  _lock                                                                
20001be0  _unlock                                                              
20001be4  gpioCallbackFunctions                                                
20001bec  ti_sysbios_family_arm_m3_Hwi_Module__root__V                         
20001bf4  ti_sysbios_gates_GateHwi_Module__root__V                             
20001bfc  ti_sysbios_gates_GateMutex_Module__root__V                           
20001c04  ti_sysbios_heaps_HeapMem_Module__root__V                             
20001c0c  ti_sysbios_knl_Clock_Module__root__V                                 
20001c14  ti_sysbios_knl_Queue_Module__root__V                                 
20001c1c  ti_sysbios_knl_Semaphore_Module__root__V                             
20001c24  ti_sysbios_knl_Task_Module__root__V                                  
20001c2c  xdc_runtime_Registry_Module__state__V                                
20001c34  xdc_runtime_Startup_Module__state__V                                 
20001c3c  xdc_runtime_System_Module_State_0_atexitHandlers__A                  
20001c44  xdc_runtime_System_Module__state__V                                  
20001c52  xdc_runtime_Error_Module__state__V                                   
20001c60  main_func_sp                                                         
20001c64  ti_sysbios_family_arm_m3_Hwi_Module_State_0_excContext__A            
20001c68  ti_sysbios_family_arm_m3_Hwi_Module_State_0_excStack__A              
20001c6c  ti_sysbios_gates_GateHwi_Object__table__V                            
20001c70  ti_sysbios_knl_Task_Module_State_0_idleTask__A                       
20001c74  g_i16TouchMin                                                        
20001c78  xdc_runtime_Memory_Module__state__V                                  
20001c80  __stack                                                              
20001f80  __STACK_END                                                          
e000e000  ti_sysbios_family_arm_m3_Hwi_nvic                                    
ffffffff  __TI_pprof_out_hndl                                                  
ffffffff  __TI_prof_data_size                                                  
ffffffff  __TI_prof_data_start                                                 
ffffffff  __binit__                                                            
ffffffff  __c_args__                                                           
ffffffff  binit                                                                
UNDEFED   SHT$$INIT_ARRAY$$Base                                                
UNDEFED   SHT$$INIT_ARRAY$$Limit                                               

[756 symbols]
