******************************************************************************
                  TI ARM Linker PC v20.2.5                     
******************************************************************************
>> Linked Wed Jun  8 11:19:23 2022

OUTPUT FILE NAME:   <stairstepStopMode_DK_TM4C129X_TI.out>
ENTRY POINT SYMBOL: "_c_int00"  address: 00004c19


MEMORY CONFIGURATION

         name            origin    length      used     unused   attr    fill
----------------------  --------  ---------  --------  --------  ----  --------
  FLASH                 00000000   00100000  0000981e  000f67e2  R  X
  SRAM                  20000000   00040000  00002890  0003d770  RW X


SEGMENT ALLOCATION MAP

run origin  load origin   length   init length attrs members
----------  ----------- ---------- ----------- ----- -------
00000000    00000000    00009828   00009828    r-x
  00000000    00000000    0000003c   0000003c    r-- .resetVecs
  00000040    00000040    00006af2   00006af2    r-x .text
  00006b34    00006b34    00002a20   00002a20    r-- .const
  00009558    00009558    000002d0   000002d0    r-- .cinit
20000000    20000000    00000360   00000000    rw-
  20000000    20000000    00000360   00000000    rw- .vecs
20000380    20000380    00002530   00000000    rw-
  20000380    20000380    00001a30   00000000    rw- .bss
  20001db0    20001db0    00000700   00000000    rw- .data
  200024b0    200024b0    00000400   00000000    rw- .stack


SECTION ALLOCATION MAP

 output                                  attributes/
section   page    origin      length       input sections
--------  ----  ----------  ----------   ----------------
.text      0    00000040    00006af2     
                  00000040    00000430     sysbios.aem4f : BIOS.obj (.text:ti_sysbios_family_arm_m3_Hwi_excDumpRegs__I)
                  00000470    0000034c     ti.targets.arm.rtsarm.aem4f : System.oem4f (.text:xdc_runtime_System_doPrint__I)
                  000007bc    00000004     rtsv7M4_T_le_v4SPD16_eabi.lib : exit.c.obj (.text:abort:abort)
                  000007c0    0000021c     sysbios.aem4f : BIOS.obj (.text:ti_sysbios_family_arm_lm4_Timer_Instance_init__E)
                  000009dc    00000204     Boot.aem4f : Boot_sysctl.oem4f (.text:ti_catalog_arm_cortexm4_tiva_ce_Boot_sysCtlClockFreqSetI__I)
                  00000be0    000001f4     sysbios.aem4f : BIOS.obj (.text:ti_sysbios_family_arm_m3_Hwi_excHandlerMax__I)
                  00000dd4    00000004     stairstep_pem4f.oem4f (.text:ti_sysbios_BIOS_RtsGateProxy_enter__E)
                  00000dd8    00000198     sysbios.aem4f : BIOS.obj (.text:ti_sysbios_family_arm_m3_Hwi_dispatchC__I)
                  00000f70    00000180                   : BIOS.obj (.text:ti_sysbios_knl_Swi_run__I)
                  000010f0    00000178                   : BIOS.obj (.text:ti_sysbios_family_arm_lm4_TimestampProvider_get64__E)
                  00001268    00000174                   : BIOS.obj (.text:ti_sysbios_family_arm_m3_Hwi_excBusFault__I)
                  000013dc    00000004     stairstep_pem4f.oem4f (.text:ti_sysbios_BIOS_RtsGateProxy_leave__E)
                  000013e0    00000174     sysbios.aem4f : BIOS.obj (.text:ti_sysbios_knl_Semaphore_pend__E)
                  00001554    00000004                   : BIOS.obj (.text:ti_sysbios_family_arm_lm4_Timer_masterEnable__I)
                  00001558    00000168                   : BIOS.obj (.text:ti_sysbios_utils_Load_logLoads__I)
                  000016c0    00000164                   : BIOS.obj (.text:ti_sysbios_family_arm_m3_Hwi_excUsageFault__I)
                  00001824    00000004     stairstep_pem4f.oem4f (.text:ti_sysbios_family_arm_m3_Hwi_delete)
                  00001828    00000148     sysbios.aem4f : BIOS.obj (.text:ti_sysbios_family_arm_m3_Hwi_excMemFault__I)
                  00001970    0000013c                   : BIOS.obj (.text:ti_sysbios_knl_Clock_workFunc__E)
                  00001aac    00000138     stairstep_pem4f.oem4f (.text:ti_uia_loggers_LoggerStopMode_writeMemoryRange__E)
                  00001be4    00000118     ti.targets.arm.rtsarm.aem4f : Error.oem4f (.text:xdc_runtime_Error_policyDefault__E)
                  00001cfc    00000004     stairstep_pem4f.oem4f (.text:ti_sysbios_family_arm_m3_TaskSupport_Module__startupDone__S)
                  00001d00    00000110     sysbios.aem4f : BIOS.obj (.text:ti_sysbios_knl_Task_schedule__I)
                  00001e10    0000010c     stairstep_pem4f.oem4f (.text:ti_uia_loggers_LoggerStopMode_write8__E)
                  00001f1c    00000004     stairstep_pem4f.oem4f (.text:ti_sysbios_hal_Timer_TimerProxy_delete)
                  00001f20    00000108     sysbios.aem4f : BIOS.obj (.text:ti_sysbios_family_arm_lm4_Timer_start__E)
                  00002028    00000104                   : BIOS.obj (.text:ti_sysbios_knl_Task_Instance_finalize__E)
                  0000212c    00000100     ti.targets.arm.rtsarm.aem4f : Core-mem.oem4f (.text:xdc_runtime_Core_createObject__I)
                  0000222c    00000004     stairstep_pem4f.oem4f (.text:ti_sysbios_heaps_HeapMem_Module_GateProxy_enter__E)
                  00002230    000000fc     sysbios.aem4f : BIOS.obj (.text:ti_sysbios_knl_Task_startCore__E)
                  0000232c    000000f8     ti.targets.arm.rtsarm.aem4f : Startup.oem4f (.text:xdc_runtime_Startup_startMods__I)
                  00002424    000000f8     stairstep_pem4f.oem4f (.text:xdc_runtime_System_printfExtend__I)
                  0000251c    000000f4     sysbios.aem4f : m3_Hwi_asm.obj (.text:ti_sysbios_family_arm_m3_Hwi_dispatch__I)
                  00002610    000000f4                   : BIOS.obj (.text:ti_sysbios_knl_Task_Instance_init__E)
                  00002704    000000f4     stairstep_pem4f.oem4f (.text:ti_uia_loggers_LoggerStopMode_write4__E)
                  000027f8    000000ec     sysbios.aem4f : BIOS.obj (.text:ti_sysbios_knl_Task_postInit__I)
                  000028e4    000000e8     stairstep_pem4f.oem4f (.text:ti_uia_loggers_LoggerStopMode_write1__E)
                  000029cc    000000e8     stairstep_pem4f.oem4f (.text:ti_uia_loggers_LoggerStopMode_write2__E)
                  00002ab4    00000004     stairstep_pem4f.oem4f (.text:ti_sysbios_heaps_HeapMem_Module_GateProxy_leave__E)
                  00002ab8    000000d8     sysbios.aem4f : BIOS.obj (.text:ti_sysbios_family_arm_lm4_TimestampProvider_get32__E)
                  00002b90    000000d8                   : BIOS.obj (.text:ti_sysbios_family_arm_m3_Hwi_postInit__I)
                  00002c68    000000d8                   : BIOS.obj (.text:ti_sysbios_knl_Swi_post__E)
                  00002d40    000000d8     stairstep_pem4f.oem4f (.text:ti_uia_loggers_LoggerStopMode_write0__E)
                  00002e18    000000d4     sysbios.aem4f : BIOS.obj (.text:ti_sysbios_heaps_HeapMem_alloc__E)
                  00002eec    00000004     stairstep_pem4f.oem4f (.text:ti_sysbios_knl_Clock_TimerProxy_getMaxTicks__E)
                  00002ef0    000000cc     sysbios.aem4f : BIOS.obj (.text:ti_sysbios_family_arm_m3_Hwi_Instance_init__E)
                  00002fbc    00000004     stairstep_pem4f.oem4f (.text:ti_sysbios_knl_Clock_TimerProxy_getPeriod__E)
                  00002fc0    000000cc     sysbios.aem4f : BIOS.obj (.text:ti_sysbios_utils_Load_updateThreadContexts__E)
                  0000308c    000000cc     ti.targets.arm.rtsarm.aem4f : Core-smem.oem4f (.text:xdc_runtime_Core_constructObject__I)
                  00003158    000000c8     sysbios.aem4f : BIOS.obj (.text:ti_sysbios_knl_Task_exit__E)
                  00003220    000000c4                   : BIOS.obj (.text:ti_sysbios_knl_Semaphore_post__E)
                  000032e4    00000004     stairstep_pem4f.oem4f (.text:ti_sysbios_knl_Queue_destruct)
                  000032e8    000000bc     sysbios.aem4f : BIOS.obj (.text:ti_sysbios_family_arm_m3_Hwi_excDebugMon__I)
                  000033a4    00000004     stairstep_pem4f.oem4f (.text:ti_sysbios_knl_Semaphore_destruct)
                  000033a8    000000bc     sysbios.aem4f : BIOS.obj (.text:ti_sysbios_family_arm_m3_Hwi_excHardFault__I)
                  00003464    00000004     ti.uia.loggers.aem4f : LoggerStopMode.oem4f (.text:ti_uia_loggers_LoggerStopMode_getContents__E)
                  00003468    000000bc     sysbios.aem4f : BIOS.obj (.text:ti_sysbios_knl_Task_unblockI__E)
                  00003524    000000b8     DK_TM4C129X.obj (.text:DK_TM4C129X_initGeneral)
                  000035dc    000000b8     stairstep.obj (.text:main)
                  00003694    00000004     stairstep_pem4f.oem4f (.text:ti_uia_loggers_LoggerStopMode_getFilterLevel__E)
                  00003698    000000b4     sysbios.aem4f : BIOS.obj (.text:ti_sysbios_knl_Task_checkStacks__E)
                  0000374c    00000004     ti.uia.loggers.aem4f : LoggerStopMode.oem4f (.text:ti_uia_loggers_LoggerStopMode_getInstanceId__E)
                  00003750    000000b0     sysbios.aem4f : BIOS.obj (.text:ti_sysbios_utils_Load_updateLoads__E)
                  00003800    000000ac                   : BIOS.obj (.text:ti_sysbios_family_arm_lm4_Timer_enableTiva__I)
                  000038ac    00000004     ti.uia.loggers.aem4f : LoggerStopMode.oem4f (.text:ti_uia_loggers_LoggerStopMode_getMaxLength__E)
                  000038b0    000000a8     sysbios.aem4f : BIOS.obj (.text:ti_sysbios_knl_Task_blockI__E)
                  00003958    000000a0     auto_init.aem4f : auto_init.oem4f (.text)
                  000039f8    000000a0     ti.targets.arm.rtsarm.aem4f : Text.oem4f (.text:xdc_runtime_Text_putMod__E)
                  00003a98    0000009c     rtsv7M4_T_le_v4SPD16_eabi.lib : memcpy_t2.asm.obj (.text)
                  00003b34    0000009a     ti.targets.arm.rtsarm.aem4f : Text.oem4f (.text:xdc_runtime_Text_putSite__E)
                  00003bce    00000002     rtsv7M4_T_le_v4SPD16_eabi.lib : _lock.c.obj (.text:_nop)
                  00003bd0    00000098     Boot.aem4f : Boot.oem4f (.text:ti_catalog_arm_cortexm4_tiva_ce_Boot_sysCtlClockFreqSet__E)
                  00003c68    00000096     rtsv7M4_T_le_v4SPD16_eabi.lib : ull_div_t2.asm.obj (.text)
                  00003cfe    00000002                                   : div0.asm.obj (.text)
                  00003d00    00000094     stairstep.obj (.text:cpuLoadInit)
                  00003d94    00000004     ti.uia.loggers.aem4f : LoggerStopMode.oem4f (.text:ti_uia_loggers_LoggerStopMode_getPriority__E)
                  00003d98    00000094     sysbios.aem4f : BIOS.obj (.text:ti_sysbios_family_arm_m3_Hwi_initNVIC__E)
                  00003e2c    00000004     ti.uia.loggers.aem4f : LoggerStopMode.oem4f (.text:ti_uia_loggers_LoggerStopMode_getTransferType__E)
                  00003e30    00000090     sysbios.aem4f : BIOS.obj (.text:ti_sysbios_knl_Task_Module_startup__E)
                  00003ec0    00000090     ti.uia.loggers.aem4f : LoggerStopMode.oem4f (.text:ti_uia_loggers_LoggerStopMode_initQueueDescriptor__E)
                  00003f50    0000008c     sysbios.aem4f : BIOS.obj (.text:ti_sysbios_family_arm_lm4_Timer_enableTimers__I)
                  00003fdc    0000008c                   : m3_TaskSupport_asm.obj (.text:ti_sysbios_family_arm_m3_TaskSupport_buildTaskStack)
                  00004068    0000008c                   : BIOS.obj (.text:ti_sysbios_utils_Load_updateCurrentThreadTime__E)
                  000040f4    00000004     ti.targets.arm.rtsarm.aem4f : Error.oem4f (.text:xdc_runtime_Error_getSite__E)
                  000040f8    00000084     sysbios.aem4f : BIOS.obj (.text:ti_sysbios_knl_Swi_Instance_init__E)
                  0000417c    00000004     stairstep_pem4f.oem4f (.text:xdc_runtime_System_Module_GateProxy_enter__E)
                  00004180    00000080     sysbios.aem4f : BIOS.obj (.text:ti_sysbios_knl_Swi_Module_startup__E)
                  00004200    0000007c                   : BIOS.obj (.text:ti_sysbios_family_arm_lm4_Timer_disableTiva__I)
                  0000427c    00000004     stairstep_pem4f.oem4f (.text:xdc_runtime_System_Module_GateProxy_leave__E)
                  00004280    0000007c     sysbios.aem4f : BIOS.obj (.text:ti_sysbios_heaps_HeapMem_free__E)
                  000042fc    0000007a     rtsv7M4_T_le_v4SPD16_eabi.lib : memset_t2.asm.obj (.text)
                  00004376    00000002     stairstep_pem4f.oem4f (.text:ti_sysbios_BIOS_nullFunc__I)
                  00004378    00000078     sysbios.aem4f : BIOS.obj (.text:ti_sysbios_family_arm_m3_Hwi_Instance_finalize__E)
                  000043f0    00000074                   : BIOS.obj (.text:ti_sysbios_family_arm_m3_Hwi_Module_startup__E)
                  00004464    00000074     ti.uia.runtime.aem4f : QueueDescriptor.oem4f (.text:ti_uia_runtime_QueueDescriptor_addToList__E)
                  000044d8    0000006d     ti.targets.arm.rtsarm.aem4f : System.oem4f (.text:xdc_runtime_System_formatNum__I)
                  00004545    00000001     --HOLE-- [fill = 0]
                  00004546    00000002     stairstep_pem4f.oem4f (.text:ti_uia_loggers_LoggerStopMode_setFilterLevel__E)
                  00004548    0000006c     stairstep_pem4f.oem4f (.text:ti_sysbios_family_arm_lm4_Timer_Object__create__S)
                  000045b4    00000004     ti.targets.arm.rtsarm.aem4f : System.oem4f (.text:xdc_runtime_System_aprintf_va__F)
                  000045b8    0000006c     sysbios.aem4f : BIOS.obj (.text:ti_sysbios_knl_Swi_restoreHwi__E)
                  00004624    00000004     ti.targets.arm.rtsarm.aem4f : System.oem4f (.text:xdc_runtime_System_printf_va__F)
                  00004628    0000006c     sysbios.aem4f : BIOS.obj (.text:ti_sysbios_utils_Load_taskCreateHook__E)
                  00004694    0000006c     ti.targets.arm.rtsarm.aem4f : Error.oem4f (.text:xdc_runtime_Error_print__E)
                  00004700    0000006c                                 : Memory.oem4f (.text:xdc_runtime_Memory_alloc__E)
                  0000476c    00000068     rtsv7M4_T_le_v4SPD16_eabi.lib : copy_decompress_lzss.c.obj (.text:decompress:lzss:__TI_decompress_lzss)
                  000047d4    00000002     ti.uia.loggers.aem4f : LoggerStopMode.oem4f (.text:ti_uia_loggers_LoggerStopMode_setPriority__E)
                  000047d6    00000002     stairstep_pem4f.oem4f (.text:xdc_runtime_Startup_reset__I)
                  000047d8    00000068     sysbios.aem4f : BIOS.obj (.text:ti_sysbios_utils_Load_addTask__E)
                  00004840    00000066     ti.uia.loggers.aem4f : LoggerStopMode.oem4f (.text:ti_uia_loggers_LoggerStopMode_flush__E)
                  000048a6    00000066     ti.targets.arm.rtsarm.aem4f : Core-mem.oem4f (.text:xdc_runtime_Core_deleteObject__I)
                  0000490c    00000004     --HOLE-- [fill = 0]
                  00004910    00000064     sysbios.aem4f : BIOS.obj (.text:ti_sysbios_family_arm_lm4_Timer_Module_startup__E)
                  00004974    00000064     stairstep_pem4f.oem4f (.text:ti_sysbios_family_arm_m3_Hwi_create)
                  000049d8    00000064     sysbios.aem4f : BIOS.obj (.text:ti_sysbios_utils_Load_idleFxn__E)
                  00004a3c    00000060     stairstep.obj (.text:step)
                  00004a9c    00000004     --HOLE-- [fill = 0]
                  00004aa0    00000060     sysbios.aem4f : BIOS.obj (.text:ti_sysbios_knl_Clock_logTick__E)
                  00004b00    00000060                   : BIOS.obj (.text:ti_sysbios_utils_Load_logCPULoad__I)
                  00004b60    0000005c                   : BIOS.obj (.text:ti_sysbios_knl_Swi_schedule__I)
                  00004bbc    0000005b     ti.targets.arm.rtsarm.aem4f : Text.oem4f (.text:xdc_runtime_Text_putLab__E)
                  00004c17    00000001     --HOLE-- [fill = 0]
                  00004c18    00000058     boot.aem4f : boot.oem4f (.text)
                  00004c70    00000058     rtsv7M4_T_le_v4SPD16_eabi.lib : hostwrite.c.obj (.text:HOSTwrite)
                  00004cc8    00000058     sysbios.aem4f : BIOS.obj (.text:ti_sysbios_family_arm_lm4_Timer_Instance_finalize__E)
                  00004d20    00000058                   : m3_Hwi_asm_switch.obj (.text:ti_sysbios_family_arm_m3_Hwi_initStacks__E)
                  00004d78    00000058     stairstep_pem4f.oem4f (.text:ti_sysbios_hal_Timer_construct)
                  00004dd0    00000058     sysbios.aem4f : BIOS.obj (.text:ti_sysbios_knl_Swi_postInit__I)
                  00004e28    00000054                   : BIOS.obj (.text:ti_sysbios_family_arm_lm4_Timer_initDevice__I)
                  00004e7c    00000054     stairstep_pem4f.oem4f (.text:ti_sysbios_knl_Swi_construct)
                  00004ed0    00000054     stairstep_pem4f.oem4f (.text:ti_sysbios_knl_Task_construct)
                  00004f24    00000054     stairstep_pem4f.oem4f (.text:ti_sysbios_utils_Load_hwiBeginHook__E)
                  00004f78    00000054     sysbios.aem4f : BIOS.obj (.text:ti_sysbios_utils_Load_taskSwitchHook__E)
                  00004fcc    00000054     ti.targets.arm.rtsarm.aem4f : Assert.oem4f (.text:xdc_runtime_Assert_raise__I)
                  00005020    00000050     Boot.aem4f : Boot_sysctl.oem4f (.text:_SysCtlFrequencyGet)
                  00005070    00000050     sysbios.aem4f : BIOS.obj (.text:ti_sysbios_knl_Swi_Instance_finalize__E)
                  000050c0    00000050     ti.targets.arm.rtsarm.aem4f : Startup.oem4f (.text:xdc_runtime_Startup_exec__E)
                  00005110    00000050                                 : Text.oem4f (.text:xdc_runtime_Text_visitRope2__I)
                  00005160    0000004c     rtsv7M4_T_le_v4SPD16_eabi.lib : cpy_tbl.c.obj (.text:copy_in)
                  000051ac    00000004     --HOLE-- [fill = 0]
                  000051b0    0000004c     sysbios.aem4f : BIOS.obj (.text:ti_sysbios_heaps_HeapMem_getStats__E)
                  000051fc    00000004     --HOLE-- [fill = 0]
                  00005200    0000004c                   : BIOS.obj (.text:ti_sysbios_knl_Swi_runLoop__I)
                  0000524c    00000004     --HOLE-- [fill = 0]
                  00005250    0000004c                   : BIOS.obj (.text:ti_sysbios_knl_Task_allBlockedFunction__I)
                  0000529c    0000004c     ti.uia.loggers.aem4f : LoggerStopMode.oem4f (.text:ti_uia_loggers_LoggerStopMode_Module_startup__E)
                  000052e8    00000048     sysbios.aem4f : BIOS.obj (.text:ti_sysbios_family_arm_m3_Hwi_disableInterrupt__E)
                  00005330    00000048                   : BIOS.obj (.text:ti_sysbios_family_arm_m3_Hwi_enableInterrupt__E)
                  00005378    00000048                   : BIOS.obj (.text:ti_sysbios_family_arm_m3_Hwi_excReserved__I)
                  000053c0    00000048                   : BIOS.obj (.text:ti_sysbios_utils_Load_swiBeginHook__E)
                  00005408    00000048                   : BIOS.obj (.text:ti_sysbios_utils_Load_taskDeleteHook__E)
                  00005450    00000046     ti.targets.arm.rtsarm.aem4f : Core-params.oem4f (.text:xdc_runtime_Core_assignParams__I)
                  00005496    00000002     --HOLE-- [fill = 0]
                  00005498    00000044     stairstep.obj (.text:taskLoad)
                  000054dc    00000004     --HOLE-- [fill = 0]
                  000054e0    00000044     sysbios.aem4f : BIOS.obj (.text:ti_sysbios_family_arm_lm4_Timer_isrStub__E)
                  00005524    00000004     --HOLE-- [fill = 0]
                  00005528    00000044                   : BIOS.obj (.text:ti_sysbios_family_arm_m3_Hwi_getStackInfo__E)
                  0000556c    00000004     --HOLE-- [fill = 0]
                  00005570    00000044                   : BIOS.obj (.text:ti_sysbios_utils_Load_removeTask__E)
                  000055b4    00000044     ti.uia.loggers.aem4f : LoggerStopMode.oem4f (.text:ti_uia_loggers_LoggerStopMode_initBuffer__I)
                  000055f8    00000044     ti.targets.arm.rtsarm.aem4f : Error.oem4f (.text:xdc_runtime_Error_setX__E)
                  0000563c    00000044                                 : SysMin.oem4f (.text:xdc_runtime_SysMin_flush__E)
                  00005680    00000044                                 : Text.oem4f (.text:xdc_runtime_Text_xprintf__I)
                  000056c4    00000040     rtsv7M4_T_le_v4SPD16_eabi.lib : u_divt2.asm.obj (.text)
                  00005704    00000004     --HOLE-- [fill = 0]
                  00005708    00000040     sysbios.aem4f : BIOS.obj (.text:ti_sysbios_family_arm_lm4_Timer_startup__E)
                  00005748    00000040                   : BIOS.obj (.text:ti_sysbios_heaps_HeapMem_Instance_init__E)
                  00005788    0000003c                   : BIOS.obj (.text:ti_sysbios_family_arm_m3_Hwi_excSvCall__I)
                  000057c4    00000004     --HOLE-- [fill = 0]
                  000057c8    0000003c                   : BIOS.obj (.text:ti_sysbios_heaps_HeapMem_init__I)
                  00005804    00000004     --HOLE-- [fill = 0]
                  00005808    0000003c                   : BIOS.obj (.text:ti_sysbios_knl_Swi_restore__E)
                  00005844    00000004     --HOLE-- [fill = 0]
                  00005848    0000003c                   : BIOS.obj (.text:ti_sysbios_utils_Load_hwiEndHook__E)
                  00005884    0000003c     stairstep.obj (.text:timerFunc)
                  000058c0    00000038     rtsv7M4_T_le_v4SPD16_eabi.lib : trgmsg.c.obj (.text:__TI_writemsg)
                  000058f8    00000038     sysbios.aem4f : BIOS.obj (.text:ti_sysbios_family_arm_m3_Hwi_excNoIsr__I)
                  00005930    00000038                   : BIOS.obj (.text:ti_sysbios_knl_Task_processVitalTaskFlag__I)
                  00005968    00000038     ti.targets.arm.rtsarm.aem4f : SysMin.oem4f (.text:xdc_runtime_SysMin_putch__E)
                  000059a0    00000038                                 : System.oem4f (.text:xdc_runtime_System_atexit__E)
                  000059d8    00000034     driverlib.lib : sysctl.obj (.text:SysCtlPeripheralEnable)
                  00005a0c    00000034     rtsv7M4_T_le_v4SPD16_eabi.lib : trgmsg.c.obj (.text:__TI_readmsg)
                  00005a40    00000034     stairstep.obj (.text:swiLoad)
                  00005a74    00000004     --HOLE-- [fill = 0]
                  00005a78    00000034     sysbios.aem4f : BIOS.obj (.text:ti_sysbios_family_arm_lm4_Timer_setPeriodMicroSecs__E)
                  00005aac    00000004     --HOLE-- [fill = 0]
                  00005ab0    00000034                   : BIOS.obj (.text:ti_sysbios_family_arm_m3_Hwi_excNmi__I)
                  00005ae4    00000004     --HOLE-- [fill = 0]
                  00005ae8    00000034                   : BIOS.obj (.text:ti_sysbios_hal_Hwi_checkStack)
                  00005b1c    00000004     --HOLE-- [fill = 0]
                  00005b20    00000034                   : BIOS.obj (.text:ti_sysbios_utils_Load_startup__E)
                  00005b54    00000004     --HOLE-- [fill = 0]
                  00005b58    00000034                   : BIOS.obj (.text:ti_sysbios_utils_Load_swiEndHook__E)
                  00005b8c    00000034     ti.uia.loggers.aem4f : LoggerStopMode.oem4f (.text:ti_uia_loggers_LoggerStopMode_reset__E)
                  00005bc0    00000034     ti.targets.arm.rtsarm.aem4f : Core-label.oem4f (.text:xdc_runtime_Core_assignLabel__I)
                  00005bf4    00000033                                 : Text.oem4f (.text:xdc_runtime_Text_printVisFxn__I)
                  00005c27    00000001     --HOLE-- [fill = 0]
                  00005c28    00000032     sysbios.aem4f : BIOS.obj (.text:ti_sysbios_hal_Hwi_initStack)
                  00005c5a    00000006     ti.targets.arm.rtsarm.aem4f : System.oem4f (.text:xdc_runtime_System_Module_startup__E)
                  00005c60    00000032     sysbios.aem4f : BIOS.obj (.text:ti_sysbios_knl_Semaphore_pendTimeout__I)
                  00005c92    00000002     --HOLE-- [fill = 0]
                  00005c94    00000030     stairstep.obj (.text:hwiLoad)
                  00005cc4    00000030     stairstep_pem4f.oem4f (.text:ti_sysbios_BIOS_atExitFunc__I)
                  00005cf4    00000004     --HOLE-- [fill = 0]
                  00005cf8    00000030     sysbios.aem4f : BIOS.obj (.text:ti_sysbios_family_arm_lm4_Timer_stop__E)
                  00005d28    00000030                   : BIOS.obj (.text:ti_sysbios_family_arm_m3_TaskSupport_start__E)
                  00005d58    00000030     stairstep_pem4f.oem4f (.text:ti_sysbios_gates_GateHwi_Object__create__S)
                  00005d88    00000030     stairstep_pem4f.oem4f (.text:ti_sysbios_gates_GateMutex_Object__create__S)
                  00005db8    00000030     sysbios.aem4f : BIOS.obj (.text:ti_sysbios_gates_GateMutex_enter__E)
                  00005de8    00000030     stairstep_pem4f.oem4f (.text:ti_sysbios_heaps_HeapMem_Object__create__S)
                  00005e18    00000030     stairstep_pem4f.oem4f (.text:ti_sysbios_knl_Semaphore_construct)
                  00005e48    00000030     stairstep_pem4f.oem4f (.text:ti_uia_loggers_LoggerStopMode_Object__create__S)
                  00005e78    00000030     ti.targets.arm.rtsarm.aem4f : SysMin.oem4f (.text:xdc_runtime_SysMin_abort__E)
                  00005ea8    00000030                                 : System.oem4f (.text:xdc_runtime_System_processAtExit__E)
                  00005ed8    0000002c     stairstep_pem4f.oem4f (.text:ti_sysbios_knl_Clock_doTick__I)
                  00005f04    0000002c     stairstep_pem4f.oem4f (.text:ti_sysbios_knl_Queue_construct)
                  00005f30    0000002c     sysbios.aem4f : BIOS.obj (.text:ti_sysbios_knl_Task_restore__E)
                  00005f5c    0000002c     ti.targets.arm.rtsarm.aem4f : Text.oem4f (.text:xdc_runtime_Text_cordText__E)
                  00005f88    0000002a                                 : System.oem4f (.text:xdc_runtime_System_putchar__I)
                  00005fb2    00000002     --HOLE-- [fill = 0]
                  00005fb4    00000028     stairstep_pem4f.oem4f (.text:ti_sysbios_BIOS_startFunc__I)
                  00005fdc    00000004     --HOLE-- [fill = 0]
                  00005fe0    00000028     sysbios.aem4f : BIOS.obj (.text:ti_sysbios_hal_Timer_Instance_init__E)
                  00006008    00000026                   : m3_Hwi_asm.obj (.text:ti_sysbios_family_arm_m3_Hwi_pendSV__I)
                  0000602e    00000026     ti.targets.arm.rtsarm.aem4f : System.oem4f (.text:xdc_runtime_System_avprintf__E)
                  00006054    00000024     stairstep_pem4f.oem4f (.text:ti_sysbios_BIOS_registerRTSLock__I)
                  00006078    00000024     stairstep_pem4f.oem4f (.text:ti_sysbios_BIOS_removeRTSLock__I)
                  0000609c    00000024     stairstep_pem4f.oem4f (.text:ti_sysbios_gates_GateMutex_Object__delete__S)
                  000060c0    00000024     sysbios.aem4f : BIOS.obj (.text:ti_sysbios_knl_Clock_Module_startup__E)
                  000060e4    00000004     --HOLE-- [fill = 0]
                  000060e8    00000024                   : BIOS.obj (.text:ti_sysbios_knl_Semaphore_Instance_init__E)
                  0000610c    00000004     --HOLE-- [fill = 0]
                  00006110    00000024                   : BIOS.obj (.text:ti_sysbios_knl_Task_restoreHwi__E)
                  00006134    00000024     ti.targets.arm.rtsarm.aem4f : System.oem4f (.text:xdc_runtime_System_vprintf__E)
                  00006158    00000022     stairstep.obj (.text:doLoad)
                  0000617a    00000006     --HOLE-- [fill = 0]
                  00006180    00000022     sysbios.aem4f : BIOS.obj (.text:ti_sysbios_family_arm_lm4_Timer_write__I)
                  000061a2    00000022     stairstep_pem4f.oem4f (.text:xdc_runtime_SysMin_output__I)
                  000061c4    00000020     Boot.aem4f : Boot_sysctl.oem4f (.text:_SysCtlMemTimingGet)
                  000061e4    00000020     stairstep_pem4f.oem4f (.text:ti_sysbios_BIOS_rtsLock__I)
                  00006204    00000020     stairstep_pem4f.oem4f (.text:ti_sysbios_family_arm_lm4_Timer_Object__delete__S)
                  00006224    00000020     stairstep_pem4f.oem4f (.text:ti_sysbios_family_arm_m3_Hwi_Object__delete__S)
                  00006244    00000020     sysbios.aem4f : m3_Hwi_asm.obj (.text:ti_sysbios_family_arm_m3_Hwi_excHandlerAsm__I)
                  00006264    00000004     --HOLE-- [fill = 0]
                  00006268    00000020                   : BIOS.obj (.text:ti_sysbios_family_arm_m3_Hwi_excHandler__I)
                  00006288    00000020     stairstep_pem4f.oem4f (.text:ti_sysbios_gates_GateHwi_Object__delete__S)
                  000062a8    00000020     stairstep_pem4f.oem4f (.text:ti_sysbios_heaps_HeapMem_Object__delete__S)
                  000062c8    00000020     sysbios.aem4f : BIOS.obj (.text:ti_sysbios_knl_Idle_run__E)
                  000062e8    00000020     stairstep_pem4f.oem4f (.text:ti_sysbios_knl_Semaphore_Object__destruct__S)
                  00006308    00000020     sysbios.aem4f : BIOS.obj (.text:ti_sysbios_utils_Load_getGlobalHwiLoad__E)
                  00006328    00000020                   : BIOS.obj (.text:ti_sysbios_utils_Load_getGlobalSwiLoad__E)
                  00006348    00000020     stairstep_pem4f.oem4f (.text:ti_uia_loggers_LoggerStopMode_Object__delete__S)
                  00006368    00000020     ti.targets.arm.rtsarm.aem4f : Registry.oem4f (.text:xdc_runtime_Registry_findById__E)
                  00006388    00000020                                 : SysMin.oem4f (.text:xdc_runtime_SysMin_Module_startup__E)
                  000063a8    0000001e     stairstep_pem4f.oem4f (.text:ti_sysbios_BIOS_errorRaiseHook__I)
                  000063c6    0000001e     sysbios.aem4f : m3_Hwi_asm_switch.obj (.text:ti_sysbios_family_xxx_Hwi_switchAndRunFunc)
                  000063e4    00000004     --HOLE-- [fill = 0]
                  000063e8    0000001c                   : BIOS.obj (.text:ti_sysbios_gates_GateMutex_Instance_init__E)
                  00006404    0000001c     stairstep_pem4f.oem4f (.text:ti_sysbios_hal_Timer_TimerProxy_create)
                  00006420    0000001c     stairstep_pem4f.oem4f (.text:ti_sysbios_knl_Queue_Object__destruct__S)
                  0000643c    00000004     --HOLE-- [fill = 0]
                  00006440    0000001c     sysbios.aem4f : BIOS.obj (.text:ti_sysbios_knl_Queue_put__E)
                  0000645c    00000004     --HOLE-- [fill = 0]
                  00006460    0000001c                   : BIOS.obj (.text:ti_sysbios_knl_Task_enter__I)
                  0000647c    0000001c     ti.uia.loggers.aem4f : LoggerStopMode.oem4f (.text:ti_uia_loggers_LoggerStopMode_Instance_init__E)
                  00006498    0000001c     ti.targets.arm.rtsarm.aem4f : Error.oem4f (.text:xdc_runtime_Error_raiseX__E)
                  000064b4    0000001c                                 : Memory.oem4f (.text:xdc_runtime_Memory_valloc__E)
                  000064d0    0000001c                                 : SysMin.oem4f (.text:xdc_runtime_SysMin_exit__E)
                  000064ec    0000001c                                 : System.oem4f (.text:xdc_runtime_System_abort__E)
                  00006508    0000001a     stairstep_pem4f.oem4f (.text:ti_sysbios_family_arm_m3_Hwi_Handle__label__S)
                  00006522    0000001a     stairstep_pem4f.oem4f (.text:ti_sysbios_gates_GateHwi_Handle__label__S)
                  0000653c    0000001a     stairstep_pem4f.oem4f (.text:ti_sysbios_gates_GateMutex_Handle__label__S)
                  00006556    0000001a     stairstep_pem4f.oem4f (.text:ti_sysbios_heaps_HeapMem_Handle__label__S)
                  00006570    0000001a     stairstep_pem4f.oem4f (.text:ti_sysbios_knl_Swi_Handle__label__S)
                  0000658a    0000001a     stairstep_pem4f.oem4f (.text:ti_sysbios_knl_Task_Handle__label__S)
                  000065a4    0000001a     stairstep_pem4f.oem4f (.text:ti_uia_loggers_LoggerStopMode_Handle__label__S)
                  000065be    0000001a     stairstep_pem4f.oem4f (.text:xdc_runtime_System_aprintf__E)
                  000065d8    0000001a     stairstep_pem4f.oem4f (.text:xdc_runtime_System_printf__E)
                  000065f2    00000002     --HOLE-- [fill = 0]
                  000065f4    00000018     rtsv7M4_T_le_v4SPD16_eabi.lib : args_main.c.obj (.text:_args_main)
                  0000660c    00000018     stairstep_pem4f.oem4f (.text:ti_sysbios_BIOS_rtsUnlock__I)
                  00006624    00000018     stairstep_pem4f.oem4f (.text:ti_sysbios_family_arm_lm4_Timer_Module__startupDone__F)
                  0000663c    00000018     stairstep_pem4f.oem4f (.text:ti_sysbios_family_arm_m3_Hwi_Module__startupDone__F)
                  00006654    00000018     sysbios.aem4f : m3_TaskSupport_asm.obj (.text:ti_sysbios_family_arm_m3_TaskSupport_swap__E)
                  0000666c    00000004     --HOLE-- [fill = 0]
                  00006670    00000018                   : BIOS.obj (.text:ti_sysbios_gates_GateMutex_leave__E)
                  00006688    00000018     ti.targets.arm.rtsarm.aem4f : Error.oem4f (.text:xdc_runtime_Error_check__E)
                  000066a0    00000018                                 : System.oem4f (.text:xdc_runtime_System_exit__E)
                  000066b8    00000018                                 : Text.oem4f (.text:xdc_runtime_Text_ropeText__E)
                  000066d0    00000016     stairstep_pem4f.oem4f (.text:ti_sysbios_BIOS_exitFunc__I)
                  000066e6    00000016     stairstep.obj (.text:ti_sysbios_hal_Timer_Params_init)
                  000066fc    00000016     stairstep.obj (.text:ti_sysbios_knl_Semaphore_Params_init)
                  00006712    00000016     stairstep.obj (.text:ti_sysbios_knl_Swi_Params_init)
                  00006728    00000016     stairstep.obj (.text:ti_sysbios_knl_Task_Params_init)
                  0000673e    00000016     ti.uia.loggers.aem4f : LoggerStopMode.oem4f (.text:ti_uia_loggers_LoggerStopMode_disable__E)
                  00006754    00000016                          : LoggerStopMode.oem4f (.text:ti_uia_loggers_LoggerStopMode_enable__E)
                  0000676a    00000014     rtsv7M4_T_le_v4SPD16_eabi.lib : strlen.c.obj (.text:strlen)
                  0000677e    00000002     --HOLE-- [fill = 0]
                  00006780    00000014     stairstep_pem4f.oem4f (.text:ti_sysbios_family_arm_m3_Hwi_Object__get__S)
                  00006794    00000004     --HOLE-- [fill = 0]
                  00006798    00000014     sysbios.aem4f : BIOS.obj (.text:ti_sysbios_family_arm_m3_Hwi_switchFromBootStack__E)
                  000067ac    00000014     stairstep_pem4f.oem4f (.text:ti_sysbios_heaps_HeapMem_Object__get__S)
                  000067c0    00000014     stairstep_pem4f.oem4f (.text:ti_sysbios_knl_Swi_Object__get__S)
                  000067d4    00000014     stairstep_pem4f.oem4f (.text:ti_sysbios_knl_Task_Object__get__S)
                  000067e8    00000012     sysbios.aem4f : BIOS.obj (.text:ti_sysbios_hal_Hwi_Module_startup__E)
                  000067fa    00000006     --HOLE-- [fill = 0]
                  00006800    00000012                   : BIOS.obj (.text:ti_sysbios_hal_Timer_Module_startup__E)
                  00006812    00000012     stairstep_pem4f.oem4f (.text:xdc_runtime_Startup_exec__I)
                  00006824    00000010     stairstep_pem4f.oem4f (.text:.bootCodeSection:ti_catalog_arm_cortexm4_tiva_ce_Boot_init__I)
                  00006834    00000004     --HOLE-- [fill = 0]
                  00006838    00000010     sysbios.aem4f : BIOS.obj (.text:ti_sysbios_BIOS_getCpuFreq__E)
                  00006848    00000010                   : BIOS.obj (.text:ti_sysbios_BIOS_setThreadType__E)
                  00006858    00000010                   : BIOS.obj (.text:ti_sysbios_BIOS_start__E)
                  00006868    00000010                   : BIOS.obj (.text:ti_sysbios_family_arm_lm4_TimestampProvider_rolloverFunc__E)
                  00006878    00000010                   : m3_TaskSupport_asm.obj (.text:ti_sysbios_family_arm_m3_TaskSupport_glue)
                  00006888    00000010                   : BIOS.obj (.text:ti_sysbios_gates_GateMutex_Instance_finalize__E)
                  00006898    00000010     stairstep_pem4f.oem4f (.text:ti_sysbios_hal_Timer_TimerProxy_Object__create__S)
                  000068a8    00000010     sysbios.aem4f : BIOS.obj (.text:ti_sysbios_knl_Semaphore_Instance_finalize__E)
                  000068b8    00000010                   : BIOS.obj (.text:ti_sysbios_knl_Swi_disable__E)
                  000068c8    00000010                   : BIOS.obj (.text:ti_sysbios_knl_Task_disable__E)
                  000068d8    00000010     stairstep_pem4f.oem4f (.text:ti_uia_loggers_LoggerStopMode_Object__get__S)
                  000068e8    00000010     ti.uia.loggers.aem4f : LoggerStopMode.oem4f (.text:ti_uia_loggers_LoggerStopMode_isEmpty__E)
                  000068f8    00000010     ti.targets.arm.rtsarm.aem4f : Gate.oem4f (.text:xdc_runtime_Gate_leaveSystem__E)
                  00006908    00000010                                 : Memory.oem4f (.text:xdc_runtime_Memory_free__E)
                  00006918    00000010                                 : SysMin.oem4f (.text:xdc_runtime_SysMin_ready__E)
                  00006928    00000010                                 : System.oem4f (.text:xdc_runtime_System_vsnprintf__E)
                  00006938    00000010     stairstep_pem4f.oem4f (.text:xdc_runtime_Text_visitRope__I)
                  00006948    0000000e     rtsv7M4_T_le_v4SPD16_eabi.lib : copy_decompress_none.c.obj (.text:decompress:none:__TI_decompress_none)
                  00006956    00000002     --HOLE-- [fill = 0]
                  00006958    0000000e     sysbios.aem4f : BIOS.obj (.text:ti_sysbios_knl_Idle_loop__E)
                  00006966    00000002     --HOLE-- [fill = 0]
                  00006968    0000000e                   : BIOS.obj (.text:ti_sysbios_knl_Queue_empty__E)
                  00006976    00000002     --HOLE-- [fill = 0]
                  00006978    0000000c     rtsv7M4_T_le_v4SPD16_eabi.lib : _lock.c.obj (.text:_register_lock)
                  00006984    0000000c                                   : _lock.c.obj (.text:_register_unlock)
                  00006990    0000000c                                   : copy_zero_init.c.obj (.text:decompress:ZI:__TI_zero_init)
                  0000699c    00000004     --HOLE-- [fill = 0]
                  000069a0    0000000c     sysbios.aem4f : BIOS.obj (.text:ti_sysbios_family_arm_lm4_Timer_getMaxTicks__E)
                  000069ac    00000004     --HOLE-- [fill = 0]
                  000069b0    0000000c                   : BIOS.obj (.text:ti_sysbios_family_arm_lm4_TimestampProvider_startTimer__E)
                  000069bc    0000000c     stairstep_pem4f.oem4f (.text:ti_sysbios_family_arm_m3_Hwi_Params__init__S)
                  000069c8    0000000c     sysbios.aem4f : BIOS.obj (.text:ti_sysbios_family_arm_m3_Hwi_disableFxn__E)
                  000069d4    00000004     --HOLE-- [fill = 0]
                  000069d8    0000000c                   : BIOS.obj (.text:ti_sysbios_family_arm_m3_TaskSupport_checkStack__E)
                  000069e4    00000004     --HOLE-- [fill = 0]
                  000069e8    0000000c                   : BIOS.obj (.text:ti_sysbios_family_arm_m3_TaskSupport_getStackAlignment__E)
                  000069f4    00000004     --HOLE-- [fill = 0]
                  000069f8    0000000c                   : BIOS.obj (.text:ti_sysbios_gates_GateHwi_enter__E)
                  00006a04    0000000c     stairstep_pem4f.oem4f (.text:ti_sysbios_hal_Timer_Params__init__S)
                  00006a10    0000000c     stairstep_pem4f.oem4f (.text:ti_sysbios_knl_Queue_Object__get__S)
                  00006a1c    0000000c     stairstep_pem4f.oem4f (.text:ti_sysbios_knl_Semaphore_Params__init__S)
                  00006a28    0000000c     stairstep.obj (.text:ti_sysbios_knl_Semaphore_handle)
                  00006a34    0000000c     stairstep_pem4f.oem4f (.text:ti_sysbios_knl_Swi_Params__init__S)
                  00006a40    0000000c     stairstep.obj (.text:ti_sysbios_knl_Swi_handle)
                  00006a4c    0000000c     stairstep_pem4f.oem4f (.text:ti_sysbios_knl_Task_Params__init__S)
                  00006a58    0000000c     sysbios.aem4f : BIOS.obj (.text:ti_sysbios_utils_Load_taskRegHook__E)
                  00006a64    0000000c     ti.targets.arm.rtsarm.aem4f : Error.oem4f (.text:xdc_runtime_Error_init__E)
                  00006a70    0000000c                                 : Gate.oem4f (.text:xdc_runtime_Gate_enterSystem__E)
                  00006a7c    0000000c                                 : Memory.oem4f (.text:xdc_runtime_Memory_calloc__E)
                  00006a88    0000000c                                 : Memory.oem4f (.text:xdc_runtime_Memory_getMaxDefaultTypeAlign__E)
                  00006a94    00000004     --HOLE-- [fill = 0]
                  00006a98    0000000a     sysbios.aem4f : BIOS.obj (.text:ti_sysbios_hal_Timer_Instance_finalize__E)
                  00006aa2    0000000a     stairstep_pem4f.oem4f (.text:xdc_runtime_IHeap_alloc)
                  00006aac    0000000a     stairstep_pem4f.oem4f (.text:xdc_runtime_IHeap_free)
                  00006ab6    00000008     sysbios.aem4f : BIOS.obj (.text:ti_sysbios_family_arm_lm4_Timer_masterDisable__I)
                  00006abe    00000002     --HOLE-- [fill = 0]
                  00006ac0    00000008                   : BIOS.obj (.text:ti_sysbios_family_arm_m3_Hwi_doSwiRestore__I)
                  00006ac8    00000008                   : BIOS.obj (.text:ti_sysbios_family_arm_m3_Hwi_startup__E)
                  00006ad0    00000008                   : BIOS.obj (.text:ti_sysbios_knl_Task_getHookContext__E)
                  00006ad8    00000006                   : BIOS.obj (.text:ti_sysbios_family_arm_lm4_TimestampProvider_Module_startup__E)
                  00006ade    00000002     --HOLE-- [fill = 0]
                  00006ae0    00000006                   : BIOS.obj (.text:ti_sysbios_family_arm_m3_Hwi_doTaskRestore__I)
                  00006ae6    00000002     --HOLE-- [fill = 0]
                  00006ae8    00000006                   : BIOS.obj (.text:ti_sysbios_family_arm_m3_Hwi_restoreFxn__E)
                  00006aee    00000002     --HOLE-- [fill = 0]
                  00006af0    00000006                   : BIOS.obj (.text:ti_sysbios_gates_GateHwi_leave__E)
                  00006af6    00000002     --HOLE-- [fill = 0]
                  00006af8    00000006                   : BIOS.obj (.text:ti_sysbios_heaps_HeapMem_isBlocking__E)
                  00006afe    00000002     --HOLE-- [fill = 0]
                  00006b00    00000006                   : BIOS.obj (.text:ti_sysbios_knl_Queue_Instance_init__E)
                  00006b06    00000002     --HOLE-- [fill = 0]
                  00006b08    00000006                   : BIOS.obj (.text:ti_sysbios_knl_Swi_startup__E)
                  00006b0e    00000002     --HOLE-- [fill = 0]
                  00006b10    00000004                   : BIOS.obj (.text:ti_sysbios_family_arm_lm4_Timer_getPeriod__E)
                  00006b14    00000004     --HOLE-- [fill = 0]
                  00006b18    00000004                   : BIOS.obj (.text:ti_sysbios_gates_GateHwi_query__E)
                  00006b1c    00000004     --HOLE-- [fill = 0]
                  00006b20    00000004                   : BIOS.obj (.text:ti_sysbios_gates_GateMutex_query__E)
                  00006b24    00000004     --HOLE-- [fill = 0]
                  00006b28    00000004                   : BIOS.obj (.text:ti_sysbios_knl_Task_startup__E)
                  00006b2c    00000004     --HOLE-- [fill = 0]
                  00006b30    00000002                   : BIOS.obj (.text:ti_sysbios_gates_GateHwi_Instance_init__E)

.const     0    00006b34    00002a20     
                  00006b34    00001fa3     stairstep_pem4f.oem4f (.const:xdc_runtime_Text_charTab__A)
                  00008ad7    00000001     stairstep_pem4f.oem4f (.const:xdc_runtime_Error_policy__C)
                  00008ad8    00000120     Boot.aem4f : Boot_sysctl.oem4f (.const:g_pppui32XTALtoVCO)
                  00008bf8    00000108     stairstep_pem4f.oem4f (.const:xdc_runtime_Text_nodeTab__A)
                  00008d00    0000006c     Boot.aem4f : Boot_sysctl.oem4f (.const:g_pui32Xtals)
                  00008d6c    00000060     stairstep_pem4f.oem4f (.const:ti_uia_loggers_LoggerStopMode_Module__FXNS__C)
                  00008dcc    00000048     stairstep_pem4f.oem4f (.const:.string)
                  00008e14    0000003c     stairstep_pem4f.oem4f (.const:ti_sysbios_family_arm_lm4_Timer_Object__PARAMS__C)
                  00008e50    0000003c     stairstep_pem4f.oem4f (.const:ti_sysbios_knl_Task_Object__PARAMS__C)
                  00008e8c    00000030     Boot.aem4f : Boot_sysctl.oem4f (.const:g_sXTALtoMEMTIM)
                  00008ebc    00000030     stairstep_pem4f.oem4f (.const:ti_sysbios_family_arm_m3_Hwi_Object__PARAMS__C)
                  00008eec    00000030     stairstep_pem4f.oem4f (.const:ti_sysbios_hal_Timer_Object__PARAMS__C)
                  00008f1c    0000002c     stairstep_pem4f.oem4f (.const:xdc_runtime_Startup_sfxnTab__A)
                  00008f48    00000028     stairstep_pem4f.oem4f (.const:ti_sysbios_heaps_HeapMem_Module__FXNS__C)
                  00008f70    00000028     stairstep_pem4f.oem4f (.const:ti_sysbios_knl_Swi_Object__PARAMS__C)
                  00008f98    00000028     stairstep_pem4f.oem4f (.const:ti_uia_loggers_LoggerStopMode_Object__PARAMS__C)
                  00008fc0    00000024     stairstep_pem4f.oem4f (.const:ti_sysbios_gates_GateHwi_Module__FXNS__C)
                  00008fe4    00000024     stairstep_pem4f.oem4f (.const:ti_sysbios_gates_GateMutex_Module__FXNS__C)
                  00009008    00000024     stairstep_pem4f.oem4f (.const:ti_sysbios_heaps_HeapMem_Object__PARAMS__C)
                  0000902c    00000024     stairstep_pem4f.oem4f (.const:ti_sysbios_knl_Semaphore_Object__PARAMS__C)
                  00009050    00000020     stairstep_pem4f.oem4f (.const:ti_sysbios_family_arm_lm4_Timer_Object__DESC__C)
                  00009070    00000020     stairstep_pem4f.oem4f (.const:ti_sysbios_family_arm_m3_Hwi_Object__DESC__C)
                  00009090    00000020     stairstep_pem4f.oem4f (.const:ti_sysbios_gates_GateHwi_Object__DESC__C)
                  000090b0    00000020     stairstep_pem4f.oem4f (.const:ti_sysbios_gates_GateMutex_Object__DESC__C)
                  000090d0    00000020     stairstep_pem4f.oem4f (.const:ti_sysbios_hal_Timer_Object__DESC__C)
                  000090f0    00000020     stairstep_pem4f.oem4f (.const:ti_sysbios_heaps_HeapMem_Object__DESC__C)
                  00009110    00000020     stairstep_pem4f.oem4f (.const:ti_sysbios_knl_Queue_Object__DESC__C)
                  00009130    00000020     stairstep_pem4f.oem4f (.const:ti_sysbios_knl_Semaphore_Object__DESC__C)
                  00009150    00000020     stairstep_pem4f.oem4f (.const:ti_sysbios_knl_Swi_Object__DESC__C)
                  00009170    00000020     stairstep_pem4f.oem4f (.const:ti_sysbios_knl_Task_Object__DESC__C)
                  00009190    00000020     stairstep_pem4f.oem4f (.const:ti_uia_loggers_LoggerStopMode_Object__DESC__C)
                  000091b0    00000018     stairstep_pem4f.oem4f (.const:ti_sysbios_gates_GateHwi_Object__PARAMS__C)
                  000091c8    00000018     stairstep_pem4f.oem4f (.const:ti_sysbios_gates_GateMutex_Object__PARAMS__C)
                  000091e0    00000018     stairstep_pem4f.oem4f (.const:ti_sysbios_knl_Queue_Object__PARAMS__C)
                  000091f8    00000018     stairstep_pem4f.oem4f (.const:ti_sysbios_knl_Swi_hooks__A)
                  00009210    00000018     stairstep_pem4f.oem4f (.const:ti_sysbios_knl_Task_hooks__A)
                  00009228    00000016     stairstep_pem4f.oem4f (.const:xdc_runtime_Startup_sfxnRts__A)
                  0000923e    00000002     stairstep_pem4f.oem4f (.const:ti_catalog_arm_cortexm4_tiva_ce_Boot_Module__id__C)
                  00009240    00000014     stairstep_pem4f.oem4f (.const:ti_sysbios_family_arm_m3_Hwi_hooks__A)
                  00009254    00000014     stairstep_pem4f.oem4f (.const:xdc_runtime_Startup_firstFxns__A)
                  00009268    00000008     Boot.aem4f : Boot_sysctl.oem4f (.const)
                  00009270    00000008     stairstep_pem4f.oem4f (.const:ti_sysbios_family_arm_m3_Hwi_excHookFuncs__A)
                  00009278    00000008     stairstep_pem4f.oem4f (.const:ti_sysbios_family_arm_m3_Hwi_hooks__C)
                  00009280    00000008     stairstep_pem4f.oem4f (.const:ti_sysbios_knl_Idle_funcList__A)
                  00009288    00000008     stairstep_pem4f.oem4f (.const:ti_sysbios_knl_Idle_funcList__C)
                  00009290    00000008     stairstep_pem4f.oem4f (.const:ti_sysbios_knl_Swi_hooks__C)
                  00009298    00000008     stairstep_pem4f.oem4f (.const:ti_sysbios_knl_Task_hooks__C)
                  000092a0    00000008     stairstep_pem4f.oem4f (.const:xdc_runtime_Startup_firstFxns__C)
                  000092a8    00000008     stairstep_pem4f.oem4f (.const:xdc_runtime_Startup_lastFxns__C)
                  000092b0    00000004     stairstep_pem4f.oem4f (.const:ti_catalog_arm_cortexm4_tiva_ce_Boot_A_mustNotUseEnhancedClockMode__C)
                  000092b4    00000004     stairstep_pem4f.oem4f (.const:ti_catalog_arm_cortexm4_tiva_ce_Boot_Module__diagsEnabled__C)
                  000092b8    00000004     stairstep_pem4f.oem4f (.const:ti_catalog_arm_cortexm4_tiva_ce_Boot_Module__diagsIncluded__C)
                  000092bc    00000004     stairstep_pem4f.oem4f (.const:ti_catalog_arm_cortexm4_tiva_ce_Boot_Module__diagsMask__C)
                  000092c0    00000004     stairstep_pem4f.oem4f (.const:ti_sysbios_family_arm_lm4_Timer_E_cannotSupport__C)
                  000092c4    00000004     stairstep_pem4f.oem4f (.const:ti_sysbios_family_arm_lm4_Timer_E_invalidTimer__C)
                  000092c8    00000004     stairstep_pem4f.oem4f (.const:ti_sysbios_family_arm_lm4_Timer_E_noaltclk__C)
                  000092cc    00000004     stairstep_pem4f.oem4f (.const:ti_sysbios_family_arm_lm4_Timer_E_notAvailable__C)
                  000092d0    00000004     stairstep_pem4f.oem4f (.const:ti_sysbios_family_arm_lm4_Timer_anyMask__C)
                  000092d4    00000004     stairstep_pem4f.oem4f (.const:ti_sysbios_family_arm_lm4_Timer_disableFunc__C)
                  000092d8    00000004     stairstep_pem4f.oem4f (.const:ti_sysbios_family_arm_lm4_Timer_enableFunc__C)
                  000092dc    00000004     stairstep_pem4f.oem4f (.const:ti_sysbios_family_arm_lm4_Timer_numTimerDevices__C)
                  000092e0    00000004     stairstep_pem4f.oem4f (.const:ti_sysbios_family_arm_lm4_Timer_startupNeeded__C)
                  000092e4    00000004     stairstep_pem4f.oem4f (.const:ti_sysbios_family_arm_m3_Hwi_E_NMI__C)
                  000092e8    00000004     stairstep_pem4f.oem4f (.const:ti_sysbios_family_arm_m3_Hwi_E_alreadyDefined__C)
                  000092ec    00000004     stairstep_pem4f.oem4f (.const:ti_sysbios_family_arm_m3_Hwi_E_busFault__C)
                  000092f0    00000004     stairstep_pem4f.oem4f (.const:ti_sysbios_family_arm_m3_Hwi_E_debugMon__C)
                  000092f4    00000004     stairstep_pem4f.oem4f (.const:ti_sysbios_family_arm_m3_Hwi_E_hardFault__C)
                  000092f8    00000004     stairstep_pem4f.oem4f (.const:ti_sysbios_family_arm_m3_Hwi_E_memFault__C)
                  000092fc    00000004     stairstep_pem4f.oem4f (.const:ti_sysbios_family_arm_m3_Hwi_E_noIsr__C)
                  00009300    00000004     stairstep_pem4f.oem4f (.const:ti_sysbios_family_arm_m3_Hwi_E_reserved__C)
                  00009304    00000004     stairstep_pem4f.oem4f (.const:ti_sysbios_family_arm_m3_Hwi_E_svCall__C)
                  00009308    00000004     stairstep_pem4f.oem4f (.const:ti_sysbios_family_arm_m3_Hwi_E_usageFault__C)
                  0000930c    00000004     stairstep_pem4f.oem4f (.const:ti_sysbios_family_arm_m3_Hwi_LD_end__C)
                  00009310    00000004     stairstep_pem4f.oem4f (.const:ti_sysbios_family_arm_m3_Hwi_LM_begin__C)
                  00009314    00000004     stairstep_pem4f.oem4f (.const:ti_sysbios_family_arm_m3_Hwi_Module__diagsEnabled__C)
                  00009318    00000004     stairstep_pem4f.oem4f (.const:ti_sysbios_family_arm_m3_Hwi_Module__diagsIncluded__C)
                  0000931c    00000004     stairstep_pem4f.oem4f (.const:ti_sysbios_family_arm_m3_Hwi_Module__diagsMask__C)
                  00009320    00000004     stairstep_pem4f.oem4f (.const:ti_sysbios_family_arm_m3_Hwi_Module__loggerFxn1__C)
                  00009324    00000004     stairstep_pem4f.oem4f (.const:ti_sysbios_family_arm_m3_Hwi_Module__loggerFxn8__C)
                  00009328    00000004     stairstep_pem4f.oem4f (.const:ti_sysbios_family_arm_m3_Hwi_Module__loggerObj__C)
                  0000932c    00000004     stairstep_pem4f.oem4f (.const:ti_sysbios_family_arm_m3_Hwi_NUM_INTERRUPTS__C)
                  00009330    00000004     stairstep_pem4f.oem4f (.const:ti_sysbios_family_arm_m3_Hwi_Object__count__C)
                  00009334    00000004     stairstep_pem4f.oem4f (.const:ti_sysbios_family_arm_m3_Hwi_Object__heap__C)
                  00009338    00000004     stairstep_pem4f.oem4f (.const:ti_sysbios_family_arm_m3_Hwi_ccr__C)
                  0000933c    00000004     stairstep_pem4f.oem4f (.const:ti_sysbios_family_arm_m3_Hwi_excHandlerFunc__C)
                  00009340    00000004     stairstep_pem4f.oem4f (.const:ti_sysbios_family_arm_m3_Hwi_excHookFuncs__C)
                  00009344    00000004     stairstep_pem4f.oem4f (.const:ti_sysbios_family_arm_m3_Hwi_nullIsrFunc__C)
                  00009348    00000004     stairstep_pem4f.oem4f (.const:ti_sysbios_family_arm_m3_Hwi_priGroup__C)
                  0000934c    00000004     stairstep_pem4f.oem4f (.const:ti_sysbios_family_arm_m3_TaskSupport_stackAlignment__C)
                  00009350    00000004     stairstep_pem4f.oem4f (.const:ti_sysbios_gates_GateMutex_Instance_State_sem__O)
                  00009354    00000004     stairstep_pem4f.oem4f (.const:ti_sysbios_hal_Hwi_E_stackOverflow__C)
                  00009358    00000004     stairstep_pem4f.oem4f (.const:ti_sysbios_heaps_HeapMem_E_memory__C)
                  0000935c    00000004     stairstep_pem4f.oem4f (.const:ti_sysbios_heaps_HeapMem_Module__gateObj__C)
                  00009360    00000004     stairstep_pem4f.oem4f (.const:ti_sysbios_heaps_HeapMem_Object__count__C)
                  00009364    00000004     stairstep_pem4f.oem4f (.const:ti_sysbios_heaps_HeapMem_reqAlign__C)
                  00009368    00000004     stairstep_pem4f.oem4f (.const:ti_sysbios_knl_Clock_LM_begin__C)
                  0000936c    00000004     stairstep_pem4f.oem4f (.const:ti_sysbios_knl_Clock_LM_tick__C)
                  00009370    00000004     stairstep_pem4f.oem4f (.const:ti_sysbios_knl_Clock_LW_delayed__C)
                  00009374    00000004     stairstep_pem4f.oem4f (.const:ti_sysbios_knl_Clock_Module_State_clockQ__O)
                  00009378    00000004     stairstep_pem4f.oem4f (.const:ti_sysbios_knl_Clock_Module__diagsEnabled__C)
                  0000937c    00000004     stairstep_pem4f.oem4f (.const:ti_sysbios_knl_Clock_Module__diagsIncluded__C)
                  00009380    00000004     stairstep_pem4f.oem4f (.const:ti_sysbios_knl_Clock_Module__diagsMask__C)
                  00009384    00000004     stairstep_pem4f.oem4f (.const:ti_sysbios_knl_Clock_Module__loggerFxn1__C)
                  00009388    00000004     stairstep_pem4f.oem4f (.const:ti_sysbios_knl_Clock_Module__loggerFxn2__C)
                  0000938c    00000004     stairstep_pem4f.oem4f (.const:ti_sysbios_knl_Clock_Module__loggerObj__C)
                  00009390    00000004     stairstep_pem4f.oem4f (.const:ti_sysbios_knl_Semaphore_Instance_State_pendQ__O)
                  00009394    00000004     stairstep_pem4f.oem4f (.const:ti_sysbios_knl_Semaphore_LM_pend__C)
                  00009398    00000004     stairstep_pem4f.oem4f (.const:ti_sysbios_knl_Semaphore_LM_post__C)
                  0000939c    00000004     stairstep_pem4f.oem4f (.const:ti_sysbios_knl_Semaphore_Module__diagsEnabled__C)
                  000093a0    00000004     stairstep_pem4f.oem4f (.const:ti_sysbios_knl_Semaphore_Module__diagsIncluded__C)
                  000093a4    00000004     stairstep_pem4f.oem4f (.const:ti_sysbios_knl_Semaphore_Module__diagsMask__C)
                  000093a8    00000004     stairstep_pem4f.oem4f (.const:ti_sysbios_knl_Semaphore_Module__loggerFxn2__C)
                  000093ac    00000004     stairstep_pem4f.oem4f (.const:ti_sysbios_knl_Semaphore_Module__loggerFxn4__C)
                  000093b0    00000004     stairstep_pem4f.oem4f (.const:ti_sysbios_knl_Semaphore_Module__loggerObj__C)
                  000093b4    00000004     stairstep_pem4f.oem4f (.const:ti_sysbios_knl_Swi_LD_end__C)
                  000093b8    00000004     stairstep_pem4f.oem4f (.const:ti_sysbios_knl_Swi_LM_begin__C)
                  000093bc    00000004     stairstep_pem4f.oem4f (.const:ti_sysbios_knl_Swi_LM_post__C)
                  000093c0    00000004     stairstep_pem4f.oem4f (.const:ti_sysbios_knl_Swi_Module__diagsEnabled__C)
                  000093c4    00000004     stairstep_pem4f.oem4f (.const:ti_sysbios_knl_Swi_Module__diagsIncluded__C)
                  000093c8    00000004     stairstep_pem4f.oem4f (.const:ti_sysbios_knl_Swi_Module__diagsMask__C)
                  000093cc    00000004     stairstep_pem4f.oem4f (.const:ti_sysbios_knl_Swi_Module__loggerFxn1__C)
                  000093d0    00000004     stairstep_pem4f.oem4f (.const:ti_sysbios_knl_Swi_Module__loggerFxn4__C)
                  000093d4    00000004     stairstep_pem4f.oem4f (.const:ti_sysbios_knl_Swi_Module__loggerObj__C)
                  000093d8    00000004     stairstep_pem4f.oem4f (.const:ti_sysbios_knl_Swi_Object__count__C)
                  000093dc    00000004     stairstep_pem4f.oem4f (.const:ti_sysbios_knl_Swi_Object__heap__C)
                  000093e0    00000004     stairstep_pem4f.oem4f (.const:ti_sysbios_knl_Swi_numConstructedSwis__C)
                  000093e4    00000004     stairstep_pem4f.oem4f (.const:ti_sysbios_knl_Task_E_spOutOfBounds__C)
                  000093e8    00000004     stairstep_pem4f.oem4f (.const:ti_sysbios_knl_Task_E_stackOverflow__C)
                  000093ec    00000004     stairstep_pem4f.oem4f (.const:ti_sysbios_knl_Task_LD_block__C)
                  000093f0    00000004     stairstep_pem4f.oem4f (.const:ti_sysbios_knl_Task_LD_exit__C)
                  000093f4    00000004     stairstep_pem4f.oem4f (.const:ti_sysbios_knl_Task_LD_ready__C)
                  000093f8    00000004     stairstep_pem4f.oem4f (.const:ti_sysbios_knl_Task_LM_switch__C)
                  000093fc    00000004     stairstep_pem4f.oem4f (.const:ti_sysbios_knl_Task_Module_State_inactiveQ__O)
                  00009400    00000004     stairstep_pem4f.oem4f (.const:ti_sysbios_knl_Task_Module__diagsEnabled__C)
                  00009404    00000004     stairstep_pem4f.oem4f (.const:ti_sysbios_knl_Task_Module__diagsIncluded__C)
                  00009408    00000004     stairstep_pem4f.oem4f (.const:ti_sysbios_knl_Task_Module__diagsMask__C)
                  0000940c    00000004     stairstep_pem4f.oem4f (.const:ti_sysbios_knl_Task_Module__loggerFxn2__C)
                  00009410    00000004     stairstep_pem4f.oem4f (.const:ti_sysbios_knl_Task_Module__loggerFxn4__C)
                  00009414    00000004     stairstep_pem4f.oem4f (.const:ti_sysbios_knl_Task_Module__loggerObj__C)
                  00009418    00000004     stairstep_pem4f.oem4f (.const:ti_sysbios_knl_Task_Object__count__C)
                  0000941c    00000004     stairstep_pem4f.oem4f (.const:ti_sysbios_knl_Task_Object__heap__C)
                  00009420    00000004     stairstep_pem4f.oem4f (.const:ti_sysbios_knl_Task_allBlockedFunc__C)
                  00009424    00000004     stairstep_pem4f.oem4f (.const:ti_sysbios_knl_Task_defaultStackHeap__C)
                  00009428    00000004     stairstep_pem4f.oem4f (.const:ti_sysbios_knl_Task_defaultStackSize__C)
                  0000942c    00000004     stairstep_pem4f.oem4f (.const:ti_sysbios_knl_Task_numConstructedTasks__C)
                  00009430    00000004     stairstep_pem4f.oem4f (.const:ti_sysbios_utils_Load_LS_cpuLoad__C)
                  00009434    00000004     stairstep_pem4f.oem4f (.const:ti_sysbios_utils_Load_LS_hwiLoad__C)
                  00009438    00000004     stairstep_pem4f.oem4f (.const:ti_sysbios_utils_Load_LS_swiLoad__C)
                  0000943c    00000004     stairstep_pem4f.oem4f (.const:ti_sysbios_utils_Load_LS_taskLoad__C)
                  00009440    00000004     stairstep_pem4f.oem4f (.const:ti_sysbios_utils_Load_Module_State_taskList__O)
                  00009444    00000004     stairstep_pem4f.oem4f (.const:ti_sysbios_utils_Load_Module__diagsEnabled__C)
                  00009448    00000004     stairstep_pem4f.oem4f (.const:ti_sysbios_utils_Load_Module__diagsIncluded__C)
                  0000944c    00000004     stairstep_pem4f.oem4f (.const:ti_sysbios_utils_Load_Module__diagsMask__C)
                  00009450    00000004     stairstep_pem4f.oem4f (.const:ti_sysbios_utils_Load_Module__loggerFxn1__C)
                  00009454    00000004     stairstep_pem4f.oem4f (.const:ti_sysbios_utils_Load_Module__loggerFxn2__C)
                  00009458    00000004     stairstep_pem4f.oem4f (.const:ti_sysbios_utils_Load_Module__loggerFxn4__C)
                  0000945c    00000004     stairstep_pem4f.oem4f (.const:ti_sysbios_utils_Load_Module__loggerObj__C)
                  00009460    00000004     stairstep_pem4f.oem4f (.const:ti_sysbios_utils_Load_postUpdate__C)
                  00009464    00000004     stairstep_pem4f.oem4f (.const:ti_sysbios_utils_Load_windowInMs__C)
                  00009468    00000004     stairstep_pem4f.oem4f (.const:ti_uia_loggers_LoggerStopMode_Module__diagsEnabled__C)
                  0000946c    00000004     stairstep_pem4f.oem4f (.const:ti_uia_loggers_LoggerStopMode_Module__diagsIncluded__C)
                  00009470    00000004     stairstep_pem4f.oem4f (.const:ti_uia_loggers_LoggerStopMode_Module__diagsMask__C)
                  00009474    00000004     stairstep_pem4f.oem4f (.const:ti_uia_loggers_LoggerStopMode_Object__count__C)
                  00009478    00000004     stairstep_pem4f.oem4f (.const:ti_uia_runtime_ILoggerSnapshot_Interface__BASE__C)
                  0000947c    00000004     stairstep_pem4f.oem4f (.const:ti_uia_runtime_IUIATransfer_Interface__BASE__C)
                  00009480    00000004     stairstep_pem4f.oem4f (.const:xdc_runtime_Assert_E_assertFailed__C)
                  00009484    00000004     stairstep_pem4f.oem4f (.const:xdc_runtime_Core_A_initializedParams__C)
                  00009488    00000004     stairstep_pem4f.oem4f (.const:xdc_runtime_Core_Module__diagsEnabled__C)
                  0000948c    00000004     stairstep_pem4f.oem4f (.const:xdc_runtime_Core_Module__diagsIncluded__C)
                  00009490    00000004     stairstep_pem4f.oem4f (.const:xdc_runtime_Core_Module__diagsMask__C)
                  00009494    00000004     stairstep_pem4f.oem4f (.const:xdc_runtime_Error_E_memory__C)
                  00009498    00000004     stairstep_pem4f.oem4f (.const:xdc_runtime_Error_Module__diagsEnabled__C)
                  0000949c    00000004     stairstep_pem4f.oem4f (.const:xdc_runtime_Error_Module__diagsIncluded__C)
                  000094a0    00000004     stairstep_pem4f.oem4f (.const:xdc_runtime_Error_Module__diagsMask__C)
                  000094a4    00000004     stairstep_pem4f.oem4f (.const:xdc_runtime_Error_Module__loggerFxn8__C)
                  000094a8    00000004     stairstep_pem4f.oem4f (.const:xdc_runtime_Error_Module__loggerObj__C)
                  000094ac    00000004     stairstep_pem4f.oem4f (.const:xdc_runtime_Error_policyFxn__C)
                  000094b0    00000004     stairstep_pem4f.oem4f (.const:xdc_runtime_Error_raiseHook__C)
                  000094b4    00000004     stairstep_pem4f.oem4f (.const:xdc_runtime_IFilterLogger_Interface__BASE__C)
                  000094b8    00000004     stairstep_pem4f.oem4f (.const:xdc_runtime_IGateProvider_Interface__BASE__C)
                  000094bc    00000004     stairstep_pem4f.oem4f (.const:xdc_runtime_IHeap_Interface__BASE__C)
                  000094c0    00000004     stairstep_pem4f.oem4f (.const:xdc_runtime_ILogger_Interface__BASE__C)
                  000094c4    00000004     stairstep_pem4f.oem4f (.const:xdc_runtime_IModule_Interface__BASE__C)
                  000094c8    00000004     stairstep_pem4f.oem4f (.const:xdc_runtime_Log_L_error__C)
                  000094cc    00000004     stairstep_pem4f.oem4f (.const:xdc_runtime_Memory_defaultHeapInstance__C)
                  000094d0    00000004     stairstep_pem4f.oem4f (.const:xdc_runtime_Startup_execImpl__C)
                  000094d4    00000004     stairstep_pem4f.oem4f (.const:xdc_runtime_Startup_lastFxns__A)
                  000094d8    00000004     stairstep_pem4f.oem4f (.const:xdc_runtime_Startup_maxPasses__C)
                  000094dc    00000004     stairstep_pem4f.oem4f (.const:xdc_runtime_Startup_sfxnRts__C)
                  000094e0    00000004     stairstep_pem4f.oem4f (.const:xdc_runtime_Startup_sfxnTab__C)
                  000094e4    00000004     stairstep_pem4f.oem4f (.const:xdc_runtime_SysMin_bufSize__C)
                  000094e8    00000004     stairstep_pem4f.oem4f (.const:xdc_runtime_SysMin_outputFunc__C)
                  000094ec    00000004     stairstep_pem4f.oem4f (.const:xdc_runtime_System_Module__gateObj__C)
                  000094f0    00000004     stairstep_pem4f.oem4f (.const:xdc_runtime_System_abortFxn__C)
                  000094f4    00000004     stairstep_pem4f.oem4f (.const:xdc_runtime_System_exitFxn__C)
                  000094f8    00000004     stairstep_pem4f.oem4f (.const:xdc_runtime_System_extendFxn__C)
                  000094fc    00000004     stairstep_pem4f.oem4f (.const:xdc_runtime_System_maxAtexitHandlers__C)
                  00009500    00000004     stairstep_pem4f.oem4f (.const:xdc_runtime_Text_charTab__C)
                  00009504    00000004     stairstep_pem4f.oem4f (.const:xdc_runtime_Text_nameEmpty__C)
                  00009508    00000004     stairstep_pem4f.oem4f (.const:xdc_runtime_Text_nameStatic__C)
                  0000950c    00000004     stairstep_pem4f.oem4f (.const:xdc_runtime_Text_nameUnknown__C)
                  00009510    00000004     stairstep_pem4f.oem4f (.const:xdc_runtime_Text_nodeTab__C)
                  00009514    00000004     stairstep_pem4f.oem4f (.const:xdc_runtime_Text_visitRopeFxn__C)
                  00009518    00000002     stairstep_pem4f.oem4f (.const:ti_sysbios_family_arm_lm4_Timer_Module__id__C)
                  0000951a    00000002     stairstep_pem4f.oem4f (.const:ti_sysbios_family_arm_lm4_Timer_supportsAltclk__C)
                  0000951c    00000002     stairstep_pem4f.oem4f (.const:ti_sysbios_family_arm_lm4_TimestampProvider_useClockTimer__C)
                  0000951e    00000002     stairstep_pem4f.oem4f (.const:ti_sysbios_family_arm_m3_Hwi_Module__id__C)
                  00009520    00000002     stairstep_pem4f.oem4f (.const:ti_sysbios_family_arm_m3_Hwi_Module__loggerDefined__C)
                  00009522    00000002     stairstep_pem4f.oem4f (.const:ti_sysbios_hal_Hwi_Module__id__C)
                  00009524    00000002     stairstep_pem4f.oem4f (.const:ti_sysbios_heaps_HeapMem_Module__id__C)
                  00009526    00000002     stairstep_pem4f.oem4f (.const:ti_sysbios_knl_Clock_Module__id__C)
                  00009528    00000002     stairstep_pem4f.oem4f (.const:ti_sysbios_knl_Clock_Module__loggerDefined__C)
                  0000952a    00000002     stairstep_pem4f.oem4f (.const:ti_sysbios_knl_Semaphore_Module__id__C)
                  0000952c    00000002     stairstep_pem4f.oem4f (.const:ti_sysbios_knl_Semaphore_Module__loggerDefined__C)
                  0000952e    00000002     stairstep_pem4f.oem4f (.const:ti_sysbios_knl_Swi_Module__id__C)
                  00009530    00000002     stairstep_pem4f.oem4f (.const:ti_sysbios_knl_Swi_Module__loggerDefined__C)
                  00009532    00000002     stairstep_pem4f.oem4f (.const:ti_sysbios_knl_Task_Module__id__C)
                  00009534    00000002     stairstep_pem4f.oem4f (.const:ti_sysbios_knl_Task_Module__loggerDefined__C)
                  00009536    00000002     stairstep_pem4f.oem4f (.const:ti_sysbios_utils_Load_Module__id__C)
                  00009538    00000002     stairstep_pem4f.oem4f (.const:ti_sysbios_utils_Load_Module__loggerDefined__C)
                  0000953a    00000002     stairstep_pem4f.oem4f (.const:ti_sysbios_utils_Load_autoAddTasks__C)
                  0000953c    00000002     stairstep_pem4f.oem4f (.const:ti_sysbios_utils_Load_updateInIdle__C)
                  0000953e    00000002     stairstep_pem4f.oem4f (.const:ti_uia_loggers_LoggerStopMode_Module__id__C)
                  00009540    00000002     stairstep_pem4f.oem4f (.const:ti_uia_loggers_LoggerStopMode_isTimestampEnabled__C)
                  00009542    00000002     stairstep_pem4f.oem4f (.const:xdc_runtime_Core_Module__id__C)
                  00009544    00000002     stairstep_pem4f.oem4f (.const:xdc_runtime_Error_Module__loggerDefined__C)
                  00009546    00000002     stairstep_pem4f.oem4f (.const:xdc_runtime_Error_maxDepth__C)
                  00009548    00000002     stairstep_pem4f.oem4f (.const:xdc_runtime_Memory_Module__id__C)
                  0000954a    00000002     stairstep_pem4f.oem4f (.const:xdc_runtime_SysMin_flushAtExit__C)
                  0000954c    00000002     stairstep_pem4f.oem4f (.const:xdc_runtime_Text_charCnt__C)
                  0000954e    00000002     stairstep_pem4f.oem4f (.const:xdc_runtime_Text_isLoaded__C)
                  00009550    00000002     stairstep_pem4f.oem4f (.const:xdc_runtime_Text_registryModsLastId__C)
                  00009552    00000002     stairstep_pem4f.oem4f (.const:xdc_runtime_Text_unnamedModsLastId__C)

.cinit     0    00009558    000002d0     
                  00009558    00000299     (.cinit..data.load) [load image, compression = lzss]
                  000097f1    00000003     --HOLE-- [fill = 0]
                  000097f4    0000000c     (__TI_handler_table)
                  00009800    00000008     (.cinit..bss.load) [load image, compression = zero_init]
                  00009808    00000008     (.cinit..vecs.load) [load image, compression = zero_init]
                  00009810    00000018     (__TI_cinit_table)

.init_array 
*          0    00000000    00000000     UNINITIALIZED

.resetVecs 
*          0    00000000    0000003c     
                  00000000    0000003c     stairstep_pem4f.oem4f (.resetVecs)

.bss       0    20000380    00001a30     UNINITIALIZED
                  20000380    00000400     (.common:ti_sysbios_heaps_HeapMem_Instance_State_0_buf__A)
                  20000780    00000400     (.common:ti_uia_loggers_LoggerStopMode_Instance_State_1_packetArray__A)
                  20000b80    00000400     (.common:ti_uia_loggers_LoggerStopMode_Instance_State_2_packetArray__A)
                  20000f80    00000360     (.common:ti_sysbios_family_arm_m3_Hwi_dispatchTable)
                  200012e0    00000200     stairstep_pem4f.oem4f (.bss:taskStackSection)
                  200014e0    00000200     (.common:task0Stack)
                  200016e0    0000001c     (.common:sem0Struct)
                  200016fc    00000004     (.common:sem0Handle)
                  20001700    00000200     (.common:ti_uia_loggers_LoggerStopMode_Instance_State_0_packetArray__A)
                  20001900    00000120     rtsv7M4_T_le_v4SPD16_eabi.lib : trgmsg.c.obj (.bss:_CIOBUF_)
                  20001a20    00000080     (.common:xdc_runtime_SysMin_Module_State_0_outbuf__A)
                  20001aa0    00000050     (.common:hwiLoadValue)
                  20001af0    00000050     (.common:swiLoadValue)
                  20001b40    00000050     (.common:task0Struct)
                  20001b90    00000050     (.common:taskLoadValue)
                  20001be0    00000034     (.common:swi0Struct)
                  20001c14    0000000c     (.common:timer0Struct)
                  20001c20    00000008     (.common:parmbuf)
                  20001c28    00000004     (.common:swi0Handle)
                  20001c2c    00000004     (.common:ti_sysbios_family_arm_m3_Hwi_Instance_State_0_hookEnv__A)
                  20001c30    00000004     (.common:ti_sysbios_family_arm_m3_Hwi_Instance_State_1_hookEnv__A)
                  20001c34    00000004     (.common:ti_sysbios_knl_Swi_Instance_State_0_hookEnv__A)
                  20001c38    00000004     (.common:ti_sysbios_knl_Task_Instance_State_0_hookEnv__A)
                  20001c3c    00000044     --HOLE--
                  20001c80    00000030     (.common:ti_uia_loggers_LoggerStopMode_Instance_State_0_hdr__A)
                  20001cb0    00000050     --HOLE--
                  20001d00    00000030     (.common:ti_uia_loggers_LoggerStopMode_Instance_State_1_hdr__A)
                  20001d30    00000050     --HOLE--
                  20001d80    00000030     (.common:ti_uia_loggers_LoggerStopMode_Instance_State_2_hdr__A)

.data      0    20001db0    00000700     UNINITIALIZED
                  20001db0    0000009c     stairstep_pem4f.oem4f (.data:ti_uia_loggers_LoggerStopMode_Object__table__V)
                  20001e4c    00000098     stairstep_pem4f.oem4f (.data:ti_sysbios_utils_Load_Module__state__V)
                  20001ee4    00000080     stairstep_pem4f.oem4f (.data:ti_sysbios_family_arm_lm4_Timer_Object__table__V)
                  20001f64    00000080     stairstep_pem4f.oem4f (.data:ti_sysbios_knl_Swi_Module_State_0_readyQ__A)
                  20001fe4    00000080     stairstep_pem4f.oem4f (.data:ti_sysbios_knl_Task_Module_State_0_readyQ__A)
                  20002064    00000050     stairstep.obj (.data:hwiLoadPercent)
                  200020b4    00000050     stairstep.obj (.data:swiLoadPercent)
                  20002104    00000050     stairstep.obj (.data:taskLoadPercent)
                  20002154    00000050     stairstep_pem4f.oem4f (.data:ti_sysbios_knl_Task_Object__table__V)
                  200021a4    00000044     stairstep_pem4f.oem4f (.data:ti_sysbios_knl_Task_Module__state__V)
                  200021e8    00000040     stairstep_pem4f.oem4f (.data:ti_sysbios_family_arm_lm4_Timer_Module_State_0_device__A)
                  20002228    00000038     stairstep_pem4f.oem4f (.data:ti_sysbios_gates_GateMutex_Object__table__V)
                  20002260    00000034     stairstep_pem4f.oem4f (.data:ti_sysbios_family_arm_m3_Hwi_Module__state__V)
                  20002294    00000030     stairstep_pem4f.oem4f (.data:ti_sysbios_family_arm_m3_Hwi_Object__table__V)
                  200022c4    00000030     stairstep_pem4f.oem4f (.data:ti_sysbios_knl_Swi_Object__table__V)
                  200022f4    0000002c     stairstep_pem4f.oem4f (.data:ti_sysbios_knl_Clock_Module__state__V)
                  20002320    00000024     stairstep_pem4f.oem4f (.data:ti_sysbios_BIOS_Module__state__V)
                  20002344    00000020     stairstep.obj (.data)
                  20002364    00000020     stairstep_pem4f.oem4f (.data:ti_sysbios_family_arm_lm4_Timer_Module_State_0_handles__A)
                  20002384    0000001c     stairstep_pem4f.oem4f (.data:ti_sysbios_knl_Swi_Module__state__V)
                  200023a0    0000001c     stairstep_pem4f.oem4f (.data:ti_sysbios_utils_Load_Module_State_0_taskEnv__A)
                  200023bc    00000018     stairstep_pem4f.oem4f (.data:ti_sysbios_heaps_HeapMem_Object__table__V)
                  200023d4    0000000c     stairstep_pem4f.oem4f (.data:ti_sysbios_family_arm_lm4_Timer_Module__state__V)
                  200023e0    0000000c     stairstep_pem4f.oem4f (.data:ti_sysbios_knl_Task_Module__root__V)
                  200023ec    0000000c     stairstep_pem4f.oem4f (.data:ti_uia_runtime_QueueDescriptor_Module__state__V)
                  200023f8    0000000c     stairstep_pem4f.oem4f (.data:xdc_runtime_SysMin_Module__state__V)
                  20002404    00000008     rtsv7M4_T_le_v4SPD16_eabi.lib : _lock.c.obj (.data:$O1$$)
                  2000240c    00000008     ti.uia.runtime.aem4f : QueueDescriptor.oem4f (.data)
                  20002414    00000008     stairstep_pem4f.oem4f (.data:ti_sysbios_family_arm_lm4_Timer_Module__root__V)
                  2000241c    00000008     stairstep_pem4f.oem4f (.data:ti_sysbios_family_arm_lm4_TimestampProvider_Module__state__V)
                  20002424    00000008     stairstep_pem4f.oem4f (.data:ti_sysbios_family_arm_m3_Hwi_Module__root__V)
                  2000242c    00000008     stairstep_pem4f.oem4f (.data:ti_sysbios_gates_GateHwi_Module__root__V)
                  20002434    00000008     stairstep_pem4f.oem4f (.data:ti_sysbios_gates_GateMutex_Module__root__V)
                  2000243c    00000008     stairstep_pem4f.oem4f (.data:ti_sysbios_hal_Timer_Module__root__V)
                  20002444    00000008     stairstep_pem4f.oem4f (.data:ti_sysbios_heaps_HeapMem_Module__root__V)
                  2000244c    00000008     stairstep_pem4f.oem4f (.data:ti_sysbios_knl_Queue_Module__root__V)
                  20002454    00000008     stairstep_pem4f.oem4f (.data:ti_sysbios_knl_Semaphore_Module__root__V)
                  2000245c    00000008     stairstep_pem4f.oem4f (.data:ti_sysbios_knl_Swi_Module__root__V)
                  20002464    00000008     stairstep_pem4f.oem4f (.data:ti_uia_loggers_LoggerStopMode_Module__root__V)
                  2000246c    00000008     stairstep_pem4f.oem4f (.data:xdc_runtime_Registry_Module__state__V)
                  20002474    00000008     stairstep_pem4f.oem4f (.data:xdc_runtime_Startup_Module__state__V)
                  2000247c    00000008     stairstep_pem4f.oem4f (.data:xdc_runtime_System_Module_State_0_atexitHandlers__A)
                  20002484    00000008     stairstep_pem4f.oem4f (.data:xdc_runtime_System_Module__state__V)
                  2000248c    00000004     rtsv7M4_T_le_v4SPD16_eabi.lib : stkdepth_vars.c.obj (.data)
                  20002490    00000004     stairstep_pem4f.oem4f (.data:ti_sysbios_family_arm_m3_Hwi_Module_State_0_excContext__A)
                  20002494    00000004     stairstep_pem4f.oem4f (.data:ti_sysbios_family_arm_m3_Hwi_Module_State_0_excStack__A)
                  20002498    00000004     stairstep_pem4f.oem4f (.data:ti_sysbios_gates_GateHwi_Object__table__V)
                  2000249c    00000004     stairstep_pem4f.oem4f (.data:ti_sysbios_knl_Task_Module_State_0_idleTask__A)
                  200024a0    00000004     stairstep_pem4f.oem4f (.data:ti_sysbios_utils_Load_Module_State_0_runningTask__A)
                  200024a4    00000004     stairstep_pem4f.oem4f (.data:ti_sysbios_utils_Load_Module_State_0_taskStartTime__A)
                  200024a8    00000004     stairstep_pem4f.oem4f (.data:xdc_runtime_Memory_Module__state__V)
                  200024ac    00000002     stairstep_pem4f.oem4f (.data:ti_sysbios_family_arm_m3_Hwi_Module_State_0_excActive__A)
[...]
00009348  ti_sysbios_family_arm_m3_Hwi_priGroup__C                             
0000934c  ti_sysbios_family_arm_m3_TaskSupport_stackAlignment__C               
00009350  ti_sysbios_gates_GateMutex_Instance_State_sem__O                     
00009354  ti_sysbios_hal_Hwi_E_stackOverflow__C                                
00009358  ti_sysbios_heaps_HeapMem_E_memory__C                                 
0000935c  ti_sysbios_heaps_HeapMem_Module__gateObj__C                          
00009360  ti_sysbios_heaps_HeapMem_Object__count__C                            
00009364  ti_sysbios_heaps_HeapMem_reqAlign__C                                 
00009368  ti_sysbios_knl_Clock_LM_begin__C                                     
0000936c  ti_sysbios_knl_Clock_LM_tick__C                                      
00009370  ti_sysbios_knl_Clock_LW_delayed__C                                   
00009374  ti_sysbios_knl_Clock_Module_State_clockQ__O                          
00009378  ti_sysbios_knl_Clock_Module__diagsEnabled__C                         
0000937c  ti_sysbios_knl_Clock_Module__diagsIncluded__C                        
00009380  ti_sysbios_knl_Clock_Module__diagsMask__C                            
00009384  ti_sysbios_knl_Clock_Module__loggerFxn1__C                           
00009388  ti_sysbios_knl_Clock_Module__loggerFxn2__C                           
0000938c  ti_sysbios_knl_Clock_Module__loggerObj__C                            
00009390  ti_sysbios_knl_Semaphore_Instance_State_pendQ__O                     
00009394  ti_sysbios_knl_Semaphore_LM_pend__C                                  
00009398  ti_sysbios_knl_Semaphore_LM_post__C                                  
0000939c  ti_sysbios_knl_Semaphore_Module__diagsEnabled__C                     
000093a0  ti_sysbios_knl_Semaphore_Module__diagsIncluded__C                    
000093a4  ti_sysbios_knl_Semaphore_Module__diagsMask__C                        
000093a8  ti_sysbios_knl_Semaphore_Module__loggerFxn2__C                       
000093ac  ti_sysbios_knl_Semaphore_Module__loggerFxn4__C                       
000093b0  ti_sysbios_knl_Semaphore_Module__loggerObj__C                        
000093b4  ti_sysbios_knl_Swi_LD_end__C                                         
000093b8  ti_sysbios_knl_Swi_LM_begin__C                                       
000093bc  ti_sysbios_knl_Swi_LM_post__C                                        
000093c0  ti_sysbios_knl_Swi_Module__diagsEnabled__C                           
000093c4  ti_sysbios_knl_Swi_Module__diagsIncluded__C                          
000093c8  ti_sysbios_knl_Swi_Module__diagsMask__C                              
000093cc  ti_sysbios_knl_Swi_Module__loggerFxn1__C                             
000093d0  ti_sysbios_knl_Swi_Module__loggerFxn4__C                             
000093d4  ti_sysbios_knl_Swi_Module__loggerObj__C                              
000093d8  ti_sysbios_knl_Swi_Object__count__C                                  
000093dc  ti_sysbios_knl_Swi_Object__heap__C                                   
000093e0  ti_sysbios_knl_Swi_numConstructedSwis__C                             
000093e4  ti_sysbios_knl_Task_E_spOutOfBounds__C                               
000093e8  ti_sysbios_knl_Task_E_stackOverflow__C                               
000093ec  ti_sysbios_knl_Task_LD_block__C                                      
000093f0  ti_sysbios_knl_Task_LD_exit__C                                       
000093f4  ti_sysbios_knl_Task_LD_ready__C                                      
000093f8  ti_sysbios_knl_Task_LM_switch__C                                     
000093fc  ti_sysbios_knl_Task_Module_State_inactiveQ__O                        
00009400  ti_sysbios_knl_Task_Module__diagsEnabled__C                          
00009404  ti_sysbios_knl_Task_Module__diagsIncluded__C                         
00009408  ti_sysbios_knl_Task_Module__diagsMask__C                             
0000940c  ti_sysbios_knl_Task_Module__loggerFxn2__C                            
00009410  ti_sysbios_knl_Task_Module__loggerFxn4__C                            
00009414  ti_sysbios_knl_Task_Module__loggerObj__C                             
00009418  ti_sysbios_knl_Task_Object__count__C                                 
0000941c  ti_sysbios_knl_Task_Object__heap__C                                  
00009420  ti_sysbios_knl_Task_allBlockedFunc__C                                
00009424  ti_sysbios_knl_Task_defaultStackHeap__C                              
00009428  ti_sysbios_knl_Task_defaultStackSize__C                              
0000942c  ti_sysbios_knl_Task_numConstructedTasks__C                           
00009430  ti_sysbios_utils_Load_LS_cpuLoad__C                                  
00009434  ti_sysbios_utils_Load_LS_hwiLoad__C                                  
00009438  ti_sysbios_utils_Load_LS_swiLoad__C                                  
0000943c  ti_sysbios_utils_Load_LS_taskLoad__C                                 
00009440  ti_sysbios_utils_Load_Module_State_taskList__O                       
00009444  ti_sysbios_utils_Load_Module__diagsEnabled__C                        
00009448  ti_sysbios_utils_Load_Module__diagsIncluded__C                       
0000944c  ti_sysbios_utils_Load_Module__diagsMask__C                           
00009450  ti_sysbios_utils_Load_Module__loggerFxn1__C                          
00009454  ti_sysbios_utils_Load_Module__loggerFxn2__C                          
00009458  ti_sysbios_utils_Load_Module__loggerFxn4__C                          
0000945c  ti_sysbios_utils_Load_Module__loggerObj__C                           
00009460  ti_sysbios_utils_Load_postUpdate__C                                  
00009464  ti_sysbios_utils_Load_windowInMs__C                                  
00009468  ti_uia_loggers_LoggerStopMode_Module__diagsEnabled__C                
0000946c  ti_uia_loggers_LoggerStopMode_Module__diagsIncluded__C               
00009470  ti_uia_loggers_LoggerStopMode_Module__diagsMask__C                   
00009474  ti_uia_loggers_LoggerStopMode_Object__count__C                       
00009478  ti_uia_runtime_ILoggerSnapshot_Interface__BASE__C                    
0000947c  ti_uia_runtime_IUIATransfer_Interface__BASE__C                       
00009480  xdc_runtime_Assert_E_assertFailed__C                                 
00009484  xdc_runtime_Core_A_initializedParams__C                              
00009488  xdc_runtime_Core_Module__diagsEnabled__C                             
0000948c  xdc_runtime_Core_Module__diagsIncluded__C                            
00009490  xdc_runtime_Core_Module__diagsMask__C                                
00009494  xdc_runtime_Error_E_memory__C                                        
00009498  xdc_runtime_Error_Module__diagsEnabled__C                            
0000949c  xdc_runtime_Error_Module__diagsIncluded__C                           
000094a0  xdc_runtime_Error_Module__diagsMask__C                               
000094a4  xdc_runtime_Error_Module__loggerFxn8__C                              
000094a8  xdc_runtime_Error_Module__loggerObj__C                               
000094ac  xdc_runtime_Error_policyFxn__C                                       
000094b0  xdc_runtime_Error_raiseHook__C                                       
000094b4  xdc_runtime_IFilterLogger_Interface__BASE__C                         
000094b8  xdc_runtime_IGateProvider_Interface__BASE__C                         
000094bc  xdc_runtime_IHeap_Interface__BASE__C                                 
000094c0  xdc_runtime_ILogger_Interface__BASE__C                               
000094c4  xdc_runtime_IModule_Interface__BASE__C                               
000094c8  xdc_runtime_Log_L_error__C                                           
000094cc  xdc_runtime_Memory_defaultHeapInstance__C                            
000094d0  xdc_runtime_Startup_execImpl__C                                      
000094d4  xdc_runtime_Startup_lastFxns__A                                      
000094d8  xdc_runtime_Startup_maxPasses__C                                     
000094dc  xdc_runtime_Startup_sfxnRts__C                                       
000094e0  xdc_runtime_Startup_sfxnTab__C                                       
000094e4  xdc_runtime_SysMin_bufSize__C                                        
000094e8  xdc_runtime_SysMin_outputFunc__C                                     
000094ec  xdc_runtime_System_Module__gateObj__C                                
000094f0  xdc_runtime_System_abortFxn__C                                       
000094f4  xdc_runtime_System_exitFxn__C                                        
000094f8  xdc_runtime_System_extendFxn__C                                      
000094fc  xdc_runtime_System_maxAtexitHandlers__C                              
00009500  xdc_runtime_Text_charTab__C                                          
00009504  xdc_runtime_Text_nameEmpty__C                                        
00009508  xdc_runtime_Text_nameStatic__C                                       
0000950c  xdc_runtime_Text_nameUnknown__C                                      
00009510  xdc_runtime_Text_nodeTab__C                                          
00009514  xdc_runtime_Text_visitRopeFxn__C                                     
00009518  ti_sysbios_family_arm_lm4_Timer_Module__id__C                        
0000951a  ti_sysbios_family_arm_lm4_Timer_supportsAltclk__C                    
0000951c  ti_sysbios_family_arm_lm4_TimestampProvider_useClockTimer__C         
0000951e  ti_sysbios_family_arm_m3_Hwi_Module__id__C                           
00009520  ti_sysbios_family_arm_m3_Hwi_Module__loggerDefined__C                
00009522  ti_sysbios_hal_Hwi_Module__id__C                                     
00009524  ti_sysbios_heaps_HeapMem_Module__id__C                               
00009526  ti_sysbios_knl_Clock_Module__id__C                                   
00009528  ti_sysbios_knl_Clock_Module__loggerDefined__C                        
0000952a  ti_sysbios_knl_Semaphore_Module__id__C                               
0000952c  ti_sysbios_knl_Semaphore_Module__loggerDefined__C                    
0000952e  ti_sysbios_knl_Swi_Module__id__C                                     
00009530  ti_sysbios_knl_Swi_Module__loggerDefined__C                          
00009532  ti_sysbios_knl_Task_Module__id__C                                    
00009534  ti_sysbios_knl_Task_Module__loggerDefined__C                         
00009536  ti_sysbios_utils_Load_Module__id__C                                  
00009538  ti_sysbios_utils_Load_Module__loggerDefined__C                       
0000953a  ti_sysbios_utils_Load_autoAddTasks__C                                
0000953c  ti_sysbios_utils_Load_updateInIdle__C                                
0000953e  ti_uia_loggers_LoggerStopMode_Module__id__C                          
00009540  ti_uia_loggers_LoggerStopMode_isTimestampEnabled__C                  
00009542  xdc_runtime_Core_Module__id__C                                       
00009544  xdc_runtime_Error_Module__loggerDefined__C                           
00009546  xdc_runtime_Error_maxDepth__C                                        
00009548  xdc_runtime_Memory_Module__id__C                                     
0000954a  xdc_runtime_SysMin_flushAtExit__C                                    
0000954c  xdc_runtime_Text_charCnt__C                                          
0000954e  xdc_runtime_Text_isLoaded__C                                         
00009550  xdc_runtime_Text_registryModsLastId__C                               
00009552  xdc_runtime_Text_unnamedModsLastId__C                                
00009558  __TI_static_base__                                                   
000097f4  __TI_Handler_Table_Base                                              
00009800  __TI_Handler_Table_Limit                                             
00009810  __TI_CINIT_Base                                                      
00009828  __TI_CINIT_Limit                                                     
20000000  __start___llvm_prf_cnts                                              
20000000  __stop___llvm_prf_cnts                                               
20000000  ti_sysbios_family_arm_m3_Hwi_ramVectors                              
20000380  ti_sysbios_heaps_HeapMem_Instance_State_0_buf__A                     
20000780  ti_uia_loggers_LoggerStopMode_Instance_State_1_packetArray__A        
20000b80  ti_uia_loggers_LoggerStopMode_Instance_State_2_packetArray__A        
20000f80  ti_sysbios_family_arm_m3_Hwi_dispatchTable                           
200012e0  ti_sysbios_knl_Task_Instance_State_0_stack__A                        
200014e0  task0Stack                                                           
200016e0  sem0Struct                                                           
200016fc  sem0Handle                                                           
20001700  ti_uia_loggers_LoggerStopMode_Instance_State_0_packetArray__A        
20001900  __CIOBUF_                                                            
20001a20  xdc_runtime_SysMin_Module_State_0_outbuf__A                          
20001aa0  hwiLoadValue                                                         
20001af0  swiLoadValue                                                         
20001b40  task0Struct                                                          
20001b90  taskLoadValue                                                        
20001be0  swi0Struct                                                           
20001c14  timer0Struct                                                         
20001c20  parmbuf                                                              
20001c28  swi0Handle                                                           
20001c2c  ti_sysbios_family_arm_m3_Hwi_Instance_State_0_hookEnv__A             
20001c30  ti_sysbios_family_arm_m3_Hwi_Instance_State_1_hookEnv__A             
20001c34  ti_sysbios_knl_Swi_Instance_State_0_hookEnv__A                       
20001c38  ti_sysbios_knl_Task_Instance_State_0_hookEnv__A                      
20001c80  ti_uia_loggers_LoggerStopMode_Instance_State_0_hdr__A                
20001d00  ti_uia_loggers_LoggerStopMode_Instance_State_1_hdr__A                
20001d80  ti_uia_loggers_LoggerStopMode_Instance_State_2_hdr__A                
20001db0  ti_uia_loggers_LoggerStopMode_Object__table__V                       
20001e4c  ti_sysbios_utils_Load_Module__state__V                               
20001ee4  ti_sysbios_family_arm_lm4_Timer_Object__table__V                     
20001f64  ti_sysbios_knl_Swi_Module_State_0_readyQ__A                          
20001fe4  ti_sysbios_knl_Task_Module_State_0_readyQ__A                         
20002064  hwiLoadPercent                                                       
200020b4  swiLoadPercent                                                       
20002104  taskLoadPercent                                                      
20002154  ti_sysbios_knl_Task_Object__table__V                                 
200021a4  ti_sysbios_knl_Task_Module__state__V                                 
200021e8  ti_sysbios_family_arm_lm4_Timer_Module_State_0_device__A             
20002228  ti_sysbios_gates_GateMutex_Object__table__V                          
20002260  ti_sysbios_family_arm_m3_Hwi_Module__state__V                        
20002294  ti_sysbios_family_arm_m3_Hwi_Object__table__V                        
200022c4  ti_sysbios_knl_Swi_Object__table__V                                  
200022f4  ti_sysbios_knl_Clock_Module__state__V                                
20002320  ti_sysbios_BIOS_Module__state__V                                     
20002344  hwiLoadVal                                                           
20002348  swiLoadVal                                                           
2000234c  taskLoadVal                                                          
20002350  loadIndex                                                            
20002364  ti_sysbios_family_arm_lm4_Timer_Module_State_0_handles__A            
20002384  ti_sysbios_knl_Swi_Module__state__V                                  
200023a0  ti_sysbios_utils_Load_Module_State_0_taskEnv__A                      
200023bc  ti_sysbios_heaps_HeapMem_Object__table__V                            
200023d4  ti_sysbios_family_arm_lm4_Timer_Module__state__V                     
200023e0  ti_sysbios_knl_Task_Module__root__V                                  
200023ec  ti_uia_runtime_QueueDescriptor_Module__state__V                      
200023f8  xdc_runtime_SysMin_Module__state__V                                  
20002404  _lock                                                                
20002408  _unlock                                                              
2000240c  ti_uia_runtime_QueueDescriptor_gPtrToFirstDescriptor                 
20002410  ti_uia_runtime_QueueDescriptor_gUpdateCount                          
20002414  ti_sysbios_family_arm_lm4_Timer_Module__root__V                      
2000241c  ti_sysbios_family_arm_lm4_TimestampProvider_Module__state__V         
20002424  ti_sysbios_family_arm_m3_Hwi_Module__root__V                         
2000242c  ti_sysbios_gates_GateHwi_Module__root__V                             
20002434  ti_sysbios_gates_GateMutex_Module__root__V                           
2000243c  ti_sysbios_hal_Timer_Module__root__V                                 
20002444  ti_sysbios_heaps_HeapMem_Module__root__V                             
2000244c  ti_sysbios_knl_Queue_Module__root__V                                 
20002454  ti_sysbios_knl_Semaphore_Module__root__V                             
2000245c  ti_sysbios_knl_Swi_Module__root__V                                   
20002464  ti_uia_loggers_LoggerStopMode_Module__root__V                        
2000246c  xdc_runtime_Registry_Module__state__V                                
20002474  xdc_runtime_Startup_Module__state__V                                 
2000247c  xdc_runtime_System_Module_State_0_atexitHandlers__A                  
20002484  xdc_runtime_System_Module__state__V                                  
2000248c  main_func_sp                                                         
20002490  ti_sysbios_family_arm_m3_Hwi_Module_State_0_excContext__A            
20002494  ti_sysbios_family_arm_m3_Hwi_Module_State_0_excStack__A              
20002498  ti_sysbios_gates_GateHwi_Object__table__V                            
2000249c  ti_sysbios_knl_Task_Module_State_0_idleTask__A                       
200024a0  ti_sysbios_utils_Load_Module_State_0_runningTask__A                  
200024a4  ti_sysbios_utils_Load_Module_State_0_taskStartTime__A                
200024a8  xdc_runtime_Memory_Module__state__V                                  
200024ac  ti_sysbios_family_arm_m3_Hwi_Module_State_0_excActive__A             
200024ae  xdc_runtime_Error_Module__state__V                                   
200024b0  __stack                                                              
200028b0  __STACK_END                                                          
e000e000  ti_sysbios_family_arm_m3_Hwi_nvic                                    
ffffffff  __TI_pprof_out_hndl                                                  
ffffffff  __TI_prof_data_size                                                  
ffffffff  __TI_prof_data_start                                                 
ffffffff  __binit__                                                            
ffffffff  __c_args__                                                           
ffffffff  binit                                                                
UNDEFED   SHT$$INIT_ARRAY$$Base                                                
UNDEFED   SHT$$INIT_ARRAY$$Limit                                               

[743 symbols]
